Executable      : /home/users/felipegc/woltsoft/SIESTA/siesta-5.2.2/build/bin/siesta
Version         : 5.2.2
Architecture    : x86_64
Compiler version: GNU-9.3.0
Compiler flags  : -O3 -march=native
Parallelisations: MPI
Lua support
Native ELPA support
ELSI support. Solvers:
   ELPA (internal) 
   NTPoly
   OMM
DFT-D3 support
Wannier90 wrapper support

Runtime information:
* Directory : /home/users/felipegc/MnGaNi/top/structure_calc_101
* Running on 36 nodes in parallel.
>> Start of run:  16-JUN-2025   9:56:38

                           *********************** 
                           *  WELCOME TO SIESTA  * 
                           *********************** 

 NOTE: Siesta V5 introduces some new defaults for basis-set generation
 NOTE: which might lead to slightly different numerical results.
 NOTE: Please see the manual for full details and compatibility measures.


reinit: Reading from standard input
reinit: Dumping input in INPUT_TMP.53410
************************** Dump of input data file ****************************
SystemName          hea
SystemLabel         hea
Reparametrize.Pseudos T
Restricted.Radial.Grid F
%include atoms.fdf
MaxSCFIterations     20000
SCF.Mix              Hamiltonian
SCF.Mixer.Method     Broyden
#SCF.Mixer.Variant    original #Pulay original
SCF.Mixer.History    8
SCF.Mixer.Weight     0.07
SCF.H.Converge       False
SCF.DM.Converge      True
SCF.DM.Tolerance     5.d-4
SCF.H.Tolerance      5.d-3 eV
MeshCutoff 300.0 Ry
MD.UseSaveCG         False
DM.UseSaveDM         False
NumberOfEigenStates -20
ElectronicTemperature 300 K
WriteCoorXmol        True
XC.Functional     GGA
XC.authors        PBEsol
SpinPolarized      True
SolutionMethod       diagon
#Diag.Algorithm        MRRR
###################################
###################################
# Full template for Basis param.
###################################
###################################
Basis.Pressure 0.3 GPa
PAO.SoftDefault T
PAO.SoftPotential 50.0 Ry
PAO.SoftInnerRadius 0.70
PAO.BasisType split
PAO.EnergyShift 0.0019 eV
PAO.BasisSize TZP
PAO.SplitTailNorm T
            %block kgrid_Monkhorst_Pack
            6  0  0  0.
            0  6  0  0.
            0  0  1  0.
            %endblock kgrid_Monkhorst_Pack
            MD.TypeOfRun CG
            MD.Steps         500
            MD.VariableCell true
            MD.MaxForceTol 0.05 eV/Ang
            WriteMDHistory true
            WriteForces true
            Write.OrbitalIndex true
            Charge.Mulliken end
            COOP.Write true
            %block ProjectedDensityOfStates
            -20.00 20.00 0.1 1000 eV
            %endblock ProjectedDensityOfStates
************************** End of input data file *****************************

reinit: -----------------------------------------------------------------------
reinit: System Name: hea
reinit: -----------------------------------------------------------------------
reinit: System Label: hea
reinit: -----------------------------------------------------------------------

NOTE on units for spin output: 
{S} is the spin magnetic moment, in units of the Bohr magneton,
assuming a g-factor for the electron spin of exactly 2.
The spin magnetic moment is then numerically equal to the charge inbalance,
in units of electrons, between the spin-up and -down channels.


initatom: Reading input for the pseudopotentials and atomic orbitals ----------
Species number:   1 Atomic number:   25 Label: Mn

Ground state valence configuration (from tables):   4s02  4p00  3d05  4f00

---- Processing specs for species: Mn
Reading pseudopotential information in PSML from:
  Mn.psml
PSML file version: 1.1
Using libxc ids:  101 130
GGA--PBE XC_GGA_X_PBE--XC_GGA_C_PBE pb
PSML uuid: e5ebd880-be41-11e7-659b-074ddfc7bd15
Semicore shell(s) with  8 electrons included in the valence for Mn

---- Pseudopotential check for Mn

Pseudized shells:
3s( 2.00) rc: 1.41
3p( 6.00) rc: 1.21
3d( 5.00) rc: 1.61
Valence configuration for ps generation: 3s:3p:3d:4s: Total charge:  15.000000
Semicore shell(s): 3s 3p
Fallback to non-perturbative polarization scheme for Mn
Please see the manual if this is not desired in principle
For Mn, standard SIESTA heuristics set lmxkb to 3
 (one more than the basis l, including polarization orbitals).
Use PS.lmax or PS.KBprojectors blocks to override.
Mn pseudopotential only contains V_ls up to l=2 -- lmxkb reset.

<basis_specs>
===============================================================================
Mn                   Z=  25    Mass=  54.938        Charge= 0.17977+309
Lmxo=2 Lmxkb= 2    BasisType=split      Semic=T
L=0  Nsemic=1  Cnfigmx=4
          i=1  nzeta=1  polorb=0  (3s)  (semicore shell)
            splnorm:   0.15000    
               vcte:    50.000    
               rinn:  -0.70000    
               qcoe:    0.0000    
               qyuk:    0.0000    
               qwid:   0.10000E-01
                rcs:    0.0000    
            lambdas:    1.0000    
          i=2  nzeta=3  polorb=0  (4s)  (to be polarized non-perturbatively)
            splnorm:   0.15000    
               vcte:    50.000    
               rinn:  -0.70000    
               qcoe:    0.0000    
               qyuk:    0.0000    
               qwid:   0.10000E-01
                rcs:    0.0000      0.0000      0.0000    
            lambdas:    1.0000      1.0000      1.0000    
L=1  Nsemic=1  Cnfigmx=4
          i=1  nzeta=1  polorb=0  (3p)  (semicore shell)
            splnorm:   0.15000    
               vcte:    50.000    
               rinn:  -0.70000    
               qcoe:    0.0000    
               qyuk:    0.0000    
               qwid:   0.10000E-01
                rcs:    0.0000    
            lambdas:    1.0000    
          i=2  nzeta=1  polorb=0  (4p)  (non-perturbative polarization shell)
            splnorm:   0.15000    
               vcte:    50.000    
               rinn:  -0.70000    
               qcoe:   0.37682-315
               qyuk:    0.0000    
               qwid:   0.69527-309
                rcs:    0.0000    
            lambdas:    1.0000    
L=2  Nsemic=0  Cnfigmx=3
          i=1  nzeta=3  polorb=0  (3d)
            splnorm:   0.15000    
               vcte:    50.000    
               rinn:  -0.70000    
               qcoe:    0.0000    
               qyuk:    0.0000    
               qwid:   0.10000E-01
                rcs:    0.0000      0.0000      0.0000    
            lambdas:    1.0000      1.0000      1.0000    
-------------------------------------------------------------------------------
L=0  Nkbl=2  erefs: 0.17977+309 0.17977+309
L=1  Nkbl=2  erefs: 0.17977+309 0.17977+309
L=2  Nkbl=1  erefs: 0.17977+309
===============================================================================
</basis_specs>

Using PAO.SplitTailNorm
atom: Called for Mn                    (Z =  25)
Maximum radius (at nrval) set to   50.00000 8518

read_vps: Pseudopotential generation method:
read_vps: ONCVPSP-3.Hamann's oncvpsp                        
Valence charge in pseudo generation:   15.00000

read_vps: Pseudopotential includes a core correction:
read_vps: Pseudo-core for xc-correction

xc_check: Exchange-correlation functional:
xc_check: GGA PBEsol
xc_check: WARNING: Pseudopotential generated with GGA PBE functional
Got Vlocal (oncv-fit) from psml data
Choosing vlocal chloc cutoff:  3.504263
qtot up to nchloc:   15.00032895
atom: Maximum radius for chlocal:    3.50426
atom: Maximum radius for r*vlocal+2*Zval:    3.50426
Reading KB projs from Mn psml data
Using scalar-relativistic projectors in PSML file

PSML: Kleinman-Bylander projectors: 
   l= 0   rc=  1.427391   Ekb= 18.471374
   l= 0   rc=  1.430269   Ekb=  3.121111
   l= 1   rc=  1.224702   Ekb=  3.156115
   l= 1   rc=  1.224702   Ekb= -1.424352
   l= 2   rc=  1.630219   Ekb=-13.224142
   l= 2   rc=  1.630219   Ekb= -4.330632

PSML: Total number of  Kleinman-Bylander projectors:  18
atom: -------------------------------------------------------------------------

atom: SANKEY-TYPE ORBITALS:
atom: Selected multiple-zeta basis: split     

SPLIT: Orbitals with angular momentum L= 0

SPLIT: Basis orbitals for state 3s

SPLIT: PAO cut-off radius determined from an
SPLIT: energy shift=  0.000140 Ry
Split based on tail norm

   izeta = 1
                 lambda =    1.000000
                     rc =    3.380000
                 energy =   -6.293298
                kinetic =    2.848567
    potential(screened) =   -9.141865
       potential(ionic) =  -33.519753

SPLIT: Basis orbitals for state 4s

SPLIT: PAO cut-off radius determined from an
SPLIT: energy shift=  0.000140 Ry
Split based on tail norm

   izeta = 1
                 lambda =    1.000000
                     rc =   10.002455
                 energy =   -0.450676
                kinetic =    1.112603
    potential(screened) =   -1.563278
       potential(ionic) =  -13.199632

   izeta = 2
                 rmatch =    5.430276
              splitnorm =    0.150000
                 energy =   -0.360834
                kinetic =    1.875764
    potential(screened) =   -2.236598
       potential(ionic) =  -15.982656

   izeta = 3
                 rmatch =    6.342382
              splitnorm =    0.075000
                 energy =   -0.415048
                kinetic =    1.529261
    potential(screened) =   -1.944310
       potential(ionic) =  -14.865309

SPLIT: Orbitals with angular momentum L= 1

SPLIT: Basis orbitals for state 3p

SPLIT: PAO cut-off radius determined from an
SPLIT: energy shift=  0.000140 Ry
Split based on tail norm

   izeta = 1
                 lambda =    1.000000
                     rc =    3.873861
                 energy =   -3.996757
                kinetic =    6.976018
    potential(screened) =  -10.972775
       potential(ionic) =  -34.563053

SPLIT: Basis orbitals for state 4p
SPLIT: Non-perturbative polarization orbs for state 4s
SPLIT: rc(1st zeta) (re)set to: 10.0025 (expansion factor: 1.0000)
Split based on tail norm

   izeta = 1
                 lambda =    1.000000
                     rc =   10.002455
                 energy =   -0.085879
                kinetic =    0.770317
    potential(screened) =   -0.856196
       potential(ionic) =   -9.409918

SPLIT: Orbitals with angular momentum L= 2

SPLIT: Basis orbitals for state 3d

SPLIT: PAO cut-off radius determined from an
SPLIT: energy shift=  0.000140 Ry
Split based on tail norm

   izeta = 1
                 lambda =    1.000000
                     rc =    7.238756
                 energy =   -0.490123
                kinetic =    9.261574
    potential(screened) =   -9.751697
       potential(ionic) =  -30.334327

   izeta = 2
                 rmatch =    3.144499
              splitnorm =    0.150000
                 energy =   -0.401801
                kinetic =   11.021778
    potential(screened) =  -11.423579
       potential(ionic) =  -33.555539

   izeta = 3
                 rmatch =    3.972182
              splitnorm =    0.075000
                 energy =   -0.464167
                kinetic =   10.072383
    potential(screened) =  -10.536551
       potential(ionic) =  -31.940836
atom: Total number of Sankey-type orbitals: 25

atm_pop: Valence configuration (for local Pseudopot. screening):
 3s( 2.00) 4s( 2.00)                                                  
 3p( 6.00) 4p( 0.00)                                                  
 3d( 5.00)                                                            
Vna: chval, zval:   15.00000  15.00000

Vna:  Cut-off radius for the neutral-atom potential:  10.002455
comcore: Pseudo-core radius Rcore=  2.115123

atom: _________________________________________________________________________

prinput: Basis input 

PAO.BasisType split     

%block ChemicalSpeciesLabel
    1   25 Mn                      # Species index, atomic number, species label
%endblock ChemicalSpeciesLabel

%block PAO.Basis                 # Define Basis set
# WARNING: This information might be incomplete!
Mn                    5                    # Species label, number of l-shells
 n=3   0   1                         # n, l, Nzeta 
   3.380   
   1.000   
 n=4   0   3                         # n, l, Nzeta 
  10.002      5.430      6.342   
   1.000      1.000      1.000   
 n=3   1   1                         # n, l, Nzeta 
   3.874   
   1.000   
 n=4   1   1                         # n, l, Nzeta 
  10.002   
   1.000   
 n=3   2   3                         # n, l, Nzeta 
   7.239      3.144      3.972   
   1.000      1.000      1.000   
%endblock PAO.Basis

prinput: ----------------------------------------------------------------------

coor:   Atomic-coordinates input format  =     Fractional

siesta: Atomic coordinates (Bohr) and species
siesta:      0.00000   0.00000   0.00000  1        1
siesta:      2.35178   2.35178   3.32592  1        2
siesta:      0.00000   0.00000   6.65184  1        3
siesta:      2.35178   2.35178   9.97775  1        4
siesta:      0.00000   0.00000  13.30367  1        5
siesta:      2.35178   2.35178  16.62959  1        6
siesta:      0.00000   0.00000  19.95551  1        7
siesta:      2.35178   2.35178  23.28143  1        8
siesta:      0.00000   0.00000  26.60734  1        9
siesta:      2.35178   2.35178  29.93326  1       10

siesta: System type = bulk      

initatomlists: Number of atoms, orbitals, and projectors:     10   250   180

coxmol: Writing XMOL coordinates into file hea.xyz                                                                                                                                                                                                                             

siesta: ******************** Simulation parameters ****************************
siesta:
siesta: The following are some of the parameters of the simulation.
siesta: A complete list of the parameters used, including default values,
siesta: can be found in file out.fdf
siesta:
redata: Spin configuration                          = collinear
redata: Number of spin components                   = 2
redata: Time-Reversal Symmetry                      = T
redata: Spin spiral                                 = F
redata: Long output                                 =   F
redata: Number of Atomic Species                    =        1
redata: Charge density info will appear in .RHO file
redata: Write Mulliken charges (when)               = end
redata: Write Mulliken Pop.                         = Atomic and Orbital charges
redata: Write Hirshfeld charges (when)              = none
redata: Write Voronoi charges (when)                = none
redata: Write spin charge (when)                    = scf
redata: Matel table size (NRTAB)                    =     1024
redata: Mesh Cutoff                                 =   300.0000 Ry
redata: Net charge of the system                    =     0.0000 |e|
redata: Min. number of SCF Iter                     =        0
redata: Max. number of SCF Iter                     =    20000
redata: SCF convergence failure will abort job
redata: SCF mix quantity                            = Hamiltonian
redata: Mix DM or H after convergence               =   F
redata: Recompute H after scf cycle                 =   F
redata: Mix DM in first SCF step                    =   T
redata: Write Pulay info on disk                    =   F
redata: New DM Occupancy tolerance                  = 0.000000000001
redata: No kicks to SCF
redata: DM Mixing Weight for Kicks                  =     0.5000
redata: Require Harris convergence for SCF          =   F
redata: Harris energy tolerance for SCF             =     0.000100 eV
redata: Require DM convergence for SCF              =   T
redata: DM tolerance for SCF                        =     0.000500
redata: Require EDM convergence for SCF             =   F
redata: EDM tolerance for SCF                       =     0.001000 eV
redata: Require H convergence for SCF               =   F
redata: Hamiltonian tolerance for SCF               =     0.005000 eV
redata: Require (free) Energy convergence for SCF   =   F
redata: (free) Energy tolerance for SCF             =     0.000100 eV
redata: Antiferro initial spin density              =   F
redata: Using DFT-D3 dispersion                     =   F
redata: Using Saved Data (generic)                  =   F
redata: Use continuation files for DM               =   F
redata: Neglect nonoverlap interactions             =   F
redata: Method of Calculation                       = Diagonalization
redata: Electronic Temperature                      =   300.0000 K
redata: Fix the spin of the system                  =   F
redata: Max. number of TDED Iter                    =        1
redata: Number of TDED substeps                     =        3
redata: Dynamics option                             = CG coord. optimization
redata: Variable cell                               =   T
redata: Use continuation files for CG               =   F
redata: Max atomic displ per move                   =     0.1058 Ang
redata: Maximum number of optimization moves        =      500
redata: Force tolerance                             =     0.0500 eV/Ang
redata: Stress tolerance                            =     1.0000 GPa
mix.SCF: Broyden mixing                          = Broyden
mix.SCF:    History steps                        = 8
mix.SCF:    Linear mixing weight                 =     0.070000
mix.SCF:    Inverse Jacobian weight              =     0.070000
mix.SCF:    Weight prime                         =     0.070000
mix.SCF:    SVD condition                        = 0.1000E-07
mix.SCF: Spin-component mixing                   all
redata: ***********************************************************************

%block SCF.Mixers
  Broyden
%endblock SCF.Mixers

%block SCF.Mixer.Broyden
  # Mixing method
  method broyden

  # Mixing options
  weight 0.0700
  weight.linear 0.0700
  weight.prime 0.0700
  history 8
%endblock SCF.Mixer.Broyden

DM_history_depth set to one: no extrapolation allowed by default for geometry relaxation
Size of DM history Fstack: 1
Total number of electrons:   150.000000
Total ionic charge:   150.000000

* ProcessorY, Blocksize:    2   7


* Orbital distribution balance (max,min):     7     5

k-point displ. along   1 input, could be:     0.00    0.50
k-point displ. along   2 input, could be:     0.00    0.50
 Kpoints in:           24 . Kpoints trimmed:           22

siesta: k-grid: Number of k-points = 22
siesta: k-points from Monkhorst-Pack grid
siesta: k-cutoff (effective) =     7.467 Ang
siesta: k-point supercell and displacements
siesta: k-grid:     6     0     0      0.000
siesta: k-grid:     0     6     0      0.000
siesta: k-grid:     0     0     1      0.000
k-point displ. along   1 input, could be:     0.00    0.50
k-point displ. along   2 input, could be:     0.00    0.50
 Kpoints in:           24 . Kpoints trimmed:           22

siesta: PDOS k-grid: Number of k-points = 22
siesta: PDOS k-points from Monkhorst-Pack grid
siesta: PDOS k-cutoff (effective) =     0.000 Ang
siesta: PDOS k-point supercell and displacements
siesta: k-grid:     6     0     0      0.000
siesta: k-grid:     0     6     0      0.000
siesta: k-grid:     0     0     1      0.000

diag: Algorithm                                     = D&C
diag: Parallel over k                               =   F
diag: Use parallel 2D distribution                  =   T
diag: Parallel block-size                           = 7
diag: Parallel distribution                         =     6 x     6
diag: Used triangular part                          = Lower
diag: Absolute tolerance                            =  0.100E-15
diag: Orthogonalization factor                      =  0.100E-05
diag: Memory factor                                 =  1.0000
diag: The diagonalization method chosen cannot compute a reduced number of eigenvectors.
diag: Resetting neigwanted 97 to 250

superc: Internal auxiliary supercell:     9 x     9 x     3  =     243
superc: Number of atoms, orbitals, and projectors:   2430  60750  43740


ts: **************************************************************
ts: Save H and S matrices                           =    F
ts: Save DM and EDM matrices                        =    F
ts: Only save the overlap matrix S                  =    F
ts: **************************************************************

************************ Begin: TS CHECKS AND WARNINGS ************************
************************ End: TS CHECKS AND WARNINGS **************************


                     ====================================
                        Begin CG opt. move =      0
                     ====================================

superc: Internal auxiliary supercell:     9 x     9 x     3  =     243
superc: Number of atoms, orbitals, and projectors:   2430  60750  43740

outcell: Unit cell vectors (Ang):
        2.489016    0.000000    0.000000
        0.000000    2.489016    0.000000
        0.000000    0.000000   17.600000

outcell: Cell vector modules (Ang)   :    2.489016    2.489016   17.600000
outcell: Cell angles (23,13,12) (deg):     90.0000     90.0000     90.0000
outcell: Cell volume (Ang**3)        :    109.0355
<dSpData1D:S at geom step 0
  <sparsity:sparsity for geom step 0
    nrows_g=250 nrows=7 sparsity=.3901 nnzs=24383, refcount: 7>
  <dData1D:(new from dSpData1D) n=24383, refcount: 1>
refcount: 1>
new_DM -- step:     1
Initializing Density Matrix...
DM filled with atomic data:
<dSpData2D:DM initialized from atoms
  <sparsity:sparsity for geom step 0
    nrows_g=250 nrows=7 sparsity=.3901 nnzs=24383, refcount: 8>
  <dData2D:DM n=24383 m=2, refcount: 1>
refcount: 1>
No. of atoms with KB's overlaping orbs in proc 0. Max # of overlaps:      87     783

InitMesh: MESH = 30 x 30 x 192 = 172800
InitMesh: Mesh cutoff (required, used) =   300.000   328.912 Ry
New grid distribution [1]: sub = 2
New grid distribution [2]: sub = 2
New grid distribution [3]: sub = 2
Setting up quadratic distribution...

stepf: Fermi-Dirac step function

siesta: Program's energy decomposition (eV):
siesta: Ebs     =     -5846.462224
siesta: Eions   =     40116.652109
siesta: Ena     =      4159.654834
siesta: Ekin    =     12924.685050
siesta: Enl     =     -1875.851610
siesta: Eso     =         0.000000
siesta: Edftu   =         0.000000
siesta: DEna    =       246.153718
siesta: DUscf   =         5.183287
siesta: DUext   =         0.000000
siesta: Ex      =     -4632.402894
siesta: Ec      =      -288.207278
siesta: Exc     =     -4920.610172
siesta: EbV     =         0.000000
siesta: eta*DQ  =         0.000000
siesta: Emadel  =         0.000000
siesta: Emeta   =         0.000000
siesta: Emolmec =         0.000000
siesta: Ekinion =         0.000000
siesta: Eharris =    -29418.817081
siesta: Etot    =    -29577.437001
siesta: FreeEng =    -29577.487235

        iscf     Eharris(eV)        E_KS(eV)     FreeEng(eV)     dDmax    Ef(eV) dHmax(eV)
   scf:    1   -29418.817081   -29577.437001   -29577.487235  3.241675 -6.276705  4.157179
     spin moment: {S} , |S| = {        0.0        0.0   31.40000 }    31.40000
timer: Routine,Calls,Time,% = IterSCF        1       3.233  33.75
   scf:    2   -29579.357064   -29578.410919   -29578.461553  0.373421 -6.402546  3.609059
     spin moment: {S} , |S| = {        0.0        0.0   30.99331 }    30.99331
   scf:    3   -29585.351808   -29582.197032   -29582.254684  1.734278 -7.134803  0.670382
     spin moment: {S} , |S| = {        0.0        0.0   27.53605 }    27.53605
   scf:    4   -29585.837157   -29583.904965   -29583.932107  0.276563 -7.256949  0.644746
     spin moment: {S} , |S| = {        0.0        0.0   24.34102 }    24.34102
   scf:    5   -29593.212241   -29587.199251   -29587.232350  0.738835 -7.727784  2.086629
     spin moment: {S} , |S| = {        0.0        0.0   13.40877 }    13.40877
   scf:    6   -29588.873720   -29587.900192   -29587.951745  0.269457 -7.806449  2.083758
     spin moment: {S} , |S| = {        0.0        0.0    9.45202 }     9.45202
   scf:    7   -29588.040049   -29587.977214   -29588.028219  0.011887 -7.795994  1.186624
     spin moment: {S} , |S| = {        0.0        0.0    9.26714 }     9.26714
   scf:    8   -29587.580399   -29587.787599   -29587.841306  0.025950 -7.847399  1.483911
     spin moment: {S} , |S| = {        0.0        0.0    9.32087 }     9.32087
   scf:    9   -29587.219082   -29587.331665   -29587.364179  0.297379 -7.694250  1.110368
     spin moment: {S} , |S| = {        0.0        0.0   13.43109 }    13.43109
   scf:   10   -29590.127895   -29588.282188   -29588.334172  0.348412 -7.823472  1.270820
     spin moment: {S} , |S| = {        0.0        0.0    7.50576 }     7.50576
   scf:   11   -29588.890157   -29588.454933   -29588.484090  0.152739 -7.867922  1.394528
     spin moment: {S} , |S| = {        0.0        0.0    4.09625 }     4.09625
   scf:   12   -29589.197612   -29588.840807   -29588.885406  0.071963 -7.708144  0.715177
     spin moment: {S} , |S| = {        0.0        0.0    3.14659 }     3.14659
   scf:   13   -29589.017577   -29588.991041   -29589.031861  0.079028 -7.558309  0.257650
     spin moment: {S} , |S| = {        0.0        0.0    3.51112 }     3.51112
   scf:   14   -29588.953302   -29588.970893   -29589.008333  0.023699 -7.557089  0.284575
     spin moment: {S} , |S| = {        0.0        0.0    3.86704 }     3.86704
   scf:   15   -29589.044944   -29589.002978   -29589.047336  0.050476 -7.557166  0.284781
     spin moment: {S} , |S| = {        0.0        0.0    3.21245 }     3.21245
   scf:   16   -29588.962370   -29588.978951   -29589.016142  0.042941 -7.563952  0.276205
     spin moment: {S} , |S| = {        0.0        0.0    3.75275 }     3.75275
   scf:   17   -29589.111474   -29589.029961   -29589.075096  0.081812 -7.557985  0.200399
     spin moment: {S} , |S| = {        0.0        0.0    2.72455 }     2.72455
   scf:   18   -29588.929948   -29588.961716   -29588.997935  0.095760 -7.559630  0.309296
     spin moment: {S} , |S| = {        0.0        0.0    3.83457 }     3.83457
   scf:   19   -29589.283283   -29589.079173   -29589.114905  0.158901 -7.576469  0.390869
     spin moment: {S} , |S| = {        0.0        0.0    2.11491 }     2.11491
   scf:   20   -29589.112489   -29589.096042   -29589.128624  0.016277 -7.576270  0.165311
     spin moment: {S} , |S| = {        0.0        0.0    1.97267 }     1.97267
   scf:   21   -29589.042209   -29589.066195   -29589.108633  0.034232 -7.562906  0.155965
     spin moment: {S} , |S| = {        0.0        0.0    2.44467 }     2.44467
   scf:   22   -29589.106853   -29589.085719   -29589.122647  0.027766 -7.572995  0.174052
     spin moment: {S} , |S| = {        0.0        0.0    2.15870 }     2.15870
   scf:   23   -29589.072396   -29589.078958   -29589.118802  0.008982 -7.567138  0.145045
     spin moment: {S} , |S| = {        0.0        0.0    2.28992 }     2.28992
   scf:   24   -29589.181331   -29589.123597   -29589.155232  0.063218 -7.592990  0.168845
     spin moment: {S} , |S| = {        0.0        0.0    1.64417 }     1.64417
   scf:   25   -29589.071994   -29589.096441   -29589.129173  0.043597 -7.576528  0.382013
     spin moment: {S} , |S| = {        0.0        0.0    1.95800 }     1.95800
   scf:   26   -29589.120240   -29589.108789   -29589.142392  0.028244 -7.567932  0.159628
     spin moment: {S} , |S| = {        0.0        0.0    1.94292 }     1.94292
   scf:   27   -29589.223537   -29589.152970   -29589.187304  0.092884 -7.599199  0.096463
     spin moment: {S} , |S| = {        0.0        0.0    1.13164 }     1.13164
   scf:   28   -29589.165886   -29589.159170   -29589.193313  0.013694 -7.594670  0.083206
     spin moment: {S} , |S| = {        0.0        0.0    0.98579 }     0.98579
   scf:   29   -29589.172370   -29589.165583   -29589.199094  0.014358 -7.593187  0.182834
     spin moment: {S} , |S| = {        0.0        0.0    0.86473 }     0.86473
   scf:   30   -29589.194789   -29589.179092   -29589.209410  0.025319 -7.588992  0.078606
     spin moment: {S} , |S| = {        0.0        0.0    0.61137 }     0.61137
   scf:   31   -29589.201228   -29589.189316   -29589.216383  0.018599 -7.580104  0.076139
     spin moment: {S} , |S| = {        0.0        0.0    0.42489 }     0.42489
   scf:   32   -29589.197113   -29589.192856   -29589.219550  0.009407 -7.575368  0.054393
     spin moment: {S} , |S| = {        0.0        0.0    0.29573 }     0.29573
   scf:   33   -29589.187561   -29589.189986   -29589.217229  0.013184 -7.583194  0.076437
     spin moment: {S} , |S| = {        0.0        0.0    0.44458 }     0.44458
   scf:   34   -29589.194910   -29589.192329   -29589.219225  0.006824 -7.579109  0.068981
     spin moment: {S} , |S| = {        0.0        0.0    0.37437 }     0.37437
   scf:   35   -29589.196120   -29589.194029   -29589.220975  0.012687 -7.575765  0.047713
     spin moment: {S} , |S| = {        0.0        0.0    0.26182 }     0.26182
   scf:   36   -29589.194894   -29589.194456   -29589.221431  0.002455 -7.574252  0.032553
     spin moment: {S} , |S| = {        0.0        0.0    0.24832 }     0.24832
   scf:   37   -29589.195042   -29589.194750   -29589.221717  0.002361 -7.573860  0.036255
     spin moment: {S} , |S| = {        0.0        0.0    0.23618 }     0.23618
   scf:   38   -29589.197603   -29589.195859   -29589.223017  0.012516 -7.571233  0.051819
     spin moment: {S} , |S| = {        0.0        0.0    0.12458 }     0.12458
   scf:   39   -29589.196007   -29589.195944   -29589.223110  0.001109 -7.571045  0.028322
     spin moment: {S} , |S| = {        0.0        0.0    0.11600 }     0.11600
   scf:   40   -29589.197114   -29589.196456   -29589.223599  0.005976 -7.569603  0.023475
     spin moment: {S} , |S| = {        0.0        0.0    0.07066 }     0.07066
   scf:   41   -29589.196642   -29589.196549   -29589.223669  0.001602 -7.569429  0.018111
     spin moment: {S} , |S| = {        0.0        0.0    0.05889 }     0.05889
   scf:   42   -29589.197326   -29589.196926   -29589.223970  0.003282 -7.568087  0.013334
     spin moment: {S} , |S| = {        0.0        0.0    0.05405 }     0.05405
   scf:   43   -29589.197103   -29589.197012   -29589.224004  0.001291 -7.567857  0.012220
     spin moment: {S} , |S| = {        0.0        0.0    0.06592 }     0.06592
   scf:   44   -29589.197009   -29589.197010   -29589.224015  0.000748 -7.568250  0.009306
     spin moment: {S} , |S| = {        0.0        0.0    0.05861 }     0.05861
   scf:   45   -29589.197309   -29589.197125   -29589.224134  0.005186 -7.568627  0.010621
     spin moment: {S} , |S| = {        0.0        0.0    0.02285 }     0.02285
   scf:   46   -29589.197179   -29589.197152   -29589.224144  0.001221 -7.568974  0.004306
     spin moment: {S} , |S| = {        0.0        0.0    0.02115 }     0.02115
   scf:   47   -29589.197151   -29589.197151   -29589.224146  0.000246 -7.569022  0.004004
     spin moment: {S} , |S| = {        0.0        0.0    0.01902 }     0.01902

SCF Convergence by DM criterion
max |DM_out - DM_in|         :     0.0002464361
max |H_out - H_in|      (eV) :     0.0040043356
SCF cycle converged after 47 iterations

Using DM_out to compute the final energy and forces
No. of atoms with KB's overlaping orbs in proc 0. Max # of overlaps:      87     783

siesta: E_KS(eV) =           -29589.1972

siesta: E_KS - E_eggbox =    -29589.1972

siesta: Atomic forces (eV/Ang):
     1    0.000000   -0.000000    0.000199
     2   -0.000000   -0.000000   -0.000202
     3    0.000000   -0.000000   -0.000968
     4   -0.000000   -0.000000    0.001161
     5   -0.000000   -0.000000    0.000496
     6    0.000000    0.000000   -0.000178
     7   -0.000000   -0.000000   -0.000812
     8   -0.000000   -0.000000   -0.001313
     9    0.000000    0.000000    0.001085
    10   -0.000000    0.000000    0.000531
----------------------------------------
   Tot    0.000000   -0.000000   -0.000000
----------------------------------------
   Max    0.001313
   Res    0.000465    sqrt( Sum f_i^2 / 3N )
----------------------------------------
   Max    0.001313    constrained

Stress tensor Voigt[x,y,z,yz,xz,xy] (kbar):      147.24      147.24      115.93        0.00       -0.00       -0.00
(Free)E + p*V (eV/cell)   -29598.5340
Target enthalpy (eV/cell)   -29589.2241

siesta: Stress tensor (static) (eV/Ang**3):
         0.091897   -0.000000   -0.000000
        -0.000000    0.091897    0.000000
        -0.000000    0.000000    0.072357

siesta: Pressure (static):       -136.80000843  kBar

siesta: Stress tensor (total) (eV/Ang**3):
         0.091897   -0.000000   -0.000000
        -0.000000    0.091897    0.000000
        -0.000000    0.000000    0.072357

siesta: Pressure (total):       -136.80000843  kBar

cgvc: No target stress found, assuming hydrostatic MD.TargetPressure.

cgvc: Target stress (kBar)
cgvc:        -0.000       0.000       0.000
cgvc:         0.000      -0.000       0.000
cgvc:         0.000       0.000      -0.000

                     ====================================
                        Begin CG opt. move =      1
                     ====================================
k-point displ. along   1 input, could be:     0.00    0.50
k-point displ. along   2 input, could be:     0.00    0.50
 Kpoints in:           24 . Kpoints trimmed:           22

siesta: k-grid: Number of k-points = 22
siesta: k-points from Monkhorst-Pack grid
siesta: k-cutoff (effective) =     7.369 Ang
siesta: k-point supercell and displacements
siesta: k-grid:     6     0     0      0.000
siesta: k-grid:     0     6     0      0.000
siesta: k-grid:     0     0     1      0.000

superc: Internal auxiliary supercell:     9 x     9 x     3  =     243
superc: Number of atoms, orbitals, and projectors:   2430  60750  43740

outcell: Unit cell vectors (Ang):
        2.456467    0.000000    0.000000
        0.000000    2.456467   -0.000000
        0.000000   -0.000000   17.418781

outcell: Cell vector modules (Ang)   :    2.456467    2.456467   17.418781
outcell: Cell angles (23,13,12) (deg):     90.0000     90.0000     90.0000
outcell: Cell volume (Ang**3)        :    105.1089
<dSpData1D:S at geom step 1
  <sparsity:sparsity for geom step 1
    nrows_g=250 nrows=7 sparsity=.3901 nnzs=24383, refcount: 7>
  <dData1D:(new from dSpData1D) n=24383, refcount: 1>
refcount: 1>
new_DM -- step:     2
Re-using DM from previous geometries...
Number of DMs in history: 1
 DM extrapolation coefficients: 
1   1.00000
New DM after history re-use:
<dSpData2D:SpM extrapolated using coords
  <sparsity:sparsity for geom step 1
    nrows_g=250 nrows=7 sparsity=.3901 nnzs=24383, refcount: 9>
  <dData2D:(temp array for extrapolation) n=24383 m=2, refcount: 1>
refcount: 1>
No. of atoms with KB's overlaping orbs in proc 0. Max # of overlaps:      87     783

InitMesh: MESH = 30 x 30 x 192 = 172800
InitMesh: Mesh cutoff (required, used) =   300.000   335.791 Ry
New grid distribution [1]: sub = 2
New grid distribution [2]: sub = 2
New grid distribution [3]: sub = 2
Setting up quadratic distribution...

        iscf     Eharris(eV)        E_KS(eV)     FreeEng(eV)     dDmax    Ef(eV) dHmax(eV)
   scf:    1   -29581.510489   -29589.396266   -29589.419517  0.110429 -7.646173  0.625682
     spin moment: {S} , |S| = {        0.0        0.0    0.00884 }     0.00884
   scf:    2   -29407.607284   -29528.948730   -29528.982313  0.287352 -7.817737 58.827182
     spin moment: {S} , |S| = {        0.0        0.0    0.00773 }     0.00773
   scf:    3   -29589.654741   -29589.400669   -29589.424826  0.279323 -7.658434  0.640265
     spin moment: {S} , |S| = {        0.0        0.0    0.00887 }     0.00887
   scf:    4   -29589.406586   -29589.408116   -29589.432514  0.006524 -7.661278  0.294294
     spin moment: {S} , |S| = {        0.0        0.0    0.00886 }     0.00886
   scf:    5   -29589.361384   -29589.396550   -29589.423052  0.013376 -7.683499  1.127262
     spin moment: {S} , |S| = {        0.0        0.0    0.00886 }     0.00886
   scf:    6   -29589.414359   -29589.416000   -29589.444130  0.009196 -7.699011  0.063106
     spin moment: {S} , |S| = {        0.0        0.0    0.00884 }     0.00884
   scf:    7   -29589.416296   -29589.416169   -29589.444205  0.000638 -7.698105  0.026064
     spin moment: {S} , |S| = {        0.0        0.0    0.00873 }     0.00873
   scf:    8   -29589.416331   -29589.416254   -29589.444223  0.000429 -7.697433  0.012193
     spin moment: {S} , |S| = {        0.0        0.0    0.00858 }     0.00858

SCF Convergence by DM criterion
max |DM_out - DM_in|         :     0.0004291794
max |H_out - H_in|      (eV) :     0.0121929154
SCF cycle converged after 8 iterations

Using DM_out to compute the final energy and forces
No. of atoms with KB's overlaping orbs in proc 0. Max # of overlaps:      87     783

siesta: E_KS(eV) =           -29589.4163

siesta: Atomic forces (eV/Ang):
     1   -0.000000    0.000000    0.000083
     2    0.000000   -0.000000    0.001474
     3   -0.000000    0.000000    0.000956
     4    0.000000    0.000000    0.001395
     5    0.000000    0.000000   -0.000734
     6    0.000000   -0.000000   -0.001417
     7    0.000000    0.000000   -0.000929
     8    0.000000    0.000000   -0.000771
     9   -0.000000   -0.000000    0.000586
    10    0.000000    0.000000   -0.000645
----------------------------------------
   Tot    0.000000    0.000000   -0.000001
----------------------------------------
   Max    0.001474
   Res    0.000572    sqrt( Sum f_i^2 / 3N )
----------------------------------------
   Max    0.001474    constrained

Stress tensor Voigt[x,y,z,yz,xz,xy] (kbar):       45.47       45.47       19.62        0.00        0.00        0.00
(Free)E + p*V (eV/cell)   -29591.8618
Target enthalpy (eV/cell)   -29589.4442

siesta: Stress tensor (static) (eV/Ang**3):
         0.028378   -0.000000   -0.000000
         0.000000    0.028378   -0.000000
         0.000000    0.000000    0.012244

siesta: Pressure (static):        -36.85041086  kBar

siesta: Stress tensor (total) (eV/Ang**3):
         0.028378   -0.000000   -0.000000
         0.000000    0.028378   -0.000000
         0.000000    0.000000    0.012244

siesta: Pressure (total):        -36.85041086  kBar

                     ====================================
                        Begin CG opt. move =      2
                     ====================================
k-point displ. along   1 input, could be:     0.00    0.50
k-point displ. along   2 input, could be:     0.00    0.50
 Kpoints in:           24 . Kpoints trimmed:           22

siesta: k-grid: Number of k-points = 22
siesta: k-points from Monkhorst-Pack grid
siesta: k-cutoff (effective) =     7.213 Ang
siesta: k-point supercell and displacements
siesta: k-grid:     6     0     0      0.000
siesta: k-grid:     0     6     0      0.000
siesta: k-grid:     0     0     1      0.000

superc: Internal auxiliary supercell:     9 x     9 x     3  =     243
superc: Number of atoms, orbitals, and projectors:   2430  60750  43740

outcell: Unit cell vectors (Ang):
        2.404388    0.000000    0.000000
        0.000000    2.404388   -0.000000
        0.000000   -0.000000   17.128830

outcell: Cell vector modules (Ang)   :    2.404388    2.404388   17.128830
outcell: Cell angles (23,13,12) (deg):     90.0000     90.0000     90.0000
outcell: Cell volume (Ang**3)        :     99.0231
<dSpData1D:S at geom step 2
  <sparsity:sparsity for geom step 2
    nrows_g=250 nrows=7 sparsity=.4266 nnzs=26663, refcount: 7>
  <dData1D:(new from dSpData1D) n=26663, refcount: 1>
refcount: 1>
new_DM -- step:     3
Re-using DM from previous geometries...
Number of DMs in history: 1
 DM extrapolation coefficients: 
1   1.00000
New DM after history re-use:
<dSpData2D:SpM extrapolated using coords
  <sparsity:sparsity for geom step 2
    nrows_g=250 nrows=7 sparsity=.4266 nnzs=26663, refcount: 9>
  <dData2D:(temp array for extrapolation) n=26663 m=2, refcount: 1>
refcount: 1>
Note: For starting DM, Qtot, Tr[D*S] =        150.00000000        149.67838066
No. of atoms with KB's overlaping orbs in proc 0. Max # of overlaps:      87     807

InitMesh: MESH = 30 x 30 x 180 = 162000
InitMesh: Mesh cutoff (required, used) =   300.000   305.205 Ry
New grid distribution [1]: sub = 2
New grid distribution [2]: sub = 2
New grid distribution [3]: sub = 2
Setting up quadratic distribution...

        iscf     Eharris(eV)        E_KS(eV)     FreeEng(eV)     dDmax    Ef(eV) dHmax(eV)
   scf:    1   -29573.525222   -29589.085662   -29589.106954  0.208189 -7.818120  1.589413
     spin moment: {S} , |S| = {        0.0        0.0    0.00408 }     0.00408
   scf:    2   -27782.521468   -28988.047626   -28988.076455  0.840570 -8.192373187.242663
     spin moment: {S} , |S| = {        0.0        0.0    0.00300 }     0.00300
   scf:    3   -29591.158602   -29589.128758   -29589.152031  0.837402 -7.840523  0.785114
     spin moment: {S} , |S| = {        0.0        0.0    0.00421 }     0.00421
   scf:    4   -29589.137133   -29589.141588   -29589.165619  0.010664 -7.848078  0.613655
     spin moment: {S} , |S| = {        0.0        0.0    0.00427 }     0.00427
   scf:    5   -29589.024281   -29589.120077   -29589.147774  0.035259 -7.884034  1.820712
     spin moment: {S} , |S| = {        0.0        0.0    0.00457 }     0.00457
   scf:    6   -29589.175146   -29589.179608   -29589.209324  0.025759 -7.911893  0.365166
     spin moment: {S} , |S| = {        0.0        0.0    0.00471 }     0.00471
   scf:    7   -29589.182250   -29589.181207   -29589.210832  0.001701 -7.910079  0.188389
     spin moment: {S} , |S| = {        0.0        0.0    0.00465 }     0.00465
   scf:    8   -29589.182136   -29589.181781   -29589.211325  0.001489 -7.908509  0.068450
     spin moment: {S} , |S| = {        0.0        0.0    0.00457 }     0.00457
   scf:    9   -29589.181927   -29589.181871   -29589.211394  0.000484 -7.908054  0.026709
     spin moment: {S} , |S| = {        0.0        0.0    0.00450 }     0.00450

SCF Convergence by DM criterion
max |DM_out - DM_in|         :     0.0004841873
max |H_out - H_in|      (eV) :     0.0267090994
SCF cycle converged after 9 iterations

Using DM_out to compute the final energy and forces
No. of atoms with KB's overlaping orbs in proc 0. Max # of overlaps:      87     807

siesta: E_KS(eV) =           -29589.1819

siesta: Atomic forces (eV/Ang):
     1   -0.000000   -0.000000    0.003412
     2   -0.000000    0.000000    0.005173
     3   -0.000000   -0.000000    0.007596
     4    0.000000   -0.000000    0.001444
     5    0.000000   -0.000000   -0.001954
     6   -0.000000    0.000000   -0.005177
     7    0.000000    0.000000   -0.005243
     8   -0.000000    0.000000   -0.002370
     9    0.000000   -0.000000   -0.003791
    10    0.000000   -0.000000    0.000930
----------------------------------------
   Tot   -0.000000   -0.000000    0.000020
----------------------------------------
   Max    0.007596
   Res    0.002430    sqrt( Sum f_i^2 / 3N )
----------------------------------------
   Max    0.007596    constrained

Stress tensor Voigt[x,y,z,yz,xz,xy] (kbar):     -160.21     -160.21     -186.39        0.00       -0.00        0.00
(Free)E + p*V (eV/cell)   -29578.7700
Target enthalpy (eV/cell)   -29589.2114

siesta: Stress tensor (static) (eV/Ang**3):
        -0.099998    0.000000   -0.000000
         0.000000   -0.099998    0.000000
        -0.000000    0.000000   -0.116336

siesta: Pressure (static):        168.93964938  kBar

siesta: Stress tensor (total) (eV/Ang**3):
        -0.099998    0.000000   -0.000000
         0.000000   -0.099998    0.000000
        -0.000000    0.000000   -0.116336

siesta: Pressure (total):        168.93964938  kBar

                     ====================================
                        Begin CG opt. move =      3
                     ====================================
k-point displ. along   1 input, could be:     0.00    0.50
k-point displ. along   2 input, could be:     0.00    0.50
 Kpoints in:           24 . Kpoints trimmed:           22

siesta: k-grid: Number of k-points = 22
siesta: k-points from Monkhorst-Pack grid
siesta: k-cutoff (effective) =     7.339 Ang
siesta: k-point supercell and displacements
siesta: k-grid:     6     0     0      0.000
siesta: k-grid:     0     6     0      0.000
siesta: k-grid:     0     0     1      0.000

superc: Internal auxiliary supercell:     9 x     9 x     3  =     243
superc: Number of atoms, orbitals, and projectors:   2430  60750  43740

outcell: Unit cell vectors (Ang):
        2.446329    0.000000    0.000000
        0.000000    2.446329   -0.000000
        0.000000   -0.000000   17.362342

outcell: Cell vector modules (Ang)   :    2.446329    2.446329   17.362342
outcell: Cell angles (23,13,12) (deg):     90.0000     90.0000     90.0000
outcell: Cell volume (Ang**3)        :    103.9054
<dSpData1D:S at geom step 3
  <sparsity:sparsity for geom step 3
    nrows_g=250 nrows=7 sparsity=.3901 nnzs=24383, refcount: 7>
  <dData1D:(new from dSpData1D) n=24383, refcount: 1>
refcount: 1>
new_DM -- step:     4
Re-using DM from previous geometries...
Number of DMs in history: 1
 DM extrapolation coefficients: 
1   1.00000
New DM after history re-use:
<dSpData2D:SpM extrapolated using coords
  <sparsity:sparsity for geom step 3
    nrows_g=250 nrows=7 sparsity=.3901 nnzs=24383, refcount: 9>
  <dData2D:(temp array for extrapolation) n=24383 m=2, refcount: 1>
refcount: 1>
Note: For starting DM, Qtot, Tr[D*S] =        150.00000000        150.34190486
No. of atoms with KB's overlaping orbs in proc 0. Max # of overlaps:      87     783

InitMesh: MESH = 30 x 30 x 192 = 172800
InitMesh: Mesh cutoff (required, used) =   300.000   337.978 Ry
New grid distribution [1]: sub = 2
New grid distribution [2]: sub = 2
New grid distribution [3]: sub = 2
Setting up quadratic distribution...

        iscf     Eharris(eV)        E_KS(eV)     FreeEng(eV)     dDmax    Ef(eV) dHmax(eV)
   scf:    1   -29601.972441   -29589.028498   -29589.060369  0.164490 -7.845643  4.321549
     spin moment: {S} , |S| = {        0.0        0.0    0.00383 }     0.00383
   scf:    2    -6190.049140   -21806.221056   -21806.252017  1.760009 -7.183670650.888073
     spin moment: {S} , |S| = {        0.0        0.0    0.00240 }     0.00240
   scf:    3   -29626.101041   -29589.306719   -29589.339396  1.736829 -7.816497  1.576480
     spin moment: {S} , |S| = {        0.0        0.0    0.00371 }     0.00371
   scf:    4   -29589.289777   -29589.336278   -29589.369012  0.013218 -7.813508  1.196958
     spin moment: {S} , |S| = {        0.0        0.0    0.00369 }     0.00369
   scf:    5   -29589.340195   -29589.360739   -29589.393508  0.014611 -7.805730  0.985966
     spin moment: {S} , |S| = {        0.0        0.0    0.00364 }     0.00364
   scf:    6   -29589.427767   -29589.417356   -29589.447090  0.031074 -7.749601  0.464871
     spin moment: {S} , |S| = {        0.0        0.0    0.00301 }     0.00301
   scf:    7   -29589.434357   -29589.429162   -29589.457914  0.007966 -7.740140  0.261512
     spin moment: {S} , |S| = {        0.0        0.0    0.00286 }     0.00286
   scf:    8   -29589.431517   -29589.430661   -29589.459270  0.001976 -7.738841  0.085541
     spin moment: {S} , |S| = {        0.0        0.0    0.00280 }     0.00280
   scf:    9   -29589.431016   -29589.430875   -29589.459431  0.000659 -7.738394  0.038014
     spin moment: {S} , |S| = {        0.0        0.0    0.00276 }     0.00276
   scf:   10   -29589.430982   -29589.430942   -29589.459463  0.000371 -7.738114  0.003586
     spin moment: {S} , |S| = {        0.0        0.0    0.00271 }     0.00271

SCF Convergence by DM criterion
max |DM_out - DM_in|         :     0.0003708892
max |H_out - H_in|      (eV) :     0.0035858608
SCF cycle converged after 10 iterations

Using DM_out to compute the final energy and forces
No. of atoms with KB's overlaping orbs in proc 0. Max # of overlaps:      87     783

siesta: E_KS(eV) =           -29589.4309

siesta: Atomic forces (eV/Ang):
     1   -0.000000    0.000000    0.000039
     2   -0.000000    0.000000    0.000961
     3   -0.000000   -0.000000   -0.000008
     4    0.000000   -0.000000   -0.000621
     5   -0.000000   -0.000000   -0.000653
     6   -0.000000   -0.000000    0.000528
     7   -0.000000    0.000000    0.000873
     8   -0.000000    0.000000    0.000053
     9    0.000000    0.000000   -0.000371
    10    0.000000   -0.000000   -0.000800
----------------------------------------
   Tot   -0.000000    0.000000    0.000001
----------------------------------------
   Max    0.000961
   Res    0.000344    sqrt( Sum f_i^2 / 3N )
----------------------------------------
   Max    0.000961    constrained

Stress tensor Voigt[x,y,z,yz,xz,xy] (kbar):        8.46        8.46      -16.09       -0.00        0.00       -0.00
(Free)E + p*V (eV/cell)   -29589.4773
Target enthalpy (eV/cell)   -29589.4595

siesta: Stress tensor (static) (eV/Ang**3):
         0.005278   -0.000000    0.000000
        -0.000000    0.005278   -0.000000
         0.000000   -0.000000   -0.010043

siesta: Pressure (static):         -0.27431407  kBar

siesta: Stress tensor (total) (eV/Ang**3):
         0.005278   -0.000000    0.000000
        -0.000000    0.005278   -0.000000
         0.000000   -0.000000   -0.010043

siesta: Pressure (total):         -0.27431407  kBar

cgvc: Finished line minimization    1.  Mean atomic displacement =    0.0760

                     ====================================
                        Begin CG opt. move =      4
                     ====================================
k-point displ. along   1 input, could be:     0.00    0.50
k-point displ. along   2 input, could be:     0.00    0.50
 Kpoints in:           24 . Kpoints trimmed:           22

siesta: k-grid: Number of k-points = 22
siesta: k-points from Monkhorst-Pack grid
siesta: k-cutoff (effective) =     7.264 Ang
siesta: k-point supercell and displacements
siesta: k-grid:     6     0     0      0.000
siesta: k-grid:     0     6     0      0.000
siesta: k-grid:     0     0     1      0.000

superc: Internal auxiliary supercell:     9 x     9 x     3  =     243
superc: Number of atoms, orbitals, and projectors:   2430  60750  43740

outcell: Unit cell vectors (Ang):
        2.421455    0.000000   -0.000000
        0.000000    2.421455    0.000000
       -0.000000    0.000000   17.734882

outcell: Cell vector modules (Ang)   :    2.421455    2.421455   17.734882
outcell: Cell angles (23,13,12) (deg):     90.0000     90.0000     90.0000
outcell: Cell volume (Ang**3)        :    103.9875
<dSpData1D:S at geom step 4
  <sparsity:sparsity for geom step 4
    nrows_g=250 nrows=7 sparsity=.3901 nnzs=24383, refcount: 7>
  <dData1D:(new from dSpData1D) n=24383, refcount: 1>
refcount: 1>
new_DM -- step:     5
Re-using DM from previous geometries...
Number of DMs in history: 1
 DM extrapolation coefficients: 
1   1.00000
New DM after history re-use:
<dSpData2D:SpM extrapolated using coords
  <sparsity:sparsity for geom step 4
    nrows_g=250 nrows=7 sparsity=.3901 nnzs=24383, refcount: 9>
  <dData2D:(temp array for extrapolation) n=24383 m=2, refcount: 1>
refcount: 1>
No. of atoms with KB's overlaping orbs in proc 0. Max # of overlaps:      87     783

InitMesh: MESH = 30 x 30 x 192 = 172800
InitMesh: Mesh cutoff (required, used) =   300.000   323.928 Ry
New grid distribution [1]: sub = 2
New grid distribution [2]: sub = 2
New grid distribution [3]: sub = 2
Setting up quadratic distribution...

        iscf     Eharris(eV)        E_KS(eV)     FreeEng(eV)     dDmax    Ef(eV) dHmax(eV)
   scf:    1   -29589.443910   -29589.416640   -29589.441206  0.064184 -7.758536  0.409555
     spin moment: {S} , |S| = {        0.0        0.0    0.00137 }     0.00137
   scf:    2   -29514.543324   -29564.561458   -29564.588593  0.294870 -7.736388 38.211972
     spin moment: {S} , |S| = {        0.0        0.0    0.00098 }     0.00098
   scf:    3   -29589.652474   -29589.401723   -29589.426327  0.283749 -7.757522  1.052639
     spin moment: {S} , |S| = {        0.0        0.0    0.00132 }     0.00132
   scf:    4   -29589.421818   -29589.421897   -29589.446486  0.008377 -7.757410  0.141021
     spin moment: {S} , |S| = {        0.0        0.0    0.00131 }     0.00131
   scf:    5   -29589.422000   -29589.422076   -29589.446668  0.000649 -7.757342  0.077112
     spin moment: {S} , |S| = {        0.0        0.0    0.00130 }     0.00130
   scf:    6   -29589.423746   -29589.423042   -29589.447678  0.004510 -7.755507  0.050213
     spin moment: {S} , |S| = {        0.0        0.0    0.00118 }     0.00118
   scf:    7   -29589.423784   -29589.423500   -29589.448170  0.003688 -7.754054  0.038094
     spin moment: {S} , |S| = {        0.0        0.0    0.00107 }     0.00107
   scf:    8   -29589.423586   -29589.423555   -29589.448225  0.000673 -7.753918  0.021577
     spin moment: {S} , |S| = {        0.0        0.0    0.00104 }     0.00104
   scf:    9   -29589.423646   -29589.423606   -29589.448266  0.000672 -7.753998  0.015242
     spin moment: {S} , |S| = {        0.0        0.0    0.00099 }     0.00099
   scf:   10   -29589.423656   -29589.423633   -29589.448285  0.000617 -7.754083  0.008236
     spin moment: {S} , |S| = {        0.0        0.0    0.00095 }     0.00095
   scf:   11   -29589.423684   -29589.423662   -29589.448302  0.000695 -7.754217  0.013909
     spin moment: {S} , |S| = {        0.0        0.0    0.00089 }     0.00089
   scf:   12   -29589.423697   -29589.423683   -29589.448310  0.000467 -7.754429  0.010540
     spin moment: {S} , |S| = {        0.0        0.0    0.00082 }     0.00082

SCF Convergence by DM criterion
max |DM_out - DM_in|         :     0.0004672980
max |H_out - H_in|      (eV) :     0.0105400750
SCF cycle converged after 12 iterations

Using DM_out to compute the final energy and forces
No. of atoms with KB's overlaping orbs in proc 0. Max # of overlaps:      87     783

siesta: E_KS(eV) =           -29589.4237

siesta: Atomic forces (eV/Ang):
     1   -0.000000   -0.000000    0.000854
     2   -0.000000    0.000001   -0.004354
     3   -0.000000   -0.000000    0.004364
     4    0.000000    0.000000   -0.001108
     5   -0.000000    0.000000    0.002723
     6   -0.000000    0.000000   -0.004195
     7    0.000000    0.000000   -0.004382
     8   -0.000000    0.000000    0.003179
     9    0.000000   -0.000000   -0.002477
    10   -0.000000   -0.000000    0.004411
----------------------------------------
   Tot   -0.000000    0.000002   -0.000985
----------------------------------------
   Max    0.004411
   Res    0.001999    sqrt( Sum f_i^2 / 3N )
----------------------------------------
   Max    0.004411    constrained

Stress tensor Voigt[x,y,z,yz,xz,xy] (kbar):       -7.68       -7.68       26.82        0.00        0.00        0.00
(Free)E + p*V (eV/cell)   -29589.6964
Target enthalpy (eV/cell)   -29589.4483

siesta: Stress tensor (static) (eV/Ang**3):
        -0.004792    0.000000    0.000000
         0.000000   -0.004792    0.000000
         0.000000    0.000000    0.016740

siesta: Pressure (static):         -3.82220175  kBar

siesta: Stress tensor (total) (eV/Ang**3):
        -0.004792    0.000000    0.000000
         0.000000   -0.004792    0.000000
         0.000000    0.000000    0.016740

siesta: Pressure (total):         -3.82220175  kBar

                     ====================================
                        Begin CG opt. move =      5
                     ====================================
k-point displ. along   1 input, could be:     0.00    0.50
k-point displ. along   2 input, could be:     0.00    0.50
 Kpoints in:           24 . Kpoints trimmed:           22

siesta: k-grid: Number of k-points = 22
siesta: k-points from Monkhorst-Pack grid
siesta: k-cutoff (effective) =     7.308 Ang
siesta: k-point supercell and displacements
siesta: k-grid:     6     0     0      0.000
siesta: k-grid:     0     6     0      0.000
siesta: k-grid:     0     0     1      0.000

superc: Internal auxiliary supercell:     9 x     9 x     3  =     243
superc: Number of atoms, orbitals, and projectors:   2430  60750  43740

outcell: Unit cell vectors (Ang):
        2.436035    0.000000   -0.000000
        0.000000    2.436035    0.000000
       -0.000000    0.000000   17.516521

outcell: Cell vector modules (Ang)   :    2.436035    2.436035   17.516521
outcell: Cell angles (23,13,12) (deg):     90.0000     90.0000     90.0000
outcell: Cell volume (Ang**3)        :    103.9477
<dSpData1D:S at geom step 5
  <sparsity:sparsity for geom step 5
    nrows_g=250 nrows=7 sparsity=.3901 nnzs=24383, refcount: 7>
  <dData1D:(new from dSpData1D) n=24383, refcount: 1>
refcount: 1>
new_DM -- step:     6
Re-using DM from previous geometries...
Number of DMs in history: 1
 DM extrapolation coefficients: 
1   1.00000
New DM after history re-use:
<dSpData2D:SpM extrapolated using coords
  <sparsity:sparsity for geom step 5
    nrows_g=250 nrows=7 sparsity=.3901 nnzs=24383, refcount: 9>
  <dData2D:(temp array for extrapolation) n=24383 m=2, refcount: 1>
refcount: 1>
No. of atoms with KB's overlaping orbs in proc 0. Max # of overlaps:      87     783

InitMesh: MESH = 30 x 30 x 192 = 172800
InitMesh: Mesh cutoff (required, used) =   300.000   332.054 Ry
New grid distribution [1]: sub = 2
New grid distribution [2]: sub = 2
New grid distribution [3]: sub = 2
Setting up quadratic distribution...

        iscf     Eharris(eV)        E_KS(eV)     FreeEng(eV)     dDmax    Ef(eV) dHmax(eV)
   scf:    1   -29588.912506   -29589.405470   -29589.430300  0.045444 -7.729739  1.293524
     spin moment: {S} , |S| = {        0.0        0.0    0.00047 }     0.00047
   scf:    2   -28109.491651   -29097.230577   -29097.260654  1.017878 -7.812210181.560192
     spin moment: {S} , |S| = {        0.0        0.0    0.00033 }     0.00033
   scf:    3   -29592.138498   -29589.343145   -29589.368113  1.001172 -7.732130  1.735154
     spin moment: {S} , |S| = {        0.0        0.0    0.00045 }     0.00045
   scf:    4   -29589.429838   -29589.435031   -29589.460008  0.019727 -7.732568  0.528450
     spin moment: {S} , |S| = {        0.0        0.0    0.00045 }     0.00045
   scf:    5   -29589.438490   -29589.438765   -29589.463747  0.002039 -7.732723  0.175283
     spin moment: {S} , |S| = {        0.0        0.0    0.00045 }     0.00045
   scf:    6   -29589.437191   -29589.438923   -29589.464142  0.004175 -7.737785  0.207854
     spin moment: {S} , |S| = {        0.0        0.0    0.00040 }     0.00040
   scf:    7   -29589.438953   -29589.439022   -29589.464325  0.001949 -7.739935  0.199581
     spin moment: {S} , |S| = {        0.0        0.0    0.00038 }     0.00038
   scf:    8   -29589.439714   -29589.439420   -29589.464721  0.000621 -7.740128  0.145355
     spin moment: {S} , |S| = {        0.0        0.0    0.00037 }     0.00037
   scf:    9   -29589.439584   -29589.439740   -29589.464997  0.001237 -7.739844  0.047539
     spin moment: {S} , |S| = {        0.0        0.0    0.00035 }     0.00035
   scf:   10   -29589.439812   -29589.439789   -29589.465034  0.000385 -7.739936  0.007349
     spin moment: {S} , |S| = {        0.0        0.0    0.00034 }     0.00034

SCF Convergence by DM criterion
max |DM_out - DM_in|         :     0.0003845748
max |H_out - H_in|      (eV) :     0.0073486670
SCF cycle converged after 10 iterations

Using DM_out to compute the final energy and forces
No. of atoms with KB's overlaping orbs in proc 0. Max # of overlaps:      87     783

siesta: E_KS(eV) =           -29589.4398

siesta: Atomic forces (eV/Ang):
     1    0.000000    0.000000   -0.000688
     2    0.000000   -0.000000   -0.003709
     3   -0.000000   -0.000000    0.000383
     4    0.000000    0.000000    0.000983
     5    0.000000    0.000000    0.002520
     6    0.000000   -0.000000   -0.001241
     7   -0.000000   -0.000000   -0.002169
     8   -0.000000   -0.000000    0.000535
     9    0.000000    0.000000    0.000534
    10    0.000000   -0.000000    0.002408
----------------------------------------
   Tot    0.000001   -0.000001   -0.000443
----------------------------------------
   Max    0.003709
   Res    0.001069    sqrt( Sum f_i^2 / 3N )
----------------------------------------
   Max    0.003709    constrained

Stress tensor Voigt[x,y,z,yz,xz,xy] (kbar):        0.22        0.22        5.94        0.00        0.00       -0.00
(Free)E + p*V (eV/cell)   -29589.6030
Target enthalpy (eV/cell)   -29589.4650

siesta: Stress tensor (static) (eV/Ang**3):
         0.000137   -0.000000   -0.000000
        -0.000000    0.000137   -0.000000
         0.000000    0.000000    0.003709

siesta: Pressure (static):         -2.12701712  kBar

siesta: Stress tensor (total) (eV/Ang**3):
         0.000137   -0.000000   -0.000000
        -0.000000    0.000137   -0.000000
         0.000000    0.000000    0.003709

siesta: Pressure (total):         -2.12701712  kBar

outcoor: Relaxed atomic coordinates (fractional):           
   -0.00000000    0.00000000    0.00000092   1       1  Mn
    0.50000000    0.50000000    0.10001048   1       2  Mn
   -0.00000000   -0.00000000    0.19999760   1       3  Mn
    0.50000000    0.50000000    0.29999568   1       4  Mn
   -0.00000000   -0.00000000    0.39999373   1       5  Mn
    0.50000000    0.50000000    0.50000561   1       6  Mn
   -0.00000000    0.00000000    0.60000803   1       7  Mn
    0.50000000    0.50000000    0.69999748   1       8  Mn
    0.00000000    0.00000000    0.79999836   1       9  Mn
    0.50000000    0.50000000    0.89999214   1      10  Mn

outcell: Unit cell vectors (Ang):
        2.436035    0.000000   -0.000000
        0.000000    2.436035    0.000000
       -0.000000    0.000000   17.516521

outcell: Cell vector modules (Ang)   :    2.436035    2.436035   17.516521
outcell: Cell angles (23,13,12) (deg):     90.0000     90.0000     90.0000
outcell: Cell volume (Ang**3)        :    103.9477

coxmol: Writing XMOL coordinates into file hea.xyz                                                                                                                                                                                                                             
Writing WFSX for COOP/COHP in hea.fullBZ.WFSX

diag: Algorithm                                     = D&C
diag: Parallel over k                               =   F
diag: Use parallel 2D distribution                  =   T
diag: Parallel block-size                           = 7
diag: Parallel distribution                         =     6 x     6
diag: Used triangular part                          = Lower
diag: Absolute tolerance                            =  0.100E-15
diag: Orthogonalization factor                      =  0.100E-05
diag: Memory factor                                 =  1.0000

diag: Algorithm                                     = D&C
diag: Parallel over k                               =   F
diag: Use parallel 2D distribution                  =   T
diag: Parallel block-size                           = 7
diag: Parallel distribution                         =     6 x     6
diag: Used triangular part                          = Lower
diag: Absolute tolerance                            =  0.100E-15
diag: Orthogonalization factor                      =  0.100E-05
diag: Memory factor                                 =  1.0000

siesta: PDOS info
siesta: E1 -- E2, sigma [eV], nhist:  -20.000 --   20.000    0.100 1000

diag: Algorithm                                     = D&C
diag: Parallel over k                               =   F
diag: Use parallel 2D distribution                  =   T
diag: Parallel block-size                           = 7
diag: Parallel distribution                         =     6 x     6
diag: Used triangular part                          = Lower
diag: Absolute tolerance                            =  0.100E-15
diag: Orthogonalization factor                      =  0.100E-05
diag: Memory factor                                 =  1.0000

siesta: Program's energy decomposition (eV):
siesta: Ebs     =     -5792.140588
siesta: Eions   =     40116.652109
siesta: Ena     =      4148.186168
siesta: Ekin    =     12999.117434
siesta: Enl     =     -1877.809223
siesta: Eso     =         0.000000
siesta: Edftu   =         0.000000
siesta: DEna    =       175.421853
siesta: DUscf   =         2.964057
siesta: DUext   =         0.000000
siesta: Ex      =     -4628.337273
siesta: Ec      =      -292.330697
siesta: Exc     =     -4920.667970
siesta: EbV     =         0.000000
siesta: eta*DQ  =         0.000000
siesta: Emadel  =         0.000000
siesta: Emeta   =         0.000000
siesta: Emolmec =         0.000000
siesta: Ekinion =         0.000000
siesta: Eharris =    -29589.439812
siesta: Etot    =    -29589.439789
siesta: FreeEng =    -29589.465034

siesta: Final energy (eV):
siesta:  Band Struct. =   -5792.140588
siesta:       Kinetic =   12999.117434
siesta:       Hartree =    6128.780247
siesta:         Edftu =       0.000000
siesta:       Eso     =       0.000000
siesta:    Ext. field =       0.000000
siesta:         Exch. =   -4628.337273
siesta:         Corr. =    -292.330697
siesta:     Bulk bias =       0.000000
siesta:   Exch.-corr. =   -4920.667970
siesta:  Ion-electron =  -26681.078123
siesta:       Ion-ion =  -17115.591377
siesta:       Ekinion =       0.000000
siesta: D3 dispersion =       0.000000
siesta:         Total =  -29589.439789
siesta:         Fermi =      -7.739936

siesta: Stress tensor (static) (eV/Ang**3):
siesta:     0.000137   -0.000000   -0.000000
siesta:    -0.000000    0.000137   -0.000000
siesta:     0.000000    0.000000    0.003709

siesta: Constrained stress tensor (static) (eV/Ang**3):
siesta:     0.000137   -0.000000   -0.000000
siesta:    -0.000000    0.000137    0.000000
siesta:    -0.000000    0.000000    0.003709

siesta: Cell volume =        103.947701 Ang**3

siesta: Pressure (static):
siesta:                Solid            Molecule  Units
siesta:          -0.00001446         -0.00001584  Ry/Bohr**3
siesta:          -0.00132758         -0.00145427  eV/Ang**3
siesta:          -2.12701712         -2.32999607  kBar
(Free)E+ p_basis*V_orbitals  =      -29554.753579
(Free)Eharris+ p_basis*V_orbitals  =      -29554.753603

mulliken: Atomic and Orbital Populations:

mulliken: Spin UP 

Species: Mn                  
Atom  Qatom  Qorb
               3s      4s      4s      4s      3py     3pz     3px     4py     
               4pz     4px     3dxy    3dyz    3dz2    3dxz    3dx2-y2 3dxy    
               3dyz    3dz2    3dxz    3dx2-y2 3dxy    3dyz    3dz2    3dxz    
               3dx2-y2 
   1  7.500   0.984   0.000   0.074   0.002   0.989   0.989   0.989   0.172
              0.176   0.172   0.766   1.036   0.755   1.036   1.021  -0.064

             -0.107  -0.063  -0.107  -0.111  -0.178  -0.293  -0.173  -0.293

             -0.273
   2  7.500   0.984  -0.001   0.074   0.003   0.989   0.989   0.989   0.172
              0.176   0.172   0.766   1.036   0.755   1.036   1.021  -0.064

             -0.107  -0.063  -0.107  -0.111  -0.178  -0.293  -0.173  -0.293

             -0.273
   3  7.500   0.984  -0.003   0.075   0.004   0.989   0.989   0.989   0.172
              0.176   0.172   0.766   1.036   0.755   1.036   1.021  -0.064

             -0.107  -0.063  -0.107  -0.111  -0.178  -0.293  -0.173  -0.293

             -0.273
   4  7.500   0.984  -0.003   0.075   0.004   0.989   0.989   0.989   0.172
              0.176   0.172   0.766   1.036   0.755   1.036   1.021  -0.064

             -0.107  -0.063  -0.107  -0.111  -0.178  -0.293  -0.173  -0.293

             -0.273
   5  7.500   0.984  -0.001   0.074   0.003   0.989   0.989   0.989   0.172
              0.176   0.172   0.766   1.036   0.755   1.036   1.021  -0.064

             -0.107  -0.063  -0.107  -0.111  -0.178  -0.293  -0.173  -0.293

             -0.273
   6  7.500   0.984   0.001   0.074   0.002   0.989   0.989   0.989   0.172
              0.176   0.172   0.766   1.036   0.755   1.036   1.021  -0.064

             -0.107  -0.063  -0.107  -0.111  -0.178  -0.293  -0.173  -0.293

             -0.273
   7  7.500   0.984  -0.001   0.074   0.003   0.989   0.989   0.989   0.172
              0.176   0.172   0.766   1.036   0.755   1.036   1.021  -0.064

             -0.107  -0.063  -0.107  -0.111  -0.178  -0.293  -0.173  -0.293

             -0.273
   8  7.500   0.984  -0.003   0.075   0.004   0.989   0.989   0.989   0.172
              0.176   0.172   0.766   1.036   0.755   1.036   1.021  -0.064

             -0.107  -0.063  -0.107  -0.111  -0.178  -0.293  -0.173  -0.293

             -0.273
   9  7.500   0.984  -0.003   0.075   0.004   0.989   0.989   0.989   0.172
              0.176   0.172   0.766   1.036   0.755   1.036   1.021  -0.064

             -0.107  -0.063  -0.107  -0.111  -0.178  -0.293  -0.173  -0.293

             -0.273
  10  7.500   0.984  -0.001   0.074   0.003   0.989   0.989   0.989   0.172
              0.176   0.172   0.766   1.036   0.755   1.036   1.021  -0.064

             -0.107  -0.063  -0.107  -0.111  -0.178  -0.293  -0.174  -0.293

             -0.273

mulliken: Qtot =       75.000

mulliken: Spin DOWN 

Species: Mn                  
Atom  Qatom  Qorb
               3s      4s      4s      4s      3py     3pz     3px     4py     
               4pz     4px     3dxy    3dyz    3dz2    3dxz    3dx2-y2 3dxy    
               3dyz    3dz2    3dxz    3dx2-y2 3dxy    3dyz    3dz2    3dxz    
               3dx2-y2 
   1  7.500   0.984   0.000   0.074   0.002   0.989   0.989   0.989   0.172
              0.176   0.172   0.766   1.036   0.755   1.036   1.021  -0.064

             -0.107  -0.063  -0.107  -0.111  -0.178  -0.293  -0.173  -0.293

             -0.273
   2  7.500   0.984  -0.001   0.074   0.003   0.989   0.989   0.989   0.172
              0.176   0.172   0.766   1.036   0.755   1.036   1.021  -0.064

             -0.107  -0.063  -0.107  -0.111  -0.178  -0.293  -0.173  -0.293

             -0.273
   3  7.500   0.984  -0.003   0.075   0.004   0.989   0.989   0.989   0.172
              0.176   0.172   0.766   1.036   0.755   1.036   1.021  -0.064

             -0.107  -0.063  -0.107  -0.111  -0.178  -0.293  -0.173  -0.293

             -0.273
   4  7.500   0.984  -0.003   0.075   0.004   0.989   0.989   0.989   0.172
              0.176   0.172   0.766   1.036   0.755   1.036   1.021  -0.064

             -0.107  -0.063  -0.107  -0.111  -0.178  -0.293  -0.173  -0.293

             -0.273
   5  7.500   0.984  -0.001   0.074   0.003   0.989   0.989   0.989   0.172
              0.176   0.172   0.766   1.036   0.755   1.036   1.021  -0.064

             -0.107  -0.063  -0.107  -0.111  -0.178  -0.293  -0.173  -0.293

             -0.273
   6  7.500   0.984   0.001   0.074   0.002   0.989   0.989   0.989   0.172
              0.176   0.172   0.766   1.036   0.755   1.036   1.021  -0.064

             -0.107  -0.063  -0.107  -0.111  -0.178  -0.293  -0.173  -0.293

             -0.273
   7  7.500   0.984  -0.001   0.074   0.003   0.989   0.989   0.989   0.172
              0.176   0.172   0.766   1.036   0.755   1.036   1.021  -0.064

             -0.107  -0.063  -0.107  -0.111  -0.178  -0.293  -0.173  -0.293

             -0.273
   8  7.500   0.984  -0.003   0.075   0.004   0.989   0.989   0.989   0.172
              0.176   0.172   0.766   1.036   0.755   1.036   1.021  -0.064

             -0.107  -0.063  -0.107  -0.111  -0.178  -0.293  -0.173  -0.293

             -0.273
   9  7.500   0.984  -0.003   0.075   0.004   0.989   0.989   0.989   0.172
              0.176   0.172   0.766   1.036   0.755   1.036   1.021  -0.064

             -0.107  -0.063  -0.107  -0.111  -0.178  -0.293  -0.173  -0.293

             -0.273
  10  7.500   0.984  -0.001   0.074   0.003   0.989   0.989   0.989   0.172
              0.176   0.172   0.766   1.036   0.755   1.036   1.021  -0.064

             -0.107  -0.063  -0.107  -0.111  -0.178  -0.293  -0.173  -0.293

             -0.273

mulliken: Qtot =       75.000

Mulliken Atomic Populations:
Atom #   charge [q] valence [e]      Sz [e]  Species
     1    -0.000011   15.000011    0.000045  Mn
     2    -0.000120   15.000120    0.000037  Mn
     3     0.000144   14.999856    0.000031  Mn
     4     0.000105   14.999895    0.000020  Mn
     5     0.000013   14.999987    0.000034  Mn
     6    -0.000141   15.000141    0.000059  Mn
     7    -0.000091   15.000091    0.000034  Mn
     8     0.000099   14.999901    0.000018  Mn
     9     0.000197   14.999803    0.000030  Mn
    10    -0.000195   15.000195    0.000038  Mn
-------------------------------------------
 Total     0.000000                0.000344

cite: Please indicate the Siesta version in published work: 5.2.2
cite: This calculation has made use of features in the following articles
cite: which we encourage you to cite in published work.
cite: (Please see "hea.bib" for a BibTeX file.)
        Primary SIESTA paper
          DOI: www.doi.org/10.1088/0953-8984/14/11/302
        PSML pseudopotential format
          DOI: www.doi.org/10.1016/j.cpc.2018.02.011


>> End of run:  16-JUN-2025  10:03:09
Job completed
