Executable      : /home/users/felipegc/woltsoft/SIESTA/siesta-5.2.2/build/bin/siesta
Version         : 5.2.2
Architecture    : x86_64
Compiler version: GNU-9.3.0
Compiler flags  : -O3 -march=native
Parallelisations: MPI
Lua support
Native ELPA support
ELSI support. Solvers:
   ELPA (internal) 
   NTPoly
   OMM
DFT-D3 support
Wannier90 wrapper support

Runtime information:
* Directory : /home/users/felipegc/MnNiGa/optimizations_afm/top/structure_calc_4
* Running on 48 nodes in parallel.
>> Start of run:  29-JUL-2025  17:06:31

                           *********************** 
                           *  WELCOME TO SIESTA  * 
                           *********************** 

 NOTE: Siesta V5 introduces some new defaults for basis-set generation
 NOTE: which might lead to slightly different numerical results.
 NOTE: Please see the manual for full details and compatibility measures.


reinit: Reading from standard input
reinit: Dumping input in INPUT_TMP.76228
************************** Dump of input data file ****************************
SystemName          hea
SystemLabel         hea
Reparametrize.Pseudos T
Restricted.Radial.Grid F
%include atoms.fdf
MaxSCFIterations     20000
SCF.Mix              Hamiltonian
SCF.Mixer.Method     Broyden
#SCF.Mixer.Variant    original #Pulay original
SCF.Mixer.History    8
SCF.Mixer.Weight     0.07
SCF.H.Converge       False
SCF.DM.Converge      True
SCF.DM.Tolerance     5.d-4
SCF.H.Tolerance      5.d-3 eV
MeshCutoff 300.0 Ry
MD.UseSaveCG         False
DM.UseSaveDM         False
NumberOfEigenStates -20
ElectronicTemperature 300 K
WriteCoorXmol        True
XC.Functional     GGA
XC.authors        PBEsol
Spin polarized
DM.InitSpin.AF true
SolutionMethod       diagon
#Diag.Algorithm        MRRR
###################################
###################################
# Full template for Basis param.
###################################
###################################
Basis.Pressure 0.3 GPa
PAO.SoftDefault T
PAO.SoftPotential 50.0 Ry
PAO.SoftInnerRadius 0.70
PAO.BasisType split
PAO.EnergyShift 0.0019 eV
PAO.BasisSize TZP
PAO.SplitTailNorm T
            %block kgrid_Monkhorst_Pack
            3  0  0  0.
            0  6  0  0.
            0  0  4  0.
            %endblock kgrid_Monkhorst_Pack
            MD.TypeOfRun CG
            MD.Steps         500
            MD.VariableCell true
            MD.MaxForceTol 0.05 eV/Ang
            WriteMDHistory true
            WriteForces true
            Write.OrbitalIndex true
            Charge.Mulliken end
            COOP.Write true
            %block ProjectedDensityOfStates
            -20.00 20.00 0.1 1000 eV
            %endblock ProjectedDensityOfStates
************************** End of input data file *****************************

reinit: -----------------------------------------------------------------------
reinit: System Name: hea
reinit: -----------------------------------------------------------------------
reinit: System Label: hea
reinit: -----------------------------------------------------------------------

NOTE on units for spin output: 
{S} is the spin magnetic moment, in units of the Bohr magneton,
assuming a g-factor for the electron spin of exactly 2.
The spin magnetic moment is then numerically equal to the charge inbalance,
in units of electrons, between the spin-up and -down channels.


initatom: Reading input for the pseudopotentials and atomic orbitals ----------
Species number:   1 Atomic number:   28 Label: Ni
Species number:   2 Atomic number:   25 Label: Mn

Ground state valence configuration (from tables):   4s02  4p00  3d08  4f00
Ground state valence configuration (from tables):   4s02  4p00  3d05  4f00

---- Processing specs for species: Ni
Reading pseudopotential information in PSML from:
  Ni.psml
PSML file version: 1.1
Using libxc ids:  101 130
GGA--PBE XC_GGA_X_PBE--XC_GGA_C_PBE pb
PSML uuid: 020bdba0-be42-11e7-6ded-a592ddfb3399
Semicore shell(s) with  8 electrons included in the valence for Ni

---- Processing specs for species: Mn
Reading pseudopotential information in PSML from:
  Mn.psml
PSML file version: 1.1
Using libxc ids:  101 130
GGA--PBE XC_GGA_X_PBE--XC_GGA_C_PBE pb
PSML uuid: e5ebd880-be41-11e7-659b-074ddfc7bd15
Semicore shell(s) with  8 electrons included in the valence for Mn

---- Pseudopotential check for Ni

Pseudized shells:
3s( 2.00) rc: 1.26
3p( 6.00) rc: 1.35
3d( 8.00) rc: 1.66
Valence configuration for ps generation: 3s:3p:3d:4s: Total charge:  18.000000
Semicore shell(s): 3s 3p
Fallback to non-perturbative polarization scheme for Ni
Please see the manual if this is not desired in principle

---- Pseudopotential check for Mn

Pseudized shells:
3s( 2.00) rc: 1.41
3p( 6.00) rc: 1.21
3d( 5.00) rc: 1.61
Valence configuration for ps generation: 3s:3p:3d:4s: Total charge:  15.000000
Semicore shell(s): 3s 3p
Fallback to non-perturbative polarization scheme for Mn
Please see the manual if this is not desired in principle
For Ni, standard SIESTA heuristics set lmxkb to 3
 (one more than the basis l, including polarization orbitals).
Use PS.lmax or PS.KBprojectors blocks to override.
For Mn, standard SIESTA heuristics set lmxkb to 3
 (one more than the basis l, including polarization orbitals).
Use PS.lmax or PS.KBprojectors blocks to override.
Ni pseudopotential only contains V_ls up to l=2 -- lmxkb reset.
Mn pseudopotential only contains V_ls up to l=2 -- lmxkb reset.

<basis_specs>
===============================================================================
Ni                   Z=  28    Mass=  58.693        Charge= 0.17977+309
Lmxo=2 Lmxkb= 2    BasisType=split      Semic=T
L=0  Nsemic=1  Cnfigmx=4
          i=1  nzeta=1  polorb=0  (3s)  (semicore shell)
            splnorm:   0.15000    
               vcte:    50.000    
               rinn:  -0.70000    
               qcoe:    0.0000    
               qyuk:    0.0000    
               qwid:   0.10000E-01
                rcs:    0.0000    
            lambdas:    1.0000    
          i=2  nzeta=3  polorb=0  (4s)  (to be polarized non-perturbatively)
            splnorm:   0.15000    
               vcte:    50.000    
               rinn:  -0.70000    
               qcoe:    0.0000    
               qyuk:    0.0000    
               qwid:   0.10000E-01
                rcs:    0.0000      0.0000      0.0000    
            lambdas:    1.0000      1.0000      1.0000    
L=1  Nsemic=1  Cnfigmx=4
          i=1  nzeta=1  polorb=0  (3p)  (semicore shell)
            splnorm:   0.15000    
               vcte:    50.000    
               rinn:  -0.70000    
               qcoe:    0.0000    
               qyuk:    0.0000    
               qwid:   0.10000E-01
                rcs:    0.0000    
            lambdas:    1.0000    
          i=2  nzeta=1  polorb=0  (4p)  (non-perturbative polarization shell)
            splnorm:   0.15000    
               vcte:    50.000    
               rinn:  -0.70000    
               qcoe:   0.36515-315
               qyuk:    0.0000    
               qwid:   0.69528-309
                rcs:    0.0000    
            lambdas:    1.0000    
L=2  Nsemic=0  Cnfigmx=3
          i=1  nzeta=3  polorb=0  (3d)
            splnorm:   0.15000    
               vcte:    50.000    
               rinn:  -0.70000    
               qcoe:    0.0000    
               qyuk:    0.0000    
               qwid:   0.10000E-01
                rcs:    0.0000      0.0000      0.0000    
            lambdas:    1.0000      1.0000      1.0000    
-------------------------------------------------------------------------------
L=0  Nkbl=2  erefs: 0.17977+309 0.17977+309
L=1  Nkbl=2  erefs: 0.17977+309 0.17977+309
L=2  Nkbl=1  erefs: 0.17977+309
===============================================================================
</basis_specs>

Using PAO.SplitTailNorm
atom: Called for Ni                    (Z =  28)
Maximum radius (at nrval) set to   50.00000 8518

read_vps: Pseudopotential generation method:
read_vps: ONCVPSP-3.Hamann's oncvpsp                        
Valence charge in pseudo generation:   18.00000

read_vps: Pseudopotential includes a core correction:
read_vps: Pseudo-core for xc-correction

xc_check: Exchange-correlation functional:
xc_check: GGA PBEsol
xc_check: WARNING: Pseudopotential generated with GGA PBE functional
Got Vlocal (oncv-fit) from psml data
Choosing vlocal chloc cutoff:  3.188973
qtot up to nchloc:   17.99992641
atom: Maximum radius for chlocal:    3.18897
atom: Maximum radius for r*vlocal+2*Zval:    3.18897
Reading KB projs from Ni psml data
Using scalar-relativistic projectors in PSML file

PSML: Kleinman-Bylander projectors: 
   l= 0   rc=  1.276377   Ekb= 12.509070
   l= 0   rc=  1.276377   Ekb= -0.503495
   l= 1   rc=  1.371030   Ekb= -5.680418
   l= 1   rc=  1.371030   Ekb= -0.775211
   l= 2   rc=  1.680171   Ekb=-14.446879
   l= 2   rc=  1.680171   Ekb= -5.088878

PSML: Total number of  Kleinman-Bylander projectors:  18
atom: -------------------------------------------------------------------------

atom: SANKEY-TYPE ORBITALS:
atom: Selected multiple-zeta basis: split     

SPLIT: Orbitals with angular momentum L= 0

SPLIT: Basis orbitals for state 3s

SPLIT: PAO cut-off radius determined from an
SPLIT: energy shift=  0.000140 Ry
Split based on tail norm

   izeta = 1
                 lambda =    1.000000
                     rc =    2.999668
                 energy =   -8.139209
                kinetic =    3.776111
    potential(screened) =  -11.915319
       potential(ionic) =  -45.801861

SPLIT: Basis orbitals for state 4s

SPLIT: PAO cut-off radius determined from an
SPLIT: energy shift=  0.000140 Ry
Split based on tail norm

   izeta = 1
                 lambda =    1.000000
                     rc =    9.316220
                 energy =   -0.512978
                kinetic =    1.389681
    potential(screened) =   -1.902658
       potential(ionic) =  -17.770111

   izeta = 2
                 rmatch =    4.957068
              splitnorm =    0.150000
                 energy =   -0.410487
                kinetic =    2.329090
    potential(screened) =   -2.739576
       potential(ionic) =  -21.501560

   izeta = 3
                 rmatch =    5.824741
              splitnorm =    0.075000
                 energy =   -0.473172
                kinetic =    1.899833
    potential(screened) =   -2.373005
       potential(ionic) =  -19.995099

SPLIT: Orbitals with angular momentum L= 1

SPLIT: Basis orbitals for state 3p

SPLIT: PAO cut-off radius determined from an
SPLIT: energy shift=  0.000140 Ry
Split based on tail norm

   izeta = 1
                 lambda =    1.000000
                     rc =    3.414070
                 energy =   -5.225411
                kinetic =    9.244220
    potential(screened) =  -14.469631
       potential(ionic) =  -47.296381

SPLIT: Basis orbitals for state 4p
SPLIT: Non-perturbative polarization orbs for state 4s
SPLIT: rc(1st zeta) (re)set to: 9.3162 (expansion factor: 1.0000)
Split based on tail norm

   izeta = 1
                 lambda =    1.000000
                     rc =    9.316220
                 energy =   -0.065208
                kinetic =    0.825147
    potential(screened) =   -0.890355
       potential(ionic) =  -12.014212

SPLIT: Orbitals with angular momentum L= 2

SPLIT: Basis orbitals for state 3d

SPLIT: PAO cut-off radius determined from an
SPLIT: energy shift=  0.000140 Ry
Split based on tail norm

   izeta = 1
                 lambda =    1.000000
                     rc =    6.323353
                 energy =   -0.639566
                kinetic =   11.441999
    potential(screened) =  -12.081565
       potential(ionic) =  -40.678115

   izeta = 2
                 rmatch =    2.624859
              splitnorm =    0.150000
                 energy =   -0.513226
                kinetic =   13.528651
    potential(screened) =  -14.041878
       potential(ionic) =  -44.582092

   izeta = 3
                 rmatch =    3.356353
              splitnorm =    0.075000
                 energy =   -0.605538
                kinetic =   12.372939
    potential(screened) =  -12.978477
       potential(ionic) =  -42.595740
atom: Total number of Sankey-type orbitals: 25

atm_pop: Valence configuration (for local Pseudopot. screening):
 3s( 2.00) 4s( 2.00)                                                  
 3p( 6.00) 4p( 0.00)                                                  
 3d( 8.00)                                                            
Vna: chval, zval:   18.00000  18.00000

Vna:  Cut-off radius for the neutral-atom potential:   9.316220
comcore: Pseudo-core radius Rcore=  1.817282

atom: _________________________________________________________________________

<basis_specs>
===============================================================================
Mn                   Z=  25    Mass=  54.938        Charge= 0.17977+309
Lmxo=2 Lmxkb= 2    BasisType=split      Semic=T
L=0  Nsemic=1  Cnfigmx=4
          i=1  nzeta=1  polorb=0  (3s)  (semicore shell)
            splnorm:   0.15000    
               vcte:    50.000    
               rinn:  -0.70000    
               qcoe:    0.0000    
               qyuk:    0.0000    
               qwid:   0.10000E-01
                rcs:    0.0000    
            lambdas:    1.0000    
          i=2  nzeta=3  polorb=0  (4s)  (to be polarized non-perturbatively)
            splnorm:   0.15000    
               vcte:    50.000    
               rinn:  -0.70000    
               qcoe:    0.0000    
               qyuk:    0.0000    
               qwid:   0.10000E-01
                rcs:    0.0000      0.0000      0.0000    
            lambdas:    1.0000      1.0000      1.0000    
L=1  Nsemic=1  Cnfigmx=4
          i=1  nzeta=1  polorb=0  (3p)  (semicore shell)
            splnorm:   0.15000    
               vcte:    50.000    
               rinn:  -0.70000    
               qcoe:    0.0000    
               qyuk:    0.0000    
               qwid:   0.10000E-01
                rcs:    0.0000    
            lambdas:    1.0000    
          i=2  nzeta=1  polorb=0  (4p)  (non-perturbative polarization shell)
            splnorm:   0.15000    
               vcte:    50.000    
               rinn:  -0.70000    
               qcoe:   0.36515-315
               qyuk:    0.0000    
               qwid:   0.69528-309
                rcs:    0.0000    
            lambdas:    1.0000    
L=2  Nsemic=0  Cnfigmx=3
          i=1  nzeta=3  polorb=0  (3d)
            splnorm:   0.15000    
               vcte:    50.000    
               rinn:  -0.70000    
               qcoe:    0.0000    
               qyuk:    0.0000    
               qwid:   0.10000E-01
                rcs:    0.0000      0.0000      0.0000    
            lambdas:    1.0000      1.0000      1.0000    
-------------------------------------------------------------------------------
L=0  Nkbl=2  erefs: 0.17977+309 0.17977+309
L=1  Nkbl=2  erefs: 0.17977+309 0.17977+309
L=2  Nkbl=1  erefs: 0.17977+309
===============================================================================
</basis_specs>

Using PAO.SplitTailNorm
atom: Called for Mn                    (Z =  25)
Maximum radius (at nrval) set to   50.00000 8518

read_vps: Pseudopotential generation method:
read_vps: ONCVPSP-3.Hamann's oncvpsp                        
Valence charge in pseudo generation:   15.00000

read_vps: Pseudopotential includes a core correction:
read_vps: Pseudo-core for xc-correction

xc_check: Exchange-correlation functional:
xc_check: GGA PBEsol
xc_check: WARNING: Pseudopotential generated with GGA PBE functional
Got Vlocal (oncv-fit) from psml data
Choosing vlocal chloc cutoff:  3.504263
qtot up to nchloc:   15.00032895
atom: Maximum radius for chlocal:    3.50426
atom: Maximum radius for r*vlocal+2*Zval:    3.50426
Reading KB projs from Mn psml data
Using scalar-relativistic projectors in PSML file

PSML: Kleinman-Bylander projectors: 
   l= 0   rc=  1.427391   Ekb= 18.471374
   l= 0   rc=  1.430269   Ekb=  3.121111
   l= 1   rc=  1.224702   Ekb=  3.156115
   l= 1   rc=  1.224702   Ekb= -1.424352
   l= 2   rc=  1.630219   Ekb=-13.224142
   l= 2   rc=  1.630219   Ekb= -4.330632

PSML: Total number of  Kleinman-Bylander projectors:  18
atom: -------------------------------------------------------------------------

atom: SANKEY-TYPE ORBITALS:
atom: Selected multiple-zeta basis: split     

SPLIT: Orbitals with angular momentum L= 0

SPLIT: Basis orbitals for state 3s

SPLIT: PAO cut-off radius determined from an
SPLIT: energy shift=  0.000140 Ry
Split based on tail norm

   izeta = 1
                 lambda =    1.000000
                     rc =    3.380000
                 energy =   -6.293298
                kinetic =    2.848567
    potential(screened) =   -9.141865
       potential(ionic) =  -33.519753

SPLIT: Basis orbitals for state 4s

SPLIT: PAO cut-off radius determined from an
SPLIT: energy shift=  0.000140 Ry
Split based on tail norm

   izeta = 1
                 lambda =    1.000000
                     rc =   10.002455
                 energy =   -0.450676
                kinetic =    1.112603
    potential(screened) =   -1.563278
       potential(ionic) =  -13.199632

   izeta = 2
                 rmatch =    5.430276
              splitnorm =    0.150000
                 energy =   -0.360834
                kinetic =    1.875764
    potential(screened) =   -2.236598
       potential(ionic) =  -15.982656

   izeta = 3
                 rmatch =    6.342382
              splitnorm =    0.075000
                 energy =   -0.415048
                kinetic =    1.529261
    potential(screened) =   -1.944310
       potential(ionic) =  -14.865309

SPLIT: Orbitals with angular momentum L= 1

SPLIT: Basis orbitals for state 3p

SPLIT: PAO cut-off radius determined from an
SPLIT: energy shift=  0.000140 Ry
Split based on tail norm

   izeta = 1
                 lambda =    1.000000
                     rc =    3.873861
                 energy =   -3.996757
                kinetic =    6.976018
    potential(screened) =  -10.972775
       potential(ionic) =  -34.563053

SPLIT: Basis orbitals for state 4p
SPLIT: Non-perturbative polarization orbs for state 4s
SPLIT: rc(1st zeta) (re)set to: 10.0025 (expansion factor: 1.0000)
Split based on tail norm

   izeta = 1
                 lambda =    1.000000
                     rc =   10.002455
                 energy =   -0.085879
                kinetic =    0.770317
    potential(screened) =   -0.856196
       potential(ionic) =   -9.409918

SPLIT: Orbitals with angular momentum L= 2

SPLIT: Basis orbitals for state 3d

SPLIT: PAO cut-off radius determined from an
SPLIT: energy shift=  0.000140 Ry
Split based on tail norm

   izeta = 1
                 lambda =    1.000000
                     rc =    7.238756
                 energy =   -0.490123
                kinetic =    9.261574
    potential(screened) =   -9.751697
       potential(ionic) =  -30.334327

   izeta = 2
                 rmatch =    3.144499
              splitnorm =    0.150000
                 energy =   -0.401801
                kinetic =   11.021778
    potential(screened) =  -11.423579
       potential(ionic) =  -33.555539

   izeta = 3
                 rmatch =    3.972182
              splitnorm =    0.075000
                 energy =   -0.464167
                kinetic =   10.072383
    potential(screened) =  -10.536551
       potential(ionic) =  -31.940836
atom: Total number of Sankey-type orbitals: 25

atm_pop: Valence configuration (for local Pseudopot. screening):
 3s( 2.00) 4s( 2.00)                                                  
 3p( 6.00) 4p( 0.00)                                                  
 3d( 5.00)                                                            
Vna: chval, zval:   15.00000  15.00000

Vna:  Cut-off radius for the neutral-atom potential:  10.002455
comcore: Pseudo-core radius Rcore=  2.115123

atom: _________________________________________________________________________

prinput: Basis input 

PAO.BasisType split     

%block ChemicalSpeciesLabel
    1   28 Ni                      # Species index, atomic number, species label
    2   25 Mn                      # Species index, atomic number, species label
%endblock ChemicalSpeciesLabel

%block PAO.Basis                 # Define Basis set
# WARNING: This information might be incomplete!
Ni                    5                    # Species label, number of l-shells
 n=3   0   1                         # n, l, Nzeta 
   3.000   
   1.000   
 n=4   0   3                         # n, l, Nzeta 
   9.316      4.957      5.825   
   1.000      1.000      1.000   
 n=3   1   1                         # n, l, Nzeta 
   3.414   
   1.000   
 n=4   1   1                         # n, l, Nzeta 
   9.316   
   1.000   
 n=3   2   3                         # n, l, Nzeta 
   6.323      2.625      3.356   
   1.000      1.000      1.000   
Mn                    5                    # Species label, number of l-shells
 n=3   0   1                         # n, l, Nzeta 
   3.380   
   1.000   
 n=4   0   3                         # n, l, Nzeta 
  10.002      5.430      6.342   
   1.000      1.000      1.000   
 n=3   1   1                         # n, l, Nzeta 
   3.874   
   1.000   
 n=4   1   1                         # n, l, Nzeta 
  10.002   
   1.000   
 n=3   2   3                         # n, l, Nzeta 
   7.239      3.144      3.972   
   1.000      1.000      1.000   
%endblock PAO.Basis

prinput: ----------------------------------------------------------------------

coor:   Atomic-coordinates input format  =     Fractional

siesta: Atomic coordinates (Bohr) and species
siesta:      4.70356   0.00000   0.00000  1        1
siesta:      2.35178   2.35178   3.32592  1        2
siesta:      0.00000   0.00000   0.00000  2        3
siesta:      7.05534   2.35178   3.32592  2        4

siesta: System type = bulk      

initatomlists: Number of atoms, orbitals, and projectors:      4   100    72

coxmol: Writing XMOL coordinates into file hea.xyz                                                                                                                                                                                                                             

siesta: ******************** Simulation parameters ****************************
siesta:
siesta: The following are some of the parameters of the simulation.
siesta: A complete list of the parameters used, including default values,
siesta: can be found in file out.fdf
siesta:
redata: Spin configuration                          = collinear
redata: Number of spin components                   = 2
redata: Time-Reversal Symmetry                      = T
redata: Spin spiral                                 = F
redata: Long output                                 =   F
redata: Number of Atomic Species                    =        2
redata: Charge density info will appear in .RHO file
redata: Write Mulliken charges (when)               = end
redata: Write Mulliken Pop.                         = Atomic and Orbital charges
redata: Write Hirshfeld charges (when)              = none
redata: Write Voronoi charges (when)                = none
redata: Write spin charge (when)                    = scf
redata: Matel table size (NRTAB)                    =     1024
redata: Mesh Cutoff                                 =   300.0000 Ry
redata: Net charge of the system                    =     0.0000 |e|
redata: Min. number of SCF Iter                     =        0
redata: Max. number of SCF Iter                     =    20000
redata: SCF convergence failure will abort job
redata: SCF mix quantity                            = Hamiltonian
redata: Mix DM or H after convergence               =   F
redata: Recompute H after scf cycle                 =   F
redata: Mix DM in first SCF step                    =   T
redata: Write Pulay info on disk                    =   F
redata: New DM Occupancy tolerance                  = 0.000000000001
redata: No kicks to SCF
redata: DM Mixing Weight for Kicks                  =     0.5000
redata: Require Harris convergence for SCF          =   F
redata: Harris energy tolerance for SCF             =     0.000100 eV
redata: Require DM convergence for SCF              =   T
redata: DM tolerance for SCF                        =     0.000500
redata: Require EDM convergence for SCF             =   F
redata: EDM tolerance for SCF                       =     0.001000 eV
redata: Require H convergence for SCF               =   F
redata: Hamiltonian tolerance for SCF               =     0.005000 eV
redata: Require (free) Energy convergence for SCF   =   F
redata: (free) Energy tolerance for SCF             =     0.000100 eV
redata: Antiferro initial spin density              =   T
redata: Using DFT-D3 dispersion                     =   F
redata: Using Saved Data (generic)                  =   F
redata: Use continuation files for DM               =   F
redata: Neglect nonoverlap interactions             =   F
redata: Method of Calculation                       = Diagonalization
redata: Electronic Temperature                      =   300.0000 K
redata: Fix the spin of the system                  =   F
redata: Max. number of TDED Iter                    =        1
redata: Number of TDED substeps                     =        3
redata: Dynamics option                             = CG coord. optimization
redata: Variable cell                               =   T
redata: Use continuation files for CG               =   F
redata: Max atomic displ per move                   =     0.1058 Ang
redata: Maximum number of optimization moves        =      500
redata: Force tolerance                             =     0.0500 eV/Ang
redata: Stress tolerance                            =     1.0000 GPa
mix.SCF: Broyden mixing                          = Broyden
mix.SCF:    History steps                        = 8
mix.SCF:    Linear mixing weight                 =     0.070000
mix.SCF:    Inverse Jacobian weight              =     0.070000
mix.SCF:    Weight prime                         =     0.070000
mix.SCF:    SVD condition                        = 0.1000E-07
mix.SCF: Spin-component mixing                   all
redata: ***********************************************************************

%block SCF.Mixers
  Broyden
%endblock SCF.Mixers

%block SCF.Mixer.Broyden
  # Mixing method
  method broyden

  # Mixing options
  weight 0.0700
  weight.linear 0.0700
  weight.prime 0.0700
  history 8
%endblock SCF.Mixer.Broyden

DM_history_depth set to one: no extrapolation allowed by default for geometry relaxation
Size of DM history Fstack: 1
Total number of electrons:    66.000000
Total ionic charge:    66.000000

* ProcessorY, Blocksize:    6   2


* Orbital distribution balance (max,min):     4     2

k-point displ. along   2 input, could be:     0.00    0.50
k-point displ. along   3 input, could be:     0.00    0.50
 Kpoints in:           48 . Kpoints trimmed:           44

siesta: k-grid: Number of k-points = 44
siesta: k-points from Monkhorst-Pack grid
siesta: k-cutoff (effective) =     7.040 Ang
siesta: k-point supercell and displacements
siesta: k-grid:     3     0     0      0.000
siesta: k-grid:     0     6     0      0.000
siesta: k-grid:     0     0     4      0.000
k-point displ. along   2 input, could be:     0.00    0.50
k-point displ. along   3 input, could be:     0.00    0.50
 Kpoints in:           48 . Kpoints trimmed:           44

siesta: PDOS k-grid: Number of k-points = 44
siesta: PDOS k-points from Monkhorst-Pack grid
siesta: PDOS k-cutoff (effective) =     0.000 Ang
siesta: PDOS k-point supercell and displacements
siesta: k-grid:     3     0     0      0.000
siesta: k-grid:     0     6     0      0.000
siesta: k-grid:     0     0     4      0.000

diag: Algorithm                                     = D&C
diag: Parallel over k                               =   F
diag: Use parallel 2D distribution                  =   T
diag: Parallel block-size                           = 2
diag: Parallel distribution                         =     6 x     8
diag: Used triangular part                          = Lower
diag: Absolute tolerance                            =  0.100E-15
diag: Orthogonalization factor                      =  0.100E-05
diag: Memory factor                                 =  1.0000
diag: The diagonalization method chosen cannot compute a reduced number of eigenvectors.
diag: Resetting neigwanted 55 to 100

superc: Internal auxiliary supercell:     5 x     9 x     7  =     315
superc: Number of atoms, orbitals, and projectors:   1260  31500  22680


ts: **************************************************************
ts: Save H and S matrices                           =    F
ts: Save DM and EDM matrices                        =    F
ts: Only save the overlap matrix S                  =    F
ts: **************************************************************

************************ Begin: TS CHECKS AND WARNINGS ************************
************************ End: TS CHECKS AND WARNINGS **************************


                     ====================================
                        Begin CG opt. move =      0
                     ====================================

superc: Internal auxiliary supercell:     5 x     9 x     7  =     315
superc: Number of atoms, orbitals, and projectors:   1260  31500  22680

outcell: Unit cell vectors (Ang):
        4.978032    0.000000    0.000000
        0.000000    2.489016    0.000000
        0.000000    0.000000    3.520000

outcell: Cell vector modules (Ang)   :    4.978032    2.489016    3.520000
outcell: Cell angles (23,13,12) (deg):     90.0000     90.0000     90.0000
outcell: Cell volume (Ang**3)        :     43.6142
<dSpData1D:S at geom step 0
  <sparsity:sparsity for geom step 0
    nrows_g=100 nrows=4 sparsity=1.1890 nnzs=11890, refcount: 7>
  <dData1D:(new from dSpData1D) n=11890, refcount: 1>
refcount: 1>
new_DM -- step:     1
Initializing Density Matrix...
DM filled with atomic data:
<dSpData2D:DM initialized from atoms
  <sparsity:sparsity for geom step 0
    nrows_g=100 nrows=4 sparsity=1.1890 nnzs=11890, refcount: 8>
  <dData2D:DM n=11890 m=2, refcount: 1>
refcount: 1>
No. of atoms with KB's overlaping orbs in proc 0. Max # of overlaps:      79     683

InitMesh: MESH = 54 x 30 x 40 = 64800
InitMesh: Mesh cutoff (required, used) =   300.000   325.218 Ry
New grid distribution [1]: sub = 2
New grid distribution [2]: sub = 2
New grid distribution [3]: sub = 2
Setting up quadratic distribution...

stepf: Fermi-Dirac step function

siesta: Program's energy decomposition (eV):
siesta: Ebs     =     -2687.122507
siesta: Eions   =     19598.671028
siesta: Ena     =      1571.134866
siesta: Ekin    =      6782.467953
siesta: Enl     =     -1780.280334
siesta: Eso     =         0.000000
siesta: Edftu   =         0.000000
siesta: DEna    =       112.545682
siesta: DUscf   =         3.370462
siesta: DUext   =         0.000000
siesta: Ex      =     -2003.375031
siesta: Ec      =      -122.758854
siesta: Exc     =     -2126.133884
siesta: EbV     =         0.000000
siesta: eta*DQ  =         0.000000
siesta: Emadel  =         0.000000
siesta: Emeta   =         0.000000
siesta: Emolmec =         0.000000
siesta: Ekinion =         0.000000
siesta: Eharris =    -14992.409051
siesta: Etot    =    -15035.566282
siesta: FreeEng =    -15035.576336

        iscf     Eharris(eV)        E_KS(eV)     FreeEng(eV)     dDmax    Ef(eV) dHmax(eV)
   scf:    1   -14992.409051   -15035.566282   -15035.576336  4.065497 -5.462325  6.945869
     spin moment: {S} , |S| = {        0.0        0.0    0.00000 }     0.00000
timer: Routine,Calls,Time,% = IterSCF        1       3.460  26.82
   scf:    2   -15036.839121   -15036.407030   -15036.421865  0.337272 -5.618624  4.115654
     spin moment: {S} , |S| = {        0.0        0.0    0.00012 }     0.00012
   scf:    3   -15037.337973   -15036.916199   -15036.929216  0.307061 -5.824203  3.853980
     spin moment: {S} , |S| = {        0.0        0.0   -0.00003 }    -0.00003
   scf:    4   -15038.063370   -15037.723718   -15037.737178  0.765982 -6.459488  0.840895
     spin moment: {S} , |S| = {        0.0        0.0    0.00039 }     0.00039
   scf:    5   -15036.103076   -15037.336576   -15037.343780  0.242165 -6.577413  3.379944
     spin moment: {S} , |S| = {        0.0        0.0   -0.00116 }    -0.00116
   scf:    6   -15038.281525   -15038.252215   -15038.259307  0.249165 -6.724803  0.596419
     spin moment: {S} , |S| = {        0.0        0.0   -0.00003 }    -0.00003
   scf:    7   -15038.084017   -15038.184898   -15038.192026  0.028215 -6.748052  1.256176
     spin moment: {S} , |S| = {        0.0        0.0    0.00008 }     0.00008
   scf:    8   -15038.210807   -15038.291449   -15038.298138  0.073391 -6.729675  0.732095
     spin moment: {S} , |S| = {        0.0        0.0   -0.00002 }    -0.00002
   scf:    9   -15038.314111   -15038.322741   -15038.331173  0.060529 -6.775694  0.227569
     spin moment: {S} , |S| = {        0.0        0.0    0.00002 }     0.00002
   scf:   10   -15038.326220   -15038.324638   -15038.333089  0.003120 -6.775930  0.156930
     spin moment: {S} , |S| = {        0.0        0.0    0.00000 }     0.00000
   scf:   11   -15038.268143   -15038.308722   -15038.317036  0.016907 -6.776524  0.534716
     spin moment: {S} , |S| = {        0.0        0.0    0.00006 }     0.00006
   scf:   12   -15038.318187   -15038.326263   -15038.334677  0.013727 -6.779989  0.128063
     spin moment: {S} , |S| = {        0.0        0.0   -0.00002 }    -0.00002
   scf:   13   -15038.328902   -15038.327519   -15038.335916  0.008846 -6.782941  0.064784
     spin moment: {S} , |S| = {        0.0        0.0   -0.00002 }    -0.00002
   scf:   14   -15038.327616   -15038.327812   -15038.336194  0.002715 -6.783245  0.030735
     spin moment: {S} , |S| = {        0.0        0.0   -0.00004 }    -0.00004
   scf:   15   -15038.327777   -15038.327894   -15038.336254  0.003054 -6.783139  0.033418
     spin moment: {S} , |S| = {        0.0        0.0   -0.00001 }    -0.00001
   scf:   16   -15038.327995   -15038.327969   -15038.336321  0.001458 -6.783463  0.005331
     spin moment: {S} , |S| = {        0.0        0.0   -0.00002 }    -0.00002
   scf:   17   -15038.327987   -15038.327978   -15038.336324  0.000387 -6.783678  0.004006
     spin moment: {S} , |S| = {        0.0        0.0   -0.00002 }    -0.00002

SCF Convergence by DM criterion
max |DM_out - DM_in|         :     0.0003874054
max |H_out - H_in|      (eV) :     0.0040064644
SCF cycle converged after 17 iterations

Using DM_out to compute the final energy and forces
No. of atoms with KB's overlaping orbs in proc 0. Max # of overlaps:      79     683

siesta: E_KS(eV) =           -15038.3280

siesta: E_KS - E_eggbox =    -15038.3280

siesta: Atomic forces (eV/Ang):
     1   -0.341993   -0.000000   -0.000000
     2    0.342711    0.000000   -0.000000
     3    0.119332    0.000000    0.000000
     4   -0.117543   -0.000000    0.000000
----------------------------------------
   Tot    0.002508    0.000000    0.000000
----------------------------------------
   Max    0.342711
   Res    0.147893    sqrt( Sum f_i^2 / 3N )
----------------------------------------
   Max    0.342711    constrained

Stress tensor Voigt[x,y,z,yz,xz,xy] (kbar):      -11.64       -4.97       42.02        0.00        0.00        0.00
(Free)E + p*V (eV/cell)   -15038.5669
Target enthalpy (eV/cell)   -15038.3363

siesta: Stress tensor (static) (eV/Ang**3):
        -0.007267    0.000000    0.000000
         0.000000   -0.003100    0.000000
         0.000000    0.000000    0.026227

siesta: Pressure (static):         -8.47022971  kBar

siesta: Stress tensor (total) (eV/Ang**3):
        -0.007267    0.000000    0.000000
         0.000000   -0.003100    0.000000
         0.000000    0.000000    0.026227

siesta: Pressure (total):         -8.47022971  kBar

cgvc: No target stress found, assuming hydrostatic MD.TargetPressure.

cgvc: Target stress (kBar)
cgvc:        -0.000       0.000       0.000
cgvc:         0.000      -0.000       0.000
cgvc:         0.000       0.000      -0.000

                     ====================================
                        Begin CG opt. move =      1
                     ====================================
k-point displ. along   2 input, could be:     0.00    0.50
k-point displ. along   3 input, could be:     0.00    0.50
 Kpoints in:           48 . Kpoints trimmed:           44

siesta: k-grid: Number of k-points = 44
siesta: k-points from Monkhorst-Pack grid
siesta: k-cutoff (effective) =     6.980 Ang
siesta: k-point supercell and displacements
siesta: k-grid:     3     0     0      0.000
siesta: k-grid:     0     6     0      0.000
siesta: k-grid:     0     0     4      0.000

superc: Internal auxiliary supercell:     5 x     9 x     7  =     315
superc: Number of atoms, orbitals, and projectors:   1260  31500  22680

outcell: Unit cell vectors (Ang):
        4.989847   -0.000000   -0.000000
       -0.000000    2.491536   -0.000000
       -0.000000   -0.000000    3.489846

outcell: Cell vector modules (Ang)   :    4.989847    2.491536    3.489846
outcell: Cell angles (23,13,12) (deg):     90.0000     90.0000     90.0000
outcell: Cell volume (Ang**3)        :     43.3871
<dSpData1D:S at geom step 1
  <sparsity:sparsity for geom step 1
    nrows_g=100 nrows=4 sparsity=1.2600 nnzs=12600, refcount: 7>
  <dData1D:(new from dSpData1D) n=12600, refcount: 1>
refcount: 1>
new_DM -- step:     2
Re-using DM from previous geometries...
Number of DMs in history: 1
 DM extrapolation coefficients: 
1   1.00000
New DM after history re-use:
<dSpData2D:SpM extrapolated using coords
  <sparsity:sparsity for geom step 1
    nrows_g=100 nrows=4 sparsity=1.2600 nnzs=12600, refcount: 9>
  <dData2D:(temp array for extrapolation) n=12600 m=2, refcount: 1>
refcount: 1>
No. of atoms with KB's overlaping orbs in proc 0. Max # of overlaps:      79     686

InitMesh: MESH = 54 x 30 x 40 = 64800
InitMesh: Mesh cutoff (required, used) =   300.000   323.679 Ry
New grid distribution [1]: sub = 2
New grid distribution [2]: sub = 2
New grid distribution [3]: sub = 2
Setting up quadratic distribution...

        iscf     Eharris(eV)        E_KS(eV)     FreeEng(eV)     dDmax    Ef(eV) dHmax(eV)
   scf:    1   -15036.228523   -15037.681999   -15037.689519  0.177311 -6.767261  3.140334
     spin moment: {S} , |S| = {        0.0        0.0   -0.00023 }    -0.00023
   scf:    2   -13742.515684   -14611.424828   -14611.441548  2.007692 -5.870831 80.505297
     spin moment: {S} , |S| = {        0.0        0.0    0.00477 }     0.00477
   scf:    3   -15041.442305   -15038.200948   -15038.208173  1.976118 -6.765335  1.219646
     spin moment: {S} , |S| = {        0.0        0.0   -0.00022 }    -0.00022
   scf:    4   -15038.261312   -15038.296987   -15038.304867  0.046787 -6.764634  0.313230
     spin moment: {S} , |S| = {        0.0        0.0   -0.00019 }    -0.00019
   scf:    5   -15038.306698   -15038.305853   -15038.313497  0.027886 -6.767909  0.082831
     spin moment: {S} , |S| = {        0.0        0.0    0.00017 }     0.00017
   scf:    6   -15038.306025   -15038.306249   -15038.313937  0.005875 -6.767887  0.037514
     spin moment: {S} , |S| = {        0.0        0.0   -0.00027 }    -0.00027
   scf:    7   -15038.306450   -15038.306362   -15038.314028  0.000771 -6.767804  0.021159
     spin moment: {S} , |S| = {        0.0        0.0   -0.00010 }    -0.00010
   scf:    8   -15038.305119   -15038.306110   -15038.313613  0.003844 -6.766545  0.102743
     spin moment: {S} , |S| = {        0.0        0.0   -0.00011 }    -0.00011
   scf:    9   -15038.306851   -15038.306581   -15038.314110  0.001743 -6.766300  0.041558
     spin moment: {S} , |S| = {        0.0        0.0   -0.00012 }    -0.00012
   scf:   10   -15038.306671   -15038.306662   -15038.314208  0.001076 -6.766325  0.007048
     spin moment: {S} , |S| = {        0.0        0.0   -0.00012 }    -0.00012
   scf:   11   -15038.306702   -15038.306682   -15038.314217  0.000338 -6.766397  0.003807
     spin moment: {S} , |S| = {        0.0        0.0   -0.00012 }    -0.00012

SCF Convergence by DM criterion
max |DM_out - DM_in|         :     0.0003381676
max |H_out - H_in|      (eV) :     0.0038068202
SCF cycle converged after 11 iterations

Using DM_out to compute the final energy and forces
No. of atoms with KB's overlaping orbs in proc 0. Max # of overlaps:      79     686

siesta: E_KS(eV) =           -15038.3067

siesta: Atomic forces (eV/Ang):
     1    0.693598    0.000000    0.000000
     2   -0.689391   -0.000000   -0.000000
     3   -0.352784   -0.000000    0.000000
     4    0.363635   -0.000000   -0.000000
----------------------------------------
   Tot    0.015058   -0.000000    0.000000
----------------------------------------
   Max    0.693598
   Res    0.317939    sqrt( Sum f_i^2 / 3N )
----------------------------------------
   Max    0.693598    constrained

Stress tensor Voigt[x,y,z,yz,xz,xy] (kbar):      -14.14      -20.72       10.50        0.00       -0.00        0.00
(Free)E + p*V (eV/cell)   -15038.0943
Target enthalpy (eV/cell)   -15038.3142

siesta: Stress tensor (static) (eV/Ang**3):
        -0.008829    0.000000   -0.000000
         0.000000   -0.012934    0.000000
        -0.000000    0.000000    0.006553

siesta: Pressure (static):          8.12268826  kBar

siesta: Stress tensor (total) (eV/Ang**3):
        -0.008829    0.000000   -0.000000
         0.000000   -0.012934    0.000000
        -0.000000    0.000000    0.006553

siesta: Pressure (total):          8.12268826  kBar

                     ====================================
                        Begin CG opt. move =      2
                     ====================================
k-point displ. along   2 input, could be:     0.00    0.50
k-point displ. along   3 input, could be:     0.00    0.50
 Kpoints in:           48 . Kpoints trimmed:           44

siesta: k-grid: Number of k-points = 44
siesta: k-points from Monkhorst-Pack grid
siesta: k-cutoff (effective) =     7.018 Ang
siesta: k-point supercell and displacements
siesta: k-grid:     3     0     0      0.000
siesta: k-grid:     0     6     0      0.000
siesta: k-grid:     0     0     4      0.000

superc: Internal auxiliary supercell:     5 x     9 x     7  =     315
superc: Number of atoms, orbitals, and projectors:   1260  31500  22680

outcell: Unit cell vectors (Ang):
        4.982431   -0.000000   -0.000000
       -0.000000    2.489954   -0.000000
       -0.000000   -0.000000    3.508773

outcell: Cell vector modules (Ang)   :    4.982431    2.489954    3.508773
outcell: Cell angles (23,13,12) (deg):     90.0000     90.0000     90.0000
outcell: Cell volume (Ang**3)        :     43.5299
<dSpData1D:S at geom step 2
  <sparsity:sparsity for geom step 2
    nrows_g=100 nrows=4 sparsity=1.2518 nnzs=12518, refcount: 7>
  <dData1D:(new from dSpData1D) n=12518, refcount: 1>
refcount: 1>
new_DM -- step:     3
Re-using DM from previous geometries...
Number of DMs in history: 1
 DM extrapolation coefficients: 
1   1.00000
New DM after history re-use:
<dSpData2D:SpM extrapolated using coords
  <sparsity:sparsity for geom step 2
    nrows_g=100 nrows=4 sparsity=1.2518 nnzs=12518, refcount: 9>
  <dData2D:(temp array for extrapolation) n=12518 m=2, refcount: 1>
refcount: 1>
No. of atoms with KB's overlaping orbs in proc 0. Max # of overlaps:      79     683

InitMesh: MESH = 54 x 30 x 40 = 64800
InitMesh: Mesh cutoff (required, used) =   300.000   324.644 Ry
New grid distribution [1]: sub = 2
New grid distribution [2]: sub = 2
New grid distribution [3]: sub = 2
Setting up quadratic distribution...

        iscf     Eharris(eV)        E_KS(eV)     FreeEng(eV)     dDmax    Ef(eV) dHmax(eV)
   scf:    1   -15037.428224   -15038.067860   -15038.075744  0.116859 -6.770954  2.041794
     spin moment: {S} , |S| = {        0.0        0.0    0.00045 }     0.00045
   scf:    2   -14922.753072   -15000.908812   -15000.917825  1.013360 -6.317475 24.291873
     spin moment: {S} , |S| = {        0.0        0.0    0.01693 }     0.01693
   scf:    3   -15043.319669   -15038.284650   -15038.292257  0.986026 -6.775495  0.913653
     spin moment: {S} , |S| = {        0.0        0.0    0.00046 }     0.00046
   scf:    4   -15038.339913   -15038.334631   -15038.342638  0.026947 -6.773750  0.081969
     spin moment: {S} , |S| = {        0.0        0.0   -0.00019 }    -0.00019
   scf:    5   -15038.227133   -15038.300225   -15038.308312  0.021209 -6.774032  0.783222
     spin moment: {S} , |S| = {        0.0        0.0    0.00026 }     0.00026
   scf:    6   -15038.345784   -15038.338065   -15038.346085  0.025022 -6.776251  0.073590
     spin moment: {S} , |S| = {        0.0        0.0   -0.00002 }    -0.00002
   scf:    7   -15038.338392   -15038.338365   -15038.346376  0.002167 -6.776729  0.012574
     spin moment: {S} , |S| = {        0.0        0.0   -0.00001 }    -0.00001
   scf:    8   -15038.338301   -15038.338355   -15038.346392  0.002408 -6.777865  0.027702
     spin moment: {S} , |S| = {        0.0        0.0   -0.00001 }    -0.00001
   scf:    9   -15038.338398   -15038.338380   -15038.346420  0.000305 -6.777808  0.017694
     spin moment: {S} , |S| = {        0.0        0.0   -0.00001 }    -0.00001

SCF Convergence by DM criterion
max |DM_out - DM_in|         :     0.0003047837
max |H_out - H_in|      (eV) :     0.0176944384
SCF cycle converged after 9 iterations

Using DM_out to compute the final energy and forces
No. of atoms with KB's overlaping orbs in proc 0. Max # of overlaps:      79     683

siesta: E_KS(eV) =           -15038.3384

siesta: Atomic forces (eV/Ang):
     1    0.076680    0.000000    0.000000
     2   -0.075964   -0.000000   -0.000000
     3   -0.043848   -0.000000    0.000000
     4    0.053621    0.000000   -0.000000
----------------------------------------
   Tot    0.010490   -0.000000    0.000000
----------------------------------------
   Max    0.076680
   Res    0.037023    sqrt( Sum f_i^2 / 3N )
----------------------------------------
   Max    0.076680    constrained

Stress tensor Voigt[x,y,z,yz,xz,xy] (kbar):      -11.16      -11.60       28.08       -0.00        0.00        0.00
(Free)E + p*V (eV/cell)   -15038.3947
Target enthalpy (eV/cell)   -15038.3464

siesta: Stress tensor (static) (eV/Ang**3):
        -0.006963    0.000000    0.000000
         0.000000   -0.007241   -0.000000
         0.000000   -0.000000    0.017529

siesta: Pressure (static):         -1.77589191  kBar

siesta: Stress tensor (total) (eV/Ang**3):
        -0.006963    0.000000    0.000000
         0.000000   -0.007241   -0.000000
         0.000000   -0.000000    0.017529

siesta: Pressure (total):         -1.77589191  kBar

cgvc: Finished line minimization    1.  Mean atomic displacement =    0.0372

                     ====================================
                        Begin CG opt. move =      3
                     ====================================
k-point displ. along   2 input, could be:     0.00    0.50
k-point displ. along   3 input, could be:     0.00    0.50
 Kpoints in:           48 . Kpoints trimmed:           44

siesta: k-grid: Number of k-points = 44
siesta: k-points from Monkhorst-Pack grid
siesta: k-cutoff (effective) =     6.968 Ang
siesta: k-point supercell and displacements
siesta: k-grid:     3     0     0      0.000
siesta: k-grid:     0     6     0      0.000
siesta: k-grid:     0     0     4      0.000

superc: Internal auxiliary supercell:     5 x     9 x     7  =     315
superc: Number of atoms, orbitals, and projectors:   1260  31500  22680

outcell: Unit cell vectors (Ang):
        4.995185   -0.000000   -0.000000
       -0.000000    2.495851    0.000000
       -0.000000    0.000000    3.484216

outcell: Cell vector modules (Ang)   :    4.995185    2.495851    3.484216
outcell: Cell angles (23,13,12) (deg):     90.0000     90.0000     90.0000
outcell: Cell volume (Ang**3)        :     43.4385
<dSpData1D:S at geom step 3
  <sparsity:sparsity for geom step 3
    nrows_g=100 nrows=4 sparsity=1.2516 nnzs=12516, refcount: 7>
  <dData1D:(new from dSpData1D) n=12516, refcount: 1>
refcount: 1>
new_DM -- step:     4
Re-using DM from previous geometries...
Number of DMs in history: 1
 DM extrapolation coefficients: 
1   1.00000
New DM after history re-use:
<dSpData2D:SpM extrapolated using coords
  <sparsity:sparsity for geom step 3
    nrows_g=100 nrows=4 sparsity=1.2516 nnzs=12516, refcount: 9>
  <dData2D:(temp array for extrapolation) n=12516 m=2, refcount: 1>
refcount: 1>
No. of atoms with KB's overlaping orbs in proc 0. Max # of overlaps:      79     683

InitMesh: MESH = 54 x 30 x 40 = 64800
InitMesh: Mesh cutoff (required, used) =   300.000   322.988 Ry
New grid distribution [1]: sub = 2
New grid distribution [2]: sub = 2
New grid distribution [3]: sub = 2
Setting up quadratic distribution...

        iscf     Eharris(eV)        E_KS(eV)     FreeEng(eV)     dDmax    Ef(eV) dHmax(eV)
   scf:    1   -15038.163769   -15038.330463   -15038.338885  0.040235 -6.768686  0.498008
     spin moment: {S} , |S| = {        0.0        0.0   -0.00213 }    -0.00213
   scf:    2   -15029.023297   -15035.303487   -15035.310138  0.200702 -6.815597  7.372661
     spin moment: {S} , |S| = {        0.0        0.0   -0.01965 }    -0.01965
   scf:    3   -15038.586396   -15038.343616   -15038.351843  0.182551 -6.770771  0.080839
     spin moment: {S} , |S| = {        0.0        0.0   -0.00120 }    -0.00120
   scf:    4   -15038.343950   -15038.343989   -15038.352253  0.002292 -6.771144  0.022038
     spin moment: {S} , |S| = {        0.0        0.0   -0.00110 }    -0.00110
   scf:    5   -15038.339947   -15038.342608   -15038.350934  0.003852 -6.773724  0.155508
     spin moment: {S} , |S| = {        0.0        0.0   -0.00129 }    -0.00129
   scf:    6   -15038.344199   -15038.344069   -15038.352336  0.004818 -6.774146  0.005142
     spin moment: {S} , |S| = {        0.0        0.0   -0.00119 }    -0.00119
   scf:    7   -15038.344007   -15038.344047   -15038.352322  0.000531 -6.774190  0.020132
     spin moment: {S} , |S| = {        0.0        0.0   -0.00123 }    -0.00123
   scf:    8   -15038.344064   -15038.344055   -15038.352331  0.000577 -6.774335  0.018559
     spin moment: {S} , |S| = {        0.0        0.0   -0.00131 }    -0.00131
   scf:    9   -15038.344040   -15038.344048   -15038.352327  0.000429 -6.774471  0.022270
     spin moment: {S} , |S| = {        0.0        0.0   -0.00136 }    -0.00136

SCF Convergence by DM criterion
max |DM_out - DM_in|         :     0.0004285762
max |H_out - H_in|      (eV) :     0.0222703508
SCF cycle converged after 9 iterations

Using DM_out to compute the final energy and forces
No. of atoms with KB's overlaping orbs in proc 0. Max # of overlaps:      79     683

siesta: E_KS(eV) =           -15038.3440

siesta: Atomic forces (eV/Ang):
     1    0.089815   -0.000000    0.000000
     2   -0.077087    0.000000   -0.000000
     3   -0.007964    0.000000   -0.000000
     4   -0.001300   -0.000000    0.000001
----------------------------------------
   Tot    0.003463   -0.000000    0.000001
----------------------------------------
   Max    0.089815
   Res    0.034247    sqrt( Sum f_i^2 / 3N )
----------------------------------------
   Max    0.089815    constrained

Stress tensor Voigt[x,y,z,yz,xz,xy] (kbar):      -10.67      -10.86       16.26        0.00        0.00       -0.00
(Free)E + p*V (eV/cell)   -15038.3048
Target enthalpy (eV/cell)   -15038.3523

siesta: Stress tensor (static) (eV/Ang**3):
        -0.006659   -0.000000   -0.000000
        -0.000000   -0.006777   -0.000000
         0.000000    0.000000    0.010151

siesta: Pressure (static):          1.75441768  kBar

siesta: Stress tensor (total) (eV/Ang**3):
        -0.006659   -0.000000   -0.000000
        -0.000000   -0.006777   -0.000000
         0.000000    0.000000    0.010151

siesta: Pressure (total):          1.75441768  kBar

                     ====================================
                        Begin CG opt. move =      4
                     ====================================
k-point displ. along   2 input, could be:     0.00    0.50
k-point displ. along   3 input, could be:     0.00    0.50
 Kpoints in:           48 . Kpoints trimmed:           44

siesta: k-grid: Number of k-points = 44
siesta: k-points from Monkhorst-Pack grid
siesta: k-cutoff (effective) =     6.890 Ang
siesta: k-point supercell and displacements
siesta: k-grid:     3     0     0      0.000
siesta: k-grid:     0     6     0      0.000
siesta: k-grid:     0     0     4      0.000

superc: Internal auxiliary supercell:     5 x     9 x     7  =     315
superc: Number of atoms, orbitals, and projectors:   1260  31500  22680

outcell: Unit cell vectors (Ang):
        5.015593   -0.000000   -0.000000
       -0.000000    2.505285    0.000000
       -0.000000    0.000000    3.444924

outcell: Cell vector modules (Ang)   :    5.015593    2.505285    3.444924
outcell: Cell angles (23,13,12) (deg):     90.0000     90.0000     90.0000
outcell: Cell volume (Ang**3)        :     43.2871
<dSpData1D:S at geom step 4
  <sparsity:sparsity for geom step 4
    nrows_g=100 nrows=4 sparsity=1.2516 nnzs=12516, refcount: 7>
  <dData1D:(new from dSpData1D) n=12516, refcount: 1>
refcount: 1>
new_DM -- step:     5
Re-using DM from previous geometries...
Number of DMs in history: 1
 DM extrapolation coefficients: 
1   1.00000
New DM after history re-use:
<dSpData2D:SpM extrapolated using coords
  <sparsity:sparsity for geom step 4
    nrows_g=100 nrows=4 sparsity=1.2516 nnzs=12516, refcount: 9>
  <dData2D:(temp array for extrapolation) n=12516 m=2, refcount: 1>
refcount: 1>
No. of atoms with KB's overlaping orbs in proc 0. Max # of overlaps:      79     683

InitMesh: MESH = 54 x 30 x 36 = 58320
InitMesh: Mesh cutoff (required, used) =   300.000   301.820 Ry
New grid distribution [1]: sub = 2
New grid distribution [2]: sub = 2
New grid distribution [3]: sub = 2
Setting up quadratic distribution...

        iscf     Eharris(eV)        E_KS(eV)     FreeEng(eV)     dDmax    Ef(eV) dHmax(eV)
   scf:    1   -15038.094167   -15038.348734   -15038.356990  0.058633 -6.760833  0.152042
     spin moment: {S} , |S| = {        0.0        0.0   -0.00512 }    -0.00512
   scf:    2   -15037.556793   -15038.089645   -15038.098668  0.069124 -6.772967  2.356198
     spin moment: {S} , |S| = {        0.0        0.0    0.02169 }     0.02169
   scf:    3   -15038.362323   -15038.349628   -15038.357946  0.066796 -6.762214  0.031601
     spin moment: {S} , |S| = {        0.0        0.0   -0.00439 }    -0.00439
   scf:    4   -15038.349985   -15038.349850   -15038.358179  0.003946 -6.764878  0.034008
     spin moment: {S} , |S| = {        0.0        0.0   -0.00432 }    -0.00432
   scf:    5   -15038.349958   -15038.349916   -15038.358241  0.001743 -6.766242  0.014052
     spin moment: {S} , |S| = {        0.0        0.0   -0.00462 }    -0.00462
   scf:    6   -15038.349932   -15038.349926   -15038.358250  0.000458 -6.766407  0.007491
     spin moment: {S} , |S| = {        0.0        0.0   -0.00475 }    -0.00475

SCF Convergence by DM criterion
max |DM_out - DM_in|         :     0.0004581315
max |H_out - H_in|      (eV) :     0.0074910786
SCF cycle converged after 6 iterations

Using DM_out to compute the final energy and forces
No. of atoms with KB's overlaping orbs in proc 0. Max # of overlaps:      79     683

siesta: E_KS(eV) =           -15038.3499

siesta: Atomic forces (eV/Ang):
     1    0.090533    0.000000    0.000001
     2   -0.059224   -0.000000    0.000000
     3    0.059602    0.000000    0.000001
     4   -0.097557   -0.000000    0.000001
----------------------------------------
   Tot   -0.006647    0.000000    0.000003
----------------------------------------
   Max    0.097557
   Res    0.045436    sqrt( Sum f_i^2 / 3N )
----------------------------------------
   Max    0.097557    constrained

Stress tensor Voigt[x,y,z,yz,xz,xy] (kbar):      -11.56      -12.07       -0.72        0.00        0.00       -0.00
(Free)E + p*V (eV/cell)   -15038.1390
Target enthalpy (eV/cell)   -15038.3582

siesta: Stress tensor (static) (eV/Ang**3):
        -0.007212   -0.000000    0.000000
        -0.000000   -0.007533    0.000000
         0.000000    0.000000   -0.000446

siesta: Pressure (static):          8.11354391  kBar

siesta: Stress tensor (total) (eV/Ang**3):
        -0.007212   -0.000000    0.000000
        -0.000000   -0.007533    0.000000
         0.000000    0.000000   -0.000446

siesta: Pressure (total):          8.11354391  kBar

                     ====================================
                        Begin CG opt. move =      5
                     ====================================
k-point displ. along   2 input, could be:     0.00    0.50
k-point displ. along   3 input, could be:     0.00    0.50
 Kpoints in:           48 . Kpoints trimmed:           44

siesta: k-grid: Number of k-points = 44
siesta: k-points from Monkhorst-Pack grid
siesta: k-cutoff (effective) =     6.764 Ang
siesta: k-point supercell and displacements
siesta: k-grid:     3     0     0      0.000
siesta: k-grid:     0     6     0      0.000
siesta: k-grid:     0     0     4      0.000

superc: Internal auxiliary supercell:     5 x     9 x     7  =     315
superc: Number of atoms, orbitals, and projectors:   1260  31500  22680

outcell: Unit cell vectors (Ang):
        5.048245   -0.000000   -0.000000
       -0.000000    2.520379    0.000000
       -0.000000    0.000000    3.382057

outcell: Cell vector modules (Ang)   :    5.048245    2.520379    3.382057
outcell: Cell angles (23,13,12) (deg):     90.0000     90.0000     90.0000
outcell: Cell volume (Ang**3)        :     43.0316
<dSpData1D:S at geom step 5
  <sparsity:sparsity for geom step 5
    nrows_g=100 nrows=4 sparsity=1.2742 nnzs=12742, refcount: 7>
  <dData1D:(new from dSpData1D) n=12742, refcount: 1>
refcount: 1>
new_DM -- step:     6
Re-using DM from previous geometries...
Number of DMs in history: 1
 DM extrapolation coefficients: 
1   1.00000
New DM after history re-use:
<dSpData2D:SpM extrapolated using coords
  <sparsity:sparsity for geom step 5
    nrows_g=100 nrows=4 sparsity=1.2742 nnzs=12742, refcount: 9>
  <dData2D:(temp array for extrapolation) n=12742 m=2, refcount: 1>
refcount: 1>
No. of atoms with KB's overlaping orbs in proc 0. Max # of overlaps:      79     687

InitMesh: MESH = 54 x 30 x 36 = 58320
InitMesh: Mesh cutoff (required, used) =   300.000   313.145 Ry
New grid distribution [1]: sub = 2
New grid distribution [2]: sub = 2
New grid distribution [3]: sub = 2
Setting up quadratic distribution...

        iscf     Eharris(eV)        E_KS(eV)     FreeEng(eV)     dDmax    Ef(eV) dHmax(eV)
   scf:    1   -15037.804419   -15038.321921   -15038.329286  0.179736 -6.748894  0.657616
     spin moment: {S} , |S| = {        0.0        0.0   -0.01055 }    -0.01055
   scf:    2   -15022.721032   -15033.243706   -15033.251521  0.343977 -6.831191  9.579822
     spin moment: {S} , |S| = {        0.0        0.0   -0.01016 }    -0.01016
   scf:    3   -15038.718330   -15038.344496   -15038.351447  0.322308 -6.755101  0.111159
     spin moment: {S} , |S| = {        0.0        0.0   -0.01043 }    -0.01043
   scf:    4   -15038.344985   -15038.344897   -15038.351903  0.002073 -6.755795  0.047521
     spin moment: {S} , |S| = {        0.0        0.0   -0.01046 }    -0.01046
   scf:    5   -15038.342292   -15038.344193   -15038.351356  0.008508 -6.761345  0.143563
     spin moment: {S} , |S| = {        0.0        0.0   -0.01073 }    -0.01073
   scf:    6   -15038.345774   -15038.345296   -15038.352402  0.002927 -6.762020  0.038141
     spin moment: {S} , |S| = {        0.0        0.0   -0.01086 }    -0.01086
   scf:    7   -15038.345376   -15038.345380   -15038.352478  0.001193 -6.762380  0.016313
     spin moment: {S} , |S| = {        0.0        0.0   -0.01108 }    -0.01108
   scf:    8   -15038.344644   -15038.345147   -15038.352355  0.003781 -6.763022  0.068157
     spin moment: {S} , |S| = {        0.0        0.0   -0.01197 }    -0.01197
   scf:    9   -15038.344756   -15038.344960   -15038.352216  0.001643 -6.763731  0.087199
     spin moment: {S} , |S| = {        0.0        0.0   -0.01248 }    -0.01248
   scf:   10   -15038.345472   -15038.345390   -15038.352632  0.002076 -6.765405  0.005298
     spin moment: {S} , |S| = {        0.0        0.0   -0.01303 }    -0.01303
   scf:   11   -15038.345378   -15038.345383   -15038.352639  0.000566 -6.765835  0.003854
     spin moment: {S} , |S| = {        0.0        0.0   -0.01324 }    -0.01324
   scf:   12   -15038.345373   -15038.345378   -15038.352643  0.000413 -6.766044  0.002914
     spin moment: {S} , |S| = {        0.0        0.0   -0.01339 }    -0.01339

SCF Convergence by DM criterion
max |DM_out - DM_in|         :     0.0004126070
max |H_out - H_in|      (eV) :     0.0029136675
SCF cycle converged after 12 iterations

Using DM_out to compute the final energy and forces
No. of atoms with KB's overlaping orbs in proc 0. Max # of overlaps:      79     687

siesta: E_KS(eV) =           -15038.3454

siesta: Atomic forces (eV/Ang):
     1    0.103510   -0.000000    0.000001
     2   -0.042898   -0.000001    0.000000
     3    0.198037    0.000000   -0.000000
     4   -0.253976    0.000000   -0.000000
----------------------------------------
   Tot    0.004673   -0.000001    0.000001
----------------------------------------
   Max    0.253976
   Res    0.098437    sqrt( Sum f_i^2 / 3N )
----------------------------------------
   Max    0.253976    constrained

Stress tensor Voigt[x,y,z,yz,xz,xy] (kbar):      -15.55      -13.54      -30.69        0.00       -0.00       -0.00
(Free)E + p*V (eV/cell)   -15037.8175
Target enthalpy (eV/cell)   -15038.3526

siesta: Stress tensor (static) (eV/Ang**3):
        -0.009705   -0.000000   -0.000000
        -0.000000   -0.008449    0.000000
        -0.000000    0.000000   -0.019152

siesta: Pressure (static):         19.92388228  kBar

siesta: Stress tensor (total) (eV/Ang**3):
        -0.009705   -0.000000   -0.000000
        -0.000000   -0.008449    0.000000
        -0.000000    0.000000   -0.019152

siesta: Pressure (total):         19.92388228  kBar

                     ====================================
                        Begin CG opt. move =      6
                     ====================================
k-point displ. along   2 input, could be:     0.00    0.50
k-point displ. along   3 input, could be:     0.00    0.50
 Kpoints in:           48 . Kpoints trimmed:           44

siesta: k-grid: Number of k-points = 44
siesta: k-points from Monkhorst-Pack grid
siesta: k-cutoff (effective) =     6.874 Ang
siesta: k-point supercell and displacements
siesta: k-grid:     3     0     0      0.000
siesta: k-grid:     0     6     0      0.000
siesta: k-grid:     0     0     4      0.000

superc: Internal auxiliary supercell:     5 x     9 x     7  =     315
superc: Number of atoms, orbitals, and projectors:   1260  31500  22680

outcell: Unit cell vectors (Ang):
        5.019697   -0.000000   -0.000000
       -0.000000    2.507182    0.000000
       -0.000000    0.000000    3.437023

outcell: Cell vector modules (Ang)   :    5.019697    2.507182    3.437023
outcell: Cell angles (23,13,12) (deg):     90.0000     90.0000     90.0000
outcell: Cell volume (Ang**3)        :     43.2559
<dSpData1D:S at geom step 6
  <sparsity:sparsity for geom step 6
    nrows_g=100 nrows=4 sparsity=1.2540 nnzs=12540, refcount: 7>
  <dData1D:(new from dSpData1D) n=12540, refcount: 1>
refcount: 1>
new_DM -- step:     7
Re-using DM from previous geometries...
Number of DMs in history: 1
 DM extrapolation coefficients: 
1   1.00000
New DM after history re-use:
<dSpData2D:SpM extrapolated using coords
  <sparsity:sparsity for geom step 6
    nrows_g=100 nrows=4 sparsity=1.2540 nnzs=12540, refcount: 9>
  <dData2D:(temp array for extrapolation) n=12540 m=2, refcount: 1>
refcount: 1>
No. of atoms with KB's overlaping orbs in proc 0. Max # of overlaps:      79     683

InitMesh: MESH = 54 x 30 x 36 = 58320
InitMesh: Mesh cutoff (required, used) =   300.000   303.209 Ry
New grid distribution [1]: sub = 2
New grid distribution [2]: sub = 2
New grid distribution [3]: sub = 2
Setting up quadratic distribution...

        iscf     Eharris(eV)        E_KS(eV)     FreeEng(eV)     dDmax    Ef(eV) dHmax(eV)
   scf:    1   -15038.601447   -15038.341799   -15038.350035  0.091291 -6.774322  0.373115
     spin moment: {S} , |S| = {        0.0        0.0   -0.00870 }    -0.00870
   scf:    2   -15029.208755   -15035.348267   -15035.358755  0.268140 -6.762265  7.464938
     spin moment: {S} , |S| = {        0.0        0.0   -0.03585 }    -0.03585
   scf:    3   -15038.461095   -15038.349406   -15038.357803  0.257227 -6.773584  0.065271
     spin moment: {S} , |S| = {        0.0        0.0   -0.00978 }    -0.00978
   scf:    4   -15038.349832   -15038.349718   -15038.358149  0.002616 -6.773129  0.030693
     spin moment: {S} , |S| = {        0.0        0.0   -0.00972 }    -0.00972
   scf:    5   -15038.349666   -15038.349775   -15038.358233  0.003556 -6.772279  0.064100
     spin moment: {S} , |S| = {        0.0        0.0   -0.00988 }    -0.00988
   scf:    6   -15038.350037   -15038.349926   -15038.358370  0.001195 -6.771934  0.033564
     spin moment: {S} , |S| = {        0.0        0.0   -0.00971 }    -0.00971
   scf:    7   -15038.349947   -15038.349997   -15038.358407  0.001586 -6.771591  0.030654
     spin moment: {S} , |S| = {        0.0        0.0   -0.00956 }    -0.00956
   scf:    8   -15038.350138   -15038.350065   -15038.358446  0.001611 -6.770336  0.026582
     spin moment: {S} , |S| = {        0.0        0.0   -0.00905 }    -0.00905
   scf:    9   -15038.350131   -15038.350104   -15038.358480  0.000744 -6.769781  0.007847
     spin moment: {S} , |S| = {        0.0        0.0   -0.00880 }    -0.00880
   scf:   10   -15038.350129   -15038.350117   -15038.358487  0.000399 -6.769617  0.003695
     spin moment: {S} , |S| = {        0.0        0.0   -0.00864 }    -0.00864

SCF Convergence by DM criterion
max |DM_out - DM_in|         :     0.0003985757
max |H_out - H_in|      (eV) :     0.0036953806
SCF cycle converged after 10 iterations

Using DM_out to compute the final energy and forces
No. of atoms with KB's overlaping orbs in proc 0. Max # of overlaps:      79     683

siesta: E_KS(eV) =           -15038.3501

siesta: Atomic forces (eV/Ang):
     1    0.093360   -0.000000   -0.000000
     2   -0.059716   -0.000000   -0.000001
     3    0.069315   -0.000000   -0.000000
     4   -0.105540   -0.000000    0.000000
----------------------------------------
   Tot   -0.002581   -0.000000   -0.000001
----------------------------------------
   Max    0.105540
   Res    0.048499    sqrt( Sum f_i^2 / 3N )
----------------------------------------
   Max    0.105540    constrained

Stress tensor Voigt[x,y,z,yz,xz,xy] (kbar):      -10.44       -9.83       -1.38       -0.00        0.00        0.00
(Free)E + p*V (eV/cell)   -15038.1636
Target enthalpy (eV/cell)   -15038.3585

siesta: Stress tensor (static) (eV/Ang**3):
        -0.006517    0.000000    0.000000
         0.000000   -0.006138   -0.000000
         0.000000   -0.000000   -0.000864

siesta: Pressure (static):          7.21981316  kBar

siesta: Stress tensor (total) (eV/Ang**3):
        -0.006517    0.000000    0.000000
         0.000000   -0.006138   -0.000000
         0.000000   -0.000000   -0.000864

siesta: Pressure (total):          7.21981316  kBar

cgvc: Finished line minimization    2.  Mean atomic displacement =    0.1088

                     ====================================
                        Begin CG opt. move =      7
                     ====================================
k-point displ. along   2 input, could be:     0.00    0.50
k-point displ. along   3 input, could be:     0.00    0.50
 Kpoints in:           48 . Kpoints trimmed:           44

siesta: k-grid: Number of k-points = 44
siesta: k-points from Monkhorst-Pack grid
siesta: k-cutoff (effective) =     6.801 Ang
siesta: k-point supercell and displacements
siesta: k-grid:     3     0     0      0.000
siesta: k-grid:     0     6     0      0.000
siesta: k-grid:     0     0     4      0.000

superc: Internal auxiliary supercell:     5 x     9 x     7  =     315
superc: Number of atoms, orbitals, and projectors:   1260  31500  22680

outcell: Unit cell vectors (Ang):
        5.068113   -0.000000   -0.000000
       -0.000000    2.529805    0.000000
       -0.000000    0.000000    3.400339

outcell: Cell vector modules (Ang)   :    5.068113    2.529805    3.400339
outcell: Cell angles (23,13,12) (deg):     90.0000     90.0000     90.0000
outcell: Cell volume (Ang**3)        :     43.5969
<dSpData1D:S at geom step 7
  <sparsity:sparsity for geom step 7
    nrows_g=100 nrows=4 sparsity=1.2444 nnzs=12444, refcount: 7>
  <dData1D:(new from dSpData1D) n=12444, refcount: 1>
refcount: 1>
new_DM -- step:     8
Re-using DM from previous geometries...
Number of DMs in history: 1
 DM extrapolation coefficients: 
1   1.00000
New DM after history re-use:
<dSpData2D:SpM extrapolated using coords
  <sparsity:sparsity for geom step 7
    nrows_g=100 nrows=4 sparsity=1.2444 nnzs=12444, refcount: 9>
  <dData2D:(temp array for extrapolation) n=12444 m=2, refcount: 1>
refcount: 1>
No. of atoms with KB's overlaping orbs in proc 0. Max # of overlaps:      79     677

InitMesh: MESH = 54 x 30 x 36 = 58320
InitMesh: Mesh cutoff (required, used) =   300.000   309.787 Ry
New grid distribution [1]: sub = 2
New grid distribution [2]: sub = 2
New grid distribution [3]: sub = 2
Setting up quadratic distribution...

        iscf     Eharris(eV)        E_KS(eV)     FreeEng(eV)     dDmax    Ef(eV) dHmax(eV)
   scf:    1   -15038.595000   -15038.261426   -15038.268083  0.158819 -6.751223  1.159316
     spin moment: {S} , |S| = {        0.0        0.0    0.01429 }     0.01429
   scf:    2   -14966.105343   -15014.598034   -15014.609250  0.688993 -6.533006 24.069016
     spin moment: {S} , |S| = {        0.0        0.0    0.13693 }     0.13693
   scf:    3   -15039.134542   -15038.315654   -15038.322370  0.663629 -6.739223  0.322421
     spin moment: {S} , |S| = {        0.0        0.0    0.02336 }     0.02336
   scf:    4   -15038.318209   -15038.317088   -15038.323816  0.002330 -6.736380  0.204691
     spin moment: {S} , |S| = {        0.0        0.0    0.02381 }     0.02381
   scf:    5   -15038.319423   -15038.318709   -15038.325416  0.008746 -6.728036  0.106239
     spin moment: {S} , |S| = {        0.0        0.0    0.02504 }     0.02504
   scf:    6   -15038.319988   -15038.319481   -15038.326139  0.011437 -6.718607  0.151013
     spin moment: {S} , |S| = {        0.0        0.0    0.02564 }     0.02564
   scf:    7   -15038.307147   -15038.316706   -15038.323141  0.011853 -6.720436  0.426013
     spin moment: {S} , |S| = {        0.0        0.0    0.02426 }     0.02426
   scf:    8   -15038.319978   -15038.318416   -15038.324839  0.002704 -6.720267  0.344128
     spin moment: {S} , |S| = {        0.0        0.0    0.02539 }     0.02539
   scf:    9   -15038.319719   -15038.319085   -15038.325504  0.001115 -6.720138  0.305021
     spin moment: {S} , |S| = {        0.0        0.0    0.02587 }     0.02587
   scf:   10   -15038.322013   -15038.321553   -15038.327973  0.007821 -6.718955  0.020015
     spin moment: {S} , |S| = {        0.0        0.0    0.02921 }     0.02921
   scf:   11   -15038.322421   -15038.321923   -15038.328292  0.006576 -6.718186  0.017222
     spin moment: {S} , |S| = {        0.0        0.0    0.03135 }     0.03135
   scf:   12   -15038.322174   -15038.322037   -15038.328390  0.003650 -6.717702  0.005791
     spin moment: {S} , |S| = {        0.0        0.0    0.03213 }     0.03213
   scf:   13   -15038.322081   -15038.322058   -15038.328411  0.000881 -6.717664  0.005507
     spin moment: {S} , |S| = {        0.0        0.0    0.03213 }     0.03213
   scf:   14   -15038.322168   -15038.322103   -15038.328454  0.003442 -6.717368  0.002690
     spin moment: {S} , |S| = {        0.0        0.0    0.03217 }     0.03217
   scf:   15   -15038.322109   -15038.322106   -15038.328457  0.000665 -6.717321  0.002215
     spin moment: {S} , |S| = {        0.0        0.0    0.03213 }     0.03213
   scf:   16   -15038.322108   -15038.322107   -15038.328457  0.000131 -6.717284  0.002054
     spin moment: {S} , |S| = {        0.0        0.0    0.03204 }     0.03204

SCF Convergence by DM criterion
max |DM_out - DM_in|         :     0.0001305190
max |H_out - H_in|      (eV) :     0.0020544664
SCF cycle converged after 16 iterations

Using DM_out to compute the final energy and forces
No. of atoms with KB's overlaping orbs in proc 0. Max # of overlaps:      79     677

siesta: E_KS(eV) =           -15038.3221

siesta: Atomic forces (eV/Ang):
     1   -0.620756   -0.000000   -0.000001
     2    0.414003    0.000002    0.000005
     3   -0.382637   -0.000000    0.000000
     4    0.582907    0.000002   -0.000004
----------------------------------------
   Tot   -0.006482    0.000003    0.000000
----------------------------------------
   Max    0.620756
   Res    0.294806    sqrt( Sum f_i^2 / 3N )
----------------------------------------
   Max    0.620756    constrained

Stress tensor Voigt[x,y,z,yz,xz,xy] (kbar):        0.53       -8.85      -18.48        0.00       -0.00       -0.00
(Free)E + p*V (eV/cell)   -15038.0853
Target enthalpy (eV/cell)   -15038.3285

siesta: Stress tensor (static) (eV/Ang**3):
         0.000329    0.000000   -0.000000
        -0.000000   -0.005525    0.000000
        -0.000000    0.000000   -0.011533

siesta: Pressure (static):          8.93438383  kBar

siesta: Stress tensor (total) (eV/Ang**3):
         0.000329    0.000000   -0.000000
        -0.000000   -0.005525    0.000000
        -0.000000    0.000000   -0.011533

siesta: Pressure (total):          8.93438383  kBar

                     ====================================
                        Begin CG opt. move =      8
                     ====================================
k-point displ. along   2 input, could be:     0.00    0.50
k-point displ. along   3 input, could be:     0.00    0.50
 Kpoints in:           48 . Kpoints trimmed:           44

siesta: k-grid: Number of k-points = 44
siesta: k-points from Monkhorst-Pack grid
siesta: k-cutoff (effective) =     6.861 Ang
siesta: k-point supercell and displacements
siesta: k-grid:     3     0     0      0.000
siesta: k-grid:     0     6     0      0.000
siesta: k-grid:     0     0     4      0.000

superc: Internal auxiliary supercell:     5 x     9 x     7  =     315
superc: Number of atoms, orbitals, and projectors:   1260  31500  22680

outcell: Unit cell vectors (Ang):
        5.028192   -0.000000   -0.000000
       -0.000000    2.511151    0.000000
       -0.000000    0.000000    3.430586

outcell: Cell vector modules (Ang)   :    5.028192    2.511151    3.430586
outcell: Cell angles (23,13,12) (deg):     90.0000     90.0000     90.0000
outcell: Cell volume (Ang**3)        :     43.3165
<dSpData1D:S at geom step 8
  <sparsity:sparsity for geom step 8
    nrows_g=100 nrows=4 sparsity=1.2520 nnzs=12520, refcount: 7>
  <dData1D:(new from dSpData1D) n=12520, refcount: 1>
refcount: 1>
new_DM -- step:     9
Re-using DM from previous geometries...
Number of DMs in history: 1
 DM extrapolation coefficients: 
1   1.00000
New DM after history re-use:
<dSpData2D:SpM extrapolated using coords
  <sparsity:sparsity for geom step 8
    nrows_g=100 nrows=4 sparsity=1.2520 nnzs=12520, refcount: 9>
  <dData2D:(temp array for extrapolation) n=12520 m=2, refcount: 1>
refcount: 1>
No. of atoms with KB's overlaping orbs in proc 0. Max # of overlaps:      79     683

InitMesh: MESH = 54 x 30 x 36 = 58320
InitMesh: Mesh cutoff (required, used) =   300.000   304.348 Ry
New grid distribution [1]: sub = 2
New grid distribution [2]: sub = 2
New grid distribution [3]: sub = 2
Setting up quadratic distribution...

        iscf     Eharris(eV)        E_KS(eV)     FreeEng(eV)     dDmax    Ef(eV) dHmax(eV)
   scf:    1   -15037.719324   -15038.320679   -15038.329075  0.138285 -6.717861  0.853840
     spin moment: {S} , |S| = {        0.0        0.0    0.00802 }     0.00802
   scf:    2   -15013.535435   -15030.223201   -15030.232932  0.492829 -6.768880 15.026461
     spin moment: {S} , |S| = {        0.0        0.0   -0.02057 }    -0.02057
   scf:    3   -15038.815478   -15038.349658   -15038.357378  0.467688 -6.728422  0.184853
     spin moment: {S} , |S| = {        0.0        0.0    0.00911 }     0.00911
   scf:    4   -15038.350523   -15038.350193   -15038.357966  0.002741 -6.729769  0.104780
     spin moment: {S} , |S| = {        0.0        0.0    0.00917 }     0.00917
   scf:    5   -15038.351132   -15038.350953   -15038.358796  0.013638 -6.739071  0.106543
     spin moment: {S} , |S| = {        0.0        0.0    0.00953 }     0.00953
   scf:    6   -15038.351851   -15038.351445   -15038.359252  0.005025 -6.743002  0.052197
     spin moment: {S} , |S| = {        0.0        0.0    0.00937 }     0.00937
   scf:    7   -15038.351678   -15038.351710   -15038.359459  0.004021 -6.744545  0.067945
     spin moment: {S} , |S| = {        0.0        0.0    0.00838 }     0.00838
   scf:    8   -15038.351267   -15038.351800   -15038.359694  0.007170 -6.744663  0.093463
     spin moment: {S} , |S| = {        0.0        0.0    0.00612 }     0.00612
   scf:    9   -15038.351651   -15038.351724   -15038.359654  0.002545 -6.745595  0.115019
     spin moment: {S} , |S| = {        0.0        0.0    0.00500 }     0.00500
   scf:   10   -15038.352603   -15038.352332   -15038.360244  0.005005 -6.749280  0.006634
     spin moment: {S} , |S| = {        0.0        0.0    0.00261 }     0.00261
   scf:   11   -15038.352363   -15038.352346   -15038.360272  0.001090 -6.749870  0.006192
     spin moment: {S} , |S| = {        0.0        0.0    0.00218 }     0.00218
   scf:   12   -15038.352397   -15038.352361   -15038.360325  0.002681 -6.751176  0.004104
     spin moment: {S} , |S| = {        0.0        0.0    0.00138 }     0.00138
   scf:   13   -15038.352354   -15038.352353   -15038.360341  0.001670 -6.751982  0.003007
     spin moment: {S} , |S| = {        0.0        0.0    0.00096 }     0.00096
   scf:   14   -15038.352349   -15038.352351   -15038.360343  0.000233 -6.752097  0.002560
     spin moment: {S} , |S| = {        0.0        0.0    0.00094 }     0.00094

SCF Convergence by DM criterion
max |DM_out - DM_in|         :     0.0002331104
max |H_out - H_in|      (eV) :     0.0025598359
SCF cycle converged after 14 iterations

Using DM_out to compute the final energy and forces
No. of atoms with KB's overlaping orbs in proc 0. Max # of overlaps:      79     683

siesta: E_KS(eV) =           -15038.3524

siesta: Atomic forces (eV/Ang):
     1   -0.018802    0.000001    0.000001
     2    0.007736    0.000001    0.000000
     3    0.004429   -0.000000   -0.000000
     4    0.004035    0.000000   -0.000001
----------------------------------------
   Tot   -0.002603    0.000001    0.000001
----------------------------------------
   Max    0.018802
   Res    0.006119    sqrt( Sum f_i^2 / 3N )
----------------------------------------
   Max    0.018802    constrained

Stress tensor Voigt[x,y,z,yz,xz,xy] (kbar):      -11.32      -12.84       -5.74       -0.00       -0.00       -0.00
(Free)E + p*V (eV/cell)   -15038.0909
Target enthalpy (eV/cell)   -15038.3603

siesta: Stress tensor (static) (eV/Ang**3):
        -0.007064   -0.000000   -0.000000
        -0.000000   -0.008015   -0.000000
        -0.000000   -0.000000   -0.003582

siesta: Pressure (static):          9.96600616  kBar

siesta: Stress tensor (total) (eV/Ang**3):
        -0.007064   -0.000000   -0.000000
        -0.000000   -0.008015   -0.000000
        -0.000000   -0.000000   -0.003582

siesta: Pressure (total):          9.96600616  kBar

cgvc: Finished line minimization    3.  Mean atomic displacement =    0.0191

                     ====================================
                        Begin CG opt. move =      9
                     ====================================
k-point displ. along   2 input, could be:     0.00    0.50
k-point displ. along   3 input, could be:     0.00    0.50
 Kpoints in:           48 . Kpoints trimmed:           44

siesta: k-grid: Number of k-points = 44
siesta: k-points from Monkhorst-Pack grid
siesta: k-cutoff (effective) =     6.865 Ang
siesta: k-point supercell and displacements
siesta: k-grid:     3     0     0      0.000
siesta: k-grid:     0     6     0      0.000
siesta: k-grid:     0     0     4      0.000

superc: Internal auxiliary supercell:     5 x     9 x     7  =     315
superc: Number of atoms, orbitals, and projectors:   1260  31500  22680

outcell: Unit cell vectors (Ang):
        5.041454    0.000000    0.000000
        0.000000    2.518428    0.000000
        0.000000    0.000000    3.432582

outcell: Cell vector modules (Ang)   :    5.041454    2.518428    3.432582
outcell: Cell angles (23,13,12) (deg):     90.0000     90.0000     90.0000
outcell: Cell volume (Ang**3)        :     43.5819
<dSpData1D:S at geom step 9
  <sparsity:sparsity for geom step 9
    nrows_g=100 nrows=4 sparsity=1.2508 nnzs=12508, refcount: 7>
  <dData1D:(new from dSpData1D) n=12508, refcount: 1>
refcount: 1>
new_DM -- step:    10
Re-using DM from previous geometries...
Number of DMs in history: 1
 DM extrapolation coefficients: 
1   1.00000
New DM after history re-use:
<dSpData2D:SpM extrapolated using coords
  <sparsity:sparsity for geom step 9
    nrows_g=100 nrows=4 sparsity=1.2508 nnzs=12508, refcount: 9>
  <dData2D:(temp array for extrapolation) n=12508 m=2, refcount: 1>
refcount: 1>
No. of atoms with KB's overlaping orbs in proc 0. Max # of overlaps:      79     683

InitMesh: MESH = 54 x 30 x 36 = 58320
InitMesh: Mesh cutoff (required, used) =   300.000   303.994 Ry
New grid distribution [1]: sub = 2
New grid distribution [2]: sub = 2
New grid distribution [3]: sub = 2
Setting up quadratic distribution...

        iscf     Eharris(eV)        E_KS(eV)     FreeEng(eV)     dDmax    Ef(eV) dHmax(eV)
   scf:    1   -15038.737967   -15038.341566   -15038.348852  0.042402 -6.747050  0.513170
     spin moment: {S} , |S| = {        0.0        0.0   -0.00071 }    -0.00071
   scf:    2   -15022.785755   -15033.237136   -15033.249033  0.310133 -6.683803  9.585119
     spin moment: {S} , |S| = {        0.0        0.0    0.00907 }     0.00907
   scf:    3   -15038.524186   -15038.353090   -15038.360714  0.298995 -6.741279  0.119605
     spin moment: {S} , |S| = {        0.0        0.0   -0.00065 }    -0.00065
   scf:    4   -15038.352885   -15038.353365   -15038.361089  0.003824 -6.736911  0.060841
     spin moment: {S} , |S| = {        0.0        0.0   -0.00067 }    -0.00067
   scf:    5   -15038.352699   -15038.353099   -15038.360852  0.003920 -6.731729  0.087888
     spin moment: {S} , |S| = {        0.0        0.0   -0.00067 }    -0.00067
   scf:    6   -15038.353739   -15038.353481   -15038.361184  0.001338 -6.731415  0.038279
     spin moment: {S} , |S| = {        0.0        0.0   -0.00070 }    -0.00070
   scf:    7   -15038.352618   -15038.353382   -15038.360957  0.003326 -6.730830  0.078578
     spin moment: {S} , |S| = {        0.0        0.0   -0.00078 }    -0.00078
   scf:    8   -15038.353602   -15038.353489   -15038.361031  0.001353 -6.730056  0.073642
     spin moment: {S} , |S| = {        0.0        0.0   -0.00093 }    -0.00093
   scf:    9   -15038.353912   -15038.353801   -15038.361347  0.002304 -6.728914  0.008808
     spin moment: {S} , |S| = {        0.0        0.0   -0.00117 }    -0.00117
   scf:   10   -15038.353856   -15038.353829   -15038.361358  0.000805 -6.728495  0.002221
     spin moment: {S} , |S| = {        0.0        0.0   -0.00127 }    -0.00127
   scf:   11   -15038.353900   -15038.353863   -15038.361365  0.001012 -6.728067  0.001270
     spin moment: {S} , |S| = {        0.0        0.0   -0.00137 }    -0.00137
   scf:   12   -15038.353910   -15038.353886   -15038.361368  0.000755 -6.727767  0.001167
     spin moment: {S} , |S| = {        0.0        0.0   -0.00143 }    -0.00143
   scf:   13   -15038.353896   -15038.353891   -15038.361368  0.000168 -6.727713  0.001051
     spin moment: {S} , |S| = {        0.0        0.0   -0.00144 }    -0.00144

SCF Convergence by DM criterion
max |DM_out - DM_in|         :     0.0001679329
max |H_out - H_in|      (eV) :     0.0010507053
SCF cycle converged after 13 iterations

Using DM_out to compute the final energy and forces
No. of atoms with KB's overlaping orbs in proc 0. Max # of overlaps:      79     683

siesta: E_KS(eV) =           -15038.3539

siesta: Atomic forces (eV/Ang):
     1    0.007726   -0.000000   -0.000003
     2   -0.002644   -0.000002    0.000002
     3   -0.010710    0.000001   -0.000000
     4    0.001146    0.000000    0.000002
----------------------------------------
   Tot   -0.004482   -0.000001   -0.000000
----------------------------------------
   Max    0.010710
   Res    0.003902    sqrt( Sum f_i^2 / 3N )
----------------------------------------
   Max    0.010710    constrained

Stress tensor Voigt[x,y,z,yz,xz,xy] (kbar):       -0.25       -3.46        3.49       -0.00       -0.00        0.00
(Free)E + p*V (eV/cell)   -15038.3594
Target enthalpy (eV/cell)   -15038.3614

siesta: Stress tensor (static) (eV/Ang**3):
        -0.000154    0.000000   -0.000000
         0.000000   -0.002159   -0.000000
        -0.000000   -0.000000    0.002177

siesta: Pressure (static):          0.07241245  kBar

siesta: Stress tensor (total) (eV/Ang**3):
        -0.000154    0.000000   -0.000000
         0.000000   -0.002159   -0.000000
        -0.000000   -0.000000    0.002177

siesta: Pressure (total):          0.07241245  kBar

outcoor: Relaxed atomic coordinates (fractional):           
    0.49678250    0.00000004    0.00000006   1       1  Ni
    0.25369920    0.50000004    0.49999998   1       2  Ni
    0.00144164   -0.00000001   -0.00000001   2       3  Mn
    0.74921074    0.50000001    0.49999998   2       4  Mn

outcell: Unit cell vectors (Ang):
        5.041454    0.000000    0.000000
        0.000000    2.518428    0.000000
        0.000000    0.000000    3.432582

outcell: Cell vector modules (Ang)   :    5.041454    2.518428    3.432582
outcell: Cell angles (23,13,12) (deg):     90.0000     90.0000     90.0000
outcell: Cell volume (Ang**3)        :     43.5819

coxmol: Writing XMOL coordinates into file hea.xyz                                                                                                                                                                                                                             
Writing WFSX for COOP/COHP in hea.fullBZ.WFSX

diag: Algorithm                                     = D&C
diag: Parallel over k                               =   F
diag: Use parallel 2D distribution                  =   T
diag: Parallel block-size                           = 2
diag: Parallel distribution                         =     6 x     8
diag: Used triangular part                          = Lower
diag: Absolute tolerance                            =  0.100E-15
diag: Orthogonalization factor                      =  0.100E-05
diag: Memory factor                                 =  1.0000

diag: Algorithm                                     = D&C
diag: Parallel over k                               =   F
diag: Use parallel 2D distribution                  =   T
diag: Parallel block-size                           = 2
diag: Parallel distribution                         =     6 x     8
diag: Used triangular part                          = Lower
diag: Absolute tolerance                            =  0.100E-15
diag: Orthogonalization factor                      =  0.100E-05
diag: Memory factor                                 =  1.0000

siesta: PDOS info
siesta: E1 -- E2, sigma [eV], nhist:  -20.000 --   20.000    0.100 1000

diag: Algorithm                                     = D&C
diag: Parallel over k                               =   F
diag: Use parallel 2D distribution                  =   T
diag: Parallel block-size                           = 2
diag: Parallel distribution                         =     6 x     8
diag: Used triangular part                          = Lower
diag: Absolute tolerance                            =  0.100E-15
diag: Orthogonalization factor                      =  0.100E-05
diag: Memory factor                                 =  1.0000

siesta: Program's energy decomposition (eV):
siesta: Ebs     =     -2594.515435
siesta: Eions   =     19598.671028
siesta: Ena     =      1571.117671
siesta: Ekin    =      6902.750921
siesta: Enl     =     -1820.955437
siesta: Eso     =         0.000000
siesta: Edftu   =         0.000000
siesta: DEna    =        47.224648
siesta: DUscf   =         0.638937
siesta: DUext   =         0.000000
siesta: Ex      =     -2017.281522
siesta: Ec      =      -123.178082
siesta: Exc     =     -2140.459604
siesta: EbV     =         0.000000
siesta: eta*DQ  =         0.000000
siesta: Emadel  =         0.000000
siesta: Emeta   =         0.000000
siesta: Emolmec =         0.000000
siesta: Ekinion =         0.000000
siesta: Eharris =    -15038.353896
siesta: Etot    =    -15038.353891
siesta: FreeEng =    -15038.361368

siesta: Final energy (eV):
siesta:  Band Struct. =   -2594.515435
siesta:       Kinetic =    6902.750921
siesta:       Hartree =    3869.439129
siesta:         Edftu =       0.000000
siesta:       Eso     =       0.000000
siesta:    Ext. field =       0.000000
siesta:         Exch. =   -2017.281522
siesta:         Corr. =    -123.178082
siesta:     Bulk bias =       0.000000
siesta:   Exch.-corr. =   -2140.459604
siesta:  Ion-electron =  -15158.717297
siesta:       Ion-ion =   -8511.367040
siesta:       Ekinion =       0.000000
siesta: D3 dispersion =       0.000000
siesta:         Total =  -15038.353891
siesta:         Fermi =      -6.727713

siesta: Stress tensor (static) (eV/Ang**3):
siesta:    -0.000154    0.000000   -0.000000
siesta:     0.000000   -0.002159   -0.000000
siesta:    -0.000000   -0.000000    0.002177

siesta: Constrained stress tensor (static) (eV/Ang**3):
siesta:    -0.000154    0.000000   -0.000000
siesta:     0.000000   -0.002159   -0.000000
siesta:    -0.000000   -0.000000    0.002177

siesta: Cell volume =         43.581911 Ang**3

siesta: Pressure (static):
siesta:                Solid            Molecule  Units
siesta:           0.00000049         -0.00000190  Ry/Bohr**3
siesta:           0.00004520         -0.00017433  eV/Ang**3
siesta:           0.07241245         -0.27930956  kBar
(Free)E+ p_basis*V_orbitals  =      -15026.044581
(Free)Eharris+ p_basis*V_orbitals  =      -15026.044586

mulliken: Atomic and Orbital Populations:

mulliken: Spin UP 

Species: Ni                  
Atom  Qatom  Qorb
               3s      4s      4s      4s      3py     3pz     3px     4py     
               4pz     4px     3dxy    3dyz    3dz2    3dxz    3dx2-y2 3dxy    
               3dyz    3dz2    3dxz    3dx2-y2 3dxy    3dyz    3dz2    3dxz    
               3dx2-y2 
   1  8.888   0.985  -0.114   0.059   0.154   0.998   0.998   0.998   0.187
              0.189   0.193   1.165   1.183   1.067   1.174   1.068  -0.066

             -0.072  -0.066  -0.069  -0.059  -0.200  -0.250  -0.166  -0.254

             -0.214
   2  9.131   0.987   0.030   0.018   0.124   0.999   0.998   0.998   0.181
              0.174   0.188   1.145   1.209   1.167   1.173   1.170  -0.060

             -0.063  -0.054  -0.062  -0.052  -0.194  -0.257  -0.202  -0.245

             -0.241

Species: Mn                  
Atom  Qatom  Qorb
               3s      4s      4s      4s      3py     3pz     3px     4py     
               4pz     4px     3dxy    3dyz    3dz2    3dxz    3dx2-y2 3dxy    
               3dyz    3dz2    3dxz    3dx2-y2 3dxy    3dyz    3dz2    3dxz    
               3dx2-y2 
   3  8.872   1.001  -0.007   0.105  -0.013   0.994   0.993   0.994   0.197
              0.197   0.203   1.264   1.379   1.140   1.340   1.235  -0.081

             -0.112  -0.064  -0.110  -0.088  -0.297  -0.401  -0.252  -0.378

             -0.367
   4  6.108   0.974   0.220   0.059  -0.135   0.991   0.991   0.992   0.132
              0.135   0.121   0.379   0.707   0.293   0.668   0.650  -0.036

             -0.065  -0.028  -0.067  -0.057  -0.075  -0.242  -0.053  -0.217

             -0.227

mulliken: Qtot =       32.999

mulliken: Spin DOWN 

Species: Ni                  
Atom  Qatom  Qorb
               3s      4s      4s      4s      3py     3pz     3px     4py     
               4pz     4px     3dxy    3dyz    3dz2    3dxz    3dx2-y2 3dxy    
               3dyz    3dz2    3dxz    3dx2-y2 3dxy    3dyz    3dz2    3dxz    
               3dx2-y2 
   1  9.131   0.987   0.031   0.016   0.125   0.999   0.998   0.998   0.181
              0.174   0.188   1.145   1.209   1.167   1.173   1.169  -0.060

             -0.063  -0.054  -0.062  -0.052  -0.193  -0.257  -0.202  -0.245

             -0.241
   2  8.888   0.985  -0.115   0.060   0.154   0.998   0.998   0.998   0.187
              0.189   0.193   1.165   1.183   1.068   1.175   1.069  -0.066

             -0.072  -0.066  -0.069  -0.060  -0.200  -0.250  -0.166  -0.254

             -0.215

Species: Mn                  
Atom  Qatom  Qorb
               3s      4s      4s      4s      3py     3pz     3px     4py     
               4pz     4px     3dxy    3dyz    3dz2    3dxz    3dx2-y2 3dxy    
               3dyz    3dz2    3dxz    3dx2-y2 3dxy    3dyz    3dz2    3dxz    
               3dx2-y2 
   3  6.109   0.973   0.219   0.060  -0.136   0.991   0.991   0.992   0.132
              0.135   0.121   0.380   0.707   0.294   0.669   0.652  -0.036

             -0.065  -0.028  -0.067  -0.057  -0.075  -0.242  -0.054  -0.217

             -0.229
   4  8.872   1.001  -0.005   0.104  -0.013   0.994   0.993   0.994   0.197
              0.197   0.203   1.264   1.379   1.139   1.340   1.234  -0.081

             -0.112  -0.064  -0.110  -0.088  -0.297  -0.401  -0.251  -0.378

             -0.366

mulliken: Qtot =       33.001

Mulliken Atomic Populations:
Atom #   charge [q] valence [e]      Sz [e]  Species
     1    -0.018758   18.018758   -0.243412  Ni
     2    -0.018807   18.018807    0.243241  Ni
     3     0.018402   14.981598    2.762866  Mn
     4     0.019163   14.980837   -2.764135  Mn
-------------------------------------------
 Total    -0.000000               -0.001440

cite: Please indicate the Siesta version in published work: 5.2.2
cite: This calculation has made use of features in the following articles
cite: which we encourage you to cite in published work.
cite: (Please see "hea.bib" for a BibTeX file.)
        Primary SIESTA paper
          DOI: www.doi.org/10.1088/0953-8984/14/11/302
        PSML pseudopotential format
          DOI: www.doi.org/10.1016/j.cpc.2018.02.011


>> End of run:  29-JUL-2025  17:13:42
Job completed
