Executable      : /home/users/felipegc/woltsoft/SIESTA/siesta-5.2.2/build/bin/siesta
Version         : 5.2.2
Architecture    : x86_64
Compiler version: GNU-9.3.0
Compiler flags  : -O3 -march=native
Parallelisations: MPI
Lua support
Native ELPA support
ELSI support. Solvers:
   ELPA (internal) 
   NTPoly
   OMM
DFT-D3 support
Wannier90 wrapper support

Runtime information:
* Directory : /home/users/felipegc/MnNiGa/optimizations_afm/top/structure_calc_401
* Running on 36 nodes in parallel.
>> Start of run:   2-AUG-2025   7:44:55

                           *********************** 
                           *  WELCOME TO SIESTA  * 
                           *********************** 

 NOTE: Siesta V5 introduces some new defaults for basis-set generation
 NOTE: which might lead to slightly different numerical results.
 NOTE: Please see the manual for full details and compatibility measures.


reinit: Reading from standard input
reinit: Dumping input in INPUT_TMP.77973
************************** Dump of input data file ****************************
SystemName          hea
SystemLabel         hea
Reparametrize.Pseudos T
Restricted.Radial.Grid F
%include atoms.fdf
MaxSCFIterations     20000
SCF.Mix              Hamiltonian
SCF.Mixer.Method     Broyden
#SCF.Mixer.Variant    original #Pulay original
SCF.Mixer.History    8
SCF.Mixer.Weight     0.07
SCF.H.Converge       False
SCF.DM.Converge      True
SCF.DM.Tolerance     5.d-4
SCF.H.Tolerance      5.d-3 eV
MeshCutoff 300.0 Ry
MD.UseSaveCG         False
DM.UseSaveDM         False
NumberOfEigenStates -20
ElectronicTemperature 300 K
WriteCoorXmol        True
XC.Functional     GGA
XC.authors        PBEsol
Spin polarized
DM.InitSpin.AF true
SolutionMethod       diagon
#Diag.Algorithm        MRRR
###################################
###################################
# Full template for Basis param.
###################################
###################################
Basis.Pressure 0.3 GPa
PAO.SoftDefault T
PAO.SoftPotential 50.0 Ry
PAO.SoftInnerRadius 0.70
PAO.BasisType split
PAO.EnergyShift 0.0019 eV
PAO.BasisSize TZP
PAO.SplitTailNorm T
            %block kgrid_Monkhorst_Pack
            6  0  0  0.
            0  3  0  0.
            0  0  2  0.
            %endblock kgrid_Monkhorst_Pack
            MD.TypeOfRun CG
            MD.Steps         500
            MD.VariableCell true
            MD.MaxForceTol 0.05 eV/Ang
            WriteMDHistory true
            WriteForces true
            Write.OrbitalIndex true
            Charge.Mulliken end
            COOP.Write true
            %block ProjectedDensityOfStates
            -20.00 20.00 0.1 1000 eV
            %endblock ProjectedDensityOfStates
************************** End of input data file *****************************

reinit: -----------------------------------------------------------------------
reinit: System Name: hea
reinit: -----------------------------------------------------------------------
reinit: System Label: hea
reinit: -----------------------------------------------------------------------

NOTE on units for spin output: 
{S} is the spin magnetic moment, in units of the Bohr magneton,
assuming a g-factor for the electron spin of exactly 2.
The spin magnetic moment is then numerically equal to the charge inbalance,
in units of electrons, between the spin-up and -down channels.


initatom: Reading input for the pseudopotentials and atomic orbitals ----------
Species number:   1 Atomic number:   28 Label: Ni
Species number:   2 Atomic number:   25 Label: Mn

Ground state valence configuration (from tables):   4s02  4p00  3d08  4f00
Ground state valence configuration (from tables):   4s02  4p00  3d05  4f00

---- Processing specs for species: Ni
Reading pseudopotential information in PSML from:
  Ni.psml
PSML file version: 1.1
Using libxc ids:  101 130
GGA--PBE XC_GGA_X_PBE--XC_GGA_C_PBE pb
PSML uuid: 020bdba0-be42-11e7-6ded-a592ddfb3399
Semicore shell(s) with  8 electrons included in the valence for Ni

---- Processing specs for species: Mn
Reading pseudopotential information in PSML from:
  Mn.psml
PSML file version: 1.1
Using libxc ids:  101 130
GGA--PBE XC_GGA_X_PBE--XC_GGA_C_PBE pb
PSML uuid: e5ebd880-be41-11e7-659b-074ddfc7bd15
Semicore shell(s) with  8 electrons included in the valence for Mn

---- Pseudopotential check for Ni

Pseudized shells:
3s( 2.00) rc: 1.26
3p( 6.00) rc: 1.35
3d( 8.00) rc: 1.66
Valence configuration for ps generation: 3s:3p:3d:4s: Total charge:  18.000000
Semicore shell(s): 3s 3p
Fallback to non-perturbative polarization scheme for Ni
Please see the manual if this is not desired in principle

---- Pseudopotential check for Mn

Pseudized shells:
3s( 2.00) rc: 1.41
3p( 6.00) rc: 1.21
3d( 5.00) rc: 1.61
Valence configuration for ps generation: 3s:3p:3d:4s: Total charge:  15.000000
Semicore shell(s): 3s 3p
Fallback to non-perturbative polarization scheme for Mn
Please see the manual if this is not desired in principle
For Ni, standard SIESTA heuristics set lmxkb to 3
 (one more than the basis l, including polarization orbitals).
Use PS.lmax or PS.KBprojectors blocks to override.
For Mn, standard SIESTA heuristics set lmxkb to 3
 (one more than the basis l, including polarization orbitals).
Use PS.lmax or PS.KBprojectors blocks to override.
Ni pseudopotential only contains V_ls up to l=2 -- lmxkb reset.
Mn pseudopotential only contains V_ls up to l=2 -- lmxkb reset.

<basis_specs>
===============================================================================
Ni                   Z=  28    Mass=  58.693        Charge= 0.17977+309
Lmxo=2 Lmxkb= 2    BasisType=split      Semic=T
L=0  Nsemic=1  Cnfigmx=4
          i=1  nzeta=1  polorb=0  (3s)  (semicore shell)
            splnorm:   0.15000    
               vcte:    50.000    
               rinn:  -0.70000    
               qcoe:    0.0000    
               qyuk:    0.0000    
               qwid:   0.10000E-01
                rcs:    0.0000    
            lambdas:    1.0000    
          i=2  nzeta=3  polorb=0  (4s)  (to be polarized non-perturbatively)
            splnorm:   0.15000    
               vcte:    50.000    
               rinn:  -0.70000    
               qcoe:    0.0000    
               qyuk:    0.0000    
               qwid:   0.10000E-01
                rcs:    0.0000      0.0000      0.0000    
            lambdas:    1.0000      1.0000      1.0000    
L=1  Nsemic=1  Cnfigmx=4
          i=1  nzeta=1  polorb=0  (3p)  (semicore shell)
            splnorm:   0.15000    
               vcte:    50.000    
               rinn:  -0.70000    
               qcoe:    0.0000    
               qyuk:    0.0000    
               qwid:   0.10000E-01
                rcs:    0.0000    
            lambdas:    1.0000    
          i=2  nzeta=1  polorb=0  (4p)  (non-perturbative polarization shell)
            splnorm:   0.15000    
               vcte:    50.000    
               rinn:  -0.70000    
               qcoe:   0.35367-315
               qyuk:    0.0000    
               qwid:   0.69529-309
                rcs:    0.0000    
            lambdas:    1.0000    
L=2  Nsemic=0  Cnfigmx=3
          i=1  nzeta=3  polorb=0  (3d)
            splnorm:   0.15000    
               vcte:    50.000    
               rinn:  -0.70000    
               qcoe:    0.0000    
               qyuk:    0.0000    
               qwid:   0.10000E-01
                rcs:    0.0000      0.0000      0.0000    
            lambdas:    1.0000      1.0000      1.0000    
-------------------------------------------------------------------------------
L=0  Nkbl=2  erefs: 0.17977+309 0.17977+309
L=1  Nkbl=2  erefs: 0.17977+309 0.17977+309
L=2  Nkbl=1  erefs: 0.17977+309
===============================================================================
</basis_specs>

Using PAO.SplitTailNorm
atom: Called for Ni                    (Z =  28)
Maximum radius (at nrval) set to   50.00000 8518

read_vps: Pseudopotential generation method:
read_vps: ONCVPSP-3.Hamann's oncvpsp                        
Valence charge in pseudo generation:   18.00000

read_vps: Pseudopotential includes a core correction:
read_vps: Pseudo-core for xc-correction

xc_check: Exchange-correlation functional:
xc_check: GGA PBEsol
xc_check: WARNING: Pseudopotential generated with GGA PBE functional
Got Vlocal (oncv-fit) from psml data
Choosing vlocal chloc cutoff:  3.188973
qtot up to nchloc:   17.99992641
atom: Maximum radius for chlocal:    3.18897
atom: Maximum radius for r*vlocal+2*Zval:    3.18897
Reading KB projs from Ni psml data
Using scalar-relativistic projectors in PSML file

PSML: Kleinman-Bylander projectors: 
   l= 0   rc=  1.276377   Ekb= 12.509070
   l= 0   rc=  1.276377   Ekb= -0.503495
   l= 1   rc=  1.371030   Ekb= -5.680418
   l= 1   rc=  1.371030   Ekb= -0.775211
   l= 2   rc=  1.680171   Ekb=-14.446879
   l= 2   rc=  1.680171   Ekb= -5.088878

PSML: Total number of  Kleinman-Bylander projectors:  18
atom: -------------------------------------------------------------------------

atom: SANKEY-TYPE ORBITALS:
atom: Selected multiple-zeta basis: split     

SPLIT: Orbitals with angular momentum L= 0

SPLIT: Basis orbitals for state 3s

SPLIT: PAO cut-off radius determined from an
SPLIT: energy shift=  0.000140 Ry
Split based on tail norm

   izeta = 1
                 lambda =    1.000000
                     rc =    2.999668
                 energy =   -8.139209
                kinetic =    3.776111
    potential(screened) =  -11.915319
       potential(ionic) =  -45.801861

SPLIT: Basis orbitals for state 4s

SPLIT: PAO cut-off radius determined from an
SPLIT: energy shift=  0.000140 Ry
Split based on tail norm

   izeta = 1
                 lambda =    1.000000
                     rc =    9.316220
                 energy =   -0.512978
                kinetic =    1.389681
    potential(screened) =   -1.902658
       potential(ionic) =  -17.770111

   izeta = 2
                 rmatch =    4.957068
              splitnorm =    0.150000
                 energy =   -0.410487
                kinetic =    2.329090
    potential(screened) =   -2.739576
       potential(ionic) =  -21.501560

   izeta = 3
                 rmatch =    5.824741
              splitnorm =    0.075000
                 energy =   -0.473172
                kinetic =    1.899833
    potential(screened) =   -2.373005
       potential(ionic) =  -19.995099

SPLIT: Orbitals with angular momentum L= 1

SPLIT: Basis orbitals for state 3p

SPLIT: PAO cut-off radius determined from an
SPLIT: energy shift=  0.000140 Ry
Split based on tail norm

   izeta = 1
                 lambda =    1.000000
                     rc =    3.414070
                 energy =   -5.225411
                kinetic =    9.244220
    potential(screened) =  -14.469631
       potential(ionic) =  -47.296381

SPLIT: Basis orbitals for state 4p
SPLIT: Non-perturbative polarization orbs for state 4s
SPLIT: rc(1st zeta) (re)set to: 9.3162 (expansion factor: 1.0000)
Split based on tail norm

   izeta = 1
                 lambda =    1.000000
                     rc =    9.316220
                 energy =   -0.065208
                kinetic =    0.825147
    potential(screened) =   -0.890355
       potential(ionic) =  -12.014212

SPLIT: Orbitals with angular momentum L= 2

SPLIT: Basis orbitals for state 3d

SPLIT: PAO cut-off radius determined from an
SPLIT: energy shift=  0.000140 Ry
Split based on tail norm

   izeta = 1
                 lambda =    1.000000
                     rc =    6.323353
                 energy =   -0.639566
                kinetic =   11.441999
    potential(screened) =  -12.081565
       potential(ionic) =  -40.678115

   izeta = 2
                 rmatch =    2.624859
              splitnorm =    0.150000
                 energy =   -0.513226
                kinetic =   13.528651
    potential(screened) =  -14.041878
       potential(ionic) =  -44.582092

   izeta = 3
                 rmatch =    3.356353
              splitnorm =    0.075000
                 energy =   -0.605538
                kinetic =   12.372939
    potential(screened) =  -12.978477
       potential(ionic) =  -42.595740
atom: Total number of Sankey-type orbitals: 25

atm_pop: Valence configuration (for local Pseudopot. screening):
 3s( 2.00) 4s( 2.00)                                                  
 3p( 6.00) 4p( 0.00)                                                  
 3d( 8.00)                                                            
Vna: chval, zval:   18.00000  18.00000

Vna:  Cut-off radius for the neutral-atom potential:   9.316220
comcore: Pseudo-core radius Rcore=  1.817282

atom: _________________________________________________________________________

<basis_specs>
===============================================================================
Mn                   Z=  25    Mass=  54.938        Charge= 0.17977+309
Lmxo=2 Lmxkb= 2    BasisType=split      Semic=T
L=0  Nsemic=1  Cnfigmx=4
          i=1  nzeta=1  polorb=0  (3s)  (semicore shell)
            splnorm:   0.15000    
               vcte:    50.000    
               rinn:  -0.70000    
               qcoe:    0.0000    
               qyuk:    0.0000    
               qwid:   0.10000E-01
                rcs:    0.0000    
            lambdas:    1.0000    
          i=2  nzeta=3  polorb=0  (4s)  (to be polarized non-perturbatively)
            splnorm:   0.15000    
               vcte:    50.000    
               rinn:  -0.70000    
               qcoe:    0.0000    
               qyuk:    0.0000    
               qwid:   0.10000E-01
                rcs:    0.0000      0.0000      0.0000    
            lambdas:    1.0000      1.0000      1.0000    
L=1  Nsemic=1  Cnfigmx=4
          i=1  nzeta=1  polorb=0  (3p)  (semicore shell)
            splnorm:   0.15000    
               vcte:    50.000    
               rinn:  -0.70000    
               qcoe:    0.0000    
               qyuk:    0.0000    
               qwid:   0.10000E-01
                rcs:    0.0000    
            lambdas:    1.0000    
          i=2  nzeta=1  polorb=0  (4p)  (non-perturbative polarization shell)
            splnorm:   0.15000    
               vcte:    50.000    
               rinn:  -0.70000    
               qcoe:   0.35367-315
               qyuk:    0.0000    
               qwid:   0.69529-309
                rcs:    0.0000    
            lambdas:    1.0000    
L=2  Nsemic=0  Cnfigmx=3
          i=1  nzeta=3  polorb=0  (3d)
            splnorm:   0.15000    
               vcte:    50.000    
               rinn:  -0.70000    
               qcoe:    0.0000    
               qyuk:    0.0000    
               qwid:   0.10000E-01
                rcs:    0.0000      0.0000      0.0000    
            lambdas:    1.0000      1.0000      1.0000    
-------------------------------------------------------------------------------
L=0  Nkbl=2  erefs: 0.17977+309 0.17977+309
L=1  Nkbl=2  erefs: 0.17977+309 0.17977+309
L=2  Nkbl=1  erefs: 0.17977+309
===============================================================================
</basis_specs>

Using PAO.SplitTailNorm
atom: Called for Mn                    (Z =  25)
Maximum radius (at nrval) set to   50.00000 8518

read_vps: Pseudopotential generation method:
read_vps: ONCVPSP-3.Hamann's oncvpsp                        
Valence charge in pseudo generation:   15.00000

read_vps: Pseudopotential includes a core correction:
read_vps: Pseudo-core for xc-correction

xc_check: Exchange-correlation functional:
xc_check: GGA PBEsol
xc_check: WARNING: Pseudopotential generated with GGA PBE functional
Got Vlocal (oncv-fit) from psml data
Choosing vlocal chloc cutoff:  3.504263
qtot up to nchloc:   15.00032895
atom: Maximum radius for chlocal:    3.50426
atom: Maximum radius for r*vlocal+2*Zval:    3.50426
Reading KB projs from Mn psml data
Using scalar-relativistic projectors in PSML file

PSML: Kleinman-Bylander projectors: 
   l= 0   rc=  1.427391   Ekb= 18.471374
   l= 0   rc=  1.430269   Ekb=  3.121111
   l= 1   rc=  1.224702   Ekb=  3.156115
   l= 1   rc=  1.224702   Ekb= -1.424352
   l= 2   rc=  1.630219   Ekb=-13.224142
   l= 2   rc=  1.630219   Ekb= -4.330632

PSML: Total number of  Kleinman-Bylander projectors:  18
atom: -------------------------------------------------------------------------

atom: SANKEY-TYPE ORBITALS:
atom: Selected multiple-zeta basis: split     

SPLIT: Orbitals with angular momentum L= 0

SPLIT: Basis orbitals for state 3s

SPLIT: PAO cut-off radius determined from an
SPLIT: energy shift=  0.000140 Ry
Split based on tail norm

   izeta = 1
                 lambda =    1.000000
                     rc =    3.380000
                 energy =   -6.293298
                kinetic =    2.848567
    potential(screened) =   -9.141865
       potential(ionic) =  -33.519753

SPLIT: Basis orbitals for state 4s

SPLIT: PAO cut-off radius determined from an
SPLIT: energy shift=  0.000140 Ry
Split based on tail norm

   izeta = 1
                 lambda =    1.000000
                     rc =   10.002455
                 energy =   -0.450676
                kinetic =    1.112603
    potential(screened) =   -1.563278
       potential(ionic) =  -13.199632

   izeta = 2
                 rmatch =    5.430276
              splitnorm =    0.150000
                 energy =   -0.360834
                kinetic =    1.875764
    potential(screened) =   -2.236598
       potential(ionic) =  -15.982656

   izeta = 3
                 rmatch =    6.342382
              splitnorm =    0.075000
                 energy =   -0.415048
                kinetic =    1.529261
    potential(screened) =   -1.944310
       potential(ionic) =  -14.865309

SPLIT: Orbitals with angular momentum L= 1

SPLIT: Basis orbitals for state 3p

SPLIT: PAO cut-off radius determined from an
SPLIT: energy shift=  0.000140 Ry
Split based on tail norm

   izeta = 1
                 lambda =    1.000000
                     rc =    3.873861
                 energy =   -3.996757
                kinetic =    6.976018
    potential(screened) =  -10.972775
       potential(ionic) =  -34.563053

SPLIT: Basis orbitals for state 4p
SPLIT: Non-perturbative polarization orbs for state 4s
SPLIT: rc(1st zeta) (re)set to: 10.0025 (expansion factor: 1.0000)
Split based on tail norm

   izeta = 1
                 lambda =    1.000000
                     rc =   10.002455
                 energy =   -0.085879
                kinetic =    0.770317
    potential(screened) =   -0.856196
       potential(ionic) =   -9.409918

SPLIT: Orbitals with angular momentum L= 2

SPLIT: Basis orbitals for state 3d

SPLIT: PAO cut-off radius determined from an
SPLIT: energy shift=  0.000140 Ry
Split based on tail norm

   izeta = 1
                 lambda =    1.000000
                     rc =    7.238756
                 energy =   -0.490123
                kinetic =    9.261574
    potential(screened) =   -9.751697
       potential(ionic) =  -30.334327

   izeta = 2
                 rmatch =    3.144499
              splitnorm =    0.150000
                 energy =   -0.401801
                kinetic =   11.021778
    potential(screened) =  -11.423579
       potential(ionic) =  -33.555539

   izeta = 3
                 rmatch =    3.972182
              splitnorm =    0.075000
                 energy =   -0.464167
                kinetic =   10.072383
    potential(screened) =  -10.536551
       potential(ionic) =  -31.940836
atom: Total number of Sankey-type orbitals: 25

atm_pop: Valence configuration (for local Pseudopot. screening):
 3s( 2.00) 4s( 2.00)                                                  
 3p( 6.00) 4p( 0.00)                                                  
 3d( 5.00)                                                            
Vna: chval, zval:   15.00000  15.00000

Vna:  Cut-off radius for the neutral-atom potential:  10.002455
comcore: Pseudo-core radius Rcore=  2.115123

atom: _________________________________________________________________________

prinput: Basis input 

PAO.BasisType split     

%block ChemicalSpeciesLabel
    1   28 Ni                      # Species index, atomic number, species label
    2   25 Mn                      # Species index, atomic number, species label
%endblock ChemicalSpeciesLabel

%block PAO.Basis                 # Define Basis set
# WARNING: This information might be incomplete!
Ni                    5                    # Species label, number of l-shells
 n=3   0   1                         # n, l, Nzeta 
   3.000   
   1.000   
 n=4   0   3                         # n, l, Nzeta 
   9.316      4.957      5.825   
   1.000      1.000      1.000   
 n=3   1   1                         # n, l, Nzeta 
   3.414   
   1.000   
 n=4   1   1                         # n, l, Nzeta 
   9.316   
   1.000   
 n=3   2   3                         # n, l, Nzeta 
   6.323      2.625      3.356   
   1.000      1.000      1.000   
Mn                    5                    # Species label, number of l-shells
 n=3   0   1                         # n, l, Nzeta 
   3.380   
   1.000   
 n=4   0   3                         # n, l, Nzeta 
  10.002      5.430      6.342   
   1.000      1.000      1.000   
 n=3   1   1                         # n, l, Nzeta 
   3.874   
   1.000   
 n=4   1   1                         # n, l, Nzeta 
  10.002   
   1.000   
 n=3   2   3                         # n, l, Nzeta 
   7.239      3.144      3.972   
   1.000      1.000      1.000   
%endblock PAO.Basis

prinput: ----------------------------------------------------------------------

coor:   Atomic-coordinates input format  =     Fractional

siesta: Atomic coordinates (Bohr) and species
siesta:      0.00000   4.70356   0.00000  1        1
siesta:      2.35178   2.35178   3.32592  1        2
siesta:      2.35178   7.05534   3.32592  1        3
siesta:      0.00000   4.70356   6.65184  1        4
siesta:      2.35178   2.35178   9.97775  1        5
siesta:      2.35178   7.05534   9.97775  1        6
siesta:      0.00000   0.00000   0.00000  2        7
siesta:      0.00000   0.00000   6.65184  2        8

siesta: System type = bulk      

initatomlists: Number of atoms, orbitals, and projectors:      8   200   144

coxmol: Writing XMOL coordinates into file hea.xyz                                                                                                                                                                                                                             

siesta: ******************** Simulation parameters ****************************
siesta:
siesta: The following are some of the parameters of the simulation.
siesta: A complete list of the parameters used, including default values,
siesta: can be found in file out.fdf
siesta:
redata: Spin configuration                          = collinear
redata: Number of spin components                   = 2
redata: Time-Reversal Symmetry                      = T
redata: Spin spiral                                 = F
redata: Long output                                 =   F
redata: Number of Atomic Species                    =        2
redata: Charge density info will appear in .RHO file
redata: Write Mulliken charges (when)               = end
redata: Write Mulliken Pop.                         = Atomic and Orbital charges
redata: Write Hirshfeld charges (when)              = none
redata: Write Voronoi charges (when)                = none
redata: Write spin charge (when)                    = scf
redata: Matel table size (NRTAB)                    =     1024
redata: Mesh Cutoff                                 =   300.0000 Ry
redata: Net charge of the system                    =     0.0000 |e|
redata: Min. number of SCF Iter                     =        0
redata: Max. number of SCF Iter                     =    20000
redata: SCF convergence failure will abort job
redata: SCF mix quantity                            = Hamiltonian
redata: Mix DM or H after convergence               =   F
redata: Recompute H after scf cycle                 =   F
redata: Mix DM in first SCF step                    =   T
redata: Write Pulay info on disk                    =   F
redata: New DM Occupancy tolerance                  = 0.000000000001
redata: No kicks to SCF
redata: DM Mixing Weight for Kicks                  =     0.5000
redata: Require Harris convergence for SCF          =   F
redata: Harris energy tolerance for SCF             =     0.000100 eV
redata: Require DM convergence for SCF              =   T
redata: DM tolerance for SCF                        =     0.000500
redata: Require EDM convergence for SCF             =   F
redata: EDM tolerance for SCF                       =     0.001000 eV
redata: Require H convergence for SCF               =   F
redata: Hamiltonian tolerance for SCF               =     0.005000 eV
redata: Require (free) Energy convergence for SCF   =   F
redata: (free) Energy tolerance for SCF             =     0.000100 eV
redata: Antiferro initial spin density              =   T
redata: Using DFT-D3 dispersion                     =   F
redata: Using Saved Data (generic)                  =   F
redata: Use continuation files for DM               =   F
redata: Neglect nonoverlap interactions             =   F
redata: Method of Calculation                       = Diagonalization
redata: Electronic Temperature                      =   300.0000 K
redata: Fix the spin of the system                  =   F
redata: Max. number of TDED Iter                    =        1
redata: Number of TDED substeps                     =        3
redata: Dynamics option                             = CG coord. optimization
redata: Variable cell                               =   T
redata: Use continuation files for CG               =   F
redata: Max atomic displ per move                   =     0.1058 Ang
redata: Maximum number of optimization moves        =      500
redata: Force tolerance                             =     0.0500 eV/Ang
redata: Stress tolerance                            =     1.0000 GPa
mix.SCF: Broyden mixing                          = Broyden
mix.SCF:    History steps                        = 8
mix.SCF:    Linear mixing weight                 =     0.070000
mix.SCF:    Inverse Jacobian weight              =     0.070000
mix.SCF:    Weight prime                         =     0.070000
mix.SCF:    SVD condition                        = 0.1000E-07
mix.SCF: Spin-component mixing                   all
redata: ***********************************************************************

%block SCF.Mixers
  Broyden
%endblock SCF.Mixers

%block SCF.Mixer.Broyden
  # Mixing method
  method broyden

  # Mixing options
  weight 0.0700
  weight.linear 0.0700
  weight.prime 0.0700
  history 8
%endblock SCF.Mixer.Broyden

DM_history_depth set to one: no extrapolation allowed by default for geometry relaxation
Size of DM history Fstack: 1
Total number of electrons:   138.000000
Total ionic charge:   138.000000

* ProcessorY, Blocksize:    4   5


* Orbital distribution balance (max,min):    10     5

k-point displ. along   1 input, could be:     0.00    0.50
k-point displ. along   3 input, could be:     0.00    0.50
 Kpoints in:           24 . Kpoints trimmed:           22

siesta: k-grid: Number of k-points = 22
siesta: k-points from Monkhorst-Pack grid
siesta: k-cutoff (effective) =     7.040 Ang
siesta: k-point supercell and displacements
siesta: k-grid:     6     0     0      0.000
siesta: k-grid:     0     3     0      0.000
siesta: k-grid:     0     0     2      0.000
k-point displ. along   1 input, could be:     0.00    0.50
k-point displ. along   3 input, could be:     0.00    0.50
 Kpoints in:           24 . Kpoints trimmed:           22

siesta: PDOS k-grid: Number of k-points = 22
siesta: PDOS k-points from Monkhorst-Pack grid
siesta: PDOS k-cutoff (effective) =     0.000 Ang
siesta: PDOS k-point supercell and displacements
siesta: k-grid:     6     0     0      0.000
siesta: k-grid:     0     3     0      0.000
siesta: k-grid:     0     0     2      0.000

diag: Algorithm                                     = D&C
diag: Parallel over k                               =   F
diag: Use parallel 2D distribution                  =   T
diag: Parallel block-size                           = 5
diag: Parallel distribution                         =     6 x     6
diag: Used triangular part                          = Lower
diag: Absolute tolerance                            =  0.100E-15
diag: Orthogonalization factor                      =  0.100E-05
diag: Memory factor                                 =  1.0000
diag: The diagonalization method chosen cannot compute a reduced number of eigenvectors.
diag: Resetting neigwanted 91 to 200

superc: Internal auxiliary supercell:     9 x     5 x     5  =     225
superc: Number of atoms, orbitals, and projectors:   1800  45000  32400


ts: **************************************************************
ts: Save H and S matrices                           =    F
ts: Save DM and EDM matrices                        =    F
ts: Only save the overlap matrix S                  =    F
ts: **************************************************************

************************ Begin: TS CHECKS AND WARNINGS ************************
************************ End: TS CHECKS AND WARNINGS **************************


                     ====================================
                        Begin CG opt. move =      0
                     ====================================

superc: Internal auxiliary supercell:     9 x     5 x     5  =     225
superc: Number of atoms, orbitals, and projectors:   1800  45000  32400

outcell: Unit cell vectors (Ang):
        2.489016    0.000000    0.000000
        0.000000    4.978032    0.000000
        0.000000    0.000000    7.040000

outcell: Cell vector modules (Ang)   :    2.489016    4.978032    7.040000
outcell: Cell angles (23,13,12) (deg):     90.0000     90.0000     90.0000
outcell: Cell volume (Ang**3)        :     87.2284
<dSpData1D:S at geom step 0
  <sparsity:sparsity for geom step 0
    nrows_g=200 nrows=10 sparsity=.9663 nnzs=38650, refcount: 7>
  <dData1D:(new from dSpData1D) n=38650, refcount: 1>
refcount: 1>
new_DM -- step:     1
Initializing Density Matrix...
DM filled with atomic data:
<dSpData2D:DM initialized from atoms
  <sparsity:sparsity for geom step 0
    nrows_g=200 nrows=10 sparsity=.9663 nnzs=38650, refcount: 8>
  <dData2D:DM n=38650 m=2, refcount: 1>
refcount: 1>
No. of atoms with KB's overlaping orbs in proc 0. Max # of overlaps:     125     619

InitMesh: MESH = 30 x 54 x 80 = 129600
InitMesh: Mesh cutoff (required, used) =   300.000   325.218 Ry
New grid distribution [1]: sub = 2
New grid distribution [2]: sub = 2
New grid distribution [3]: sub = 2
Setting up quadratic distribution...

stepf: Fermi-Dirac step function

siesta: Program's energy decomposition (eV):
siesta: Ebs     =     -5737.977574
siesta: Eions   =     42749.352240
siesta: Ena     =      3048.818002
siesta: Ekin    =     15218.253270
siesta: Enl     =     -4598.843087
siesta: Eso     =         0.000000
siesta: Edftu   =         0.000000
siesta: DEna    =       215.196772
siesta: DUscf   =         5.721878
siesta: DUext   =         0.000000
siesta: Ex      =     -4161.148741
siesta: Ec      =      -253.036353
siesta: Exc     =     -4414.185094
siesta: EbV     =         0.000000
siesta: eta*DQ  =         0.000000
siesta: Emadel  =         0.000000
siesta: Emeta   =         0.000000
siesta: Emolmec =         0.000000
siesta: Ekinion =         0.000000
siesta: Eharris =    -33207.945712
siesta: Etot    =    -33274.390499
siesta: FreeEng =    -33274.404369

        iscf     Eharris(eV)        E_KS(eV)     FreeEng(eV)     dDmax    Ef(eV) dHmax(eV)
   scf:    1   -33207.945712   -33274.390499   -33274.404369  5.231447 -5.331435  6.209254
     spin moment: {S} , |S| = {        0.0        0.0    0.00000 }     0.00000
timer: Routine,Calls,Time,% = IterSCF        1       2.592  17.16
   scf:    2   -33276.763708   -33275.785701   -33275.798839  0.379040 -5.549365  4.864800
     spin moment: {S} , |S| = {        0.0        0.0    0.00000 }     0.00000
   scf:    3   -33277.738418   -33276.863439   -33276.877206  0.394143 -5.774381  3.052421
     spin moment: {S} , |S| = {        0.0        0.0   -0.00000 }    -0.00000
   scf:    4   -33278.448730   -33277.957767   -33277.975475  0.721984 -6.292557  0.638691
     spin moment: {S} , |S| = {        0.0        0.0    0.00000 }     0.00000
   scf:    5   -33278.217464   -33278.099968   -33278.120553  0.091104 -6.340031  0.722457
     spin moment: {S} , |S| = {        0.0        0.0   -0.00000 }    -0.00000
   scf:    6   -33277.442543   -33277.869138   -33277.893627  0.044861 -6.359426  1.844404
     spin moment: {S} , |S| = {        0.0        0.0   -0.00000 }    -0.00000
   scf:    7   -33277.004025   -33278.116588   -33278.144269  0.264438 -6.445036  2.146863
     spin moment: {S} , |S| = {        0.0        0.0   -0.00000 }    -0.00000
   scf:    8   -33278.004689   -33278.061258   -33278.088858  0.008313 -6.439290  2.277303
     spin moment: {S} , |S| = {        0.0        0.0   -0.00000 }    -0.00000
   scf:    9   -33278.429704   -33278.248996   -33278.276866  0.039549 -6.453062  2.071872
     spin moment: {S} , |S| = {        0.0        0.0   -0.00000 }    -0.00000
   scf:   10   -33278.888738   -33278.673086   -33278.702274  0.058291 -6.488975  0.404180
     spin moment: {S} , |S| = {        0.0        0.0    0.00000 }     0.00000
   scf:   11   -33278.688647   -33278.681404   -33278.710805  0.004064 -6.493545  0.386711
     spin moment: {S} , |S| = {        0.0        0.0   -0.00000 }    -0.00000
   scf:   12   -33278.712692   -33278.704438   -33278.734216  0.024031 -6.520383  0.176452
     spin moment: {S} , |S| = {        0.0        0.0    0.00000 }     0.00000
   scf:   13   -33278.705736   -33278.707616   -33278.736931  0.009215 -6.518164  0.103980
     spin moment: {S} , |S| = {        0.0        0.0   -0.00000 }    -0.00000
   scf:   14   -33278.708546   -33278.708980   -33278.738160  0.011210 -6.523509  0.166554
     spin moment: {S} , |S| = {        0.0        0.0    0.00003 }     0.00003
   scf:   15   -33278.710417   -33278.710847   -33278.739844  0.006692 -6.520365  0.053970
     spin moment: {S} , |S| = {        0.0        0.0   -0.00004 }    -0.00004
   scf:   16   -33278.711138   -33278.711003   -33278.739982  0.000820 -6.520658  0.033455
     spin moment: {S} , |S| = {        0.0        0.0   -0.00000 }    -0.00000
   scf:   17   -33278.711195   -33278.711117   -33278.740089  0.000856 -6.520883  0.016313
     spin moment: {S} , |S| = {        0.0        0.0    0.00002 }     0.00002
   scf:   18   -33278.711313   -33278.711214   -33278.740196  0.001421 -6.520944  0.012954
     spin moment: {S} , |S| = {        0.0        0.0   -0.00004 }    -0.00004
   scf:   19   -33278.711290   -33278.711253   -33278.740236  0.000793 -6.520814  0.010359
     spin moment: {S} , |S| = {        0.0        0.0    0.00003 }     0.00003
   scf:   20   -33278.711757   -33278.711431   -33278.740436  0.003161 -6.521285  0.010804
     spin moment: {S} , |S| = {        0.0        0.0   -0.00000 }    -0.00000
   scf:   21   -33278.711466   -33278.711447   -33278.740455  0.000447 -6.521235  0.007387
     spin moment: {S} , |S| = {        0.0        0.0   -0.00000 }    -0.00000

SCF Convergence by DM criterion
max |DM_out - DM_in|         :     0.0004470559
max |H_out - H_in|      (eV) :     0.0073866244
SCF cycle converged after 21 iterations

Using DM_out to compute the final energy and forces
No. of atoms with KB's overlaping orbs in proc 0. Max # of overlaps:     125     619

siesta: E_KS(eV) =           -33278.7114

siesta: E_KS - E_eggbox =    -33278.7114

siesta: Atomic forces (eV/Ang):
     1   -0.000000    0.000000   -0.000000
     2   -0.000000    0.024337    0.002344
     3    0.000000   -0.024337   -0.002368
     4   -0.000000   -0.000000    0.000000
     5    0.000000    0.024346    0.002368
     6   -0.000000   -0.024346   -0.002344
     7   -0.000000    0.000000   -0.000025
     8    0.000000   -0.000000    0.000025
----------------------------------------
   Tot    0.000000    0.000000    0.000000
----------------------------------------
   Max    0.024346
   Res    0.009984    sqrt( Sum f_i^2 / 3N )
----------------------------------------
   Max    0.024346    constrained

Stress tensor Voigt[x,y,z,yz,xz,xy] (kbar):       37.05       67.15       53.16       -0.07       -0.00       -0.00
(Free)E + p*V (eV/cell)   -33281.5963
Target enthalpy (eV/cell)   -33278.7405

siesta: Stress tensor (static) (eV/Ang**3):
         0.023126   -0.000000   -0.000000
        -0.000000    0.041914   -0.000061
        -0.000000   -0.000042    0.033179

siesta: Pressure (static):        -52.45478821  kBar

siesta: Stress tensor (total) (eV/Ang**3):
         0.023126   -0.000000   -0.000000
        -0.000000    0.041914   -0.000061
        -0.000000   -0.000042    0.033179

siesta: Pressure (total):        -52.45478821  kBar

cgvc: No target stress found, assuming hydrostatic MD.TargetPressure.

cgvc: Target stress (kBar)
cgvc:        -0.000       0.000       0.000
cgvc:         0.000      -0.000       0.000
cgvc:         0.000       0.000      -0.000

                     ====================================
                        Begin CG opt. move =      1
                     ====================================
k-point displ. along   1 input, could be:     0.00    0.50
k-point displ. along   3 input, could be:     0.00    0.50
 Kpoints in:           24 . Kpoints trimmed:           22

siesta: k-grid: Number of k-points = 22
siesta: k-points from Monkhorst-Pack grid
siesta: k-cutoff (effective) =     6.955 Ang
siesta: k-point supercell and displacements
siesta: k-grid:     6     0     0      0.000
siesta: k-grid:     0     3     0      0.000
siesta: k-grid:     0     0     2      0.000

superc: Internal auxiliary supercell:     9 x     5 x     5  =     225
superc: Number of atoms, orbitals, and projectors:   1800  45000  32400

outcell: Unit cell vectors (Ang):
        2.468121    0.000000    0.000000
        0.000000    4.902292    0.000092
        0.000000    0.000131    6.955213

outcell: Cell vector modules (Ang)   :    2.468121    4.902292    6.955213
outcell: Cell angles (23,13,12) (deg):     89.9978     90.0000     90.0000
outcell: Cell volume (Ang**3)        :     84.1543
<dSpData1D:S at geom step 1
  <sparsity:sparsity for geom step 1
    nrows_g=200 nrows=10 sparsity=1.0166 nnzs=40666, refcount: 7>
  <dData1D:(new from dSpData1D) n=40666, refcount: 1>
refcount: 1>
new_DM -- step:     2
Re-using DM from previous geometries...
Number of DMs in history: 1
 DM extrapolation coefficients: 
1   1.00000
New DM after history re-use:
<dSpData2D:SpM extrapolated using coords
  <sparsity:sparsity for geom step 1
    nrows_g=200 nrows=10 sparsity=1.0166 nnzs=40666, refcount: 9>
  <dData2D:(temp array for extrapolation) n=40666 m=2, refcount: 1>
refcount: 1>
No. of atoms with KB's overlaping orbs in proc 0. Max # of overlaps:     125     631

InitMesh: MESH = 30 x 54 x 80 = 129600
InitMesh: Mesh cutoff (required, used) =   300.000   335.344 Ry
New grid distribution [1]: sub = 2
New grid distribution [2]: sub = 2
New grid distribution [3]: sub = 2
Setting up quadratic distribution...

        iscf     Eharris(eV)        E_KS(eV)     FreeEng(eV)     dDmax    Ef(eV) dHmax(eV)
   scf:    1   -33274.680147   -33278.554157   -33278.577679  0.448260 -6.515921  1.386874
     spin moment: {S} , |S| = {        0.0        0.0    0.00000 }     0.00000
   scf:    2   -33129.934083   -33230.082624   -33230.100673  0.781439 -6.429711 26.771607
     spin moment: {S} , |S| = {        0.0        0.0    0.00255 }     0.00255
   scf:    3   -33281.488499   -33278.732426   -33278.758824  0.731226 -6.548896  0.279912
     spin moment: {S} , |S| = {        0.0        0.0   -0.00011 }    -0.00011
   scf:    4   -33278.737423   -33278.735654   -33278.761833  0.005879 -6.553160  0.184889
     spin moment: {S} , |S| = {        0.0        0.0    0.00000 }     0.00000
   scf:    5   -33278.737095   -33278.737827   -33278.764002  0.024323 -6.575810  0.183423
     spin moment: {S} , |S| = {        0.0        0.0    0.00004 }     0.00004
   scf:    6   -33278.738979   -33278.738743   -33278.765005  0.005080 -6.580920  0.093529
     spin moment: {S} , |S| = {        0.0        0.0    0.00003 }     0.00003
   scf:    7   -33278.739132   -33278.738957   -33278.765269  0.000519 -6.581553  0.072416
     spin moment: {S} , |S| = {        0.0        0.0    0.00002 }     0.00002
   scf:    8   -33278.739096   -33278.739028   -33278.765354  0.000249 -6.581793  0.067833
     spin moment: {S} , |S| = {        0.0        0.0    0.00002 }     0.00002

SCF Convergence by DM criterion
max |DM_out - DM_in|         :     0.0002487127
max |H_out - H_in|      (eV) :     0.0678331234
SCF cycle converged after 8 iterations

Using DM_out to compute the final energy and forces
No. of atoms with KB's overlaping orbs in proc 0. Max # of overlaps:     125     631

siesta: E_KS(eV) =           -33278.7390

siesta: Atomic forces (eV/Ang):
     1    0.000000    0.000001    0.000111
     2   -0.000000   -0.059217   -0.000969
     3    0.000000    0.059214    0.001583
     4    0.000000   -0.000001   -0.000111
     5    0.000000   -0.059337   -0.001583
     6    0.000000    0.059342    0.000968
     7    0.000000    0.000001    0.000537
     8    0.000000   -0.000001   -0.000537
----------------------------------------
   Tot    0.000000    0.000002   -0.000001
----------------------------------------
   Max    0.059342
   Res    0.024206    sqrt( Sum f_i^2 / 3N )
----------------------------------------
   Max    0.059342    constrained

Stress tensor Voigt[x,y,z,yz,xz,xy] (kbar):      -36.70      -26.80      -34.54       -0.01        0.00       -0.00
(Free)E + p*V (eV/cell)   -33277.0489
Target enthalpy (eV/cell)   -33278.7654

siesta: Stress tensor (static) (eV/Ang**3):
        -0.022909   -0.000000    0.000000
        -0.000000   -0.016724   -0.000007
         0.000000   -0.000005   -0.021556

siesta: Pressure (static):         32.67851823  kBar

siesta: Stress tensor (total) (eV/Ang**3):
        -0.022909   -0.000000    0.000000
        -0.000000   -0.016724   -0.000007
         0.000000   -0.000005   -0.021556

siesta: Pressure (total):         32.67851823  kBar

                     ====================================
                        Begin CG opt. move =      2
                     ====================================
k-point displ. along   1 input, could be:     0.00    0.50
k-point displ. along   3 input, could be:     0.00    0.50
 Kpoints in:           24 . Kpoints trimmed:           22

siesta: k-grid: Number of k-points = 22
siesta: k-points from Monkhorst-Pack grid
siesta: k-cutoff (effective) =     6.986 Ang
siesta: k-point supercell and displacements
siesta: k-grid:     6     0     0      0.000
siesta: k-grid:     0     3     0      0.000
siesta: k-grid:     0     0     2      0.000

superc: Internal auxiliary supercell:     9 x     5 x     5  =     225
superc: Number of atoms, orbitals, and projectors:   1800  45000  32400

outcell: Unit cell vectors (Ang):
        2.475601    0.000000    0.000000
        0.000000    4.929407    0.000059
        0.000000    0.000084    6.985566

outcell: Cell vector modules (Ang)   :    2.475601    4.929407    6.985566
outcell: Cell angles (23,13,12) (deg):     89.9986     90.0000     90.0000
outcell: Cell volume (Ang**3)        :     85.2466
<dSpData1D:S at geom step 2
  <sparsity:sparsity for geom step 2
    nrows_g=200 nrows=10 sparsity=1.0069 nnzs=40274, refcount: 7>
  <dData1D:(new from dSpData1D) n=40274, refcount: 1>
refcount: 1>
new_DM -- step:     3
Re-using DM from previous geometries...
Number of DMs in history: 1
 DM extrapolation coefficients: 
1   1.00000
New DM after history re-use:
<dSpData2D:SpM extrapolated using coords
  <sparsity:sparsity for geom step 2
    nrows_g=200 nrows=10 sparsity=1.0069 nnzs=40274, refcount: 9>
  <dData2D:(temp array for extrapolation) n=40274 m=2, refcount: 1>
refcount: 1>
No. of atoms with KB's overlaping orbs in proc 0. Max # of overlaps:     125     631

InitMesh: MESH = 30 x 54 x 80 = 129600
InitMesh: Mesh cutoff (required, used) =   300.000   331.665 Ry
New grid distribution [1]: sub = 2
New grid distribution [2]: sub = 2
New grid distribution [3]: sub = 2
Setting up quadratic distribution...

        iscf     Eharris(eV)        E_KS(eV)     FreeEng(eV)     dDmax    Ef(eV) dHmax(eV)
   scf:    1   -33279.625637   -33278.598299   -33278.628109  0.145977 -6.593029  1.311040
     spin moment: {S} , |S| = {        0.0        0.0   -0.00028 }    -0.00028
   scf:    2   -33131.019951   -33230.324874   -33230.348969  0.678593 -6.340226 26.398599
     spin moment: {S} , |S| = {        0.0        0.0    0.05815 }     0.05815
   scf:    3   -33281.206918   -33278.739259   -33278.766608  0.652836 -6.575391  0.403716
     spin moment: {S} , |S| = {        0.0        0.0   -0.00112 }    -0.00112
   scf:    4   -33278.748792   -33278.748129   -33278.775539  0.005432 -6.574555  0.077235
     spin moment: {S} , |S| = {        0.0        0.0   -0.00056 }    -0.00056
   scf:    5   -33278.748489   -33278.748353   -33278.775791  0.002659 -6.572334  0.052064
     spin moment: {S} , |S| = {        0.0        0.0    0.00035 }     0.00035
   scf:    6   -33278.748707   -33278.748587   -33278.775985  0.004092 -6.568471  0.046540
     spin moment: {S} , |S| = {        0.0        0.0   -0.00001 }    -0.00001
   scf:    7   -33278.748862   -33278.748765   -33278.776111  0.003809 -6.564715  0.013333
     spin moment: {S} , |S| = {        0.0        0.0   -0.00015 }    -0.00015
   scf:    8   -33278.748808   -33278.748790   -33278.776122  0.000625 -6.564119  0.005576
     spin moment: {S} , |S| = {        0.0        0.0    0.00005 }     0.00005
   scf:    9   -33278.748811   -33278.748802   -33278.776131  0.000482 -6.564150  0.005614
     spin moment: {S} , |S| = {        0.0        0.0    0.00008 }     0.00008

SCF Convergence by DM criterion
max |DM_out - DM_in|         :     0.0004823985
max |H_out - H_in|      (eV) :     0.0056140556
SCF cycle converged after 9 iterations

Using DM_out to compute the final energy and forces
No. of atoms with KB's overlaping orbs in proc 0. Max # of overlaps:     125     631

siesta: E_KS(eV) =           -33278.7488

siesta: Atomic forces (eV/Ang):
     1    0.000000    0.000004    0.000104
     2   -0.000000   -0.055346   -0.001471
     3   -0.000000    0.055342    0.001455
     4    0.000000   -0.000001   -0.000099
     5   -0.000000   -0.055495   -0.001463
     6    0.000000    0.055497    0.001467
     7   -0.000000    0.000000    0.000592
     8    0.000000   -0.000002   -0.000586
----------------------------------------
   Tot   -0.000000   -0.000001   -0.000001
----------------------------------------
   Max    0.055497
   Res    0.022634    sqrt( Sum f_i^2 / 3N )
----------------------------------------
   Max    0.055497    constrained

Stress tensor Voigt[x,y,z,yz,xz,xy] (kbar):       -6.48        8.00       -1.96       -0.01       -0.00       -0.00
(Free)E + p*V (eV/cell)   -33278.7684
Target enthalpy (eV/cell)   -33278.7761

siesta: Stress tensor (static) (eV/Ang**3):
        -0.004046    0.000000   -0.000000
        -0.000000    0.004996   -0.000005
        -0.000000   -0.000004   -0.001223

siesta: Pressure (static):          0.14600373  kBar

siesta: Stress tensor (total) (eV/Ang**3):
        -0.004046    0.000000   -0.000000
        -0.000000    0.004996   -0.000005
        -0.000000   -0.000004   -0.001223

siesta: Pressure (total):          0.14600373  kBar

cgvc: Finished line minimization    1.  Mean atomic displacement =    0.0454

                     ====================================
                        Begin CG opt. move =      3
                     ====================================
k-point displ. along   1 input, could be:     0.00    0.50
k-point displ. along   3 input, could be:     0.00    0.50
 Kpoints in:           24 . Kpoints trimmed:           22

siesta: k-grid: Number of k-points = 22
siesta: k-points from Monkhorst-Pack grid
siesta: k-cutoff (effective) =     6.996 Ang
siesta: k-point supercell and displacements
siesta: k-grid:     6     0     0      0.000
siesta: k-grid:     0     3     0      0.000
siesta: k-grid:     0     0     2      0.000

superc: Internal auxiliary supercell:     9 x     5 x     5  =     225
superc: Number of atoms, orbitals, and projectors:   1800  45000  32400

outcell: Unit cell vectors (Ang):
        2.489790    0.000000    0.000000
        0.000000    4.890553    0.000096
        0.000000    0.000136    6.995690

outcell: Cell vector modules (Ang)   :    2.489790    4.890553    6.995690
outcell: Cell angles (23,13,12) (deg):     89.9978     90.0000     90.0000
outcell: Cell volume (Ang**3)        :     85.1827
<dSpData1D:S at geom step 3
  <sparsity:sparsity for geom step 3
    nrows_g=200 nrows=10 sparsity=1.0009 nnzs=40038, refcount: 7>
  <dData1D:(new from dSpData1D) n=40038, refcount: 1>
refcount: 1>
new_DM -- step:     4
Re-using DM from previous geometries...
Number of DMs in history: 1
 DM extrapolation coefficients: 
1   1.00000
New DM after history re-use:
<dSpData2D:SpM extrapolated using coords
  <sparsity:sparsity for geom step 3
    nrows_g=200 nrows=10 sparsity=1.0009 nnzs=40038, refcount: 9>
  <dData2D:(temp array for extrapolation) n=40038 m=2, refcount: 1>
refcount: 1>
No. of atoms with KB's overlaping orbs in proc 0. Max # of overlaps:     125     642

InitMesh: MESH = 30 x 54 x 80 = 129600
InitMesh: Mesh cutoff (required, used) =   300.000   336.956 Ry
New grid distribution [1]: sub = 2
New grid distribution [2]: sub = 2
New grid distribution [3]: sub = 2
Setting up quadratic distribution...

        iscf     Eharris(eV)        E_KS(eV)     FreeEng(eV)     dDmax    Ef(eV) dHmax(eV)
   scf:    1   -33277.857221   -33278.563816   -33278.588203  0.159603 -6.547902  1.395560
     spin moment: {S} , |S| = {        0.0        0.0   -0.00072 }    -0.00072
   scf:    2   -33136.533182   -33232.248462   -33232.264777  0.788052 -6.309329 25.632605
     spin moment: {S} , |S| = {        0.0        0.0    0.02691 }     0.02691
   scf:    3   -33282.051757   -33278.714955   -33278.739953  0.736087 -6.551103  0.517123
     spin moment: {S} , |S| = {        0.0        0.0   -0.00011 }    -0.00011
   scf:    4   -33278.731405   -33278.724801   -33278.749868  0.003238 -6.552233  0.261237
     spin moment: {S} , |S| = {        0.0        0.0    0.00002 }     0.00002
   scf:    5   -33278.729373   -33278.727572   -33278.752654  0.001749 -6.553019  0.142046
     spin moment: {S} , |S| = {        0.0        0.0    0.00002 }     0.00002
   scf:    6   -33278.652720   -33278.706950   -33278.732349  0.012029 -6.558856  0.679833
     spin moment: {S} , |S| = {        0.0        0.0    0.00007 }     0.00007
   scf:    7   -33278.724522   -33278.716276   -33278.741572  0.002259 -6.558460  0.545059
     spin moment: {S} , |S| = {        0.0        0.0    0.00005 }     0.00005
   scf:    8   -33278.735424   -33278.730830   -33278.755858  0.006688 -6.557216  0.091616
     spin moment: {S} , |S| = {        0.0        0.0    0.00007 }     0.00007
   scf:    9   -33278.731037   -33278.730936   -33278.755937  0.000407 -6.557168  0.082237
     spin moment: {S} , |S| = {        0.0        0.0   -0.00001 }    -0.00001

SCF Convergence by DM criterion
max |DM_out - DM_in|         :     0.0004068572
max |H_out - H_in|      (eV) :     0.0822366749
SCF cycle converged after 9 iterations

Using DM_out to compute the final energy and forces
No. of atoms with KB's overlaping orbs in proc 0. Max # of overlaps:     125     642

siesta: E_KS(eV) =           -33278.7309

siesta: Atomic forces (eV/Ang):
     1   -0.000000   -0.000039   -0.002162
     2    0.000000    0.444577    0.006039
     3    0.000000   -0.444565   -0.006157
     4   -0.000000    0.000013    0.002081
     5    0.000000    0.444891    0.006217
     6   -0.000000   -0.444898   -0.005984
     7   -0.000000    0.000008   -0.007309
     8   -0.000000    0.000003    0.007247
----------------------------------------
   Tot   -0.000000   -0.000011   -0.000027
----------------------------------------
   Max    0.444898
   Res    0.181592    sqrt( Sum f_i^2 / 3N )
----------------------------------------
   Max    0.444898    constrained

Stress tensor Voigt[x,y,z,yz,xz,xy] (kbar):       18.63      -18.77        4.40        0.14        0.00        0.00
(Free)E + p*V (eV/cell)   -33278.8314
Target enthalpy (eV/cell)   -33278.7559

siesta: Stress tensor (static) (eV/Ang**3):
         0.011627    0.000000    0.000000
         0.000000   -0.011715    0.000088
         0.000000    0.000088    0.002747

siesta: Pressure (static):         -1.42003951  kBar

siesta: Stress tensor (total) (eV/Ang**3):
         0.011627    0.000000    0.000000
         0.000000   -0.011715    0.000088
         0.000000    0.000088    0.002747

siesta: Pressure (total):         -1.42003951  kBar

                     ====================================
                        Begin CG opt. move =      4
                     ====================================
k-point displ. along   1 input, could be:     0.00    0.50
k-point displ. along   3 input, could be:     0.00    0.50
 Kpoints in:           24 . Kpoints trimmed:           22

siesta: k-grid: Number of k-points = 22
siesta: k-points from Monkhorst-Pack grid
siesta: k-cutoff (effective) =     6.987 Ang
siesta: k-point supercell and displacements
siesta: k-grid:     6     0     0      0.000
siesta: k-grid:     0     3     0      0.000
siesta: k-grid:     0     0     2      0.000

superc: Internal auxiliary supercell:     9 x     5 x     5  =     225
superc: Number of atoms, orbitals, and projectors:   1800  45000  32400

outcell: Unit cell vectors (Ang):
        2.477897    0.000000    0.000000
        0.000000    4.923120    0.000065
        0.000000    0.000092    6.987204

outcell: Cell vector modules (Ang)   :    2.477897    4.923120    6.987204
outcell: Cell angles (23,13,12) (deg):     89.9985     90.0000     90.0000
outcell: Cell volume (Ang**3)        :     85.2368
<dSpData1D:S at geom step 4
  <sparsity:sparsity for geom step 4
    nrows_g=200 nrows=10 sparsity=1.0039 nnzs=40158, refcount: 7>
  <dData1D:(new from dSpData1D) n=40158, refcount: 1>
refcount: 1>
new_DM -- step:     5
Re-using DM from previous geometries...
Number of DMs in history: 1
 DM extrapolation coefficients: 
1   1.00000
New DM after history re-use:
<dSpData2D:SpM extrapolated using coords
  <sparsity:sparsity for geom step 4
    nrows_g=200 nrows=10 sparsity=1.0039 nnzs=40158, refcount: 9>
  <dData2D:(temp array for extrapolation) n=40158 m=2, refcount: 1>
refcount: 1>
No. of atoms with KB's overlaping orbs in proc 0. Max # of overlaps:     125     629

InitMesh: MESH = 30 x 54 x 80 = 129600
InitMesh: Mesh cutoff (required, used) =   300.000   332.513 Ry
New grid distribution [1]: sub = 2
New grid distribution [2]: sub = 2
New grid distribution [3]: sub = 2
Setting up quadratic distribution...

        iscf     Eharris(eV)        E_KS(eV)     FreeEng(eV)     dDmax    Ef(eV) dHmax(eV)
   scf:    1   -33277.485957   -33278.285610   -33278.312899  0.141801 -6.562742  2.584241
     spin moment: {S} , |S| = {        0.0        0.0    0.00028 }     0.00028
   scf:    2   -32033.664491   -32867.705954   -32867.738088  1.568570 -5.913888 81.872194
     spin moment: {S} , |S| = {        0.0        0.0   -0.01750 }    -0.01750
   scf:    3   -33285.304375   -33278.661719   -33278.687739  1.541950 -6.561193  1.114326
     spin moment: {S} , |S| = {        0.0        0.0    0.00161 }     0.00161
   scf:    4   -33278.738600   -33278.706377   -33278.732486  0.005477 -6.561515  0.895337
     spin moment: {S} , |S| = {        0.0        0.0    0.00139 }     0.00139
   scf:    5   -33278.744475   -33278.727145   -33278.753461  0.004063 -6.562516  0.615486
     spin moment: {S} , |S| = {        0.0        0.0    0.00091 }     0.00091
   scf:    6   -33278.622738   -33278.721734   -33278.749097  0.022263 -6.565777  0.691360
     spin moment: {S} , |S| = {        0.0        0.0   -0.00121 }    -0.00121
   scf:    7   -33278.749412   -33278.736993   -33278.764122  0.003161 -6.565146  0.493007
     spin moment: {S} , |S| = {        0.0        0.0   -0.00082 }    -0.00082
   scf:    8   -33278.748129   -33278.750064   -33278.776712  0.006710 -6.563675  0.079995
     spin moment: {S} , |S| = {        0.0        0.0    0.00014 }     0.00014
   scf:    9   -33278.750158   -33278.750260   -33278.776994  0.001390 -6.563923  0.019529
     spin moment: {S} , |S| = {        0.0        0.0    0.00004 }     0.00004
   scf:   10   -33278.749532   -33278.750027   -33278.776719  0.001048 -6.563539  0.071391
     spin moment: {S} , |S| = {        0.0        0.0    0.00011 }     0.00011
   scf:   11   -33278.750326   -33278.750293   -33278.777037  0.001229 -6.563450  0.008935
     spin moment: {S} , |S| = {        0.0        0.0    0.00006 }     0.00006
   scf:   12   -33278.750278   -33278.750288   -33278.777043  0.000165 -6.563515  0.003352
     spin moment: {S} , |S| = {        0.0        0.0    0.00002 }     0.00002

SCF Convergence by DM criterion
max |DM_out - DM_in|         :     0.0001649190
max |H_out - H_in|      (eV) :     0.0033523921
SCF cycle converged after 12 iterations

Using DM_out to compute the final energy and forces
No. of atoms with KB's overlaping orbs in proc 0. Max # of overlaps:     125     629

siesta: E_KS(eV) =           -33278.7503

siesta: Atomic forces (eV/Ang):
     1    0.000000   -0.000012   -0.000243
     2    0.000000    0.016205   -0.000649
     3    0.000000   -0.016202    0.000665
     4   -0.000000   -0.000004    0.000231
     5    0.000000    0.016141   -0.000659
     6   -0.000000   -0.016140    0.000648
     7   -0.000000    0.000004   -0.000601
     8    0.000000    0.000008    0.000597
----------------------------------------
   Tot    0.000000    0.000000   -0.000013
----------------------------------------
   Max    0.016205
   Res    0.006610    sqrt( Sum f_i^2 / 3N )
----------------------------------------
   Max    0.016205    constrained

Stress tensor Voigt[x,y,z,yz,xz,xy] (kbar):       -1.36        4.87       -0.41        0.04       -0.00        0.00
(Free)E + p*V (eV/cell)   -33278.8319
Target enthalpy (eV/cell)   -33278.7770

siesta: Stress tensor (static) (eV/Ang**3):
        -0.000850    0.000000   -0.000000
         0.000000    0.003039    0.000024
        -0.000000    0.000024   -0.000259

siesta: Pressure (static):         -1.03107434  kBar

siesta: Stress tensor (total) (eV/Ang**3):
        -0.000850    0.000000   -0.000000
         0.000000    0.003039    0.000024
        -0.000000    0.000024   -0.000259

siesta: Pressure (total):         -1.03107434  kBar

outcoor: Relaxed atomic coordinates (fractional):           
    0.00000000    0.50000005    0.00000102   1       1  Ni
    0.50000000    0.24956043    0.25000792   1       2  Ni
    0.50000000    0.75043952    0.24999168   1       3  Ni
    0.00000000    0.49999998    0.49999903   1       4  Ni
    0.50000000    0.24955848    0.75000824   1       5  Ni
    0.50000000    0.75044155    0.74999203   1       6  Ni
   -0.00000000    0.00000001    0.00000559   2       7  Mn
    0.00000000   -0.00000003    0.49999447   2       8  Mn

outcell: Unit cell vectors (Ang):
        2.477897    0.000000    0.000000
        0.000000    4.923120    0.000065
        0.000000    0.000092    6.987204

outcell: Cell vector modules (Ang)   :    2.477897    4.923120    6.987204
outcell: Cell angles (23,13,12) (deg):     89.9985     90.0000     90.0000
outcell: Cell volume (Ang**3)        :     85.2368

coxmol: Writing XMOL coordinates into file hea.xyz                                                                                                                                                                                                                             
Writing WFSX for COOP/COHP in hea.fullBZ.WFSX

diag: Algorithm                                     = D&C
diag: Parallel over k                               =   F
diag: Use parallel 2D distribution                  =   T
diag: Parallel block-size                           = 5
diag: Parallel distribution                         =     6 x     6
diag: Used triangular part                          = Lower
diag: Absolute tolerance                            =  0.100E-15
diag: Orthogonalization factor                      =  0.100E-05
diag: Memory factor                                 =  1.0000

diag: Algorithm                                     = D&C
diag: Parallel over k                               =   F
diag: Use parallel 2D distribution                  =   T
diag: Parallel block-size                           = 5
diag: Parallel distribution                         =     6 x     6
diag: Used triangular part                          = Lower
diag: Absolute tolerance                            =  0.100E-15
diag: Orthogonalization factor                      =  0.100E-05
diag: Memory factor                                 =  1.0000

siesta: PDOS info
siesta: E1 -- E2, sigma [eV], nhist:  -20.000 --   20.000    0.100 1000

diag: Algorithm                                     = D&C
diag: Parallel over k                               =   F
diag: Use parallel 2D distribution                  =   T
diag: Parallel block-size                           = 5
diag: Parallel distribution                         =     6 x     6
diag: Used triangular part                          = Lower
diag: Absolute tolerance                            =  0.100E-15
diag: Orthogonalization factor                      =  0.100E-05
diag: Memory factor                                 =  1.0000

siesta: Program's energy decomposition (eV):
siesta: Ebs     =     -5499.217924
siesta: Eions   =     42749.352240
siesta: Ena     =      3045.573607
siesta: Ekin    =     15493.764677
siesta: Enl     =     -4701.446267
siesta: Eso     =         0.000000
siesta: Edftu   =         0.000000
siesta: DEna    =        81.679229
siesta: DUscf   =         1.008819
siesta: DUext   =         0.000000
siesta: Ex      =     -4195.963739
siesta: Ec      =      -254.014374
siesta: Exc     =     -4449.978113
siesta: EbV     =         0.000000
siesta: eta*DQ  =         0.000000
siesta: Emadel  =         0.000000
siesta: Emeta   =         0.000000
siesta: Emolmec =         0.000000
siesta: Ekinion =         0.000000
siesta: Eharris =    -33278.750278
siesta: Etot    =    -33278.750288
siesta: FreeEng =    -33278.777043

siesta: Final energy (eV):
siesta:  Band Struct. =   -5499.217924
siesta:       Kinetic =   15493.764677
siesta:       Hartree =    8844.917993
siesta:         Edftu =       0.000000
siesta:       Eso     =       0.000000
siesta:    Ext. field =       0.000000
siesta:         Exch. =   -4195.963739
siesta:         Corr. =    -254.014374
siesta:     Bulk bias =       0.000000
siesta:   Exch.-corr. =   -4449.978113
siesta:  Ion-electron =  -34201.798088
siesta:       Ion-ion =  -18965.656757
siesta:       Ekinion =       0.000000
siesta: D3 dispersion =       0.000000
siesta:         Total =  -33278.750288
siesta:         Fermi =      -6.563515

siesta: Stress tensor (static) (eV/Ang**3):
siesta:    -0.000850    0.000000   -0.000000
siesta:     0.000000    0.003039    0.000024
siesta:    -0.000000    0.000024   -0.000259

siesta: Constrained stress tensor (static) (eV/Ang**3):
siesta:    -0.000850    0.000000   -0.000000
siesta:     0.000000    0.003039    0.000024
siesta:    -0.000000    0.000024   -0.000259

siesta: Cell volume =         85.236808 Ang**3

siesta: Pressure (static):
siesta:                Solid            Molecule  Units
siesta:          -0.00000701         -0.00000373  Ry/Bohr**3
siesta:          -0.00064355         -0.00034284  eV/Ang**3
siesta:          -1.03107434         -0.54929511  kBar
(Free)E+ p_basis*V_orbitals  =      -33255.711264
(Free)Eharris+ p_basis*V_orbitals  =      -33255.711254

mulliken: Atomic and Orbital Populations:

mulliken: Spin UP 

Species: Ni                  
Atom  Qatom  Qorb
               3s      4s      4s      4s      3py     3pz     3px     4py     
               4pz     4px     3dxy    3dyz    3dz2    3dxz    3dx2-y2 3dxy    
               3dyz    3dz2    3dxz    3dx2-y2 3dxy    3dyz    3dz2    3dxz    
               3dx2-y2 
   1  9.272   0.989   0.146   0.007   0.053   0.998   0.999   0.999   0.178
              0.164   0.172   1.218   1.258   1.179   1.241   1.163  -0.055

             -0.056  -0.057  -0.061  -0.061  -0.222  -0.276  -0.197  -0.260

             -0.245
   2  8.933   0.985  -0.223   0.085   0.201   0.998   0.998   0.998   0.184
              0.188   0.182   1.146   1.176   1.134   1.159   1.163  -0.064

             -0.066  -0.061  -0.063  -0.059  -0.187  -0.251  -0.193  -0.244

             -0.252
   3  8.933   0.985  -0.223   0.085   0.201   0.998   0.998   0.998   0.184
              0.188   0.182   1.146   1.176   1.134   1.159   1.163  -0.064

             -0.066  -0.061  -0.063  -0.059  -0.187  -0.251  -0.193  -0.244

             -0.252
   4  8.906   0.985   0.202   0.016   0.019   0.998   0.999   0.999   0.194
              0.182   0.183   1.100   1.077   1.127   1.120   1.188  -0.071

             -0.068  -0.072  -0.071  -0.076  -0.195  -0.236  -0.192  -0.245

             -0.259
   5  8.933   0.985  -0.223   0.084   0.201   0.998   0.998   0.998   0.184
              0.188   0.182   1.146   1.176   1.134   1.159   1.163  -0.064

             -0.066  -0.061  -0.063  -0.059  -0.187  -0.251  -0.193  -0.244

             -0.252
   6  8.933   0.985  -0.223   0.085   0.201   0.998   0.998   0.998   0.184
              0.188   0.182   1.146   1.176   1.134   1.159   1.163  -0.064

             -0.066  -0.061  -0.063  -0.059  -0.187  -0.251  -0.193  -0.244

             -0.252

Species: Mn                  
Atom  Qatom  Qorb
               3s      4s      4s      4s      3py     3pz     3px     4py     
               4pz     4px     3dxy    3dyz    3dz2    3dxz    3dx2-y2 3dxy    
               3dyz    3dz2    3dxz    3dx2-y2 3dxy    3dyz    3dz2    3dxz    
               3dx2-y2 
   7  9.014   1.008   0.150   0.077  -0.068   0.994   0.994   0.994   0.183
              0.196   0.181   1.245   1.357   1.207   1.362   1.340  -0.071

             -0.096  -0.066  -0.098  -0.112  -0.297  -0.402  -0.264  -0.426

             -0.374
   8  6.079   0.978   0.324   0.050  -0.204   0.992   0.992   0.991   0.121
              0.128   0.130   0.343   0.685   0.325   0.719   0.728  -0.034

             -0.064  -0.037  -0.063  -0.082  -0.084  -0.262  -0.062  -0.285

             -0.250

mulliken: Qtot =       69.000

mulliken: Spin DOWN 

Species: Ni                  
Atom  Qatom  Qorb
               3s      4s      4s      4s      3py     3pz     3px     4py     
               4pz     4px     3dxy    3dyz    3dz2    3dxz    3dx2-y2 3dxy    
               3dyz    3dz2    3dxz    3dx2-y2 3dxy    3dyz    3dz2    3dxz    
               3dx2-y2 
   1  8.906   0.985   0.202   0.016   0.019   0.998   0.999   0.999   0.194
              0.182   0.183   1.100   1.077   1.127   1.120   1.188  -0.071

             -0.068  -0.072  -0.071  -0.076  -0.195  -0.236  -0.192  -0.245

             -0.259
   2  8.933   0.985  -0.223   0.085   0.201   0.998   0.998   0.998   0.184
              0.188   0.182   1.146   1.176   1.134   1.159   1.163  -0.064

             -0.066  -0.061  -0.063  -0.059  -0.187  -0.251  -0.193  -0.244

             -0.252
   3  8.933   0.985  -0.223   0.085   0.201   0.998   0.998   0.998   0.184
              0.188   0.182   1.146   1.176   1.134   1.159   1.163  -0.064

             -0.066  -0.061  -0.063  -0.059  -0.187  -0.251  -0.193  -0.244

             -0.252
   4  9.272   0.989   0.146   0.007   0.053   0.998   0.999   0.999   0.178
              0.164   0.172   1.218   1.258   1.179   1.241   1.163  -0.055

             -0.056  -0.057  -0.061  -0.061  -0.222  -0.276  -0.197  -0.260

             -0.245
   5  8.933   0.985  -0.223   0.085   0.201   0.998   0.998   0.998   0.184
              0.188   0.182   1.146   1.176   1.134   1.159   1.163  -0.064

             -0.066  -0.061  -0.063  -0.059  -0.187  -0.251  -0.193  -0.244

             -0.252
   6  8.933   0.985  -0.223   0.084   0.201   0.998   0.998   0.998   0.184
              0.188   0.182   1.146   1.176   1.134   1.159   1.163  -0.064

             -0.066  -0.061  -0.063  -0.059  -0.187  -0.251  -0.193  -0.244

             -0.252

Species: Mn                  
Atom  Qatom  Qorb
               3s      4s      4s      4s      3py     3pz     3px     4py     
               4pz     4px     3dxy    3dyz    3dz2    3dxz    3dx2-y2 3dxy    
               3dyz    3dz2    3dxz    3dx2-y2 3dxy    3dyz    3dz2    3dxz    
               3dx2-y2 
   7  6.079   0.978   0.324   0.050  -0.203   0.992   0.992   0.991   0.121
              0.128   0.130   0.343   0.685   0.325   0.719   0.728  -0.034

             -0.064  -0.037  -0.063  -0.082  -0.084  -0.262  -0.062  -0.285

             -0.250
   8  9.014   1.008   0.150   0.077  -0.068   0.994   0.994   0.994   0.183
              0.196   0.181   1.245   1.357   1.207   1.362   1.340  -0.071

             -0.096  -0.066  -0.098  -0.112  -0.297  -0.402  -0.264  -0.426

             -0.374

mulliken: Qtot =       69.000

Mulliken Atomic Populations:
Atom #   charge [q] valence [e]      Sz [e]  Species
     1    -0.177237   18.177237    0.365835  Ni
     2     0.134743   17.865257   -0.000169  Ni
     3     0.134747   17.865253    0.000207  Ni
     4    -0.177225   18.177225   -0.365779  Ni
     5     0.134758   17.865242    0.000184  Ni
     6     0.134771   17.865229   -0.000191  Ni
     7    -0.092277   15.092277    2.934755  Mn
     8    -0.092279   15.092279   -2.934818  Mn
-------------------------------------------
 Total    -0.000000                0.000025

cite: Please indicate the Siesta version in published work: 5.2.2
cite: This calculation has made use of features in the following articles
cite: which we encourage you to cite in published work.
cite: (Please see "hea.bib" for a BibTeX file.)
        Primary SIESTA paper
          DOI: www.doi.org/10.1088/0953-8984/14/11/302
        PSML pseudopotential format
          DOI: www.doi.org/10.1016/j.cpc.2018.02.011


>> End of run:   2-AUG-2025   7:48:21
Job completed
