Executable      : /home/users/felipegc/woltsoft/SIESTA/siesta-5.2.2/build/bin/siesta
Version         : 5.2.2
Architecture    : x86_64
Compiler version: GNU-9.3.0
Compiler flags  : -O3 -march=native
Parallelisations: MPI
Lua support
Native ELPA support
ELSI support. Solvers:
   ELPA (internal) 
   NTPoly
   OMM
DFT-D3 support
Wannier90 wrapper support

Runtime information:
* Directory : /home/users/felipegc/MnNiGa/optimizations_afm/top/structure_calc_245
* Running on 36 nodes in parallel.
>> Start of run:   5-AUG-2025  14:43:56

                           *********************** 
                           *  WELCOME TO SIESTA  * 
                           *********************** 

 NOTE: Siesta V5 introduces some new defaults for basis-set generation
 NOTE: which might lead to slightly different numerical results.
 NOTE: Please see the manual for full details and compatibility measures.


reinit: Reading from standard input
reinit: Dumping input in INPUT_TMP.23977
************************** Dump of input data file ****************************
SystemName          hea
SystemLabel         hea
Reparametrize.Pseudos T
Restricted.Radial.Grid F
%include atoms.fdf
MaxSCFIterations     20000
SCF.Mix              Hamiltonian
SCF.Mixer.Method     Broyden
#SCF.Mixer.Variant    original #Pulay original
SCF.Mixer.History    8
SCF.Mixer.Weight     0.07
SCF.H.Converge       False
SCF.DM.Converge      True
SCF.DM.Tolerance     5.d-4
SCF.H.Tolerance      5.d-3 eV
MeshCutoff 300.0 Ry
MD.UseSaveCG         False
DM.UseSaveDM         False
NumberOfEigenStates -20
ElectronicTemperature 300 K
WriteCoorXmol        True
XC.Functional     GGA
XC.authors        PBEsol
Spin polarized
DM.InitSpin.AF true
SolutionMethod       diagon
#Diag.Algorithm        MRRR
###################################
###################################
# Full template for Basis param.
###################################
###################################
Basis.Pressure 0.3 GPa
PAO.SoftDefault T
PAO.SoftPotential 50.0 Ry
PAO.SoftInnerRadius 0.70
PAO.BasisType split
PAO.EnergyShift 0.0019 eV
PAO.BasisSize TZP
PAO.SplitTailNorm T
            %block kgrid_Monkhorst_Pack
            6  0  0  0.
            0  3  0  0.
            0  0  2  0.
            %endblock kgrid_Monkhorst_Pack
            MD.TypeOfRun CG
            MD.Steps         500
            MD.VariableCell true
            MD.MaxForceTol 0.05 eV/Ang
            WriteMDHistory true
            WriteForces true
            Write.OrbitalIndex true
            Charge.Mulliken end
            COOP.Write true
            %block ProjectedDensityOfStates
            -20.00 20.00 0.1 1000 eV
            %endblock ProjectedDensityOfStates
************************** End of input data file *****************************

reinit: -----------------------------------------------------------------------
reinit: System Name: hea
reinit: -----------------------------------------------------------------------
reinit: System Label: hea
reinit: -----------------------------------------------------------------------

NOTE on units for spin output: 
{S} is the spin magnetic moment, in units of the Bohr magneton,
assuming a g-factor for the electron spin of exactly 2.
The spin magnetic moment is then numerically equal to the charge inbalance,
in units of electrons, between the spin-up and -down channels.


initatom: Reading input for the pseudopotentials and atomic orbitals ----------
Species number:   1 Atomic number:   28 Label: Ni
Species number:   2 Atomic number:   25 Label: Mn

Ground state valence configuration (from tables):   4s02  4p00  3d08  4f00
Ground state valence configuration (from tables):   4s02  4p00  3d05  4f00

---- Processing specs for species: Ni
Reading pseudopotential information in PSML from:
  Ni.psml
PSML file version: 1.1
Using libxc ids:  101 130
GGA--PBE XC_GGA_X_PBE--XC_GGA_C_PBE pb
PSML uuid: 020bdba0-be42-11e7-6ded-a592ddfb3399
Semicore shell(s) with  8 electrons included in the valence for Ni

---- Processing specs for species: Mn
Reading pseudopotential information in PSML from:
  Mn.psml
PSML file version: 1.1
Using libxc ids:  101 130
GGA--PBE XC_GGA_X_PBE--XC_GGA_C_PBE pb
PSML uuid: e5ebd880-be41-11e7-659b-074ddfc7bd15
Semicore shell(s) with  8 electrons included in the valence for Mn

---- Pseudopotential check for Ni

Pseudized shells:
3s( 2.00) rc: 1.26
3p( 6.00) rc: 1.35
3d( 8.00) rc: 1.66
Valence configuration for ps generation: 3s:3p:3d:4s: Total charge:  18.000000
Semicore shell(s): 3s 3p
Fallback to non-perturbative polarization scheme for Ni
Please see the manual if this is not desired in principle

---- Pseudopotential check for Mn

Pseudized shells:
3s( 2.00) rc: 1.41
3p( 6.00) rc: 1.21
3d( 5.00) rc: 1.61
Valence configuration for ps generation: 3s:3p:3d:4s: Total charge:  15.000000
Semicore shell(s): 3s 3p
Fallback to non-perturbative polarization scheme for Mn
Please see the manual if this is not desired in principle
For Ni, standard SIESTA heuristics set lmxkb to 3
 (one more than the basis l, including polarization orbitals).
Use PS.lmax or PS.KBprojectors blocks to override.
For Mn, standard SIESTA heuristics set lmxkb to 3
 (one more than the basis l, including polarization orbitals).
Use PS.lmax or PS.KBprojectors blocks to override.
Ni pseudopotential only contains V_ls up to l=2 -- lmxkb reset.
Mn pseudopotential only contains V_ls up to l=2 -- lmxkb reset.

<basis_specs>
===============================================================================
Ni                   Z=  28    Mass=  58.693        Charge= 0.17977+309
Lmxo=2 Lmxkb= 2    BasisType=split      Semic=T
L=0  Nsemic=1  Cnfigmx=4
          i=1  nzeta=1  polorb=0  (3s)  (semicore shell)
            splnorm:   0.15000    
               vcte:    50.000    
               rinn:  -0.70000    
               qcoe:    0.0000    
               qyuk:    0.0000    
               qwid:   0.10000E-01
                rcs:    0.0000    
            lambdas:    1.0000    
          i=2  nzeta=3  polorb=0  (4s)  (to be polarized non-perturbatively)
            splnorm:   0.15000    
               vcte:    50.000    
               rinn:  -0.70000    
               qcoe:    0.0000    
               qyuk:    0.0000    
               qwid:   0.10000E-01
                rcs:    0.0000      0.0000      0.0000    
            lambdas:    1.0000      1.0000      1.0000    
L=1  Nsemic=1  Cnfigmx=4
          i=1  nzeta=1  polorb=0  (3p)  (semicore shell)
            splnorm:   0.15000    
               vcte:    50.000    
               rinn:  -0.70000    
               qcoe:    0.0000    
               qyuk:    0.0000    
               qwid:   0.10000E-01
                rcs:    0.0000    
            lambdas:    1.0000    
          i=2  nzeta=1  polorb=0  (4p)  (non-perturbative polarization shell)
            splnorm:   0.15000    
               vcte:    50.000    
               rinn:  -0.70000    
               qcoe:   0.35676-315
               qyuk:    0.0000    
               qwid:   0.69528-309
                rcs:    0.0000    
            lambdas:    1.0000    
L=2  Nsemic=0  Cnfigmx=3
          i=1  nzeta=3  polorb=0  (3d)
            splnorm:   0.15000    
               vcte:    50.000    
               rinn:  -0.70000    
               qcoe:    0.0000    
               qyuk:    0.0000    
               qwid:   0.10000E-01
                rcs:    0.0000      0.0000      0.0000    
            lambdas:    1.0000      1.0000      1.0000    
-------------------------------------------------------------------------------
L=0  Nkbl=2  erefs: 0.17977+309 0.17977+309
L=1  Nkbl=2  erefs: 0.17977+309 0.17977+309
L=2  Nkbl=1  erefs: 0.17977+309
===============================================================================
</basis_specs>

Using PAO.SplitTailNorm
atom: Called for Ni                    (Z =  28)
Maximum radius (at nrval) set to   50.00000 8518

read_vps: Pseudopotential generation method:
read_vps: ONCVPSP-3.Hamann's oncvpsp                        
Valence charge in pseudo generation:   18.00000

read_vps: Pseudopotential includes a core correction:
read_vps: Pseudo-core for xc-correction

xc_check: Exchange-correlation functional:
xc_check: GGA PBEsol
xc_check: WARNING: Pseudopotential generated with GGA PBE functional
Got Vlocal (oncv-fit) from psml data
Choosing vlocal chloc cutoff:  3.188973
qtot up to nchloc:   17.99992641
atom: Maximum radius for chlocal:    3.18897
atom: Maximum radius for r*vlocal+2*Zval:    3.18897
Reading KB projs from Ni psml data
Using scalar-relativistic projectors in PSML file

PSML: Kleinman-Bylander projectors: 
   l= 0   rc=  1.276377   Ekb= 12.509070
   l= 0   rc=  1.276377   Ekb= -0.503495
   l= 1   rc=  1.371030   Ekb= -5.680418
   l= 1   rc=  1.371030   Ekb= -0.775211
   l= 2   rc=  1.680171   Ekb=-14.446879
   l= 2   rc=  1.680171   Ekb= -5.088878

PSML: Total number of  Kleinman-Bylander projectors:  18
atom: -------------------------------------------------------------------------

atom: SANKEY-TYPE ORBITALS:
atom: Selected multiple-zeta basis: split     

SPLIT: Orbitals with angular momentum L= 0

SPLIT: Basis orbitals for state 3s

SPLIT: PAO cut-off radius determined from an
SPLIT: energy shift=  0.000140 Ry
Split based on tail norm

   izeta = 1
                 lambda =    1.000000
                     rc =    2.999668
                 energy =   -8.139209
                kinetic =    3.776111
    potential(screened) =  -11.915319
       potential(ionic) =  -45.801861

SPLIT: Basis orbitals for state 4s

SPLIT: PAO cut-off radius determined from an
SPLIT: energy shift=  0.000140 Ry
Split based on tail norm

   izeta = 1
                 lambda =    1.000000
                     rc =    9.316220
                 energy =   -0.512978
                kinetic =    1.389681
    potential(screened) =   -1.902658
       potential(ionic) =  -17.770111

   izeta = 2
                 rmatch =    4.957068
              splitnorm =    0.150000
                 energy =   -0.410487
                kinetic =    2.329090
    potential(screened) =   -2.739576
       potential(ionic) =  -21.501560

   izeta = 3
                 rmatch =    5.824741
              splitnorm =    0.075000
                 energy =   -0.473172
                kinetic =    1.899833
    potential(screened) =   -2.373005
       potential(ionic) =  -19.995099

SPLIT: Orbitals with angular momentum L= 1

SPLIT: Basis orbitals for state 3p

SPLIT: PAO cut-off radius determined from an
SPLIT: energy shift=  0.000140 Ry
Split based on tail norm

   izeta = 1
                 lambda =    1.000000
                     rc =    3.414070
                 energy =   -5.225411
                kinetic =    9.244220
    potential(screened) =  -14.469631
       potential(ionic) =  -47.296381

SPLIT: Basis orbitals for state 4p
SPLIT: Non-perturbative polarization orbs for state 4s
SPLIT: rc(1st zeta) (re)set to: 9.3162 (expansion factor: 1.0000)
Split based on tail norm

   izeta = 1
                 lambda =    1.000000
                     rc =    9.316220
                 energy =   -0.065208
                kinetic =    0.825147
    potential(screened) =   -0.890355
       potential(ionic) =  -12.014212

SPLIT: Orbitals with angular momentum L= 2

SPLIT: Basis orbitals for state 3d

SPLIT: PAO cut-off radius determined from an
SPLIT: energy shift=  0.000140 Ry
Split based on tail norm

   izeta = 1
                 lambda =    1.000000
                     rc =    6.323353
                 energy =   -0.639566
                kinetic =   11.441999
    potential(screened) =  -12.081565
       potential(ionic) =  -40.678115

   izeta = 2
                 rmatch =    2.624859
              splitnorm =    0.150000
                 energy =   -0.513226
                kinetic =   13.528651
    potential(screened) =  -14.041878
       potential(ionic) =  -44.582092

   izeta = 3
                 rmatch =    3.356353
              splitnorm =    0.075000
                 energy =   -0.605538
                kinetic =   12.372939
    potential(screened) =  -12.978477
       potential(ionic) =  -42.595740
atom: Total number of Sankey-type orbitals: 25

atm_pop: Valence configuration (for local Pseudopot. screening):
 3s( 2.00) 4s( 2.00)                                                  
 3p( 6.00) 4p( 0.00)                                                  
 3d( 8.00)                                                            
Vna: chval, zval:   18.00000  18.00000

Vna:  Cut-off radius for the neutral-atom potential:   9.316220
comcore: Pseudo-core radius Rcore=  1.817282

atom: _________________________________________________________________________

<basis_specs>
===============================================================================
Mn                   Z=  25    Mass=  54.938        Charge= 0.17977+309
Lmxo=2 Lmxkb= 2    BasisType=split      Semic=T
L=0  Nsemic=1  Cnfigmx=4
          i=1  nzeta=1  polorb=0  (3s)  (semicore shell)
            splnorm:   0.15000    
               vcte:    50.000    
               rinn:  -0.70000    
               qcoe:    0.0000    
               qyuk:    0.0000    
               qwid:   0.10000E-01
                rcs:    0.0000    
            lambdas:    1.0000    
          i=2  nzeta=3  polorb=0  (4s)  (to be polarized non-perturbatively)
            splnorm:   0.15000    
               vcte:    50.000    
               rinn:  -0.70000    
               qcoe:    0.0000    
               qyuk:    0.0000    
               qwid:   0.10000E-01
                rcs:    0.0000      0.0000      0.0000    
            lambdas:    1.0000      1.0000      1.0000    
L=1  Nsemic=1  Cnfigmx=4
          i=1  nzeta=1  polorb=0  (3p)  (semicore shell)
            splnorm:   0.15000    
               vcte:    50.000    
               rinn:  -0.70000    
               qcoe:    0.0000    
               qyuk:    0.0000    
               qwid:   0.10000E-01
                rcs:    0.0000    
            lambdas:    1.0000    
          i=2  nzeta=1  polorb=0  (4p)  (non-perturbative polarization shell)
            splnorm:   0.15000    
               vcte:    50.000    
               rinn:  -0.70000    
               qcoe:   0.35676-315
               qyuk:    0.0000    
               qwid:   0.69528-309
                rcs:    0.0000    
            lambdas:    1.0000    
L=2  Nsemic=0  Cnfigmx=3
          i=1  nzeta=3  polorb=0  (3d)
            splnorm:   0.15000    
               vcte:    50.000    
               rinn:  -0.70000    
               qcoe:    0.0000    
               qyuk:    0.0000    
               qwid:   0.10000E-01
                rcs:    0.0000      0.0000      0.0000    
            lambdas:    1.0000      1.0000      1.0000    
-------------------------------------------------------------------------------
L=0  Nkbl=2  erefs: 0.17977+309 0.17977+309
L=1  Nkbl=2  erefs: 0.17977+309 0.17977+309
L=2  Nkbl=1  erefs: 0.17977+309
===============================================================================
</basis_specs>

Using PAO.SplitTailNorm
atom: Called for Mn                    (Z =  25)
Maximum radius (at nrval) set to   50.00000 8518

read_vps: Pseudopotential generation method:
read_vps: ONCVPSP-3.Hamann's oncvpsp                        
Valence charge in pseudo generation:   15.00000

read_vps: Pseudopotential includes a core correction:
read_vps: Pseudo-core for xc-correction

xc_check: Exchange-correlation functional:
xc_check: GGA PBEsol
xc_check: WARNING: Pseudopotential generated with GGA PBE functional
Got Vlocal (oncv-fit) from psml data
Choosing vlocal chloc cutoff:  3.504263
qtot up to nchloc:   15.00032895
atom: Maximum radius for chlocal:    3.50426
atom: Maximum radius for r*vlocal+2*Zval:    3.50426
Reading KB projs from Mn psml data
Using scalar-relativistic projectors in PSML file

PSML: Kleinman-Bylander projectors: 
   l= 0   rc=  1.427391   Ekb= 18.471374
   l= 0   rc=  1.430269   Ekb=  3.121111
   l= 1   rc=  1.224702   Ekb=  3.156115
   l= 1   rc=  1.224702   Ekb= -1.424352
   l= 2   rc=  1.630219   Ekb=-13.224142
   l= 2   rc=  1.630219   Ekb= -4.330632

PSML: Total number of  Kleinman-Bylander projectors:  18
atom: -------------------------------------------------------------------------

atom: SANKEY-TYPE ORBITALS:
atom: Selected multiple-zeta basis: split     

SPLIT: Orbitals with angular momentum L= 0

SPLIT: Basis orbitals for state 3s

SPLIT: PAO cut-off radius determined from an
SPLIT: energy shift=  0.000140 Ry
Split based on tail norm

   izeta = 1
                 lambda =    1.000000
                     rc =    3.380000
                 energy =   -6.293298
                kinetic =    2.848567
    potential(screened) =   -9.141865
       potential(ionic) =  -33.519753

SPLIT: Basis orbitals for state 4s

SPLIT: PAO cut-off radius determined from an
SPLIT: energy shift=  0.000140 Ry
Split based on tail norm

   izeta = 1
                 lambda =    1.000000
                     rc =   10.002455
                 energy =   -0.450676
                kinetic =    1.112603
    potential(screened) =   -1.563278
       potential(ionic) =  -13.199632

   izeta = 2
                 rmatch =    5.430276
              splitnorm =    0.150000
                 energy =   -0.360834
                kinetic =    1.875764
    potential(screened) =   -2.236598
       potential(ionic) =  -15.982656

   izeta = 3
                 rmatch =    6.342382
              splitnorm =    0.075000
                 energy =   -0.415048
                kinetic =    1.529261
    potential(screened) =   -1.944310
       potential(ionic) =  -14.865309

SPLIT: Orbitals with angular momentum L= 1

SPLIT: Basis orbitals for state 3p

SPLIT: PAO cut-off radius determined from an
SPLIT: energy shift=  0.000140 Ry
Split based on tail norm

   izeta = 1
                 lambda =    1.000000
                     rc =    3.873861
                 energy =   -3.996757
                kinetic =    6.976018
    potential(screened) =  -10.972775
       potential(ionic) =  -34.563053

SPLIT: Basis orbitals for state 4p
SPLIT: Non-perturbative polarization orbs for state 4s
SPLIT: rc(1st zeta) (re)set to: 10.0025 (expansion factor: 1.0000)
Split based on tail norm

   izeta = 1
                 lambda =    1.000000
                     rc =   10.002455
                 energy =   -0.085879
                kinetic =    0.770317
    potential(screened) =   -0.856196
       potential(ionic) =   -9.409918

SPLIT: Orbitals with angular momentum L= 2

SPLIT: Basis orbitals for state 3d

SPLIT: PAO cut-off radius determined from an
SPLIT: energy shift=  0.000140 Ry
Split based on tail norm

   izeta = 1
                 lambda =    1.000000
                     rc =    7.238756
                 energy =   -0.490123
                kinetic =    9.261574
    potential(screened) =   -9.751697
       potential(ionic) =  -30.334327

   izeta = 2
                 rmatch =    3.144499
              splitnorm =    0.150000
                 energy =   -0.401801
                kinetic =   11.021778
    potential(screened) =  -11.423579
       potential(ionic) =  -33.555539

   izeta = 3
                 rmatch =    3.972182
              splitnorm =    0.075000
                 energy =   -0.464167
                kinetic =   10.072383
    potential(screened) =  -10.536551
       potential(ionic) =  -31.940836
atom: Total number of Sankey-type orbitals: 25

atm_pop: Valence configuration (for local Pseudopot. screening):
 3s( 2.00) 4s( 2.00)                                                  
 3p( 6.00) 4p( 0.00)                                                  
 3d( 5.00)                                                            
Vna: chval, zval:   15.00000  15.00000

Vna:  Cut-off radius for the neutral-atom potential:  10.002455
comcore: Pseudo-core radius Rcore=  2.115123

atom: _________________________________________________________________________

prinput: Basis input 

PAO.BasisType split     

%block ChemicalSpeciesLabel
    1   28 Ni                      # Species index, atomic number, species label
    2   25 Mn                      # Species index, atomic number, species label
%endblock ChemicalSpeciesLabel

%block PAO.Basis                 # Define Basis set
# WARNING: This information might be incomplete!
Ni                    5                    # Species label, number of l-shells
 n=3   0   1                         # n, l, Nzeta 
   3.000   
   1.000   
 n=4   0   3                         # n, l, Nzeta 
   9.316      4.957      5.825   
   1.000      1.000      1.000   
 n=3   1   1                         # n, l, Nzeta 
   3.414   
   1.000   
 n=4   1   1                         # n, l, Nzeta 
   9.316   
   1.000   
 n=3   2   3                         # n, l, Nzeta 
   6.323      2.625      3.356   
   1.000      1.000      1.000   
Mn                    5                    # Species label, number of l-shells
 n=3   0   1                         # n, l, Nzeta 
   3.380   
   1.000   
 n=4   0   3                         # n, l, Nzeta 
  10.002      5.430      6.342   
   1.000      1.000      1.000   
 n=3   1   1                         # n, l, Nzeta 
   3.874   
   1.000   
 n=4   1   1                         # n, l, Nzeta 
  10.002   
   1.000   
 n=3   2   3                         # n, l, Nzeta 
   7.239      3.144      3.972   
   1.000      1.000      1.000   
%endblock PAO.Basis

prinput: ----------------------------------------------------------------------

coor:   Atomic-coordinates input format  =     Fractional

siesta: Atomic coordinates (Bohr) and species
siesta:      0.00000   0.00000   0.00000  1        1
siesta:      0.00000   4.70356   6.65184  1        2
siesta:      0.00000   4.70356   0.00000  2        3
siesta:      2.35178   2.35178   3.32592  2        4
siesta:      2.35178   7.05534   3.32592  2        5
siesta:      0.00000   0.00000   6.65184  2        6
siesta:      2.35178   2.35178   9.97775  2        7
siesta:      2.35178   7.05534   9.97775  2        8

siesta: System type = bulk      

initatomlists: Number of atoms, orbitals, and projectors:      8   200   144

coxmol: Writing XMOL coordinates into file hea.xyz                                                                                                                                                                                                                             

siesta: ******************** Simulation parameters ****************************
siesta:
siesta: The following are some of the parameters of the simulation.
siesta: A complete list of the parameters used, including default values,
siesta: can be found in file out.fdf
siesta:
redata: Spin configuration                          = collinear
redata: Number of spin components                   = 2
redata: Time-Reversal Symmetry                      = T
redata: Spin spiral                                 = F
redata: Long output                                 =   F
redata: Number of Atomic Species                    =        2
redata: Charge density info will appear in .RHO file
redata: Write Mulliken charges (when)               = end
redata: Write Mulliken Pop.                         = Atomic and Orbital charges
redata: Write Hirshfeld charges (when)              = none
redata: Write Voronoi charges (when)                = none
redata: Write spin charge (when)                    = scf
redata: Matel table size (NRTAB)                    =     1024
redata: Mesh Cutoff                                 =   300.0000 Ry
redata: Net charge of the system                    =     0.0000 |e|
redata: Min. number of SCF Iter                     =        0
redata: Max. number of SCF Iter                     =    20000
redata: SCF convergence failure will abort job
redata: SCF mix quantity                            = Hamiltonian
redata: Mix DM or H after convergence               =   F
redata: Recompute H after scf cycle                 =   F
redata: Mix DM in first SCF step                    =   T
redata: Write Pulay info on disk                    =   F
redata: New DM Occupancy tolerance                  = 0.000000000001
redata: No kicks to SCF
redata: DM Mixing Weight for Kicks                  =     0.5000
redata: Require Harris convergence for SCF          =   F
redata: Harris energy tolerance for SCF             =     0.000100 eV
redata: Require DM convergence for SCF              =   T
redata: DM tolerance for SCF                        =     0.000500
redata: Require EDM convergence for SCF             =   F
redata: EDM tolerance for SCF                       =     0.001000 eV
redata: Require H convergence for SCF               =   F
redata: Hamiltonian tolerance for SCF               =     0.005000 eV
redata: Require (free) Energy convergence for SCF   =   F
redata: (free) Energy tolerance for SCF             =     0.000100 eV
redata: Antiferro initial spin density              =   T
redata: Using DFT-D3 dispersion                     =   F
redata: Using Saved Data (generic)                  =   F
redata: Use continuation files for DM               =   F
redata: Neglect nonoverlap interactions             =   F
redata: Method of Calculation                       = Diagonalization
redata: Electronic Temperature                      =   300.0000 K
redata: Fix the spin of the system                  =   F
redata: Max. number of TDED Iter                    =        1
redata: Number of TDED substeps                     =        3
redata: Dynamics option                             = CG coord. optimization
redata: Variable cell                               =   T
redata: Use continuation files for CG               =   F
redata: Max atomic displ per move                   =     0.1058 Ang
redata: Maximum number of optimization moves        =      500
redata: Force tolerance                             =     0.0500 eV/Ang
redata: Stress tolerance                            =     1.0000 GPa
mix.SCF: Broyden mixing                          = Broyden
mix.SCF:    History steps                        = 8
mix.SCF:    Linear mixing weight                 =     0.070000
mix.SCF:    Inverse Jacobian weight              =     0.070000
mix.SCF:    Weight prime                         =     0.070000
mix.SCF:    SVD condition                        = 0.1000E-07
mix.SCF: Spin-component mixing                   all
redata: ***********************************************************************

%block SCF.Mixers
  Broyden
%endblock SCF.Mixers

%block SCF.Mixer.Broyden
  # Mixing method
  method broyden

  # Mixing options
  weight 0.0700
  weight.linear 0.0700
  weight.prime 0.0700
  history 8
%endblock SCF.Mixer.Broyden

DM_history_depth set to one: no extrapolation allowed by default for geometry relaxation
Size of DM history Fstack: 1
Total number of electrons:   126.000000
Total ionic charge:   126.000000

* ProcessorY, Blocksize:    4   5


* Orbital distribution balance (max,min):    10     5

k-point displ. along   1 input, could be:     0.00    0.50
k-point displ. along   3 input, could be:     0.00    0.50
 Kpoints in:           24 . Kpoints trimmed:           22

siesta: k-grid: Number of k-points = 22
siesta: k-points from Monkhorst-Pack grid
siesta: k-cutoff (effective) =     7.040 Ang
siesta: k-point supercell and displacements
siesta: k-grid:     6     0     0      0.000
siesta: k-grid:     0     3     0      0.000
siesta: k-grid:     0     0     2      0.000
k-point displ. along   1 input, could be:     0.00    0.50
k-point displ. along   3 input, could be:     0.00    0.50
 Kpoints in:           24 . Kpoints trimmed:           22

siesta: PDOS k-grid: Number of k-points = 22
siesta: PDOS k-points from Monkhorst-Pack grid
siesta: PDOS k-cutoff (effective) =     0.000 Ang
siesta: PDOS k-point supercell and displacements
siesta: k-grid:     6     0     0      0.000
siesta: k-grid:     0     3     0      0.000
siesta: k-grid:     0     0     2      0.000

diag: Algorithm                                     = D&C
diag: Parallel over k                               =   F
diag: Use parallel 2D distribution                  =   T
diag: Parallel block-size                           = 5
diag: Parallel distribution                         =     6 x     6
diag: Used triangular part                          = Lower
diag: Absolute tolerance                            =  0.100E-15
diag: Orthogonalization factor                      =  0.100E-05
diag: Memory factor                                 =  1.0000
diag: The diagonalization method chosen cannot compute a reduced number of eigenvectors.
diag: Resetting neigwanted 85 to 200

superc: Internal auxiliary supercell:     9 x     5 x     5  =     225
superc: Number of atoms, orbitals, and projectors:   1800  45000  32400


ts: **************************************************************
ts: Save H and S matrices                           =    F
ts: Save DM and EDM matrices                        =    F
ts: Only save the overlap matrix S                  =    F
ts: **************************************************************

************************ Begin: TS CHECKS AND WARNINGS ************************
************************ End: TS CHECKS AND WARNINGS **************************


                     ====================================
                        Begin CG opt. move =      0
                     ====================================

superc: Internal auxiliary supercell:     9 x     5 x     5  =     225
superc: Number of atoms, orbitals, and projectors:   1800  45000  32400

outcell: Unit cell vectors (Ang):
        2.489016    0.000000    0.000000
        0.000000    4.978032    0.000000
        0.000000    0.000000    7.040000

outcell: Cell vector modules (Ang)   :    2.489016    4.978032    7.040000
outcell: Cell angles (23,13,12) (deg):     90.0000     90.0000     90.0000
outcell: Cell volume (Ang**3)        :     87.2284
<dSpData1D:S at geom step 0
  <sparsity:sparsity for geom step 0
    nrows_g=200 nrows=10 sparsity=1.0764 nnzs=43058, refcount: 7>
  <dData1D:(new from dSpData1D) n=43058, refcount: 1>
refcount: 1>
new_DM -- step:     1
Initializing Density Matrix...
DM filled with atomic data:
<dSpData2D:DM initialized from atoms
  <sparsity:sparsity for geom step 0
    nrows_g=200 nrows=10 sparsity=1.0764 nnzs=43058, refcount: 8>
  <dData2D:DM n=43058 m=2, refcount: 1>
refcount: 1>
No. of atoms with KB's overlaping orbs in proc 0. Max # of overlaps:     144     751

InitMesh: MESH = 30 x 54 x 80 = 129600
InitMesh: Mesh cutoff (required, used) =   300.000   325.218 Ry
New grid distribution [1]: sub = 2
New grid distribution [2]: sub = 2
New grid distribution [3]: sub = 2
Setting up quadratic distribution...

stepf: Fermi-Dirac step function

siesta: Program's energy decomposition (eV):
siesta: Ebs     =     -5112.383670
siesta: Eions   =     35645.331871
siesta: Ena     =      3235.325177
siesta: Ekin    =     11883.068808
siesta: Enl     =     -2498.999787
siesta: Eso     =         0.000000
siesta: Edftu   =         0.000000
siesta: DEna    =       237.469017
siesta: DUscf   =         7.485190
siesta: DUext   =         0.000000
siesta: Ex      =     -3847.572827
siesta: Ec      =      -238.019902
siesta: Exc     =     -4085.592729
siesta: EbV     =         0.000000
siesta: eta*DQ  =         0.000000
siesta: Emadel  =         0.000000
siesta: Emeta   =         0.000000
siesta: Emolmec =         0.000000
siesta: Ekinion =         0.000000
siesta: Eharris =    -26758.599414
siesta: Etot    =    -26866.576196
siesta: FreeEng =    -26866.600111

        iscf     Eharris(eV)        E_KS(eV)     FreeEng(eV)     dDmax    Ef(eV) dHmax(eV)
   scf:    1   -26758.599414   -26866.576196   -26866.600111  3.485315 -5.659447  8.222647
     spin moment: {S} , |S| = {        0.0        0.0   -0.00000 }    -0.00000
timer: Routine,Calls,Time,% = IterSCF        1       2.633  17.08
   scf:    2   -26870.023102   -26869.005565   -26869.027634  0.379478 -5.840703  4.524453
     spin moment: {S} , |S| = {        0.0        0.0   -0.00000 }    -0.00000
   scf:    3   -26870.682553   -26869.881433   -26869.904097  0.281612 -5.998045  3.477996
     spin moment: {S} , |S| = {        0.0        0.0   -0.00000 }    -0.00000
   scf:    4   -26872.528716   -26871.508117   -26871.527192  0.759872 -6.562997  1.127022
     spin moment: {S} , |S| = {        0.0        0.0   -0.00000 }    -0.00000
   scf:    5   -26871.940278   -26871.733201   -26871.750945  0.137249 -6.682590  0.578179
     spin moment: {S} , |S| = {        0.0        0.0    0.00000 }     0.00000
   scf:    6   -26872.388113   -26872.143949   -26872.164332  0.493101 -6.894425  3.408250
     spin moment: {S} , |S| = {        0.0        0.0   -0.00000 }    -0.00000
   scf:    7   -26873.458718   -26872.881998   -26872.902317  0.059876 -6.922428  1.969054
     spin moment: {S} , |S| = {        0.0        0.0   -0.00000 }    -0.00000
   scf:    8   -26873.177389   -26873.122652   -26873.141946  0.061672 -6.904878  1.014614
     spin moment: {S} , |S| = {        0.0        0.0    0.00000 }     0.00000
   scf:    9   -26873.787708   -26873.396672   -26873.418384  0.129626 -6.973694  0.481035
     spin moment: {S} , |S| = {        0.0        0.0   -0.00000 }    -0.00000
   scf:   10   -26873.530879   -26873.457785   -26873.481067  0.052010 -7.005001  0.297052
     spin moment: {S} , |S| = {        0.0        0.0    0.00000 }     0.00000
   scf:   11   -26873.558284   -26873.502571   -26873.527777  0.043059 -6.993564  0.295925
     spin moment: {S} , |S| = {        0.0        0.0    0.00000 }     0.00000
   scf:   12   -26873.573144   -26873.533366   -26873.561580  0.060138 -7.038049  0.247940
     spin moment: {S} , |S| = {        0.0        0.0   -0.00001 }    -0.00001
   scf:   13   -26873.608271   -26873.556629   -26873.585453  0.059429 -7.065734  0.421484
     spin moment: {S} , |S| = {        0.0        0.0    0.00000 }     0.00000
   scf:   14   -26873.505989   -26873.527467   -26873.555707  0.040674 -7.060430  0.733154
     spin moment: {S} , |S| = {        0.0        0.0    0.00004 }     0.00004
   scf:   15   -26873.572253   -26873.547719   -26873.576131  0.029884 -7.059877  0.572347
     spin moment: {S} , |S| = {        0.0        0.0    0.00004 }     0.00004
   scf:   16   -26873.585574   -26873.569998   -26873.599640  0.042907 -7.058986  0.069956
     spin moment: {S} , |S| = {        0.0        0.0   -0.00000 }    -0.00000
   scf:   17   -26873.584176   -26873.574735   -26873.605533  0.032130 -7.063911  0.101047
     spin moment: {S} , |S| = {        0.0        0.0    0.00001 }     0.00001
   scf:   18   -26873.577227   -26873.575366   -26873.606947  0.015938 -7.064570  0.061629
     spin moment: {S} , |S| = {        0.0        0.0   -0.00002 }    -0.00002
   scf:   19   -26873.576032   -26873.575681   -26873.607396  0.003493 -7.064500  0.045282
     spin moment: {S} , |S| = {        0.0        0.0   -0.00001 }    -0.00001
   scf:   20   -26873.581681   -26873.578305   -26873.610235  0.016413 -7.062292  0.074567
     spin moment: {S} , |S| = {        0.0        0.0   -0.00000 }    -0.00000
   scf:   21   -26873.581377   -26873.579293   -26873.610487  0.009300 -7.061266  0.033684
     spin moment: {S} , |S| = {        0.0        0.0   -0.00000 }    -0.00000
   scf:   22   -26873.580526   -26873.579832   -26873.611245  0.006573 -7.061284  0.029060
     spin moment: {S} , |S| = {        0.0        0.0   -0.00001 }    -0.00001
   scf:   23   -26873.580467   -26873.580140   -26873.611542  0.002649 -7.060887  0.029815
     spin moment: {S} , |S| = {        0.0        0.0   -0.00001 }    -0.00001
   scf:   24   -26873.594057   -26873.582720   -26873.615491  0.047081 -7.064249  0.028227
     spin moment: {S} , |S| = {        0.0        0.0   -0.00001 }    -0.00001
   scf:   25   -26873.583218   -26873.582980   -26873.615711  0.002779 -7.064080  0.020015
     spin moment: {S} , |S| = {        0.0        0.0   -0.00001 }    -0.00001
   scf:   26   -26873.584015   -26873.583278   -26873.616208  0.010336 -7.064792  0.018279
     spin moment: {S} , |S| = {        0.0        0.0   -0.00001 }    -0.00001
   scf:   27   -26873.584395   -26873.583678   -26873.616699  0.008658 -7.065524  0.016789
     spin moment: {S} , |S| = {        0.0        0.0   -0.00003 }    -0.00003
   scf:   28   -26873.584006   -26873.583823   -26873.616876  0.003265 -7.065666  0.015381
     spin moment: {S} , |S| = {        0.0        0.0    0.00001 }     0.00001
   scf:   29   -26873.584371   -26873.584065   -26873.617126  0.003825 -7.065752  0.012992
     spin moment: {S} , |S| = {        0.0        0.0   -0.00002 }    -0.00002
   scf:   30   -26873.585475   -26873.584649   -26873.617658  0.007383 -7.064969  0.013324
     spin moment: {S} , |S| = {        0.0        0.0   -0.00003 }    -0.00003
   scf:   31   -26873.585242   -26873.584883   -26873.617909  0.005561 -7.065000  0.012326
     spin moment: {S} , |S| = {        0.0        0.0   -0.00001 }    -0.00001
   scf:   32   -26873.585401   -26873.585118   -26873.618120  0.002776 -7.064492  0.011501
     spin moment: {S} , |S| = {        0.0        0.0   -0.00001 }    -0.00001
   scf:   33   -26873.585659   -26873.585346   -26873.618346  0.004309 -7.064278  0.012265
     spin moment: {S} , |S| = {        0.0        0.0   -0.00002 }    -0.00002
   scf:   34   -26873.588037   -26873.586101   -26873.619099  0.015310 -7.063155  0.008807
     spin moment: {S} , |S| = {        0.0        0.0   -0.00002 }    -0.00002
   scf:   35   -26873.586442   -26873.586246   -26873.619244  0.003037 -7.062757  0.010503
     spin moment: {S} , |S| = {        0.0        0.0   -0.00001 }    -0.00001
   scf:   36   -26873.586263   -26873.586253   -26873.619257  0.000711 -7.062594  0.009565
     spin moment: {S} , |S| = {        0.0        0.0   -0.00002 }    -0.00002
   scf:   37   -26873.586646   -26873.586415   -26873.619434  0.002964 -7.061939  0.009457
     spin moment: {S} , |S| = {        0.0        0.0   -0.00004 }    -0.00004
   scf:   38   -26873.586596   -26873.586487   -26873.619544  0.001785 -7.061345  0.009668
     spin moment: {S} , |S| = {        0.0        0.0    0.00001 }     0.00001
   scf:   39   -26873.586817   -26873.586601   -26873.619705  0.002845 -7.060445  0.007467
     spin moment: {S} , |S| = {        0.0        0.0   -0.00003 }    -0.00003
   scf:   40   -26873.586702   -26873.586641   -26873.619780  0.002001 -7.060171  0.007756
     spin moment: {S} , |S| = {        0.0        0.0   -0.00003 }    -0.00003
   scf:   41   -26873.586824   -26873.586705   -26873.619901  0.004002 -7.059975  0.007878
     spin moment: {S} , |S| = {        0.0        0.0   -0.00002 }    -0.00002
   scf:   42   -26873.586932   -26873.586779   -26873.620031  0.004673 -7.059615  0.006350
     spin moment: {S} , |S| = {        0.0        0.0   -0.00003 }    -0.00003
   scf:   43   -26873.586833   -26873.586800   -26873.620080  0.001990 -7.059530  0.006714
     spin moment: {S} , |S| = {        0.0        0.0   -0.00003 }    -0.00003
   scf:   44   -26873.586899   -26873.586840   -26873.620137  0.002278 -7.059337  0.006409
     spin moment: {S} , |S| = {        0.0        0.0   -0.00002 }    -0.00002
   scf:   45   -26873.586912   -26873.586869   -26873.620187  0.002176 -7.059182  0.007037
     spin moment: {S} , |S| = {        0.0        0.0   -0.00003 }    -0.00003
   scf:   46   -26873.587055   -26873.586933   -26873.620280  0.004202 -7.058843  0.007225
     spin moment: {S} , |S| = {        0.0        0.0   -0.00004 }    -0.00004
   scf:   47   -26873.587047   -26873.586973   -26873.620343  0.003125 -7.058593  0.006090
     spin moment: {S} , |S| = {        0.0        0.0   -0.00004 }    -0.00004
   scf:   48   -26873.587033   -26873.586997   -26873.620380  0.001960 -7.058490  0.006758
     spin moment: {S} , |S| = {        0.0        0.0   -0.00004 }    -0.00004
   scf:   49   -26873.587118   -26873.587039   -26873.620443  0.003393 -7.058282  0.005971
     spin moment: {S} , |S| = {        0.0        0.0   -0.00005 }    -0.00005
   scf:   50   -26873.587151   -26873.587078   -26873.620500  0.003335 -7.058123  0.005728
     spin moment: {S} , |S| = {        0.0        0.0   -0.00004 }    -0.00004
   scf:   51   -26873.587125   -26873.587098   -26873.620528  0.001610 -7.058047  0.005253
     spin moment: {S} , |S| = {        0.0        0.0   -0.00005 }    -0.00005
   scf:   52   -26873.587115   -26873.587106   -26873.620539  0.000622 -7.058033  0.005135
     spin moment: {S} , |S| = {        0.0        0.0   -0.00005 }    -0.00005
   scf:   53   -26873.587124   -26873.587114   -26873.620550  0.000609 -7.058013  0.004954
     spin moment: {S} , |S| = {        0.0        0.0   -0.00005 }    -0.00005
   scf:   54   -26873.587135   -26873.587124   -26873.620562  0.000684 -7.057987  0.004986
     spin moment: {S} , |S| = {        0.0        0.0   -0.00005 }    -0.00005
   scf:   55   -26873.587142   -26873.587132   -26873.620572  0.000586 -7.057969  0.004934
     spin moment: {S} , |S| = {        0.0        0.0   -0.00005 }    -0.00005
   scf:   56   -26873.587143   -26873.587138   -26873.620578  0.000306 -7.057970  0.005020
     spin moment: {S} , |S| = {        0.0        0.0   -0.00005 }    -0.00005

SCF Convergence by DM criterion
max |DM_out - DM_in|         :     0.0003061674
max |H_out - H_in|      (eV) :     0.0050195831
SCF cycle converged after 56 iterations

Using DM_out to compute the final energy and forces
No. of atoms with KB's overlaping orbs in proc 0. Max # of overlaps:     144     751

siesta: E_KS(eV) =           -26873.5871

siesta: E_KS - E_eggbox =    -26873.5871

siesta: Atomic forces (eV/Ang):
     1   -0.000000   -0.000000   -0.000002
     2   -0.000000    0.000000    0.000002
     3    0.000000    0.000000   -0.000004
     4   -0.000000    0.028307   -0.023522
     5   -0.000000    0.028307    0.023519
     6    0.000000   -0.000000    0.000004
     7   -0.000000   -0.028307   -0.023519
     8    0.000000   -0.028307    0.023522
----------------------------------------
   Tot   -0.000000    0.000000    0.000000
----------------------------------------
   Max    0.028307
   Res    0.015025    sqrt( Sum f_i^2 / 3N )
----------------------------------------
   Max    0.028307    constrained

Stress tensor Voigt[x,y,z,yz,xz,xy] (kbar):       77.42       84.17       82.74        0.00       -0.00        0.00
(Free)E + p*V (eV/cell)   -26878.0546
Target enthalpy (eV/cell)   -26873.6206

siesta: Stress tensor (static) (eV/Ang**3):
         0.048321    0.000000   -0.000000
         0.000000    0.052533    0.000000
        -0.000000    0.000000    0.051643

siesta: Pressure (static):        -81.44226496  kBar

siesta: Stress tensor (total) (eV/Ang**3):
         0.048321    0.000000   -0.000000
         0.000000    0.052533    0.000000
        -0.000000    0.000000    0.051643

siesta: Pressure (total):        -81.44226496  kBar

cgvc: No target stress found, assuming hydrostatic MD.TargetPressure.

cgvc: Target stress (kBar)
cgvc:        -0.000       0.000       0.000
cgvc:         0.000      -0.000       0.000
cgvc:         0.000       0.000      -0.000

                     ====================================
                        Begin CG opt. move =      1
                     ====================================
k-point displ. along   1 input, could be:     0.00    0.50
k-point displ. along   3 input, could be:     0.00    0.50
 Kpoints in:           24 . Kpoints trimmed:           22

siesta: k-grid: Number of k-points = 22
siesta: k-points from Monkhorst-Pack grid
siesta: k-cutoff (effective) =     6.953 Ang
siesta: k-point supercell and displacements
siesta: k-grid:     6     0     0      0.000
siesta: k-grid:     0     3     0      0.000
siesta: k-grid:     0     0     2      0.000

superc: Internal auxiliary supercell:     9 x     5 x     5  =     225
superc: Number of atoms, orbitals, and projectors:   1800  45000  32400

outcell: Unit cell vectors (Ang):
        2.460152   -0.000000    0.000000
       -0.000000    4.915273   -0.000000
        0.000000   -0.000000    6.952748

outcell: Cell vector modules (Ang)   :    2.460152    4.915273    6.952748
outcell: Cell angles (23,13,12) (deg):     90.0000     90.0000     90.0000
outcell: Cell volume (Ang**3)        :     84.0749
<dSpData1D:S at geom step 1
  <sparsity:sparsity for geom step 1
    nrows_g=200 nrows=10 sparsity=1.1043 nnzs=44172, refcount: 7>
  <dData1D:(new from dSpData1D) n=44172, refcount: 1>
refcount: 1>
new_DM -- step:     2
Re-using DM from previous geometries...
Number of DMs in history: 1
 DM extrapolation coefficients: 
1   1.00000
New DM after history re-use:
<dSpData2D:SpM extrapolated using coords
  <sparsity:sparsity for geom step 1
    nrows_g=200 nrows=10 sparsity=1.1043 nnzs=44172, refcount: 9>
  <dData2D:(temp array for extrapolation) n=44172 m=2, refcount: 1>
refcount: 1>
No. of atoms with KB's overlaping orbs in proc 0. Max # of overlaps:     144     753

InitMesh: MESH = 30 x 54 x 80 = 129600
InitMesh: Mesh cutoff (required, used) =   300.000   333.576 Ry
New grid distribution [1]: sub = 2
New grid distribution [2]: sub = 2
New grid distribution [3]: sub = 2
Setting up quadratic distribution...

        iscf     Eharris(eV)        E_KS(eV)     FreeEng(eV)     dDmax    Ef(eV) dHmax(eV)
   scf:    1   -26867.545592   -26873.504594   -26873.536061  0.133345 -7.108075  1.923716
     spin moment: {S} , |S| = {        0.0        0.0   -0.00005 }    -0.00005
   scf:    2   -26817.653548   -26855.542169   -26855.568859  0.304306 -7.188425 17.788198
     spin moment: {S} , |S| = {        0.0        0.0    0.00030 }     0.00030
   scf:    3   -26875.501772   -26873.637724   -26873.670564  0.281652 -7.129528  0.599401
     spin moment: {S} , |S| = {        0.0        0.0   -0.00004 }    -0.00004
   scf:    4   -26873.665829   -26873.657513   -26873.690161  0.007312 -7.133254  0.297645
     spin moment: {S} , |S| = {        0.0        0.0   -0.00006 }    -0.00006
   scf:    5   -26873.469621   -26873.607986   -26873.639241  0.028940 -7.167190  1.156241
     spin moment: {S} , |S| = {        0.0        0.0   -0.00003 }    -0.00003
   scf:    6   -26873.676613   -26873.646543   -26873.678065  0.004623 -7.168040  0.715275
     spin moment: {S} , |S| = {        0.0        0.0   -0.00006 }    -0.00006
   scf:    7   -26873.669594   -26873.659131   -26873.690781  0.002300 -7.168526  0.496958
     spin moment: {S} , |S| = {        0.0        0.0   -0.00005 }    -0.00005
   scf:    8   -26873.662025   -26873.660418   -26873.691981  0.007131 -7.170656  0.525746
     spin moment: {S} , |S| = {        0.0        0.0   -0.00004 }    -0.00004
   scf:    9   -26873.672290   -26873.666292   -26873.697800  0.007539 -7.172753  0.451471
     spin moment: {S} , |S| = {        0.0        0.0   -0.00011 }    -0.00011
   scf:   10   -26873.681835   -26873.676578   -26873.708200  0.006756 -7.174569  0.105696
     spin moment: {S} , |S| = {        0.0        0.0   -0.00005 }    -0.00005
   scf:   11   -26873.684903   -26873.680493   -26873.711885  0.010627 -7.177099  0.030216
     spin moment: {S} , |S| = {        0.0        0.0   -0.00006 }    -0.00006
   scf:   12   -26873.723216   -26873.692607   -26873.722194  0.047019 -7.184224  0.034991
     spin moment: {S} , |S| = {        0.0        0.0   -0.00034 }    -0.00034
   scf:   13   -26873.707818   -26873.697021   -26873.725314  0.027254 -7.186387  0.044637
     spin moment: {S} , |S| = {        0.0        0.0   -0.00006 }    -0.00006
   scf:   14   -26873.699095   -26873.697878   -26873.725816  0.006648 -7.186870  0.036901
     spin moment: {S} , |S| = {        0.0        0.0   -0.00002 }    -0.00002
   scf:   15   -26873.698288   -26873.698089   -26873.725948  0.001218 -7.186965  0.019663
     spin moment: {S} , |S| = {        0.0        0.0   -0.00008 }    -0.00008
   scf:   16   -26873.698639   -26873.698366   -26873.726106  0.002083 -7.186915  0.017752
     spin moment: {S} , |S| = {        0.0        0.0   -0.00007 }    -0.00007
   scf:   17   -26873.701535   -26873.699375   -26873.726623  0.011006 -7.186932  0.029778
     spin moment: {S} , |S| = {        0.0        0.0   -0.00008 }    -0.00008
   scf:   18   -26873.699433   -26873.699408   -26873.726656  0.001029 -7.186851  0.015386
     spin moment: {S} , |S| = {        0.0        0.0   -0.00001 }    -0.00001
   scf:   19   -26873.699773   -26873.699564   -26873.726714  0.002471 -7.186762  0.023979
     spin moment: {S} , |S| = {        0.0        0.0   -0.00008 }    -0.00008
   scf:   20   -26873.699652   -26873.699614   -26873.726755  0.001202 -7.186530  0.009773
     spin moment: {S} , |S| = {        0.0        0.0   -0.00007 }    -0.00007
   scf:   21   -26873.700378   -26873.699937   -26873.726887  0.004537 -7.185926  0.009167
     spin moment: {S} , |S| = {        0.0        0.0   -0.00002 }    -0.00002
   scf:   22   -26873.699963   -26873.699946   -26873.726912  0.001425 -7.185490  0.008661
     spin moment: {S} , |S| = {        0.0        0.0   -0.00008 }    -0.00008
   scf:   23   -26873.700088   -26873.700013   -26873.726939  0.001120 -7.185456  0.007020
     spin moment: {S} , |S| = {        0.0        0.0   -0.00006 }    -0.00006
   scf:   24   -26873.700100   -26873.700055   -26873.726967  0.001091 -7.185425  0.006809
     spin moment: {S} , |S| = {        0.0        0.0   -0.00006 }    -0.00006
   scf:   25   -26873.700324   -26873.700174   -26873.727038  0.003110 -7.185396  0.006566
     spin moment: {S} , |S| = {        0.0        0.0   -0.00005 }    -0.00005
   scf:   26   -26873.700386   -26873.700268   -26873.727102  0.003004 -7.185333  0.006449
     spin moment: {S} , |S| = {        0.0        0.0   -0.00003 }    -0.00003
   scf:   27   -26873.700339   -26873.700301   -26873.727131  0.001401 -7.185320  0.006717
     spin moment: {S} , |S| = {        0.0        0.0   -0.00005 }    -0.00005
   scf:   28   -26873.700334   -26873.700316   -26873.727156  0.001173 -7.185297  0.006515
     spin moment: {S} , |S| = {        0.0        0.0   -0.00003 }    -0.00003
   scf:   29   -26873.700347   -26873.700329   -26873.727186  0.001447 -7.185280  0.006580
     spin moment: {S} , |S| = {        0.0        0.0   -0.00004 }    -0.00004
   scf:   30   -26873.700362   -26873.700341   -26873.727224  0.001821 -7.185261  0.006490
     spin moment: {S} , |S| = {        0.0        0.0   -0.00003 }    -0.00003
   scf:   31   -26873.700387   -26873.700359   -26873.727264  0.002029 -7.185247  0.006064
     spin moment: {S} , |S| = {        0.0        0.0   -0.00002 }    -0.00002
   scf:   32   -26873.700402   -26873.700376   -26873.727301  0.001969 -7.185240  0.005930
     spin moment: {S} , |S| = {        0.0        0.0   -0.00002 }    -0.00002
   scf:   33   -26873.700419   -26873.700391   -26873.727342  0.002195 -7.185238  0.005873
     spin moment: {S} , |S| = {        0.0        0.0   -0.00002 }    -0.00002
   scf:   34   -26873.700473   -26873.700418   -26873.727402  0.003391 -7.185241  0.005309
     spin moment: {S} , |S| = {        0.0        0.0   -0.00000 }    -0.00000
   scf:   35   -26873.700581   -26873.700455   -26873.727499  0.005972 -7.185248  0.004990
     spin moment: {S} , |S| = {        0.0        0.0   -0.00001 }    -0.00001
   scf:   36   -26873.700683   -26873.700494   -26873.727609  0.007806 -7.185263  0.005210
     spin moment: {S} , |S| = {        0.0        0.0    0.00001 }     0.00001
   scf:   37   -26873.700612   -26873.700512   -26873.727678  0.005793 -7.185261  0.004612
     spin moment: {S} , |S| = {        0.0        0.0    0.00004 }     0.00004
   scf:   38   -26873.700561   -26873.700520   -26873.727717  0.003698 -7.185225  0.003818
     spin moment: {S} , |S| = {        0.0        0.0    0.00002 }     0.00002
   scf:   39   -26873.700553   -26873.700528   -26873.727744  0.002782 -7.185184  0.004312
     spin moment: {S} , |S| = {        0.0        0.0    0.00003 }     0.00003
   scf:   40   -26873.700577   -26873.700535   -26873.727778  0.003873 -7.185088  0.003526
     spin moment: {S} , |S| = {        0.0        0.0    0.00004 }     0.00004
   scf:   41   -26873.700577   -26873.700543   -26873.727805  0.003446 -7.184984  0.003052
     spin moment: {S} , |S| = {        0.0        0.0    0.00004 }     0.00004
   scf:   42   -26873.700576   -26873.700548   -26873.727826  0.003202 -7.184912  0.002889
     spin moment: {S} , |S| = {        0.0        0.0    0.00004 }     0.00004
   scf:   43   -26873.700559   -26873.700550   -26873.727837  0.001750 -7.184862  0.002373
     spin moment: {S} , |S| = {        0.0        0.0    0.00005 }     0.00005
   scf:   44   -26873.700561   -26873.700554   -26873.727845  0.001229 -7.184833  0.002316
     spin moment: {S} , |S| = {        0.0        0.0    0.00005 }     0.00005
   scf:   45   -26873.700566   -26873.700559   -26873.727851  0.000964 -7.184810  0.002315
     spin moment: {S} , |S| = {        0.0        0.0    0.00005 }     0.00005
   scf:   46   -26873.700576   -26873.700566   -26873.727858  0.001052 -7.184784  0.002221
     spin moment: {S} , |S| = {        0.0        0.0    0.00006 }     0.00006
   scf:   47   -26873.700584   -26873.700574   -26873.727864  0.000915 -7.184765  0.002172
     spin moment: {S} , |S| = {        0.0        0.0    0.00005 }     0.00005
   scf:   48   -26873.700595   -26873.700582   -26873.727872  0.001384 -7.184736  0.001824
     spin moment: {S} , |S| = {        0.0        0.0    0.00005 }     0.00005
   scf:   49   -26873.700601   -26873.700591   -26873.727878  0.000972 -7.184719  0.001887
     spin moment: {S} , |S| = {        0.0        0.0    0.00005 }     0.00005
   scf:   50   -26873.700609   -26873.700598   -26873.727884  0.001071 -7.184701  0.001776
     spin moment: {S} , |S| = {        0.0        0.0    0.00005 }     0.00005
   scf:   51   -26873.700613   -26873.700605   -26873.727888  0.000720 -7.184693  0.001873
     spin moment: {S} , |S| = {        0.0        0.0    0.00005 }     0.00005
   scf:   52   -26873.700621   -26873.700613   -26873.727892  0.000767 -7.184686  0.001749
     spin moment: {S} , |S| = {        0.0        0.0    0.00005 }     0.00005
   scf:   53   -26873.700630   -26873.700621   -26873.727896  0.000804 -7.184680  0.001627
     spin moment: {S} , |S| = {        0.0        0.0    0.00005 }     0.00005
   scf:   54   -26873.700641   -26873.700630   -26873.727901  0.000902 -7.184676  0.001505
     spin moment: {S} , |S| = {        0.0        0.0    0.00006 }     0.00006
   scf:   55   -26873.700655   -26873.700641   -26873.727906  0.001102 -7.184673  0.001372
     spin moment: {S} , |S| = {        0.0        0.0    0.00005 }     0.00005
   scf:   56   -26873.700672   -26873.700655   -26873.727912  0.001316 -7.184671  0.001245
     spin moment: {S} , |S| = {        0.0        0.0    0.00005 }     0.00005
   scf:   57   -26873.700691   -26873.700670   -26873.727918  0.001532 -7.184673  0.001175
     spin moment: {S} , |S| = {        0.0        0.0    0.00005 }     0.00005
   scf:   58   -26873.700710   -26873.700687   -26873.727923  0.001669 -7.184677  0.001141
     spin moment: {S} , |S| = {        0.0        0.0    0.00005 }     0.00005
   scf:   59   -26873.700721   -26873.700701   -26873.727928  0.001512 -7.184683  0.001157
     spin moment: {S} , |S| = {        0.0        0.0    0.00005 }     0.00005
   scf:   60   -26873.700734   -26873.700715   -26873.727932  0.001434 -7.184691  0.001082
     spin moment: {S} , |S| = {        0.0        0.0    0.00005 }     0.00005
   scf:   61   -26873.700745   -26873.700728   -26873.727935  0.001350 -7.184701  0.000972
     spin moment: {S} , |S| = {        0.0        0.0    0.00006 }     0.00006
   scf:   62   -26873.700753   -26873.700739   -26873.727937  0.001181 -7.184712  0.000871
     spin moment: {S} , |S| = {        0.0        0.0    0.00005 }     0.00005
   scf:   63   -26873.700759   -26873.700748   -26873.727938  0.000946 -7.184723  0.000851
     spin moment: {S} , |S| = {        0.0        0.0    0.00006 }     0.00006
   scf:   64   -26873.700764   -26873.700755   -26873.727939  0.000768 -7.184732  0.000804
     spin moment: {S} , |S| = {        0.0        0.0    0.00006 }     0.00006
   scf:   65   -26873.700769   -26873.700762   -26873.727940  0.000616 -7.184741  0.000735
     spin moment: {S} , |S| = {        0.0        0.0    0.00006 }     0.00006
   scf:   66   -26873.700773   -26873.700767   -26873.727941  0.000553 -7.184749  0.000676
     spin moment: {S} , |S| = {        0.0        0.0    0.00006 }     0.00006
   scf:   67   -26873.700778   -26873.700772   -26873.727941  0.000480 -7.184757  0.000654
     spin moment: {S} , |S| = {        0.0        0.0    0.00006 }     0.00006

SCF Convergence by DM criterion
max |DM_out - DM_in|         :     0.0004802043
max |H_out - H_in|      (eV) :     0.0006538930
SCF cycle converged after 67 iterations

Using DM_out to compute the final energy and forces
No. of atoms with KB's overlaping orbs in proc 0. Max # of overlaps:     144     753

siesta: E_KS(eV) =           -26873.7008

siesta: Atomic forces (eV/Ang):
     1   -0.000000    0.000006   -0.000002
     2    0.000000   -0.000007    0.000002
     3    0.000000   -0.000010   -0.000003
     4    0.000000   -0.011500    0.015768
     5    0.000000   -0.011511   -0.015794
     6    0.000000    0.000009    0.000003
     7    0.000000    0.011510    0.015793
     8   -0.000000    0.011500   -0.015768
----------------------------------------
   Tot   -0.000000   -0.000001   -0.000001
----------------------------------------
   Max    0.015794
   Res    0.007973    sqrt( Sum f_i^2 / 3N )
----------------------------------------
   Max    0.015794    constrained

Stress tensor Voigt[x,y,z,yz,xz,xy] (kbar):       13.34       24.75       10.43        0.00       -0.00        0.00
(Free)E + p*V (eV/cell)   -26874.5766
Target enthalpy (eV/cell)   -26873.7279

siesta: Stress tensor (static) (eV/Ang**3):
         0.008329   -0.000000    0.000000
         0.000000    0.015447    0.000001
        -0.000000    0.000001    0.006508

siesta: Pressure (static):        -16.17317063  kBar

siesta: Stress tensor (total) (eV/Ang**3):
         0.008329   -0.000000    0.000000
         0.000000    0.015447    0.000001
        -0.000000    0.000001    0.006508

siesta: Pressure (total):        -16.17317063  kBar

                     ====================================
                        Begin CG opt. move =      2
                     ====================================
k-point displ. along   1 input, could be:     0.00    0.50
k-point displ. along   3 input, could be:     0.00    0.50
 Kpoints in:           24 . Kpoints trimmed:           22

siesta: k-grid: Number of k-points = 22
siesta: k-points from Monkhorst-Pack grid
siesta: k-cutoff (effective) =     6.813 Ang
siesta: k-point supercell and displacements
siesta: k-grid:     6     0     0      0.000
siesta: k-grid:     0     3     0      0.000
siesta: k-grid:     0     0     2      0.000

superc: Internal auxiliary supercell:     9 x     5 x     5  =     225
superc: Number of atoms, orbitals, and projectors:   1800  45000  32400

outcell: Unit cell vectors (Ang):
        2.413971   -0.000000    0.000000
       -0.000000    4.814859   -0.000001
        0.000000   -0.000001    6.813146

outcell: Cell vector modules (Ang)   :    2.413971    4.814859    6.813146
outcell: Cell angles (23,13,12) (deg):     90.0000     90.0000     90.0000
outcell: Cell volume (Ang**3)        :     79.1887
<dSpData1D:S at geom step 2
  <sparsity:sparsity for geom step 2
    nrows_g=200 nrows=10 sparsity=1.1739 nnzs=46958, refcount: 7>
  <dData1D:(new from dSpData1D) n=46958, refcount: 1>
refcount: 1>
new_DM -- step:     3
Re-using DM from previous geometries...
Number of DMs in history: 1
 DM extrapolation coefficients: 
1   1.00000
New DM after history re-use:
<dSpData2D:SpM extrapolated using coords
  <sparsity:sparsity for geom step 2
    nrows_g=200 nrows=10 sparsity=1.1739 nnzs=46958, refcount: 9>
  <dData2D:(temp array for extrapolation) n=46958 m=2, refcount: 1>
refcount: 1>
Note: For starting DM, Qtot, Tr[D*S] =        126.00000000        125.77105824
No. of atoms with KB's overlaping orbs in proc 0. Max # of overlaps:     144     793

InitMesh: MESH = 30 x 54 x 72 = 116640
InitMesh: Mesh cutoff (required, used) =   300.000   308.654 Ry
New grid distribution [1]: sub = 2
New grid distribution [2]: sub = 2
New grid distribution [3]: sub = 2
Setting up quadratic distribution...

        iscf     Eharris(eV)        E_KS(eV)     FreeEng(eV)     dDmax    Ef(eV) dHmax(eV)
   scf:    1   -26860.911413   -26872.978360   -26873.002354  0.234585 -7.249942  3.446783
     spin moment: {S} , |S| = {        0.0        0.0    0.00005 }     0.00005
   scf:    2   -26773.267507   -26841.413445   -26841.437601  0.484406 -7.330138 25.673001
     spin moment: {S} , |S| = {        0.0        0.0   -0.00032 }    -0.00032
   scf:    3   -26879.329546   -26873.287685   -26873.311890  0.499658 -7.296829  1.539902
     spin moment: {S} , |S| = {        0.0        0.0    0.00005 }     0.00005
   scf:    4   -26873.513740   -26873.429830   -26873.453218  0.017534 -7.296700  0.599075
     spin moment: {S} , |S| = {        0.0        0.0    0.00004 }     0.00004
   scf:    5   -26869.513400   -26872.254978   -26872.279482  0.084902 -7.350332  5.098914
     spin moment: {S} , |S| = {        0.0        0.0    0.00005 }     0.00005
   scf:    6   -26873.771563   -26873.476298   -26873.498063  0.050465 -7.358569  0.552797
     spin moment: {S} , |S| = {        0.0        0.0    0.00006 }     0.00006
   scf:    7   -26873.436618   -26873.479495   -26873.501139  0.012014 -7.362676  0.480020
     spin moment: {S} , |S| = {        0.0        0.0    0.00005 }     0.00005
   scf:    8   -26873.458146   -26873.485451   -26873.507247  0.013024 -7.365867  0.365226
     spin moment: {S} , |S| = {        0.0        0.0    0.00003 }     0.00003
   scf:    9   -26872.993150   -26873.299256   -26873.321885  0.023193 -7.365294  1.988213
     spin moment: {S} , |S| = {        0.0        0.0    0.00005 }     0.00005
   scf:   10   -26873.342097   -26873.320874   -26873.343487  0.006112 -7.364069  1.893697
     spin moment: {S} , |S| = {        0.0        0.0    0.00006 }     0.00006
   scf:   11   -26873.510860   -26873.496370   -26873.518024  0.022345 -7.364309  0.041696
     spin moment: {S} , |S| = {        0.0        0.0    0.00005 }     0.00005
   scf:   12   -26873.498784   -26873.497540   -26873.519113  0.003669 -7.364872  0.034960
     spin moment: {S} , |S| = {        0.0        0.0    0.00007 }     0.00007
   scf:   13   -26873.503543   -26873.500240   -26873.521619  0.009057 -7.366517  0.037115
     spin moment: {S} , |S| = {        0.0        0.0    0.00004 }     0.00004
   scf:   14   -26873.523516   -26873.507417   -26873.528587  0.034677 -7.371135  0.027456
     spin moment: {S} , |S| = {        0.0        0.0    0.00009 }     0.00009
   scf:   15   -26873.508655   -26873.507987   -26873.529230  0.004861 -7.370394  0.026911
     spin moment: {S} , |S| = {        0.0        0.0    0.00009 }     0.00009
   scf:   16   -26873.515272   -26873.509603   -26873.531388  0.022614 -7.374580  0.020693
     spin moment: {S} , |S| = {        0.0        0.0    0.00012 }     0.00012
   scf:   17   -26873.509896   -26873.509701   -26873.531601  0.003683 -7.375212  0.019453
     spin moment: {S} , |S| = {        0.0        0.0    0.00012 }     0.00012
   scf:   18   -26873.509686   -26873.509689   -26873.531538  0.001449 -7.375396  0.016860
     spin moment: {S} , |S| = {        0.0        0.0    0.00011 }     0.00011
   scf:   19   -26873.509635   -26873.509652   -26873.531440  0.001626 -7.375227  0.018427
     spin moment: {S} , |S| = {        0.0        0.0    0.00011 }     0.00011
   scf:   20   -26873.511273   -26873.509694   -26873.532085  0.014449 -7.376285  0.007373
     spin moment: {S} , |S| = {        0.0        0.0    0.00014 }     0.00014
   scf:   21   -26873.509707   -26873.509542   -26873.532224  0.006110 -7.376781  0.007078
     spin moment: {S} , |S| = {        0.0        0.0    0.00017 }     0.00017
   scf:   22   -26873.509384   -26873.509341   -26873.532296  0.005659 -7.376962  0.003784
     spin moment: {S} , |S| = {        0.0        0.0    0.00020 }     0.00020
   scf:   23   -26873.509255   -26873.509292   -26873.532301  0.001474 -7.377027  0.002425
     spin moment: {S} , |S| = {        0.0        0.0    0.00022 }     0.00022
   scf:   24   -26873.509383   -26873.509335   -26873.532304  0.000959 -7.376863  0.001733
     spin moment: {S} , |S| = {        0.0        0.0    0.00022 }     0.00022
   scf:   25   -26873.509348   -26873.509342   -26873.532305  0.000259 -7.376766  0.001771
     spin moment: {S} , |S| = {        0.0        0.0    0.00023 }     0.00023

SCF Convergence by DM criterion
max |DM_out - DM_in|         :     0.0002589880
max |H_out - H_in|      (eV) :     0.0017712168
SCF cycle converged after 25 iterations

Using DM_out to compute the final energy and forces
No. of atoms with KB's overlaping orbs in proc 0. Max # of overlaps:     144     793

siesta: E_KS(eV) =           -26873.5093

siesta: Atomic forces (eV/Ang):
     1    0.000000   -0.000075   -0.000101
     2    0.000000    0.000077    0.000102
     3    0.000000    0.000095   -0.000178
     4   -0.000000   -0.028017    0.043824
     5    0.000000   -0.028001   -0.043861
     6    0.000000   -0.000093    0.000177
     7    0.000000    0.028001    0.043862
     8   -0.000000    0.028014   -0.043824
----------------------------------------
   Tot    0.000000   -0.000000    0.000001
----------------------------------------
   Max    0.043862
   Res    0.021239    sqrt( Sum f_i^2 / 3N )
----------------------------------------
   Max    0.043862    constrained

Stress tensor Voigt[x,y,z,yz,xz,xy] (kbar):     -155.83     -143.85     -169.60        0.00        0.00       -0.00
(Free)E + p*V (eV/cell)   -26865.8008
Target enthalpy (eV/cell)   -26873.5323

siesta: Stress tensor (static) (eV/Ang**3):
        -0.097261   -0.000000    0.000000
        -0.000000   -0.089787    0.000001
         0.000000    0.000001   -0.105854

siesta: Pressure (static):        156.42713080  kBar

siesta: Stress tensor (total) (eV/Ang**3):
        -0.097261   -0.000000    0.000000
        -0.000000   -0.089787    0.000001
         0.000000    0.000001   -0.105854

siesta: Pressure (total):        156.42713080  kBar

                     ====================================
                        Begin CG opt. move =      3
                     ====================================
k-point displ. along   1 input, could be:     0.00    0.50
k-point displ. along   3 input, could be:     0.00    0.50
 Kpoints in:           24 . Kpoints trimmed:           22

siesta: k-grid: Number of k-points = 22
siesta: k-points from Monkhorst-Pack grid
siesta: k-cutoff (effective) =     6.939 Ang
siesta: k-point supercell and displacements
siesta: k-grid:     6     0     0      0.000
siesta: k-grid:     0     3     0      0.000
siesta: k-grid:     0     0     2      0.000

superc: Internal auxiliary supercell:     9 x     5 x     5  =     225
superc: Number of atoms, orbitals, and projectors:   1800  45000  32400

outcell: Unit cell vectors (Ang):
        2.455587   -0.000000    0.000000
       -0.000000    4.905345   -0.000000
        0.000000   -0.000000    6.938946

outcell: Cell vector modules (Ang)   :    2.455587    4.905345    6.938946
outcell: Cell angles (23,13,12) (deg):     90.0000     90.0000     90.0000
outcell: Cell volume (Ang**3)        :     83.5831
<dSpData1D:S at geom step 3
  <sparsity:sparsity for geom step 3
    nrows_g=200 nrows=10 sparsity=1.1043 nnzs=44172, refcount: 7>
  <dData1D:(new from dSpData1D) n=44172, refcount: 1>
refcount: 1>
new_DM -- step:     4
Re-using DM from previous geometries...
Number of DMs in history: 1
 DM extrapolation coefficients: 
1   1.00000
New DM after history re-use:
<dSpData2D:SpM extrapolated using coords
  <sparsity:sparsity for geom step 3
    nrows_g=200 nrows=10 sparsity=1.1043 nnzs=44172, refcount: 9>
  <dData2D:(temp array for extrapolation) n=44172 m=2, refcount: 1>
refcount: 1>
Note: For starting DM, Qtot, Tr[D*S] =        126.00000000        126.25631901
No. of atoms with KB's overlaping orbs in proc 0. Max # of overlaps:     144     753

InitMesh: MESH = 30 x 54 x 80 = 129600
InitMesh: Mesh cutoff (required, used) =   300.000   334.927 Ry
New grid distribution [1]: sub = 2
New grid distribution [2]: sub = 2
New grid distribution [3]: sub = 2
Setting up quadratic distribution...

        iscf     Eharris(eV)        E_KS(eV)     FreeEng(eV)     dDmax    Ef(eV) dHmax(eV)
   scf:    1   -26881.928560   -26872.946943   -26872.972055  0.181373 -7.339641  4.234414
     spin moment: {S} , |S| = {        0.0        0.0    0.00016 }     0.00016
   scf:    2   -25427.516815   -26396.119675   -26396.139391  1.213985 -6.724124 96.207804
     spin moment: {S} , |S| = {        0.0        0.0    0.00006 }     0.00006
   scf:    3   -26877.046481   -26873.522555   -26873.547842  1.190046 -7.300412  1.979622
     spin moment: {S} , |S| = {        0.0        0.0    0.00024 }     0.00024
   scf:    4   -26873.495128   -26873.645378   -26873.670057  0.043284 -7.240864  0.751351
     spin moment: {S} , |S| = {        0.0        0.0    0.00032 }     0.00032
   scf:    5   -26873.602395   -26873.632883   -26873.658187  0.013517 -7.222707  1.021849
     spin moment: {S} , |S| = {        0.0        0.0    0.00032 }     0.00032
   scf:    6   -26873.681677   -26873.659210   -26873.684401  0.003243 -7.219442  0.751459
     spin moment: {S} , |S| = {        0.0        0.0    0.00032 }     0.00032
   scf:    7   -26873.693383   -26873.690107   -26873.715096  0.008853 -7.210919  0.045419
     spin moment: {S} , |S| = {        0.0        0.0    0.00031 }     0.00031
   scf:    8   -26873.675727   -26873.685652   -26873.710483  0.006631 -7.207023  0.317737
     spin moment: {S} , |S| = {        0.0        0.0    0.00032 }     0.00032
   scf:    9   -26873.684041   -26873.684873   -26873.709626  0.002240 -7.206405  0.350251
     spin moment: {S} , |S| = {        0.0        0.0    0.00031 }     0.00031
   scf:   10   -26873.689631   -26873.687232   -26873.711831  0.004269 -7.206178  0.315616
     spin moment: {S} , |S| = {        0.0        0.0    0.00032 }     0.00032
   scf:   11   -26873.695519   -26873.693920   -26873.718356  0.007065 -7.208777  0.028702
     spin moment: {S} , |S| = {        0.0        0.0    0.00033 }     0.00033
   scf:   12   -26873.695045   -26873.694466   -26873.718855  0.002158 -7.208531  0.026144
     spin moment: {S} , |S| = {        0.0        0.0    0.00034 }     0.00034
   scf:   13   -26873.698649   -26873.696334   -26873.720569  0.007495 -7.207814  0.025104
     spin moment: {S} , |S| = {        0.0        0.0    0.00034 }     0.00034
   scf:   14   -26873.712816   -26873.701637   -26873.725772  0.027428 -7.205620  0.031893
     spin moment: {S} , |S| = {        0.0        0.0    0.00041 }     0.00041
   scf:   15   -26873.707364   -26873.703544   -26873.727966  0.016524 -7.204816  0.035067
     spin moment: {S} , |S| = {        0.0        0.0    0.00044 }     0.00044
   scf:   16   -26873.705548   -26873.704253   -26873.728926  0.009415 -7.204476  0.024507
     spin moment: {S} , |S| = {        0.0        0.0    0.00046 }     0.00046
   scf:   17   -26873.704244   -26873.704293   -26873.728854  0.001691 -7.203721  0.034398
     spin moment: {S} , |S| = {        0.0        0.0    0.00046 }     0.00046
   scf:   18   -26873.708856   -26873.705003   -26873.730371  0.022343 -7.203185  0.023319
     spin moment: {S} , |S| = {        0.0        0.0    0.00056 }     0.00056
   scf:   19   -26873.705414   -26873.704949   -26873.730653  0.008613 -7.202785  0.020813
     spin moment: {S} , |S| = {        0.0        0.0    0.00058 }     0.00058
   scf:   20   -26873.705054   -26873.704917   -26873.730772  0.004410 -7.202319  0.013063
     spin moment: {S} , |S| = {        0.0        0.0    0.00058 }     0.00058
   scf:   21   -26873.705058   -26873.704984   -26873.730817  0.002078 -7.201958  0.005002
     spin moment: {S} , |S| = {        0.0        0.0    0.00063 }     0.00063
   scf:   22   -26873.704929   -26873.704951   -26873.730827  0.001168 -7.201933  0.003796
     spin moment: {S} , |S| = {        0.0        0.0    0.00059 }     0.00059
   scf:   23   -26873.704897   -26873.704922   -26873.730831  0.000822 -7.202016  0.004057
     spin moment: {S} , |S| = {        0.0        0.0    0.00062 }     0.00062
   scf:   24   -26873.705012   -26873.704967   -26873.730837  0.000685 -7.202069  0.003237
     spin moment: {S} , |S| = {        0.0        0.0    0.00061 }     0.00061
   scf:   25   -26873.705051   -26873.705009   -26873.730839  0.000782 -7.202088  0.004174
     spin moment: {S} , |S| = {        0.0        0.0    0.00061 }     0.00061
   scf:   26   -26873.704932   -26873.704964   -26873.730844  0.001192 -7.202146  0.001797
     spin moment: {S} , |S| = {        0.0        0.0    0.00063 }     0.00063
   scf:   27   -26873.705010   -26873.704987   -26873.730845  0.000540 -7.202207  0.001325
     spin moment: {S} , |S| = {        0.0        0.0    0.00064 }     0.00064
   scf:   28   -26873.704958   -26873.704972   -26873.730846  0.000296 -7.202216  0.001087
     spin moment: {S} , |S| = {        0.0        0.0    0.00064 }     0.00064

SCF Convergence by DM criterion
max |DM_out - DM_in|         :     0.0002964512
max |H_out - H_in|      (eV) :     0.0010867566
SCF cycle converged after 28 iterations

Using DM_out to compute the final energy and forces
No. of atoms with KB's overlaping orbs in proc 0. Max # of overlaps:     144     753

siesta: E_KS(eV) =           -26873.7050

siesta: Atomic forces (eV/Ang):
     1   -0.000000   -0.000004    0.000003
     2    0.000000    0.000004   -0.000003
     3   -0.000000    0.000008    0.000003
     4    0.000000   -0.014076    0.020330
     5   -0.000000   -0.014076   -0.020303
     6    0.000000   -0.000008   -0.000005
     7    0.000000    0.014077    0.020303
     8   -0.000000    0.014076   -0.020329
----------------------------------------
   Tot   -0.000000    0.000000   -0.000001
----------------------------------------
   Max    0.020330
   Res    0.010090    sqrt( Sum f_i^2 / 3N )
----------------------------------------
   Max    0.020330    constrained

Stress tensor Voigt[x,y,z,yz,xz,xy] (kbar):       -0.28       11.33       -4.16        0.01       -0.00        0.00
(Free)E + p*V (eV/cell)   -26873.8508
Target enthalpy (eV/cell)   -26873.7308

siesta: Stress tensor (static) (eV/Ang**3):
        -0.000172    0.000000   -0.000000
         0.000000    0.007073    0.000008
        -0.000000    0.000007   -0.002595

siesta: Pressure (static):         -2.29945002  kBar

siesta: Stress tensor (total) (eV/Ang**3):
        -0.000172    0.000000   -0.000000
         0.000000    0.007073    0.000008
        -0.000000    0.000007   -0.002595

siesta: Pressure (total):         -2.29945002  kBar

cgvc: Finished line minimization    1.  Mean atomic displacement =    0.0819

                     ====================================
                        Begin CG opt. move =      4
                     ====================================
k-point displ. along   1 input, could be:     0.00    0.50
k-point displ. along   3 input, could be:     0.00    0.50
 Kpoints in:           24 . Kpoints trimmed:           22

siesta: k-grid: Number of k-points = 22
siesta: k-points from Monkhorst-Pack grid
siesta: k-cutoff (effective) =     7.020 Ang
siesta: k-point supercell and displacements
siesta: k-grid:     6     0     0      0.000
siesta: k-grid:     0     3     0      0.000
siesta: k-grid:     0     0     2      0.000

superc: Internal auxiliary supercell:     9 x     5 x     5  =     225
superc: Number of atoms, orbitals, and projectors:   1800  45000  32400

outcell: Unit cell vectors (Ang):
        2.464540   -0.000000    0.000000
       -0.000000    4.810154   -0.000119
        0.000000   -0.000169    7.019861

outcell: Cell vector modules (Ang)   :    2.464540    4.810154    7.019861
outcell: Cell angles (23,13,12) (deg):     90.0028     90.0000     90.0000
outcell: Cell volume (Ang**3)        :     83.2192
<dSpData1D:S at geom step 4
  <sparsity:sparsity for geom step 4
    nrows_g=200 nrows=10 sparsity=1.1208 nnzs=44831, refcount: 7>
  <dData1D:(new from dSpData1D) n=44831, refcount: 1>
refcount: 1>
new_DM -- step:     5
Re-using DM from previous geometries...
Number of DMs in history: 1
 DM extrapolation coefficients: 
1   1.00000
New DM after history re-use:
<dSpData2D:SpM extrapolated using coords
  <sparsity:sparsity for geom step 4
    nrows_g=200 nrows=10 sparsity=1.1208 nnzs=44831, refcount: 9>
  <dData2D:(temp array for extrapolation) n=44831 m=2, refcount: 1>
refcount: 1>
No. of atoms with KB's overlaping orbs in proc 0. Max # of overlaps:     144     761

InitMesh: MESH = 30 x 54 x 80 = 129600
InitMesh: Mesh cutoff (required, used) =   300.000   348.314 Ry
New grid distribution [1]: sub = 2
New grid distribution [2]: sub = 2
New grid distribution [3]: sub = 2
Setting up quadratic distribution...

        iscf     Eharris(eV)        E_KS(eV)     FreeEng(eV)     dDmax    Ef(eV) dHmax(eV)
   scf:    1   -26872.752670   -26873.661206   -26873.684667  0.156046 -7.216069  0.329848
     spin moment: {S} , |S| = {        0.0        0.0    0.00072 }     0.00072
   scf:    2   -26868.995168   -26872.141277   -26872.163826  0.055355 -7.238084  5.629225
     spin moment: {S} , |S| = {        0.0        0.0   -0.00280 }    -0.00280
   scf:    3   -26873.756056   -26873.668778   -26873.692013  0.051991 -7.217828  0.077491
     spin moment: {S} , |S| = {        0.0        0.0    0.00056 }     0.00056
   scf:    4   -26873.669784   -26873.669339   -26873.692532  0.002806 -7.218361  0.072717
     spin moment: {S} , |S| = {        0.0        0.0    0.00058 }     0.00058
   scf:    5   -26873.672222   -26873.670932   -26873.693970  0.007404 -7.220243  0.029503
     spin moment: {S} , |S| = {        0.0        0.0    0.00037 }     0.00037
   scf:    6   -26873.671748   -26873.671385   -26873.694339  0.003293 -7.220930  0.024715
     spin moment: {S} , |S| = {        0.0        0.0    0.00060 }     0.00060
   scf:    7   -26873.671591   -26873.671497   -26873.694416  0.001210 -7.220767  0.021330
     spin moment: {S} , |S| = {        0.0        0.0    0.00056 }     0.00056
   scf:    8   -26873.671847   -26873.671682   -26873.694527  0.002459 -7.220111  0.024441
     spin moment: {S} , |S| = {        0.0        0.0    0.00041 }     0.00041
   scf:    9   -26873.671872   -26873.671811   -26873.694625  0.001950 -7.219213  0.021234
     spin moment: {S} , |S| = {        0.0        0.0    0.00053 }     0.00053
   scf:   10   -26873.671875   -26873.671852   -26873.694648  0.000635 -7.219385  0.010658
     spin moment: {S} , |S| = {        0.0        0.0    0.00058 }     0.00058
   scf:   11   -26873.671953   -26873.671902   -26873.694677  0.000414 -7.219353  0.010229
     spin moment: {S} , |S| = {        0.0        0.0    0.00053 }     0.00053

SCF Convergence by DM criterion
max |DM_out - DM_in|         :     0.0004135170
max |H_out - H_in|      (eV) :     0.0102286040
SCF cycle converged after 11 iterations

Using DM_out to compute the final energy and forces
No. of atoms with KB's overlaping orbs in proc 0. Max # of overlaps:     144     761

siesta: E_KS(eV) =           -26873.6719

siesta: Atomic forces (eV/Ang):
     1    0.000000    0.000162   -0.000053
     2   -0.000000   -0.000138    0.000056
     3   -0.000000   -0.000190   -0.000049
     4   -0.000000    0.047861   -0.204054
     5    0.000000    0.048072    0.203752
     6    0.000000    0.000167    0.000044
     7   -0.000000   -0.048067   -0.203734
     8    0.000000   -0.047860    0.204048
----------------------------------------
   Tot    0.000001    0.000007    0.000011
----------------------------------------
   Max    0.204054
   Res    0.085513    sqrt( Sum f_i^2 / 3N )
----------------------------------------
   Max    0.204054    constrained

Stress tensor Voigt[x,y,z,yz,xz,xy] (kbar):       19.05      -62.55        9.37       -0.08        0.00       -0.00
(Free)E + p*V (eV/cell)   -26873.1039
Target enthalpy (eV/cell)   -26873.6947

siesta: Stress tensor (static) (eV/Ang**3):
         0.011893   -0.000000    0.000000
        -0.000000   -0.039038   -0.000047
         0.000000   -0.000047    0.005847

siesta: Pressure (static):         11.37482683  kBar

siesta: Stress tensor (total) (eV/Ang**3):
         0.011893   -0.000000    0.000000
        -0.000000   -0.039038   -0.000047
         0.000000   -0.000047    0.005847

siesta: Pressure (total):         11.37482683  kBar

                     ====================================
                        Begin CG opt. move =      5
                     ====================================
k-point displ. along   1 input, could be:     0.00    0.50
k-point displ. along   3 input, could be:     0.00    0.50
 Kpoints in:           24 . Kpoints trimmed:           22

siesta: k-grid: Number of k-points = 22
siesta: k-points from Monkhorst-Pack grid
siesta: k-cutoff (effective) =     6.951 Ang
siesta: k-point supercell and displacements
siesta: k-grid:     6     0     0      0.000
siesta: k-grid:     0     3     0      0.000
siesta: k-grid:     0     0     2      0.000

superc: Internal auxiliary supercell:     9 x     5 x     5  =     225
superc: Number of atoms, orbitals, and projectors:   1800  45000  32400

outcell: Unit cell vectors (Ang):
        2.456955   -0.000000    0.000000
       -0.000000    4.890799   -0.000019
        0.000000   -0.000026    6.951311

outcell: Cell vector modules (Ang)   :    2.456955    4.890799    6.951311
outcell: Cell angles (23,13,12) (deg):     90.0004     90.0000     90.0000
outcell: Cell volume (Ang**3)        :     83.5302
<dSpData1D:S at geom step 5
  <sparsity:sparsity for geom step 5
    nrows_g=200 nrows=10 sparsity=1.1140 nnzs=44560, refcount: 7>
  <dData1D:(new from dSpData1D) n=44560, refcount: 1>
refcount: 1>
new_DM -- step:     6
Re-using DM from previous geometries...
Number of DMs in history: 1
 DM extrapolation coefficients: 
1   1.00000
New DM after history re-use:
<dSpData2D:SpM extrapolated using coords
  <sparsity:sparsity for geom step 5
    nrows_g=200 nrows=10 sparsity=1.1140 nnzs=44560, refcount: 9>
  <dData2D:(temp array for extrapolation) n=44560 m=2, refcount: 1>
refcount: 1>
No. of atoms with KB's overlaping orbs in proc 0. Max # of overlaps:     144     761

InitMesh: MESH = 30 x 54 x 80 = 129600
InitMesh: Mesh cutoff (required, used) =   300.000   336.922 Ry
New grid distribution [1]: sub = 2
New grid distribution [2]: sub = 2
New grid distribution [3]: sub = 2
Setting up quadratic distribution...

        iscf     Eharris(eV)        E_KS(eV)     FreeEng(eV)     dDmax    Ef(eV) dHmax(eV)
   scf:    1   -26874.016221   -26873.689890   -26873.714539  0.095568 -7.200594  0.547349
     spin moment: {S} , |S| = {        0.0        0.0    0.00115 }     0.00115
   scf:    2   -26860.645866   -26869.433338   -26869.459367  0.140199 -7.184835  8.133682
     spin moment: {S} , |S| = {        0.0        0.0   -0.00717 }    -0.00717
   scf:    3   -26873.877612   -26873.704681   -26873.729441  0.137595 -7.200751  0.125214
     spin moment: {S} , |S| = {        0.0        0.0    0.00089 }     0.00089
   scf:    4   -26873.705785   -26873.705683   -26873.730621  0.004119 -7.201132  0.049758
     spin moment: {S} , |S| = {        0.0        0.0    0.00068 }     0.00068
   scf:    5   -26873.706600   -26873.706264   -26873.731238  0.003575 -7.202358  0.058313
     spin moment: {S} , |S| = {        0.0        0.0    0.00051 }     0.00051
   scf:    6   -26873.706601   -26873.706638   -26873.731699  0.006665 -7.204721  0.086245
     spin moment: {S} , |S| = {        0.0        0.0    0.00050 }     0.00050
   scf:    7   -26873.707073   -26873.706911   -26873.731995  0.000599 -7.204673  0.036257
     spin moment: {S} , |S| = {        0.0        0.0    0.00068 }     0.00068
   scf:    8   -26873.706715   -26873.706916   -26873.732032  0.000693 -7.204510  0.035778
     spin moment: {S} , |S| = {        0.0        0.0    0.00076 }     0.00076
   scf:    9   -26873.706932   -26873.706925   -26873.732042  0.000319 -7.204418  0.036315
     spin moment: {S} , |S| = {        0.0        0.0    0.00065 }     0.00065

SCF Convergence by DM criterion
max |DM_out - DM_in|         :     0.0003192863
max |H_out - H_in|      (eV) :     0.0363146892
SCF cycle converged after 9 iterations

Using DM_out to compute the final energy and forces
No. of atoms with KB's overlaping orbs in proc 0. Max # of overlaps:     144     761

siesta: E_KS(eV) =           -26873.7069

siesta: Atomic forces (eV/Ang):
     1    0.000000    0.000019   -0.000103
     2   -0.000000   -0.000015    0.000103
     3    0.000000   -0.000026   -0.000192
     4    0.000000   -0.001952   -0.017200
     5   -0.000000   -0.001794    0.017737
     6   -0.000000    0.000022    0.000192
     7    0.000000    0.001792   -0.017737
     8    0.000000    0.001954    0.017199
----------------------------------------
   Tot    0.000000    0.000002   -0.000001
----------------------------------------
   Max    0.017737
   Res    0.007173    sqrt( Sum f_i^2 / 3N )
----------------------------------------
   Max    0.017737    constrained

Stress tensor Voigt[x,y,z,yz,xz,xy] (kbar):        4.31        2.36       -1.28        0.01        0.00       -0.00
(Free)E + p*V (eV/cell)   -26873.8258
Target enthalpy (eV/cell)   -26873.7320

siesta: Stress tensor (static) (eV/Ang**3):
         0.002692   -0.000000    0.000000
        -0.000000    0.001475    0.000009
         0.000000    0.000009   -0.000801

siesta: Pressure (static):         -1.79797698  kBar

siesta: Stress tensor (total) (eV/Ang**3):
         0.002692   -0.000000    0.000000
        -0.000000    0.001475    0.000009
         0.000000    0.000009   -0.000801

siesta: Pressure (total):         -1.79797698  kBar

outcoor: Relaxed atomic coordinates (fractional):           
   -0.00000000   -0.00000013    0.00000003   1       1  Ni
    0.00000000    0.50000011    0.49999997   1       2  Ni
   -0.00000000    0.50000023    0.00000002   2       3  Mn
    0.50000000    0.25003321    0.25015582   2       4  Mn
    0.50000000    0.75003321    0.24984470   2       5  Mn
    0.00000000   -0.00000022    0.49999995   2       6  Mn
    0.50000000    0.24996681    0.75015530   2       7  Mn
    0.50000000    0.74996679    0.74984420   2       8  Mn

outcell: Unit cell vectors (Ang):
        2.456955   -0.000000    0.000000
       -0.000000    4.890799   -0.000019
        0.000000   -0.000026    6.951311

outcell: Cell vector modules (Ang)   :    2.456955    4.890799    6.951311
outcell: Cell angles (23,13,12) (deg):     90.0004     90.0000     90.0000
outcell: Cell volume (Ang**3)        :     83.5302

coxmol: Writing XMOL coordinates into file hea.xyz                                                                                                                                                                                                                             
Writing WFSX for COOP/COHP in hea.fullBZ.WFSX

diag: Algorithm                                     = D&C
diag: Parallel over k                               =   F
diag: Use parallel 2D distribution                  =   T
diag: Parallel block-size                           = 5
diag: Parallel distribution                         =     6 x     6
diag: Used triangular part                          = Lower
diag: Absolute tolerance                            =  0.100E-15
diag: Orthogonalization factor                      =  0.100E-05
diag: Memory factor                                 =  1.0000

diag: Algorithm                                     = D&C
diag: Parallel over k                               =   F
diag: Use parallel 2D distribution                  =   T
diag: Parallel block-size                           = 5
diag: Parallel distribution                         =     6 x     6
diag: Used triangular part                          = Lower
diag: Absolute tolerance                            =  0.100E-15
diag: Orthogonalization factor                      =  0.100E-05
diag: Memory factor                                 =  1.0000

siesta: PDOS info
siesta: E1 -- E2, sigma [eV], nhist:  -20.000 --   20.000    0.100 1000

diag: Algorithm                                     = D&C
diag: Parallel over k                               =   F
diag: Use parallel 2D distribution                  =   T
diag: Parallel block-size                           = 5
diag: Parallel distribution                         =     6 x     6
diag: Used triangular part                          = Lower
diag: Absolute tolerance                            =  0.100E-15
diag: Orthogonalization factor                      =  0.100E-05
diag: Memory factor                                 =  1.0000

siesta: Program's energy decomposition (eV):
siesta: Ebs     =     -4935.062692
siesta: Eions   =     35645.331871
siesta: Ena     =      3227.774334
siesta: Ekin    =     12091.595415
siesta: Enl     =     -2565.847847
siesta: Eso     =         0.000000
siesta: Edftu   =         0.000000
siesta: DEna    =       123.079600
siesta: DUscf   =         1.970696
siesta: DUext   =         0.000000
siesta: Ex      =     -3866.328936
siesta: Ec      =      -240.618314
siesta: Exc     =     -4106.947250
siesta: EbV     =         0.000000
siesta: eta*DQ  =         0.000000
siesta: Emadel  =         0.000000
siesta: Emeta   =         0.000000
siesta: Emolmec =         0.000000
siesta: Ekinion =         0.000000
siesta: Eharris =    -26873.706932
siesta: Etot    =    -26873.706925
siesta: FreeEng =    -26873.732042

siesta: Final energy (eV):
siesta:  Band Struct. =   -4935.062692
siesta:       Kinetic =   12091.595415
siesta:       Hartree =    6241.394766
siesta:         Edftu =       0.000000
siesta:       Eso     =       0.000000
siesta:    Ext. field =       0.000000
siesta:         Exch. =   -3866.328936
siesta:         Corr. =    -240.618314
siesta:     Bulk bias =       0.000000
siesta:   Exch.-corr. =   -4106.947250
siesta:  Ion-electron =  -25687.278637
siesta:       Ion-ion =  -15412.471218
siesta:       Ekinion =       0.000000
siesta: D3 dispersion =       0.000000
siesta:         Total =  -26873.706925
siesta:         Fermi =      -7.204418

siesta: Stress tensor (static) (eV/Ang**3):
siesta:     0.002692   -0.000000    0.000000
siesta:    -0.000000    0.001475    0.000009
siesta:     0.000000    0.000009   -0.000801

siesta: Constrained stress tensor (static) (eV/Ang**3):
siesta:     0.002692   -0.000000    0.000000
siesta:    -0.000000    0.001475    0.000009
siesta:     0.000000    0.000009   -0.000801

siesta: Cell volume =         83.530231 Ang**3

siesta: Pressure (static):
siesta:                Solid            Molecule  Units
siesta:          -0.00001222         -0.00001220  Ry/Bohr**3
siesta:          -0.00112221         -0.00111970  eV/Ang**3
siesta:          -1.79797698         -1.79395242  kBar
(Free)E+ p_basis*V_orbitals  =      -26847.530673
(Free)Eharris+ p_basis*V_orbitals  =      -26847.530680

mulliken: Atomic and Orbital Populations:

mulliken: Spin UP 

Species: Ni                  
Atom  Qatom  Qorb
               3s      4s      4s      4s      3py     3pz     3px     4py     
               4pz     4px     3dxy    3dyz    3dz2    3dxz    3dx2-y2 3dxy    
               3dyz    3dz2    3dxz    3dx2-y2 3dxy    3dyz    3dz2    3dxz    
               3dx2-y2 
   1  9.034   0.986  -0.026   0.050   0.097   0.996   0.997   0.997   0.221
              0.209   0.203   1.146   1.137   1.168   1.132   1.138  -0.057

             -0.060  -0.057  -0.061  -0.055  -0.199  -0.236  -0.218  -0.232

             -0.242
   2  9.030   0.986  -0.026   0.050   0.096   0.996   0.997   0.997   0.221
              0.209   0.203   1.145   1.137   1.167   1.132   1.137  -0.058

             -0.060  -0.057  -0.061  -0.055  -0.199  -0.237  -0.218  -0.232

             -0.241

Species: Mn                  
Atom  Qatom  Qorb
               3s      4s      4s      4s      3py     3pz     3px     4py     
               4pz     4px     3dxy    3dyz    3dz2    3dxz    3dx2-y2 3dxy    
               3dyz    3dz2    3dxz    3dx2-y2 3dxy    3dyz    3dz2    3dxz    
               3dx2-y2 
   3  7.368   0.982  -0.219   0.141   0.067   0.991   0.989   0.990   0.152
              0.156   0.163   0.844   1.057   0.791   1.008   0.976  -0.075

             -0.113  -0.066  -0.101  -0.086  -0.185  -0.295  -0.200  -0.290

             -0.311
   4  6.943   0.980   0.163   0.043  -0.066   0.989   0.990   0.990   0.146
              0.145   0.152   0.571   0.874   0.579   0.916   0.912  -0.048

             -0.084  -0.053  -0.088  -0.102  -0.135  -0.275  -0.112  -0.292

             -0.252
   5  8.157   0.994   0.119   0.046  -0.017   0.991   0.992   0.991   0.180
              0.176   0.174   1.017   1.139   1.004   1.185   1.140  -0.078

             -0.103  -0.079  -0.109  -0.119  -0.261  -0.340  -0.227  -0.355

             -0.304
   6  7.367   0.982  -0.219   0.141   0.067   0.991   0.989   0.990   0.152
              0.156   0.163   0.838   1.057   0.793   1.009   0.976  -0.074

             -0.113  -0.066  -0.101  -0.086  -0.184  -0.295  -0.200  -0.291

             -0.311
   7  8.157   0.994   0.119   0.046  -0.017   0.991   0.992   0.991   0.180
              0.176   0.174   1.017   1.139   1.004   1.185   1.140  -0.078

             -0.103  -0.079  -0.109  -0.119  -0.261  -0.340  -0.227  -0.355

             -0.304
   8  6.943   0.980   0.163   0.043  -0.066   0.989   0.990   0.990   0.146
              0.145   0.152   0.571   0.874   0.579   0.916   0.912  -0.048

             -0.084  -0.053  -0.088  -0.102  -0.135  -0.275  -0.112  -0.292

             -0.252

mulliken: Qtot =       63.000

mulliken: Spin DOWN 

Species: Ni                  
Atom  Qatom  Qorb
               3s      4s      4s      4s      3py     3pz     3px     4py     
               4pz     4px     3dxy    3dyz    3dz2    3dxz    3dx2-y2 3dxy    
               3dyz    3dz2    3dxz    3dx2-y2 3dxy    3dyz    3dz2    3dxz    
               3dx2-y2 
   1  9.030   0.986  -0.027   0.050   0.097   0.996   0.997   0.997   0.221
              0.209   0.203   1.146   1.137   1.167   1.132   1.137  -0.058

             -0.060  -0.057  -0.061  -0.055  -0.199  -0.237  -0.218  -0.232

             -0.241
   2  9.034   0.986  -0.026   0.050   0.097   0.996   0.997   0.997   0.221
              0.209   0.203   1.147   1.137   1.168   1.132   1.138  -0.057

             -0.060  -0.057  -0.061  -0.055  -0.200  -0.237  -0.218  -0.232

             -0.242

Species: Mn                  
Atom  Qatom  Qorb
               3s      4s      4s      4s      3py     3pz     3px     4py     
               4pz     4px     3dxy    3dyz    3dz2    3dxz    3dx2-y2 3dxy    
               3dyz    3dz2    3dxz    3dx2-y2 3dxy    3dyz    3dz2    3dxz    
               3dx2-y2 
   3  7.372   0.983  -0.219   0.141   0.068   0.991   0.989   0.990   0.153
              0.156   0.163   0.840   1.059   0.795   1.010   0.977  -0.075

             -0.113  -0.066  -0.101  -0.086  -0.184  -0.295  -0.201  -0.291

             -0.311
   4  8.154   0.994   0.119   0.046  -0.017   0.991   0.992   0.991   0.180
              0.176   0.174   1.016   1.139   1.003   1.185   1.140  -0.078

             -0.103  -0.079  -0.109  -0.119  -0.261  -0.340  -0.226  -0.355

             -0.304
   5  6.941   0.980   0.163   0.043  -0.066   0.989   0.990   0.990   0.146
              0.145   0.152   0.570   0.874   0.578   0.915   0.912  -0.048

             -0.084  -0.053  -0.088  -0.102  -0.135  -0.275  -0.112  -0.292

             -0.252
   6  7.373   0.982  -0.219   0.141   0.068   0.991   0.989   0.990   0.153
              0.156   0.163   0.846   1.058   0.793   1.009   0.976  -0.075

             -0.113  -0.066  -0.101  -0.086  -0.186  -0.295  -0.200  -0.291

             -0.311
   7  6.941   0.980   0.163   0.043  -0.066   0.989   0.990   0.990   0.146
              0.145   0.152   0.570   0.874   0.578   0.915   0.912  -0.048

             -0.084  -0.053  -0.088  -0.102  -0.135  -0.275  -0.112  -0.292

             -0.252
   8  8.154   0.994   0.119   0.046  -0.017   0.991   0.992   0.991   0.180
              0.176   0.174   1.016   1.139   1.003   1.185   1.140  -0.078

             -0.103  -0.079  -0.109  -0.119  -0.261  -0.340  -0.226  -0.355

             -0.304

mulliken: Qtot =       63.000

Mulliken Atomic Populations:
Atom #   charge [q] valence [e]      Sz [e]  Species
     1    -0.064226   18.064226    0.003955  Ni
     2    -0.064311   18.064311   -0.003338  Ni
     3     0.259479   14.740521   -0.003629  Mn
     4    -0.097647   15.097647   -1.210859  Mn
     5    -0.097470   15.097470    1.215598  Mn
     6     0.259365   14.740635   -0.005831  Mn
     7    -0.097504   15.097504    1.215608  Mn
     8    -0.097685   15.097685   -1.210852  Mn
-------------------------------------------
 Total    -0.000000                0.000650

cite: Please indicate the Siesta version in published work: 5.2.2
cite: This calculation has made use of features in the following articles
cite: which we encourage you to cite in published work.
cite: (Please see "hea.bib" for a BibTeX file.)
        Primary SIESTA paper
          DOI: www.doi.org/10.1088/0953-8984/14/11/302
        PSML pseudopotential format
          DOI: www.doi.org/10.1016/j.cpc.2018.02.011


>> End of run:   5-AUG-2025  14:54:44
Job completed
