Executable      : /home/users/felipegc/woltsoft/SIESTA/siesta-5.2.2/build/bin/siesta
Version         : 5.2.2
Architecture    : x86_64
Compiler version: GNU-9.3.0
Compiler flags  : -O3 -march=native
Parallelisations: MPI
Lua support
Native ELPA support
ELSI support. Solvers:
   ELPA (internal) 
   NTPoly
   OMM
DFT-D3 support
Wannier90 wrapper support

Runtime information:
* Directory : /home/users/felipegc/MnNiGa/optimizations_afm/top/structure_calc_99
* Running on 24 nodes in parallel.
>> Start of run:  30-JUL-2025  21:07:49

                           *********************** 
                           *  WELCOME TO SIESTA  * 
                           *********************** 

 NOTE: Siesta V5 introduces some new defaults for basis-set generation
 NOTE: which might lead to slightly different numerical results.
 NOTE: Please see the manual for full details and compatibility measures.


reinit: Reading from standard input
reinit: Dumping input in INPUT_TMP.56124
************************** Dump of input data file ****************************
SystemName          hea
SystemLabel         hea
Reparametrize.Pseudos T
Restricted.Radial.Grid F
%include atoms.fdf
MaxSCFIterations     20000
SCF.Mix              Hamiltonian
SCF.Mixer.Method     Broyden
#SCF.Mixer.Variant    original #Pulay original
SCF.Mixer.History    8
SCF.Mixer.Weight     0.07
SCF.H.Converge       False
SCF.DM.Converge      True
SCF.DM.Tolerance     5.d-4
SCF.H.Tolerance      5.d-3 eV
MeshCutoff 300.0 Ry
MD.UseSaveCG         False
DM.UseSaveDM         False
NumberOfEigenStates -20
ElectronicTemperature 300 K
WriteCoorXmol        True
XC.Functional     GGA
XC.authors        PBEsol
Spin polarized
DM.InitSpin.AF true
SolutionMethod       diagon
#Diag.Algorithm        MRRR
###################################
###################################
# Full template for Basis param.
###################################
###################################
Basis.Pressure 0.3 GPa
PAO.SoftDefault T
PAO.SoftPotential 50.0 Ry
PAO.SoftInnerRadius 0.70
PAO.BasisType split
PAO.EnergyShift 0.0019 eV
PAO.BasisSize TZP
PAO.SplitTailNorm T
            %block kgrid_Monkhorst_Pack
            3  0  0  0.
            0  6  0  0.
            0  0  4  0.
            %endblock kgrid_Monkhorst_Pack
            MD.TypeOfRun CG
            MD.Steps         500
            MD.VariableCell true
            MD.MaxForceTol 0.05 eV/Ang
            WriteMDHistory true
            WriteForces true
            Write.OrbitalIndex true
            Charge.Mulliken end
            COOP.Write true
            %block ProjectedDensityOfStates
            -20.00 20.00 0.1 1000 eV
            %endblock ProjectedDensityOfStates
************************** End of input data file *****************************

reinit: -----------------------------------------------------------------------
reinit: System Name: hea
reinit: -----------------------------------------------------------------------
reinit: System Label: hea
reinit: -----------------------------------------------------------------------

NOTE on units for spin output: 
{S} is the spin magnetic moment, in units of the Bohr magneton,
assuming a g-factor for the electron spin of exactly 2.
The spin magnetic moment is then numerically equal to the charge inbalance,
in units of electrons, between the spin-up and -down channels.


initatom: Reading input for the pseudopotentials and atomic orbitals ----------
Species number:   1 Atomic number:   28 Label: Ni
Species number:   2 Atomic number:   25 Label: Mn

Ground state valence configuration (from tables):   4s02  4p00  3d08  4f00
Ground state valence configuration (from tables):   4s02  4p00  3d05  4f00

---- Processing specs for species: Ni
Reading pseudopotential information in PSML from:
  Ni.psml
PSML file version: 1.1
Using libxc ids:  101 130
GGA--PBE XC_GGA_X_PBE--XC_GGA_C_PBE pb
PSML uuid: 020bdba0-be42-11e7-6ded-a592ddfb3399
Semicore shell(s) with  8 electrons included in the valence for Ni

---- Processing specs for species: Mn
Reading pseudopotential information in PSML from:
  Mn.psml
PSML file version: 1.1
Using libxc ids:  101 130
GGA--PBE XC_GGA_X_PBE--XC_GGA_C_PBE pb
PSML uuid: e5ebd880-be41-11e7-659b-074ddfc7bd15
Semicore shell(s) with  8 electrons included in the valence for Mn

---- Pseudopotential check for Ni

Pseudized shells:
3s( 2.00) rc: 1.26
3p( 6.00) rc: 1.35
3d( 8.00) rc: 1.66
Valence configuration for ps generation: 3s:3p:3d:4s: Total charge:  18.000000
Semicore shell(s): 3s 3p
Fallback to non-perturbative polarization scheme for Ni
Please see the manual if this is not desired in principle

---- Pseudopotential check for Mn

Pseudized shells:
3s( 2.00) rc: 1.41
3p( 6.00) rc: 1.21
3d( 5.00) rc: 1.61
Valence configuration for ps generation: 3s:3p:3d:4s: Total charge:  15.000000
Semicore shell(s): 3s 3p
Fallback to non-perturbative polarization scheme for Mn
Please see the manual if this is not desired in principle
For Ni, standard SIESTA heuristics set lmxkb to 3
 (one more than the basis l, including polarization orbitals).
Use PS.lmax or PS.KBprojectors blocks to override.
For Mn, standard SIESTA heuristics set lmxkb to 3
 (one more than the basis l, including polarization orbitals).
Use PS.lmax or PS.KBprojectors blocks to override.
Ni pseudopotential only contains V_ls up to l=2 -- lmxkb reset.
Mn pseudopotential only contains V_ls up to l=2 -- lmxkb reset.

<basis_specs>
===============================================================================
Ni                   Z=  28    Mass=  58.693        Charge= 0.17977+309
Lmxo=2 Lmxkb= 2    BasisType=split      Semic=T
L=0  Nsemic=1  Cnfigmx=4
          i=1  nzeta=1  polorb=0  (3s)  (semicore shell)
            splnorm:   0.15000    
               vcte:    50.000    
               rinn:  -0.70000    
               qcoe:    0.0000    
               qyuk:    0.0000    
               qwid:   0.10000E-01
                rcs:    0.0000    
            lambdas:    1.0000    
          i=2  nzeta=3  polorb=0  (4s)  (to be polarized non-perturbatively)
            splnorm:   0.15000    
               vcte:    50.000    
               rinn:  -0.70000    
               qcoe:    0.0000    
               qyuk:    0.0000    
               qwid:   0.10000E-01
                rcs:    0.0000      0.0000      0.0000    
            lambdas:    1.0000      1.0000      1.0000    
L=1  Nsemic=1  Cnfigmx=4
          i=1  nzeta=1  polorb=0  (3p)  (semicore shell)
            splnorm:   0.15000    
               vcte:    50.000    
               rinn:  -0.70000    
               qcoe:    0.0000    
               qyuk:    0.0000    
               qwid:   0.10000E-01
                rcs:    0.0000    
            lambdas:    1.0000    
          i=2  nzeta=1  polorb=0  (4p)  (non-perturbative polarization shell)
            splnorm:   0.15000    
               vcte:    50.000    
               rinn:  -0.70000    
               qcoe:   0.40377-315
               qyuk:    0.0000    
               qwid:   0.69528-309
                rcs:    0.0000    
            lambdas:    1.0000    
L=2  Nsemic=0  Cnfigmx=3
          i=1  nzeta=3  polorb=0  (3d)
            splnorm:   0.15000    
               vcte:    50.000    
               rinn:  -0.70000    
               qcoe:    0.0000    
               qyuk:    0.0000    
               qwid:   0.10000E-01
                rcs:    0.0000      0.0000      0.0000    
            lambdas:    1.0000      1.0000      1.0000    
-------------------------------------------------------------------------------
L=0  Nkbl=2  erefs: 0.17977+309 0.17977+309
L=1  Nkbl=2  erefs: 0.17977+309 0.17977+309
L=2  Nkbl=1  erefs: 0.17977+309
===============================================================================
</basis_specs>

Using PAO.SplitTailNorm
atom: Called for Ni                    (Z =  28)
Maximum radius (at nrval) set to   50.00000 8518

read_vps: Pseudopotential generation method:
read_vps: ONCVPSP-3.Hamann's oncvpsp                        
Valence charge in pseudo generation:   18.00000

read_vps: Pseudopotential includes a core correction:
read_vps: Pseudo-core for xc-correction

xc_check: Exchange-correlation functional:
xc_check: GGA PBEsol
xc_check: WARNING: Pseudopotential generated with GGA PBE functional
Got Vlocal (oncv-fit) from psml data
Choosing vlocal chloc cutoff:  3.188973
qtot up to nchloc:   17.99992641
atom: Maximum radius for chlocal:    3.18897
atom: Maximum radius for r*vlocal+2*Zval:    3.18897
Reading KB projs from Ni psml data
Using scalar-relativistic projectors in PSML file

PSML: Kleinman-Bylander projectors: 
   l= 0   rc=  1.276377   Ekb= 12.509070
   l= 0   rc=  1.276377   Ekb= -0.503495
   l= 1   rc=  1.371030   Ekb= -5.680418
   l= 1   rc=  1.371030   Ekb= -0.775211
   l= 2   rc=  1.680171   Ekb=-14.446879
   l= 2   rc=  1.680171   Ekb= -5.088878

PSML: Total number of  Kleinman-Bylander projectors:  18
atom: -------------------------------------------------------------------------

atom: SANKEY-TYPE ORBITALS:
atom: Selected multiple-zeta basis: split     

SPLIT: Orbitals with angular momentum L= 0

SPLIT: Basis orbitals for state 3s

SPLIT: PAO cut-off radius determined from an
SPLIT: energy shift=  0.000140 Ry
Split based on tail norm

   izeta = 1
                 lambda =    1.000000
                     rc =    2.999668
                 energy =   -8.139209
                kinetic =    3.776111
    potential(screened) =  -11.915319
       potential(ionic) =  -45.801861

SPLIT: Basis orbitals for state 4s

SPLIT: PAO cut-off radius determined from an
SPLIT: energy shift=  0.000140 Ry
Split based on tail norm

   izeta = 1
                 lambda =    1.000000
                     rc =    9.316220
                 energy =   -0.512978
                kinetic =    1.389681
    potential(screened) =   -1.902658
       potential(ionic) =  -17.770111

   izeta = 2
                 rmatch =    4.957068
              splitnorm =    0.150000
                 energy =   -0.410487
                kinetic =    2.329090
    potential(screened) =   -2.739576
       potential(ionic) =  -21.501560

   izeta = 3
                 rmatch =    5.824741
              splitnorm =    0.075000
                 energy =   -0.473172
                kinetic =    1.899833
    potential(screened) =   -2.373005
       potential(ionic) =  -19.995099

SPLIT: Orbitals with angular momentum L= 1

SPLIT: Basis orbitals for state 3p

SPLIT: PAO cut-off radius determined from an
SPLIT: energy shift=  0.000140 Ry
Split based on tail norm

   izeta = 1
                 lambda =    1.000000
                     rc =    3.414070
                 energy =   -5.225411
                kinetic =    9.244220
    potential(screened) =  -14.469631
       potential(ionic) =  -47.296381

SPLIT: Basis orbitals for state 4p
SPLIT: Non-perturbative polarization orbs for state 4s
SPLIT: rc(1st zeta) (re)set to: 9.3162 (expansion factor: 1.0000)
Split based on tail norm

   izeta = 1
                 lambda =    1.000000
                     rc =    9.316220
                 energy =   -0.065208
                kinetic =    0.825147
    potential(screened) =   -0.890355
       potential(ionic) =  -12.014212

SPLIT: Orbitals with angular momentum L= 2

SPLIT: Basis orbitals for state 3d

SPLIT: PAO cut-off radius determined from an
SPLIT: energy shift=  0.000140 Ry
Split based on tail norm

   izeta = 1
                 lambda =    1.000000
                     rc =    6.323353
                 energy =   -0.639566
                kinetic =   11.441999
    potential(screened) =  -12.081565
       potential(ionic) =  -40.678115

   izeta = 2
                 rmatch =    2.624859
              splitnorm =    0.150000
                 energy =   -0.513226
                kinetic =   13.528651
    potential(screened) =  -14.041878
       potential(ionic) =  -44.582092

   izeta = 3
                 rmatch =    3.356353
              splitnorm =    0.075000
                 energy =   -0.605538
                kinetic =   12.372939
    potential(screened) =  -12.978477
       potential(ionic) =  -42.595740
atom: Total number of Sankey-type orbitals: 25

atm_pop: Valence configuration (for local Pseudopot. screening):
 3s( 2.00) 4s( 2.00)                                                  
 3p( 6.00) 4p( 0.00)                                                  
 3d( 8.00)                                                            
Vna: chval, zval:   18.00000  18.00000

Vna:  Cut-off radius for the neutral-atom potential:   9.316220
comcore: Pseudo-core radius Rcore=  1.817282

atom: _________________________________________________________________________

<basis_specs>
===============================================================================
Mn                   Z=  25    Mass=  54.938        Charge= 0.17977+309
Lmxo=2 Lmxkb= 2    BasisType=split      Semic=T
L=0  Nsemic=1  Cnfigmx=4
          i=1  nzeta=1  polorb=0  (3s)  (semicore shell)
            splnorm:   0.15000    
               vcte:    50.000    
               rinn:  -0.70000    
               qcoe:    0.0000    
               qyuk:    0.0000    
               qwid:   0.10000E-01
                rcs:    0.0000    
            lambdas:    1.0000    
          i=2  nzeta=3  polorb=0  (4s)  (to be polarized non-perturbatively)
            splnorm:   0.15000    
               vcte:    50.000    
               rinn:  -0.70000    
               qcoe:    0.0000    
               qyuk:    0.0000    
               qwid:   0.10000E-01
                rcs:    0.0000      0.0000      0.0000    
            lambdas:    1.0000      1.0000      1.0000    
L=1  Nsemic=1  Cnfigmx=4
          i=1  nzeta=1  polorb=0  (3p)  (semicore shell)
            splnorm:   0.15000    
               vcte:    50.000    
               rinn:  -0.70000    
               qcoe:    0.0000    
               qyuk:    0.0000    
               qwid:   0.10000E-01
                rcs:    0.0000    
            lambdas:    1.0000    
          i=2  nzeta=1  polorb=0  (4p)  (non-perturbative polarization shell)
            splnorm:   0.15000    
               vcte:    50.000    
               rinn:  -0.70000    
               qcoe:   0.40377-315
               qyuk:    0.0000    
               qwid:   0.69528-309
                rcs:    0.0000    
            lambdas:    1.0000    
L=2  Nsemic=0  Cnfigmx=3
          i=1  nzeta=3  polorb=0  (3d)
            splnorm:   0.15000    
               vcte:    50.000    
               rinn:  -0.70000    
               qcoe:    0.0000    
               qyuk:    0.0000    
               qwid:   0.10000E-01
                rcs:    0.0000      0.0000      0.0000    
            lambdas:    1.0000      1.0000      1.0000    
-------------------------------------------------------------------------------
L=0  Nkbl=2  erefs: 0.17977+309 0.17977+309
L=1  Nkbl=2  erefs: 0.17977+309 0.17977+309
L=2  Nkbl=1  erefs: 0.17977+309
===============================================================================
</basis_specs>

Using PAO.SplitTailNorm
atom: Called for Mn                    (Z =  25)
Maximum radius (at nrval) set to   50.00000 8518

read_vps: Pseudopotential generation method:
read_vps: ONCVPSP-3.Hamann's oncvpsp                        
Valence charge in pseudo generation:   15.00000

read_vps: Pseudopotential includes a core correction:
read_vps: Pseudo-core for xc-correction

xc_check: Exchange-correlation functional:
xc_check: GGA PBEsol
xc_check: WARNING: Pseudopotential generated with GGA PBE functional
Got Vlocal (oncv-fit) from psml data
Choosing vlocal chloc cutoff:  3.504263
qtot up to nchloc:   15.00032895
atom: Maximum radius for chlocal:    3.50426
atom: Maximum radius for r*vlocal+2*Zval:    3.50426
Reading KB projs from Mn psml data
Using scalar-relativistic projectors in PSML file

PSML: Kleinman-Bylander projectors: 
   l= 0   rc=  1.427391   Ekb= 18.471374
   l= 0   rc=  1.430269   Ekb=  3.121111
   l= 1   rc=  1.224702   Ekb=  3.156115
   l= 1   rc=  1.224702   Ekb= -1.424352
   l= 2   rc=  1.630219   Ekb=-13.224142
   l= 2   rc=  1.630219   Ekb= -4.330632

PSML: Total number of  Kleinman-Bylander projectors:  18
atom: -------------------------------------------------------------------------

atom: SANKEY-TYPE ORBITALS:
atom: Selected multiple-zeta basis: split     

SPLIT: Orbitals with angular momentum L= 0

SPLIT: Basis orbitals for state 3s

SPLIT: PAO cut-off radius determined from an
SPLIT: energy shift=  0.000140 Ry
Split based on tail norm

   izeta = 1
                 lambda =    1.000000
                     rc =    3.380000
                 energy =   -6.293298
                kinetic =    2.848567
    potential(screened) =   -9.141865
       potential(ionic) =  -33.519753

SPLIT: Basis orbitals for state 4s

SPLIT: PAO cut-off radius determined from an
SPLIT: energy shift=  0.000140 Ry
Split based on tail norm

   izeta = 1
                 lambda =    1.000000
                     rc =   10.002455
                 energy =   -0.450676
                kinetic =    1.112603
    potential(screened) =   -1.563278
       potential(ionic) =  -13.199632

   izeta = 2
                 rmatch =    5.430276
              splitnorm =    0.150000
                 energy =   -0.360834
                kinetic =    1.875764
    potential(screened) =   -2.236598
       potential(ionic) =  -15.982656

   izeta = 3
                 rmatch =    6.342382
              splitnorm =    0.075000
                 energy =   -0.415048
                kinetic =    1.529261
    potential(screened) =   -1.944310
       potential(ionic) =  -14.865309

SPLIT: Orbitals with angular momentum L= 1

SPLIT: Basis orbitals for state 3p

SPLIT: PAO cut-off radius determined from an
SPLIT: energy shift=  0.000140 Ry
Split based on tail norm

   izeta = 1
                 lambda =    1.000000
                     rc =    3.873861
                 energy =   -3.996757
                kinetic =    6.976018
    potential(screened) =  -10.972775
       potential(ionic) =  -34.563053

SPLIT: Basis orbitals for state 4p
SPLIT: Non-perturbative polarization orbs for state 4s
SPLIT: rc(1st zeta) (re)set to: 10.0025 (expansion factor: 1.0000)
Split based on tail norm

   izeta = 1
                 lambda =    1.000000
                     rc =   10.002455
                 energy =   -0.085879
                kinetic =    0.770317
    potential(screened) =   -0.856196
       potential(ionic) =   -9.409918

SPLIT: Orbitals with angular momentum L= 2

SPLIT: Basis orbitals for state 3d

SPLIT: PAO cut-off radius determined from an
SPLIT: energy shift=  0.000140 Ry
Split based on tail norm

   izeta = 1
                 lambda =    1.000000
                     rc =    7.238756
                 energy =   -0.490123
                kinetic =    9.261574
    potential(screened) =   -9.751697
       potential(ionic) =  -30.334327

   izeta = 2
                 rmatch =    3.144499
              splitnorm =    0.150000
                 energy =   -0.401801
                kinetic =   11.021778
    potential(screened) =  -11.423579
       potential(ionic) =  -33.555539

   izeta = 3
                 rmatch =    3.972182
              splitnorm =    0.075000
                 energy =   -0.464167
                kinetic =   10.072383
    potential(screened) =  -10.536551
       potential(ionic) =  -31.940836
atom: Total number of Sankey-type orbitals: 25

atm_pop: Valence configuration (for local Pseudopot. screening):
 3s( 2.00) 4s( 2.00)                                                  
 3p( 6.00) 4p( 0.00)                                                  
 3d( 5.00)                                                            
Vna: chval, zval:   15.00000  15.00000

Vna:  Cut-off radius for the neutral-atom potential:  10.002455
comcore: Pseudo-core radius Rcore=  2.115123

atom: _________________________________________________________________________

prinput: Basis input 

PAO.BasisType split     

%block ChemicalSpeciesLabel
    1   28 Ni                      # Species index, atomic number, species label
    2   25 Mn                      # Species index, atomic number, species label
%endblock ChemicalSpeciesLabel

%block PAO.Basis                 # Define Basis set
# WARNING: This information might be incomplete!
Ni                    5                    # Species label, number of l-shells
 n=3   0   1                         # n, l, Nzeta 
   3.000   
   1.000   
 n=4   0   3                         # n, l, Nzeta 
   9.316      4.957      5.825   
   1.000      1.000      1.000   
 n=3   1   1                         # n, l, Nzeta 
   3.414   
   1.000   
 n=4   1   1                         # n, l, Nzeta 
   9.316   
   1.000   
 n=3   2   3                         # n, l, Nzeta 
   6.323      2.625      3.356   
   1.000      1.000      1.000   
Mn                    5                    # Species label, number of l-shells
 n=3   0   1                         # n, l, Nzeta 
   3.380   
   1.000   
 n=4   0   3                         # n, l, Nzeta 
  10.002      5.430      6.342   
   1.000      1.000      1.000   
 n=3   1   1                         # n, l, Nzeta 
   3.874   
   1.000   
 n=4   1   1                         # n, l, Nzeta 
  10.002   
   1.000   
 n=3   2   3                         # n, l, Nzeta 
   7.239      3.144      3.972   
   1.000      1.000      1.000   
%endblock PAO.Basis

prinput: ----------------------------------------------------------------------

coor:   Atomic-coordinates input format  =     Fractional

siesta: Atomic coordinates (Bohr) and species
siesta:      0.00000   0.00000   0.00000  1        1
siesta:      4.70356   0.00000   0.00000  1        2
siesta:      2.35178   2.35178   3.32592  1        3
siesta:      7.05534   2.35178   3.32592  2        4

siesta: System type = bulk      

initatomlists: Number of atoms, orbitals, and projectors:      4   100    72

coxmol: Writing XMOL coordinates into file hea.xyz                                                                                                                                                                                                                             

siesta: ******************** Simulation parameters ****************************
siesta:
siesta: The following are some of the parameters of the simulation.
siesta: A complete list of the parameters used, including default values,
siesta: can be found in file out.fdf
siesta:
redata: Spin configuration                          = collinear
redata: Number of spin components                   = 2
redata: Time-Reversal Symmetry                      = T
redata: Spin spiral                                 = F
redata: Long output                                 =   F
redata: Number of Atomic Species                    =        2
redata: Charge density info will appear in .RHO file
redata: Write Mulliken charges (when)               = end
redata: Write Mulliken Pop.                         = Atomic and Orbital charges
redata: Write Hirshfeld charges (when)              = none
redata: Write Voronoi charges (when)                = none
redata: Write spin charge (when)                    = scf
redata: Matel table size (NRTAB)                    =     1024
redata: Mesh Cutoff                                 =   300.0000 Ry
redata: Net charge of the system                    =     0.0000 |e|
redata: Min. number of SCF Iter                     =        0
redata: Max. number of SCF Iter                     =    20000
redata: SCF convergence failure will abort job
redata: SCF mix quantity                            = Hamiltonian
redata: Mix DM or H after convergence               =   F
redata: Recompute H after scf cycle                 =   F
redata: Mix DM in first SCF step                    =   T
redata: Write Pulay info on disk                    =   F
redata: New DM Occupancy tolerance                  = 0.000000000001
redata: No kicks to SCF
redata: DM Mixing Weight for Kicks                  =     0.5000
redata: Require Harris convergence for SCF          =   F
redata: Harris energy tolerance for SCF             =     0.000100 eV
redata: Require DM convergence for SCF              =   T
redata: DM tolerance for SCF                        =     0.000500
redata: Require EDM convergence for SCF             =   F
redata: EDM tolerance for SCF                       =     0.001000 eV
redata: Require H convergence for SCF               =   F
redata: Hamiltonian tolerance for SCF               =     0.005000 eV
redata: Require (free) Energy convergence for SCF   =   F
redata: (free) Energy tolerance for SCF             =     0.000100 eV
redata: Antiferro initial spin density              =   T
redata: Using DFT-D3 dispersion                     =   F
redata: Using Saved Data (generic)                  =   F
redata: Use continuation files for DM               =   F
redata: Neglect nonoverlap interactions             =   F
redata: Method of Calculation                       = Diagonalization
redata: Electronic Temperature                      =   300.0000 K
redata: Fix the spin of the system                  =   F
redata: Max. number of TDED Iter                    =        1
redata: Number of TDED substeps                     =        3
redata: Dynamics option                             = CG coord. optimization
redata: Variable cell                               =   T
redata: Use continuation files for CG               =   F
redata: Max atomic displ per move                   =     0.1058 Ang
redata: Maximum number of optimization moves        =      500
redata: Force tolerance                             =     0.0500 eV/Ang
redata: Stress tolerance                            =     1.0000 GPa
mix.SCF: Broyden mixing                          = Broyden
mix.SCF:    History steps                        = 8
mix.SCF:    Linear mixing weight                 =     0.070000
mix.SCF:    Inverse Jacobian weight              =     0.070000
mix.SCF:    Weight prime                         =     0.070000
mix.SCF:    SVD condition                        = 0.1000E-07
mix.SCF: Spin-component mixing                   all
redata: ***********************************************************************

%block SCF.Mixers
  Broyden
%endblock SCF.Mixers

%block SCF.Mixer.Broyden
  # Mixing method
  method broyden

  # Mixing options
  weight 0.0700
  weight.linear 0.0700
  weight.prime 0.0700
  history 8
%endblock SCF.Mixer.Broyden

DM_history_depth set to one: no extrapolation allowed by default for geometry relaxation
Size of DM history Fstack: 1
Total number of electrons:    69.000000
Total ionic charge:    69.000000

* ProcessorY, Blocksize:    4   4


* Orbital distribution balance (max,min):     8     4

k-point displ. along   2 input, could be:     0.00    0.50
k-point displ. along   3 input, could be:     0.00    0.50
 Kpoints in:           48 . Kpoints trimmed:           44

siesta: k-grid: Number of k-points = 44
siesta: k-points from Monkhorst-Pack grid
siesta: k-cutoff (effective) =     7.040 Ang
siesta: k-point supercell and displacements
siesta: k-grid:     3     0     0      0.000
siesta: k-grid:     0     6     0      0.000
siesta: k-grid:     0     0     4      0.000
k-point displ. along   2 input, could be:     0.00    0.50
k-point displ. along   3 input, could be:     0.00    0.50
 Kpoints in:           48 . Kpoints trimmed:           44

siesta: PDOS k-grid: Number of k-points = 44
siesta: PDOS k-points from Monkhorst-Pack grid
siesta: PDOS k-cutoff (effective) =     0.000 Ang
siesta: PDOS k-point supercell and displacements
siesta: k-grid:     3     0     0      0.000
siesta: k-grid:     0     6     0      0.000
siesta: k-grid:     0     0     4      0.000

diag: Algorithm                                     = D&C
diag: Parallel over k                               =   F
diag: Use parallel 2D distribution                  =   T
diag: Parallel block-size                           = 4
diag: Parallel distribution                         =     4 x     6
diag: Used triangular part                          = Lower
diag: Absolute tolerance                            =  0.100E-15
diag: Orthogonalization factor                      =  0.100E-05
diag: Memory factor                                 =  1.0000
diag: The diagonalization method chosen cannot compute a reduced number of eigenvectors.
diag: Resetting neigwanted 57 to 100

superc: Internal auxiliary supercell:     5 x     9 x     7  =     315
superc: Number of atoms, orbitals, and projectors:   1260  31500  22680


ts: **************************************************************
ts: Save H and S matrices                           =    F
ts: Save DM and EDM matrices                        =    F
ts: Only save the overlap matrix S                  =    F
ts: **************************************************************

************************ Begin: TS CHECKS AND WARNINGS ************************
************************ End: TS CHECKS AND WARNINGS **************************


                     ====================================
                        Begin CG opt. move =      0
                     ====================================

superc: Internal auxiliary supercell:     5 x     9 x     7  =     315
superc: Number of atoms, orbitals, and projectors:   1260  31500  22680

outcell: Unit cell vectors (Ang):
        4.978032    0.000000    0.000000
        0.000000    2.489016    0.000000
        0.000000    0.000000    3.520000

outcell: Cell vector modules (Ang)   :    4.978032    2.489016    3.520000
outcell: Cell angles (23,13,12) (deg):     90.0000     90.0000     90.0000
outcell: Cell volume (Ang**3)        :     43.6142
<dSpData1D:S at geom step 0
  <sparsity:sparsity for geom step 0
    nrows_g=100 nrows=8 sparsity=1.9698 nnzs=19698, refcount: 7>
  <dData1D:(new from dSpData1D) n=19698, refcount: 1>
refcount: 1>
new_DM -- step:     1
Initializing Density Matrix...
DM filled with atomic data:
<dSpData2D:DM initialized from atoms
  <sparsity:sparsity for geom step 0
    nrows_g=100 nrows=8 sparsity=1.9698 nnzs=19698, refcount: 8>
  <dData2D:DM n=19698 m=2, refcount: 1>
refcount: 1>
No. of atoms with KB's overlaping orbs in proc 0. Max # of overlaps:      82     619

InitMesh: MESH = 54 x 30 x 40 = 64800
InitMesh: Mesh cutoff (required, used) =   300.000   325.218 Ry
New grid distribution [1]: sub = 2
New grid distribution [2]: sub = 2
New grid distribution [3]: sub = 2
Setting up quadratic distribution...

stepf: Fermi-Dirac step function

siesta: Program's energy decomposition (eV):
siesta: Ebs     =     -2876.330607
siesta: Eions   =     21374.676120
siesta: Ena     =      1524.409001
siesta: Ekin    =      7603.117574
siesta: Enl     =     -2296.381691
siesta: Eso     =         0.000000
siesta: Edftu   =         0.000000
siesta: DEna    =       109.982566
siesta: DUscf   =         3.358865
siesta: DUext   =         0.000000
siesta: Ex      =     -2079.829277
siesta: Ec      =      -126.501712
siesta: Exc     =     -2206.330989
siesta: EbV     =         0.000000
siesta: eta*DQ  =         0.000000
siesta: Emadel  =         0.000000
siesta: Emeta   =         0.000000
siesta: Emolmec =         0.000000
siesta: Ekinion =         0.000000
siesta: Eharris =    -16602.104398
siesta: Etot    =    -16636.520793
siesta: FreeEng =    -16636.533075

        iscf     Eharris(eV)        E_KS(eV)     FreeEng(eV)     dDmax    Ef(eV) dHmax(eV)
   scf:    1   -16602.104398   -16636.520793   -16636.533075  5.451127 -5.221027  6.941140
     spin moment: {S} , |S| = {        0.0        0.0   -2.44449 }    -2.44449
timer: Routine,Calls,Time,% = IterSCF        1       2.238  17.53
   scf:    2   -16638.192719   -16637.655514   -16637.669749  0.441220 -5.507479  4.503275
     spin moment: {S} , |S| = {        0.0        0.0   -2.61576 }    -2.61576
   scf:    3   -16638.515606   -16638.111537   -16638.126349  0.300033 -5.690886  3.719413
     spin moment: {S} , |S| = {        0.0        0.0   -2.64753 }    -2.64753
   scf:    4   -16639.111525   -16638.749123   -16638.764123  0.702023 -6.160761  1.290609
     spin moment: {S} , |S| = {        0.0        0.0   -2.81426 }    -2.81426
   scf:    5   -16638.879567   -16638.831029   -16638.846371  0.175349 -6.278005  0.705085
     spin moment: {S} , |S| = {        0.0        0.0   -2.85212 }    -2.85212
   scf:    6   -16638.986114   -16638.908682   -16638.924527  0.096420 -6.306447  0.493045
     spin moment: {S} , |S| = {        0.0        0.0   -2.86429 }    -2.86429
   scf:    7   -16639.481845   -16639.149277   -16639.164845  0.316571 -6.463484  1.292200
     spin moment: {S} , |S| = {        0.0        0.0   -2.85498 }    -2.85498
   scf:    8   -16639.218116   -16639.187707   -16639.203425  0.020977 -6.480322  0.744865
     spin moment: {S} , |S| = {        0.0        0.0   -2.86328 }    -2.86328
   scf:    9   -16639.194223   -16639.195211   -16639.210673  0.032303 -6.492707  0.982806
     spin moment: {S} , |S| = {        0.0        0.0   -2.85382 }    -2.85382
   scf:   10   -16639.338577   -16639.254782   -16639.270708  0.096141 -6.551324  0.646724
     spin moment: {S} , |S| = {        0.0        0.0   -2.88398 }    -2.88398
   scf:   11   -16639.265411   -16639.261504   -16639.277117  0.030393 -6.538960  0.584688
     spin moment: {S} , |S| = {        0.0        0.0   -2.88116 }    -2.88116
   scf:   12   -16639.264179   -16639.269701   -16639.286356  0.029479 -6.560450  0.361103
     spin moment: {S} , |S| = {        0.0        0.0   -2.92079 }    -2.92079
   scf:   13   -16639.253277   -16639.266469   -16639.282945  0.018274 -6.549320  0.514538
     spin moment: {S} , |S| = {        0.0        0.0   -2.92329 }    -2.92329
   scf:   14   -16639.294777   -16639.280832   -16639.297886  0.039105 -6.570505  0.329852
     spin moment: {S} , |S| = {        0.0        0.0   -3.00205 }    -3.00205
   scf:   15   -16639.284444   -16639.282908   -16639.299919  0.004214 -6.569854  0.195285
     spin moment: {S} , |S| = {        0.0        0.0   -3.00489 }    -3.00489
   scf:   16   -16639.285268   -16639.284103   -16639.301078  0.007220 -6.570418  0.098853
     spin moment: {S} , |S| = {        0.0        0.0   -3.01990 }    -3.01990
   scf:   17   -16639.286260   -16639.285100   -16639.301966  0.010101 -6.571944  0.072808
     spin moment: {S} , |S| = {        0.0        0.0   -3.05365 }    -3.05365
   scf:   18   -16639.287451   -16639.286213   -16639.302885  0.012323 -6.576152  0.027591
     spin moment: {S} , |S| = {        0.0        0.0   -3.09501 }    -3.09501
   scf:   19   -16639.286369   -16639.286287   -16639.302943  0.002795 -6.576652  0.028607
     spin moment: {S} , |S| = {        0.0        0.0   -3.10072 }    -3.10072
   scf:   20   -16639.286647   -16639.286460   -16639.303074  0.002155 -6.577846  0.025711
     spin moment: {S} , |S| = {        0.0        0.0   -3.10973 }    -3.10973
   scf:   21   -16639.287453   -16639.286892   -16639.303417  0.006246 -6.580878  0.045018
     spin moment: {S} , |S| = {        0.0        0.0   -3.14081 }    -3.14081
   scf:   22   -16639.287236   -16639.287059   -16639.303632  0.004117 -6.583291  0.014364
     spin moment: {S} , |S| = {        0.0        0.0   -3.16093 }    -3.16093
   scf:   23   -16639.287135   -16639.287087   -16639.303705  0.002359 -6.584489  0.012659
     spin moment: {S} , |S| = {        0.0        0.0   -3.17137 }    -3.17137
   scf:   24   -16639.287023   -16639.287047   -16639.303763  0.003453 -6.585335  0.015479
     spin moment: {S} , |S| = {        0.0        0.0   -3.18267 }    -3.18267
   scf:   25   -16639.286937   -16639.286982   -16639.303812  0.002568 -6.586626  0.008859
     spin moment: {S} , |S| = {        0.0        0.0   -3.19558 }    -3.19558
   scf:   26   -16639.286937   -16639.286959   -16639.303820  0.000672 -6.586876  0.007761
     spin moment: {S} , |S| = {        0.0        0.0   -3.19854 }    -3.19854
   scf:   27   -16639.286891   -16639.286924   -16639.303833  0.001096 -6.587228  0.006201
     spin moment: {S} , |S| = {        0.0        0.0   -3.20288 }    -3.20288
   scf:   28   -16639.286763   -16639.286838   -16639.303851  0.002334 -6.587877  0.003137
     spin moment: {S} , |S| = {        0.0        0.0   -3.21146 }    -3.21146
   scf:   29   -16639.286759   -16639.286797   -16639.303856  0.000891 -6.588135  0.002780
     spin moment: {S} , |S| = {        0.0        0.0   -3.21495 }    -3.21495
   scf:   30   -16639.286761   -16639.286779   -16639.303858  0.000332 -6.588251  0.002478
     spin moment: {S} , |S| = {        0.0        0.0   -3.21643 }    -3.21643

SCF Convergence by DM criterion
max |DM_out - DM_in|         :     0.0003324323
max |H_out - H_in|      (eV) :     0.0024779908
SCF cycle converged after 30 iterations

Using DM_out to compute the final energy and forces
No. of atoms with KB's overlaping orbs in proc 0. Max # of overlaps:      82     619

siesta: E_KS(eV) =           -16639.2868

siesta: E_KS - E_eggbox =    -16639.2868

siesta: Atomic forces (eV/Ang):
     1    0.182540   -0.000000    0.000000
     2   -0.182050    0.000000   -0.000000
     3   -0.000349   -0.000000   -0.000000
     4   -0.000142    0.000000    0.000000
----------------------------------------
   Tot   -0.000001   -0.000000    0.000000
----------------------------------------
   Max    0.182540
   Res    0.074422    sqrt( Sum f_i^2 / 3N )
----------------------------------------
   Max    0.182540    constrained

Stress tensor Voigt[x,y,z,yz,xz,xy] (kbar):       59.77       48.32       73.17        0.00       -0.00       -0.00
(Free)E + p*V (eV/cell)   -16640.9486
Target enthalpy (eV/cell)   -16639.3039

siesta: Stress tensor (static) (eV/Ang**3):
         0.037304    0.000000   -0.000000
        -0.000000    0.030161    0.000000
        -0.000000    0.000000    0.045670

siesta: Pressure (static):        -60.42054919  kBar

siesta: Stress tensor (total) (eV/Ang**3):
         0.037304    0.000000   -0.000000
        -0.000000    0.030161    0.000000
        -0.000000    0.000000    0.045670

siesta: Pressure (total):        -60.42054919  kBar

cgvc: No target stress found, assuming hydrostatic MD.TargetPressure.

cgvc: Target stress (kBar)
cgvc:        -0.000       0.000       0.000
cgvc:         0.000      -0.000       0.000
cgvc:         0.000       0.000      -0.000

                     ====================================
                        Begin CG opt. move =      1
                     ====================================
k-point displ. along   2 input, could be:     0.00    0.50
k-point displ. along   3 input, could be:     0.00    0.50
 Kpoints in:           48 . Kpoints trimmed:           44

siesta: k-grid: Number of k-points = 44
siesta: k-points from Monkhorst-Pack grid
siesta: k-cutoff (effective) =     6.946 Ang
siesta: k-point supercell and displacements
siesta: k-grid:     3     0     0      0.000
siesta: k-grid:     0     6     0      0.000
siesta: k-grid:     0     0     4      0.000

superc: Internal auxiliary supercell:     5 x     9 x     7  =     315
superc: Number of atoms, orbitals, and projectors:   1260  31500  22680

outcell: Unit cell vectors (Ang):
        4.923837    0.000000    0.000000
        0.000000    2.467107   -0.000000
        0.000000   -0.000000    3.473084

outcell: Cell vector modules (Ang)   :    4.923837    2.467107    3.473084
outcell: Cell angles (23,13,12) (deg):     90.0000     90.0000     90.0000
outcell: Cell volume (Ang**3)        :     42.1897
<dSpData1D:S at geom step 1
  <sparsity:sparsity for geom step 1
    nrows_g=100 nrows=8 sparsity=2.1573 nnzs=21573, refcount: 7>
  <dData1D:(new from dSpData1D) n=21573, refcount: 1>
refcount: 1>
new_DM -- step:     2
Re-using DM from previous geometries...
Number of DMs in history: 1
 DM extrapolation coefficients: 
1   1.00000
New DM after history re-use:
<dSpData2D:SpM extrapolated using coords
  <sparsity:sparsity for geom step 1
    nrows_g=100 nrows=8 sparsity=2.1573 nnzs=21573, refcount: 9>
  <dData2D:(temp array for extrapolation) n=21573 m=2, refcount: 1>
refcount: 1>
No. of atoms with KB's overlaping orbs in proc 0. Max # of overlaps:      82     642

InitMesh: MESH = 54 x 30 x 40 = 64800
InitMesh: Mesh cutoff (required, used) =   300.000   332.416 Ry
New grid distribution [1]: sub = 2
New grid distribution [2]: sub = 2
New grid distribution [3]: sub = 2
Setting up quadratic distribution...

        iscf     Eharris(eV)        E_KS(eV)     FreeEng(eV)     dDmax    Ef(eV) dHmax(eV)
   scf:    1   -16637.570670   -16639.231486   -16639.248416  0.403801 -6.590499  1.234079
     spin moment: {S} , |S| = {        0.0        0.0   -3.18424 }    -3.18424
   scf:    2   -16508.255494   -16596.083158   -16596.103141  0.680037 -6.368717 38.813492
     spin moment: {S} , |S| = {        0.0        0.0   -3.31565 }    -3.31565
   scf:    3   -16639.938779   -16639.287425   -16639.304341  0.666864 -6.602664  0.344965
     spin moment: {S} , |S| = {        0.0        0.0   -3.20083 }    -3.20083
   scf:    4   -16639.300173   -16639.296409   -16639.313322  0.018626 -6.613418  0.117409
     spin moment: {S} , |S| = {        0.0        0.0   -3.20380 }    -3.20380
   scf:    5   -16639.284425   -16639.293763   -16639.310780  0.029591 -6.630701  0.435302
     spin moment: {S} , |S| = {        0.0        0.0   -3.20968 }    -3.20968
   scf:    6   -16639.289600   -16639.297496   -16639.314614  0.009536 -6.629272  0.258947
     spin moment: {S} , |S| = {        0.0        0.0   -3.20525 }    -3.20525
   scf:    7   -16639.299262   -16639.299092   -16639.316184  0.005334 -6.629587  0.023623
     spin moment: {S} , |S| = {        0.0        0.0   -3.20741 }    -3.20741
   scf:    8   -16639.298469   -16639.298905   -16639.315980  0.002096 -6.628712  0.096146
     spin moment: {S} , |S| = {        0.0        0.0   -3.20789 }    -3.20789
   scf:    9   -16639.298780   -16639.298846   -16639.315920  0.000992 -6.628333  0.115585
     spin moment: {S} , |S| = {        0.0        0.0   -3.20825 }    -3.20825
   scf:   10   -16639.299375   -16639.299173   -16639.316282  0.003119 -6.628882  0.042566
     spin moment: {S} , |S| = {        0.0        0.0   -3.20989 }    -3.20989
   scf:   11   -16639.299230   -16639.299214   -16639.316360  0.002100 -6.629860  0.005025
     spin moment: {S} , |S| = {        0.0        0.0   -3.21210 }    -3.21210
   scf:   12   -16639.299213   -16639.299213   -16639.316370  0.000570 -6.629902  0.004997
     spin moment: {S} , |S| = {        0.0        0.0   -3.21288 }    -3.21288
   scf:   13   -16639.299196   -16639.299200   -16639.316394  0.001692 -6.629964  0.004136
     spin moment: {S} , |S| = {        0.0        0.0   -3.21556 }    -3.21556
   scf:   14   -16639.299154   -16639.299171   -16639.316409  0.001876 -6.630016  0.003086
     spin moment: {S} , |S| = {        0.0        0.0   -3.21867 }    -3.21867
   scf:   15   -16639.299157   -16639.299164   -16639.316410  0.000312 -6.630021  0.002955
     spin moment: {S} , |S| = {        0.0        0.0   -3.21935 }    -3.21935

SCF Convergence by DM criterion
max |DM_out - DM_in|         :     0.0003124828
max |H_out - H_in|      (eV) :     0.0029546351
SCF cycle converged after 15 iterations

Using DM_out to compute the final energy and forces
No. of atoms with KB's overlaping orbs in proc 0. Max # of overlaps:      82     642

siesta: E_KS(eV) =           -16639.2992

siesta: Atomic forces (eV/Ang):
     1   -0.393828   -0.000000   -0.000000
     2    0.393010    0.000000    0.000000
     3    0.000536    0.000000    0.000000
     4    0.000276   -0.000000   -0.000000
----------------------------------------
   Tot   -0.000006    0.000000    0.000000
----------------------------------------
   Max    0.393828
   Res    0.160613    sqrt( Sum f_i^2 / 3N )
----------------------------------------
   Max    0.393828    constrained

Stress tensor Voigt[x,y,z,yz,xz,xy] (kbar):      -21.42      -27.59       -9.06       -0.00       -0.00        0.00
(Free)E + p*V (eV/cell)   -16638.8067
Target enthalpy (eV/cell)   -16639.3164

siesta: Stress tensor (static) (eV/Ang**3):
        -0.013368    0.000000   -0.000000
         0.000000   -0.017222   -0.000000
        -0.000000   -0.000000   -0.005654

siesta: Pressure (static):         19.35674835  kBar

siesta: Stress tensor (total) (eV/Ang**3):
        -0.013368    0.000000   -0.000000
         0.000000   -0.017222   -0.000000
        -0.000000   -0.000000   -0.005654

siesta: Pressure (total):         19.35674835  kBar

                     ====================================
                        Begin CG opt. move =      2
                     ====================================
k-point displ. along   2 input, could be:     0.00    0.50
k-point displ. along   3 input, could be:     0.00    0.50
 Kpoints in:           48 . Kpoints trimmed:           44

siesta: k-grid: Number of k-points = 44
siesta: k-points from Monkhorst-Pack grid
siesta: k-cutoff (effective) =     6.981 Ang
siesta: k-point supercell and displacements
siesta: k-grid:     3     0     0      0.000
siesta: k-grid:     0     6     0      0.000
siesta: k-grid:     0     0     4      0.000

superc: Internal auxiliary supercell:     5 x     9 x     7  =     315
superc: Number of atoms, orbitals, and projectors:   1260  31500  22680

outcell: Unit cell vectors (Ang):
        4.943929    0.000000    0.000000
        0.000000    2.475229   -0.000000
        0.000000   -0.000000    3.490478

outcell: Cell vector modules (Ang)   :    4.943929    2.475229    3.490478
outcell: Cell angles (23,13,12) (deg):     90.0000     90.0000     90.0000
outcell: Cell volume (Ang**3)        :     42.7142
<dSpData1D:S at geom step 2
  <sparsity:sparsity for geom step 2
    nrows_g=100 nrows=8 sparsity=2.1104 nnzs=21104, refcount: 7>
  <dData1D:(new from dSpData1D) n=21104, refcount: 1>
refcount: 1>
new_DM -- step:     3
Re-using DM from previous geometries...
Number of DMs in history: 1
 DM extrapolation coefficients: 
1   1.00000
New DM after history re-use:
<dSpData2D:SpM extrapolated using coords
  <sparsity:sparsity for geom step 2
    nrows_g=100 nrows=8 sparsity=2.1104 nnzs=21104, refcount: 9>
  <dData2D:(temp array for extrapolation) n=21104 m=2, refcount: 1>
refcount: 1>
No. of atoms with KB's overlaping orbs in proc 0. Max # of overlaps:      82     628

InitMesh: MESH = 54 x 30 x 40 = 64800
InitMesh: Mesh cutoff (required, used) =   300.000   329.720 Ry
New grid distribution [1]: sub = 2
New grid distribution [2]: sub = 2
New grid distribution [3]: sub = 2
Setting up quadratic distribution...

        iscf     Eharris(eV)        E_KS(eV)     FreeEng(eV)     dDmax    Ef(eV) dHmax(eV)
   scf:    1   -16639.838350   -16639.291511   -16639.308873  0.153378 -6.631459  0.595662
     spin moment: {S} , |S| = {        0.0        0.0   -3.23936 }    -3.23936
   scf:    2   -16625.889488   -16634.915094   -16634.930069  0.318804 -6.537680 11.159088
     spin moment: {S} , |S| = {        0.0        0.0   -2.93845 }    -2.93845
   scf:    3   -16639.562285   -16639.305511   -16639.322789  0.298897 -6.626125  0.170500
     spin moment: {S} , |S| = {        0.0        0.0   -3.22503 }    -3.22503
   scf:    4   -16639.306411   -16639.306088   -16639.323339  0.002727 -6.624228  0.062480
     spin moment: {S} , |S| = {        0.0        0.0   -3.22561 }    -3.22561
   scf:    5   -16639.306669   -16639.306654   -16639.323834  0.014598 -6.614671  0.089276
     spin moment: {S} , |S| = {        0.0        0.0   -3.22560 }    -3.22560
   scf:    6   -16639.304833   -16639.306332   -16639.323534  0.004682 -6.615314  0.134509
     spin moment: {S} , |S| = {        0.0        0.0   -3.22343 }    -3.22343
   scf:    7   -16639.307028   -16639.306804   -16639.323998  0.001388 -6.615718  0.036085
     spin moment: {S} , |S| = {        0.0        0.0   -3.22498 }    -3.22498
   scf:    8   -16639.306853   -16639.306832   -16639.324025  0.000365 -6.615697  0.019176
     spin moment: {S} , |S| = {        0.0        0.0   -3.22520 }    -3.22520

SCF Convergence by DM criterion
max |DM_out - DM_in|         :     0.0003648602
max |H_out - H_in|      (eV) :     0.0191758107
SCF cycle converged after 8 iterations

Using DM_out to compute the final energy and forces
No. of atoms with KB's overlaping orbs in proc 0. Max # of overlaps:      82     628

siesta: E_KS(eV) =           -16639.3068

siesta: Atomic forces (eV/Ang):
     1   -0.187137    0.000000    0.000000
     2    0.186498   -0.000000    0.000000
     3    0.000458    0.000000   -0.000000
     4    0.000182   -0.000000    0.000000
----------------------------------------
   Tot    0.000000    0.000000    0.000000
----------------------------------------
   Max    0.187137
   Res    0.076268    sqrt( Sum f_i^2 / 3N )
----------------------------------------
   Max    0.187137    constrained

Stress tensor Voigt[x,y,z,yz,xz,xy] (kbar):       10.93        0.38       17.90        0.00        0.00       -0.00
(Free)E + p*V (eV/cell)   -16639.5835
Target enthalpy (eV/cell)   -16639.3240

siesta: Stress tensor (static) (eV/Ang**3):
         0.006820   -0.000000    0.000000
        -0.000000    0.000235    0.000000
         0.000000    0.000000    0.011171

siesta: Pressure (static):         -9.73393752  kBar

siesta: Stress tensor (total) (eV/Ang**3):
         0.006820   -0.000000    0.000000
        -0.000000    0.000235    0.000000
         0.000000    0.000000    0.011171

siesta: Pressure (total):         -9.73393752  kBar

cgvc: Finished line minimization    1.  Mean atomic displacement =    0.0629

                     ====================================
                        Begin CG opt. move =      3
                     ====================================
k-point displ. along   2 input, could be:     0.00    0.50
k-point displ. along   3 input, could be:     0.00    0.50
 Kpoints in:           48 . Kpoints trimmed:           44

siesta: k-grid: Number of k-points = 44
siesta: k-points from Monkhorst-Pack grid
siesta: k-cutoff (effective) =     6.925 Ang
siesta: k-point supercell and displacements
siesta: k-grid:     3     0     0      0.000
siesta: k-grid:     0     6     0      0.000
siesta: k-grid:     0     0     4      0.000

superc: Internal auxiliary supercell:     5 x     9 x     7  =     315
superc: Number of atoms, orbitals, and projectors:   1260  31500  22680

outcell: Unit cell vectors (Ang):
        4.915782    0.000000   -0.000000
        0.000000    2.468635   -0.000000
       -0.000000   -0.000000    3.462494

outcell: Cell vector modules (Ang)   :    4.915782    2.468635    3.462494
outcell: Cell angles (23,13,12) (deg):     90.0000     90.0000     90.0000
outcell: Cell volume (Ang**3)        :     42.0183
<dSpData1D:S at geom step 3
  <sparsity:sparsity for geom step 3
    nrows_g=100 nrows=8 sparsity=2.1623 nnzs=21623, refcount: 7>
  <dData1D:(new from dSpData1D) n=21623, refcount: 1>
refcount: 1>
new_DM -- step:     4
Re-using DM from previous geometries...
Number of DMs in history: 1
 DM extrapolation coefficients: 
1   1.00000
New DM after history re-use:
<dSpData2D:SpM extrapolated using coords
  <sparsity:sparsity for geom step 3
    nrows_g=100 nrows=8 sparsity=2.1623 nnzs=21623, refcount: 9>
  <dData2D:(temp array for extrapolation) n=21623 m=2, refcount: 1>
refcount: 1>
No. of atoms with KB's overlaping orbs in proc 0. Max # of overlaps:      82     640

InitMesh: MESH = 54 x 30 x 40 = 64800
InitMesh: Mesh cutoff (required, used) =   300.000   333.506 Ry
New grid distribution [1]: sub = 2
New grid distribution [2]: sub = 2
New grid distribution [3]: sub = 2
Setting up quadratic distribution...

        iscf     Eharris(eV)        E_KS(eV)     FreeEng(eV)     dDmax    Ef(eV) dHmax(eV)
   scf:    1   -16636.632045   -16638.774384   -16638.792032  0.245974 -6.607965  3.479705
     spin moment: {S} , |S| = {        0.0        0.0   -3.17957 }    -3.17957
   scf:    2   -16362.769357   -16549.553732   -16549.558950  1.735763 -5.680832 52.518808
     spin moment: {S} , |S| = {        0.0        0.0   -1.84061 }    -1.84061
   scf:    3   -16651.332314   -16639.053915   -16639.070552  1.692272 -6.616687  2.811729
     spin moment: {S} , |S| = {        0.0        0.0   -3.04577 }    -3.04577
   scf:    4   -16639.374315   -16639.250622   -16639.267142  0.043878 -6.618098  1.240545
     spin moment: {S} , |S| = {        0.0        0.0   -3.07394 }    -3.07394
   scf:    5   -16638.613169   -16639.125767   -16639.142273  0.065434 -6.629711  2.526866
     spin moment: {S} , |S| = {        0.0        0.0   -3.11688 }    -3.11688
   scf:    6   -16639.360991   -16639.283689   -16639.299835  0.041090 -6.636488  0.705682
     spin moment: {S} , |S| = {        0.0        0.0   -3.09588 }    -3.09588
   scf:    7   -16639.276855   -16639.298871   -16639.315273  0.032282 -6.635235  0.338592
     spin moment: {S} , |S| = {        0.0        0.0   -3.07125 }    -3.07125
   scf:    8   -16639.290536   -16639.300333   -16639.316702  0.012455 -6.633194  0.254110
     spin moment: {S} , |S| = {        0.0        0.0   -3.07112 }    -3.07112
   scf:    9   -16639.263829   -16639.285505   -16639.301999  0.009560 -6.629271  0.785777
     spin moment: {S} , |S| = {        0.0        0.0   -3.05723 }    -3.05723
   scf:   10   -16639.297706   -16639.291969   -16639.308720  0.007721 -6.628682  0.602609
     spin moment: {S} , |S| = {        0.0        0.0   -3.03684 }    -3.03684
   scf:   11   -16639.303048   -16639.302584   -16639.319731  0.020989 -6.627929  0.023839
     spin moment: {S} , |S| = {        0.0        0.0   -2.99878 }    -2.99878
   scf:   12   -16639.302556   -16639.302573   -16639.319771  0.001205 -6.627836  0.016428
     spin moment: {S} , |S| = {        0.0        0.0   -2.99420 }    -2.99420
   scf:   13   -16639.302514   -16639.302537   -16639.319826  0.002569 -6.627391  0.009569
     spin moment: {S} , |S| = {        0.0        0.0   -2.98377 }    -2.98377
   scf:   14   -16639.302446   -16639.302412   -16639.319959  0.009750 -6.625990  0.007361
     spin moment: {S} , |S| = {        0.0        0.0   -2.94517 }    -2.94517
   scf:   15   -16639.302350   -16639.302371   -16639.319989  0.003143 -6.625534  0.005314
     spin moment: {S} , |S| = {        0.0        0.0   -2.93118 }    -2.93118
   scf:   16   -16639.302349   -16639.302359   -16639.319999  0.001190 -6.625375  0.006062
     spin moment: {S} , |S| = {        0.0        0.0   -2.92554 }    -2.92554
   scf:   17   -16639.302336   -16639.302346   -16639.320010  0.001093 -6.625246  0.005539
     spin moment: {S} , |S| = {        0.0        0.0   -2.91968 }    -2.91968
   scf:   18   -16639.302332   -16639.302338   -16639.320019  0.000840 -6.625168  0.005278
     spin moment: {S} , |S| = {        0.0        0.0   -2.91508 }    -2.91508
   scf:   19   -16639.302329   -16639.302333   -16639.320026  0.000699 -6.625110  0.005209
     spin moment: {S} , |S| = {        0.0        0.0   -2.91115 }    -2.91115
   scf:   20   -16639.302327   -16639.302329   -16639.320034  0.000655 -6.625056  0.005105
     spin moment: {S} , |S| = {        0.0        0.0   -2.90724 }    -2.90724
   scf:   21   -16639.302328   -16639.302328   -16639.320043  0.000775 -6.625000  0.004986
     spin moment: {S} , |S| = {        0.0        0.0   -2.90246 }    -2.90246
   scf:   22   -16639.302335   -16639.302330   -16639.320054  0.000730 -6.624966  0.004674
     spin moment: {S} , |S| = {        0.0        0.0   -2.89800 }    -2.89800
   scf:   23   -16639.302346   -16639.302337   -16639.320068  0.000958 -6.624906  0.004226
     spin moment: {S} , |S| = {        0.0        0.0   -2.89211 }    -2.89211
   scf:   24   -16639.302362   -16639.302346   -16639.320084  0.001261 -6.624784  0.004468
     spin moment: {S} , |S| = {        0.0        0.0   -2.88416 }    -2.88416
   scf:   25   -16639.302369   -16639.302357   -16639.320093  0.000654 -6.624707  0.004374
     spin moment: {S} , |S| = {        0.0        0.0   -2.88018 }    -2.88018
   scf:   26   -16639.302372   -16639.302364   -16639.320098  0.000394 -6.624648  0.004153
     spin moment: {S} , |S| = {        0.0        0.0   -2.87777 }    -2.87777

SCF Convergence by DM criterion
max |DM_out - DM_in|         :     0.0003937282
max |H_out - H_in|      (eV) :     0.0041526575
SCF cycle converged after 26 iterations

Using DM_out to compute the final energy and forces
No. of atoms with KB's overlaping orbs in proc 0. Max # of overlaps:      82     640

siesta: E_KS(eV) =           -16639.3024

siesta: Atomic forces (eV/Ang):
     1    0.271466   -0.000000    0.000000
     2   -0.270658   -0.000000   -0.000001
     3   -0.000584    0.000000   -0.000000
     4   -0.000169    0.000000    0.000001
----------------------------------------
   Tot    0.000055   -0.000000    0.000000
----------------------------------------
   Max    0.271466
   Res    0.110661    sqrt( Sum f_i^2 / 3N )
----------------------------------------
   Max    0.271466    constrained

Stress tensor Voigt[x,y,z,yz,xz,xy] (kbar):      -31.18      -22.37      -11.15        0.00       -0.00        0.00
(Free)E + p*V (eV/cell)   -16638.7546
Target enthalpy (eV/cell)   -16639.3201

siesta: Stress tensor (static) (eV/Ang**3):
        -0.019459    0.000000   -0.000000
         0.000000   -0.013960    0.000000
        -0.000000    0.000000   -0.006960

siesta: Pressure (static):         21.56458154  kBar

siesta: Stress tensor (total) (eV/Ang**3):
        -0.019459    0.000000   -0.000000
         0.000000   -0.013960    0.000000
        -0.000000    0.000000   -0.006960

siesta: Pressure (total):         21.56458154  kBar

                     ====================================
                        Begin CG opt. move =      4
                     ====================================
k-point displ. along   2 input, could be:     0.00    0.50
k-point displ. along   3 input, could be:     0.00    0.50
 Kpoints in:           48 . Kpoints trimmed:           44

siesta: k-grid: Number of k-points = 44
siesta: k-points from Monkhorst-Pack grid
siesta: k-cutoff (effective) =     6.958 Ang
siesta: k-point supercell and displacements
siesta: k-grid:     3     0     0      0.000
siesta: k-grid:     0     6     0      0.000
siesta: k-grid:     0     0     4      0.000

superc: Internal auxiliary supercell:     5 x     9 x     7  =     315
superc: Number of atoms, orbitals, and projectors:   1260  31500  22680

outcell: Unit cell vectors (Ang):
        4.932576    0.000000   -0.000000
        0.000000    2.472569   -0.000000
       -0.000000   -0.000000    3.479190

outcell: Cell vector modules (Ang)   :    4.932576    2.472569    3.479190
outcell: Cell angles (23,13,12) (deg):     90.0000     90.0000     90.0000
outcell: Cell volume (Ang**3)        :     42.4327
<dSpData1D:S at geom step 4
  <sparsity:sparsity for geom step 4
    nrows_g=100 nrows=8 sparsity=2.1265 nnzs=21265, refcount: 7>
  <dData1D:(new from dSpData1D) n=21265, refcount: 1>
refcount: 1>
new_DM -- step:     5
Re-using DM from previous geometries...
Number of DMs in history: 1
 DM extrapolation coefficients: 
1   1.00000
New DM after history re-use:
<dSpData2D:SpM extrapolated using coords
  <sparsity:sparsity for geom step 4
    nrows_g=100 nrows=8 sparsity=2.1265 nnzs=21265, refcount: 9>
  <dData2D:(temp array for extrapolation) n=21265 m=2, refcount: 1>
refcount: 1>
No. of atoms with KB's overlaping orbs in proc 0. Max # of overlaps:      82     630

InitMesh: MESH = 54 x 30 x 40 = 64800
InitMesh: Mesh cutoff (required, used) =   300.000   331.239 Ry
New grid distribution [1]: sub = 2
New grid distribution [2]: sub = 2
New grid distribution [3]: sub = 2
Setting up quadratic distribution...

        iscf     Eharris(eV)        E_KS(eV)     FreeEng(eV)     dDmax    Ef(eV) dHmax(eV)
   scf:    1   -16639.273097   -16639.107396   -16639.124535  0.143321 -6.622030  2.264550
     spin moment: {S} , |S| = {        0.0        0.0   -2.90046 }    -2.90046
   scf:    2   -16178.934239   -16487.482116   -16487.500192  1.569374 -6.116733 62.372982
     spin moment: {S} , |S| = {        0.0        0.0   -1.78203 }    -1.78203
   scf:    3   -16643.410929   -16639.296508   -16639.314527  1.538511 -6.621424  0.620230
     spin moment: {S} , |S| = {        0.0        0.0   -2.97629 }    -2.97629
   scf:    4   -16639.309284   -16639.303916   -16639.321794  0.004933 -6.619629  0.375334
     spin moment: {S} , |S| = {        0.0        0.0   -2.97288 }    -2.97288
   scf:    5   -16639.285867   -16639.303268   -16639.320729  0.025118 -6.610821  0.468283
     spin moment: {S} , |S| = {        0.0        0.0   -2.97924 }    -2.97924
   scf:    6   -16639.301995   -16639.308177   -16639.325756  0.008996 -6.610120  0.203493
     spin moment: {S} , |S| = {        0.0        0.0   -2.99480 }    -2.99480
   scf:    7   -16639.308446   -16639.308315   -16639.325839  0.002401 -6.610609  0.201316
     spin moment: {S} , |S| = {        0.0        0.0   -3.00107 }    -3.00107
   scf:    8   -16639.307012   -16639.307678   -16639.325293  0.002468 -6.609972  0.236582
     spin moment: {S} , |S| = {        0.0        0.0   -2.99385 }    -2.99385
   scf:    9   -16639.307504   -16639.307591   -16639.325224  0.000512 -6.609887  0.240113
     spin moment: {S} , |S| = {        0.0        0.0   -2.99215 }    -2.99215
   scf:   10   -16639.308452   -16639.308035   -16639.325627  0.001704 -6.610053  0.206386
     spin moment: {S} , |S| = {        0.0        0.0   -2.99562 }    -2.99562
   scf:   11   -16639.310947   -16639.310012   -16639.327214  0.009895 -6.612146  0.031067
     spin moment: {S} , |S| = {        0.0        0.0   -3.02312 }    -3.02312
   scf:   12   -16639.311646   -16639.310762   -16639.327582  0.008896 -6.614484  0.023498
     spin moment: {S} , |S| = {        0.0        0.0   -3.05671 }    -3.05671
   scf:   13   -16639.312482   -16639.311478   -16639.327850  0.012170 -6.618786  0.005316
     spin moment: {S} , |S| = {        0.0        0.0   -3.10314 }    -3.10314
   scf:   14   -16639.311291   -16639.311378   -16639.327827  0.003044 -6.617699  0.010094
     spin moment: {S} , |S| = {        0.0        0.0   -3.09347 }    -3.09347
   scf:   15   -16639.311506   -16639.311440   -16639.327846  0.001520 -6.618349  0.006851
     spin moment: {S} , |S| = {        0.0        0.0   -3.09901 }    -3.09901
   scf:   16   -16639.311462   -16639.311451   -16639.327850  0.000407 -6.618483  0.006100
     spin moment: {S} , |S| = {        0.0        0.0   -3.10022 }    -3.10022

SCF Convergence by DM criterion
max |DM_out - DM_in|         :     0.0004071717
max |H_out - H_in|      (eV) :     0.0061001417
SCF cycle converged after 16 iterations

Using DM_out to compute the final energy and forces
No. of atoms with KB's overlaping orbs in proc 0. Max # of overlaps:      82     630

siesta: E_KS(eV) =           -16639.3115

siesta: Atomic forces (eV/Ang):
     1   -0.022653   -0.000000   -0.000000
     2    0.022551    0.000000    0.000000
     3    0.000061    0.000000   -0.000000
     4    0.000030    0.000000    0.000000
----------------------------------------
   Tot   -0.000010   -0.000000    0.000000
----------------------------------------
   Max    0.022653
   Res    0.009227    sqrt( Sum f_i^2 / 3N )
----------------------------------------
   Max    0.022653    constrained

Stress tensor Voigt[x,y,z,yz,xz,xy] (kbar):       -6.88       -9.89        7.07        0.00       -0.00       -0.00
(Free)E + p*V (eV/cell)   -16639.2423
Target enthalpy (eV/cell)   -16639.3278

siesta: Stress tensor (static) (eV/Ang**3):
        -0.004292   -0.000000   -0.000000
        -0.000000   -0.006172    0.000000
        -0.000000    0.000000    0.004412

siesta: Pressure (static):          3.23186450  kBar

siesta: Stress tensor (total) (eV/Ang**3):
        -0.004292   -0.000000   -0.000000
        -0.000000   -0.006172    0.000000
        -0.000000    0.000000    0.004412

siesta: Pressure (total):          3.23186450  kBar

outcoor: Relaxed atomic coordinates (fractional):           
    0.00137091    0.00000000    0.00000000   1       1  Ni
    0.49863043   -0.00000000    0.00000000   1       2  Ni
    0.24999910    0.50000000    0.50000000   1       3  Ni
    0.74999955    0.50000000    0.50000000   2       4  Mn

outcell: Unit cell vectors (Ang):
        4.932576    0.000000   -0.000000
        0.000000    2.472569   -0.000000
       -0.000000   -0.000000    3.479190

outcell: Cell vector modules (Ang)   :    4.932576    2.472569    3.479190
outcell: Cell angles (23,13,12) (deg):     90.0000     90.0000     90.0000
outcell: Cell volume (Ang**3)        :     42.4327

coxmol: Writing XMOL coordinates into file hea.xyz                                                                                                                                                                                                                             
Writing WFSX for COOP/COHP in hea.fullBZ.WFSX

diag: Algorithm                                     = D&C
diag: Parallel over k                               =   F
diag: Use parallel 2D distribution                  =   T
diag: Parallel block-size                           = 4
diag: Parallel distribution                         =     4 x     6
diag: Used triangular part                          = Lower
diag: Absolute tolerance                            =  0.100E-15
diag: Orthogonalization factor                      =  0.100E-05
diag: Memory factor                                 =  1.0000

diag: Algorithm                                     = D&C
diag: Parallel over k                               =   F
diag: Use parallel 2D distribution                  =   T
diag: Parallel block-size                           = 4
diag: Parallel distribution                         =     4 x     6
diag: Used triangular part                          = Lower
diag: Absolute tolerance                            =  0.100E-15
diag: Orthogonalization factor                      =  0.100E-05
diag: Memory factor                                 =  1.0000

siesta: PDOS info
siesta: E1 -- E2, sigma [eV], nhist:  -20.000 --   20.000    0.100 1000

diag: Algorithm                                     = D&C
diag: Parallel over k                               =   F
diag: Use parallel 2D distribution                  =   T
diag: Parallel block-size                           = 4
diag: Parallel distribution                         =     4 x     6
diag: Used triangular part                          = Lower
diag: Absolute tolerance                            =  0.100E-15
diag: Orthogonalization factor                      =  0.100E-05
diag: Memory factor                                 =  1.0000

siesta: Program's energy decomposition (eV):
siesta: Ebs     =     -2751.657390
siesta: Eions   =     21374.676120
siesta: Ena     =      1522.495261
siesta: Ekin    =      7746.127281
siesta: Enl     =     -2350.259811
siesta: Eso     =         0.000000
siesta: Edftu   =         0.000000
siesta: DEna    =        41.348890
siesta: DUscf   =         0.514846
siesta: DUext   =         0.000000
siesta: Ex      =     -2097.798583
siesta: Ec      =      -127.063215
siesta: Exc     =     -2224.861798
siesta: EbV     =         0.000000
siesta: eta*DQ  =         0.000000
siesta: Emadel  =         0.000000
siesta: Emeta   =         0.000000
siesta: Emolmec =         0.000000
siesta: Ekinion =         0.000000
siesta: Eharris =    -16639.311462
siesta: Etot    =    -16639.311451
siesta: FreeEng =    -16639.327850

siesta: Final energy (eV):
siesta:  Band Struct. =   -2751.657390
siesta:       Kinetic =    7746.127281
siesta:       Hartree =    4414.880214
siesta:         Edftu =       0.000000
siesta:       Eso     =       0.000000
siesta:    Ext. field =       0.000000
siesta:         Exch. =   -2097.798583
siesta:         Corr. =    -127.063215
siesta:     Bulk bias =       0.000000
siesta:   Exch.-corr. =   -2224.861798
siesta:  Ion-electron =  -17087.208638
siesta:       Ion-ion =   -9488.248511
siesta:       Ekinion =       0.000000
siesta: D3 dispersion =       0.000000
siesta:         Total =  -16639.311451
siesta:         Fermi =      -6.618483

siesta: Stress tensor (static) (eV/Ang**3):
siesta:    -0.004292   -0.000000   -0.000000
siesta:    -0.000000   -0.006172    0.000000
siesta:    -0.000000    0.000000    0.004412

siesta: Constrained stress tensor (static) (eV/Ang**3):
siesta:    -0.004292   -0.000000   -0.000000
siesta:    -0.000000   -0.006172    0.000000
siesta:    -0.000000    0.000000    0.004412

siesta: Cell volume =         42.432673 Ang**3

siesta: Pressure (static):
siesta:                Solid            Molecule  Units
siesta:           0.00002197          0.00001722  Ry/Bohr**3
siesta:           0.00201717          0.00158104  eV/Ang**3
siesta:           3.23186450          2.53310573  kBar
(Free)E+ p_basis*V_orbitals  =      -16627.794960
(Free)Eharris+ p_basis*V_orbitals  =      -16627.794971

mulliken: Atomic and Orbital Populations:

mulliken: Spin UP 

Species: Ni                  
Atom  Qatom  Qorb
               3s      4s      4s      4s      3py     3pz     3px     4py     
               4pz     4px     3dxy    3dyz    3dz2    3dxz    3dx2-y2 3dxy    
               3dyz    3dz2    3dxz    3dx2-y2 3dxy    3dyz    3dz2    3dxz    
               3dx2-y2 
   1  8.804   0.983  -0.280   0.108   0.216   0.998   0.998   0.998   0.197
              0.200   0.197   1.157   1.184   1.064   1.174   1.047  -0.069

             -0.072  -0.068  -0.073  -0.062  -0.191  -0.252  -0.172  -0.255

             -0.224
   2  8.804   0.983  -0.280   0.108   0.216   0.998   0.998   0.998   0.197
              0.200   0.197   1.157   1.184   1.064   1.174   1.047  -0.069

             -0.072  -0.068  -0.073  -0.062  -0.191  -0.252  -0.172  -0.255

             -0.224
   3  9.119   0.987   0.181   0.014   0.043   0.999   0.999   0.998   0.190
              0.176   0.195   1.135   1.196   1.158   1.157   1.194  -0.067

             -0.071  -0.067  -0.067  -0.070  -0.198  -0.257  -0.197  -0.252

             -0.257

Species: Mn                  
Atom  Qatom  Qorb
               3s      4s      4s      4s      3py     3pz     3px     4py     
               4pz     4px     3dxy    3dyz    3dz2    3dxz    3dx2-y2 3dxy    
               3dyz    3dz2    3dxz    3dx2-y2 3dxy    3dyz    3dz2    3dxz    
               3dx2-y2 
   4  6.223   0.979   0.334   0.057  -0.201   0.991   0.992   0.992   0.136
              0.145   0.125   0.387   0.795   0.305   0.764   0.695  -0.039

             -0.074  -0.034  -0.075  -0.075  -0.093  -0.305  -0.057  -0.283

             -0.238

mulliken: Qtot =       32.950

mulliken: Spin DOWN 

Species: Ni                  
Atom  Qatom  Qorb
               3s      4s      4s      4s      3py     3pz     3px     4py     
               4pz     4px     3dxy    3dyz    3dz2    3dxz    3dx2-y2 3dxy    
               3dyz    3dz2    3dxz    3dx2-y2 3dxy    3dyz    3dz2    3dxz    
               3dx2-y2 
   1  9.063   0.986  -0.164   0.066   0.180   0.998   0.998   0.998   0.172
              0.176   0.173   1.135   1.165   1.202   1.168   1.248  -0.057

             -0.056  -0.052  -0.058  -0.050  -0.186  -0.248  -0.214  -0.248

             -0.271
   2  9.063   0.986  -0.164   0.066   0.180   0.998   0.998   0.998   0.172
              0.176   0.173   1.135   1.165   1.202   1.168   1.248  -0.057

             -0.056  -0.052  -0.058  -0.050  -0.186  -0.248  -0.214  -0.248

             -0.271
   3  9.058   0.987   0.149   0.016   0.038   0.999   0.999   0.998   0.168
              0.166   0.174   1.191   1.183   1.154   1.196   1.147  -0.062

             -0.066  -0.064  -0.062  -0.066  -0.218  -0.258  -0.197  -0.267

             -0.247

Species: Mn                  
Atom  Qatom  Qorb
               3s      4s      4s      4s      3py     3pz     3px     4py     
               4pz     4px     3dxy    3dyz    3dz2    3dxz    3dx2-y2 3dxy    
               3dyz    3dz2    3dxz    3dx2-y2 3dxy    3dyz    3dz2    3dxz    
               3dx2-y2 
   4  8.866   1.007   0.123   0.071  -0.060   0.994   0.994   0.994   0.173
              0.176   0.174   1.279   1.289   1.210   1.317   1.320  -0.074

             -0.091  -0.066  -0.093  -0.114  -0.308  -0.409  -0.267  -0.400

             -0.373

mulliken: Qtot =       36.050

Mulliken Atomic Populations:
Atom #   charge [q] valence [e]      Sz [e]  Species
     1     0.132518   17.867482   -0.258942  Ni
     2     0.132526   17.867474   -0.258948  Ni
     3    -0.176335   18.176335    0.061174  Ni
     4    -0.088709   15.088709   -2.643504  Mn
-------------------------------------------
 Total     0.000000               -3.100220

cite: Please indicate the Siesta version in published work: 5.2.2
cite: This calculation has made use of features in the following articles
cite: which we encourage you to cite in published work.
cite: (Please see "hea.bib" for a BibTeX file.)
        Primary SIESTA paper
          DOI: www.doi.org/10.1088/0953-8984/14/11/302
        PSML pseudopotential format
          DOI: www.doi.org/10.1016/j.cpc.2018.02.011


>> End of run:  30-JUL-2025  21:12:00
Job completed
