Executable      : /home/users/felipegc/woltsoft/SIESTA/siesta-5.2.2/build/bin/siesta
Version         : 5.2.2
Architecture    : x86_64
Compiler version: GNU-9.3.0
Compiler flags  : -O3 -march=native
Parallelisations: MPI
Lua support
Native ELPA support
ELSI support. Solvers:
   ELPA (internal) 
   NTPoly
   OMM
DFT-D3 support
Wannier90 wrapper support

Runtime information:
* Directory : /home/users/felipegc/MnGaNi/top/structure_calc_216
* Running on 36 nodes in parallel.
>> Start of run:  19-JUN-2025   2:27:47

                           *********************** 
                           *  WELCOME TO SIESTA  * 
                           *********************** 

 NOTE: Siesta V5 introduces some new defaults for basis-set generation
 NOTE: which might lead to slightly different numerical results.
 NOTE: Please see the manual for full details and compatibility measures.


reinit: Reading from standard input
reinit: Dumping input in INPUT_TMP.22033
************************** Dump of input data file ****************************
SystemName          hea
SystemLabel         hea
Reparametrize.Pseudos T
Restricted.Radial.Grid F
%include atoms.fdf
MaxSCFIterations     20000
SCF.Mix              Hamiltonian
SCF.Mixer.Method     Broyden
#SCF.Mixer.Variant    original #Pulay original
SCF.Mixer.History    8
SCF.Mixer.Weight     0.07
SCF.H.Converge       False
SCF.DM.Converge      True
SCF.DM.Tolerance     5.d-4
SCF.H.Tolerance      5.d-3 eV
MeshCutoff 300.0 Ry
MD.UseSaveCG         False
DM.UseSaveDM         False
NumberOfEigenStates -20
ElectronicTemperature 300 K
WriteCoorXmol        True
XC.Functional     GGA
XC.authors        PBEsol
SpinPolarized      True
SolutionMethod       diagon
#Diag.Algorithm        MRRR
###################################
###################################
# Full template for Basis param.
###################################
###################################
Basis.Pressure 0.3 GPa
PAO.SoftDefault T
PAO.SoftPotential 50.0 Ry
PAO.SoftInnerRadius 0.70
PAO.BasisType split
PAO.EnergyShift 0.0019 eV
PAO.BasisSize TZP
PAO.SplitTailNorm T
            %block kgrid_Monkhorst_Pack
            2  0  0  0.
            0  6  0  0.
            0  0  4  0.
            %endblock kgrid_Monkhorst_Pack
            MD.TypeOfRun CG
            MD.Steps         500
            MD.VariableCell true
            MD.MaxForceTol 0.05 eV/Ang
            WriteMDHistory true
            WriteForces true
            Write.OrbitalIndex true
            Charge.Mulliken end
            COOP.Write true
            %block ProjectedDensityOfStates
            -20.00 20.00 0.1 1000 eV
            %endblock ProjectedDensityOfStates
************************** End of input data file *****************************

reinit: -----------------------------------------------------------------------
reinit: System Name: hea
reinit: -----------------------------------------------------------------------
reinit: System Label: hea
reinit: -----------------------------------------------------------------------

NOTE on units for spin output: 
{S} is the spin magnetic moment, in units of the Bohr magneton,
assuming a g-factor for the electron spin of exactly 2.
The spin magnetic moment is then numerically equal to the charge inbalance,
in units of electrons, between the spin-up and -down channels.


initatom: Reading input for the pseudopotentials and atomic orbitals ----------
Species number:   1 Atomic number:   28 Label: Ni

Ground state valence configuration (from tables):   4s02  4p00  3d08  4f00

---- Processing specs for species: Ni
Reading pseudopotential information in PSML from:
  Ni.psml
PSML file version: 1.1
Using libxc ids:  101 130
GGA--PBE XC_GGA_X_PBE--XC_GGA_C_PBE pb
PSML uuid: 020bdba0-be42-11e7-6ded-a592ddfb3399
Semicore shell(s) with  8 electrons included in the valence for Ni

---- Pseudopotential check for Ni

Pseudized shells:
3s( 2.00) rc: 1.26
3p( 6.00) rc: 1.35
3d( 8.00) rc: 1.66
Valence configuration for ps generation: 3s:3p:3d:4s: Total charge:  18.000000
Semicore shell(s): 3s 3p
Fallback to non-perturbative polarization scheme for Ni
Please see the manual if this is not desired in principle
For Ni, standard SIESTA heuristics set lmxkb to 3
 (one more than the basis l, including polarization orbitals).
Use PS.lmax or PS.KBprojectors blocks to override.
Ni pseudopotential only contains V_ls up to l=2 -- lmxkb reset.

<basis_specs>
===============================================================================
Ni                   Z=  28    Mass=  58.693        Charge= 0.17977+309
Lmxo=2 Lmxkb= 2    BasisType=split      Semic=T
L=0  Nsemic=1  Cnfigmx=4
          i=1  nzeta=1  polorb=0  (3s)  (semicore shell)
            splnorm:   0.15000    
               vcte:    50.000    
               rinn:  -0.70000    
               qcoe:    0.0000    
               qyuk:    0.0000    
               qwid:   0.10000E-01
                rcs:    0.0000    
            lambdas:    1.0000    
          i=2  nzeta=3  polorb=0  (4s)  (to be polarized non-perturbatively)
            splnorm:   0.15000    
               vcte:    50.000    
               rinn:  -0.70000    
               qcoe:    0.0000    
               qyuk:    0.0000    
               qwid:   0.10000E-01
                rcs:    0.0000      0.0000      0.0000    
            lambdas:    1.0000      1.0000      1.0000    
L=1  Nsemic=1  Cnfigmx=4
          i=1  nzeta=1  polorb=0  (3p)  (semicore shell)
            splnorm:   0.15000    
               vcte:    50.000    
               rinn:  -0.70000    
               qcoe:    0.0000    
               qyuk:    0.0000    
               qwid:   0.10000E-01
                rcs:    0.0000    
            lambdas:    1.0000    
          i=2  nzeta=1  polorb=0  (4p)  (non-perturbative polarization shell)
            splnorm:   0.15000    
               vcte:    50.000    
               rinn:  -0.70000    
               qcoe:   0.36834-315
               qyuk:    0.0000    
               qwid:   0.69527-309
                rcs:    0.0000    
            lambdas:    1.0000    
L=2  Nsemic=0  Cnfigmx=3
          i=1  nzeta=3  polorb=0  (3d)
            splnorm:   0.15000    
               vcte:    50.000    
               rinn:  -0.70000    
               qcoe:    0.0000    
               qyuk:    0.0000    
               qwid:   0.10000E-01
                rcs:    0.0000      0.0000      0.0000    
            lambdas:    1.0000      1.0000      1.0000    
-------------------------------------------------------------------------------
L=0  Nkbl=2  erefs: 0.17977+309 0.17977+309
L=1  Nkbl=2  erefs: 0.17977+309 0.17977+309
L=2  Nkbl=1  erefs: 0.17977+309
===============================================================================
</basis_specs>

Using PAO.SplitTailNorm
atom: Called for Ni                    (Z =  28)
Maximum radius (at nrval) set to   50.00000 8518

read_vps: Pseudopotential generation method:
read_vps: ONCVPSP-3.Hamann's oncvpsp                        
Valence charge in pseudo generation:   18.00000

read_vps: Pseudopotential includes a core correction:
read_vps: Pseudo-core for xc-correction

xc_check: Exchange-correlation functional:
xc_check: GGA PBEsol
xc_check: WARNING: Pseudopotential generated with GGA PBE functional
Got Vlocal (oncv-fit) from psml data
Choosing vlocal chloc cutoff:  3.188973
qtot up to nchloc:   17.99992641
atom: Maximum radius for chlocal:    3.18897
atom: Maximum radius for r*vlocal+2*Zval:    3.18897
Reading KB projs from Ni psml data
Using scalar-relativistic projectors in PSML file

PSML: Kleinman-Bylander projectors: 
   l= 0   rc=  1.276377   Ekb= 12.509070
   l= 0   rc=  1.276377   Ekb= -0.503495
   l= 1   rc=  1.371030   Ekb= -5.680418
   l= 1   rc=  1.371030   Ekb= -0.775211
   l= 2   rc=  1.680171   Ekb=-14.446879
   l= 2   rc=  1.680171   Ekb= -5.088878

PSML: Total number of  Kleinman-Bylander projectors:  18
atom: -------------------------------------------------------------------------

atom: SANKEY-TYPE ORBITALS:
atom: Selected multiple-zeta basis: split     

SPLIT: Orbitals with angular momentum L= 0

SPLIT: Basis orbitals for state 3s

SPLIT: PAO cut-off radius determined from an
SPLIT: energy shift=  0.000140 Ry
Split based on tail norm

   izeta = 1
                 lambda =    1.000000
                     rc =    2.999668
                 energy =   -8.139209
                kinetic =    3.776111
    potential(screened) =  -11.915319
       potential(ionic) =  -45.801861

SPLIT: Basis orbitals for state 4s

SPLIT: PAO cut-off radius determined from an
SPLIT: energy shift=  0.000140 Ry
Split based on tail norm

   izeta = 1
                 lambda =    1.000000
                     rc =    9.316220
                 energy =   -0.512978
                kinetic =    1.389681
    potential(screened) =   -1.902658
       potential(ionic) =  -17.770111

   izeta = 2
                 rmatch =    4.957068
              splitnorm =    0.150000
                 energy =   -0.410487
                kinetic =    2.329090
    potential(screened) =   -2.739576
       potential(ionic) =  -21.501560

   izeta = 3
                 rmatch =    5.824741
              splitnorm =    0.075000
                 energy =   -0.473172
                kinetic =    1.899833
    potential(screened) =   -2.373005
       potential(ionic) =  -19.995099

SPLIT: Orbitals with angular momentum L= 1

SPLIT: Basis orbitals for state 3p

SPLIT: PAO cut-off radius determined from an
SPLIT: energy shift=  0.000140 Ry
Split based on tail norm

   izeta = 1
                 lambda =    1.000000
                     rc =    3.414070
                 energy =   -5.225411
                kinetic =    9.244220
    potential(screened) =  -14.469631
       potential(ionic) =  -47.296381

SPLIT: Basis orbitals for state 4p
SPLIT: Non-perturbative polarization orbs for state 4s
SPLIT: rc(1st zeta) (re)set to: 9.3162 (expansion factor: 1.0000)
Split based on tail norm

   izeta = 1
                 lambda =    1.000000
                     rc =    9.316220
                 energy =   -0.065208
                kinetic =    0.825147
    potential(screened) =   -0.890355
       potential(ionic) =  -12.014212

SPLIT: Orbitals with angular momentum L= 2

SPLIT: Basis orbitals for state 3d

SPLIT: PAO cut-off radius determined from an
SPLIT: energy shift=  0.000140 Ry
Split based on tail norm

   izeta = 1
                 lambda =    1.000000
                     rc =    6.323353
                 energy =   -0.639566
                kinetic =   11.441999
    potential(screened) =  -12.081565
       potential(ionic) =  -40.678115

   izeta = 2
                 rmatch =    2.624859
              splitnorm =    0.150000
                 energy =   -0.513226
                kinetic =   13.528651
    potential(screened) =  -14.041878
       potential(ionic) =  -44.582092

   izeta = 3
                 rmatch =    3.356353
              splitnorm =    0.075000
                 energy =   -0.605538
                kinetic =   12.372939
    potential(screened) =  -12.978477
       potential(ionic) =  -42.595740
atom: Total number of Sankey-type orbitals: 25

atm_pop: Valence configuration (for local Pseudopot. screening):
 3s( 2.00) 4s( 2.00)                                                  
 3p( 6.00) 4p( 0.00)                                                  
 3d( 8.00)                                                            
Vna: chval, zval:   18.00000  18.00000

Vna:  Cut-off radius for the neutral-atom potential:   9.316220
comcore: Pseudo-core radius Rcore=  1.817282

atom: _________________________________________________________________________

prinput: Basis input 

PAO.BasisType split     

%block ChemicalSpeciesLabel
    1   28 Ni                      # Species index, atomic number, species label
%endblock ChemicalSpeciesLabel

%block PAO.Basis                 # Define Basis set
# WARNING: This information might be incomplete!
Ni                    5                    # Species label, number of l-shells
 n=3   0   1                         # n, l, Nzeta 
   3.000   
   1.000   
 n=4   0   3                         # n, l, Nzeta 
   9.316      4.957      5.825   
   1.000      1.000      1.000   
 n=3   1   1                         # n, l, Nzeta 
   3.414   
   1.000   
 n=4   1   1                         # n, l, Nzeta 
   9.316   
   1.000   
 n=3   2   3                         # n, l, Nzeta 
   6.323      2.625      3.356   
   1.000      1.000      1.000   
%endblock PAO.Basis

prinput: ----------------------------------------------------------------------

coor:   Atomic-coordinates input format  =     Fractional

siesta: Atomic coordinates (Bohr) and species
siesta:      0.00000   0.00000   0.00000  1        1
siesta:      4.70356   0.00000   0.00000  1        2
siesta:      9.40712   0.00000   0.00000  1        3
siesta:      2.35178   2.35178   3.32592  1        4
siesta:      7.05534   2.35178   3.32592  1        5
siesta:     11.75890   2.35178   3.32592  1        6

siesta: System type = bulk      

initatomlists: Number of atoms, orbitals, and projectors:      6   150   108

coxmol: Writing XMOL coordinates into file hea.xyz                                                                                                                                                                                                                             

siesta: ******************** Simulation parameters ****************************
siesta:
siesta: The following are some of the parameters of the simulation.
siesta: A complete list of the parameters used, including default values,
siesta: can be found in file out.fdf
siesta:
redata: Spin configuration                          = collinear
redata: Number of spin components                   = 2
redata: Time-Reversal Symmetry                      = T
redata: Spin spiral                                 = F
redata: Long output                                 =   F
redata: Number of Atomic Species                    =        1
redata: Charge density info will appear in .RHO file
redata: Write Mulliken charges (when)               = end
redata: Write Mulliken Pop.                         = Atomic and Orbital charges
redata: Write Hirshfeld charges (when)              = none
redata: Write Voronoi charges (when)                = none
redata: Write spin charge (when)                    = scf
redata: Matel table size (NRTAB)                    =     1024
redata: Mesh Cutoff                                 =   300.0000 Ry
redata: Net charge of the system                    =     0.0000 |e|
redata: Min. number of SCF Iter                     =        0
redata: Max. number of SCF Iter                     =    20000
redata: SCF convergence failure will abort job
redata: SCF mix quantity                            = Hamiltonian
redata: Mix DM or H after convergence               =   F
redata: Recompute H after scf cycle                 =   F
redata: Mix DM in first SCF step                    =   T
redata: Write Pulay info on disk                    =   F
redata: New DM Occupancy tolerance                  = 0.000000000001
redata: No kicks to SCF
redata: DM Mixing Weight for Kicks                  =     0.5000
redata: Require Harris convergence for SCF          =   F
redata: Harris energy tolerance for SCF             =     0.000100 eV
redata: Require DM convergence for SCF              =   T
redata: DM tolerance for SCF                        =     0.000500
redata: Require EDM convergence for SCF             =   F
redata: EDM tolerance for SCF                       =     0.001000 eV
redata: Require H convergence for SCF               =   F
redata: Hamiltonian tolerance for SCF               =     0.005000 eV
redata: Require (free) Energy convergence for SCF   =   F
redata: (free) Energy tolerance for SCF             =     0.000100 eV
redata: Antiferro initial spin density              =   F
redata: Using DFT-D3 dispersion                     =   F
redata: Using Saved Data (generic)                  =   F
redata: Use continuation files for DM               =   F
redata: Neglect nonoverlap interactions             =   F
redata: Method of Calculation                       = Diagonalization
redata: Electronic Temperature                      =   300.0000 K
redata: Fix the spin of the system                  =   F
redata: Max. number of TDED Iter                    =        1
redata: Number of TDED substeps                     =        3
redata: Dynamics option                             = CG coord. optimization
redata: Variable cell                               =   T
redata: Use continuation files for CG               =   F
redata: Max atomic displ per move                   =     0.1058 Ang
redata: Maximum number of optimization moves        =      500
redata: Force tolerance                             =     0.0500 eV/Ang
redata: Stress tolerance                            =     1.0000 GPa
mix.SCF: Broyden mixing                          = Broyden
mix.SCF:    History steps                        = 8
mix.SCF:    Linear mixing weight                 =     0.070000
mix.SCF:    Inverse Jacobian weight              =     0.070000
mix.SCF:    Weight prime                         =     0.070000
mix.SCF:    SVD condition                        = 0.1000E-07
mix.SCF: Spin-component mixing                   all
redata: ***********************************************************************

%block SCF.Mixers
  Broyden
%endblock SCF.Mixers

%block SCF.Mixer.Broyden
  # Mixing method
  method broyden

  # Mixing options
  weight 0.0700
  weight.linear 0.0700
  weight.prime 0.0700
  history 8
%endblock SCF.Mixer.Broyden

DM_history_depth set to one: no extrapolation allowed by default for geometry relaxation
Size of DM history Fstack: 1
Total number of electrons:   108.000000
Total ionic charge:   108.000000

* ProcessorY, Blocksize:    4   4


* Orbital distribution balance (max,min):     8     4

k-point displ. along   1 input, could be:     0.00    0.50
k-point displ. along   2 input, could be:     0.00    0.50
k-point displ. along   3 input, could be:     0.00    0.50
 Kpoints in:           32 . Kpoints trimmed:           31

siesta: k-grid: Number of k-points = 31
siesta: k-points from Monkhorst-Pack grid
siesta: k-cutoff (effective) =     7.040 Ang
siesta: k-point supercell and displacements
siesta: k-grid:     2     0     0      0.000
siesta: k-grid:     0     6     0      0.000
siesta: k-grid:     0     0     4      0.000
k-point displ. along   1 input, could be:     0.00    0.50
k-point displ. along   2 input, could be:     0.00    0.50
k-point displ. along   3 input, could be:     0.00    0.50
 Kpoints in:           32 . Kpoints trimmed:           31

siesta: PDOS k-grid: Number of k-points = 31
siesta: PDOS k-points from Monkhorst-Pack grid
siesta: PDOS k-cutoff (effective) =     0.000 Ang
siesta: PDOS k-point supercell and displacements
siesta: k-grid:     2     0     0      0.000
siesta: k-grid:     0     6     0      0.000
siesta: k-grid:     0     0     4      0.000

diag: Algorithm                                     = D&C
diag: Parallel over k                               =   F
diag: Use parallel 2D distribution                  =   T
diag: Parallel block-size                           = 4
diag: Parallel distribution                         =     6 x     6
diag: Used triangular part                          = Lower
diag: Absolute tolerance                            =  0.100E-15
diag: Orthogonalization factor                      =  0.100E-05
diag: Memory factor                                 =  1.0000
diag: The diagonalization method chosen cannot compute a reduced number of eigenvectors.
diag: Resetting neigwanted 76 to 150

superc: Internal auxiliary supercell:     5 x     9 x     7  =     315
superc: Number of atoms, orbitals, and projectors:   1890  47250  34020


ts: **************************************************************
ts: Save H and S matrices                           =    F
ts: Save DM and EDM matrices                        =    F
ts: Only save the overlap matrix S                  =    F
ts: **************************************************************

************************ Begin: TS CHECKS AND WARNINGS ************************
************************ End: TS CHECKS AND WARNINGS **************************


                     ====================================
                        Begin CG opt. move =      0
                     ====================================

superc: Internal auxiliary supercell:     5 x     9 x     7  =     315
superc: Number of atoms, orbitals, and projectors:   1890  47250  34020

outcell: Unit cell vectors (Ang):
        7.467048    0.000000    0.000000
        0.000000    2.489016    0.000000
        0.000000    0.000000    3.520000

outcell: Cell vector modules (Ang)   :    7.467048    2.489016    3.520000
outcell: Cell angles (23,13,12) (deg):     90.0000     90.0000     90.0000
outcell: Cell volume (Ang**3)        :     65.4213
<dSpData1D:S at geom step 0
  <sparsity:sparsity for geom step 0
    nrows_g=150 nrows=8 sparsity=.7608 nnzs=17118, refcount: 7>
  <dData1D:(new from dSpData1D) n=17118, refcount: 1>
refcount: 1>
new_DM -- step:     1
Initializing Density Matrix...
DM filled with atomic data:
<dSpData2D:DM initialized from atoms
  <sparsity:sparsity for geom step 0
    nrows_g=150 nrows=8 sparsity=.7608 nnzs=17118, refcount: 8>
  <dData2D:DM n=17118 m=2, refcount: 1>
refcount: 1>
No. of atoms with KB's overlaping orbs in proc 0. Max # of overlaps:      89     553

InitMesh: MESH = 80 x 30 x 40 = 96000
InitMesh: Mesh cutoff (required, used) =   300.000   317.237 Ry
New grid distribution [1]: sub = 2
New grid distribution [2]: sub = 2
New grid distribution [3]: sub = 2
Setting up quadratic distribution...

stepf: Fermi-Dirac step function

siesta: Program's energy decomposition (eV):
siesta: Ebs     =     -4582.031958
siesta: Eions   =     34726.021818
siesta: Ena     =      2216.068292
siesta: Ekin    =     12628.708756
siesta: Enl     =     -4219.976234
siesta: Eso     =         0.000000
siesta: Edftu   =         0.000000
siesta: DEna    =       167.774369
siesta: DUscf   =         4.398286
siesta: DUext   =         0.000000
siesta: Ex      =     -3232.903616
siesta: Ec      =      -195.495792
siesta: Exc     =     -3428.399408
siesta: EbV     =         0.000000
siesta: eta*DQ  =         0.000000
siesta: Emadel  =         0.000000
siesta: Emeta   =         0.000000
siesta: Emolmec =         0.000000
siesta: Ekinion =         0.000000
siesta: Eharris =    -27321.035888
siesta: Etot    =    -27357.447759
siesta: FreeEng =    -27357.463927

        iscf     Eharris(eV)        E_KS(eV)     FreeEng(eV)     dDmax    Ef(eV) dHmax(eV)
   scf:    1   -27321.035888   -27357.447759   -27357.463927  6.362564 -4.944924  4.864284
     spin moment: {S} , |S| = {        0.0        0.0    6.07386 }     6.07386
timer: Routine,Calls,Time,% = IterSCF        1       2.125  33.90
   scf:    2   -27359.854517   -27358.705835   -27358.720217  0.387838 -5.146094  3.779101
     spin moment: {S} , |S| = {        0.0        0.0    5.70916 }     5.70916
   scf:    3   -27361.152290   -27360.390748   -27360.413541  1.025812 -5.846426  0.544731
     spin moment: {S} , |S| = {        0.0        0.0    4.89972 }     4.89972
   scf:    4   -27360.592135   -27360.528337   -27360.547865  0.328915 -6.167372  1.001506
     spin moment: {S} , |S| = {        0.0        0.0    4.13153 }     4.13153
   scf:    5   -27360.502297   -27360.598912   -27360.619379  0.407258 -6.181003  0.523054
     spin moment: {S} , |S| = {        0.0        0.0    4.00173 }     4.00173
   scf:    6   -27360.631690   -27360.636552   -27360.655125  0.191813 -6.226369  0.227021
     spin moment: {S} , |S| = {        0.0        0.0    4.12489 }     4.12489
   scf:    7   -27360.619836   -27360.628958   -27360.647505  0.021995 -6.200943  0.355837
     spin moment: {S} , |S| = {        0.0        0.0    4.12500 }     4.12500
   scf:    8   -27360.649907   -27360.643978   -27360.662191  0.123687 -6.210037  0.059518
     spin moment: {S} , |S| = {        0.0        0.0    4.12426 }     4.12426
   scf:    9   -27360.643790   -27360.643894   -27360.662109  0.009345 -6.214118  0.068153
     spin moment: {S} , |S| = {        0.0        0.0    4.12369 }     4.12369
   scf:   10   -27360.635876   -27360.640327   -27360.659001  0.044630 -6.224891  0.189313
     spin moment: {S} , |S| = {        0.0        0.0    4.11043 }     4.11043
   scf:   11   -27360.644806   -27360.644230   -27360.662518  0.056201 -6.237235  0.033000
     spin moment: {S} , |S| = {        0.0        0.0    4.12308 }     4.12308
   scf:   12   -27360.644397   -27360.644363   -27360.662662  0.008938 -6.233785  0.003618
     spin moment: {S} , |S| = {        0.0        0.0    4.12255 }     4.12255
   scf:   13   -27360.644369   -27360.644366   -27360.662663  0.001105 -6.232845  0.002307
     spin moment: {S} , |S| = {        0.0        0.0    4.12273 }     4.12273
   scf:   14   -27360.644358   -27360.644362   -27360.662663  0.000175 -6.232978  0.002160
     spin moment: {S} , |S| = {        0.0        0.0    4.12270 }     4.12270

SCF Convergence by DM criterion
max |DM_out - DM_in|         :     0.0001753268
max |H_out - H_in|      (eV) :     0.0021603163
SCF cycle converged after 14 iterations

Using DM_out to compute the final energy and forces
No. of atoms with KB's overlaping orbs in proc 0. Max # of overlaps:      89     553

siesta: E_KS(eV) =           -27360.6444

siesta: E_KS - E_eggbox =    -27360.6444

siesta: Atomic forces (eV/Ang):
     1    0.000006   -0.000000    0.000000
     2   -0.000899   -0.000000   -0.000000
     3    0.000893   -0.000000   -0.000000
     4    0.000913    0.000000   -0.000000
     5   -0.000006   -0.000000   -0.000000
     6   -0.000907    0.000000    0.000000
----------------------------------------
   Tot   -0.000000   -0.000000   -0.000000
----------------------------------------
   Max    0.000913
   Res    0.000426    sqrt( Sum f_i^2 / 3N )
----------------------------------------
   Max    0.000913    constrained

Stress tensor Voigt[x,y,z,yz,xz,xy] (kbar):      117.61      117.99      104.62       -0.00       -0.00        0.00
(Free)E + p*V (eV/cell)   -27365.2932
Target enthalpy (eV/cell)   -27360.6627

siesta: Stress tensor (static) (eV/Ang**3):
         0.073405    0.000000    0.000000
         0.000000    0.073641   -0.000000
        -0.000000   -0.000000    0.065297

siesta: Pressure (static):       -113.40360272  kBar

siesta: Stress tensor (total) (eV/Ang**3):
         0.073405    0.000000    0.000000
         0.000000    0.073641   -0.000000
        -0.000000   -0.000000    0.065297

siesta: Pressure (total):       -113.40360272  kBar

cgvc: No target stress found, assuming hydrostatic MD.TargetPressure.

cgvc: Target stress (kBar)
cgvc:        -0.000       0.000       0.000
cgvc:         0.000      -0.000       0.000
cgvc:         0.000       0.000      -0.000

                     ====================================
                        Begin CG opt. move =      1
                     ====================================
k-point displ. along   1 input, could be:     0.00    0.50
k-point displ. along   2 input, could be:     0.00    0.50
k-point displ. along   3 input, could be:     0.00    0.50
 Kpoints in:           32 . Kpoints trimmed:           31

siesta: k-grid: Number of k-points = 31
siesta: k-points from Monkhorst-Pack grid
siesta: k-cutoff (effective) =     6.961 Ang
siesta: k-point supercell and displacements
siesta: k-grid:     2     0     0      0.000
siesta: k-grid:     0     6     0      0.000
siesta: k-grid:     0     0     4      0.000

superc: Internal auxiliary supercell:     5 x     9 x     7  =     315
superc: Number of atoms, orbitals, and projectors:   1890  47250  34020

outcell: Unit cell vectors (Ang):
        7.372553   -0.000000   -0.000000
       -0.000000    2.457417    0.000000
       -0.000000    0.000000    3.480375

outcell: Cell vector modules (Ang)   :    7.372553    2.457417    3.480375
outcell: Cell angles (23,13,12) (deg):     90.0000     90.0000     90.0000
outcell: Cell volume (Ang**3)        :     63.0555
<dSpData1D:S at geom step 1
  <sparsity:sparsity for geom step 1
    nrows_g=150 nrows=8 sparsity=.8453 nnzs=19020, refcount: 7>
  <dData1D:(new from dSpData1D) n=19020, refcount: 1>
refcount: 1>
new_DM -- step:     2
Re-using DM from previous geometries...
Number of DMs in history: 1
 DM extrapolation coefficients: 
1   1.00000
New DM after history re-use:
<dSpData2D:SpM extrapolated using coords
  <sparsity:sparsity for geom step 1
    nrows_g=150 nrows=8 sparsity=.8453 nnzs=19020, refcount: 9>
  <dData2D:(temp array for extrapolation) n=19020 m=2, refcount: 1>
refcount: 1>
No. of atoms with KB's overlaping orbs in proc 0. Max # of overlaps:      89     571

InitMesh: MESH = 80 x 30 x 40 = 96000
InitMesh: Mesh cutoff (required, used) =   300.000   325.421 Ry
New grid distribution [1]: sub = 2
New grid distribution [2]: sub = 2
New grid distribution [3]: sub = 2
Setting up quadratic distribution...

        iscf     Eharris(eV)        E_KS(eV)     FreeEng(eV)     dDmax    Ef(eV) dHmax(eV)
   scf:    1   -27358.772169   -27360.743175   -27360.761134  0.599016 -6.252350  0.155491
     spin moment: {S} , |S| = {        0.0        0.0    4.11746 }     4.11746
   scf:    2   -27360.683900   -27360.726561   -27360.744739  0.113581 -6.360199  0.732273
     spin moment: {S} , |S| = {        0.0        0.0    4.11454 }     4.11454
   scf:    3   -27360.746326   -27360.745632   -27360.763644  0.084936 -6.280198  0.108476
     spin moment: {S} , |S| = {        0.0        0.0    4.11679 }     4.11679
   scf:    4   -27360.745936   -27360.746028   -27360.764051  0.006020 -6.285358  0.025055
     spin moment: {S} , |S| = {        0.0        0.0    4.11666 }     4.11666
   scf:    5   -27360.746042   -27360.746044   -27360.764069  0.001248 -6.286424  0.006995
     spin moment: {S} , |S| = {        0.0        0.0    4.11663 }     4.11663
   scf:    6   -27360.746049   -27360.746046   -27360.764079  0.000861 -6.287229  0.004513
     spin moment: {S} , |S| = {        0.0        0.0    4.11655 }     4.11655
   scf:    7   -27360.746038   -27360.746042   -27360.764083  0.000928 -6.288092  0.002025
     spin moment: {S} , |S| = {        0.0        0.0    4.11647 }     4.11647
   scf:    8   -27360.746040   -27360.746041   -27360.764083  0.000134 -6.288203  0.000564
     spin moment: {S} , |S| = {        0.0        0.0    4.11646 }     4.11646

SCF Convergence by DM criterion
max |DM_out - DM_in|         :     0.0001341291
max |H_out - H_in|      (eV) :     0.0005639964
SCF cycle converged after 8 iterations

Using DM_out to compute the final energy and forces
No. of atoms with KB's overlaping orbs in proc 0. Max # of overlaps:      89     571

siesta: E_KS(eV) =           -27360.7460

siesta: Atomic forces (eV/Ang):
     1   -0.000028   -0.000000    0.000000
     2    0.000707   -0.000000   -0.000000
     3   -0.000684    0.000000    0.000000
     4   -0.000697   -0.000000    0.000000
     5    0.000028    0.000000   -0.000000
     6    0.000676   -0.000000   -0.000000
----------------------------------------
   Tot    0.000002   -0.000000    0.000000
----------------------------------------
   Max    0.000707
   Res    0.000326    sqrt( Sum f_i^2 / 3N )
----------------------------------------
   Max    0.000707    constrained

Stress tensor Voigt[x,y,z,yz,xz,xy] (kbar):       26.20       25.65       15.38       -0.00        0.00       -0.00
(Free)E + p*V (eV/cell)   -27361.6461
Target enthalpy (eV/cell)   -27360.7641

siesta: Stress tensor (static) (eV/Ang**3):
         0.016352   -0.000000    0.000000
        -0.000000    0.016009   -0.000000
         0.000000   -0.000000    0.009602

siesta: Pressure (static):        -22.41047907  kBar

siesta: Stress tensor (total) (eV/Ang**3):
         0.016352   -0.000000    0.000000
        -0.000000    0.016009   -0.000000
         0.000000   -0.000000    0.009602

siesta: Pressure (total):        -22.41047907  kBar

                     ====================================
                        Begin CG opt. move =      2
                     ====================================
k-point displ. along   1 input, could be:     0.00    0.50
k-point displ. along   2 input, could be:     0.00    0.50
k-point displ. along   3 input, could be:     0.00    0.50
 Kpoints in:           32 . Kpoints trimmed:           31

siesta: k-grid: Number of k-points = 31
siesta: k-points from Monkhorst-Pack grid
siesta: k-cutoff (effective) =     6.834 Ang
siesta: k-point supercell and displacements
siesta: k-grid:     2     0     0      0.000
siesta: k-grid:     0     6     0      0.000
siesta: k-grid:     0     0     4      0.000

superc: Internal auxiliary supercell:     5 x     9 x     7  =     315
superc: Number of atoms, orbitals, and projectors:   1890  47250  34020

outcell: Unit cell vectors (Ang):
        7.221361   -0.000000   -0.000000
       -0.000000    2.406857    0.000000
       -0.000000    0.000000    3.416975

outcell: Cell vector modules (Ang)   :    7.221361    2.406857    3.416975
outcell: Cell angles (23,13,12) (deg):     90.0000     90.0000     90.0000
outcell: Cell volume (Ang**3)        :     59.3897
<dSpData1D:S at geom step 2
  <sparsity:sparsity for geom step 2
    nrows_g=150 nrows=8 sparsity=.9609 nnzs=21620, refcount: 7>
  <dData1D:(new from dSpData1D) n=21620, refcount: 1>
refcount: 1>
new_DM -- step:     3
Re-using DM from previous geometries...
Number of DMs in history: 1
 DM extrapolation coefficients: 
1   1.00000
New DM after history re-use:
<dSpData2D:SpM extrapolated using coords
  <sparsity:sparsity for geom step 2
    nrows_g=150 nrows=8 sparsity=.9609 nnzs=21620, refcount: 9>
  <dData2D:(temp array for extrapolation) n=21620 m=2, refcount: 1>
refcount: 1>
No. of atoms with KB's overlaping orbs in proc 0. Max # of overlaps:      89     691

InitMesh: MESH = 80 x 30 x 36 = 86400
InitMesh: Mesh cutoff (required, used) =   300.000   306.777 Ry
New grid distribution [1]: sub = 2
New grid distribution [2]: sub = 2
New grid distribution [3]: sub = 2
Setting up quadratic distribution...

        iscf     Eharris(eV)        E_KS(eV)     FreeEng(eV)     dDmax    Ef(eV) dHmax(eV)
   scf:    1   -27356.126035   -27360.641500   -27360.659820  0.899278 -6.289705  0.374451
     spin moment: {S} , |S| = {        0.0        0.0    4.07123 }     4.07123
   scf:    2   -27360.371028   -27360.570525   -27360.589619  0.214797 -6.557131  1.174791
     spin moment: {S} , |S| = {        0.0        0.0    4.01449 }     4.01449
   scf:    3   -27360.678553   -27360.658950   -27360.677536  0.147173 -6.371691  0.165636
     spin moment: {S} , |S| = {        0.0        0.0    4.05604 }     4.05604
   scf:    4   -27360.659824   -27360.659857   -27360.678462  0.004676 -6.376239  0.019513
     spin moment: {S} , |S| = {        0.0        0.0    4.05475 }     4.05475
   scf:    5   -27360.659855   -27360.659857   -27360.678473  0.000463 -6.376760  0.012817
     spin moment: {S} , |S| = {        0.0        0.0    4.05391 }     4.05391

SCF Convergence by DM criterion
max |DM_out - DM_in|         :     0.0004630524
max |H_out - H_in|      (eV) :     0.0128170476
SCF cycle converged after 5 iterations

Using DM_out to compute the final energy and forces
No. of atoms with KB's overlaping orbs in proc 0. Max # of overlaps:      89     691

siesta: E_KS(eV) =           -27360.6599

siesta: Atomic forces (eV/Ang):
     1   -0.000020   -0.000000   -0.000000
     2    0.003958   -0.000000   -0.000000
     3   -0.003946   -0.000000    0.000000
     4   -0.003998   -0.000000    0.000000
     5    0.000021   -0.000000    0.000000
     6    0.003984   -0.000000   -0.000000
----------------------------------------
   Tot   -0.000001   -0.000000    0.000000
----------------------------------------
   Max    0.003998
   Res    0.001872    sqrt( Sum f_i^2 / 3N )
----------------------------------------
   Max    0.003998    constrained

Stress tensor Voigt[x,y,z,yz,xz,xy] (kbar):     -122.38     -121.81     -123.82        0.00        0.00       -0.00
(Free)E + p*V (eV/cell)   -27356.1312
Target enthalpy (eV/cell)   -27360.6785

siesta: Stress tensor (static) (eV/Ang**3):
        -0.076383   -0.000000    0.000000
        -0.000000   -0.076030    0.000000
         0.000000    0.000000   -0.077285

siesta: Pressure (static):        122.67222336  kBar

siesta: Stress tensor (total) (eV/Ang**3):
        -0.076383   -0.000000    0.000000
        -0.000000   -0.076030    0.000000
         0.000000    0.000000   -0.077285

siesta: Pressure (total):        122.67222336  kBar

                     ====================================
                        Begin CG opt. move =      3
                     ====================================
k-point displ. along   1 input, could be:     0.00    0.50
k-point displ. along   2 input, could be:     0.00    0.50
k-point displ. along   3 input, could be:     0.00    0.50
 Kpoints in:           32 . Kpoints trimmed:           31

siesta: k-grid: Number of k-points = 31
siesta: k-points from Monkhorst-Pack grid
siesta: k-cutoff (effective) =     6.940 Ang
siesta: k-point supercell and displacements
siesta: k-grid:     2     0     0      0.000
siesta: k-grid:     0     6     0      0.000
siesta: k-grid:     0     0     4      0.000

superc: Internal auxiliary supercell:     5 x     9 x     7  =     315
superc: Number of atoms, orbitals, and projectors:   1890  47250  34020

outcell: Unit cell vectors (Ang):
        7.347735   -0.000000   -0.000000
       -0.000000    2.449117    0.000000
       -0.000000    0.000000    3.469968

outcell: Cell vector modules (Ang)   :    7.347735    2.449117    3.469968
outcell: Cell angles (23,13,12) (deg):     90.0000     90.0000     90.0000
outcell: Cell volume (Ang**3)        :     62.4437
<dSpData1D:S at geom step 3
  <sparsity:sparsity for geom step 3
    nrows_g=150 nrows=8 sparsity=.8453 nnzs=19020, refcount: 7>
  <dData1D:(new from dSpData1D) n=19020, refcount: 1>
refcount: 1>
new_DM -- step:     4
Re-using DM from previous geometries...
Number of DMs in history: 1
 DM extrapolation coefficients: 
1   1.00000
New DM after history re-use:
<dSpData2D:SpM extrapolated using coords
  <sparsity:sparsity for geom step 3
    nrows_g=150 nrows=8 sparsity=.8453 nnzs=19020, refcount: 9>
  <dData2D:(temp array for extrapolation) n=19020 m=2, refcount: 1>
refcount: 1>
No. of atoms with KB's overlaping orbs in proc 0. Max # of overlaps:      89     571

InitMesh: MESH = 80 x 30 x 40 = 96000
InitMesh: Mesh cutoff (required, used) =   300.000   327.623 Ry
New grid distribution [1]: sub = 2
New grid distribution [2]: sub = 2
New grid distribution [3]: sub = 2
Setting up quadratic distribution...

        iscf     Eharris(eV)        E_KS(eV)     FreeEng(eV)     dDmax    Ef(eV) dHmax(eV)
   scf:    1   -27364.470351   -27360.730163   -27360.748654  0.710595 -6.396824  0.387137
     spin moment: {S} , |S| = {        0.0        0.0    4.10236 }     4.10236
   scf:    2   -27360.426609   -27360.650708   -27360.668485  0.289684 -6.116441  1.077683
     spin moment: {S} , |S| = {        0.0        0.0    4.11664 }     4.11664
   scf:    3   -27360.779122   -27360.750294   -27360.768505  0.204321 -6.309977  0.071808
     spin moment: {S} , |S| = {        0.0        0.0    4.10862 }     4.10862
   scf:    4   -27360.750381   -27360.750439   -27360.768644  0.001431 -6.308976  0.026917
     spin moment: {S} , |S| = {        0.0        0.0    4.10876 }     4.10876
   scf:    5   -27360.750466   -27360.750457   -27360.768657  0.000411 -6.308587  0.011068
     spin moment: {S} , |S| = {        0.0        0.0    4.10892 }     4.10892

SCF Convergence by DM criterion
max |DM_out - DM_in|         :     0.0004105477
max |H_out - H_in|      (eV) :     0.0110680695
SCF cycle converged after 5 iterations

Using DM_out to compute the final energy and forces
No. of atoms with KB's overlaping orbs in proc 0. Max # of overlaps:      89     571

siesta: E_KS(eV) =           -27360.7505

siesta: Atomic forces (eV/Ang):
     1   -0.000016   -0.000000   -0.000000
     2    0.002058    0.000000    0.000000
     3   -0.002052    0.000000    0.000000
     4   -0.002068   -0.000000   -0.000000
     5    0.000014   -0.000000   -0.000000
     6    0.002060    0.000000   -0.000000
----------------------------------------
   Tot   -0.000004   -0.000000    0.000000
----------------------------------------
   Max    0.002068
   Res    0.000971    sqrt( Sum f_i^2 / 3N )
----------------------------------------
   Max    0.002068    constrained

Stress tensor Voigt[x,y,z,yz,xz,xy] (kbar):        4.97        4.62       -5.35        0.00        0.00        0.00
(Free)E + p*V (eV/cell)   -27360.8237
Target enthalpy (eV/cell)   -27360.7687

siesta: Stress tensor (static) (eV/Ang**3):
         0.003103    0.000000    0.000000
         0.000000    0.002883    0.000000
         0.000000    0.000000   -0.003342

siesta: Pressure (static):         -1.41178124  kBar

siesta: Stress tensor (total) (eV/Ang**3):
         0.003103    0.000000    0.000000
         0.000000    0.002883    0.000000
         0.000000    0.000000   -0.003342

siesta: Pressure (total):         -1.41178124  kBar

outcoor: Relaxed atomic coordinates (fractional):           
    0.00000006   -0.00000000    0.00000000   1       1  Ni
    0.33332332   -0.00000000   -0.00000000   1       2  Ni
    0.66667661   -0.00000000   -0.00000000   1       3  Ni
    0.16667684    0.50000000    0.50000000   1       4  Ni
    0.49999994    0.50000000    0.50000000   1       5  Ni
    0.83332322    0.50000000    0.50000000   1       6  Ni

outcell: Unit cell vectors (Ang):
        7.347735   -0.000000   -0.000000
       -0.000000    2.449117    0.000000
       -0.000000    0.000000    3.469968

outcell: Cell vector modules (Ang)   :    7.347735    2.449117    3.469968
outcell: Cell angles (23,13,12) (deg):     90.0000     90.0000     90.0000
outcell: Cell volume (Ang**3)        :     62.4437

coxmol: Writing XMOL coordinates into file hea.xyz                                                                                                                                                                                                                             
Writing WFSX for COOP/COHP in hea.fullBZ.WFSX

diag: Algorithm                                     = D&C
diag: Parallel over k                               =   F
diag: Use parallel 2D distribution                  =   T
diag: Parallel block-size                           = 4
diag: Parallel distribution                         =     6 x     6
diag: Used triangular part                          = Lower
diag: Absolute tolerance                            =  0.100E-15
diag: Orthogonalization factor                      =  0.100E-05
diag: Memory factor                                 =  1.0000

diag: Algorithm                                     = D&C
diag: Parallel over k                               =   F
diag: Use parallel 2D distribution                  =   T
diag: Parallel block-size                           = 4
diag: Parallel distribution                         =     6 x     6
diag: Used triangular part                          = Lower
diag: Absolute tolerance                            =  0.100E-15
diag: Orthogonalization factor                      =  0.100E-05
diag: Memory factor                                 =  1.0000

siesta: PDOS info
siesta: E1 -- E2, sigma [eV], nhist:  -20.000 --   20.000    0.100 1000

diag: Algorithm                                     = D&C
diag: Parallel over k                               =   F
diag: Use parallel 2D distribution                  =   T
diag: Parallel block-size                           = 4
diag: Parallel distribution                         =     6 x     6
diag: Used triangular part                          = Lower
diag: Absolute tolerance                            =  0.100E-15
diag: Orthogonalization factor                      =  0.100E-05
diag: Memory factor                                 =  1.0000

siesta: Program's energy decomposition (eV):
siesta: Ebs     =     -4359.228628
siesta: Eions   =     34726.021818
siesta: Ena     =      2211.612038
siesta: Ekin    =     12882.943816
siesta: Enl     =     -4319.750885
siesta: Eso     =         0.000000
siesta: Edftu   =         0.000000
siesta: DEna    =        53.660998
siesta: DUscf   =         0.667524
siesta: DUext   =         0.000000
siesta: Ex      =     -3267.589674
siesta: Ec      =      -196.272456
siesta: Exc     =     -3463.862130
siesta: EbV     =         0.000000
siesta: eta*DQ  =         0.000000
siesta: Emadel  =         0.000000
siesta: Emeta   =         0.000000
siesta: Emolmec =         0.000000
siesta: Ekinion =         0.000000
siesta: Eharris =    -27360.750466
siesta: Etot    =    -27360.750457
siesta: FreeEng =    -27360.768657

siesta: Final energy (eV):
siesta:  Band Struct. =   -4359.228628
siesta:       Kinetic =   12882.943816
siesta:       Hartree =    7415.620966
siesta:         Edftu =       0.000000
siesta:       Eso     =       0.000000
siesta:    Ext. field =       0.000000
siesta:         Exch. =   -3267.589674
siesta:         Corr. =    -196.272456
siesta:     Bulk bias =       0.000000
siesta:   Exch.-corr. =   -3463.862130
siesta:  Ion-electron =  -28468.585468
siesta:       Ion-ion =  -15726.867641
siesta:       Ekinion =       0.000000
siesta: D3 dispersion =       0.000000
siesta:         Total =  -27360.750457
siesta:         Fermi =      -6.308587

siesta: Stress tensor (static) (eV/Ang**3):
siesta:     0.003103    0.000000    0.000000
siesta:     0.000000    0.002883    0.000000
siesta:     0.000000    0.000000   -0.003342

siesta: Constrained stress tensor (static) (eV/Ang**3):
siesta:     0.003103    0.000000    0.000000
siesta:     0.000000    0.002883    0.000000
siesta:     0.000000    0.000000   -0.003342

siesta: Cell volume =         62.443689 Ang**3

siesta: Pressure (static):
siesta:                Solid            Molecule  Units
siesta:          -0.00000960         -0.00000990  Ry/Bohr**3
siesta:          -0.00088116         -0.00090857  eV/Ang**3
siesta:          -1.41178124         -1.45569270  kBar
(Free)E+ p_basis*V_orbitals  =      -27344.645168
(Free)Eharris+ p_basis*V_orbitals  =      -27344.645177

mulliken: Atomic and Orbital Populations:

mulliken: Spin UP 

Species: Ni                  
Atom  Qatom  Qorb
               3s      4s      4s      4s      3py     3pz     3px     4py     
               4pz     4px     3dxy    3dyz    3dz2    3dxz    3dx2-y2 3dxy    
               3dyz    3dz2    3dxz    3dx2-y2 3dxy    3dyz    3dz2    3dxz    
               3dx2-y2 
   1  9.342   0.991   0.014   0.046   0.078   0.999   0.999   0.998   0.170
              0.175   0.170   1.190   1.262   1.193   1.262   1.258  -0.050

             -0.052  -0.050  -0.052  -0.053  -0.196  -0.269  -0.198  -0.269

             -0.271
   2  9.342   0.991   0.015   0.045   0.078   0.999   0.999   0.999   0.170
              0.175   0.170   1.190   1.262   1.193   1.262   1.257  -0.050

             -0.052  -0.050  -0.052  -0.053  -0.196  -0.269  -0.198  -0.269

             -0.271
   3  9.342   0.991   0.015   0.045   0.078   0.999   0.999   0.999   0.170
              0.175   0.170   1.190   1.262   1.193   1.262   1.257  -0.050

             -0.052  -0.050  -0.052  -0.053  -0.196  -0.269  -0.198  -0.269

             -0.271
   4  9.342   0.991   0.015   0.045   0.078   0.999   0.999   0.999   0.170
              0.175   0.170   1.190   1.262   1.193   1.262   1.257  -0.050

             -0.052  -0.050  -0.052  -0.053  -0.196  -0.269  -0.198  -0.269

             -0.271
   5  9.342   0.991   0.014   0.046   0.078   0.999   0.999   0.998   0.170
              0.175   0.170   1.190   1.262   1.193   1.262   1.258  -0.050

             -0.052  -0.050  -0.052  -0.053  -0.196  -0.269  -0.198  -0.269

             -0.271
   6  9.342   0.991   0.015   0.045   0.078   0.999   0.999   0.999   0.170
              0.175   0.170   1.190   1.262   1.193   1.262   1.257  -0.050

             -0.052  -0.050  -0.052  -0.053  -0.196  -0.269  -0.198  -0.269

             -0.271

mulliken: Qtot =       56.054

mulliken: Spin DOWN 

Species: Ni                  
Atom  Qatom  Qorb
               3s      4s      4s      4s      3py     3pz     3px     4py     
               4pz     4px     3dxy    3dyz    3dz2    3dxz    3dx2-y2 3dxy    
               3dyz    3dz2    3dxz    3dx2-y2 3dxy    3dyz    3dz2    3dxz    
               3dx2-y2 
   1  8.657   0.984   0.001   0.076   0.064   0.999   0.999   0.999   0.184
              0.186   0.184   1.107   1.067   1.132   1.067   1.120  -0.073

             -0.071  -0.073  -0.071  -0.074  -0.195  -0.246  -0.203  -0.246

             -0.260
   2  8.658   0.984   0.003   0.075   0.064   0.999   0.999   0.999   0.183
              0.186   0.184   1.107   1.067   1.132   1.067   1.120  -0.073

             -0.071  -0.073  -0.071  -0.074  -0.194  -0.246  -0.203  -0.246

             -0.260
   3  8.658   0.984   0.003   0.075   0.064   0.999   0.999   0.999   0.183
              0.186   0.184   1.107   1.067   1.132   1.067   1.120  -0.073

             -0.071  -0.073  -0.071  -0.074  -0.195  -0.246  -0.203  -0.246

             -0.260
   4  8.658   0.984   0.003   0.075   0.064   0.999   0.999   0.999   0.183
              0.186   0.184   1.107   1.067   1.132   1.067   1.120  -0.073

             -0.071  -0.073  -0.071  -0.074  -0.194  -0.246  -0.203  -0.246

             -0.260
   5  8.657   0.984   0.001   0.076   0.064   0.999   0.999   0.999   0.184
              0.186   0.184   1.107   1.067   1.132   1.067   1.120  -0.073

             -0.071  -0.073  -0.071  -0.074  -0.195  -0.246  -0.203  -0.246

             -0.260
   6  8.658   0.984   0.002   0.075   0.064   0.999   0.999   0.999   0.183
              0.186   0.184   1.107   1.067   1.132   1.067   1.120  -0.073

             -0.071  -0.073  -0.071  -0.074  -0.195  -0.246  -0.203  -0.246

             -0.260

mulliken: Qtot =       51.946

Mulliken Atomic Populations:
Atom #   charge [q] valence [e]      Sz [e]  Species
     1     0.000226   17.999774    0.684808  Ni
     2    -0.000118   18.000118    0.684827  Ni
     3    -0.000118   18.000118    0.684826  Ni
     4    -0.000111   18.000111    0.684829  Ni
     5     0.000229   17.999771    0.684809  Ni
     6    -0.000108   18.000108    0.684826  Ni
-------------------------------------------
 Total    -0.000000                4.108924

cite: Please indicate the Siesta version in published work: 5.2.2
cite: This calculation has made use of features in the following articles
cite: which we encourage you to cite in published work.
cite: (Please see "hea.bib" for a BibTeX file.)
        Primary SIESTA paper
          DOI: www.doi.org/10.1088/0953-8984/14/11/302
        PSML pseudopotential format
          DOI: www.doi.org/10.1016/j.cpc.2018.02.011


>> End of run:  19-JUN-2025   2:29:24
Job completed
