Executable      : /home/users/felipegc/woltsoft/SIESTA/siesta-5.2.2/build/bin/siesta
Version         : 5.2.2
Architecture    : x86_64
Compiler version: GNU-9.3.0
Compiler flags  : -O3 -march=native
Parallelisations: MPI
Lua support
Native ELPA support
ELSI support. Solvers:
   ELPA (internal) 
   NTPoly
   OMM
DFT-D3 support
Wannier90 wrapper support

Runtime information:
* Directory : /home/users/felipegc/MnNiGa/optimizations_afm/top/structure_calc_372
* Running on 36 nodes in parallel.
>> Start of run:   1-AUG-2025   4:44:39

                           *********************** 
                           *  WELCOME TO SIESTA  * 
                           *********************** 

 NOTE: Siesta V5 introduces some new defaults for basis-set generation
 NOTE: which might lead to slightly different numerical results.
 NOTE: Please see the manual for full details and compatibility measures.


reinit: Reading from standard input
reinit: Dumping input in INPUT_TMP.61465
************************** Dump of input data file ****************************
SystemName          hea
SystemLabel         hea
Reparametrize.Pseudos T
Restricted.Radial.Grid F
%include atoms.fdf
MaxSCFIterations     20000
SCF.Mix              Hamiltonian
SCF.Mixer.Method     Broyden
#SCF.Mixer.Variant    original #Pulay original
SCF.Mixer.History    8
SCF.Mixer.Weight     0.07
SCF.H.Converge       False
SCF.DM.Converge      True
SCF.DM.Tolerance     5.d-4
SCF.H.Tolerance      5.d-3 eV
MeshCutoff 300.0 Ry
MD.UseSaveCG         False
DM.UseSaveDM         False
NumberOfEigenStates -20
ElectronicTemperature 300 K
WriteCoorXmol        True
XC.Functional     GGA
XC.authors        PBEsol
Spin polarized
DM.InitSpin.AF true
SolutionMethod       diagon
#Diag.Algorithm        MRRR
###################################
###################################
# Full template for Basis param.
###################################
###################################
Basis.Pressure 0.3 GPa
PAO.SoftDefault T
PAO.SoftPotential 50.0 Ry
PAO.SoftInnerRadius 0.70
PAO.BasisType split
PAO.EnergyShift 0.0019 eV
PAO.BasisSize TZP
PAO.SplitTailNorm T
            %block kgrid_Monkhorst_Pack
            6  0  0  0.
            0  2  0  0.
            0  0  4  0.
            %endblock kgrid_Monkhorst_Pack
            MD.TypeOfRun CG
            MD.Steps         500
            MD.VariableCell true
            MD.MaxForceTol 0.05 eV/Ang
            WriteMDHistory true
            WriteForces true
            Write.OrbitalIndex true
            Charge.Mulliken end
            COOP.Write true
            %block ProjectedDensityOfStates
            -20.00 20.00 0.1 1000 eV
            %endblock ProjectedDensityOfStates
************************** End of input data file *****************************

reinit: -----------------------------------------------------------------------
reinit: System Name: hea
reinit: -----------------------------------------------------------------------
reinit: System Label: hea
reinit: -----------------------------------------------------------------------

NOTE on units for spin output: 
{S} is the spin magnetic moment, in units of the Bohr magneton,
assuming a g-factor for the electron spin of exactly 2.
The spin magnetic moment is then numerically equal to the charge inbalance,
in units of electrons, between the spin-up and -down channels.


initatom: Reading input for the pseudopotentials and atomic orbitals ----------
Species number:   1 Atomic number:   31 Label: Ga
Species number:   2 Atomic number:   28 Label: Ni
Species number:   3 Atomic number:   25 Label: Mn

Ground state valence configuration (from tables):   4s02  4p01  4d00  4f00
Ground state valence configuration (from tables):   4s02  4p00  3d08  4f00
Ground state valence configuration (from tables):   4s02  4p00  3d05  4f00

---- Processing specs for species: Ga
Reading pseudopotential information in PSML from:
  Ga.psml
PSML file version: 1.1
Using libxc ids:  101 130
GGA--PBE XC_GGA_X_PBE--XC_GGA_C_PBE pb
PSML uuid: 206972b0-be42-11e7-579b-1282fffb1a56
Semicore shell(s) with 10 electrons included in the valence for Ga

---- Processing specs for species: Ni
Reading pseudopotential information in PSML from:
  Ni.psml
PSML file version: 1.1
Using libxc ids:  101 130
GGA--PBE XC_GGA_X_PBE--XC_GGA_C_PBE pb
PSML uuid: 020bdba0-be42-11e7-6ded-a592ddfb3399
Semicore shell(s) with  8 electrons included in the valence for Ni

---- Processing specs for species: Mn
Reading pseudopotential information in PSML from:
  Mn.psml
PSML file version: 1.1
Using libxc ids:  101 130
GGA--PBE XC_GGA_X_PBE--XC_GGA_C_PBE pb
PSML uuid: e5ebd880-be41-11e7-659b-074ddfc7bd15
Semicore shell(s) with  8 electrons included in the valence for Mn

---- Pseudopotential check for Ga

Pseudized shells:
4s( 2.00) rc: 1.67
4p( 1.00) rc: 1.75
3d(10.00) rc: 1.90
Valence configuration for ps generation: 3d:4s:4p: Total charge:  13.000000
Semicore shell(s): 3d
Fallback to non-perturbative polarization scheme for Ga
Please see the manual if this is not desired in principle

---- Pseudopotential check for Ni

Pseudized shells:
3s( 2.00) rc: 1.26
3p( 6.00) rc: 1.35
3d( 8.00) rc: 1.66
Valence configuration for ps generation: 3s:3p:3d:4s: Total charge:  18.000000
Semicore shell(s): 3s 3p
Fallback to non-perturbative polarization scheme for Ni
Please see the manual if this is not desired in principle

---- Pseudopotential check for Mn

Pseudized shells:
3s( 2.00) rc: 1.41
3p( 6.00) rc: 1.21
3d( 5.00) rc: 1.61
Valence configuration for ps generation: 3s:3p:3d:4s: Total charge:  15.000000
Semicore shell(s): 3s 3p
Fallback to non-perturbative polarization scheme for Mn
Please see the manual if this is not desired in principle
For Ga, standard SIESTA heuristics set lmxkb to 3
 (one more than the basis l, including polarization orbitals).
Use PS.lmax or PS.KBprojectors blocks to override.
For Ni, standard SIESTA heuristics set lmxkb to 3
 (one more than the basis l, including polarization orbitals).
Use PS.lmax or PS.KBprojectors blocks to override.
For Mn, standard SIESTA heuristics set lmxkb to 3
 (one more than the basis l, including polarization orbitals).
Use PS.lmax or PS.KBprojectors blocks to override.
Ga pseudopotential only contains V_ls up to l=2 -- lmxkb reset.
Ni pseudopotential only contains V_ls up to l=2 -- lmxkb reset.
Mn pseudopotential only contains V_ls up to l=2 -- lmxkb reset.

<basis_specs>
===============================================================================
Ga                   Z=  31    Mass=  69.723        Charge= 0.17977+309
Lmxo=2 Lmxkb= 2    BasisType=split      Semic=T
L=0  Nsemic=0  Cnfigmx=4
          i=1  nzeta=3  polorb=0  (4s)
            splnorm:   0.15000    
               vcte:    50.000    
               rinn:  -0.70000    
               qcoe:    0.0000    
               qyuk:    0.0000    
               qwid:   0.10000E-01
                rcs:    0.0000      0.0000      0.0000    
            lambdas:    1.0000      1.0000      1.0000    
L=1  Nsemic=0  Cnfigmx=4
          i=1  nzeta=3  polorb=0  (4p)  (to be polarized non-perturbatively)
            splnorm:   0.15000    
               vcte:    50.000    
               rinn:  -0.70000    
               qcoe:    0.0000    
               qyuk:    0.0000    
               qwid:   0.10000E-01
                rcs:    0.0000      0.0000      0.0000    
            lambdas:    1.0000      1.0000      1.0000    
L=2  Nsemic=1  Cnfigmx=4
          i=1  nzeta=1  polorb=0  (3d)  (semicore shell)
            splnorm:   0.15000    
               vcte:    50.000    
               rinn:  -0.70000    
               qcoe:    0.0000    
               qyuk:    0.0000    
               qwid:   0.10000E-01
                rcs:    0.0000    
            lambdas:    1.0000    
          i=2  nzeta=1  polorb=0  (4d)  (non-perturbative polarization shell)
            splnorm:   0.15000    
               vcte:    50.000    
               rinn:  -0.70000    
               qcoe:   0.43507-315
               qyuk:    0.0000    
               qwid:   0.69527-309
                rcs:    0.0000    
            lambdas:    1.0000    
-------------------------------------------------------------------------------
L=0  Nkbl=1  erefs: 0.17977+309
L=1  Nkbl=1  erefs: 0.17977+309
L=2  Nkbl=2  erefs: 0.17977+309 0.17977+309
===============================================================================
</basis_specs>

Using PAO.SplitTailNorm
atom: Called for Ga                    (Z =  31)
Maximum radius (at nrval) set to   50.00000 8518

read_vps: Pseudopotential generation method:
read_vps: ONCVPSP-3.Hamann's oncvpsp                        
Valence charge in pseudo generation:   13.00000

read_vps: Pseudopotential includes a core correction:
read_vps: Pseudo-core for xc-correction

xc_check: Exchange-correlation functional:
xc_check: GGA PBEsol
xc_check: WARNING: Pseudopotential generated with GGA PBE functional
Got Vlocal (oncv-fit) from psml data
Choosing vlocal chloc cutoff:  4.295227
qtot up to nchloc:   13.00023270
atom: Maximum radius for chlocal:    4.29523
atom: Maximum radius for r*vlocal+2*Zval:    4.29523
Reading KB projs from Ga psml data
Using scalar-relativistic projectors in PSML file

PSML: Kleinman-Bylander projectors: 
   l= 0   rc=  1.688643   Ekb= 14.059564
   l= 0   rc=  1.688643   Ekb=  2.289351
   l= 1   rc=  1.772167   Ekb= 13.610457
   l= 1   rc=  1.772167   Ekb=  2.576326
   l= 2   rc=  1.926399   Ekb=-16.756509
   l= 2   rc=  1.926399   Ekb= -5.641527

PSML: Total number of  Kleinman-Bylander projectors:  18
atom: -------------------------------------------------------------------------

atom: SANKEY-TYPE ORBITALS:
atom: Selected multiple-zeta basis: split     

SPLIT: Orbitals with angular momentum L= 0

SPLIT: Basis orbitals for state 4s

SPLIT: PAO cut-off radius determined from an
SPLIT: energy shift=  0.000140 Ry
Split based on tail norm

   izeta = 1
                 lambda =    1.000000
                     rc =    8.573397
                 energy =   -0.660225
                kinetic =    0.501561
    potential(screened) =   -1.161786
       potential(ionic) =  -12.246649

   izeta = 2
                 rmatch =    4.547753
              splitnorm =    0.150000
                 energy =   -0.462291
                kinetic =    0.981430
    potential(screened) =   -1.443721
       potential(ionic) =  -13.770808

   izeta = 3
                 rmatch =    5.338573
              splitnorm =    0.075000
                 energy =   -0.599358
                kinetic =    0.744548
    potential(screened) =   -1.343906
       potential(ionic) =  -13.255962

SPLIT: Orbitals with angular momentum L= 1

SPLIT: Basis orbitals for state 4p

SPLIT: PAO cut-off radius determined from an
SPLIT: energy shift=  0.000140 Ry
Split based on tail norm

   izeta = 1
                 lambda =    1.000000
                     rc =   12.949509
                 energy =   -0.190428
                kinetic =    0.541974
    potential(screened) =   -0.732402
       potential(ionic) =   -9.174065

   izeta = 2
                 rmatch =    6.968471
              splitnorm =    0.150000
                 energy =   -0.153132
                kinetic =    0.764207
    potential(screened) =   -0.917338
       potential(ionic) =  -10.565779

   izeta = 3
                 rmatch =    8.212134
              splitnorm =    0.075000
                 energy =   -0.175794
                kinetic =    0.665884
    potential(screened) =   -0.841678
       potential(ionic) =  -10.014829

SPLIT: Orbitals with angular momentum L= 2

SPLIT: Basis orbitals for state 3d

SPLIT: PAO cut-off radius determined from an
SPLIT: energy shift=  0.000140 Ry
Split based on tail norm

   izeta = 1
                 lambda =    1.000000
                     rc =    4.873342
                 energy =   -1.390864
                kinetic =   12.335179
    potential(screened) =  -13.726043
       potential(ionic) =  -32.471836

SPLIT: Basis orbitals for state 4d
SPLIT: Non-perturbative polarization orbs for state 4p
SPLIT: rc(1st zeta) (re)set to: 12.9495 (expansion factor: 1.0000)
Split based on tail norm

   izeta = 1
                 lambda =    1.000000
                     rc =   12.949509
                 energy =    0.135451
                kinetic =    0.341434
    potential(screened) =   -0.205982
       potential(ionic) =   -4.584821
atom: Total number of Sankey-type orbitals: 22

atm_pop: Valence configuration (for local Pseudopot. screening):
 4s( 2.00)                                                            
 4p( 1.00)                                                            
 3d(10.00) 4d( 0.00)                                                  
Vna: chval, zval:   13.00000  13.00000

Vna:  Cut-off radius for the neutral-atom potential:  12.949509
comcore: Pseudo-core radius Rcore=  2.359857

atom: _________________________________________________________________________

<basis_specs>
===============================================================================
Ni                   Z=  28    Mass=  58.693        Charge= 0.17977+309
Lmxo=2 Lmxkb= 2    BasisType=split      Semic=T
L=0  Nsemic=1  Cnfigmx=4
          i=1  nzeta=1  polorb=0  (3s)  (semicore shell)
            splnorm:   0.15000    
               vcte:    50.000    
               rinn:  -0.70000    
               qcoe:    0.0000    
               qyuk:    0.0000    
               qwid:   0.10000E-01
                rcs:    0.0000    
            lambdas:    1.0000    
          i=2  nzeta=3  polorb=0  (4s)  (to be polarized non-perturbatively)
            splnorm:   0.15000    
               vcte:    50.000    
               rinn:  -0.70000    
               qcoe:    0.0000    
               qyuk:    0.0000    
               qwid:   0.10000E-01
                rcs:    0.0000      0.0000      0.0000    
            lambdas:    1.0000      1.0000      1.0000    
L=1  Nsemic=1  Cnfigmx=4
          i=1  nzeta=1  polorb=0  (3p)  (semicore shell)
            splnorm:   0.15000    
               vcte:    50.000    
               rinn:  -0.70000    
               qcoe:    0.0000    
               qyuk:    0.0000    
               qwid:   0.10000E-01
                rcs:    0.0000    
            lambdas:    1.0000    
          i=2  nzeta=1  polorb=0  (4p)  (non-perturbative polarization shell)
            splnorm:   0.15000    
               vcte:    50.000    
               rinn:  -0.70000    
               qcoe:   0.43507-315
               qyuk:    0.0000    
               qwid:   0.69527-309
                rcs:    0.0000    
            lambdas:    1.0000    
L=2  Nsemic=0  Cnfigmx=3
          i=1  nzeta=3  polorb=0  (3d)
            splnorm:   0.15000    
               vcte:    50.000    
               rinn:  -0.70000    
               qcoe:    0.0000    
               qyuk:    0.0000    
               qwid:   0.10000E-01
                rcs:    0.0000      0.0000      0.0000    
            lambdas:    1.0000      1.0000      1.0000    
-------------------------------------------------------------------------------
L=0  Nkbl=2  erefs: 0.17977+309 0.17977+309
L=1  Nkbl=2  erefs: 0.17977+309 0.17977+309
L=2  Nkbl=1  erefs: 0.17977+309
===============================================================================
</basis_specs>

Using PAO.SplitTailNorm
atom: Called for Ni                    (Z =  28)
Maximum radius (at nrval) set to   50.00000 8518

read_vps: Pseudopotential generation method:
read_vps: ONCVPSP-3.Hamann's oncvpsp                        
Valence charge in pseudo generation:   18.00000

read_vps: Pseudopotential includes a core correction:
read_vps: Pseudo-core for xc-correction

xc_check: Exchange-correlation functional:
xc_check: GGA PBEsol
xc_check: WARNING: Pseudopotential generated with GGA PBE functional
Got Vlocal (oncv-fit) from psml data
Choosing vlocal chloc cutoff:  3.188973
qtot up to nchloc:   17.99992641
atom: Maximum radius for chlocal:    3.18897
atom: Maximum radius for r*vlocal+2*Zval:    3.18897
Reading KB projs from Ni psml data
Using scalar-relativistic projectors in PSML file

PSML: Kleinman-Bylander projectors: 
   l= 0   rc=  1.276377   Ekb= 12.509070
   l= 0   rc=  1.276377   Ekb= -0.503495
   l= 1   rc=  1.371030   Ekb= -5.680418
   l= 1   rc=  1.371030   Ekb= -0.775211
   l= 2   rc=  1.680171   Ekb=-14.446879
   l= 2   rc=  1.680171   Ekb= -5.088878

PSML: Total number of  Kleinman-Bylander projectors:  18
atom: -------------------------------------------------------------------------

atom: SANKEY-TYPE ORBITALS:
atom: Selected multiple-zeta basis: split     

SPLIT: Orbitals with angular momentum L= 0

SPLIT: Basis orbitals for state 3s

SPLIT: PAO cut-off radius determined from an
SPLIT: energy shift=  0.000140 Ry
Split based on tail norm

   izeta = 1
                 lambda =    1.000000
                     rc =    2.999668
                 energy =   -8.139209
                kinetic =    3.776111
    potential(screened) =  -11.915319
       potential(ionic) =  -45.801861

SPLIT: Basis orbitals for state 4s

SPLIT: PAO cut-off radius determined from an
SPLIT: energy shift=  0.000140 Ry
Split based on tail norm

   izeta = 1
                 lambda =    1.000000
                     rc =    9.316220
                 energy =   -0.512978
                kinetic =    1.389681
    potential(screened) =   -1.902658
       potential(ionic) =  -17.770111

   izeta = 2
                 rmatch =    4.957068
              splitnorm =    0.150000
                 energy =   -0.410487
                kinetic =    2.329090
    potential(screened) =   -2.739576
       potential(ionic) =  -21.501560

   izeta = 3
                 rmatch =    5.824741
              splitnorm =    0.075000
                 energy =   -0.473172
                kinetic =    1.899833
    potential(screened) =   -2.373005
       potential(ionic) =  -19.995099

SPLIT: Orbitals with angular momentum L= 1

SPLIT: Basis orbitals for state 3p

SPLIT: PAO cut-off radius determined from an
SPLIT: energy shift=  0.000140 Ry
Split based on tail norm

   izeta = 1
                 lambda =    1.000000
                     rc =    3.414070
                 energy =   -5.225411
                kinetic =    9.244220
    potential(screened) =  -14.469631
       potential(ionic) =  -47.296381

SPLIT: Basis orbitals for state 4p
SPLIT: Non-perturbative polarization orbs for state 4s
SPLIT: rc(1st zeta) (re)set to: 9.3162 (expansion factor: 1.0000)
Split based on tail norm

   izeta = 1
                 lambda =    1.000000
                     rc =    9.316220
                 energy =   -0.065208
                kinetic =    0.825147
    potential(screened) =   -0.890355
       potential(ionic) =  -12.014212

SPLIT: Orbitals with angular momentum L= 2

SPLIT: Basis orbitals for state 3d

SPLIT: PAO cut-off radius determined from an
SPLIT: energy shift=  0.000140 Ry
Split based on tail norm

   izeta = 1
                 lambda =    1.000000
                     rc =    6.323353
                 energy =   -0.639566
                kinetic =   11.441999
    potential(screened) =  -12.081565
       potential(ionic) =  -40.678115

   izeta = 2
                 rmatch =    2.624859
              splitnorm =    0.150000
                 energy =   -0.513226
                kinetic =   13.528651
    potential(screened) =  -14.041878
       potential(ionic) =  -44.582092

   izeta = 3
                 rmatch =    3.356353
              splitnorm =    0.075000
                 energy =   -0.605538
                kinetic =   12.372939
    potential(screened) =  -12.978477
       potential(ionic) =  -42.595740
atom: Total number of Sankey-type orbitals: 25

atm_pop: Valence configuration (for local Pseudopot. screening):
 3s( 2.00) 4s( 2.00)                                                  
 3p( 6.00) 4p( 0.00)                                                  
 3d( 8.00)                                                            
Vna: chval, zval:   18.00000  18.00000

Vna:  Cut-off radius for the neutral-atom potential:   9.316220
comcore: Pseudo-core radius Rcore=  1.817282

atom: _________________________________________________________________________

<basis_specs>
===============================================================================
Mn                   Z=  25    Mass=  54.938        Charge= 0.17977+309
Lmxo=2 Lmxkb= 2    BasisType=split      Semic=T
L=0  Nsemic=1  Cnfigmx=4
          i=1  nzeta=1  polorb=0  (3s)  (semicore shell)
            splnorm:   0.15000    
               vcte:    50.000    
               rinn:  -0.70000    
               qcoe:    0.0000    
               qyuk:    0.0000    
               qwid:   0.10000E-01
                rcs:    0.0000    
            lambdas:    1.0000    
          i=2  nzeta=3  polorb=0  (4s)  (to be polarized non-perturbatively)
            splnorm:   0.15000    
               vcte:    50.000    
               rinn:  -0.70000    
               qcoe:    0.0000    
               qyuk:    0.0000    
               qwid:   0.10000E-01
                rcs:    0.0000      0.0000      0.0000    
            lambdas:    1.0000      1.0000      1.0000    
L=1  Nsemic=1  Cnfigmx=4
          i=1  nzeta=1  polorb=0  (3p)  (semicore shell)
            splnorm:   0.15000    
               vcte:    50.000    
               rinn:  -0.70000    
               qcoe:    0.0000    
               qyuk:    0.0000    
               qwid:   0.10000E-01
                rcs:    0.0000    
            lambdas:    1.0000    
          i=2  nzeta=1  polorb=0  (4p)  (non-perturbative polarization shell)
            splnorm:   0.15000    
               vcte:    50.000    
               rinn:  -0.70000    
               qcoe:   0.43507-315
               qyuk:    0.0000    
               qwid:   0.69527-309
                rcs:    0.0000    
            lambdas:    1.0000    
L=2  Nsemic=0  Cnfigmx=3
          i=1  nzeta=3  polorb=0  (3d)
            splnorm:   0.15000    
               vcte:    50.000    
               rinn:  -0.70000    
               qcoe:    0.0000    
               qyuk:    0.0000    
               qwid:   0.10000E-01
                rcs:    0.0000      0.0000      0.0000    
            lambdas:    1.0000      1.0000      1.0000    
-------------------------------------------------------------------------------
L=0  Nkbl=2  erefs: 0.17977+309 0.17977+309
L=1  Nkbl=2  erefs: 0.17977+309 0.17977+309
L=2  Nkbl=1  erefs: 0.17977+309
===============================================================================
</basis_specs>

Using PAO.SplitTailNorm
atom: Called for Mn                    (Z =  25)
Maximum radius (at nrval) set to   50.00000 8518

read_vps: Pseudopotential generation method:
read_vps: ONCVPSP-3.Hamann's oncvpsp                        
Valence charge in pseudo generation:   15.00000

read_vps: Pseudopotential includes a core correction:
read_vps: Pseudo-core for xc-correction

xc_check: Exchange-correlation functional:
xc_check: GGA PBEsol
xc_check: WARNING: Pseudopotential generated with GGA PBE functional
Got Vlocal (oncv-fit) from psml data
Choosing vlocal chloc cutoff:  3.504263
qtot up to nchloc:   15.00032895
atom: Maximum radius for chlocal:    3.50426
atom: Maximum radius for r*vlocal+2*Zval:    3.50426
Reading KB projs from Mn psml data
Using scalar-relativistic projectors in PSML file

PSML: Kleinman-Bylander projectors: 
   l= 0   rc=  1.427391   Ekb= 18.471374
   l= 0   rc=  1.430269   Ekb=  3.121111
   l= 1   rc=  1.224702   Ekb=  3.156115
   l= 1   rc=  1.224702   Ekb= -1.424352
   l= 2   rc=  1.630219   Ekb=-13.224142
   l= 2   rc=  1.630219   Ekb= -4.330632

PSML: Total number of  Kleinman-Bylander projectors:  18
atom: -------------------------------------------------------------------------

atom: SANKEY-TYPE ORBITALS:
atom: Selected multiple-zeta basis: split     

SPLIT: Orbitals with angular momentum L= 0

SPLIT: Basis orbitals for state 3s

SPLIT: PAO cut-off radius determined from an
SPLIT: energy shift=  0.000140 Ry
Split based on tail norm

   izeta = 1
                 lambda =    1.000000
                     rc =    3.380000
                 energy =   -6.293298
                kinetic =    2.848567
    potential(screened) =   -9.141865
       potential(ionic) =  -33.519753

SPLIT: Basis orbitals for state 4s

SPLIT: PAO cut-off radius determined from an
SPLIT: energy shift=  0.000140 Ry
Split based on tail norm

   izeta = 1
                 lambda =    1.000000
                     rc =   10.002455
                 energy =   -0.450676
                kinetic =    1.112603
    potential(screened) =   -1.563278
       potential(ionic) =  -13.199632

   izeta = 2
                 rmatch =    5.430276
              splitnorm =    0.150000
                 energy =   -0.360834
                kinetic =    1.875764
    potential(screened) =   -2.236598
       potential(ionic) =  -15.982656

   izeta = 3
                 rmatch =    6.342382
              splitnorm =    0.075000
                 energy =   -0.415048
                kinetic =    1.529261
    potential(screened) =   -1.944310
       potential(ionic) =  -14.865309

SPLIT: Orbitals with angular momentum L= 1

SPLIT: Basis orbitals for state 3p

SPLIT: PAO cut-off radius determined from an
SPLIT: energy shift=  0.000140 Ry
Split based on tail norm

   izeta = 1
                 lambda =    1.000000
                     rc =    3.873861
                 energy =   -3.996757
                kinetic =    6.976018
    potential(screened) =  -10.972775
       potential(ionic) =  -34.563053

SPLIT: Basis orbitals for state 4p
SPLIT: Non-perturbative polarization orbs for state 4s
SPLIT: rc(1st zeta) (re)set to: 10.0025 (expansion factor: 1.0000)
Split based on tail norm

   izeta = 1
                 lambda =    1.000000
                     rc =   10.002455
                 energy =   -0.085879
                kinetic =    0.770317
    potential(screened) =   -0.856196
       potential(ionic) =   -9.409918

SPLIT: Orbitals with angular momentum L= 2

SPLIT: Basis orbitals for state 3d

SPLIT: PAO cut-off radius determined from an
SPLIT: energy shift=  0.000140 Ry
Split based on tail norm

   izeta = 1
                 lambda =    1.000000
                     rc =    7.238756
                 energy =   -0.490123
                kinetic =    9.261574
    potential(screened) =   -9.751697
       potential(ionic) =  -30.334327

   izeta = 2
                 rmatch =    3.144499
              splitnorm =    0.150000
                 energy =   -0.401801
                kinetic =   11.021778
    potential(screened) =  -11.423579
       potential(ionic) =  -33.555539

   izeta = 3
                 rmatch =    3.972182
              splitnorm =    0.075000
                 energy =   -0.464167
                kinetic =   10.072383
    potential(screened) =  -10.536551
       potential(ionic) =  -31.940836
atom: Total number of Sankey-type orbitals: 25

atm_pop: Valence configuration (for local Pseudopot. screening):
 3s( 2.00) 4s( 2.00)                                                  
 3p( 6.00) 4p( 0.00)                                                  
 3d( 5.00)                                                            
Vna: chval, zval:   15.00000  15.00000

Vna:  Cut-off radius for the neutral-atom potential:  10.002455
comcore: Pseudo-core radius Rcore=  2.115123

atom: _________________________________________________________________________

prinput: Basis input 

PAO.BasisType split     

%block ChemicalSpeciesLabel
    1   31 Ga                      # Species index, atomic number, species label
    2   28 Ni                      # Species index, atomic number, species label
    3   25 Mn                      # Species index, atomic number, species label
%endblock ChemicalSpeciesLabel

%block PAO.Basis                 # Define Basis set
# WARNING: This information might be incomplete!
Ga                    4                    # Species label, number of l-shells
 n=4   0   3                         # n, l, Nzeta 
   8.573      4.548      5.339   
   1.000      1.000      1.000   
 n=4   1   3                         # n, l, Nzeta 
  12.950      6.968      8.212   
   1.000      1.000      1.000   
 n=3   2   1                         # n, l, Nzeta 
   4.873   
   1.000   
 n=4   2   1                         # n, l, Nzeta 
  12.950   
   1.000   
Ni                    5                    # Species label, number of l-shells
 n=3   0   1                         # n, l, Nzeta 
   3.000   
   1.000   
 n=4   0   3                         # n, l, Nzeta 
   9.316      4.957      5.825   
   1.000      1.000      1.000   
 n=3   1   1                         # n, l, Nzeta 
   3.414   
   1.000   
 n=4   1   1                         # n, l, Nzeta 
   9.316   
   1.000   
 n=3   2   3                         # n, l, Nzeta 
   6.323      2.625      3.356   
   1.000      1.000      1.000   
Mn                    5                    # Species label, number of l-shells
 n=3   0   1                         # n, l, Nzeta 
   3.380   
   1.000   
 n=4   0   3                         # n, l, Nzeta 
  10.002      5.430      6.342   
   1.000      1.000      1.000   
 n=3   1   1                         # n, l, Nzeta 
   3.874   
   1.000   
 n=4   1   1                         # n, l, Nzeta 
  10.002   
   1.000   
 n=3   2   3                         # n, l, Nzeta 
   7.239      3.144      3.972   
   1.000      1.000      1.000   
%endblock PAO.Basis

prinput: ----------------------------------------------------------------------

coor:   Atomic-coordinates input format  =     Fractional

siesta: Atomic coordinates (Bohr) and species
siesta:      2.35178  11.75890   3.32592  1        1
siesta:      0.00000   0.00000   0.00000  2        2
siesta:      2.35178   7.05534   3.32592  2        3
siesta:      2.35178  16.46245   3.32592  2        4
siesta:      0.00000   4.70356   0.00000  3        5
siesta:      0.00000   9.40712   0.00000  3        6
siesta:      0.00000  14.11067   0.00000  3        7
siesta:      2.35178   2.35178   3.32592  3        8

siesta: System type = bulk      

initatomlists: Number of atoms, orbitals, and projectors:      8   197   144

coxmol: Writing XMOL coordinates into file hea.xyz                                                                                                                                                                                                                             

siesta: ******************** Simulation parameters ****************************
siesta:
siesta: The following are some of the parameters of the simulation.
siesta: A complete list of the parameters used, including default values,
siesta: can be found in file out.fdf
siesta:
redata: Spin configuration                          = collinear
redata: Number of spin components                   = 2
redata: Time-Reversal Symmetry                      = T
redata: Spin spiral                                 = F
redata: Long output                                 =   F
redata: Number of Atomic Species                    =        3
redata: Charge density info will appear in .RHO file
redata: Write Mulliken charges (when)               = end
redata: Write Mulliken Pop.                         = Atomic and Orbital charges
redata: Write Hirshfeld charges (when)              = none
redata: Write Voronoi charges (when)                = none
redata: Write spin charge (when)                    = scf
redata: Matel table size (NRTAB)                    =     1024
redata: Mesh Cutoff                                 =   300.0000 Ry
redata: Net charge of the system                    =     0.0000 |e|
redata: Min. number of SCF Iter                     =        0
redata: Max. number of SCF Iter                     =    20000
redata: SCF convergence failure will abort job
redata: SCF mix quantity                            = Hamiltonian
redata: Mix DM or H after convergence               =   F
redata: Recompute H after scf cycle                 =   F
redata: Mix DM in first SCF step                    =   T
redata: Write Pulay info on disk                    =   F
redata: New DM Occupancy tolerance                  = 0.000000000001
redata: No kicks to SCF
redata: DM Mixing Weight for Kicks                  =     0.5000
redata: Require Harris convergence for SCF          =   F
redata: Harris energy tolerance for SCF             =     0.000100 eV
redata: Require DM convergence for SCF              =   T
redata: DM tolerance for SCF                        =     0.000500
redata: Require EDM convergence for SCF             =   F
redata: EDM tolerance for SCF                       =     0.001000 eV
redata: Require H convergence for SCF               =   F
redata: Hamiltonian tolerance for SCF               =     0.005000 eV
redata: Require (free) Energy convergence for SCF   =   F
redata: (free) Energy tolerance for SCF             =     0.000100 eV
redata: Antiferro initial spin density              =   T
redata: Using DFT-D3 dispersion                     =   F
redata: Using Saved Data (generic)                  =   F
redata: Use continuation files for DM               =   F
redata: Neglect nonoverlap interactions             =   F
redata: Method of Calculation                       = Diagonalization
redata: Electronic Temperature                      =   300.0000 K
redata: Fix the spin of the system                  =   F
redata: Max. number of TDED Iter                    =        1
redata: Number of TDED substeps                     =        3
redata: Dynamics option                             = CG coord. optimization
redata: Variable cell                               =   T
redata: Use continuation files for CG               =   F
redata: Max atomic displ per move                   =     0.1058 Ang
redata: Maximum number of optimization moves        =      500
redata: Force tolerance                             =     0.0500 eV/Ang
redata: Stress tolerance                            =     1.0000 GPa
mix.SCF: Broyden mixing                          = Broyden
mix.SCF:    History steps                        = 8
mix.SCF:    Linear mixing weight                 =     0.070000
mix.SCF:    Inverse Jacobian weight              =     0.070000
mix.SCF:    Weight prime                         =     0.070000
mix.SCF:    SVD condition                        = 0.1000E-07
mix.SCF: Spin-component mixing                   all
redata: ***********************************************************************

%block SCF.Mixers
  Broyden
%endblock SCF.Mixers

%block SCF.Mixer.Broyden
  # Mixing method
  method broyden

  # Mixing options
  weight 0.0700
  weight.linear 0.0700
  weight.prime 0.0700
  history 8
%endblock SCF.Mixer.Broyden

DM_history_depth set to one: no extrapolation allowed by default for geometry relaxation
Size of DM history Fstack: 1
Total number of electrons:   127.000000
Total ionic charge:   127.000000

* ProcessorY, Blocksize:    9   5


* Orbital distribution balance (max,min):    10     5

k-point displ. along   1 input, could be:     0.00    0.50
k-point displ. along   2 input, could be:     0.00    0.50
k-point displ. along   3 input, could be:     0.00    0.50
 Kpoints in:           32 . Kpoints trimmed:           31

siesta: k-grid: Number of k-points = 31
siesta: k-points from Monkhorst-Pack grid
siesta: k-cutoff (effective) =     7.040 Ang
siesta: k-point supercell and displacements
siesta: k-grid:     6     0     0      0.000
siesta: k-grid:     0     2     0      0.000
siesta: k-grid:     0     0     4      0.000
k-point displ. along   1 input, could be:     0.00    0.50
k-point displ. along   2 input, could be:     0.00    0.50
k-point displ. along   3 input, could be:     0.00    0.50
 Kpoints in:           32 . Kpoints trimmed:           31

siesta: PDOS k-grid: Number of k-points = 31
siesta: PDOS k-points from Monkhorst-Pack grid
siesta: PDOS k-cutoff (effective) =     0.000 Ang
siesta: PDOS k-point supercell and displacements
siesta: k-grid:     6     0     0      0.000
siesta: k-grid:     0     2     0      0.000
siesta: k-grid:     0     0     4      0.000

diag: Algorithm                                     = D&C
diag: Parallel over k                               =   F
diag: Use parallel 2D distribution                  =   T
diag: Parallel block-size                           = 5
diag: Parallel distribution                         =     6 x     6
diag: Used triangular part                          = Lower
diag: Absolute tolerance                            =  0.100E-15
diag: Orthogonalization factor                      =  0.100E-05
diag: Memory factor                                 =  1.0000
diag: The diagonalization method chosen cannot compute a reduced number of eigenvectors.
diag: Resetting neigwanted 86 to 197

superc: Internal auxiliary supercell:    13 x     3 x     9  =     351
superc: Number of atoms, orbitals, and projectors:   2808  69147  50544


ts: **************************************************************
ts: Save H and S matrices                           =    F
ts: Save DM and EDM matrices                        =    F
ts: Only save the overlap matrix S                  =    F
ts: **************************************************************

************************ Begin: TS CHECKS AND WARNINGS ************************
************************ End: TS CHECKS AND WARNINGS **************************


                     ====================================
                        Begin CG opt. move =      0
                     ====================================

superc: Internal auxiliary supercell:    13 x     3 x     9  =     351
superc: Number of atoms, orbitals, and projectors:   2808  69147  50544

outcell: Unit cell vectors (Ang):
        2.489016    0.000000    0.000000
        0.000000    9.956064    0.000000
        0.000000    0.000000    3.520000

outcell: Cell vector modules (Ang)   :    2.489016    9.956064    3.520000
outcell: Cell angles (23,13,12) (deg):     90.0000     90.0000     90.0000
outcell: Cell volume (Ang**3)        :     87.2284
<dSpData1D:S at geom step 0
  <sparsity:sparsity for geom step 0
    nrows_g=197 nrows=10 sparsity=1.7526 nnzs=68017, refcount: 7>
  <dData1D:(new from dSpData1D) n=68017, refcount: 1>
refcount: 1>
new_DM -- step:     1
Initializing Density Matrix...
DM filled with atomic data:
<dSpData2D:DM initialized from atoms
  <sparsity:sparsity for geom step 0
    nrows_g=197 nrows=10 sparsity=1.7526 nnzs=68017, refcount: 8>
  <dData2D:DM n=68017 m=2, refcount: 1>
refcount: 1>
No. of atoms with KB's overlaping orbs in proc 0. Max # of overlaps:     208     916

InitMesh: MESH = 30 x 108 x 40 = 129600
InitMesh: Mesh cutoff (required, used) =   300.000   325.218 Ry
New grid distribution [1]: sub = 2
New grid distribution [2]: sub = 2
New grid distribution [3]: sub = 2
Setting up quadratic distribution...

stepf: Fermi-Dirac step function

siesta: Program's energy decomposition (eV):
siesta: Ebs     =     -5000.278088
siesta: Eions   =     35662.551974
siesta: Ena     =      2839.139920
siesta: Ekin    =     13122.228514
siesta: Enl     =     -3859.925394
siesta: Eso     =         0.000000
siesta: Edftu   =         0.000000
siesta: DEna    =       211.545410
siesta: DUscf   =        12.981461
siesta: DUext   =         0.000000
siesta: Ex      =     -3996.736630
siesta: Ec      =      -246.045824
siesta: Exc     =     -4242.782454
siesta: EbV     =         0.000000
siesta: eta*DQ  =         0.000000
siesta: Emadel  =         0.000000
siesta: Emeta   =         0.000000
siesta: Emolmec =         0.000000
siesta: Ekinion =         0.000000
siesta: Eharris =    -27474.092017
siesta: Etot    =    -27579.364518
siesta: FreeEng =    -27579.380402

        iscf     Eharris(eV)        E_KS(eV)     FreeEng(eV)     dDmax    Ef(eV) dHmax(eV)
   scf:    1   -27474.092017   -27579.364518   -27579.380402 11.504484 -5.661640 17.826596
     spin moment: {S} , |S| = {        0.0        0.0   -0.78681 }    -0.78681
timer: Routine,Calls,Time,% = IterSCF        1       3.770   7.84
   scf:    2   -27460.234875   -27554.373687   -27554.385203  1.359072 -5.838249 32.831183
     spin moment: {S} , |S| = {        0.0        0.0    0.84099 }     0.84099
   scf:    3   -27590.032934   -27587.767015   -27587.781054  0.665646 -5.883587  7.667429
     spin moment: {S} , |S| = {        0.0        0.0   -0.05611 }    -0.05611
   scf:    4   -27588.684714   -27588.519955   -27588.533703  0.208609 -5.965950  4.785214
     spin moment: {S} , |S| = {        0.0        0.0   -0.10224 }    -0.10224
   scf:    5   -27589.520144   -27589.344493   -27589.359265  0.752640 -6.196644  4.497842
     spin moment: {S} , |S| = {        0.0        0.0   -0.20408 }    -0.20408
   scf:    6   -27590.439480   -27589.998684   -27590.015382  0.568673 -6.435392  1.750621
     spin moment: {S} , |S| = {        0.0        0.0   -0.08545 }    -0.08545
   scf:    7   -27590.345029   -27590.196783   -27590.214326  0.222680 -6.533707  1.542769
     spin moment: {S} , |S| = {        0.0        0.0    0.01017 }     0.01017
   scf:    8   -27590.773100   -27590.484433   -27590.504464  0.268059 -6.629805  1.326491
     spin moment: {S} , |S| = {        0.0        0.0    0.13601 }     0.13601
   scf:    9   -27590.867958   -27590.701479   -27590.722608  0.172434 -6.696124  0.860965
     spin moment: {S} , |S| = {        0.0        0.0    0.16034 }     0.16034
   scf:   10   -27590.808483   -27590.766567   -27590.786965  0.041470 -6.713095  0.491611
     spin moment: {S} , |S| = {        0.0        0.0    0.18824 }     0.18824
   scf:   11   -27591.475521   -27591.075462   -27591.092490  0.347562 -6.837247  1.688905
     spin moment: {S} , |S| = {        0.0        0.0    0.41908 }     0.41908
   scf:   12   -27591.097184   -27591.086641   -27591.103657  0.004945 -6.837726  1.525030
     spin moment: {S} , |S| = {        0.0        0.0    0.42044 }     0.42044
   scf:   13   -27591.222563   -27591.156636   -27591.172310  0.048158 -6.866819  1.030536
     spin moment: {S} , |S| = {        0.0        0.0    0.48075 }     0.48075
   scf:   14   -27591.214846   -27591.190199   -27591.205648  0.019816 -6.877900  0.453473
     spin moment: {S} , |S| = {        0.0        0.0    0.50312 }     0.50312
   scf:   15   -27591.193972   -27591.192648   -27591.207993  0.014390 -6.878702  0.267290
     spin moment: {S} , |S| = {        0.0        0.0    0.50281 }     0.50281
   scf:   16   -27591.229740   -27591.209565   -27591.225223  0.028495 -6.889861  0.254170
     spin moment: {S} , |S| = {        0.0        0.0    0.53356 }     0.53356
   scf:   17   -27591.227733   -27591.219236   -27591.235262  0.081753 -6.899276  0.470634
     spin moment: {S} , |S| = {        0.0        0.0    0.56450 }     0.56450
   scf:   18   -27591.228981   -27591.225724   -27591.241996  0.014066 -6.900742  0.110016
     spin moment: {S} , |S| = {        0.0        0.0    0.58081 }     0.58081
   scf:   19   -27591.225355   -27591.225697   -27591.241840  0.007799 -6.900956  0.077960
     spin moment: {S} , |S| = {        0.0        0.0    0.57720 }     0.57720
   scf:   20   -27591.228112   -27591.226864   -27591.243042  0.015099 -6.902070  0.082662
     spin moment: {S} , |S| = {        0.0        0.0    0.58179 }     0.58179
   scf:   21   -27591.228424   -27591.227784   -27591.244016  0.007214 -6.902612  0.072276
     spin moment: {S} , |S| = {        0.0        0.0    0.58552 }     0.58552
   scf:   22   -27591.228297   -27591.228059   -27591.244217  0.012234 -6.902848  0.035864
     spin moment: {S} , |S| = {        0.0        0.0    0.58313 }     0.58313
   scf:   23   -27591.229307   -27591.228705   -27591.244961  0.011551 -6.903789  0.101293
     spin moment: {S} , |S| = {        0.0        0.0    0.59141 }     0.59141
   scf:   24   -27591.228766   -27591.228841   -27591.245033  0.006877 -6.903569  0.037237
     spin moment: {S} , |S| = {        0.0        0.0    0.58902 }     0.58902
   scf:   25   -27591.230651   -27591.229622   -27591.245903  0.012962 -6.903647  0.026831
     spin moment: {S} , |S| = {        0.0        0.0    0.59873 }     0.59873
   scf:   26   -27591.229905   -27591.229757   -27591.246055  0.001845 -6.903858  0.024407
     spin moment: {S} , |S| = {        0.0        0.0    0.60100 }     0.60100
   scf:   27   -27591.230000   -27591.229873   -27591.246190  0.002460 -6.904205  0.023748
     spin moment: {S} , |S| = {        0.0        0.0    0.60353 }     0.60353
   scf:   28   -27591.230438   -27591.230113   -27591.246477  0.006078 -6.905253  0.016759
     spin moment: {S} , |S| = {        0.0        0.0    0.60990 }     0.60990
   scf:   29   -27591.230481   -27591.230258   -27591.246658  0.005125 -6.906274  0.012689
     spin moment: {S} , |S| = {        0.0        0.0    0.61572 }     0.61572
   scf:   30   -27591.230445   -27591.230326   -27591.246747  0.003510 -6.906812  0.007469
     spin moment: {S} , |S| = {        0.0        0.0    0.61979 }     0.61979
   scf:   31   -27591.230362   -27591.230338   -27591.246772  0.001671 -6.906967  0.005933
     spin moment: {S} , |S| = {        0.0        0.0    0.62181 }     0.62181
   scf:   32   -27591.230331   -27591.230333   -27591.246788  0.001208 -6.906910  0.003969
     spin moment: {S} , |S| = {        0.0        0.0    0.62278 }     0.62278
   scf:   33   -27591.230311   -27591.230321   -27591.246800  0.002201 -6.906905  0.002799
     spin moment: {S} , |S| = {        0.0        0.0    0.62366 }     0.62366
   scf:   34   -27591.230312   -27591.230317   -27591.246800  0.000608 -6.906870  0.003032
     spin moment: {S} , |S| = {        0.0        0.0    0.62353 }     0.62353
   scf:   35   -27591.230319   -27591.230316   -27591.246806  0.000930 -6.906971  0.002628
     spin moment: {S} , |S| = {        0.0        0.0    0.62471 }     0.62471
   scf:   36   -27591.230312   -27591.230314   -27591.246808  0.000344 -6.906977  0.002121
     spin moment: {S} , |S| = {        0.0        0.0    0.62498 }     0.62498

SCF Convergence by DM criterion
max |DM_out - DM_in|         :     0.0003439925
max |H_out - H_in|      (eV) :     0.0021209664
SCF cycle converged after 36 iterations

Using DM_out to compute the final energy and forces
No. of atoms with KB's overlaping orbs in proc 0. Max # of overlaps:     208     916

siesta: E_KS(eV) =           -27591.2303

siesta: E_KS - E_eggbox =    -27591.2303

siesta: Atomic forces (eV/Ang):
     1    0.000000   -0.114608    0.000000
     2   -0.000000   -0.288079   -0.000000
     3   -0.000000    0.070838   -0.000000
     4   -0.000000    0.224114   -0.000000
     5   -0.000000   -0.073232    0.000000
     6   -0.000000   -0.589336   -0.000000
     7   -0.000000    0.761174   -0.000000
     8   -0.000000    0.011668    0.000000
----------------------------------------
   Tot   -0.000000    0.002540    0.000000
----------------------------------------
   Max    0.761174
   Res    0.212482    sqrt( Sum f_i^2 / 3N )
----------------------------------------
   Max    0.761174    constrained

Stress tensor Voigt[x,y,z,yz,xz,xy] (kbar):     -125.45      -46.05      -93.48       -0.00       -0.00        0.00
(Free)E + p*V (eV/cell)   -27586.4379
Target enthalpy (eV/cell)   -27591.2468

siesta: Stress tensor (static) (eV/Ang**3):
        -0.078302    0.000000   -0.000000
         0.000000   -0.028743   -0.000000
        -0.000000   -0.000000   -0.058346

siesta: Pressure (static):         88.32876521  kBar

siesta: Stress tensor (total) (eV/Ang**3):
        -0.078302    0.000000   -0.000000
         0.000000   -0.028743   -0.000000
        -0.000000   -0.000000   -0.058346

siesta: Pressure (total):         88.32876521  kBar

cgvc: No target stress found, assuming hydrostatic MD.TargetPressure.

cgvc: Target stress (kBar)
cgvc:        -0.000       0.000       0.000
cgvc:         0.000      -0.000       0.000
cgvc:         0.000       0.000      -0.000

                     ====================================
                        Begin CG opt. move =      1
                     ====================================
k-point displ. along   1 input, could be:     0.00    0.50
k-point displ. along   2 input, could be:     0.00    0.50
k-point displ. along   3 input, could be:     0.00    0.50
 Kpoints in:           32 . Kpoints trimmed:           31

siesta: k-grid: Number of k-points = 31
siesta: k-points from Monkhorst-Pack grid
siesta: k-cutoff (effective) =     7.114 Ang
siesta: k-point supercell and displacements
siesta: k-grid:     6     0     0      0.000
siesta: k-grid:     0     2     0      0.000
siesta: k-grid:     0     0     4      0.000

superc: Internal auxiliary supercell:    13 x     3 x     9  =     351
superc: Number of atoms, orbitals, and projectors:   2808  69147  50544

outcell: Unit cell vectors (Ang):
        2.523979   -0.000000    0.000000
       -0.000000   10.007401    0.000000
        0.000000    0.000000    3.556844

outcell: Cell vector modules (Ang)   :    2.523979   10.007401    3.556844
outcell: Cell angles (23,13,12) (deg):     90.0000     90.0000     90.0000
outcell: Cell volume (Ang**3)        :     89.8404
<dSpData1D:S at geom step 1
  <sparsity:sparsity for geom step 1
    nrows_g=197 nrows=10 sparsity=1.7134 nnzs=66497, refcount: 7>
  <dData1D:(new from dSpData1D) n=66497, refcount: 1>
refcount: 1>
new_DM -- step:     2
Re-using DM from previous geometries...
Number of DMs in history: 1
 DM extrapolation coefficients: 
1   1.00000
New DM after history re-use:
<dSpData2D:SpM extrapolated using coords
  <sparsity:sparsity for geom step 1
    nrows_g=197 nrows=10 sparsity=1.7134 nnzs=66497, refcount: 9>
  <dData2D:(temp array for extrapolation) n=66497 m=2, refcount: 1>
refcount: 1>
No. of atoms with KB's overlaping orbs in proc 0. Max # of overlaps:     204     912

InitMesh: MESH = 30 x 108 x 40 = 129600
InitMesh: Mesh cutoff (required, used) =   300.000   321.890 Ry
New grid distribution [1]: sub = 2
New grid distribution [2]: sub = 2
New grid distribution [3]: sub = 2
Setting up quadratic distribution...

        iscf     Eharris(eV)        E_KS(eV)     FreeEng(eV)     dDmax    Ef(eV) dHmax(eV)
   scf:    1   -27592.932333   -27590.727406   -27590.742830  0.900382 -6.889691  4.441122
     spin moment: {S} , |S| = {        0.0        0.0    0.59242 }     0.59242
   scf:    2   -22568.481735   -25925.647073   -25925.675311  2.558444 -5.774077231.707691
     spin moment: {S} , |S| = {        0.0        0.0    0.22465 }     0.22465
   scf:    3   -27598.207706   -27591.262997   -27591.279511  2.522277 -6.861360  1.844400
     spin moment: {S} , |S| = {        0.0        0.0    0.63317 }     0.63317
   scf:    4   -27591.308824   -27591.325462   -27591.341191  0.023876 -6.857494  1.415710
     spin moment: {S} , |S| = {        0.0        0.0    0.64308 }     0.64308
   scf:    5   -27591.371767   -27591.358376   -27591.374304  0.016981 -6.848802  0.705025
     spin moment: {S} , |S| = {        0.0        0.0    0.63933 }     0.63933
   scf:    6   -27591.331412   -27591.363924   -27591.379647  0.046463 -6.823643  0.562668
     spin moment: {S} , |S| = {        0.0        0.0    0.64604 }     0.64604
   scf:    7   -27591.371872   -27591.368180   -27591.383925  0.005433 -6.822304  0.411924
     spin moment: {S} , |S| = {        0.0        0.0    0.64608 }     0.64608
   scf:    8   -27591.376923   -27591.373951   -27591.389729  0.014694 -6.818319  0.126524
     spin moment: {S} , |S| = {        0.0        0.0    0.64583 }     0.64583
   scf:    9   -27591.373033   -27591.374532   -27591.390297  0.016242 -6.814669  0.152268
     spin moment: {S} , |S| = {        0.0        0.0    0.64596 }     0.64596
   scf:   10   -27591.376342   -27591.375508   -27591.391204  0.006050 -6.813780  0.084030
     spin moment: {S} , |S| = {        0.0        0.0    0.64693 }     0.64693
   scf:   11   -27591.376736   -27591.376194   -27591.391809  0.005924 -6.812830  0.027178
     spin moment: {S} , |S| = {        0.0        0.0    0.64806 }     0.64806
   scf:   12   -27591.377266   -27591.376708   -27591.392251  0.006154 -6.811368  0.019839
     spin moment: {S} , |S| = {        0.0        0.0    0.64871 }     0.64871
   scf:   13   -27591.378542   -27591.377525   -27591.392918  0.010937 -6.808440  0.021047
     spin moment: {S} , |S| = {        0.0        0.0    0.64987 }     0.64987
   scf:   14   -27591.377888   -27591.377699   -27591.393052  0.001854 -6.807622  0.022791
     spin moment: {S} , |S| = {        0.0        0.0    0.65006 }     0.65006
   scf:   15   -27591.378647   -27591.378104   -27591.393338  0.006299 -6.805293  0.009700
     spin moment: {S} , |S| = {        0.0        0.0    0.65018 }     0.65018
   scf:   16   -27591.378355   -27591.378216   -27591.393398  0.003118 -6.804121  0.007110
     spin moment: {S} , |S| = {        0.0        0.0    0.65010 }     0.65010
   scf:   17   -27591.378275   -27591.378244   -27591.393409  0.000955 -6.803721  0.007112
     spin moment: {S} , |S| = {        0.0        0.0    0.64986 }     0.64986
   scf:   18   -27591.378286   -27591.378264   -27591.393420  0.001742 -6.803569  0.004225
     spin moment: {S} , |S| = {        0.0        0.0    0.64904 }     0.64904
   scf:   19   -27591.378291   -27591.378277   -27591.393425  0.000634 -6.803490  0.003183
     spin moment: {S} , |S| = {        0.0        0.0    0.64852 }     0.64852
   scf:   20   -27591.378293   -27591.378285   -27591.393428  0.000606 -6.803520  0.002957
     spin moment: {S} , |S| = {        0.0        0.0    0.64796 }     0.64796
   scf:   21   -27591.378296   -27591.378290   -27591.393431  0.000299 -6.803520  0.002837
     spin moment: {S} , |S| = {        0.0        0.0    0.64754 }     0.64754

SCF Convergence by DM criterion
max |DM_out - DM_in|         :     0.0002992181
max |H_out - H_in|      (eV) :     0.0028369010
SCF cycle converged after 21 iterations

Using DM_out to compute the final energy and forces
No. of atoms with KB's overlaping orbs in proc 0. Max # of overlaps:     204     912

siesta: E_KS(eV) =           -27591.3783

siesta: Atomic forces (eV/Ang):
     1    0.000000   -0.000245    0.000000
     2    0.000000   -0.017144    0.000000
     3    0.000000   -0.048306    0.000000
     4    0.000000    0.140559    0.000000
     5    0.000000   -0.051309   -0.000000
     6    0.000000   -0.239837   -0.000000
     7   -0.000000    0.255780   -0.000000
     8    0.000000   -0.035501    0.000000
----------------------------------------
   Tot   -0.000000    0.003995   -0.000000
----------------------------------------
   Max    0.255780
   Res    0.078852    sqrt( Sum f_i^2 / 3N )
----------------------------------------
   Max    0.255780    constrained

Stress tensor Voigt[x,y,z,yz,xz,xy] (kbar):      -54.12       -8.38      -29.76        0.00       -0.00        0.00
(Free)E + p*V (eV/cell)   -27589.6690
Target enthalpy (eV/cell)   -27591.3934

siesta: Stress tensor (static) (eV/Ang**3):
        -0.033781    0.000000    0.000000
         0.000000   -0.005228    0.000000
        -0.000000    0.000000   -0.018574

siesta: Pressure (static):         30.75268128  kBar

siesta: Stress tensor (total) (eV/Ang**3):
        -0.033781    0.000000    0.000000
         0.000000   -0.005228    0.000000
        -0.000000    0.000000   -0.018574

siesta: Pressure (total):         30.75268128  kBar

                     ====================================
                        Begin CG opt. move =      2
                     ====================================
k-point displ. along   1 input, could be:     0.00    0.50
k-point displ. along   2 input, could be:     0.00    0.50
k-point displ. along   3 input, could be:     0.00    0.50
 Kpoints in:           32 . Kpoints trimmed:           31

siesta: k-grid: Number of k-points = 31
siesta: k-points from Monkhorst-Pack grid
siesta: k-cutoff (effective) =     7.225 Ang
siesta: k-point supercell and displacements
siesta: k-grid:     6     0     0      0.000
siesta: k-grid:     0     2     0      0.000
siesta: k-grid:     0     0     4      0.000

superc: Internal auxiliary supercell:    13 x     3 x     9  =     351
superc: Number of atoms, orbitals, and projectors:   2808  69147  50544

outcell: Unit cell vectors (Ang):
        2.576664   -0.000000    0.000000
       -0.000000   10.084761    0.000000
        0.000000    0.000000    3.612363

outcell: Cell vector modules (Ang)   :    2.576664   10.084761    3.612363
outcell: Cell angles (23,13,12) (deg):     90.0000     90.0000     90.0000
outcell: Cell volume (Ang**3)        :     93.8674
<dSpData1D:S at geom step 2
  <sparsity:sparsity for geom step 2
    nrows_g=197 nrows=10 sparsity=1.6765 nnzs=65065, refcount: 7>
  <dData1D:(new from dSpData1D) n=65065, refcount: 1>
refcount: 1>
new_DM -- step:     3
Re-using DM from previous geometries...
Number of DMs in history: 1
 DM extrapolation coefficients: 
1   1.00000
New DM after history re-use:
<dSpData2D:SpM extrapolated using coords
  <sparsity:sparsity for geom step 2
    nrows_g=197 nrows=10 sparsity=1.6765 nnzs=65065, refcount: 9>
  <dData2D:(temp array for extrapolation) n=65065 m=2, refcount: 1>
refcount: 1>
No. of atoms with KB's overlaping orbs in proc 0. Max # of overlaps:     204     874

InitMesh: MESH = 30 x 108 x 40 = 129600
InitMesh: Mesh cutoff (required, used) =   300.000   316.970 Ry
New grid distribution [1]: sub = 2
New grid distribution [2]: sub = 2
New grid distribution [3]: sub = 2
Setting up quadratic distribution...

        iscf     Eharris(eV)        E_KS(eV)     FreeEng(eV)     dDmax    Ef(eV) dHmax(eV)
   scf:    1   -27592.619897   -27590.357932   -27590.369871  1.237068 -6.751335  5.200887
     spin moment: {S} , |S| = {        0.0        0.0    0.62496 }     0.62496
   scf:    2   -21915.909708   -25710.100023   -25710.120349  3.044349 -5.442466247.053486
     spin moment: {S} , |S| = {        0.0        0.0   -0.10952 }    -0.10952
   scf:    3   -27590.072898   -27591.049218   -27591.065697  2.990974 -6.721588  3.019554
     spin moment: {S} , |S| = {        0.0        0.0    0.63899 }     0.63899
   scf:    4   -27591.215602   -27591.241416   -27591.256481  0.048606 -6.712786  2.193826
     spin moment: {S} , |S| = {        0.0        0.0    0.65833 }     0.65833
   scf:    5   -27591.341205   -27591.312118   -27591.327561  0.026055 -6.702845  1.280418
     spin moment: {S} , |S| = {        0.0        0.0    0.65656 }     0.65656
   scf:    6   -27591.359445   -27591.354525   -27591.370243  0.047060 -6.680451  0.190969
     spin moment: {S} , |S| = {        0.0        0.0    0.66652 }     0.66652
   scf:    7   -27591.340352   -27591.351038   -27591.366827  0.037376 -6.663894  0.473150
     spin moment: {S} , |S| = {        0.0        0.0    0.67538 }     0.67538
   scf:    8   -27591.362402   -27591.357573   -27591.373290  0.008624 -6.661397  0.240221
     spin moment: {S} , |S| = {        0.0        0.0    0.67556 }     0.67556
   scf:    9   -27591.360997   -27591.361354   -27591.376976  0.019614 -6.654695  0.132587
     spin moment: {S} , |S| = {        0.0        0.0    0.67910 }     0.67910
   scf:   10   -27591.363909   -27591.362612   -27591.378206  0.010975 -6.651352  0.122786
     spin moment: {S} , |S| = {        0.0        0.0    0.68367 }     0.68367
   scf:   11   -27591.365852   -27591.364370   -27591.379889  0.011199 -6.648268  0.048660
     spin moment: {S} , |S| = {        0.0        0.0    0.69106 }     0.69106
   scf:   12   -27591.366018   -27591.365167   -27591.380639  0.006226 -6.645860  0.039542
     spin moment: {S} , |S| = {        0.0        0.0    0.69575 }     0.69575
   scf:   13   -27591.370023   -27591.367248   -27591.382526  0.017707 -6.637974  0.030100
     spin moment: {S} , |S| = {        0.0        0.0    0.71272 }     0.71272
   scf:   14   -27591.368085   -27591.367647   -27591.382851  0.004492 -6.636150  0.031244
     spin moment: {S} , |S| = {        0.0        0.0    0.71766 }     0.71766
   scf:   15   -27591.369476   -27591.368380   -27591.383408  0.013077 -6.630431  0.019238
     spin moment: {S} , |S| = {        0.0        0.0    0.73232 }     0.73232
   scf:   16   -27591.368466   -27591.368422   -27591.383437  0.001735 -6.629833  0.008608
     spin moment: {S} , |S| = {        0.0        0.0    0.73429 }     0.73429
   scf:   17   -27591.368518   -27591.368469   -27591.383456  0.002027 -6.629501  0.008171
     spin moment: {S} , |S| = {        0.0        0.0    0.73663 }     0.73663
   scf:   18   -27591.368531   -27591.368499   -27591.383468  0.001698 -6.629216  0.003094
     spin moment: {S} , |S| = {        0.0        0.0    0.73897 }     0.73897
   scf:   19   -27591.368510   -27591.368504   -27591.383469  0.000247 -6.629192  0.002721
     spin moment: {S} , |S| = {        0.0        0.0    0.73937 }     0.73937

SCF Convergence by DM criterion
max |DM_out - DM_in|         :     0.0002467192
max |H_out - H_in|      (eV) :     0.0027214435
SCF cycle converged after 19 iterations

Using DM_out to compute the final energy and forces
No. of atoms with KB's overlaping orbs in proc 0. Max # of overlaps:     204     874

siesta: E_KS(eV) =           -27591.3685

siesta: Atomic forces (eV/Ang):
     1   -0.000000    0.110482   -0.000000
     2    0.000000    0.434665   -0.000000
     3    0.000000   -0.257553   -0.000000
     4   -0.000000   -0.021664    0.000000
     5    0.000000   -0.000716    0.000000
     6    0.000000    0.183550    0.000000
     7   -0.000000   -0.328414    0.000000
     8    0.000000   -0.122242    0.000000
----------------------------------------
   Tot    0.000000   -0.001892    0.000000
----------------------------------------
   Max    0.434665
   Res    0.132984    sqrt( Sum f_i^2 / 3N )
----------------------------------------
   Max    0.434665    constrained

Stress tensor Voigt[x,y,z,yz,xz,xy] (kbar):       27.70       30.28       44.10        0.00        0.00       -0.00
(Free)E + p*V (eV/cell)   -27593.3772
Target enthalpy (eV/cell)   -27591.3835

siesta: Stress tensor (static) (eV/Ang**3):
         0.017292   -0.000000    0.000000
        -0.000000    0.018902    0.000000
         0.000000    0.000000    0.027527

siesta: Pressure (static):        -34.03033616  kBar

siesta: Stress tensor (total) (eV/Ang**3):
         0.017292   -0.000000    0.000000
        -0.000000    0.018902    0.000000
         0.000000    0.000000    0.027527

siesta: Pressure (total):        -34.03033616  kBar

                     ====================================
                        Begin CG opt. move =      3
                     ====================================
k-point displ. along   1 input, could be:     0.00    0.50
k-point displ. along   2 input, could be:     0.00    0.50
k-point displ. along   3 input, could be:     0.00    0.50
 Kpoints in:           32 . Kpoints trimmed:           31

siesta: k-grid: Number of k-points = 31
siesta: k-points from Monkhorst-Pack grid
siesta: k-cutoff (effective) =     7.168 Ang
siesta: k-point supercell and displacements
siesta: k-grid:     6     0     0      0.000
siesta: k-grid:     0     2     0      0.000
siesta: k-grid:     0     0     4      0.000

superc: Internal auxiliary supercell:    13 x     3 x     9  =     351
superc: Number of atoms, orbitals, and projectors:   2808  69147  50544

outcell: Unit cell vectors (Ang):
        2.549641   -0.000000    0.000000
       -0.000000   10.045082    0.000000
        0.000000    0.000000    3.583887

outcell: Cell vector modules (Ang)   :    2.549641   10.045082    3.583887
outcell: Cell angles (23,13,12) (deg):     90.0000     90.0000     90.0000
outcell: Cell volume (Ang**3)        :     91.7882
<dSpData1D:S at geom step 3
  <sparsity:sparsity for geom step 3
    nrows_g=197 nrows=10 sparsity=1.6943 nnzs=65753, refcount: 7>
  <dData1D:(new from dSpData1D) n=65753, refcount: 1>
refcount: 1>
new_DM -- step:     4
Re-using DM from previous geometries...
Number of DMs in history: 1
 DM extrapolation coefficients: 
1   1.00000
New DM after history re-use:
<dSpData2D:SpM extrapolated using coords
  <sparsity:sparsity for geom step 3
    nrows_g=197 nrows=10 sparsity=1.6943 nnzs=65753, refcount: 9>
  <dData2D:(temp array for extrapolation) n=65753 m=2, refcount: 1>
refcount: 1>
No. of atoms with KB's overlaping orbs in proc 0. Max # of overlaps:     204     888

InitMesh: MESH = 30 x 108 x 40 = 129600
InitMesh: Mesh cutoff (required, used) =   300.000   319.479 Ry
New grid distribution [1]: sub = 2
New grid distribution [2]: sub = 2
New grid distribution [3]: sub = 2
Setting up quadratic distribution...

        iscf     Eharris(eV)        E_KS(eV)     FreeEng(eV)     dDmax    Ef(eV) dHmax(eV)
   scf:    1   -27588.312394   -27591.097193   -27591.114954  0.597788 -6.662044  2.471508
     spin moment: {S} , |S| = {        0.0        0.0    0.74716 }     0.74716
   scf:    2   -27151.343200   -27446.460597   -27446.474732  1.438090 -6.505870 70.748421
     spin moment: {S} , |S| = {        0.0        0.0   -0.26165 }    -0.26165
   scf:    3   -27595.475206   -27591.314179   -27591.329017  1.431082 -6.678501  1.368744
     spin moment: {S} , |S| = {        0.0        0.0    0.69272 }     0.69272
   scf:    4   -27591.379270   -27591.389024   -27591.403564  0.017461 -6.679865  0.689054
     spin moment: {S} , |S| = {        0.0        0.0    0.70959 }     0.70959
   scf:    5   -27591.396281   -27591.397859   -27591.412533  0.012937 -6.684365  0.306221
     spin moment: {S} , |S| = {        0.0        0.0    0.70688 }     0.70688
   scf:    6   -27591.391552   -27591.399491   -27591.414264  0.036197 -6.695789  0.377780
     spin moment: {S} , |S| = {        0.0        0.0    0.71031 }     0.71031
   scf:    7   -27591.403852   -27591.401994   -27591.416705  0.009108 -6.699298  0.205837
     spin moment: {S} , |S| = {        0.0        0.0    0.70713 }     0.70713
   scf:    8   -27591.403553   -27591.403416   -27591.418032  0.013379 -6.704725  0.099310
     spin moment: {S} , |S| = {        0.0        0.0    0.70189 }     0.70189
   scf:    9   -27591.404156   -27591.403823   -27591.418463  0.006739 -6.706526  0.057111
     spin moment: {S} , |S| = {        0.0        0.0    0.69937 }     0.69937
   scf:   10   -27591.404690   -27591.404253   -27591.418906  0.010205 -6.709004  0.030383
     spin moment: {S} , |S| = {        0.0        0.0    0.69499 }     0.69499
   scf:   11   -27591.404565   -27591.404406   -27591.419063  0.003000 -6.709959  0.027673
     spin moment: {S} , |S| = {        0.0        0.0    0.69287 }     0.69287
   scf:   12   -27591.405706   -27591.404967   -27591.419658  0.012697 -6.713918  0.019059
     spin moment: {S} , |S| = {        0.0        0.0    0.68226 }     0.68226
   scf:   13   -27591.405220   -27591.405085   -27591.419782  0.002813 -6.715363  0.012672
     spin moment: {S} , |S| = {        0.0        0.0    0.67872 }     0.67872
   scf:   14   -27591.405263   -27591.405168   -27591.419876  0.002629 -6.716597  0.013605
     spin moment: {S} , |S| = {        0.0        0.0    0.67529 }     0.67529
   scf:   15   -27591.405424   -27591.405265   -27591.419993  0.005128 -6.719167  0.013443
     spin moment: {S} , |S| = {        0.0        0.0    0.66837 }     0.66837
   scf:   16   -27591.405281   -27591.405272   -27591.420005  0.001571 -6.719433  0.007467
     spin moment: {S} , |S| = {        0.0        0.0    0.66705 }     0.66705
   scf:   17   -27591.405285   -27591.405276   -27591.420019  0.001586 -6.720010  0.003740
     spin moment: {S} , |S| = {        0.0        0.0    0.66452 }     0.66452
   scf:   18   -27591.405274   -27591.405275   -27591.420022  0.000963 -6.720219  0.001758
     spin moment: {S} , |S| = {        0.0        0.0    0.66315 }     0.66315
   scf:   19   -27591.405273   -27591.405274   -27591.420023  0.000144 -6.720220  0.001781
     spin moment: {S} , |S| = {        0.0        0.0    0.66297 }     0.66297

SCF Convergence by DM criterion
max |DM_out - DM_in|         :     0.0001442406
max |H_out - H_in|      (eV) :     0.0017814991
SCF cycle converged after 19 iterations

Using DM_out to compute the final energy and forces
No. of atoms with KB's overlaping orbs in proc 0. Max # of overlaps:     204     888

siesta: E_KS(eV) =           -27591.4053

siesta: Atomic forces (eV/Ang):
     1   -0.000000    0.058444   -0.000000
     2    0.000000    0.196264   -0.000000
     3    0.000000   -0.144699    0.000000
     4    0.000000    0.058047   -0.000000
     5   -0.000000   -0.027703   -0.000000
     6    0.000000   -0.005935   -0.000000
     7    0.000000   -0.052276    0.000000
     8    0.000000   -0.077844   -0.000000
----------------------------------------
   Tot    0.000000    0.004298   -0.000000
----------------------------------------
   Max    0.196264
   Res    0.056213    sqrt( Sum f_i^2 / 3N )
----------------------------------------
   Max    0.196264    constrained

Stress tensor Voigt[x,y,z,yz,xz,xy] (kbar):       -9.82       12.64        9.95        0.00        0.00       -0.00
(Free)E + p*V (eV/cell)   -27591.6639
Target enthalpy (eV/cell)   -27591.4200

siesta: Stress tensor (static) (eV/Ang**3):
        -0.006130   -0.000000    0.000000
        -0.000000    0.007890    0.000000
         0.000000    0.000000    0.006209

siesta: Pressure (static):         -4.25608995  kBar

siesta: Stress tensor (total) (eV/Ang**3):
        -0.006130   -0.000000    0.000000
        -0.000000    0.007890    0.000000
         0.000000    0.000000    0.006209

siesta: Pressure (total):         -4.25608995  kBar

cgvc: Finished line minimization    1.  Mean atomic displacement =    0.1226

                     ====================================
                        Begin CG opt. move =      4
                     ====================================
k-point displ. along   1 input, could be:     0.00    0.50
k-point displ. along   2 input, could be:     0.00    0.50
k-point displ. along   3 input, could be:     0.00    0.50
 Kpoints in:           32 . Kpoints trimmed:           31

siesta: k-grid: Number of k-points = 31
siesta: k-points from Monkhorst-Pack grid
siesta: k-cutoff (effective) =     7.129 Ang
siesta: k-point supercell and displacements
siesta: k-grid:     6     0     0      0.000
siesta: k-grid:     0     2     0      0.000
siesta: k-grid:     0     0     4      0.000

superc: Internal auxiliary supercell:    13 x     3 x     9  =     351
superc: Number of atoms, orbitals, and projectors:   2808  69147  50544

outcell: Unit cell vectors (Ang):
        2.600315    0.000000   -0.000000
        0.000000    9.925822   -0.000000
       -0.000000   -0.000000    3.564517

outcell: Cell vector modules (Ang)   :    2.600315    9.925822    3.564517
outcell: Cell angles (23,13,12) (deg):     90.0000     90.0000     90.0000
outcell: Cell volume (Ang**3)        :     92.0011
<dSpData1D:S at geom step 4
  <sparsity:sparsity for geom step 4
    nrows_g=197 nrows=10 sparsity=1.6872 nnzs=65480, refcount: 7>
  <dData1D:(new from dSpData1D) n=65480, refcount: 1>
refcount: 1>
new_DM -- step:     5
Re-using DM from previous geometries...
Number of DMs in history: 1
 DM extrapolation coefficients: 
1   1.00000
New DM after history re-use:
<dSpData2D:SpM extrapolated using coords
  <sparsity:sparsity for geom step 4
    nrows_g=197 nrows=10 sparsity=1.6872 nnzs=65480, refcount: 9>
  <dData2D:(temp array for extrapolation) n=65480 m=2, refcount: 1>
refcount: 1>
No. of atoms with KB's overlaping orbs in proc 0. Max # of overlaps:     200     881

InitMesh: MESH = 30 x 108 x 40 = 129600
InitMesh: Mesh cutoff (required, used) =   300.000   327.202 Ry
New grid distribution [1]: sub = 2
New grid distribution [2]: sub = 2
New grid distribution [3]: sub = 2
Setting up quadratic distribution...

        iscf     Eharris(eV)        E_KS(eV)     FreeEng(eV)     dDmax    Ef(eV) dHmax(eV)
   scf:    1   -27570.964372   -27585.095228   -27585.114519  0.557314 -6.614611 12.756144
     spin moment: {S} , |S| = {        0.0        0.0    0.44105 }     0.44105
   scf:    2   -10881.876366   -22090.571325   -22090.579449 91.412180 -2.308540398.359025
     spin moment: {S} , |S| = {        0.0        0.0    0.71038 }     0.71038
   scf:    3   -27926.989940   -27586.989319   -27587.010257 91.240500 -6.648344 10.302468
     spin moment: {S} , |S| = {        0.0        0.0    0.76421 }     0.76421
   scf:    4   -27592.094102   -27590.269710   -27590.290041  0.123043 -6.654473  5.622766
     spin moment: {S} , |S| = {        0.0        0.0    0.73676 }     0.73676
   scf:    5   -27591.513989   -27591.067908   -27591.088784  0.073320 -6.658651  2.181195
     spin moment: {S} , |S| = {        0.0        0.0    0.69003 }     0.69003
   scf:    6   -27590.871563   -27591.223394   -27591.244362  0.059180 -6.674273  1.581481
     spin moment: {S} , |S| = {        0.0        0.0    0.64545 }     0.64545
   scf:    7   -27591.219384   -27591.222844   -27591.243570  0.040486 -6.684067  1.485274
     spin moment: {S} , |S| = {        0.0        0.0    0.64740 }     0.64740
   scf:    8   -27591.205436   -27591.288204   -27591.308500  0.034669 -6.690372  0.682373
     spin moment: {S} , |S| = {        0.0        0.0    0.67572 }     0.67572
   scf:    9   -27591.288437   -27591.288431   -27591.308752  0.005751 -6.691362  0.668147
     spin moment: {S} , |S| = {        0.0        0.0    0.67499 }     0.67499
   scf:   10   -27591.303115   -27591.302932   -27591.323412  0.016385 -6.689725  0.085214
     spin moment: {S} , |S| = {        0.0        0.0    0.66755 }     0.66755
   scf:   11   -27591.303348   -27591.303167   -27591.323618  0.001223 -6.689703  0.047951
     spin moment: {S} , |S| = {        0.0        0.0    0.66809 }     0.66809
   scf:   12   -27591.303560   -27591.303388   -27591.323825  0.002816 -6.689292  0.023042
     spin moment: {S} , |S| = {        0.0        0.0    0.66905 }     0.66905
   scf:   13   -27591.303725   -27591.303556   -27591.324032  0.004858 -6.688384  0.011749
     spin moment: {S} , |S| = {        0.0        0.0    0.67004 }     0.67004
   scf:   14   -27591.303598   -27591.303577   -27591.324064  0.000902 -6.688249  0.012144
     spin moment: {S} , |S| = {        0.0        0.0    0.67019 }     0.67019
   scf:   15   -27591.303655   -27591.303613   -27591.324125  0.001854 -6.688090  0.011486
     spin moment: {S} , |S| = {        0.0        0.0    0.67034 }     0.67034
   scf:   16   -27591.303720   -27591.303652   -27591.324227  0.004350 -6.687564  0.006404
     spin moment: {S} , |S| = {        0.0        0.0    0.67055 }     0.67055
   scf:   17   -27591.303657   -27591.303653   -27591.324246  0.001246 -6.687314  0.005499
     spin moment: {S} , |S| = {        0.0        0.0    0.67043 }     0.67043
   scf:   18   -27591.303652   -27591.303652   -27591.324261  0.001122 -6.687022  0.005316
     spin moment: {S} , |S| = {        0.0        0.0    0.67008 }     0.67008
   scf:   19   -27591.303646   -27591.303648   -27591.324270  0.000947 -6.686878  0.004165
     spin moment: {S} , |S| = {        0.0        0.0    0.66971 }     0.66971
   scf:   20   -27591.303644   -27591.303645   -27591.324277  0.000954 -6.686757  0.004124
     spin moment: {S} , |S| = {        0.0        0.0    0.66937 }     0.66937
   scf:   21   -27591.303627   -27591.303635   -27591.324285  0.001348 -6.686566  0.003070
     spin moment: {S} , |S| = {        0.0        0.0    0.66865 }     0.66865
   scf:   22   -27591.303629   -27591.303632   -27591.324288  0.000459 -6.686535  0.002815
     spin moment: {S} , |S| = {        0.0        0.0    0.66836 }     0.66836

SCF Convergence by DM criterion
max |DM_out - DM_in|         :     0.0004594176
max |H_out - H_in|      (eV) :     0.0028145461
SCF cycle converged after 22 iterations

Using DM_out to compute the final energy and forces
No. of atoms with KB's overlaping orbs in proc 0. Max # of overlaps:     200     881

siesta: E_KS(eV) =           -27591.3036

siesta: Atomic forces (eV/Ang):
     1   -0.000000   -0.384591   -0.000001
     2    0.000000   -1.085257    0.000002
     3   -0.000001    0.543551    0.000000
     4   -0.000000   -0.258388    0.000000
     5   -0.000000    0.207229    0.000000
     6    0.000000    0.099134    0.000001
     7   -0.000000    0.346830    0.000002
     8    0.000000    0.533572   -0.000001
----------------------------------------
   Tot   -0.000001    0.002080    0.000002
----------------------------------------
   Max    1.085257
   Res    0.299003    sqrt( Sum f_i^2 / 3N )
----------------------------------------
   Max    1.085257    constrained

Stress tensor Voigt[x,y,z,yz,xz,xy] (kbar):       32.93      -39.97        5.05       -0.00       -0.00       -0.00
(Free)E + p*V (eV/cell)   -27591.2861
Target enthalpy (eV/cell)   -27591.3243

siesta: Stress tensor (static) (eV/Ang**3):
         0.020554    0.000000   -0.000000
        -0.000000   -0.024949   -0.000000
        -0.000000   -0.000000    0.003149

siesta: Pressure (static):          0.66525830  kBar

siesta: Stress tensor (total) (eV/Ang**3):
         0.020554    0.000000   -0.000000
        -0.000000   -0.024949   -0.000000
        -0.000000   -0.000000    0.003149

siesta: Pressure (total):          0.66525830  kBar

                     ====================================
                        Begin CG opt. move =      5
                     ====================================
k-point displ. along   1 input, could be:     0.00    0.50
k-point displ. along   2 input, could be:     0.00    0.50
k-point displ. along   3 input, could be:     0.00    0.50
 Kpoints in:           32 . Kpoints trimmed:           31

siesta: k-grid: Number of k-points = 31
siesta: k-points from Monkhorst-Pack grid
siesta: k-cutoff (effective) =     7.160 Ang
siesta: k-point supercell and displacements
siesta: k-grid:     6     0     0      0.000
siesta: k-grid:     0     2     0      0.000
siesta: k-grid:     0     0     4      0.000

superc: Internal auxiliary supercell:    13 x     3 x     9  =     351
superc: Number of atoms, orbitals, and projectors:   2808  69147  50544

outcell: Unit cell vectors (Ang):
        2.559358    0.000000   -0.000000
        0.000000   10.022215   -0.000000
       -0.000000   -0.000000    3.580173

outcell: Cell vector modules (Ang)   :    2.559358   10.022215    3.580173
outcell: Cell angles (23,13,12) (deg):     90.0000     90.0000     90.0000
outcell: Cell volume (Ang**3)        :     91.8330
<dSpData1D:S at geom step 5
  <sparsity:sparsity for geom step 5
    nrows_g=197 nrows=10 sparsity=1.6943 nnzs=65753, refcount: 7>
  <dData1D:(new from dSpData1D) n=65753, refcount: 1>
refcount: 1>
new_DM -- step:     6
Re-using DM from previous geometries...
Number of DMs in history: 1
 DM extrapolation coefficients: 
1   1.00000
New DM after history re-use:
<dSpData2D:SpM extrapolated using coords
  <sparsity:sparsity for geom step 5
    nrows_g=197 nrows=10 sparsity=1.6943 nnzs=65753, refcount: 9>
  <dData2D:(temp array for extrapolation) n=65753 m=2, refcount: 1>
refcount: 1>
No. of atoms with KB's overlaping orbs in proc 0. Max # of overlaps:     204     888

InitMesh: MESH = 30 x 108 x 40 = 129600
InitMesh: Mesh cutoff (required, used) =   300.000   320.939 Ry
New grid distribution [1]: sub = 2
New grid distribution [2]: sub = 2
New grid distribution [3]: sub = 2
Setting up quadratic distribution...

        iscf     Eharris(eV)        E_KS(eV)     FreeEng(eV)     dDmax    Ef(eV) dHmax(eV)
   scf:    1   -27584.528063   -27588.825014   -27588.841974  0.430064 -6.741107  8.419003
     spin moment: {S} , |S| = {        0.0        0.0    0.74554 }     0.74554
   scf:    2   -18544.844884   -24608.701307   -24608.711796 22.975855 -3.650397327.872917
     spin moment: {S} , |S| = {        0.0        0.0    1.49158 }     1.49158
   scf:    3   -27699.735246   -27590.772596   -27590.786166 22.918877 -6.748135  4.607151
     spin moment: {S} , |S| = {        0.0        0.0    0.62146 }     0.62146
   scf:    4   -27591.524480   -27591.213134   -27591.227600  0.029033 -6.744184  2.548440
     spin moment: {S} , |S| = {        0.0        0.0    0.64174 }     0.64174
   scf:    5   -27591.453258   -27591.375526   -27591.390360  0.029996 -6.734823  0.916195
     spin moment: {S} , |S| = {        0.0        0.0    0.66608 }     0.66608
   scf:    6   -27591.266319   -27591.371479   -27591.387298  0.036855 -6.719992  0.926076
     spin moment: {S} , |S| = {        0.0        0.0    0.68503 }     0.68503
   scf:    7   -27591.420297   -27591.403497   -27591.419130  0.048618 -6.709138  0.412878
     spin moment: {S} , |S| = {        0.0        0.0    0.68087 }     0.68087
   scf:    8   -27591.408995   -27591.406662   -27591.422283  0.003320 -6.709391  0.251250
     spin moment: {S} , |S| = {        0.0        0.0    0.67798 }     0.67798
   scf:    9   -27591.400745   -27591.407173   -27591.422665  0.010818 -6.710364  0.276435
     spin moment: {S} , |S| = {        0.0        0.0    0.67192 }     0.67192
   scf:   10   -27591.410491   -27591.409766   -27591.425344  0.008908 -6.710205  0.029010
     spin moment: {S} , |S| = {        0.0        0.0    0.67614 }     0.67614
   scf:   11   -27591.410054   -27591.409920   -27591.425499  0.003600 -6.710584  0.018865
     spin moment: {S} , |S| = {        0.0        0.0    0.67669 }     0.67669
   scf:   12   -27591.410009   -27591.409965   -27591.425530  0.000809 -6.710890  0.015389
     spin moment: {S} , |S| = {        0.0        0.0    0.67669 }     0.67669
   scf:   13   -27591.410301   -27591.410134   -27591.425666  0.004420 -6.711601  0.011874
     spin moment: {S} , |S| = {        0.0        0.0    0.67690 }     0.67690
   scf:   14   -27591.410284   -27591.410208   -27591.425712  0.001959 -6.712139  0.011031
     spin moment: {S} , |S| = {        0.0        0.0    0.67700 }     0.67700
   scf:   15   -27591.410421   -27591.410312   -27591.425768  0.002229 -6.712560  0.009798
     spin moment: {S} , |S| = {        0.0        0.0    0.67710 }     0.67710
   scf:   16   -27591.410505   -27591.410404   -27591.425809  0.002380 -6.713010  0.005474
     spin moment: {S} , |S| = {        0.0        0.0    0.67719 }     0.67719
   scf:   17   -27591.410447   -27591.410425   -27591.425816  0.000677 -6.713159  0.004201
     spin moment: {S} , |S| = {        0.0        0.0    0.67721 }     0.67721
   scf:   18   -27591.410467   -27591.410446   -27591.425823  0.000756 -6.713348  0.003577
     spin moment: {S} , |S| = {        0.0        0.0    0.67719 }     0.67719
   scf:   19   -27591.410517   -27591.410480   -27591.425833  0.001319 -6.713630  0.002256
     spin moment: {S} , |S| = {        0.0        0.0    0.67710 }     0.67710
   scf:   20   -27591.410494   -27591.410487   -27591.425834  0.000452 -6.713720  0.002007
     spin moment: {S} , |S| = {        0.0        0.0    0.67704 }     0.67704

SCF Convergence by DM criterion
max |DM_out - DM_in|         :     0.0004518114
max |H_out - H_in|      (eV) :     0.0020072939
SCF cycle converged after 20 iterations

Using DM_out to compute the final energy and forces
No. of atoms with KB's overlaping orbs in proc 0. Max # of overlaps:     204     888

siesta: E_KS(eV) =           -27591.4105

siesta: Atomic forces (eV/Ang):
     1    0.000000   -0.027600    0.000001
     2   -0.000000   -0.024339   -0.000001
     3   -0.000001   -0.021732    0.000001
     4    0.000000   -0.000736    0.000000
     5   -0.000000   -0.014425   -0.000000
     6    0.000000    0.014464   -0.000001
     7   -0.000000    0.030875    0.000001
     8    0.000000    0.047306    0.000000
----------------------------------------
   Tot   -0.000000    0.003815    0.000001
----------------------------------------
   Max    0.047306
   Res    0.015049    sqrt( Sum f_i^2 / 3N )
----------------------------------------
   Max    0.047306    constrained

Stress tensor Voigt[x,y,z,yz,xz,xy] (kbar):        0.71        3.62        9.01       -0.00        0.00       -0.00
(Free)E + p*V (eV/cell)   -27591.6807
Target enthalpy (eV/cell)   -27591.4258

siesta: Stress tensor (static) (eV/Ang**3):
         0.000441    0.000000    0.000000
        -0.000000    0.002258   -0.000000
         0.000000   -0.000000    0.005627

siesta: Pressure (static):         -4.44657963  kBar

siesta: Stress tensor (total) (eV/Ang**3):
         0.000441    0.000000    0.000000
        -0.000000    0.002258   -0.000000
         0.000000   -0.000000    0.005627

siesta: Pressure (total):         -4.44657963  kBar

outcoor: Relaxed atomic coordinates (fractional):           
    0.50000000    0.62449757    0.50000000   1       1  Ga
    0.00000000   -0.00076181   -0.00000000   2       2  Ni
    0.50000000    0.37420829    0.50000000   2       3  Ni
    0.50000000    0.87773202    0.50000000   2       4  Ni
   -0.00000000    0.24901860   -0.00000000   3       5  Mn
    0.00000000    0.49430518   -0.00000000   3       6  Mn
    0.00000000    0.75674679    0.00000000   3       7  Mn
    0.50000000    0.12432129    0.50000000   3       8  Mn

outcell: Unit cell vectors (Ang):
        2.559358    0.000000   -0.000000
        0.000000   10.022215   -0.000000
       -0.000000   -0.000000    3.580173

outcell: Cell vector modules (Ang)   :    2.559358   10.022215    3.580173
outcell: Cell angles (23,13,12) (deg):     90.0000     90.0000     90.0000
outcell: Cell volume (Ang**3)        :     91.8330

coxmol: Writing XMOL coordinates into file hea.xyz                                                                                                                                                                                                                             
Writing WFSX for COOP/COHP in hea.fullBZ.WFSX

diag: Algorithm                                     = D&C
diag: Parallel over k                               =   F
diag: Use parallel 2D distribution                  =   T
diag: Parallel block-size                           = 5
diag: Parallel distribution                         =     6 x     6
diag: Used triangular part                          = Lower
diag: Absolute tolerance                            =  0.100E-15
diag: Orthogonalization factor                      =  0.100E-05
diag: Memory factor                                 =  1.0000

diag: Algorithm                                     = D&C
diag: Parallel over k                               =   F
diag: Use parallel 2D distribution                  =   T
diag: Parallel block-size                           = 5
diag: Parallel distribution                         =     6 x     6
diag: Used triangular part                          = Lower
diag: Absolute tolerance                            =  0.100E-15
diag: Orthogonalization factor                      =  0.100E-05
diag: Memory factor                                 =  1.0000

siesta: PDOS info
siesta: E1 -- E2, sigma [eV], nhist:  -20.000 --   20.000    0.100 1000

diag: Algorithm                                     = D&C
diag: Parallel over k                               =   F
diag: Use parallel 2D distribution                  =   T
diag: Parallel block-size                           = 5
diag: Parallel distribution                         =     6 x     6
diag: Used triangular part                          = Lower
diag: Absolute tolerance                            =  0.100E-15
diag: Orthogonalization factor                      =  0.100E-05
diag: Memory factor                                 =  1.0000

siesta: Program's energy decomposition (eV):
siesta: Ebs     =     -4698.656289
siesta: Eions   =     35662.551974
siesta: Ena     =      2846.715294
siesta: Ekin    =     13372.054336
siesta: Enl     =     -3962.387714
siesta: Eso     =         0.000000
siesta: Edftu   =         0.000000
siesta: DEna    =        82.946554
siesta: DUscf   =         1.108681
siesta: DUext   =         0.000000
siesta: Ex      =     -4023.165333
siesta: Ec      =      -246.130331
siesta: Exc     =     -4269.295664
siesta: EbV     =         0.000000
siesta: eta*DQ  =         0.000000
siesta: Emadel  =         0.000000
siesta: Emeta   =         0.000000
siesta: Emolmec =         0.000000
siesta: Ekinion =         0.000000
siesta: Eharris =    -27591.410494
siesta: Etot    =    -27591.410487
siesta: FreeEng =    -27591.425834

siesta: Final energy (eV):
siesta:  Band Struct. =   -4698.656289
siesta:       Kinetic =   13372.054336
siesta:       Hartree =    7245.899415
siesta:         Edftu =       0.000000
siesta:       Eso     =       0.000000
siesta:    Ext. field =       0.000000
siesta:         Exch. =   -4023.165333
siesta:         Corr. =    -246.130331
siesta:     Bulk bias =       0.000000
siesta:   Exch.-corr. =   -4269.295664
siesta:  Ion-electron =  -28640.473854
siesta:       Ion-ion =  -15299.594719
siesta:       Ekinion =       0.000000
siesta: D3 dispersion =       0.000000
siesta:         Total =  -27591.410487
siesta:         Fermi =      -6.713720

siesta: Stress tensor (static) (eV/Ang**3):
siesta:     0.000441    0.000000    0.000000
siesta:    -0.000000    0.002258   -0.000000
siesta:     0.000000   -0.000000    0.005627

siesta: Constrained stress tensor (static) (eV/Ang**3):
siesta:     0.000441    0.000000    0.000000
siesta:     0.000000    0.002258   -0.000000
siesta:     0.000000   -0.000000    0.005627

siesta: Cell volume =         91.832972 Ang**3

siesta: Pressure (static):
siesta:                Solid            Molecule  Units
siesta:          -0.00003023         -0.00003226  Ry/Bohr**3
siesta:          -0.00277534         -0.00296229  eV/Ang**3
siesta:          -4.44657963         -4.74611221  kBar
(Free)E+ p_basis*V_orbitals  =      -27562.241744
(Free)Eharris+ p_basis*V_orbitals  =      -27562.241752

mulliken: Atomic and Orbital Populations:

mulliken: Spin UP 

Species: Ga                  
Atom  Qatom  Qorb
               4s      4s      4s      4py     4pz     4px     4py     4pz     
               4px     4py     4pz     4px     3dxy    3dyz    3dz2    3dxz    
               3dx2-y2 4dxy    4dyz    4dz2    4dxz    4dx2-y2 
   1  6.574   0.148  -0.017   0.500  -0.023  -0.291   0.826  -0.105   0.031
             -0.028   0.281   0.286  -0.357   0.998   0.998   1.000   0.998

              1.000   0.098   0.090  -0.041   0.107   0.078

Species: Ni                  
Atom  Qatom  Qorb
               3s      4s      4s      4s      3py     3pz     3px     4py     
               4pz     4px     3dxy    3dyz    3dz2    3dxz    3dx2-y2 3dxy    
               3dyz    3dz2    3dxz    3dx2-y2 3dxy    3dyz    3dz2    3dxz    
               3dx2-y2 
   2  9.003   0.984  -0.070   0.029   0.166   0.998   0.998   0.998   0.202
              0.184   0.177   1.154   1.156   1.086   1.164   1.127  -0.062

             -0.061  -0.065  -0.064  -0.065  -0.188  -0.238  -0.165  -0.224

             -0.219
   3  8.909   0.980  -0.321   0.081   0.317   0.998   0.998   0.998   0.217
              0.200   0.190   1.104   1.089   1.135   1.155   1.156  -0.062

             -0.059  -0.065  -0.061  -0.064  -0.178  -0.217  -0.201  -0.231

             -0.249
   4  9.210   0.983  -0.123   0.033   0.244   0.998   0.999   0.999   0.203
              0.175   0.169   1.155   1.206   1.204   1.162   1.209  -0.055

             -0.056  -0.054  -0.055  -0.057  -0.190  -0.250  -0.212  -0.227

             -0.250

Species: Mn                  
Atom  Qatom  Qorb
               3s      4s      4s      4s      3py     3pz     3px     4py     
               4pz     4px     3dxy    3dyz    3dz2    3dxz    3dx2-y2 3dxy    
               3dyz    3dz2    3dxz    3dx2-y2 3dxy    3dyz    3dz2    3dxz    
               3dx2-y2 
   5  9.021   1.003  -0.006   0.104   0.022   0.994   0.994   0.994   0.238
              0.202   0.210   1.258   1.334   1.138   1.355   1.261  -0.072

             -0.097  -0.058  -0.095  -0.099  -0.302  -0.379  -0.243  -0.393

             -0.340
   6  6.142   0.964  -0.486   0.248   0.166   0.992   0.992   0.993   0.153
              0.171   0.174   0.356   0.626   0.485   0.636   0.879  -0.043

             -0.067  -0.053  -0.060  -0.094  -0.075  -0.198  -0.114  -0.227

             -0.277
   7  8.947   0.994  -0.542   0.231   0.249   0.996   0.995   0.996   0.231
              0.229   0.220   1.346   1.329   1.300   1.467   1.292  -0.086

             -0.102  -0.081  -0.116  -0.097  -0.343  -0.402  -0.321  -0.464

             -0.374
   8  6.032   0.972   0.191   0.071  -0.107   0.992   0.991   0.992   0.114
              0.137   0.127   0.312   0.598   0.295   0.641   0.641  -0.029

             -0.057  -0.027  -0.053  -0.058  -0.051  -0.189  -0.052  -0.217

             -0.204

mulliken: Qtot =       63.839

mulliken: Spin DOWN 

Species: Ga                  
Atom  Qatom  Qorb
               4s      4s      4s      4py     4pz     4px     4py     4pz     
               4px     4py     4pz     4px     3dxy    3dyz    3dz2    3dxz    
               3dx2-y2 4dxy    4dyz    4dz2    4dxz    4dx2-y2 
   1  6.634   0.144  -0.016   0.497   0.059  -0.277   0.830  -0.107   0.039
             -0.021   0.222   0.281  -0.351   0.998   0.998   1.000   0.998

              1.000   0.101   0.087  -0.037   0.106   0.084

Species: Ni                  
Atom  Qatom  Qorb
               3s      4s      4s      4s      3py     3pz     3px     4py     
               4pz     4px     3dxy    3dyz    3dz2    3dxz    3dx2-y2 3dxy    
               3dyz    3dz2    3dxz    3dx2-y2 3dxy    3dyz    3dz2    3dxz    
               3dx2-y2 
   2  9.060   0.984   0.051   0.005   0.134   0.998   0.998   0.998   0.191
              0.175   0.179   1.118   1.138   1.144   1.137   1.145  -0.062

             -0.058  -0.059  -0.059  -0.063  -0.176  -0.226  -0.186  -0.219

             -0.226
   3  9.038   0.981  -0.330   0.084   0.307   0.998   0.998   0.999   0.212
              0.192   0.178   1.164   1.187   1.152   1.132   1.198  -0.057

             -0.057  -0.060  -0.060  -0.059  -0.193  -0.249  -0.203  -0.220

             -0.258
   4  8.822   0.979  -0.290   0.079   0.305   0.998   0.999   0.999   0.213
              0.199   0.186   1.124   1.096   1.079   1.154   1.086  -0.068

             -0.067  -0.073  -0.068  -0.069  -0.186  -0.227  -0.175  -0.227

             -0.225

Species: Mn                  
Atom  Qatom  Qorb
               3s      4s      4s      4s      3py     3pz     3px     4py     
               4pz     4px     3dxy    3dyz    3dz2    3dxz    3dx2-y2 3dxy    
               3dyz    3dz2    3dxz    3dx2-y2 3dxy    3dyz    3dz2    3dxz    
               3dx2-y2 
   5  6.047   0.973   0.251   0.051  -0.114   0.991   0.991   0.991   0.134
              0.135   0.134   0.302   0.541   0.258   0.624   0.675  -0.027

             -0.045  -0.024  -0.053  -0.065  -0.051  -0.170  -0.038  -0.203

             -0.213
   6  8.726   0.990  -0.639   0.240   0.305   0.995   0.995   0.995   0.223
              0.225   0.223   1.271   1.297   1.275   1.462   1.272  -0.092

             -0.107  -0.088  -0.124  -0.103  -0.329  -0.400  -0.320  -0.471

             -0.369
   7  5.927   0.963  -0.408   0.241   0.113   0.993   0.992   0.993   0.149
              0.171   0.170   0.302   0.538   0.381   0.629   0.796  -0.038

             -0.056  -0.041  -0.060  -0.081  -0.060  -0.169  -0.093  -0.228

             -0.270
   8  8.907   1.001  -0.052   0.113   0.025   0.994   0.994   0.994   0.192
              0.201   0.196   1.243   1.326   1.119   1.360   1.209  -0.065

             -0.097  -0.053  -0.093  -0.083  -0.282  -0.371  -0.235  -0.394

             -0.335

mulliken: Qtot =       63.161

Mulliken Atomic Populations:
Atom #   charge [q] valence [e]      Sz [e]  Species
     1    -0.208248   13.208248   -0.059810  Ga
     2    -0.063036   18.063036   -0.057171  Ni
     3     0.052497   17.947503   -0.128795  Ni
     4    -0.031352   18.031352    0.388309  Ni
     5    -0.068634   15.068634    2.974326  Mn
     6     0.132435   14.867565   -2.584334  Mn
     7     0.126098   14.873902    3.019683  Mn
     8     0.060240   14.939760   -2.875171  Mn
-------------------------------------------
 Total     0.000000                0.677036

cite: Please indicate the Siesta version in published work: 5.2.2
cite: This calculation has made use of features in the following articles
cite: which we encourage you to cite in published work.
cite: (Please see "hea.bib" for a BibTeX file.)
        Primary SIESTA paper
          DOI: www.doi.org/10.1088/0953-8984/14/11/302
        PSML pseudopotential format
          DOI: www.doi.org/10.1016/j.cpc.2018.02.011


>> End of run:   1-AUG-2025   4:56:24
Job completed
