Executable      : /home/users/felipegc/woltsoft/SIESTA/siesta-5.2.2/build/bin/siesta
Version         : 5.2.2
Architecture    : x86_64
Compiler version: GNU-9.3.0
Compiler flags  : -O3 -march=native
Parallelisations: MPI
Lua support
Native ELPA support
ELSI support. Solvers:
   ELPA (internal) 
   NTPoly
   OMM
DFT-D3 support
Wannier90 wrapper support

Runtime information:
* Directory : /home/users/felipegc/MnGaNi/top/structure_calc_82
* Running on 36 nodes in parallel.
>> Start of run:  17-JUN-2025  20:47:27

                           *********************** 
                           *  WELCOME TO SIESTA  * 
                           *********************** 

 NOTE: Siesta V5 introduces some new defaults for basis-set generation
 NOTE: which might lead to slightly different numerical results.
 NOTE: Please see the manual for full details and compatibility measures.


reinit: Reading from standard input
reinit: Dumping input in INPUT_TMP.02699
************************** Dump of input data file ****************************
SystemName          hea
SystemLabel         hea
Reparametrize.Pseudos T
Restricted.Radial.Grid F
%include atoms.fdf
MaxSCFIterations     20000
SCF.Mix              Hamiltonian
SCF.Mixer.Method     Broyden
#SCF.Mixer.Variant    original #Pulay original
SCF.Mixer.History    8
SCF.Mixer.Weight     0.07
SCF.H.Converge       False
SCF.DM.Converge      True
SCF.DM.Tolerance     5.d-4
SCF.H.Tolerance      5.d-3 eV
MeshCutoff 300.0 Ry
MD.UseSaveCG         False
DM.UseSaveDM         False
NumberOfEigenStates -20
ElectronicTemperature 300 K
WriteCoorXmol        True
XC.Functional     GGA
XC.authors        PBEsol
SpinPolarized      True
SolutionMethod       diagon
#Diag.Algorithm        MRRR
###################################
###################################
# Full template for Basis param.
###################################
###################################
Basis.Pressure 0.3 GPa
PAO.SoftDefault T
PAO.SoftPotential 50.0 Ry
PAO.SoftInnerRadius 0.70
PAO.BasisType split
PAO.EnergyShift 0.0019 eV
PAO.BasisSize TZP
PAO.SplitTailNorm T
            %block kgrid_Monkhorst_Pack
            6  0  0  0.
            0  6  0  0.
            0  0  2  0.
            %endblock kgrid_Monkhorst_Pack
            MD.TypeOfRun CG
            MD.Steps         500
            MD.VariableCell true
            MD.MaxForceTol 0.05 eV/Ang
            WriteMDHistory true
            WriteForces true
            Write.OrbitalIndex true
            Charge.Mulliken end
            COOP.Write true
            %block ProjectedDensityOfStates
            -20.00 20.00 0.1 1000 eV
            %endblock ProjectedDensityOfStates
************************** End of input data file *****************************

reinit: -----------------------------------------------------------------------
reinit: System Name: hea
reinit: -----------------------------------------------------------------------
reinit: System Label: hea
reinit: -----------------------------------------------------------------------

NOTE on units for spin output: 
{S} is the spin magnetic moment, in units of the Bohr magneton,
assuming a g-factor for the electron spin of exactly 2.
The spin magnetic moment is then numerically equal to the charge inbalance,
in units of electrons, between the spin-up and -down channels.


initatom: Reading input for the pseudopotentials and atomic orbitals ----------
Species number:   1 Atomic number:   25 Label: Mn

Ground state valence configuration (from tables):   4s02  4p00  3d05  4f00

---- Processing specs for species: Mn
Reading pseudopotential information in PSML from:
  Mn.psml
PSML file version: 1.1
Using libxc ids:  101 130
GGA--PBE XC_GGA_X_PBE--XC_GGA_C_PBE pb
PSML uuid: e5ebd880-be41-11e7-659b-074ddfc7bd15
Semicore shell(s) with  8 electrons included in the valence for Mn

---- Pseudopotential check for Mn

Pseudized shells:
3s( 2.00) rc: 1.41
3p( 6.00) rc: 1.21
3d( 5.00) rc: 1.61
Valence configuration for ps generation: 3s:3p:3d:4s: Total charge:  15.000000
Semicore shell(s): 3s 3p
Fallback to non-perturbative polarization scheme for Mn
Please see the manual if this is not desired in principle
For Mn, standard SIESTA heuristics set lmxkb to 3
 (one more than the basis l, including polarization orbitals).
Use PS.lmax or PS.KBprojectors blocks to override.
Mn pseudopotential only contains V_ls up to l=2 -- lmxkb reset.

<basis_specs>
===============================================================================
Mn                   Z=  25    Mass=  54.938        Charge= 0.17977+309
Lmxo=2 Lmxkb= 2    BasisType=split      Semic=T
L=0  Nsemic=1  Cnfigmx=4
          i=1  nzeta=1  polorb=0  (3s)  (semicore shell)
            splnorm:   0.15000    
               vcte:    50.000    
               rinn:  -0.70000    
               qcoe:    0.0000    
               qyuk:    0.0000    
               qwid:   0.10000E-01
                rcs:    0.0000    
            lambdas:    1.0000    
          i=2  nzeta=3  polorb=0  (4s)  (to be polarized non-perturbatively)
            splnorm:   0.15000    
               vcte:    50.000    
               rinn:  -0.70000    
               qcoe:    0.0000    
               qyuk:    0.0000    
               qwid:   0.10000E-01
                rcs:    0.0000      0.0000      0.0000    
            lambdas:    1.0000      1.0000      1.0000    
L=1  Nsemic=1  Cnfigmx=4
          i=1  nzeta=1  polorb=0  (3p)  (semicore shell)
            splnorm:   0.15000    
               vcte:    50.000    
               rinn:  -0.70000    
               qcoe:    0.0000    
               qyuk:    0.0000    
               qwid:   0.10000E-01
                rcs:    0.0000    
            lambdas:    1.0000    
          i=2  nzeta=1  polorb=0  (4p)  (non-perturbative polarization shell)
            splnorm:   0.15000    
               vcte:    50.000    
               rinn:  -0.70000    
               qcoe:   0.40577-315
               qyuk:    0.0000    
               qwid:   0.69531-309
                rcs:    0.0000    
            lambdas:    1.0000    
L=2  Nsemic=0  Cnfigmx=3
          i=1  nzeta=3  polorb=0  (3d)
            splnorm:   0.15000    
               vcte:    50.000    
               rinn:  -0.70000    
               qcoe:    0.0000    
               qyuk:    0.0000    
               qwid:   0.10000E-01
                rcs:    0.0000      0.0000      0.0000    
            lambdas:    1.0000      1.0000      1.0000    
-------------------------------------------------------------------------------
L=0  Nkbl=2  erefs: 0.17977+309 0.17977+309
L=1  Nkbl=2  erefs: 0.17977+309 0.17977+309
L=2  Nkbl=1  erefs: 0.17977+309
===============================================================================
</basis_specs>

Using PAO.SplitTailNorm
atom: Called for Mn                    (Z =  25)
Maximum radius (at nrval) set to   50.00000 8518

read_vps: Pseudopotential generation method:
read_vps: ONCVPSP-3.Hamann's oncvpsp                        
Valence charge in pseudo generation:   15.00000

read_vps: Pseudopotential includes a core correction:
read_vps: Pseudo-core for xc-correction

xc_check: Exchange-correlation functional:
xc_check: GGA PBEsol
xc_check: WARNING: Pseudopotential generated with GGA PBE functional
Got Vlocal (oncv-fit) from psml data
Choosing vlocal chloc cutoff:  3.504263
qtot up to nchloc:   15.00032895
atom: Maximum radius for chlocal:    3.50426
atom: Maximum radius for r*vlocal+2*Zval:    3.50426
Reading KB projs from Mn psml data
Using scalar-relativistic projectors in PSML file

PSML: Kleinman-Bylander projectors: 
   l= 0   rc=  1.427391   Ekb= 18.471374
   l= 0   rc=  1.430269   Ekb=  3.121111
   l= 1   rc=  1.224702   Ekb=  3.156115
   l= 1   rc=  1.224702   Ekb= -1.424352
   l= 2   rc=  1.630219   Ekb=-13.224142
   l= 2   rc=  1.630219   Ekb= -4.330632

PSML: Total number of  Kleinman-Bylander projectors:  18
atom: -------------------------------------------------------------------------

atom: SANKEY-TYPE ORBITALS:
atom: Selected multiple-zeta basis: split     

SPLIT: Orbitals with angular momentum L= 0

SPLIT: Basis orbitals for state 3s

SPLIT: PAO cut-off radius determined from an
SPLIT: energy shift=  0.000140 Ry
Split based on tail norm

   izeta = 1
                 lambda =    1.000000
                     rc =    3.380000
                 energy =   -6.293298
                kinetic =    2.848567
    potential(screened) =   -9.141865
       potential(ionic) =  -33.519753

SPLIT: Basis orbitals for state 4s

SPLIT: PAO cut-off radius determined from an
SPLIT: energy shift=  0.000140 Ry
Split based on tail norm

   izeta = 1
                 lambda =    1.000000
                     rc =   10.002455
                 energy =   -0.450676
                kinetic =    1.112603
    potential(screened) =   -1.563278
       potential(ionic) =  -13.199632

   izeta = 2
                 rmatch =    5.430276
              splitnorm =    0.150000
                 energy =   -0.360834
                kinetic =    1.875764
    potential(screened) =   -2.236598
       potential(ionic) =  -15.982656

   izeta = 3
                 rmatch =    6.342382
              splitnorm =    0.075000
                 energy =   -0.415048
                kinetic =    1.529261
    potential(screened) =   -1.944310
       potential(ionic) =  -14.865309

SPLIT: Orbitals with angular momentum L= 1

SPLIT: Basis orbitals for state 3p

SPLIT: PAO cut-off radius determined from an
SPLIT: energy shift=  0.000140 Ry
Split based on tail norm

   izeta = 1
                 lambda =    1.000000
                     rc =    3.873861
                 energy =   -3.996757
                kinetic =    6.976018
    potential(screened) =  -10.972775
       potential(ionic) =  -34.563053

SPLIT: Basis orbitals for state 4p
SPLIT: Non-perturbative polarization orbs for state 4s
SPLIT: rc(1st zeta) (re)set to: 10.0025 (expansion factor: 1.0000)
Split based on tail norm

   izeta = 1
                 lambda =    1.000000
                     rc =   10.002455
                 energy =   -0.085879
                kinetic =    0.770317
    potential(screened) =   -0.856196
       potential(ionic) =   -9.409918

SPLIT: Orbitals with angular momentum L= 2

SPLIT: Basis orbitals for state 3d

SPLIT: PAO cut-off radius determined from an
SPLIT: energy shift=  0.000140 Ry
Split based on tail norm

   izeta = 1
                 lambda =    1.000000
                     rc =    7.238756
                 energy =   -0.490123
                kinetic =    9.261574
    potential(screened) =   -9.751697
       potential(ionic) =  -30.334327

   izeta = 2
                 rmatch =    3.144499
              splitnorm =    0.150000
                 energy =   -0.401801
                kinetic =   11.021778
    potential(screened) =  -11.423579
       potential(ionic) =  -33.555539

   izeta = 3
                 rmatch =    3.972182
              splitnorm =    0.075000
                 energy =   -0.464167
                kinetic =   10.072383
    potential(screened) =  -10.536551
       potential(ionic) =  -31.940836
atom: Total number of Sankey-type orbitals: 25

atm_pop: Valence configuration (for local Pseudopot. screening):
 3s( 2.00) 4s( 2.00)                                                  
 3p( 6.00) 4p( 0.00)                                                  
 3d( 5.00)                                                            
Vna: chval, zval:   15.00000  15.00000

Vna:  Cut-off radius for the neutral-atom potential:  10.002455
comcore: Pseudo-core radius Rcore=  2.115123

atom: _________________________________________________________________________

prinput: Basis input 

PAO.BasisType split     

%block ChemicalSpeciesLabel
    1   25 Mn                      # Species index, atomic number, species label
%endblock ChemicalSpeciesLabel

%block PAO.Basis                 # Define Basis set
# WARNING: This information might be incomplete!
Mn                    5                    # Species label, number of l-shells
 n=3   0   1                         # n, l, Nzeta 
   3.380   
   1.000   
 n=4   0   3                         # n, l, Nzeta 
  10.002      5.430      6.342   
   1.000      1.000      1.000   
 n=3   1   1                         # n, l, Nzeta 
   3.874   
   1.000   
 n=4   1   1                         # n, l, Nzeta 
  10.002   
   1.000   
 n=3   2   3                         # n, l, Nzeta 
   7.239      3.144      3.972   
   1.000      1.000      1.000   
%endblock PAO.Basis

prinput: ----------------------------------------------------------------------

coor:   Atomic-coordinates input format  =     Fractional

siesta: Atomic coordinates (Bohr) and species
siesta:      0.00000   0.00000   0.00000  1        1
siesta:      2.35178   2.35178   3.32592  1        2
siesta:      0.00000   0.00000   6.65184  1        3
siesta:      2.35178   2.35178   9.97775  1        4
siesta:      0.00000   0.00000  13.30367  1        5
siesta:      2.35178   2.35178  16.62959  1        6

siesta: System type = bulk      

initatomlists: Number of atoms, orbitals, and projectors:      6   150   108

coxmol: Writing XMOL coordinates into file hea.xyz                                                                                                                                                                                                                             

siesta: ******************** Simulation parameters ****************************
siesta:
siesta: The following are some of the parameters of the simulation.
siesta: A complete list of the parameters used, including default values,
siesta: can be found in file out.fdf
siesta:
redata: Spin configuration                          = collinear
redata: Number of spin components                   = 2
redata: Time-Reversal Symmetry                      = T
redata: Spin spiral                                 = F
redata: Long output                                 =   F
redata: Number of Atomic Species                    =        1
redata: Charge density info will appear in .RHO file
redata: Write Mulliken charges (when)               = end
redata: Write Mulliken Pop.                         = Atomic and Orbital charges
redata: Write Hirshfeld charges (when)              = none
redata: Write Voronoi charges (when)                = none
redata: Write spin charge (when)                    = scf
redata: Matel table size (NRTAB)                    =     1024
redata: Mesh Cutoff                                 =   300.0000 Ry
redata: Net charge of the system                    =     0.0000 |e|
redata: Min. number of SCF Iter                     =        0
redata: Max. number of SCF Iter                     =    20000
redata: SCF convergence failure will abort job
redata: SCF mix quantity                            = Hamiltonian
redata: Mix DM or H after convergence               =   F
redata: Recompute H after scf cycle                 =   F
redata: Mix DM in first SCF step                    =   T
redata: Write Pulay info on disk                    =   F
redata: New DM Occupancy tolerance                  = 0.000000000001
redata: No kicks to SCF
redata: DM Mixing Weight for Kicks                  =     0.5000
redata: Require Harris convergence for SCF          =   F
redata: Harris energy tolerance for SCF             =     0.000100 eV
redata: Require DM convergence for SCF              =   T
redata: DM tolerance for SCF                        =     0.000500
redata: Require EDM convergence for SCF             =   F
redata: EDM tolerance for SCF                       =     0.001000 eV
redata: Require H convergence for SCF               =   F
redata: Hamiltonian tolerance for SCF               =     0.005000 eV
redata: Require (free) Energy convergence for SCF   =   F
redata: (free) Energy tolerance for SCF             =     0.000100 eV
redata: Antiferro initial spin density              =   F
redata: Using DFT-D3 dispersion                     =   F
redata: Using Saved Data (generic)                  =   F
redata: Use continuation files for DM               =   F
redata: Neglect nonoverlap interactions             =   F
redata: Method of Calculation                       = Diagonalization
redata: Electronic Temperature                      =   300.0000 K
redata: Fix the spin of the system                  =   F
redata: Max. number of TDED Iter                    =        1
redata: Number of TDED substeps                     =        3
redata: Dynamics option                             = CG coord. optimization
redata: Variable cell                               =   T
redata: Use continuation files for CG               =   F
redata: Max atomic displ per move                   =     0.1058 Ang
redata: Maximum number of optimization moves        =      500
redata: Force tolerance                             =     0.0500 eV/Ang
redata: Stress tolerance                            =     1.0000 GPa
mix.SCF: Broyden mixing                          = Broyden
mix.SCF:    History steps                        = 8
mix.SCF:    Linear mixing weight                 =     0.070000
mix.SCF:    Inverse Jacobian weight              =     0.070000
mix.SCF:    Weight prime                         =     0.070000
mix.SCF:    SVD condition                        = 0.1000E-07
mix.SCF: Spin-component mixing                   all
redata: ***********************************************************************

%block SCF.Mixers
  Broyden
%endblock SCF.Mixers

%block SCF.Mixer.Broyden
  # Mixing method
  method broyden

  # Mixing options
  weight 0.0700
  weight.linear 0.0700
  weight.prime 0.0700
  history 8
%endblock SCF.Mixer.Broyden

DM_history_depth set to one: no extrapolation allowed by default for geometry relaxation
Size of DM history Fstack: 1
Total number of electrons:    90.000000
Total ionic charge:    90.000000

* ProcessorY, Blocksize:    3   4


* Orbital distribution balance (max,min):     8     4

k-point displ. along   1 input, could be:     0.00    0.50
k-point displ. along   2 input, could be:     0.00    0.50
k-point displ. along   3 input, could be:     0.00    0.50
 Kpoints in:           48 . Kpoints trimmed:           46

siesta: k-grid: Number of k-points = 46
siesta: k-points from Monkhorst-Pack grid
siesta: k-cutoff (effective) =     7.467 Ang
siesta: k-point supercell and displacements
siesta: k-grid:     6     0     0      0.000
siesta: k-grid:     0     6     0      0.000
siesta: k-grid:     0     0     2      0.000
k-point displ. along   1 input, could be:     0.00    0.50
k-point displ. along   2 input, could be:     0.00    0.50
k-point displ. along   3 input, could be:     0.00    0.50
 Kpoints in:           48 . Kpoints trimmed:           46

siesta: PDOS k-grid: Number of k-points = 46
siesta: PDOS k-points from Monkhorst-Pack grid
siesta: PDOS k-cutoff (effective) =     0.000 Ang
siesta: PDOS k-point supercell and displacements
siesta: k-grid:     6     0     0      0.000
siesta: k-grid:     0     6     0      0.000
siesta: k-grid:     0     0     2      0.000

diag: Algorithm                                     = D&C
diag: Parallel over k                               =   F
diag: Use parallel 2D distribution                  =   T
diag: Parallel block-size                           = 4
diag: Parallel distribution                         =     6 x     6
diag: Used triangular part                          = Lower
diag: Absolute tolerance                            =  0.100E-15
diag: Orthogonalization factor                      =  0.100E-05
diag: Memory factor                                 =  1.0000
diag: The diagonalization method chosen cannot compute a reduced number of eigenvectors.
diag: Resetting neigwanted 67 to 150

superc: Internal auxiliary supercell:     9 x     9 x     3  =     243
superc: Number of atoms, orbitals, and projectors:   1458  36450  26244


ts: **************************************************************
ts: Save H and S matrices                           =    F
ts: Save DM and EDM matrices                        =    F
ts: Only save the overlap matrix S                  =    F
ts: **************************************************************

************************ Begin: TS CHECKS AND WARNINGS ************************
************************ End: TS CHECKS AND WARNINGS **************************


                     ====================================
                        Begin CG opt. move =      0
                     ====================================

superc: Internal auxiliary supercell:     9 x     9 x     3  =     243
superc: Number of atoms, orbitals, and projectors:   1458  36450  26244

outcell: Unit cell vectors (Ang):
        2.489016    0.000000    0.000000
        0.000000    2.489016    0.000000
        0.000000    0.000000   10.560000

outcell: Cell vector modules (Ang)   :    2.489016    2.489016   10.560000
outcell: Cell angles (23,13,12) (deg):     90.0000     90.0000     90.0000
outcell: Cell volume (Ang**3)        :     65.4213
<dSpData1D:S at geom step 0
  <sparsity:sparsity for geom step 0
    nrows_g=150 nrows=8 sparsity=1.1949 nnzs=26886, refcount: 7>
  <dData1D:(new from dSpData1D) n=26886, refcount: 1>
refcount: 1>
new_DM -- step:     1
Initializing Density Matrix...
DM filled with atomic data:
<dSpData2D:DM initialized from atoms
  <sparsity:sparsity for geom step 0
    nrows_g=150 nrows=8 sparsity=1.1949 nnzs=26886, refcount: 8>
  <dData2D:DM n=26886 m=2, refcount: 1>
refcount: 1>
No. of atoms with KB's overlaping orbs in proc 0. Max # of overlaps:     100     783

InitMesh: MESH = 30 x 30 x 120 = 108000
InitMesh: Mesh cutoff (required, used) =   300.000   356.892 Ry
New grid distribution [1]: sub = 2
New grid distribution [2]: sub = 2
New grid distribution [3]: sub = 2
Setting up quadratic distribution...

stepf: Fermi-Dirac step function

siesta: Program's energy decomposition (eV):
siesta: Ebs     =     -3514.701712
siesta: Eions   =     24069.991265
siesta: Ena     =      2495.792901
siesta: Ekin    =      7745.599939
siesta: Enl     =     -1122.326800
siesta: Eso     =         0.000000
siesta: Edftu   =         0.000000
siesta: DEna    =       152.149583
siesta: DUscf   =         3.320929
siesta: DUext   =         0.000000
siesta: Ex      =     -2778.055460
siesta: Ec      =      -172.961964
siesta: Exc     =     -2951.017424
siesta: EbV     =         0.000000
siesta: eta*DQ  =         0.000000
siesta: Emadel  =         0.000000
siesta: Emeta   =         0.000000
siesta: Emolmec =         0.000000
siesta: Ekinion =         0.000000
siesta: Eharris =    -17651.277119
siesta: Etot    =    -17746.472138
siesta: FreeEng =    -17746.506001

        iscf     Eharris(eV)        E_KS(eV)     FreeEng(eV)     dDmax    Ef(eV) dHmax(eV)
   scf:    1   -17651.277119   -17746.472138   -17746.506001  3.291614 -6.264731  4.276277
     spin moment: {S} , |S| = {        0.0        0.0   18.61661 }    18.61661
timer: Routine,Calls,Time,% = IterSCF        1       3.603  38.36
   scf:    2   -17747.703343   -17747.095442   -17747.129746  0.390048 -6.396140  3.726028
     spin moment: {S} , |S| = {        0.0        0.0   18.34090 }    18.34090
   scf:    3   -17750.990771   -17749.347888   -17749.372684  1.841900 -7.180820  0.742819
     spin moment: {S} , |S| = {        0.0        0.0   16.52476 }    16.52476
   scf:    4   -17750.823391   -17750.253422   -17750.275295  0.414612 -6.897444  2.319374
     spin moment: {S} , |S| = {        0.0        0.0   13.54829 }    13.54829
   scf:    5   -17755.703118   -17752.291326   -17752.304610  1.509083 -8.080515  2.242225
     spin moment: {S} , |S| = {        0.0        0.0    5.62453 }     5.62453
   scf:    6   -17752.289833   -17752.289275   -17752.301239  0.025248 -8.054147  2.217741
     spin moment: {S} , |S| = {        0.0        0.0    5.87183 }     5.87183
   scf:    7   -17752.807063   -17752.646303   -17752.667182  0.263502 -7.619478  0.703828
     spin moment: {S} , |S| = {        0.0        0.0    7.22956 }     7.22956
   scf:    8   -17752.714124   -17752.680542   -17752.699667  0.009884 -7.599447  0.553614
     spin moment: {S} , |S| = {        0.0        0.0    7.14705 }     7.14705
   scf:    9   -17750.239645   -17751.240301   -17751.267179  0.712895 -7.106831  1.780733
     spin moment: {S} , |S| = {        0.0        0.0   11.18680 }    11.18680
   scf:   10   -17752.326937   -17751.816633   -17751.848365  0.415480 -7.340207  0.673284
     spin moment: {S} , |S| = {        0.0        0.0   10.25476 }    10.25476
   scf:   11   -17752.117616   -17751.963110   -17751.992971  0.065592 -7.375536  0.546247
     spin moment: {S} , |S| = {        0.0        0.0    9.77705 }     9.77705
   scf:   12   -17753.166597   -17752.499285   -17752.523873  0.253976 -7.575678  0.615632
     spin moment: {S} , |S| = {        0.0        0.0    7.79107 }     7.79107
   scf:   13   -17750.871614   -17751.484885   -17751.511039  0.485718 -7.269001  1.060804
     spin moment: {S} , |S| = {        0.0        0.0   11.17702 }    11.17702
   scf:   14   -17745.566250   -17747.260611   -17747.275605  1.312035 -6.922389  1.534406
     spin moment: {S} , |S| = {        0.0        0.0   19.55864 }    19.55864
   scf:   15   -17772.614090   -17753.179866   -17753.189093  2.046017 -7.864930  1.362773
     spin moment: {S} , |S| = {        0.0        0.0    1.34976 }     1.34976
   scf:   16   -17753.369170   -17753.277597   -17753.286617  0.025904 -7.819998  1.142621
     spin moment: {S} , |S| = {        0.0        0.0    1.41578 }     1.41578
   scf:   17   -17753.040377   -17753.148741   -17753.165916  0.056184 -7.891848  1.360312
     spin moment: {S} , |S| = {        0.0        0.0    2.01268 }     2.01268
   scf:   18   -17753.205940   -17753.138474   -17753.165675  0.125123 -7.791096  0.993938
     spin moment: {S} , |S| = {        0.0        0.0    3.53159 }     3.53159
   scf:   19   -17752.839092   -17752.906789   -17752.920616  0.236034 -7.984506  1.933736
     spin moment: {S} , |S| = {        0.0        0.0    1.16177 }     1.16177
   scf:   20   -17753.556006   -17753.222558   -17753.248981  0.194435 -7.786064  1.019188
     spin moment: {S} , |S| = {        0.0        0.0    2.66972 }     2.66972
   scf:   21   -17753.216403   -17753.204782   -17753.235443  0.100571 -7.709386  0.604934
     spin moment: {S} , |S| = {        0.0        0.0    3.74906 }     3.74906
   scf:   22   -17753.244971   -17753.266406   -17753.291405  0.119555 -7.506146  0.608237
     spin moment: {S} , |S| = {        0.0        0.0    3.54972 }     3.54972
   scf:   23   -17753.696698   -17753.436940   -17753.456263  0.115989 -7.567933  0.181403
     spin moment: {S} , |S| = {        0.0        0.0    1.95380 }     1.95380
   scf:   24   -17753.594806   -17753.487707   -17753.504494  0.121940 -7.583037  0.274847
     spin moment: {S} , |S| = {        0.0        0.0    0.94978 }     0.94978
   scf:   25   -17753.495043   -17753.491154   -17753.506374  0.014072 -7.570843  0.226114
     spin moment: {S} , |S| = {        0.0        0.0    1.04986 }     1.04986
   scf:   26   -17753.519869   -17753.494964   -17753.511873  0.111303 -7.592396  0.270347
     spin moment: {S} , |S| = {        0.0        0.0    0.36924 }     0.36924
   scf:   27   -17753.534694   -17753.495648   -17753.506923  0.130086 -7.555034  0.210670
     spin moment: {S} , |S| = {        0.0        0.0    1.23777 }     1.23777
   scf:   28   -17753.494795   -17753.495404   -17753.506936  0.010448 -7.567269  0.248877
     spin moment: {S} , |S| = {        0.0        0.0    1.21417 }     1.21417
   scf:   29   -17753.492318   -17753.492964   -17753.502517  0.020171 -7.566218  0.128111
     spin moment: {S} , |S| = {        0.0        0.0    1.37301 }     1.37301
   scf:   30   -17753.495846   -17753.494412   -17753.504275  0.008132 -7.567710  0.130492
     spin moment: {S} , |S| = {        0.0        0.0    1.38348 }     1.38348
   scf:   31   -17753.487656   -17753.491103   -17753.502789  0.008780 -7.566095  0.150803
     spin moment: {S} , |S| = {        0.0        0.0    1.43812 }     1.43812
   scf:   32   -17753.432543   -17753.459152   -17753.475410  0.052348 -7.575338  0.179804
     spin moment: {S} , |S| = {        0.0        0.0    1.71513 }     1.71513
   scf:   33   -17753.595906   -17753.510944   -17753.525745  0.119020 -7.558999  0.072109
     spin moment: {S} , |S| = {        0.0        0.0    1.06225 }     1.06225
   scf:   34   -17753.512089   -17753.511506   -17753.526740  0.006218 -7.555710  0.071562
     spin moment: {S} , |S| = {        0.0        0.0    1.04875 }     1.04875
   scf:   35   -17753.517364   -17753.514165   -17753.530771  0.018001 -7.554670  0.054294
     spin moment: {S} , |S| = {        0.0        0.0    0.98026 }     0.98026
   scf:   36   -17753.516007   -17753.515026   -17753.532191  0.006564 -7.555738  0.048995
     spin moment: {S} , |S| = {        0.0        0.0    0.93707 }     0.93707
   scf:   37   -17753.513052   -17753.514012   -17753.530904  0.005434 -7.555881  0.052237
     spin moment: {S} , |S| = {        0.0        0.0    0.95607 }     0.95607
   scf:   38   -17753.514026   -17753.514020   -17753.530920  0.000473 -7.555659  0.049619
     spin moment: {S} , |S| = {        0.0        0.0    0.95527 }     0.95527

SCF Convergence by DM criterion
max |DM_out - DM_in|         :     0.0004728182
max |H_out - H_in|      (eV) :     0.0496188480
SCF cycle converged after 38 iterations

Using DM_out to compute the final energy and forces
No. of atoms with KB's overlaping orbs in proc 0. Max # of overlaps:     100     783

siesta: E_KS(eV) =           -17753.5140

siesta: E_KS - E_eggbox =    -17753.5140

siesta: Atomic forces (eV/Ang):
     1   -0.000000   -0.000000    0.000391
     2   -0.000000   -0.000000    0.002042
     3    0.000000   -0.000000    0.000387
     4   -0.000000   -0.000000   -0.000413
     5    0.000000   -0.000000   -0.000777
     6    0.000000    0.000000   -0.001629
----------------------------------------
   Tot    0.000000   -0.000000   -0.000000
----------------------------------------
   Max    0.002042
   Res    0.000662    sqrt( Sum f_i^2 / 3N )
----------------------------------------
   Max    0.002042    constrained

Stress tensor Voigt[x,y,z,yz,xz,xy] (kbar):      143.38      143.38      113.53        0.00        0.00        0.00
(Free)E + p*V (eV/cell)   -17758.9792
Target enthalpy (eV/cell)   -17753.5309

siesta: Stress tensor (static) (eV/Ang**3):
         0.089490    0.000000   -0.000000
         0.000000    0.089490   -0.000000
         0.000000    0.000000    0.070859

siesta: Pressure (static):       -133.42874414  kBar

siesta: Stress tensor (total) (eV/Ang**3):
         0.089490    0.000000   -0.000000
         0.000000    0.089490   -0.000000
         0.000000    0.000000    0.070859

siesta: Pressure (total):       -133.42874414  kBar

cgvc: No target stress found, assuming hydrostatic MD.TargetPressure.

cgvc: Target stress (kBar)
cgvc:        -0.000       0.000       0.000
cgvc:         0.000      -0.000       0.000
cgvc:         0.000       0.000      -0.000

                     ====================================
                        Begin CG opt. move =      1
                     ====================================
k-point displ. along   1 input, could be:     0.00    0.50
k-point displ. along   2 input, could be:     0.00    0.50
k-point displ. along   3 input, could be:     0.00    0.50
 Kpoints in:           48 . Kpoints trimmed:           46

siesta: k-grid: Number of k-points = 46
siesta: k-points from Monkhorst-Pack grid
siesta: k-cutoff (effective) =     7.370 Ang
siesta: k-point supercell and displacements
siesta: k-grid:     6     0     0      0.000
siesta: k-grid:     0     6     0      0.000
siesta: k-grid:     0     0     2      0.000

superc: Internal auxiliary supercell:     9 x     9 x     3  =     243
superc: Number of atoms, orbitals, and projectors:   1458  36450  26244

outcell: Unit cell vectors (Ang):
        2.456510   -0.000000   -0.000000
       -0.000000    2.456510   -0.000000
       -0.000000   -0.000000   10.450801

outcell: Cell vector modules (Ang)   :    2.456510    2.456510   10.450801
outcell: Cell angles (23,13,12) (deg):     90.0000     90.0000     90.0000
outcell: Cell volume (Ang**3)        :     63.0648
<dSpData1D:S at geom step 1
  <sparsity:sparsity for geom step 1
    nrows_g=150 nrows=8 sparsity=1.1949 nnzs=26886, refcount: 7>
  <dData1D:(new from dSpData1D) n=26886, refcount: 1>
refcount: 1>
new_DM -- step:     2
Re-using DM from previous geometries...
Number of DMs in history: 1
 DM extrapolation coefficients: 
1   1.00000
New DM after history re-use:
<dSpData2D:SpM extrapolated using coords
  <sparsity:sparsity for geom step 1
    nrows_g=150 nrows=8 sparsity=1.1949 nnzs=26886, refcount: 9>
  <dData2D:(temp array for extrapolation) n=26886 m=2, refcount: 1>
refcount: 1>
No. of atoms with KB's overlaping orbs in proc 0. Max # of overlaps:     100     783

InitMesh: MESH = 30 x 30 x 120 = 108000
InitMesh: Mesh cutoff (required, used) =   300.000   364.389 Ry
New grid distribution [1]: sub = 2
New grid distribution [2]: sub = 2
New grid distribution [3]: sub = 2
Setting up quadratic distribution...

        iscf     Eharris(eV)        E_KS(eV)     FreeEng(eV)     dDmax    Ef(eV) dHmax(eV)
   scf:    1   -17748.955388   -17753.640805   -17753.657299  0.135516 -7.635242  0.650707
     spin moment: {S} , |S| = {        0.0        0.0    0.69104 }     0.69104
   scf:    2   -17664.061977   -17723.935298   -17723.950882  0.449702 -7.819756 33.619839
     spin moment: {S} , |S| = {        0.0        0.0    0.49905 }     0.49905
   scf:    3   -17754.034205   -17753.651900   -17753.668219  0.435005 -7.649005  0.261057
     spin moment: {S} , |S| = {        0.0        0.0    0.67020 }     0.67020
   scf:    4   -17753.659437   -17753.656408   -17753.672462  0.010681 -7.665507  0.231181
     spin moment: {S} , |S| = {        0.0        0.0    0.64087 }     0.64087
   scf:    5   -17753.664322   -17753.661803   -17753.677269  0.020209 -7.696263  0.220371
     spin moment: {S} , |S| = {        0.0        0.0    0.58259 }     0.58259
   scf:    6   -17753.663509   -17753.663081   -17753.678454  0.003679 -7.699509  0.057604
     spin moment: {S} , |S| = {        0.0        0.0    0.57380 }     0.57380
   scf:    7   -17753.672920   -17753.667844   -17753.681988  0.027524 -7.701131  0.179852
     spin moment: {S} , |S| = {        0.0        0.0    0.45797 }     0.45797
   scf:    8   -17753.670138   -17753.668972   -17753.682867  0.006242 -7.702450  0.161846
     spin moment: {S} , |S| = {        0.0        0.0    0.43332 }     0.43332
   scf:    9   -17753.692092   -17753.675494   -17753.689036  0.071821 -7.716077  0.024822
     spin moment: {S} , |S| = {        0.0        0.0    0.07070 }     0.07070
   scf:   10   -17753.675530   -17753.675456   -17753.688907  0.006968 -7.714965  0.015342
     spin moment: {S} , |S| = {        0.0        0.0    0.11000 }     0.11000
   scf:   11   -17753.675728   -17753.675550   -17753.689080  0.004578 -7.715096  0.012361
     spin moment: {S} , |S| = {        0.0        0.0    0.07689 }     0.07689
   scf:   12   -17753.675886   -17753.675646   -17753.689262  0.004956 -7.713927  0.008752
     spin moment: {S} , |S| = {        0.0        0.0    0.03341 }     0.03341
   scf:   13   -17753.675691   -17753.675648   -17753.689300  0.002786 -7.713066  0.003169
     spin moment: {S} , |S| = {        0.0        0.0    0.00978 }     0.00978
   scf:   14   -17753.675655   -17753.675651   -17753.689302  0.000429 -7.713021  0.003000
     spin moment: {S} , |S| = {        0.0        0.0    0.00651 }     0.00651

SCF Convergence by DM criterion
max |DM_out - DM_in|         :     0.0004288635
max |H_out - H_in|      (eV) :     0.0029995632
SCF cycle converged after 14 iterations

Using DM_out to compute the final energy and forces
No. of atoms with KB's overlaping orbs in proc 0. Max # of overlaps:     100     783

siesta: E_KS(eV) =           -17753.6757

siesta: Atomic forces (eV/Ang):
     1    0.000000    0.000000   -0.000478
     2    0.000000    0.000000   -0.001523
     3   -0.000000    0.000000    0.000230
     4   -0.000000    0.000000    0.000433
     5   -0.000000    0.000000    0.000253
     6   -0.000000   -0.000000    0.001088
----------------------------------------
   Tot   -0.000000    0.000000    0.000003
----------------------------------------
   Max    0.001523
   Res    0.000474    sqrt( Sum f_i^2 / 3N )
----------------------------------------
   Max    0.001523    constrained

Stress tensor Voigt[x,y,z,yz,xz,xy] (kbar):       41.06       41.06       31.54       -0.00        0.00       -0.00
(Free)E + p*V (eV/cell)   -17755.1806
Target enthalpy (eV/cell)   -17753.6893

siesta: Stress tensor (static) (eV/Ang**3):
         0.025627   -0.000000    0.000000
        -0.000000    0.025627   -0.000000
         0.000000   -0.000000    0.019686

siesta: Pressure (static):        -37.88672405  kBar

siesta: Stress tensor (total) (eV/Ang**3):
         0.025627   -0.000000    0.000000
        -0.000000    0.025627   -0.000000
         0.000000   -0.000000    0.019686

siesta: Pressure (total):        -37.88672405  kBar

                     ====================================
                        Begin CG opt. move =      2
                     ====================================
k-point displ. along   1 input, could be:     0.00    0.50
k-point displ. along   2 input, could be:     0.00    0.50
k-point displ. along   3 input, could be:     0.00    0.50
 Kpoints in:           48 . Kpoints trimmed:           46

siesta: k-grid: Number of k-points = 46
siesta: k-points from Monkhorst-Pack grid
siesta: k-cutoff (effective) =     7.214 Ang
siesta: k-point supercell and displacements
siesta: k-grid:     6     0     0      0.000
siesta: k-grid:     0     6     0      0.000
siesta: k-grid:     0     0     2      0.000

superc: Internal auxiliary supercell:     9 x     9 x     3  =     243
superc: Number of atoms, orbitals, and projectors:   1458  36450  26244

outcell: Unit cell vectors (Ang):
        2.404501   -0.000000   -0.000000
       -0.000000    2.404501   -0.000000
       -0.000000   -0.000000   10.276084

outcell: Cell vector modules (Ang)   :    2.404501    2.404501   10.276084
outcell: Cell angles (23,13,12) (deg):     90.0000     90.0000     90.0000
outcell: Cell volume (Ang**3)        :     59.4124
<dSpData1D:S at geom step 2
  <sparsity:sparsity for geom step 2
    nrows_g=150 nrows=8 sparsity=1.2988 nnzs=29222, refcount: 7>
  <dData1D:(new from dSpData1D) n=29222, refcount: 1>
refcount: 1>
new_DM -- step:     3
Re-using DM from previous geometries...
Number of DMs in history: 1
 DM extrapolation coefficients: 
1   1.00000
New DM after history re-use:
<dSpData2D:SpM extrapolated using coords
  <sparsity:sparsity for geom step 2
    nrows_g=150 nrows=8 sparsity=1.2988 nnzs=29222, refcount: 9>
  <dData2D:(temp array for extrapolation) n=29222 m=2, refcount: 1>
refcount: 1>
Note: For starting DM, Qtot, Tr[D*S] =         90.00000000         89.80734216
No. of atoms with KB's overlaping orbs in proc 0. Max # of overlaps:     100     807

InitMesh: MESH = 30 x 30 x 108 = 97200
InitMesh: Mesh cutoff (required, used) =   300.000   305.277 Ry
New grid distribution [1]: sub = 2
New grid distribution [2]: sub = 2
New grid distribution [3]: sub = 2
Setting up quadratic distribution...

        iscf     Eharris(eV)        E_KS(eV)     FreeEng(eV)     dDmax    Ef(eV) dHmax(eV)
   scf:    1   -17744.200540   -17753.493161   -17753.506282  0.203633 -7.833480  0.674910
     spin moment: {S} , |S| = {        0.0        0.0    0.00452 }     0.00452
   scf:    2   -17739.671531   -17748.945234   -17748.956395  0.226623 -8.155010 12.604871
     spin moment: {S} , |S| = {        0.0        0.0    0.00245 }     0.00245
   scf:    3   -17753.429306   -17753.509711   -17753.522818  0.217872 -7.860518  0.502316
     spin moment: {S} , |S| = {        0.0        0.0    0.00441 }     0.00441
   scf:    4   -17753.543920   -17753.533827   -17753.546915  0.067786 -7.947897  0.166067
     spin moment: {S} , |S| = {        0.0        0.0    0.00398 }     0.00398
   scf:    5   -17753.534949   -17753.534932   -17753.548023  0.006783 -7.957598  0.040499
     spin moment: {S} , |S| = {        0.0        0.0    0.00390 }     0.00390
   scf:    6   -17753.534966   -17753.534965   -17753.548056  0.000477 -7.957664  0.008023
     spin moment: {S} , |S| = {        0.0        0.0    0.00388 }     0.00388

SCF Convergence by DM criterion
max |DM_out - DM_in|         :     0.0004769318
max |H_out - H_in|      (eV) :     0.0080229857
SCF cycle converged after 6 iterations

Using DM_out to compute the final energy and forces
No. of atoms with KB's overlaping orbs in proc 0. Max # of overlaps:     100     807

siesta: E_KS(eV) =           -17753.5350

siesta: Atomic forces (eV/Ang):
     1   -0.000000   -0.000000    0.000150
     2   -0.000000    0.000000   -0.003280
     3    0.000000   -0.000000    0.000379
     4   -0.000000   -0.000000   -0.000122
     5    0.000000    0.000000   -0.000581
     6    0.000000    0.000000    0.003478
----------------------------------------
   Tot   -0.000000    0.000000    0.000023
----------------------------------------
   Max    0.003478
   Res    0.001139    sqrt( Sum f_i^2 / 3N )
----------------------------------------
   Max    0.003478    constrained

Stress tensor Voigt[x,y,z,yz,xz,xy] (kbar):     -168.63     -168.63     -172.70       -0.00        0.00       -0.00
(Free)E + p*V (eV/cell)   -17747.2446
Target enthalpy (eV/cell)   -17753.5481

siesta: Stress tensor (static) (eV/Ang**3):
        -0.105250   -0.000000    0.000000
        -0.000000   -0.105250    0.000000
         0.000000   -0.000000   -0.107789

siesta: Pressure (static):        169.98539453  kBar

siesta: Stress tensor (total) (eV/Ang**3):
        -0.105250   -0.000000    0.000000
        -0.000000   -0.105250    0.000000
         0.000000   -0.000000   -0.107789

siesta: Pressure (total):        169.98539453  kBar

                     ====================================
                        Begin CG opt. move =      3
                     ====================================
k-point displ. along   1 input, could be:     0.00    0.50
k-point displ. along   2 input, could be:     0.00    0.50
k-point displ. along   3 input, could be:     0.00    0.50
 Kpoints in:           48 . Kpoints trimmed:           46

siesta: k-grid: Number of k-points = 46
siesta: k-points from Monkhorst-Pack grid
siesta: k-cutoff (effective) =     7.339 Ang
siesta: k-point supercell and displacements
siesta: k-grid:     6     0     0      0.000
siesta: k-grid:     0     6     0      0.000
siesta: k-grid:     0     0     2      0.000

superc: Internal auxiliary supercell:     9 x     9 x     3  =     243
superc: Number of atoms, orbitals, and projectors:   1458  36450  26244

outcell: Unit cell vectors (Ang):
        2.446450   -0.000000   -0.000000
       -0.000000    2.446450   -0.000000
       -0.000000   -0.000000   10.417005

outcell: Cell vector modules (Ang)   :    2.446450    2.446450   10.417005
outcell: Cell angles (23,13,12) (deg):     90.0000     90.0000     90.0000
outcell: Cell volume (Ang**3)        :     62.3470
<dSpData1D:S at geom step 3
  <sparsity:sparsity for geom step 3
    nrows_g=150 nrows=8 sparsity=1.1949 nnzs=26886, refcount: 7>
  <dData1D:(new from dSpData1D) n=26886, refcount: 1>
refcount: 1>
new_DM -- step:     4
Re-using DM from previous geometries...
Number of DMs in history: 1
 DM extrapolation coefficients: 
1   1.00000
New DM after history re-use:
<dSpData2D:SpM extrapolated using coords
  <sparsity:sparsity for geom step 3
    nrows_g=150 nrows=8 sparsity=1.1949 nnzs=26886, refcount: 9>
  <dData2D:(temp array for extrapolation) n=26886 m=2, refcount: 1>
refcount: 1>
Note: For starting DM, Qtot, Tr[D*S] =         90.00000000         90.20711782
No. of atoms with KB's overlaping orbs in proc 0. Max # of overlaps:     100     783

InitMesh: MESH = 30 x 30 x 120 = 108000
InitMesh: Mesh cutoff (required, used) =   300.000   366.757 Ry
New grid distribution [1]: sub = 2
New grid distribution [2]: sub = 2
New grid distribution [3]: sub = 2
Setting up quadratic distribution...

        iscf     Eharris(eV)        E_KS(eV)     FreeEng(eV)     dDmax    Ef(eV) dHmax(eV)
   scf:    1   -17761.792636   -17753.621301   -17753.634766  0.152877 -7.903807  1.016281
     spin moment: {S} , |S| = {        0.0        0.0    0.00285 }     0.00285
   scf:    2   -17673.644421   -17727.143349   -17727.160613  0.440265 -7.495787 29.130705
     spin moment: {S} , |S| = {        0.0        0.0    0.00259 }     0.00259
   scf:    3   -17753.892190   -17753.649853   -17753.663311  0.427742 -7.871931  0.493093
     spin moment: {S} , |S| = {        0.0        0.0    0.00279 }     0.00279
   scf:    4   -17753.696854   -17753.683021   -17753.696471  0.044728 -7.771925  0.265771
     spin moment: {S} , |S| = {        0.0        0.0    0.00255 }     0.00255
   scf:    5   -17753.685260   -17753.684757   -17753.698214  0.007023 -7.760488  0.100203
     spin moment: {S} , |S| = {        0.0        0.0    0.00250 }     0.00250
   scf:    6   -17753.684947   -17753.684885   -17753.698343  0.000592 -7.760328  0.058628
     spin moment: {S} , |S| = {        0.0        0.0    0.00249 }     0.00249
   scf:    7   -17753.685021   -17753.684977   -17753.698438  0.000527 -7.760117  0.020391
     spin moment: {S} , |S| = {        0.0        0.0    0.00246 }     0.00246
   scf:    8   -17753.684955   -17753.684981   -17753.698445  0.000367 -7.759892  0.014709
     spin moment: {S} , |S| = {        0.0        0.0    0.00240 }     0.00240

SCF Convergence by DM criterion
max |DM_out - DM_in|         :     0.0003674597
max |H_out - H_in|      (eV) :     0.0147092032
SCF cycle converged after 8 iterations

Using DM_out to compute the final energy and forces
No. of atoms with KB's overlaping orbs in proc 0. Max # of overlaps:     100     783

siesta: E_KS(eV) =           -17753.6850

siesta: Atomic forces (eV/Ang):
     1   -0.000000    0.000000    0.001573
     2    0.000000    0.000000    0.001488
     3   -0.000000   -0.000000    0.001723
     4    0.000000    0.000000   -0.001522
     5   -0.000000    0.000000   -0.003291
     6    0.000000   -0.000000    0.000029
----------------------------------------
   Tot    0.000000    0.000000    0.000000
----------------------------------------
   Max    0.003291
   Res    0.001075    sqrt( Sum f_i^2 / 3N )
----------------------------------------
   Max    0.003291    constrained

Stress tensor Voigt[x,y,z,yz,xz,xy] (kbar):        3.63        3.63       -3.58       -0.00       -0.00       -0.00
(Free)E + p*V (eV/cell)   -17753.7462
Target enthalpy (eV/cell)   -17753.6984

siesta: Stress tensor (static) (eV/Ang**3):
         0.002266   -0.000000    0.000000
        -0.000000    0.002266    0.000000
        -0.000000   -0.000000   -0.002234

siesta: Pressure (static):         -1.22665023  kBar

siesta: Stress tensor (total) (eV/Ang**3):
         0.002266   -0.000000    0.000000
        -0.000000    0.002266    0.000000
        -0.000000   -0.000000   -0.002234

siesta: Pressure (total):         -1.22665023  kBar

outcoor: Relaxed atomic coordinates (fractional):           
   -0.00000000   -0.00000000    0.00000270   1       1  Mn
    0.50000000    0.50000000    0.16668079   1       2  Mn
    0.00000000   -0.00000000    0.33333601   1       3  Mn
    0.50000000    0.50000000    0.49999715   1       4  Mn
    0.00000000   -0.00000000    0.66666129   1       5  Mn
    0.50000000    0.50000000    0.83332207   1       6  Mn

outcell: Unit cell vectors (Ang):
        2.446450   -0.000000   -0.000000
       -0.000000    2.446450   -0.000000
       -0.000000   -0.000000   10.417005

outcell: Cell vector modules (Ang)   :    2.446450    2.446450   10.417005
outcell: Cell angles (23,13,12) (deg):     90.0000     90.0000     90.0000
outcell: Cell volume (Ang**3)        :     62.3470

coxmol: Writing XMOL coordinates into file hea.xyz                                                                                                                                                                                                                             
Writing WFSX for COOP/COHP in hea.fullBZ.WFSX

diag: Algorithm                                     = D&C
diag: Parallel over k                               =   F
diag: Use parallel 2D distribution                  =   T
diag: Parallel block-size                           = 4
diag: Parallel distribution                         =     6 x     6
diag: Used triangular part                          = Lower
diag: Absolute tolerance                            =  0.100E-15
diag: Orthogonalization factor                      =  0.100E-05
diag: Memory factor                                 =  1.0000

diag: Algorithm                                     = D&C
diag: Parallel over k                               =   F
diag: Use parallel 2D distribution                  =   T
diag: Parallel block-size                           = 4
diag: Parallel distribution                         =     6 x     6
diag: Used triangular part                          = Lower
diag: Absolute tolerance                            =  0.100E-15
diag: Orthogonalization factor                      =  0.100E-05
diag: Memory factor                                 =  1.0000

siesta: PDOS info
siesta: E1 -- E2, sigma [eV], nhist:  -20.000 --   20.000    0.100 1000

diag: Algorithm                                     = D&C
diag: Parallel over k                               =   F
diag: Use parallel 2D distribution                  =   T
diag: Parallel block-size                           = 4
diag: Parallel distribution                         =     6 x     6
diag: Used triangular part                          = Lower
diag: Absolute tolerance                            =  0.100E-15
diag: Orthogonalization factor                      =  0.100E-05
diag: Memory factor                                 =  1.0000

siesta: Program's energy decomposition (eV):
siesta: Ebs     =     -3474.871177
siesta: Eions   =     24069.991265
siesta: Ena     =      2488.860794
siesta: Ekin    =      7800.193272
siesta: Enl     =     -1127.031864
siesta: Eso     =         0.000000
siesta: Edftu   =         0.000000
siesta: DEna    =       105.022215
siesta: DUscf   =         1.763004
siesta: DUext   =         0.000000
siesta: Ex      =     -2777.100705
siesta: Ec      =      -175.400432
siesta: Exc     =     -2952.501138
siesta: EbV     =         0.000000
siesta: eta*DQ  =         0.000000
siesta: Emadel  =         0.000000
siesta: Emeta   =         0.000000
siesta: Emolmec =         0.000000
siesta: Ekinion =         0.000000
siesta: Eharris =    -17753.684955
siesta: Etot    =    -17753.684981
siesta: FreeEng =    -17753.698445

siesta: Final energy (eV):
siesta:  Band Struct. =   -3474.871177
siesta:       Kinetic =    7800.193272
siesta:       Hartree =    3677.097700
siesta:         Edftu =       0.000000
siesta:       Eso     =       0.000000
siesta:    Ext. field =       0.000000
siesta:         Exch. =   -2777.100705
siesta:         Corr. =    -175.400432
siesta:     Bulk bias =       0.000000
siesta:   Exch.-corr. =   -2952.501138
siesta:  Ion-electron =  -16008.473706
siesta:       Ion-ion =  -10270.001109
siesta:       Ekinion =       0.000000
siesta: D3 dispersion =       0.000000
siesta:         Total =  -17753.684981
siesta:         Fermi =      -7.759892

siesta: Stress tensor (static) (eV/Ang**3):
siesta:     0.002266   -0.000000    0.000000
siesta:    -0.000000    0.002266    0.000000
siesta:    -0.000000   -0.000000   -0.002234

siesta: Constrained stress tensor (static) (eV/Ang**3):
siesta:     0.002266   -0.000000   -0.000000
siesta:    -0.000000    0.002266    0.000000
siesta:    -0.000000    0.000000   -0.002234

siesta: Cell volume =         62.346988 Ang**3

siesta: Pressure (static):
siesta:                Solid            Molecule  Units
siesta:          -0.00000834         -0.00000706  Ry/Bohr**3
siesta:          -0.00076561         -0.00064817  eV/Ang**3
siesta:          -1.22665023         -1.03848363  kBar
(Free)E+ p_basis*V_orbitals  =      -17732.871572
(Free)Eharris+ p_basis*V_orbitals  =      -17732.871546

mulliken: Atomic and Orbital Populations:

mulliken: Spin UP 

Species: Mn                  
Atom  Qatom  Qorb
               3s      4s      4s      4s      3py     3pz     3px     4py     
               4pz     4px     3dxy    3dyz    3dz2    3dxz    3dx2-y2 3dxy    
               3dyz    3dz2    3dxz    3dx2-y2 3dxy    3dyz    3dz2    3dxz    
               3dx2-y2 
   1  7.500   0.984   0.001   0.074   0.002   0.990   0.989   0.990   0.172
              0.174   0.172   0.772   1.033   0.750   1.033   1.027  -0.065

             -0.108  -0.062  -0.108  -0.109  -0.179  -0.288  -0.171  -0.288

             -0.282
   2  7.500   0.984   0.001   0.074   0.002   0.990   0.989   0.990   0.172
              0.174   0.172   0.772   1.034   0.750   1.034   1.027  -0.065

             -0.108  -0.062  -0.108  -0.109  -0.179  -0.288  -0.171  -0.288

             -0.282
   3  7.500   0.984   0.001   0.074   0.002   0.990   0.989   0.990   0.172
              0.174   0.172   0.772   1.034   0.750   1.034   1.027  -0.065

             -0.108  -0.063  -0.108  -0.109  -0.179  -0.288  -0.171  -0.288

             -0.283
   4  7.500   0.984   0.001   0.074   0.002   0.990   0.989   0.990   0.172
              0.174   0.172   0.772   1.034   0.750   1.034   1.027  -0.065

             -0.108  -0.063  -0.108  -0.109  -0.179  -0.288  -0.171  -0.288

             -0.282
   5  7.500   0.984   0.001   0.074   0.002   0.990   0.989   0.990   0.172
              0.174   0.172   0.772   1.034   0.750   1.034   1.027  -0.065

             -0.108  -0.062  -0.108  -0.109  -0.179  -0.288  -0.171  -0.288

             -0.282
   6  7.500   0.984   0.001   0.074   0.002   0.990   0.989   0.990   0.172
              0.174   0.172   0.772   1.033   0.750   1.033   1.027  -0.065

             -0.108  -0.062  -0.108  -0.109  -0.179  -0.288  -0.171  -0.288

             -0.282

mulliken: Qtot =       45.001

mulliken: Spin DOWN 

Species: Mn                  
Atom  Qatom  Qorb
               3s      4s      4s      4s      3py     3pz     3px     4py     
               4pz     4px     3dxy    3dyz    3dz2    3dxz    3dx2-y2 3dxy    
               3dyz    3dz2    3dxz    3dx2-y2 3dxy    3dyz    3dz2    3dxz    
               3dx2-y2 
   1  7.500   0.984   0.001   0.074   0.002   0.990   0.989   0.990   0.172
              0.174   0.172   0.772   1.034   0.750   1.034   1.027  -0.065

             -0.108  -0.062  -0.108  -0.109  -0.179  -0.288  -0.171  -0.288

             -0.282
   2  7.500   0.984   0.001   0.074   0.002   0.990   0.989   0.990   0.172
              0.174   0.172   0.772   1.034   0.750   1.034   1.027  -0.065

             -0.108  -0.062  -0.108  -0.109  -0.179  -0.288  -0.171  -0.288

             -0.282
   3  7.500   0.984   0.001   0.074   0.002   0.990   0.989   0.990   0.172
              0.174   0.172   0.772   1.034   0.750   1.034   1.027  -0.065

             -0.108  -0.062  -0.108  -0.109  -0.179  -0.288  -0.171  -0.288

             -0.283
   4  7.500   0.984   0.001   0.074   0.002   0.990   0.989   0.990   0.172
              0.174   0.172   0.772   1.034   0.750   1.034   1.027  -0.065

             -0.108  -0.062  -0.108  -0.109  -0.179  -0.288  -0.171  -0.288

             -0.282
   5  7.500   0.984   0.001   0.074   0.002   0.990   0.989   0.990   0.172
              0.174   0.172   0.772   1.034   0.750   1.034   1.027  -0.065

             -0.108  -0.062  -0.108  -0.109  -0.179  -0.288  -0.171  -0.288

             -0.283
   6  7.500   0.984   0.001   0.074   0.002   0.990   0.989   0.990   0.172
              0.174   0.172   0.772   1.034   0.750   1.034   1.027  -0.065

             -0.108  -0.062  -0.108  -0.109  -0.179  -0.288  -0.171  -0.288

             -0.282

mulliken: Qtot =       44.999

Mulliken Atomic Populations:
Atom #   charge [q] valence [e]      Sz [e]  Species
     1     0.000280   14.999720    0.000450  Mn
     2    -0.000014   15.000014    0.000384  Mn
     3    -0.000264   15.000264    0.000370  Mn
     4    -0.000212   15.000212    0.000425  Mn
     5    -0.000017   15.000017    0.000385  Mn
     6     0.000227   14.999773    0.000391  Mn
-------------------------------------------
 Total     0.000000                0.002404

cite: Please indicate the Siesta version in published work: 5.2.2
cite: This calculation has made use of features in the following articles
cite: which we encourage you to cite in published work.
cite: (Please see "hea.bib" for a BibTeX file.)
        Primary SIESTA paper
          DOI: www.doi.org/10.1088/0953-8984/14/11/302
        PSML pseudopotential format
          DOI: www.doi.org/10.1016/j.cpc.2018.02.011


>> End of run:  17-JUN-2025  20:52:01
Job completed
