Executable      : /home/users/felipegc/woltsoft/SIESTA/siesta-5.2.2/build/bin/siesta
Version         : 5.2.2
Architecture    : x86_64
Compiler version: GNU-9.3.0
Compiler flags  : -O3 -march=native
Parallelisations: MPI
Lua support
Native ELPA support
ELSI support. Solvers:
   ELPA (internal) 
   NTPoly
   OMM
DFT-D3 support
Wannier90 wrapper support

Runtime information:
* Directory : /home/users/felipegc/MnGaNi/top/structure_calc_201
* Running on 36 nodes in parallel.
>> Start of run:  18-JUN-2025   6:56:43

                           *********************** 
                           *  WELCOME TO SIESTA  * 
                           *********************** 

 NOTE: Siesta V5 introduces some new defaults for basis-set generation
 NOTE: which might lead to slightly different numerical results.
 NOTE: Please see the manual for full details and compatibility measures.


reinit: Reading from standard input
reinit: Dumping input in INPUT_TMP.58563
************************** Dump of input data file ****************************
SystemName          hea
SystemLabel         hea
Reparametrize.Pseudos T
Restricted.Radial.Grid F
%include atoms.fdf
MaxSCFIterations     20000
SCF.Mix              Hamiltonian
SCF.Mixer.Method     Broyden
#SCF.Mixer.Variant    original #Pulay original
SCF.Mixer.History    8
SCF.Mixer.Weight     0.07
SCF.H.Converge       False
SCF.DM.Converge      True
SCF.DM.Tolerance     5.d-4
SCF.H.Tolerance      5.d-3 eV
MeshCutoff 300.0 Ry
MD.UseSaveCG         False
DM.UseSaveDM         False
NumberOfEigenStates -20
ElectronicTemperature 300 K
WriteCoorXmol        True
XC.Functional     GGA
XC.authors        PBEsol
SpinPolarized      True
SolutionMethod       diagon
#Diag.Algorithm        MRRR
###################################
###################################
# Full template for Basis param.
###################################
###################################
Basis.Pressure 0.3 GPa
PAO.SoftDefault T
PAO.SoftPotential 50.0 Ry
PAO.SoftInnerRadius 0.70
PAO.BasisType split
PAO.EnergyShift 0.0019 eV
PAO.BasisSize TZP
PAO.SplitTailNorm T
            %block kgrid_Monkhorst_Pack
            6  0  0  0.
            0  6  0  0.
            0  0  2  0.
            %endblock kgrid_Monkhorst_Pack
            MD.TypeOfRun CG
            MD.Steps         500
            MD.VariableCell true
            MD.MaxForceTol 0.05 eV/Ang
            WriteMDHistory true
            WriteForces true
            Write.OrbitalIndex true
            Charge.Mulliken end
            COOP.Write true
            %block ProjectedDensityOfStates
            -20.00 20.00 0.1 1000 eV
            %endblock ProjectedDensityOfStates
************************** End of input data file *****************************

reinit: -----------------------------------------------------------------------
reinit: System Name: hea
reinit: -----------------------------------------------------------------------
reinit: System Label: hea
reinit: -----------------------------------------------------------------------

NOTE on units for spin output: 
{S} is the spin magnetic moment, in units of the Bohr magneton,
assuming a g-factor for the electron spin of exactly 2.
The spin magnetic moment is then numerically equal to the charge inbalance,
in units of electrons, between the spin-up and -down channels.


initatom: Reading input for the pseudopotentials and atomic orbitals ----------
Species number:   1 Atomic number:   25 Label: Mn

Ground state valence configuration (from tables):   4s02  4p00  3d05  4f00

---- Processing specs for species: Mn
Reading pseudopotential information in PSML from:
  Mn.psml
PSML file version: 1.1
Using libxc ids:  101 130
GGA--PBE XC_GGA_X_PBE--XC_GGA_C_PBE pb
PSML uuid: e5ebd880-be41-11e7-659b-074ddfc7bd15
Semicore shell(s) with  8 electrons included in the valence for Mn

---- Pseudopotential check for Mn

Pseudized shells:
3s( 2.00) rc: 1.41
3p( 6.00) rc: 1.21
3d( 5.00) rc: 1.61
Valence configuration for ps generation: 3s:3p:3d:4s: Total charge:  15.000000
Semicore shell(s): 3s 3p
Fallback to non-perturbative polarization scheme for Mn
Please see the manual if this is not desired in principle
For Mn, standard SIESTA heuristics set lmxkb to 3
 (one more than the basis l, including polarization orbitals).
Use PS.lmax or PS.KBprojectors blocks to override.
Mn pseudopotential only contains V_ls up to l=2 -- lmxkb reset.

<basis_specs>
===============================================================================
Mn                   Z=  25    Mass=  54.938        Charge= 0.17977+309
Lmxo=2 Lmxkb= 2    BasisType=split      Semic=T
L=0  Nsemic=1  Cnfigmx=4
          i=1  nzeta=1  polorb=0  (3s)  (semicore shell)
            splnorm:   0.15000    
               vcte:    50.000    
               rinn:  -0.70000    
               qcoe:    0.0000    
               qyuk:    0.0000    
               qwid:   0.10000E-01
                rcs:    0.0000    
            lambdas:    1.0000    
          i=2  nzeta=3  polorb=0  (4s)  (to be polarized non-perturbatively)
            splnorm:   0.15000    
               vcte:    50.000    
               rinn:  -0.70000    
               qcoe:    0.0000    
               qyuk:    0.0000    
               qwid:   0.10000E-01
                rcs:    0.0000      0.0000      0.0000    
            lambdas:    1.0000      1.0000      1.0000    
L=1  Nsemic=1  Cnfigmx=4
          i=1  nzeta=1  polorb=0  (3p)  (semicore shell)
            splnorm:   0.15000    
               vcte:    50.000    
               rinn:  -0.70000    
               qcoe:    0.0000    
               qyuk:    0.0000    
               qwid:   0.10000E-01
                rcs:    0.0000    
            lambdas:    1.0000    
          i=2  nzeta=1  polorb=0  (4p)  (non-perturbative polarization shell)
            splnorm:   0.15000    
               vcte:    50.000    
               rinn:  -0.70000    
               qcoe:   0.36126-315
               qyuk:    0.0000    
               qwid:   0.69530-309
                rcs:    0.0000    
            lambdas:    1.0000    
L=2  Nsemic=0  Cnfigmx=3
          i=1  nzeta=3  polorb=0  (3d)
            splnorm:   0.15000    
               vcte:    50.000    
               rinn:  -0.70000    
               qcoe:    0.0000    
               qyuk:    0.0000    
               qwid:   0.10000E-01
                rcs:    0.0000      0.0000      0.0000    
            lambdas:    1.0000      1.0000      1.0000    
-------------------------------------------------------------------------------
L=0  Nkbl=2  erefs: 0.17977+309 0.17977+309
L=1  Nkbl=2  erefs: 0.17977+309 0.17977+309
L=2  Nkbl=1  erefs: 0.17977+309
===============================================================================
</basis_specs>

Using PAO.SplitTailNorm
atom: Called for Mn                    (Z =  25)
Maximum radius (at nrval) set to   50.00000 8518

read_vps: Pseudopotential generation method:
read_vps: ONCVPSP-3.Hamann's oncvpsp                        
Valence charge in pseudo generation:   15.00000

read_vps: Pseudopotential includes a core correction:
read_vps: Pseudo-core for xc-correction

xc_check: Exchange-correlation functional:
xc_check: GGA PBEsol
xc_check: WARNING: Pseudopotential generated with GGA PBE functional
Got Vlocal (oncv-fit) from psml data
Choosing vlocal chloc cutoff:  3.504263
qtot up to nchloc:   15.00032895
atom: Maximum radius for chlocal:    3.50426
atom: Maximum radius for r*vlocal+2*Zval:    3.50426
Reading KB projs from Mn psml data
Using scalar-relativistic projectors in PSML file

PSML: Kleinman-Bylander projectors: 
   l= 0   rc=  1.427391   Ekb= 18.471374
   l= 0   rc=  1.430269   Ekb=  3.121111
   l= 1   rc=  1.224702   Ekb=  3.156115
   l= 1   rc=  1.224702   Ekb= -1.424352
   l= 2   rc=  1.630219   Ekb=-13.224142
   l= 2   rc=  1.630219   Ekb= -4.330632

PSML: Total number of  Kleinman-Bylander projectors:  18
atom: -------------------------------------------------------------------------

atom: SANKEY-TYPE ORBITALS:
atom: Selected multiple-zeta basis: split     

SPLIT: Orbitals with angular momentum L= 0

SPLIT: Basis orbitals for state 3s

SPLIT: PAO cut-off radius determined from an
SPLIT: energy shift=  0.000140 Ry
Split based on tail norm

   izeta = 1
                 lambda =    1.000000
                     rc =    3.380000
                 energy =   -6.293298
                kinetic =    2.848567
    potential(screened) =   -9.141865
       potential(ionic) =  -33.519753

SPLIT: Basis orbitals for state 4s

SPLIT: PAO cut-off radius determined from an
SPLIT: energy shift=  0.000140 Ry
Split based on tail norm

   izeta = 1
                 lambda =    1.000000
                     rc =   10.002455
                 energy =   -0.450676
                kinetic =    1.112603
    potential(screened) =   -1.563278
       potential(ionic) =  -13.199632

   izeta = 2
                 rmatch =    5.430276
              splitnorm =    0.150000
                 energy =   -0.360834
                kinetic =    1.875764
    potential(screened) =   -2.236598
       potential(ionic) =  -15.982656

   izeta = 3
                 rmatch =    6.342382
              splitnorm =    0.075000
                 energy =   -0.415048
                kinetic =    1.529261
    potential(screened) =   -1.944310
       potential(ionic) =  -14.865309

SPLIT: Orbitals with angular momentum L= 1

SPLIT: Basis orbitals for state 3p

SPLIT: PAO cut-off radius determined from an
SPLIT: energy shift=  0.000140 Ry
Split based on tail norm

   izeta = 1
                 lambda =    1.000000
                     rc =    3.873861
                 energy =   -3.996757
                kinetic =    6.976018
    potential(screened) =  -10.972775
       potential(ionic) =  -34.563053

SPLIT: Basis orbitals for state 4p
SPLIT: Non-perturbative polarization orbs for state 4s
SPLIT: rc(1st zeta) (re)set to: 10.0025 (expansion factor: 1.0000)
Split based on tail norm

   izeta = 1
                 lambda =    1.000000
                     rc =   10.002455
                 energy =   -0.085879
                kinetic =    0.770317
    potential(screened) =   -0.856196
       potential(ionic) =   -9.409918

SPLIT: Orbitals with angular momentum L= 2

SPLIT: Basis orbitals for state 3d

SPLIT: PAO cut-off radius determined from an
SPLIT: energy shift=  0.000140 Ry
Split based on tail norm

   izeta = 1
                 lambda =    1.000000
                     rc =    7.238756
                 energy =   -0.490123
                kinetic =    9.261574
    potential(screened) =   -9.751697
       potential(ionic) =  -30.334327

   izeta = 2
                 rmatch =    3.144499
              splitnorm =    0.150000
                 energy =   -0.401801
                kinetic =   11.021778
    potential(screened) =  -11.423579
       potential(ionic) =  -33.555539

   izeta = 3
                 rmatch =    3.972182
              splitnorm =    0.075000
                 energy =   -0.464167
                kinetic =   10.072383
    potential(screened) =  -10.536551
       potential(ionic) =  -31.940836
atom: Total number of Sankey-type orbitals: 25

atm_pop: Valence configuration (for local Pseudopot. screening):
 3s( 2.00) 4s( 2.00)                                                  
 3p( 6.00) 4p( 0.00)                                                  
 3d( 5.00)                                                            
Vna: chval, zval:   15.00000  15.00000

Vna:  Cut-off radius for the neutral-atom potential:  10.002455
comcore: Pseudo-core radius Rcore=  2.115123

atom: _________________________________________________________________________

prinput: Basis input 

PAO.BasisType split     

%block ChemicalSpeciesLabel
    1   25 Mn                      # Species index, atomic number, species label
%endblock ChemicalSpeciesLabel

%block PAO.Basis                 # Define Basis set
# WARNING: This information might be incomplete!
Mn                    5                    # Species label, number of l-shells
 n=3   0   1                         # n, l, Nzeta 
   3.380   
   1.000   
 n=4   0   3                         # n, l, Nzeta 
  10.002      5.430      6.342   
   1.000      1.000      1.000   
 n=3   1   1                         # n, l, Nzeta 
   3.874   
   1.000   
 n=4   1   1                         # n, l, Nzeta 
  10.002   
   1.000   
 n=3   2   3                         # n, l, Nzeta 
   7.239      3.144      3.972   
   1.000      1.000      1.000   
%endblock PAO.Basis

prinput: ----------------------------------------------------------------------

coor:   Atomic-coordinates input format  =     Fractional

siesta: Atomic coordinates (Bohr) and species
siesta:      0.00000   0.00000   0.00000  1        1
siesta:      2.35178   2.35178   3.32592  1        2
siesta:      0.00000   0.00000   6.65184  1        3
siesta:      2.35178   2.35178   9.97775  1        4
siesta:      0.00000   0.00000  13.30367  1        5
siesta:      2.35178   2.35178  16.62959  1        6

siesta: System type = bulk      

initatomlists: Number of atoms, orbitals, and projectors:      6   150   108

coxmol: Writing XMOL coordinates into file hea.xyz                                                                                                                                                                                                                             

siesta: ******************** Simulation parameters ****************************
siesta:
siesta: The following are some of the parameters of the simulation.
siesta: A complete list of the parameters used, including default values,
siesta: can be found in file out.fdf
siesta:
redata: Spin configuration                          = collinear
redata: Number of spin components                   = 2
redata: Time-Reversal Symmetry                      = T
redata: Spin spiral                                 = F
redata: Long output                                 =   F
redata: Number of Atomic Species                    =        1
redata: Charge density info will appear in .RHO file
redata: Write Mulliken charges (when)               = end
redata: Write Mulliken Pop.                         = Atomic and Orbital charges
redata: Write Hirshfeld charges (when)              = none
redata: Write Voronoi charges (when)                = none
redata: Write spin charge (when)                    = scf
redata: Matel table size (NRTAB)                    =     1024
redata: Mesh Cutoff                                 =   300.0000 Ry
redata: Net charge of the system                    =     0.0000 |e|
redata: Min. number of SCF Iter                     =        0
redata: Max. number of SCF Iter                     =    20000
redata: SCF convergence failure will abort job
redata: SCF mix quantity                            = Hamiltonian
redata: Mix DM or H after convergence               =   F
redata: Recompute H after scf cycle                 =   F
redata: Mix DM in first SCF step                    =   T
redata: Write Pulay info on disk                    =   F
redata: New DM Occupancy tolerance                  = 0.000000000001
redata: No kicks to SCF
redata: DM Mixing Weight for Kicks                  =     0.5000
redata: Require Harris convergence for SCF          =   F
redata: Harris energy tolerance for SCF             =     0.000100 eV
redata: Require DM convergence for SCF              =   T
redata: DM tolerance for SCF                        =     0.000500
redata: Require EDM convergence for SCF             =   F
redata: EDM tolerance for SCF                       =     0.001000 eV
redata: Require H convergence for SCF               =   F
redata: Hamiltonian tolerance for SCF               =     0.005000 eV
redata: Require (free) Energy convergence for SCF   =   F
redata: (free) Energy tolerance for SCF             =     0.000100 eV
redata: Antiferro initial spin density              =   F
redata: Using DFT-D3 dispersion                     =   F
redata: Using Saved Data (generic)                  =   F
redata: Use continuation files for DM               =   F
redata: Neglect nonoverlap interactions             =   F
redata: Method of Calculation                       = Diagonalization
redata: Electronic Temperature                      =   300.0000 K
redata: Fix the spin of the system                  =   F
redata: Max. number of TDED Iter                    =        1
redata: Number of TDED substeps                     =        3
redata: Dynamics option                             = CG coord. optimization
redata: Variable cell                               =   T
redata: Use continuation files for CG               =   F
redata: Max atomic displ per move                   =     0.1058 Ang
redata: Maximum number of optimization moves        =      500
redata: Force tolerance                             =     0.0500 eV/Ang
redata: Stress tolerance                            =     1.0000 GPa
mix.SCF: Broyden mixing                          = Broyden
mix.SCF:    History steps                        = 8
mix.SCF:    Linear mixing weight                 =     0.070000
mix.SCF:    Inverse Jacobian weight              =     0.070000
mix.SCF:    Weight prime                         =     0.070000
mix.SCF:    SVD condition                        = 0.1000E-07
mix.SCF: Spin-component mixing                   all
redata: ***********************************************************************

%block SCF.Mixers
  Broyden
%endblock SCF.Mixers

%block SCF.Mixer.Broyden
  # Mixing method
  method broyden

  # Mixing options
  weight 0.0700
  weight.linear 0.0700
  weight.prime 0.0700
  history 8
%endblock SCF.Mixer.Broyden

DM_history_depth set to one: no extrapolation allowed by default for geometry relaxation
Size of DM history Fstack: 1
Total number of electrons:    90.000000
Total ionic charge:    90.000000

* ProcessorY, Blocksize:    3   4


* Orbital distribution balance (max,min):     8     4

k-point displ. along   1 input, could be:     0.00    0.50
k-point displ. along   2 input, could be:     0.00    0.50
k-point displ. along   3 input, could be:     0.00    0.50
 Kpoints in:           48 . Kpoints trimmed:           46

siesta: k-grid: Number of k-points = 46
siesta: k-points from Monkhorst-Pack grid
siesta: k-cutoff (effective) =     7.467 Ang
siesta: k-point supercell and displacements
siesta: k-grid:     6     0     0      0.000
siesta: k-grid:     0     6     0      0.000
siesta: k-grid:     0     0     2      0.000
k-point displ. along   1 input, could be:     0.00    0.50
k-point displ. along   2 input, could be:     0.00    0.50
k-point displ. along   3 input, could be:     0.00    0.50
 Kpoints in:           48 . Kpoints trimmed:           46

siesta: PDOS k-grid: Number of k-points = 46
siesta: PDOS k-points from Monkhorst-Pack grid
siesta: PDOS k-cutoff (effective) =     0.000 Ang
siesta: PDOS k-point supercell and displacements
siesta: k-grid:     6     0     0      0.000
siesta: k-grid:     0     6     0      0.000
siesta: k-grid:     0     0     2      0.000

diag: Algorithm                                     = D&C
diag: Parallel over k                               =   F
diag: Use parallel 2D distribution                  =   T
diag: Parallel block-size                           = 4
diag: Parallel distribution                         =     6 x     6
diag: Used triangular part                          = Lower
diag: Absolute tolerance                            =  0.100E-15
diag: Orthogonalization factor                      =  0.100E-05
diag: Memory factor                                 =  1.0000
diag: The diagonalization method chosen cannot compute a reduced number of eigenvectors.
diag: Resetting neigwanted 67 to 150

superc: Internal auxiliary supercell:     9 x     9 x     3  =     243
superc: Number of atoms, orbitals, and projectors:   1458  36450  26244


ts: **************************************************************
ts: Save H and S matrices                           =    F
ts: Save DM and EDM matrices                        =    F
ts: Only save the overlap matrix S                  =    F
ts: **************************************************************

************************ Begin: TS CHECKS AND WARNINGS ************************
************************ End: TS CHECKS AND WARNINGS **************************


                     ====================================
                        Begin CG opt. move =      0
                     ====================================

superc: Internal auxiliary supercell:     9 x     9 x     3  =     243
superc: Number of atoms, orbitals, and projectors:   1458  36450  26244

outcell: Unit cell vectors (Ang):
        2.489016    0.000000    0.000000
        0.000000    2.489016    0.000000
        0.000000    0.000000   10.560000

outcell: Cell vector modules (Ang)   :    2.489016    2.489016   10.560000
outcell: Cell angles (23,13,12) (deg):     90.0000     90.0000     90.0000
outcell: Cell volume (Ang**3)        :     65.4213
<dSpData1D:S at geom step 0
  <sparsity:sparsity for geom step 0
    nrows_g=150 nrows=8 sparsity=1.1949 nnzs=26886, refcount: 7>
  <dData1D:(new from dSpData1D) n=26886, refcount: 1>
refcount: 1>
new_DM -- step:     1
Initializing Density Matrix...
DM filled with atomic data:
<dSpData2D:DM initialized from atoms
  <sparsity:sparsity for geom step 0
    nrows_g=150 nrows=8 sparsity=1.1949 nnzs=26886, refcount: 8>
  <dData2D:DM n=26886 m=2, refcount: 1>
refcount: 1>
No. of atoms with KB's overlaping orbs in proc 0. Max # of overlaps:     100     783

InitMesh: MESH = 30 x 30 x 120 = 108000
InitMesh: Mesh cutoff (required, used) =   300.000   356.892 Ry
New grid distribution [1]: sub = 2
New grid distribution [2]: sub = 2
New grid distribution [3]: sub = 2
Setting up quadratic distribution...

stepf: Fermi-Dirac step function

siesta: Program's energy decomposition (eV):
siesta: Ebs     =     -3514.701712
siesta: Eions   =     24069.991265
siesta: Ena     =      2495.792901
siesta: Ekin    =      7745.599939
siesta: Enl     =     -1122.326800
siesta: Eso     =         0.000000
siesta: Edftu   =         0.000000
siesta: DEna    =       152.149583
siesta: DUscf   =         3.320929
siesta: DUext   =         0.000000
siesta: Ex      =     -2778.055460
siesta: Ec      =      -172.961964
siesta: Exc     =     -2951.017424
siesta: EbV     =         0.000000
siesta: eta*DQ  =         0.000000
siesta: Emadel  =         0.000000
siesta: Emeta   =         0.000000
siesta: Emolmec =         0.000000
siesta: Ekinion =         0.000000
siesta: Eharris =    -17651.277119
siesta: Etot    =    -17746.472138
siesta: FreeEng =    -17746.506001

        iscf     Eharris(eV)        E_KS(eV)     FreeEng(eV)     dDmax    Ef(eV) dHmax(eV)
   scf:    1   -17651.277119   -17746.472138   -17746.506001  3.291614 -6.264731  4.276277
     spin moment: {S} , |S| = {        0.0        0.0   18.61661 }    18.61661
timer: Routine,Calls,Time,% = IterSCF        1       3.596  38.83
   scf:    2   -17747.703343   -17747.095442   -17747.129746  0.390048 -6.396140  3.726028
     spin moment: {S} , |S| = {        0.0        0.0   18.34090 }    18.34090
   scf:    3   -17750.990771   -17749.347888   -17749.372684  1.841900 -7.180820  0.742819
     spin moment: {S} , |S| = {        0.0        0.0   16.52476 }    16.52476
   scf:    4   -17750.823391   -17750.253422   -17750.275295  0.414612 -6.897444  2.319374
     spin moment: {S} , |S| = {        0.0        0.0   13.54829 }    13.54829
   scf:    5   -17755.703118   -17752.291326   -17752.304610  1.509083 -8.080515  2.242225
     spin moment: {S} , |S| = {        0.0        0.0    5.62453 }     5.62453
   scf:    6   -17752.289833   -17752.289275   -17752.301239  0.025248 -8.054147  2.217741
     spin moment: {S} , |S| = {        0.0        0.0    5.87183 }     5.87183
   scf:    7   -17752.807064   -17752.646304   -17752.667182  0.263502 -7.619479  0.703832
     spin moment: {S} , |S| = {        0.0        0.0    7.22956 }     7.22956
   scf:    8   -17752.714124   -17752.680542   -17752.699668  0.009884 -7.599447  0.553615
     spin moment: {S} , |S| = {        0.0        0.0    7.14705 }     7.14705
   scf:    9   -17750.239651   -17751.240304   -17751.267182  0.712893 -7.106832  1.780729
     spin moment: {S} , |S| = {        0.0        0.0   11.18679 }    11.18679
   scf:   10   -17752.326936   -17751.816634   -17751.848366  0.415478 -7.340206  0.673286
     spin moment: {S} , |S| = {        0.0        0.0   10.25476 }    10.25476
   scf:   11   -17752.117629   -17751.963117   -17751.992978  0.065595 -7.375537  0.546243
     spin moment: {S} , |S| = {        0.0        0.0    9.77703 }     9.77703
   scf:   12   -17753.166598   -17752.499289   -17752.523877  0.253973 -7.575677  0.615625
     spin moment: {S} , |S| = {        0.0        0.0    7.79106 }     7.79106
   scf:   13   -17750.871603   -17751.484875   -17751.511029  0.485721 -7.268999  1.060811
     spin moment: {S} , |S| = {        0.0        0.0   11.17705 }    11.17705
   scf:   14   -17745.566384   -17747.260741   -17747.275739  1.311997 -6.922388  1.534386
     spin moment: {S} , |S| = {        0.0        0.0   19.55844 }    19.55844
   scf:   15   -17772.613727   -17753.179839   -17753.189067  2.045985 -7.864938  1.362854
     spin moment: {S} , |S| = {        0.0        0.0    1.34969 }     1.34969
   scf:   16   -17753.369177   -17753.277588   -17753.286608  0.025910 -7.820001  1.142647
     spin moment: {S} , |S| = {        0.0        0.0    1.41576 }     1.41576
   scf:   17   -17753.040356   -17753.148729   -17753.165901  0.056178 -7.891861  1.360363
     spin moment: {S} , |S| = {        0.0        0.0    2.01255 }     2.01255
   scf:   18   -17753.205980   -17753.138476   -17753.165677  0.125149 -7.791087  0.993875
     spin moment: {S} , |S| = {        0.0        0.0    3.53173 }     3.53173
   scf:   19   -17752.839630   -17752.907079   -17752.920888  0.235954 -7.984379  1.933287
     spin moment: {S} , |S| = {        0.0        0.0    1.16239 }     1.16239
   scf:   20   -17753.555603   -17753.222300   -17753.248749  0.194522 -7.785974  1.018973
     spin moment: {S} , |S| = {        0.0        0.0    2.67309 }     2.67309
   scf:   21   -17753.216659   -17753.204969   -17753.235606  0.100233 -7.709360  0.604860
     spin moment: {S} , |S| = {        0.0        0.0    3.74781 }     3.74781
   scf:   22   -17753.247031   -17753.267388   -17753.292308  0.119139 -7.506085  0.606724
     spin moment: {S} , |S| = {        0.0        0.0    3.54338 }     3.54338
   scf:   23   -17753.696120   -17753.437308   -17753.456575  0.116018 -7.567950  0.180755
     spin moment: {S} , |S| = {        0.0        0.0    1.95012 }     1.95012
   scf:   24   -17753.593991   -17753.487754   -17753.504518  0.121334 -7.582859  0.274218
     spin moment: {S} , |S| = {        0.0        0.0    0.95161 }     0.95161
   scf:   25   -17753.495133   -17753.491220   -17753.506395  0.014143 -7.570581  0.225036
     spin moment: {S} , |S| = {        0.0        0.0    1.05220 }     1.05220
   scf:   26   -17753.520926   -17753.495125   -17753.512003  0.113225 -7.592324  0.269064
     spin moment: {S} , |S| = {        0.0        0.0    0.35975 }     0.35975
   scf:   27   -17753.535391   -17753.495701   -17753.506996  0.131579 -7.554964  0.209821
     spin moment: {S} , |S| = {        0.0        0.0    1.23664 }     1.23664
   scf:   28   -17753.494932   -17753.495499   -17753.507148  0.010609 -7.567499  0.250546
     spin moment: {S} , |S| = {        0.0        0.0    1.20816 }     1.20816
   scf:   29   -17753.492806   -17753.493223   -17753.502778  0.020411 -7.565758  0.127518
     spin moment: {S} , |S| = {        0.0        0.0    1.37023 }     1.37023
   scf:   30   -17753.495532   -17753.494384   -17753.504285  0.007790 -7.567701  0.129963
     spin moment: {S} , |S| = {        0.0        0.0    1.38531 }     1.38531
   scf:   31   -17753.488579   -17753.491554   -17753.503184  0.008415 -7.565850  0.149657
     spin moment: {S} , |S| = {        0.0        0.0    1.43485 }     1.43485
   scf:   32   -17753.402191   -17753.439986   -17753.457410  0.078447 -7.578985  0.196754
     spin moment: {S} , |S| = {        0.0        0.0    1.88773 }     1.88773
   scf:   33   -17753.628185   -17753.510891   -17753.524998  0.142594 -7.557586  0.061724
     spin moment: {S} , |S| = {        0.0        0.0    1.09376 }     1.09376
   scf:   34   -17753.517764   -17753.513973   -17753.529697  0.017820 -7.555558  0.066266
     spin moment: {S} , |S| = {        0.0        0.0    1.02769 }     1.02769
   scf:   35   -17753.518207   -17753.515929   -17753.532684  0.026125 -7.552408  0.081497
     spin moment: {S} , |S| = {        0.0        0.0    0.98689 }     0.98689
   scf:   36   -17753.511090   -17753.513316   -17753.528975  0.015949 -7.548046  0.098898
     spin moment: {S} , |S| = {        0.0        0.0    1.08259 }     1.08259
   scf:   37   -17753.539999   -17753.522956   -17753.540657  0.052018 -7.550911  0.093225
     spin moment: {S} , |S| = {        0.0        0.0    0.75622 }     0.75622
   scf:   38   -17753.581648   -17753.541389   -17753.555338  0.108301 -7.568078  0.041271
     spin moment: {S} , |S| = {        0.0        0.0    0.18773 }     0.18773
   scf:   39   -17753.543801   -17753.542279   -17753.556064  0.015688 -7.575900  0.028189
     spin moment: {S} , |S| = {        0.0        0.0    0.07460 }     0.07460
   scf:   40   -17753.542468   -17753.542298   -17753.556227  0.007247 -7.575255  0.014078
     spin moment: {S} , |S| = {        0.0        0.0    0.03032 }     0.03032
   scf:   41   -17753.542443   -17753.542134   -17753.555978  0.012571 -7.574624  0.012775
     spin moment: {S} , |S| = {        0.0        0.0    0.10971 }     0.10971
   scf:   42   -17753.541899   -17753.542009   -17753.555882  0.005075 -7.573888  0.013822
     spin moment: {S} , |S| = {        0.0        0.0    0.12646 }     0.12646
   scf:   43   -17753.543127   -17753.542096   -17753.556271  0.015650 -7.574156  0.011424
     spin moment: {S} , |S| = {        0.0        0.0    0.01754 }     0.01754
   scf:   44   -17753.542236   -17753.542130   -17753.556298  0.005475 -7.574502  0.012542
     spin moment: {S} , |S| = {        0.0        0.0   -0.01355 }    -0.01355
   scf:   45   -17753.542561   -17753.542310   -17753.556367  0.005552 -7.574101  0.012967
     spin moment: {S} , |S| = {        0.0        0.0    0.01975 }     0.01975
   scf:   46   -17753.542443   -17753.542352   -17753.556406  0.004523 -7.573647  0.010857
     spin moment: {S} , |S| = {        0.0        0.0   -0.00405 }    -0.00405
   scf:   47   -17753.542425   -17753.542364   -17753.556405  0.004084 -7.573422  0.008250
     spin moment: {S} , |S| = {        0.0        0.0    0.02152 }     0.02152
   scf:   48   -17753.542343   -17753.542353   -17753.556411  0.000688 -7.573299  0.007588
     spin moment: {S} , |S| = {        0.0        0.0    0.01751 }     0.01751
   scf:   49   -17753.542403   -17753.542374   -17753.556434  0.001787 -7.572993  0.007029
     spin moment: {S} , |S| = {        0.0        0.0    0.00775 }     0.00775
   scf:   50   -17753.542393   -17753.542384   -17753.556439  0.000624 -7.572877  0.004761
     spin moment: {S} , |S| = {        0.0        0.0    0.00744 }     0.00744
   scf:   51   -17753.542393   -17753.542388   -17753.556443  0.001017 -7.572632  0.001804
     spin moment: {S} , |S| = {        0.0        0.0    0.00314 }     0.00314
   scf:   52   -17753.542393   -17753.542390   -17753.556443  0.000315 -7.572653  0.001265
     spin moment: {S} , |S| = {        0.0        0.0    0.00136 }     0.00136

SCF Convergence by DM criterion
max |DM_out - DM_in|         :     0.0003152402
max |H_out - H_in|      (eV) :     0.0012649240
SCF cycle converged after 52 iterations

Using DM_out to compute the final energy and forces
No. of atoms with KB's overlaping orbs in proc 0. Max # of overlaps:     100     783

siesta: E_KS(eV) =           -17753.5424

siesta: E_KS - E_eggbox =    -17753.5424

siesta: Atomic forces (eV/Ang):
     1   -0.000000   -0.000000    0.000032
     2    0.000000    0.000000    0.000078
     3    0.000000   -0.000000   -0.000032
     4    0.000000    0.000000   -0.000019
     5   -0.000000    0.000000   -0.000000
     6    0.000000   -0.000000   -0.000060
----------------------------------------
   Tot    0.000000   -0.000000   -0.000000
----------------------------------------
   Max    0.000078
   Res    0.000026    sqrt( Sum f_i^2 / 3N )
----------------------------------------
   Max    0.000078    constrained

Stress tensor Voigt[x,y,z,yz,xz,xy] (kbar):      144.20      144.20      125.42       -0.00        0.00        0.00
(Free)E + p*V (eV/cell)   -17759.1891
Target enthalpy (eV/cell)   -17753.5564

siesta: Stress tensor (static) (eV/Ang**3):
         0.090005    0.000000   -0.000000
         0.000000    0.090005    0.000000
         0.000000   -0.000000    0.078282

siesta: Pressure (static):       -137.94356584  kBar

siesta: Stress tensor (total) (eV/Ang**3):
         0.090005    0.000000   -0.000000
         0.000000    0.090005    0.000000
         0.000000   -0.000000    0.078282

siesta: Pressure (total):       -137.94356584  kBar

cgvc: No target stress found, assuming hydrostatic MD.TargetPressure.

cgvc: Target stress (kBar)
cgvc:        -0.000       0.000       0.000
cgvc:         0.000      -0.000       0.000
cgvc:         0.000       0.000      -0.000

                     ====================================
                        Begin CG opt. move =      1
                     ====================================
k-point displ. along   1 input, could be:     0.00    0.50
k-point displ. along   2 input, could be:     0.00    0.50
k-point displ. along   3 input, could be:     0.00    0.50
 Kpoints in:           48 . Kpoints trimmed:           46

siesta: k-grid: Number of k-points = 46
siesta: k-points from Monkhorst-Pack grid
siesta: k-cutoff (effective) =     7.372 Ang
siesta: k-point supercell and displacements
siesta: k-grid:     6     0     0      0.000
siesta: k-grid:     0     6     0      0.000
siesta: k-grid:     0     0     2      0.000

superc: Internal auxiliary supercell:     9 x     9 x     3  =     243
superc: Number of atoms, orbitals, and projectors:   1458  36450  26244

outcell: Unit cell vectors (Ang):
        2.457283   -0.000000   -0.000000
       -0.000000    2.457283   -0.000000
       -0.000000   -0.000000   10.442904

outcell: Cell vector modules (Ang)   :    2.457283    2.457283   10.442904
outcell: Cell angles (23,13,12) (deg):     90.0000     90.0000     90.0000
outcell: Cell volume (Ang**3)        :     63.0567
<dSpData1D:S at geom step 1
  <sparsity:sparsity for geom step 1
    nrows_g=150 nrows=8 sparsity=1.1949 nnzs=26886, refcount: 7>
  <dData1D:(new from dSpData1D) n=26886, refcount: 1>
refcount: 1>
new_DM -- step:     2
Re-using DM from previous geometries...
Number of DMs in history: 1
 DM extrapolation coefficients: 
1   1.00000
New DM after history re-use:
<dSpData2D:SpM extrapolated using coords
  <sparsity:sparsity for geom step 1
    nrows_g=150 nrows=8 sparsity=1.1949 nnzs=26886, refcount: 9>
  <dData2D:(temp array for extrapolation) n=26886 m=2, refcount: 1>
refcount: 1>
No. of atoms with KB's overlaping orbs in proc 0. Max # of overlaps:     100     783

InitMesh: MESH = 30 x 30 x 120 = 108000
InitMesh: Mesh cutoff (required, used) =   300.000   364.940 Ry
New grid distribution [1]: sub = 2
New grid distribution [2]: sub = 2
New grid distribution [3]: sub = 2
Setting up quadratic distribution...

        iscf     Eharris(eV)        E_KS(eV)     FreeEng(eV)     dDmax    Ef(eV) dHmax(eV)
   scf:    1   -17748.959103   -17753.665437   -17753.678862  0.107742 -7.652193  0.265727
     spin moment: {S} , |S| = {        0.0        0.0    0.00082 }     0.00082
   scf:    2   -17753.487314   -17753.615585   -17753.629003  0.076653 -7.817444  1.479806
     spin moment: {S} , |S| = {        0.0        0.0    0.00058 }     0.00058
   scf:    3   -17753.633407   -17753.668453   -17753.681867  0.063718 -7.676088  0.505408
     spin moment: {S} , |S| = {        0.0        0.0    0.00078 }     0.00078
   scf:    4   -17753.677078   -17753.675715   -17753.689130  0.018843 -7.712523  0.035505
     spin moment: {S} , |S| = {        0.0        0.0    0.00071 }     0.00071
   scf:    5   -17753.675798   -17753.675796   -17753.689211  0.001190 -7.713330  0.004485
     spin moment: {S} , |S| = {        0.0        0.0    0.00070 }     0.00070
   scf:    6   -17753.675799   -17753.675798   -17753.689212  0.000070 -7.713457  0.005236
     spin moment: {S} , |S| = {        0.0        0.0    0.00069 }     0.00069

SCF Convergence by DM criterion
max |DM_out - DM_in|         :     0.0000702931
max |H_out - H_in|      (eV) :     0.0052363521
SCF cycle converged after 6 iterations

Using DM_out to compute the final energy and forces
No. of atoms with KB's overlaping orbs in proc 0. Max # of overlaps:     100     783

siesta: E_KS(eV) =           -17753.6758

siesta: Atomic forces (eV/Ang):
     1    0.000000    0.000000    0.000472
     2   -0.000000    0.000000   -0.000094
     3    0.000000    0.000000   -0.000510
     4    0.000000    0.000000   -0.000477
     5   -0.000000    0.000000    0.000041
     6   -0.000000    0.000000    0.000572
----------------------------------------
   Tot   -0.000000    0.000000    0.000004
----------------------------------------
   Max    0.000572
   Res    0.000241    sqrt( Sum f_i^2 / 3N )
----------------------------------------
   Max    0.000572    constrained

Stress tensor Voigt[x,y,z,yz,xz,xy] (kbar):       41.65       41.65       29.34       -0.00       -0.00        0.00
(Free)E + p*V (eV/cell)   -17755.1668
Target enthalpy (eV/cell)   -17753.6892

siesta: Stress tensor (static) (eV/Ang**3):
         0.025994   -0.000000   -0.000000
         0.000000    0.025994   -0.000000
        -0.000000   -0.000000    0.018312

siesta: Pressure (static):        -37.54429564  kBar

siesta: Stress tensor (total) (eV/Ang**3):
         0.025994   -0.000000   -0.000000
         0.000000    0.025994   -0.000000
        -0.000000   -0.000000    0.018312

siesta: Pressure (total):        -37.54429564  kBar

                     ====================================
                        Begin CG opt. move =      2
                     ====================================
k-point displ. along   1 input, could be:     0.00    0.50
k-point displ. along   2 input, could be:     0.00    0.50
k-point displ. along   3 input, could be:     0.00    0.50
 Kpoints in:           48 . Kpoints trimmed:           46

siesta: k-grid: Number of k-points = 46
siesta: k-points from Monkhorst-Pack grid
siesta: k-cutoff (effective) =     7.220 Ang
siesta: k-point supercell and displacements
siesta: k-grid:     6     0     0      0.000
siesta: k-grid:     0     6     0      0.000
siesta: k-grid:     0     0     2      0.000

superc: Internal auxiliary supercell:     9 x     9 x     3  =     243
superc: Number of atoms, orbitals, and projectors:   1458  36450  26244

outcell: Unit cell vectors (Ang):
        2.406510   -0.000000   -0.000000
       -0.000000    2.406510   -0.000000
       -0.000000   -0.000000   10.255550

outcell: Cell vector modules (Ang)   :    2.406510    2.406510   10.255550
outcell: Cell angles (23,13,12) (deg):     90.0000     90.0000     90.0000
outcell: Cell volume (Ang**3)        :     59.3929
<dSpData1D:S at geom step 2
  <sparsity:sparsity for geom step 2
    nrows_g=150 nrows=8 sparsity=1.2988 nnzs=29222, refcount: 7>
  <dData1D:(new from dSpData1D) n=29222, refcount: 1>
refcount: 1>
new_DM -- step:     3
Re-using DM from previous geometries...
Number of DMs in history: 1
 DM extrapolation coefficients: 
1   1.00000
New DM after history re-use:
<dSpData2D:SpM extrapolated using coords
  <sparsity:sparsity for geom step 2
    nrows_g=150 nrows=8 sparsity=1.2988 nnzs=29222, refcount: 9>
  <dData2D:(temp array for extrapolation) n=29222 m=2, refcount: 1>
refcount: 1>
Note: For starting DM, Qtot, Tr[D*S] =         90.00000000         89.80663374
No. of atoms with KB's overlaping orbs in proc 0. Max # of overlaps:     100     807

InitMesh: MESH = 30 x 30 x 108 = 97200
InitMesh: Mesh cutoff (required, used) =   300.000   306.501 Ry
New grid distribution [1]: sub = 2
New grid distribution [2]: sub = 2
New grid distribution [3]: sub = 2
Setting up quadratic distribution...

        iscf     Eharris(eV)        E_KS(eV)     FreeEng(eV)     dDmax    Ef(eV) dHmax(eV)
   scf:    1   -17744.162327   -17753.490693   -17753.503229  0.204376 -7.835436  0.674691
     spin moment: {S} , |S| = {        0.0        0.0    0.00046 }     0.00046
   scf:    2   -17742.350946   -17749.832248   -17749.843500  0.217084 -8.162719 12.533590
     spin moment: {S} , |S| = {        0.0        0.0    0.00027 }     0.00027
   scf:    3   -17753.411336   -17753.507224   -17753.519764  0.207090 -7.862809  0.524040
     spin moment: {S} , |S| = {        0.0        0.0    0.00045 }     0.00045
   scf:    4   -17753.543143   -17753.532788   -17753.545357  0.072712 -7.957222  0.024841
     spin moment: {S} , |S| = {        0.0        0.0    0.00040 }     0.00040
   scf:    5   -17753.532803   -17753.532813   -17753.545383  0.002161 -7.960426  0.017262
     spin moment: {S} , |S| = {        0.0        0.0    0.00039 }     0.00039
   scf:    6   -17753.532819   -17753.532819   -17753.545388  0.000211 -7.960451  0.005049
     spin moment: {S} , |S| = {        0.0        0.0    0.00039 }     0.00039

SCF Convergence by DM criterion
max |DM_out - DM_in|         :     0.0002114910
max |H_out - H_in|      (eV) :     0.0050485074
SCF cycle converged after 6 iterations

Using DM_out to compute the final energy and forces
No. of atoms with KB's overlaping orbs in proc 0. Max # of overlaps:     100     807

siesta: E_KS(eV) =           -17753.5328

siesta: Atomic forces (eV/Ang):
     1    0.000000    0.000000   -0.000208
     2    0.000000    0.000000   -0.000393
     3    0.000000   -0.000000    0.000086
     4   -0.000000    0.000000   -0.000201
     5   -0.000000   -0.000000    0.000132
     6   -0.000000   -0.000000    0.000589
----------------------------------------
   Tot    0.000000    0.000000    0.000004
----------------------------------------
   Max    0.000589
   Res    0.000184    sqrt( Sum f_i^2 / 3N )
----------------------------------------
   Max    0.000589    constrained

Stress tensor Voigt[x,y,z,yz,xz,xy] (kbar):     -166.92     -166.92     -179.65        0.00       -0.00       -0.00
(Free)E + p*V (eV/cell)   -17747.2003
Target enthalpy (eV/cell)   -17753.5454

siesta: Stress tensor (static) (eV/Ang**3):
        -0.104185   -0.000000   -0.000000
        -0.000000   -0.104185    0.000000
        -0.000000    0.000000   -0.112130

siesta: Pressure (static):        171.16585375  kBar

siesta: Stress tensor (total) (eV/Ang**3):
        -0.104185   -0.000000   -0.000000
        -0.000000   -0.104185    0.000000
        -0.000000    0.000000   -0.112130

siesta: Pressure (total):        171.16585375  kBar

                     ====================================
                        Begin CG opt. move =      3
                     ====================================
k-point displ. along   1 input, could be:     0.00    0.50
k-point displ. along   2 input, could be:     0.00    0.50
k-point displ. along   3 input, could be:     0.00    0.50
 Kpoints in:           48 . Kpoints trimmed:           46

siesta: k-grid: Number of k-points = 46
siesta: k-points from Monkhorst-Pack grid
siesta: k-cutoff (effective) =     7.343 Ang
siesta: k-point supercell and displacements
siesta: k-grid:     6     0     0      0.000
siesta: k-grid:     0     6     0      0.000
siesta: k-grid:     0     0     2      0.000

superc: Internal auxiliary supercell:     9 x     9 x     3  =     243
superc: Number of atoms, orbitals, and projectors:   1458  36450  26244

outcell: Unit cell vectors (Ang):
        2.447598   -0.000000   -0.000000
       -0.000000    2.447598   -0.000000
       -0.000000   -0.000000   10.407166

outcell: Cell vector modules (Ang)   :    2.447598    2.447598   10.407166
outcell: Cell angles (23,13,12) (deg):     90.0000     90.0000     90.0000
outcell: Cell volume (Ang**3)        :     62.3466
<dSpData1D:S at geom step 3
  <sparsity:sparsity for geom step 3
    nrows_g=150 nrows=8 sparsity=1.1949 nnzs=26886, refcount: 7>
  <dData1D:(new from dSpData1D) n=26886, refcount: 1>
refcount: 1>
new_DM -- step:     4
Re-using DM from previous geometries...
Number of DMs in history: 1
 DM extrapolation coefficients: 
1   1.00000
New DM after history re-use:
<dSpData2D:SpM extrapolated using coords
  <sparsity:sparsity for geom step 3
    nrows_g=150 nrows=8 sparsity=1.1949 nnzs=26886, refcount: 9>
  <dData2D:(temp array for extrapolation) n=26886 m=2, refcount: 1>
refcount: 1>
Note: For starting DM, Qtot, Tr[D*S] =         90.00000000         90.20894589
No. of atoms with KB's overlaping orbs in proc 0. Max # of overlaps:     100     783

InitMesh: MESH = 30 x 30 x 120 = 108000
InitMesh: Mesh cutoff (required, used) =   300.000   367.451 Ry
New grid distribution [1]: sub = 2
New grid distribution [2]: sub = 2
New grid distribution [3]: sub = 2
Setting up quadratic distribution...

        iscf     Eharris(eV)        E_KS(eV)     FreeEng(eV)     dDmax    Ef(eV) dHmax(eV)
   scf:    1   -17761.863122   -17753.625566   -17753.638839  0.153246 -7.905713  0.653672
     spin moment: {S} , |S| = {        0.0        0.0    0.00029 }     0.00029
   scf:    2   -17752.083143   -17753.166549   -17753.179738  0.239401 -7.516997  4.258807
     spin moment: {S} , |S| = {        0.0        0.0    0.00019 }     0.00019
   scf:    3   -17753.434962   -17753.645325   -17753.658558  0.223688 -7.860707  1.058136
     spin moment: {S} , |S| = {        0.0        0.0    0.00028 }     0.00028
   scf:    4   -17753.692791   -17753.684118   -17753.697332  0.045318 -7.763852  0.135036
     spin moment: {S} , |S| = {        0.0        0.0    0.00025 }     0.00025
   scf:    5   -17753.684879   -17753.684873   -17753.698090  0.002835 -7.760669  0.028116
     spin moment: {S} , |S| = {        0.0        0.0    0.00025 }     0.00025
   scf:    6   -17753.684886   -17753.684883   -17753.698100  0.000159 -7.760660  0.015165
     spin moment: {S} , |S| = {        0.0        0.0    0.00025 }     0.00025

SCF Convergence by DM criterion
max |DM_out - DM_in|         :     0.0001589496
max |H_out - H_in|      (eV) :     0.0151648604
SCF cycle converged after 6 iterations

Using DM_out to compute the final energy and forces
No. of atoms with KB's overlaping orbs in proc 0. Max # of overlaps:     100     783

siesta: E_KS(eV) =           -17753.6849

siesta: Atomic forces (eV/Ang):
     1   -0.000000   -0.000000    0.000855
     2    0.000000    0.000000   -0.002429
     3   -0.000000    0.000000   -0.003023
     4    0.000000   -0.000000   -0.001590
     5    0.000000    0.000000    0.002164
     6   -0.000000   -0.000000    0.004018
----------------------------------------
   Tot    0.000000    0.000000   -0.000005
----------------------------------------
   Max    0.004018
   Res    0.001474    sqrt( Sum f_i^2 / 3N )
----------------------------------------
   Max    0.004018    constrained

Stress tensor Voigt[x,y,z,yz,xz,xy] (kbar):        4.89        4.89       -6.36       -0.00        0.00        0.00
(Free)E + p*V (eV/cell)   -17753.7425
Target enthalpy (eV/cell)   -17753.6981

siesta: Stress tensor (static) (eV/Ang**3):
         0.003054   -0.000000    0.000000
         0.000000    0.003054   -0.000000
         0.000000   -0.000000   -0.003970

siesta: Pressure (static):         -1.14206065  kBar

siesta: Stress tensor (total) (eV/Ang**3):
         0.003054   -0.000000    0.000000
         0.000000    0.003054   -0.000000
         0.000000   -0.000000   -0.003970

siesta: Pressure (total):         -1.14206065  kBar

outcoor: Relaxed atomic coordinates (fractional):           
   -0.00000000   -0.00000000    0.00000022   1       1  Mn
    0.50000000    0.50000000    0.16666719   1       2  Mn
    0.00000000   -0.00000000    0.33333312   1       3  Mn
    0.50000000    0.50000000    0.49999988   1       4  Mn
   -0.00000000    0.00000000    0.66666667   1       5  Mn
    0.50000000    0.50000000    0.83333293   1       6  Mn

outcell: Unit cell vectors (Ang):
        2.447598   -0.000000   -0.000000
       -0.000000    2.447598   -0.000000
       -0.000000   -0.000000   10.407166

outcell: Cell vector modules (Ang)   :    2.447598    2.447598   10.407166
outcell: Cell angles (23,13,12) (deg):     90.0000     90.0000     90.0000
outcell: Cell volume (Ang**3)        :     62.3466

coxmol: Writing XMOL coordinates into file hea.xyz                                                                                                                                                                                                                             
Writing WFSX for COOP/COHP in hea.fullBZ.WFSX

diag: Algorithm                                     = D&C
diag: Parallel over k                               =   F
diag: Use parallel 2D distribution                  =   T
diag: Parallel block-size                           = 4
diag: Parallel distribution                         =     6 x     6
diag: Used triangular part                          = Lower
diag: Absolute tolerance                            =  0.100E-15
diag: Orthogonalization factor                      =  0.100E-05
diag: Memory factor                                 =  1.0000

diag: Algorithm                                     = D&C
diag: Parallel over k                               =   F
diag: Use parallel 2D distribution                  =   T
diag: Parallel block-size                           = 4
diag: Parallel distribution                         =     6 x     6
diag: Used triangular part                          = Lower
diag: Absolute tolerance                            =  0.100E-15
diag: Orthogonalization factor                      =  0.100E-05
diag: Memory factor                                 =  1.0000

siesta: PDOS info
siesta: E1 -- E2, sigma [eV], nhist:  -20.000 --   20.000    0.100 1000

diag: Algorithm                                     = D&C
diag: Parallel over k                               =   F
diag: Use parallel 2D distribution                  =   T
diag: Parallel block-size                           = 4
diag: Parallel distribution                         =     6 x     6
diag: Used triangular part                          = Lower
diag: Absolute tolerance                            =  0.100E-15
diag: Orthogonalization factor                      =  0.100E-05
diag: Memory factor                                 =  1.0000

siesta: Program's energy decomposition (eV):
siesta: Ebs     =     -3474.890461
siesta: Eions   =     24069.991265
siesta: Ena     =      2488.859815
siesta: Ekin    =      7800.174347
siesta: Enl     =     -1127.033076
siesta: Eso     =         0.000000
siesta: Edftu   =         0.000000
siesta: DEna    =       105.039901
siesta: DUscf   =         1.763322
siesta: DUext   =         0.000000
siesta: Ex      =     -2777.097470
siesta: Ec      =      -175.400457
siesta: Exc     =     -2952.497927
siesta: EbV     =         0.000000
siesta: eta*DQ  =         0.000000
siesta: Emadel  =         0.000000
siesta: Emeta   =         0.000000
siesta: Emolmec =         0.000000
siesta: Ekinion =         0.000000
siesta: Eharris =    -17753.684886
siesta: Etot    =    -17753.684883
siesta: FreeEng =    -17753.698100

siesta: Final energy (eV):
siesta:  Band Struct. =   -3474.890461
siesta:       Kinetic =    7800.174347
siesta:       Hartree =    3677.065029
siesta:         Edftu =       0.000000
siesta:       Eso     =       0.000000
siesta:    Ext. field =       0.000000
siesta:         Exch. =   -2777.097470
siesta:         Corr. =    -175.400457
siesta:     Bulk bias =       0.000000
siesta:   Exch.-corr. =   -2952.497927
siesta:  Ion-electron =  -16008.411993
siesta:       Ion-ion =  -10270.014339
siesta:       Ekinion =       0.000000
siesta: D3 dispersion =       0.000000
siesta:         Total =  -17753.684883
siesta:         Fermi =      -7.760660

siesta: Stress tensor (static) (eV/Ang**3):
siesta:     0.003054   -0.000000    0.000000
siesta:     0.000000    0.003054   -0.000000
siesta:     0.000000   -0.000000   -0.003970

siesta: Constrained stress tensor (static) (eV/Ang**3):
siesta:     0.003054   -0.000000    0.000000
siesta:    -0.000000    0.003054   -0.000000
siesta:     0.000000   -0.000000   -0.003970

siesta: Cell volume =         62.346567 Ang**3

siesta: Pressure (static):
siesta:                Solid            Molecule  Units
siesta:          -0.00000776         -0.00000933  Ry/Bohr**3
siesta:          -0.00071282         -0.00085668  eV/Ang**3
siesta:          -1.14206065         -1.37255236  kBar
(Free)E+ p_basis*V_orbitals  =      -17732.871227
(Free)Eharris+ p_basis*V_orbitals  =      -17732.871230

mulliken: Atomic and Orbital Populations:

mulliken: Spin UP 

Species: Mn                  
Atom  Qatom  Qorb
               3s      4s      4s      4s      3py     3pz     3px     4py     
               4pz     4px     3dxy    3dyz    3dz2    3dxz    3dx2-y2 3dxy    
               3dyz    3dz2    3dxz    3dx2-y2 3dxy    3dyz    3dz2    3dxz    
               3dx2-y2 
   1  7.500   0.984   0.001   0.074   0.002   0.990   0.989   0.990   0.172
              0.174   0.172   0.772   1.033   0.750   1.033   1.028  -0.065

             -0.108  -0.062  -0.108  -0.109  -0.179  -0.288  -0.171  -0.288

             -0.284
   2  7.500   0.984   0.001   0.074   0.002   0.990   0.989   0.990   0.172
              0.174   0.172   0.772   1.033   0.750   1.033   1.028  -0.065

             -0.108  -0.062  -0.108  -0.109  -0.179  -0.288  -0.171  -0.288

             -0.284
   3  7.500   0.984   0.001   0.074   0.002   0.990   0.989   0.990   0.172
              0.174   0.172   0.772   1.033   0.750   1.033   1.028  -0.065

             -0.108  -0.062  -0.108  -0.109  -0.179  -0.288  -0.171  -0.288

             -0.284
   4  7.500   0.984   0.001   0.074   0.002   0.990   0.989   0.990   0.172
              0.174   0.172   0.772   1.033   0.750   1.033   1.028  -0.065

             -0.108  -0.062  -0.108  -0.109  -0.179  -0.288  -0.171  -0.288

             -0.284
   5  7.500   0.984   0.001   0.074   0.002   0.990   0.989   0.990   0.172
              0.174   0.172   0.772   1.033   0.749   1.033   1.028  -0.065

             -0.108  -0.062  -0.108  -0.109  -0.179  -0.288  -0.171  -0.288

             -0.284
   6  7.500   0.984   0.001   0.074   0.002   0.990   0.989   0.990   0.172
              0.174   0.172   0.772   1.033   0.750   1.033   1.028  -0.065

             -0.108  -0.062  -0.108  -0.109  -0.179  -0.288  -0.171  -0.288

             -0.284

mulliken: Qtot =       45.000

mulliken: Spin DOWN 

Species: Mn                  
Atom  Qatom  Qorb
               3s      4s      4s      4s      3py     3pz     3px     4py     
               4pz     4px     3dxy    3dyz    3dz2    3dxz    3dx2-y2 3dxy    
               3dyz    3dz2    3dxz    3dx2-y2 3dxy    3dyz    3dz2    3dxz    
               3dx2-y2 
   1  7.500   0.984   0.001   0.074   0.002   0.990   0.989   0.990   0.172
              0.174   0.172   0.772   1.033   0.750   1.033   1.028  -0.065

             -0.108  -0.062  -0.108  -0.109  -0.179  -0.288  -0.171  -0.288

             -0.284
   2  7.500   0.984   0.001   0.074   0.002   0.990   0.989   0.990   0.172
              0.174   0.172   0.772   1.033   0.750   1.033   1.028  -0.065

             -0.108  -0.062  -0.108  -0.109  -0.179  -0.288  -0.171  -0.288

             -0.284
   3  7.500   0.984   0.001   0.074   0.002   0.990   0.989   0.990   0.172
              0.174   0.172   0.772   1.033   0.750   1.033   1.028  -0.065

             -0.108  -0.062  -0.108  -0.109  -0.179  -0.288  -0.171  -0.288

             -0.284
   4  7.500   0.984   0.001   0.074   0.002   0.990   0.989   0.990   0.172
              0.174   0.172   0.772   1.033   0.749   1.033   1.028  -0.065

             -0.108  -0.062  -0.108  -0.109  -0.179  -0.288  -0.171  -0.288

             -0.284
   5  7.500   0.984   0.001   0.074   0.002   0.990   0.989   0.990   0.172
              0.174   0.172   0.772   1.033   0.749   1.033   1.028  -0.065

             -0.108  -0.062  -0.108  -0.109  -0.179  -0.288  -0.171  -0.288

             -0.284
   6  7.500   0.984   0.001   0.074   0.002   0.990   0.989   0.990   0.172
              0.174   0.172   0.772   1.033   0.750   1.033   1.028  -0.065

             -0.108  -0.062  -0.108  -0.109  -0.179  -0.288  -0.171  -0.288

             -0.284

mulliken: Qtot =       45.000

Mulliken Atomic Populations:
Atom #   charge [q] valence [e]      Sz [e]  Species
     1    -0.000284   15.000284   -0.000053  Mn
     2    -0.000133   15.000133    0.000016  Mn
     3     0.000023   14.999977    0.000085  Mn
     4     0.000187   14.999813    0.000083  Mn
     5     0.000283   14.999717    0.000092  Mn
     6    -0.000076   15.000076    0.000025  Mn
-------------------------------------------
 Total     0.000000                0.000248

cite: Please indicate the Siesta version in published work: 5.2.2
cite: This calculation has made use of features in the following articles
cite: which we encourage you to cite in published work.
cite: (Please see "hea.bib" for a BibTeX file.)
        Primary SIESTA paper
          DOI: www.doi.org/10.1088/0953-8984/14/11/302
        PSML pseudopotential format
          DOI: www.doi.org/10.1016/j.cpc.2018.02.011


>> End of run:  18-JUN-2025   7:01:33
Job completed
