Executable      : /home/users/felipegc/woltsoft/SIESTA/siesta-5.2.2/build/bin/siesta
Version         : 5.2.2
Architecture    : x86_64
Compiler version: GNU-9.3.0
Compiler flags  : -O3 -march=native
Parallelisations: MPI
Lua support
Native ELPA support
ELSI support. Solvers:
   ELPA (internal) 
   NTPoly
   OMM
DFT-D3 support
Wannier90 wrapper support

Runtime information:
* Directory : /home/users/felipegc/MnGaNi/top/structure_calc_123
* Running on 36 nodes in parallel.
>> Start of run:  17-JUN-2025   3:16:37

                           *********************** 
                           *  WELCOME TO SIESTA  * 
                           *********************** 

 NOTE: Siesta V5 introduces some new defaults for basis-set generation
 NOTE: which might lead to slightly different numerical results.
 NOTE: Please see the manual for full details and compatibility measures.


reinit: Reading from standard input
reinit: Dumping input in INPUT_TMP.51677
************************** Dump of input data file ****************************
SystemName          hea
SystemLabel         hea
Reparametrize.Pseudos T
Restricted.Radial.Grid F
%include atoms.fdf
MaxSCFIterations     20000
SCF.Mix              Hamiltonian
SCF.Mixer.Method     Broyden
#SCF.Mixer.Variant    original #Pulay original
SCF.Mixer.History    8
SCF.Mixer.Weight     0.07
SCF.H.Converge       False
SCF.DM.Converge      True
SCF.DM.Tolerance     5.d-4
SCF.H.Tolerance      5.d-3 eV
MeshCutoff 300.0 Ry
MD.UseSaveCG         False
DM.UseSaveDM         False
NumberOfEigenStates -20
ElectronicTemperature 300 K
WriteCoorXmol        True
XC.Functional     GGA
XC.authors        PBEsol
SpinPolarized      True
SolutionMethod       diagon
#Diag.Algorithm        MRRR
###################################
###################################
# Full template for Basis param.
###################################
###################################
Basis.Pressure 0.3 GPa
PAO.SoftDefault T
PAO.SoftPotential 50.0 Ry
PAO.SoftInnerRadius 0.70
PAO.BasisType split
PAO.EnergyShift 0.0019 eV
PAO.BasisSize TZP
PAO.SplitTailNorm T
            %block kgrid_Monkhorst_Pack
            6  0  0  0.
            0  6  0  0.
            0  0  2  0.
            %endblock kgrid_Monkhorst_Pack
            MD.TypeOfRun CG
            MD.Steps         500
            MD.VariableCell true
            MD.MaxForceTol 0.05 eV/Ang
            WriteMDHistory true
            WriteForces true
            Write.OrbitalIndex true
            Charge.Mulliken end
            COOP.Write true
            %block ProjectedDensityOfStates
            -20.00 20.00 0.1 1000 eV
            %endblock ProjectedDensityOfStates
************************** End of input data file *****************************

reinit: -----------------------------------------------------------------------
reinit: System Name: hea
reinit: -----------------------------------------------------------------------
reinit: System Label: hea
reinit: -----------------------------------------------------------------------

NOTE on units for spin output: 
{S} is the spin magnetic moment, in units of the Bohr magneton,
assuming a g-factor for the electron spin of exactly 2.
The spin magnetic moment is then numerically equal to the charge inbalance,
in units of electrons, between the spin-up and -down channels.


initatom: Reading input for the pseudopotentials and atomic orbitals ----------
Species number:   1 Atomic number:   25 Label: Mn

Ground state valence configuration (from tables):   4s02  4p00  3d05  4f00

---- Processing specs for species: Mn
Reading pseudopotential information in PSML from:
  Mn.psml
PSML file version: 1.1
Using libxc ids:  101 130
GGA--PBE XC_GGA_X_PBE--XC_GGA_C_PBE pb
PSML uuid: e5ebd880-be41-11e7-659b-074ddfc7bd15
Semicore shell(s) with  8 electrons included in the valence for Mn

---- Pseudopotential check for Mn

Pseudized shells:
3s( 2.00) rc: 1.41
3p( 6.00) rc: 1.21
3d( 5.00) rc: 1.61
Valence configuration for ps generation: 3s:3p:3d:4s: Total charge:  15.000000
Semicore shell(s): 3s 3p
Fallback to non-perturbative polarization scheme for Mn
Please see the manual if this is not desired in principle
For Mn, standard SIESTA heuristics set lmxkb to 3
 (one more than the basis l, including polarization orbitals).
Use PS.lmax or PS.KBprojectors blocks to override.
Mn pseudopotential only contains V_ls up to l=2 -- lmxkb reset.

<basis_specs>
===============================================================================
Mn                   Z=  25    Mass=  54.938        Charge= 0.17977+309
Lmxo=2 Lmxkb= 2    BasisType=split      Semic=T
L=0  Nsemic=1  Cnfigmx=4
          i=1  nzeta=1  polorb=0  (3s)  (semicore shell)
            splnorm:   0.15000    
               vcte:    50.000    
               rinn:  -0.70000    
               qcoe:    0.0000    
               qyuk:    0.0000    
               qwid:   0.10000E-01
                rcs:    0.0000    
            lambdas:    1.0000    
          i=2  nzeta=3  polorb=0  (4s)  (to be polarized non-perturbatively)
            splnorm:   0.15000    
               vcte:    50.000    
               rinn:  -0.70000    
               qcoe:    0.0000    
               qyuk:    0.0000    
               qwid:   0.10000E-01
                rcs:    0.0000      0.0000      0.0000    
            lambdas:    1.0000      1.0000      1.0000    
L=1  Nsemic=1  Cnfigmx=4
          i=1  nzeta=1  polorb=0  (3p)  (semicore shell)
            splnorm:   0.15000    
               vcte:    50.000    
               rinn:  -0.70000    
               qcoe:    0.0000    
               qyuk:    0.0000    
               qwid:   0.10000E-01
                rcs:    0.0000    
            lambdas:    1.0000    
          i=2  nzeta=1  polorb=0  (4p)  (non-perturbative polarization shell)
            splnorm:   0.15000    
               vcte:    50.000    
               rinn:  -0.70000    
               qcoe:   0.47121-315
               qyuk:    0.0000    
               qwid:   0.69532-309
                rcs:    0.0000    
            lambdas:    1.0000    
L=2  Nsemic=0  Cnfigmx=3
          i=1  nzeta=3  polorb=0  (3d)
            splnorm:   0.15000    
               vcte:    50.000    
               rinn:  -0.70000    
               qcoe:    0.0000    
               qyuk:    0.0000    
               qwid:   0.10000E-01
                rcs:    0.0000      0.0000      0.0000    
            lambdas:    1.0000      1.0000      1.0000    
-------------------------------------------------------------------------------
L=0  Nkbl=2  erefs: 0.17977+309 0.17977+309
L=1  Nkbl=2  erefs: 0.17977+309 0.17977+309
L=2  Nkbl=1  erefs: 0.17977+309
===============================================================================
</basis_specs>

Using PAO.SplitTailNorm
atom: Called for Mn                    (Z =  25)
Maximum radius (at nrval) set to   50.00000 8518

read_vps: Pseudopotential generation method:
read_vps: ONCVPSP-3.Hamann's oncvpsp                        
Valence charge in pseudo generation:   15.00000

read_vps: Pseudopotential includes a core correction:
read_vps: Pseudo-core for xc-correction

xc_check: Exchange-correlation functional:
xc_check: GGA PBEsol
xc_check: WARNING: Pseudopotential generated with GGA PBE functional
Got Vlocal (oncv-fit) from psml data
Choosing vlocal chloc cutoff:  3.504263
qtot up to nchloc:   15.00032895
atom: Maximum radius for chlocal:    3.50426
atom: Maximum radius for r*vlocal+2*Zval:    3.50426
Reading KB projs from Mn psml data
Using scalar-relativistic projectors in PSML file

PSML: Kleinman-Bylander projectors: 
   l= 0   rc=  1.427391   Ekb= 18.471374
   l= 0   rc=  1.430269   Ekb=  3.121111
   l= 1   rc=  1.224702   Ekb=  3.156115
   l= 1   rc=  1.224702   Ekb= -1.424352
   l= 2   rc=  1.630219   Ekb=-13.224142
   l= 2   rc=  1.630219   Ekb= -4.330632

PSML: Total number of  Kleinman-Bylander projectors:  18
atom: -------------------------------------------------------------------------

atom: SANKEY-TYPE ORBITALS:
atom: Selected multiple-zeta basis: split     

SPLIT: Orbitals with angular momentum L= 0

SPLIT: Basis orbitals for state 3s

SPLIT: PAO cut-off radius determined from an
SPLIT: energy shift=  0.000140 Ry
Split based on tail norm

   izeta = 1
                 lambda =    1.000000
                     rc =    3.380000
                 energy =   -6.293298
                kinetic =    2.848567
    potential(screened) =   -9.141865
       potential(ionic) =  -33.519753

SPLIT: Basis orbitals for state 4s

SPLIT: PAO cut-off radius determined from an
SPLIT: energy shift=  0.000140 Ry
Split based on tail norm

   izeta = 1
                 lambda =    1.000000
                     rc =   10.002455
                 energy =   -0.450676
                kinetic =    1.112603
    potential(screened) =   -1.563278
       potential(ionic) =  -13.199632

   izeta = 2
                 rmatch =    5.430276
              splitnorm =    0.150000
                 energy =   -0.360834
                kinetic =    1.875764
    potential(screened) =   -2.236598
       potential(ionic) =  -15.982656

   izeta = 3
                 rmatch =    6.342382
              splitnorm =    0.075000
                 energy =   -0.415048
                kinetic =    1.529261
    potential(screened) =   -1.944310
       potential(ionic) =  -14.865309

SPLIT: Orbitals with angular momentum L= 1

SPLIT: Basis orbitals for state 3p

SPLIT: PAO cut-off radius determined from an
SPLIT: energy shift=  0.000140 Ry
Split based on tail norm

   izeta = 1
                 lambda =    1.000000
                     rc =    3.873861
                 energy =   -3.996757
                kinetic =    6.976018
    potential(screened) =  -10.972775
       potential(ionic) =  -34.563053

SPLIT: Basis orbitals for state 4p
SPLIT: Non-perturbative polarization orbs for state 4s
SPLIT: rc(1st zeta) (re)set to: 10.0025 (expansion factor: 1.0000)
Split based on tail norm

   izeta = 1
                 lambda =    1.000000
                     rc =   10.002455
                 energy =   -0.085879
                kinetic =    0.770317
    potential(screened) =   -0.856196
       potential(ionic) =   -9.409918

SPLIT: Orbitals with angular momentum L= 2

SPLIT: Basis orbitals for state 3d

SPLIT: PAO cut-off radius determined from an
SPLIT: energy shift=  0.000140 Ry
Split based on tail norm

   izeta = 1
                 lambda =    1.000000
                     rc =    7.238756
                 energy =   -0.490123
                kinetic =    9.261574
    potential(screened) =   -9.751697
       potential(ionic) =  -30.334327

   izeta = 2
                 rmatch =    3.144499
              splitnorm =    0.150000
                 energy =   -0.401801
                kinetic =   11.021778
    potential(screened) =  -11.423579
       potential(ionic) =  -33.555539

   izeta = 3
                 rmatch =    3.972182
              splitnorm =    0.075000
                 energy =   -0.464167
                kinetic =   10.072383
    potential(screened) =  -10.536551
       potential(ionic) =  -31.940836
atom: Total number of Sankey-type orbitals: 25

atm_pop: Valence configuration (for local Pseudopot. screening):
 3s( 2.00) 4s( 2.00)                                                  
 3p( 6.00) 4p( 0.00)                                                  
 3d( 5.00)                                                            
Vna: chval, zval:   15.00000  15.00000

Vna:  Cut-off radius for the neutral-atom potential:  10.002455
comcore: Pseudo-core radius Rcore=  2.115123

atom: _________________________________________________________________________

prinput: Basis input 

PAO.BasisType split     

%block ChemicalSpeciesLabel
    1   25 Mn                      # Species index, atomic number, species label
%endblock ChemicalSpeciesLabel

%block PAO.Basis                 # Define Basis set
# WARNING: This information might be incomplete!
Mn                    5                    # Species label, number of l-shells
 n=3   0   1                         # n, l, Nzeta 
   3.380   
   1.000   
 n=4   0   3                         # n, l, Nzeta 
  10.002      5.430      6.342   
   1.000      1.000      1.000   
 n=3   1   1                         # n, l, Nzeta 
   3.874   
   1.000   
 n=4   1   1                         # n, l, Nzeta 
  10.002   
   1.000   
 n=3   2   3                         # n, l, Nzeta 
   7.239      3.144      3.972   
   1.000      1.000      1.000   
%endblock PAO.Basis

prinput: ----------------------------------------------------------------------

coor:   Atomic-coordinates input format  =     Fractional

siesta: Atomic coordinates (Bohr) and species
siesta:      0.00000   0.00000   0.00000  1        1
siesta:      2.35178   2.35178   3.32592  1        2
siesta:      0.00000   0.00000   6.65184  1        3
siesta:      2.35178   2.35178   9.97775  1        4

siesta: System type = bulk      

initatomlists: Number of atoms, orbitals, and projectors:      4   100    72

coxmol: Writing XMOL coordinates into file hea.xyz                                                                                                                                                                                                                             

siesta: ******************** Simulation parameters ****************************
siesta:
siesta: The following are some of the parameters of the simulation.
siesta: A complete list of the parameters used, including default values,
siesta: can be found in file out.fdf
siesta:
redata: Spin configuration                          = collinear
redata: Number of spin components                   = 2
redata: Time-Reversal Symmetry                      = T
redata: Spin spiral                                 = F
redata: Long output                                 =   F
redata: Number of Atomic Species                    =        1
redata: Charge density info will appear in .RHO file
redata: Write Mulliken charges (when)               = end
redata: Write Mulliken Pop.                         = Atomic and Orbital charges
redata: Write Hirshfeld charges (when)              = none
redata: Write Voronoi charges (when)                = none
redata: Write spin charge (when)                    = scf
redata: Matel table size (NRTAB)                    =     1024
redata: Mesh Cutoff                                 =   300.0000 Ry
redata: Net charge of the system                    =     0.0000 |e|
redata: Min. number of SCF Iter                     =        0
redata: Max. number of SCF Iter                     =    20000
redata: SCF convergence failure will abort job
redata: SCF mix quantity                            = Hamiltonian
redata: Mix DM or H after convergence               =   F
redata: Recompute H after scf cycle                 =   F
redata: Mix DM in first SCF step                    =   T
redata: Write Pulay info on disk                    =   F
redata: New DM Occupancy tolerance                  = 0.000000000001
redata: No kicks to SCF
redata: DM Mixing Weight for Kicks                  =     0.5000
redata: Require Harris convergence for SCF          =   F
redata: Harris energy tolerance for SCF             =     0.000100 eV
redata: Require DM convergence for SCF              =   T
redata: DM tolerance for SCF                        =     0.000500
redata: Require EDM convergence for SCF             =   F
redata: EDM tolerance for SCF                       =     0.001000 eV
redata: Require H convergence for SCF               =   F
redata: Hamiltonian tolerance for SCF               =     0.005000 eV
redata: Require (free) Energy convergence for SCF   =   F
redata: (free) Energy tolerance for SCF             =     0.000100 eV
redata: Antiferro initial spin density              =   F
redata: Using DFT-D3 dispersion                     =   F
redata: Using Saved Data (generic)                  =   F
redata: Use continuation files for DM               =   F
redata: Neglect nonoverlap interactions             =   F
redata: Method of Calculation                       = Diagonalization
redata: Electronic Temperature                      =   300.0000 K
redata: Fix the spin of the system                  =   F
redata: Max. number of TDED Iter                    =        1
redata: Number of TDED substeps                     =        3
redata: Dynamics option                             = CG coord. optimization
redata: Variable cell                               =   T
redata: Use continuation files for CG               =   F
redata: Max atomic displ per move                   =     0.1058 Ang
redata: Maximum number of optimization moves        =      500
redata: Force tolerance                             =     0.0500 eV/Ang
redata: Stress tolerance                            =     1.0000 GPa
mix.SCF: Broyden mixing                          = Broyden
mix.SCF:    History steps                        = 8
mix.SCF:    Linear mixing weight                 =     0.070000
mix.SCF:    Inverse Jacobian weight              =     0.070000
mix.SCF:    Weight prime                         =     0.070000
mix.SCF:    SVD condition                        = 0.1000E-07
mix.SCF: Spin-component mixing                   all
redata: ***********************************************************************

%block SCF.Mixers
  Broyden
%endblock SCF.Mixers

%block SCF.Mixer.Broyden
  # Mixing method
  method broyden

  # Mixing options
  weight 0.0700
  weight.linear 0.0700
  weight.prime 0.0700
  history 8
%endblock SCF.Mixer.Broyden

DM_history_depth set to one: no extrapolation allowed by default for geometry relaxation
Size of DM history Fstack: 1
Total number of electrons:    60.000000
Total ionic charge:    60.000000

* ProcessorY, Blocksize:    3   2


* Orbital distribution balance (max,min):     4     2

k-point displ. along   1 input, could be:     0.00    0.50
k-point displ. along   2 input, could be:     0.00    0.50
k-point displ. along   3 input, could be:     0.00    0.50
 Kpoints in:           48 . Kpoints trimmed:           46

siesta: k-grid: Number of k-points = 46
siesta: k-points from Monkhorst-Pack grid
siesta: k-cutoff (effective) =     7.040 Ang
siesta: k-point supercell and displacements
siesta: k-grid:     6     0     0      0.000
siesta: k-grid:     0     6     0      0.000
siesta: k-grid:     0     0     2      0.000
k-point displ. along   1 input, could be:     0.00    0.50
k-point displ. along   2 input, could be:     0.00    0.50
k-point displ. along   3 input, could be:     0.00    0.50
 Kpoints in:           48 . Kpoints trimmed:           46

siesta: PDOS k-grid: Number of k-points = 46
siesta: PDOS k-points from Monkhorst-Pack grid
siesta: PDOS k-cutoff (effective) =     0.000 Ang
siesta: PDOS k-point supercell and displacements
siesta: k-grid:     6     0     0      0.000
siesta: k-grid:     0     6     0      0.000
siesta: k-grid:     0     0     2      0.000

diag: Algorithm                                     = D&C
diag: Parallel over k                               =   F
diag: Use parallel 2D distribution                  =   T
diag: Parallel block-size                           = 2
diag: Parallel distribution                         =     6 x     6
diag: Used triangular part                          = Lower
diag: Absolute tolerance                            =  0.100E-15
diag: Orthogonalization factor                      =  0.100E-05
diag: Memory factor                                 =  1.0000
diag: The diagonalization method chosen cannot compute a reduced number of eigenvectors.
diag: Resetting neigwanted 52 to 100

superc: Internal auxiliary supercell:     9 x     9 x     5  =     405
superc: Number of atoms, orbitals, and projectors:   1620  40500  29160


ts: **************************************************************
ts: Save H and S matrices                           =    F
ts: Save DM and EDM matrices                        =    F
ts: Only save the overlap matrix S                  =    F
ts: **************************************************************

************************ Begin: TS CHECKS AND WARNINGS ************************
************************ End: TS CHECKS AND WARNINGS **************************


                     ====================================
                        Begin CG opt. move =      0
                     ====================================

superc: Internal auxiliary supercell:     9 x     9 x     5  =     405
superc: Number of atoms, orbitals, and projectors:   1620  40500  29160

outcell: Unit cell vectors (Ang):
        2.489016    0.000000    0.000000
        0.000000    2.489016    0.000000
        0.000000    0.000000    7.040000

outcell: Cell vector modules (Ang)   :    2.489016    2.489016    7.040000
outcell: Cell angles (23,13,12) (deg):     90.0000     90.0000     90.0000
outcell: Cell volume (Ang**3)        :     43.6142
<dSpData1D:S at geom step 0
  <sparsity:sparsity for geom step 0
    nrows_g=100 nrows=4 sparsity=1.5422 nnzs=15422, refcount: 7>
  <dData1D:(new from dSpData1D) n=15422, refcount: 1>
refcount: 1>
new_DM -- step:     1
Initializing Density Matrix...
DM filled with atomic data:
<dSpData2D:DM initialized from atoms
  <sparsity:sparsity for geom step 0
    nrows_g=100 nrows=4 sparsity=1.5422 nnzs=15422, refcount: 8>
  <dData2D:DM n=15422 m=2, refcount: 1>
refcount: 1>
No. of atoms with KB's overlaping orbs in proc 0. Max # of overlaps:      87     783

InitMesh: MESH = 30 x 30 x 80 = 72000
InitMesh: Mesh cutoff (required, used) =   300.000   356.892 Ry
New grid distribution [1]: sub = 2
New grid distribution [2]: sub = 2
New grid distribution [3]: sub = 2
Setting up quadratic distribution...

stepf: Fermi-Dirac step function

siesta: Program's energy decomposition (eV):
siesta: Ebs     =     -2344.073350
siesta: Eions   =     16046.660843
siesta: Ena     =      1663.861934
siesta: Ekin    =      5162.338500
siesta: Enl     =      -747.687512
siesta: Eso     =         0.000000
siesta: Edftu   =         0.000000
siesta: DEna    =       102.090974
siesta: DUscf   =         2.242691
siesta: DUext   =         0.000000
siesta: Ex      =     -1851.849945
siesta: Ec      =      -115.307925
siesta: Exc     =     -1967.157870
siesta: EbV     =         0.000000
siesta: eta*DQ  =         0.000000
siesta: Emadel  =         0.000000
siesta: Emeta   =         0.000000
siesta: Emolmec =         0.000000
siesta: Ekinion =         0.000000
siesta: Eharris =    -11767.484022
siesta: Etot    =    -11830.972127
siesta: FreeEng =    -11830.993077

        iscf     Eharris(eV)        E_KS(eV)     FreeEng(eV)     dDmax    Ef(eV) dHmax(eV)
   scf:    1   -11767.484022   -11830.972127   -11830.993077  3.215509 -6.283482  4.301663
     spin moment: {S} , |S| = {        0.0        0.0   12.42028 }    12.42028
timer: Routine,Calls,Time,% = IterSCF        1       2.629  34.09
   scf:    2   -11831.737253   -11831.361656   -11831.382726  0.381566 -6.411348  3.714342
     spin moment: {S} , |S| = {        0.0        0.0   12.30390 }    12.30390
   scf:    3   -11834.194145   -11832.914062   -11832.931221  1.718064 -7.151115  0.721742
     spin moment: {S} , |S| = {        0.0        0.0   10.95013 }    10.95013
   scf:    4   -11830.617483   -11831.644331   -11831.658087  0.435189 -6.949483  1.186092
     spin moment: {S} , |S| = {        0.0        0.0   13.11903 }    13.11903
   scf:    5   -11842.720342   -11834.901235   -11834.919519  1.526437 -8.038871  1.981802
     spin moment: {S} , |S| = {        0.0        0.0    4.02872 }     4.02872
   scf:    6   -11834.972705   -11834.937497   -11834.957804  0.036565 -7.988530  1.781489
     spin moment: {S} , |S| = {        0.0        0.0    4.18508 }     4.18508
   scf:    7   -11834.972455   -11834.950627   -11834.971827  0.147269 -7.843690  1.307324
     spin moment: {S} , |S| = {        0.0        0.0    4.82265 }     4.82265
   scf:    8   -11834.965329   -11834.958200   -11834.978470  0.046202 -7.781802  1.134136
     spin moment: {S} , |S| = {        0.0        0.0    4.97876 }     4.97876
   scf:    9   -11835.543214   -11835.214135   -11835.231856  0.177631 -7.817656  0.987019
     spin moment: {S} , |S| = {        0.0        0.0    3.90021 }     3.90021
   scf:   10   -11835.430654   -11835.294494   -11835.309311  0.149269 -7.853869  1.291427
     spin moment: {S} , |S| = {        0.0        0.0    2.93064 }     2.93064
   scf:   11   -11835.315441   -11835.304894   -11835.320250  0.018052 -7.836758  1.224610
     spin moment: {S} , |S| = {        0.0        0.0    3.03179 }     3.03179
   scf:   12   -11835.528002   -11835.428478   -11835.443056  0.069229 -7.707184  0.633747
     spin moment: {S} , |S| = {        0.0        0.0    2.97084 }     2.97084
   scf:   13   -11835.497059   -11835.475235   -11835.487881  0.084053 -7.568423  0.309579
     spin moment: {S} , |S| = {        0.0        0.0    2.99292 }     2.99292
   scf:   14   -11835.838680   -11835.604628   -11835.624141  0.165583 -7.541410  0.222926
     spin moment: {S} , |S| = {        0.0        0.0    1.75249 }     1.75249
   scf:   15   -11835.501124   -11835.531218   -11835.545399  0.096161 -7.565963  0.223026
     spin moment: {S} , |S| = {        0.0        0.0    2.56353 }     2.56353
   scf:   16   -11836.158570   -11835.679913   -11835.693774  0.247860 -7.478175  0.200644
     spin moment: {S} , |S| = {        0.0        0.0    0.40712 }     0.40712
   scf:   17   -11835.672779   -11835.672574   -11835.685304  0.106932 -7.555248  0.274779
     spin moment: {S} , |S| = {        0.0        0.0    0.07371 }     0.07371
   scf:   18   -11835.701560   -11835.683651   -11835.695591  0.049707 -7.535421  0.242712
     spin moment: {S} , |S| = {        0.0        0.0    0.31399 }     0.31399
   scf:   19   -11835.693765   -11835.688723   -11835.701035  0.021948 -7.512449  0.195071
     spin moment: {S} , |S| = {        0.0        0.0    0.38933 }     0.38933
   scf:   20   -11835.677833   -11835.671167   -11835.685609  0.121504 -7.567287  0.278748
     spin moment: {S} , |S| = {        0.0        0.0   -0.12146 }    -0.12146
   scf:   21   -11835.797071   -11835.679392   -11835.690088  0.247889 -7.510433  0.143235
     spin moment: {S} , |S| = {        0.0        0.0    1.05665 }     1.05665
   scf:   22   -11835.802571   -11835.691898   -11835.704075  0.253133 -7.556265  0.160087
     spin moment: {S} , |S| = {        0.0        0.0    0.00701 }     0.00701
   scf:   23   -11835.705741   -11835.697189   -11835.708117  0.034720 -7.526450  0.109414
     spin moment: {S} , |S| = {        0.0        0.0    0.19526 }     0.19526
   scf:   24   -11835.708496   -11835.698753   -11835.711106  0.106387 -7.516148  0.095125
     spin moment: {S} , |S| = {        0.0        0.0    0.48364 }     0.48364
   scf:   25   -11835.699106   -11835.698504   -11835.710945  0.034671 -7.518585  0.094478
     spin moment: {S} , |S| = {        0.0        0.0    0.38280 }     0.38280
   scf:   26   -11835.698742   -11835.698482   -11835.711016  0.036412 -7.508977  0.072783
     spin moment: {S} , |S| = {        0.0        0.0    0.45125 }     0.45125
   scf:   27   -11835.696461   -11835.697031   -11835.709796  0.025320 -7.507462  0.097364
     spin moment: {S} , |S| = {        0.0        0.0    0.54937 }     0.54937
   scf:   28   -11835.704462   -11835.699322   -11835.712050  0.052311 -7.508163  0.064304
     spin moment: {S} , |S| = {        0.0        0.0    0.37201 }     0.37201
   scf:   29   -11835.701736   -11835.700427   -11835.712912  0.016034 -7.514680  0.023235
     spin moment: {S} , |S| = {        0.0        0.0    0.33739 }     0.33739
   scf:   30   -11835.700910   -11835.700670   -11835.713029  0.005182 -7.519084  0.008069
     spin moment: {S} , |S| = {        0.0        0.0    0.34342 }     0.34342
   scf:   31   -11835.701169   -11835.700826   -11835.713031  0.017539 -7.518900  0.010906
     spin moment: {S} , |S| = {        0.0        0.0    0.38644 }     0.38644
   scf:   32   -11835.700735   -11835.700768   -11835.713035  0.005909 -7.518926  0.008081
     spin moment: {S} , |S| = {        0.0        0.0    0.36996 }     0.36996
   scf:   33   -11835.700689   -11835.700715   -11835.713040  0.006232 -7.519045  0.006912
     spin moment: {S} , |S| = {        0.0        0.0    0.35348 }     0.35348
   scf:   34   -11835.700693   -11835.700703   -11835.713048  0.001975 -7.519055  0.007747
     spin moment: {S} , |S| = {        0.0        0.0    0.34909 }     0.34909
   scf:   35   -11835.700706   -11835.700702   -11835.713070  0.002040 -7.519567  0.004663
     spin moment: {S} , |S| = {        0.0        0.0    0.34466 }     0.34466
   scf:   36   -11835.700648   -11835.700674   -11835.713078  0.001140 -7.519538  0.002432
     spin moment: {S} , |S| = {        0.0        0.0    0.34330 }     0.34330
   scf:   37   -11835.700661   -11835.700668   -11835.713079  0.000720 -7.519653  0.001903
     spin moment: {S} , |S| = {        0.0        0.0    0.34130 }     0.34130
   scf:   38   -11835.700671   -11835.700669   -11835.713079  0.000497 -7.519664  0.001593
     spin moment: {S} , |S| = {        0.0        0.0    0.34236 }     0.34236

SCF Convergence by DM criterion
max |DM_out - DM_in|         :     0.0004970273
max |H_out - H_in|      (eV) :     0.0015928978
SCF cycle converged after 38 iterations

Using DM_out to compute the final energy and forces
No. of atoms with KB's overlaping orbs in proc 0. Max # of overlaps:      87     783

siesta: E_KS(eV) =           -11835.7007

siesta: E_KS - E_eggbox =    -11835.7007

siesta: Atomic forces (eV/Ang):
     1    0.000000    0.000000    0.000034
     2   -0.000000    0.000000    0.000067
     3   -0.000000    0.000000   -0.000034
     4   -0.000000   -0.000000   -0.000067
----------------------------------------
   Tot   -0.000000    0.000000   -0.000000
----------------------------------------
   Max    0.000067
   Res    0.000031    sqrt( Sum f_i^2 / 3N )
----------------------------------------
   Max    0.000067    constrained

Stress tensor Voigt[x,y,z,yz,xz,xy] (kbar):      145.19      145.19      131.75       -0.00       -0.00        0.00
(Free)E + p*V (eV/cell)   -11839.5435
Target enthalpy (eV/cell)   -11835.7131

siesta: Stress tensor (static) (eV/Ang**3):
         0.090623    0.000000   -0.000000
         0.000000    0.090623    0.000000
        -0.000000   -0.000000    0.082232

siesta: Pressure (static):       -140.71274783  kBar

siesta: Stress tensor (total) (eV/Ang**3):
         0.090623    0.000000   -0.000000
         0.000000    0.090623    0.000000
        -0.000000   -0.000000    0.082232

siesta: Pressure (total):       -140.71274783  kBar

cgvc: No target stress found, assuming hydrostatic MD.TargetPressure.

cgvc: Target stress (kBar)
cgvc:        -0.000       0.000       0.000
cgvc:         0.000      -0.000       0.000
cgvc:         0.000       0.000      -0.000

                     ====================================
                        Begin CG opt. move =      1
                     ====================================
k-point displ. along   1 input, could be:     0.00    0.50
k-point displ. along   2 input, could be:     0.00    0.50
k-point displ. along   3 input, could be:     0.00    0.50
 Kpoints in:           48 . Kpoints trimmed:           46

siesta: k-grid: Number of k-points = 46
siesta: k-points from Monkhorst-Pack grid
siesta: k-cutoff (effective) =     6.960 Ang
siesta: k-point supercell and displacements
siesta: k-grid:     6     0     0      0.000
siesta: k-grid:     0     6     0      0.000
siesta: k-grid:     0     0     2      0.000

superc: Internal auxiliary supercell:     9 x     9 x     5  =     405
superc: Number of atoms, orbitals, and projectors:   1620  40500  29160

outcell: Unit cell vectors (Ang):
        2.457661   -0.000000    0.000000
       -0.000000    2.457661    0.000000
        0.000000    0.000000    6.959527

outcell: Cell vector modules (Ang)   :    2.457661    2.457661    6.959527
outcell: Cell angles (23,13,12) (deg):     90.0000     90.0000     90.0000
outcell: Cell volume (Ang**3)        :     42.0362
<dSpData1D:S at geom step 1
  <sparsity:sparsity for geom step 1
    nrows_g=100 nrows=4 sparsity=1.5422 nnzs=15422, refcount: 7>
  <dData1D:(new from dSpData1D) n=15422, refcount: 1>
refcount: 1>
new_DM -- step:     2
Re-using DM from previous geometries...
Number of DMs in history: 1
 DM extrapolation coefficients: 
1   1.00000
New DM after history re-use:
<dSpData2D:SpM extrapolated using coords
  <sparsity:sparsity for geom step 1
    nrows_g=100 nrows=4 sparsity=1.5422 nnzs=15422, refcount: 9>
  <dData2D:(temp array for extrapolation) n=15422 m=2, refcount: 1>
refcount: 1>
No. of atoms with KB's overlaping orbs in proc 0. Max # of overlaps:      87     783

InitMesh: MESH = 30 x 30 x 80 = 72000
InitMesh: Mesh cutoff (required, used) =   300.000   365.193 Ry
New grid distribution [1]: sub = 2
New grid distribution [2]: sub = 2
New grid distribution [3]: sub = 2
Setting up quadratic distribution...

        iscf     Eharris(eV)        E_KS(eV)     FreeEng(eV)     dDmax    Ef(eV) dHmax(eV)
   scf:    1   -11832.662036   -11835.785859   -11835.797778  0.108708 -7.600465  0.260298
     spin moment: {S} , |S| = {        0.0        0.0    0.32142 }     0.32142
   scf:    2   -11835.710886   -11835.767078   -11835.778952  0.078251 -7.765519  0.785830
     spin moment: {S} , |S| = {        0.0        0.0    0.30461 }     0.30461
   scf:    3   -11835.786195   -11835.790990   -11835.802856  0.053218 -7.647004  0.229998
     spin moment: {S} , |S| = {        0.0        0.0    0.31544 }     0.31544
   scf:    4   -11835.792929   -11835.792745   -11835.804607  0.007760 -7.661738  0.006354
     spin moment: {S} , |S| = {        0.0        0.0    0.31306 }     0.31306
   scf:    5   -11835.792759   -11835.792752   -11835.804616  0.000819 -7.661938  0.006049
     spin moment: {S} , |S| = {        0.0        0.0    0.31120 }     0.31120
   scf:    6   -11835.792789   -11835.792769   -11835.804637  0.002030 -7.662387  0.005883
     spin moment: {S} , |S| = {        0.0        0.0    0.30650 }     0.30650
   scf:    7   -11835.792836   -11835.792799   -11835.804672  0.003342 -7.663090  0.006038
     spin moment: {S} , |S| = {        0.0        0.0    0.29869 }     0.29869
   scf:    8   -11835.792836   -11835.792816   -11835.804691  0.001840 -7.663430  0.006147
     spin moment: {S} , |S| = {        0.0        0.0    0.29435 }     0.29435
   scf:    9   -11835.792833   -11835.792824   -11835.804699  0.000815 -7.663544  0.006215
     spin moment: {S} , |S| = {        0.0        0.0    0.29241 }     0.29241
   scf:   10   -11835.792839   -11835.792832   -11835.804707  0.000737 -7.663646  0.005815
     spin moment: {S} , |S| = {        0.0        0.0    0.29065 }     0.29065
   scf:   11   -11835.792846   -11835.792839   -11835.804714  0.000710 -7.663725  0.005786
     spin moment: {S} , |S| = {        0.0        0.0    0.28895 }     0.28895
   scf:   12   -11835.792856   -11835.792847   -11835.804723  0.000807 -7.663811  0.005720
     spin moment: {S} , |S| = {        0.0        0.0    0.28699 }     0.28699
   scf:   13   -11835.792867   -11835.792857   -11835.804732  0.000893 -7.663908  0.005685
     spin moment: {S} , |S| = {        0.0        0.0    0.28483 }     0.28483
   scf:   14   -11835.792880   -11835.792868   -11835.804742  0.000980 -7.664019  0.005680
     spin moment: {S} , |S| = {        0.0        0.0    0.28245 }     0.28245
   scf:   15   -11835.792896   -11835.792882   -11835.804754  0.001139 -7.664158  0.005652
     spin moment: {S} , |S| = {        0.0        0.0    0.27968 }     0.27968
   scf:   16   -11835.792910   -11835.792895   -11835.804766  0.001106 -7.664285  0.005651
     spin moment: {S} , |S| = {        0.0        0.0    0.27699 }     0.27699
   scf:   17   -11835.792928   -11835.792911   -11835.804779  0.001222 -7.664426  0.005661
     spin moment: {S} , |S| = {        0.0        0.0    0.27400 }     0.27400
   scf:   18   -11835.792945   -11835.792927   -11835.804792  0.001234 -7.664567  0.005703
     spin moment: {S} , |S| = {        0.0        0.0    0.27098 }     0.27098
   scf:   19   -11835.792964   -11835.792945   -11835.804806  0.001280 -7.664716  0.005726
     spin moment: {S} , |S| = {        0.0        0.0    0.26783 }     0.26783
   scf:   20   -11835.792984   -11835.792964   -11835.804820  0.001326 -7.664871  0.005720
     spin moment: {S} , |S| = {        0.0        0.0    0.26458 }     0.26458
   scf:   21   -11835.793013   -11835.792988   -11835.804837  0.001586 -7.665059  0.005603
     spin moment: {S} , |S| = {        0.0        0.0    0.26066 }     0.26066
   scf:   22   -11835.793050   -11835.793018   -11835.804858  0.001926 -7.665292  0.005511
     spin moment: {S} , |S| = {        0.0        0.0    0.25588 }     0.25588
   scf:   23   -11835.793106   -11835.793059   -11835.804885  0.002552 -7.665606  0.005420
     spin moment: {S} , |S| = {        0.0        0.0    0.24950 }     0.24950
   scf:   24   -11835.793200   -11835.793124   -11835.804926  0.003782 -7.666089  0.005363
     spin moment: {S} , |S| = {        0.0        0.0    0.23995 }     0.23995
   scf:   25   -11835.793374   -11835.793234   -11835.804990  0.006034 -7.666907  0.005316
     spin moment: {S} , |S| = {        0.0        0.0    0.22446 }     0.22446
   scf:   26   -11835.793675   -11835.793415   -11835.805091  0.009580 -7.668344  0.004973
     spin moment: {S} , |S| = {        0.0        0.0    0.19899 }     0.19899
   scf:   27   -11835.794178   -11835.793668   -11835.805238  0.015966 -7.671087  0.004379
     spin moment: {S} , |S| = {        0.0        0.0    0.15301 }     0.15301
   scf:   28   -11835.793634   -11835.793649   -11835.805223  0.001877 -7.670712  0.003963
     spin moment: {S} , |S| = {        0.0        0.0    0.15880 }     0.15880
   scf:   29   -11835.793784   -11835.793706   -11835.805258  0.004382 -7.671443  0.003836
     spin moment: {S} , |S| = {        0.0        0.0    0.14560 }     0.14560
   scf:   30   -11835.793847   -11835.793761   -11835.805294  0.005202 -7.672264  0.003786
     spin moment: {S} , |S| = {        0.0        0.0    0.12949 }     0.12949
   scf:   31   -11835.793864   -11835.793800   -11835.805323  0.004623 -7.672918  0.003412
     spin moment: {S} , |S| = {        0.0        0.0    0.11480 }     0.11480
   scf:   32   -11835.793915   -11835.793812   -11835.805360  0.008223 -7.674112  0.003303
     spin moment: {S} , |S| = {        0.0        0.0    0.08668 }     0.08668
   scf:   33   -11835.793828   -11835.793820   -11835.805362  0.000513 -7.674117  0.002678
     spin moment: {S} , |S| = {        0.0        0.0    0.08527 }     0.08527
   scf:   34   -11835.793817   -11835.793817   -11835.805367  0.001275 -7.674291  0.002803
     spin moment: {S} , |S| = {        0.0        0.0    0.08065 }     0.08065
   scf:   35   -11835.793816   -11835.793817   -11835.805368  0.000317 -7.674340  0.002587
     spin moment: {S} , |S| = {        0.0        0.0    0.07943 }     0.07943

SCF Convergence by DM criterion
max |DM_out - DM_in|         :     0.0003172262
max |H_out - H_in|      (eV) :     0.0025865132
SCF cycle converged after 35 iterations

Using DM_out to compute the final energy and forces
No. of atoms with KB's overlaping orbs in proc 0. Max # of overlaps:      87     783

siesta: E_KS(eV) =           -11835.7938

siesta: Atomic forces (eV/Ang):
     1    0.000000   -0.000000   -0.000003
     2    0.000000    0.000000   -0.000138
     3    0.000000    0.000000    0.000002
     4    0.000000    0.000000    0.000138
----------------------------------------
   Tot    0.000000    0.000000   -0.000001
----------------------------------------
   Max    0.000138
   Res    0.000056    sqrt( Sum f_i^2 / 3N )
----------------------------------------
   Max    0.000138    constrained

Stress tensor Voigt[x,y,z,yz,xz,xy] (kbar):       44.50       44.50       35.99       -0.00       -0.00       -0.00
(Free)E + p*V (eV/cell)   -11836.8986
Target enthalpy (eV/cell)   -11835.8054

siesta: Stress tensor (static) (eV/Ang**3):
         0.027778   -0.000000   -0.000000
        -0.000000    0.027778   -0.000000
        -0.000000   -0.000000    0.022466

siesta: Pressure (static):        -41.66782147  kBar

siesta: Stress tensor (total) (eV/Ang**3):
         0.027778   -0.000000   -0.000000
        -0.000000    0.027778   -0.000000
        -0.000000   -0.000000    0.022466

siesta: Pressure (total):        -41.66782147  kBar

                     ====================================
                        Begin CG opt. move =      2
                     ====================================
k-point displ. along   1 input, could be:     0.00    0.50
k-point displ. along   2 input, could be:     0.00    0.50
k-point displ. along   3 input, could be:     0.00    0.50
 Kpoints in:           48 . Kpoints trimmed:           46

siesta: k-grid: Number of k-points = 46
siesta: k-points from Monkhorst-Pack grid
siesta: k-cutoff (effective) =     6.831 Ang
siesta: k-point supercell and displacements
siesta: k-grid:     6     0     0      0.000
siesta: k-grid:     0     6     0      0.000
siesta: k-grid:     0     0     2      0.000

superc: Internal auxiliary supercell:     9 x     9 x     5  =     405
superc: Number of atoms, orbitals, and projectors:   1620  40500  29160

outcell: Unit cell vectors (Ang):
        2.407494   -0.000000    0.000000
       -0.000000    2.407494    0.000000
        0.000000    0.000000    6.830770

outcell: Cell vector modules (Ang)   :    2.407494    2.407494    6.830770
outcell: Cell angles (23,13,12) (deg):     90.0000     90.0000     90.0000
outcell: Cell volume (Ang**3)        :     39.5913
<dSpData1D:S at geom step 2
  <sparsity:sparsity for geom step 2
    nrows_g=100 nrows=4 sparsity=1.5710 nnzs=15710, refcount: 7>
  <dData1D:(new from dSpData1D) n=15710, refcount: 1>
refcount: 1>
new_DM -- step:     3
Re-using DM from previous geometries...
Number of DMs in history: 1
 DM extrapolation coefficients: 
1   1.00000
New DM after history re-use:
<dSpData2D:SpM extrapolated using coords
  <sparsity:sparsity for geom step 2
    nrows_g=100 nrows=4 sparsity=1.5710 nnzs=15710, refcount: 9>
  <dData2D:(temp array for extrapolation) n=15710 m=2, refcount: 1>
refcount: 1>
Note: For starting DM, Qtot, Tr[D*S] =         60.00000000         59.86908759
No. of atoms with KB's overlaping orbs in proc 0. Max # of overlaps:      87     807

InitMesh: MESH = 30 x 30 x 72 = 64800
InitMesh: Mesh cutoff (required, used) =   300.000   307.063 Ry
New grid distribution [1]: sub = 2
New grid distribution [2]: sub = 2
New grid distribution [3]: sub = 2
Setting up quadratic distribution...

        iscf     Eharris(eV)        E_KS(eV)     FreeEng(eV)     dDmax    Ef(eV) dHmax(eV)
   scf:    1   -11829.452261   -11835.678539   -11835.689112  0.239637 -7.798087  0.515209
     spin moment: {S} , |S| = {        0.0        0.0    0.06804 }     0.06804
   scf:    2   -11835.456482   -11835.628645   -11835.639349  0.210030 -8.123435  1.155952
     spin moment: {S} , |S| = {        0.0        0.0    0.05738 }     0.05738
   scf:    3   -11835.721053   -11835.704713   -11835.715247  0.116459 -7.914264  0.224801
     spin moment: {S} , |S| = {        0.0        0.0    0.06352 }     0.06352
   scf:    4   -11835.706341   -11835.706246   -11835.716780  0.007344 -7.923210  0.008223
     spin moment: {S} , |S| = {        0.0        0.0    0.06292 }     0.06292
   scf:    5   -11835.706251   -11835.706249   -11835.716783  0.000237 -7.923395  0.005396
     spin moment: {S} , |S| = {        0.0        0.0    0.06256 }     0.06256

SCF Convergence by DM criterion
max |DM_out - DM_in|         :     0.0002373956
max |H_out - H_in|      (eV) :     0.0053957778
SCF cycle converged after 5 iterations

Using DM_out to compute the final energy and forces
No. of atoms with KB's overlaping orbs in proc 0. Max # of overlaps:      87     807

siesta: E_KS(eV) =           -11835.7062

siesta: Atomic forces (eV/Ang):
     1   -0.000000   -0.000000   -0.000195
     2    0.000000   -0.000000   -0.000074
     3    0.000000    0.000000    0.000198
     4   -0.000000    0.000000    0.000074
----------------------------------------
   Tot    0.000000   -0.000000    0.000003
----------------------------------------
   Max    0.000198
   Res    0.000086    sqrt( Sum f_i^2 / 3N )
----------------------------------------
   Max    0.000198    constrained

Stress tensor Voigt[x,y,z,yz,xz,xy] (kbar):     -161.02     -161.02     -173.69       -0.00        0.00        0.00
(Free)E + p*V (eV/cell)   -11831.6334
Target enthalpy (eV/cell)   -11835.7168

siesta: Stress tensor (static) (eV/Ang**3):
        -0.100501    0.000000    0.000000
         0.000000   -0.100501   -0.000000
         0.000000   -0.000000   -0.108409

siesta: Pressure (static):        165.24412268  kBar

siesta: Stress tensor (total) (eV/Ang**3):
        -0.100501    0.000000    0.000000
         0.000000   -0.100501   -0.000000
         0.000000   -0.000000   -0.108409

siesta: Pressure (total):        165.24412268  kBar

                     ====================================
                        Begin CG opt. move =      3
                     ====================================
k-point displ. along   1 input, could be:     0.00    0.50
k-point displ. along   2 input, could be:     0.00    0.50
k-point displ. along   3 input, could be:     0.00    0.50
 Kpoints in:           48 . Kpoints trimmed:           46

siesta: k-grid: Number of k-points = 46
siesta: k-points from Monkhorst-Pack grid
siesta: k-cutoff (effective) =     6.932 Ang
siesta: k-point supercell and displacements
siesta: k-grid:     6     0     0      0.000
siesta: k-grid:     0     6     0      0.000
siesta: k-grid:     0     0     2      0.000

superc: Internal auxiliary supercell:     9 x     9 x     5  =     405
superc: Number of atoms, orbitals, and projectors:   1620  40500  29160

outcell: Unit cell vectors (Ang):
        2.447016   -0.000000    0.000000
       -0.000000    2.447016    0.000000
        0.000000    0.000000    6.932207

outcell: Cell vector modules (Ang)   :    2.447016    2.447016    6.932207
outcell: Cell angles (23,13,12) (deg):     90.0000     90.0000     90.0000
outcell: Cell volume (Ang**3)        :     41.5093
<dSpData1D:S at geom step 3
  <sparsity:sparsity for geom step 3
    nrows_g=100 nrows=4 sparsity=1.5422 nnzs=15422, refcount: 7>
  <dData1D:(new from dSpData1D) n=15422, refcount: 1>
refcount: 1>
new_DM -- step:     4
Re-using DM from previous geometries...
Number of DMs in history: 1
 DM extrapolation coefficients: 
1   1.00000
New DM after history re-use:
<dSpData2D:SpM extrapolated using coords
  <sparsity:sparsity for geom step 3
    nrows_g=100 nrows=4 sparsity=1.5422 nnzs=15422, refcount: 9>
  <dData2D:(temp array for extrapolation) n=15422 m=2, refcount: 1>
refcount: 1>
Note: For starting DM, Qtot, Tr[D*S] =         60.00000000         60.13805200
No. of atoms with KB's overlaping orbs in proc 0. Max # of overlaps:      87     783

InitMesh: MESH = 30 x 30 x 80 = 72000
InitMesh: Mesh cutoff (required, used) =   300.000   368.077 Ry
New grid distribution [1]: sub = 2
New grid distribution [2]: sub = 2
New grid distribution [3]: sub = 2
Setting up quadratic distribution...

        iscf     Eharris(eV)        E_KS(eV)     FreeEng(eV)     dDmax    Ef(eV) dHmax(eV)
   scf:    1   -11841.150597   -11835.763221   -11835.774527  0.179892 -7.869749  0.618295
     spin moment: {S} , |S| = {        0.0        0.0    0.05796 }     0.05796
   scf:    2   -11835.370396   -11835.666503   -11835.678551  0.235621 -7.487133  1.873510
     spin moment: {S} , |S| = {        0.0        0.0    0.05646 }     0.05646
   scf:    3   -11835.783085   -11835.794256   -11835.805578  0.189082 -7.755944  0.528777
     spin moment: {S} , |S| = {        0.0        0.0    0.05700 }     0.05700
   scf:    4   -11835.801978   -11835.801367   -11835.812712  0.016745 -7.726822  0.007362
     spin moment: {S} , |S| = {        0.0        0.0    0.05662 }     0.05662
   scf:    5   -11835.801365   -11835.801366   -11835.812713  0.000141 -7.726832  0.004038
     spin moment: {S} , |S| = {        0.0        0.0    0.05644 }     0.05644

SCF Convergence by DM criterion
max |DM_out - DM_in|         :     0.0001406039
max |H_out - H_in|      (eV) :     0.0040384324
SCF cycle converged after 5 iterations

Using DM_out to compute the final energy and forces
No. of atoms with KB's overlaping orbs in proc 0. Max # of overlaps:      87     783

siesta: E_KS(eV) =           -11835.8014

siesta: Atomic forces (eV/Ang):
     1   -0.000000   -0.000000   -0.000098
     2   -0.000000   -0.000000    0.000054
     3    0.000000   -0.000000    0.000099
     4   -0.000000    0.000000   -0.000057
----------------------------------------
   Tot   -0.000000   -0.000000   -0.000001
----------------------------------------
   Max    0.000099
   Res    0.000046    sqrt( Sum f_i^2 / 3N )
----------------------------------------
   Max    0.000099    constrained

Stress tensor Voigt[x,y,z,yz,xz,xy] (kbar):        4.18        4.18       -3.97       -0.00        0.00       -0.00
(Free)E + p*V (eV/cell)   -11835.8507
Target enthalpy (eV/cell)   -11835.8127

siesta: Stress tensor (static) (eV/Ang**3):
         0.002611   -0.000000    0.000000
        -0.000000    0.002611   -0.000000
         0.000000   -0.000000   -0.002479

siesta: Pressure (static):         -1.46521054  kBar

siesta: Stress tensor (total) (eV/Ang**3):
         0.002611   -0.000000    0.000000
        -0.000000    0.002611   -0.000000
         0.000000   -0.000000   -0.002479

siesta: Pressure (total):         -1.46521054  kBar

outcoor: Relaxed atomic coordinates (fractional):           
    0.00000000    0.00000000    0.00000052   1       1  Mn
    0.50000000    0.50000000    0.25000102   1       2  Mn
   -0.00000000    0.00000000    0.49999948   1       3  Mn
    0.50000000    0.50000000    0.74999898   1       4  Mn

outcell: Unit cell vectors (Ang):
        2.447016   -0.000000    0.000000
       -0.000000    2.447016    0.000000
        0.000000    0.000000    6.932207

outcell: Cell vector modules (Ang)   :    2.447016    2.447016    6.932207
outcell: Cell angles (23,13,12) (deg):     90.0000     90.0000     90.0000
outcell: Cell volume (Ang**3)        :     41.5093

coxmol: Writing XMOL coordinates into file hea.xyz                                                                                                                                                                                                                             
Writing WFSX for COOP/COHP in hea.fullBZ.WFSX

diag: Algorithm                                     = D&C
diag: Parallel over k                               =   F
diag: Use parallel 2D distribution                  =   T
diag: Parallel block-size                           = 2
diag: Parallel distribution                         =     6 x     6
diag: Used triangular part                          = Lower
diag: Absolute tolerance                            =  0.100E-15
diag: Orthogonalization factor                      =  0.100E-05
diag: Memory factor                                 =  1.0000

diag: Algorithm                                     = D&C
diag: Parallel over k                               =   F
diag: Use parallel 2D distribution                  =   T
diag: Parallel block-size                           = 2
diag: Parallel distribution                         =     6 x     6
diag: Used triangular part                          = Lower
diag: Absolute tolerance                            =  0.100E-15
diag: Orthogonalization factor                      =  0.100E-05
diag: Memory factor                                 =  1.0000

siesta: PDOS info
siesta: E1 -- E2, sigma [eV], nhist:  -20.000 --   20.000    0.100 1000

diag: Algorithm                                     = D&C
diag: Parallel over k                               =   F
diag: Use parallel 2D distribution                  =   T
diag: Parallel block-size                           = 2
diag: Parallel distribution                         =     6 x     6
diag: Used triangular part                          = Lower
diag: Absolute tolerance                            =  0.100E-15
diag: Orthogonalization factor                      =  0.100E-05
diag: Memory factor                                 =  1.0000

siesta: Program's energy decomposition (eV):
siesta: Ebs     =     -2315.461267
siesta: Eions   =     16046.660843
siesta: Ena     =      1659.107769
siesta: Ekin    =      5202.411645
siesta: Enl     =      -752.309826
siesta: Eso     =         0.000000
siesta: Edftu   =         0.000000
siesta: DEna    =        69.169179
siesta: DUscf   =         1.117472
siesta: DUext   =         0.000000
siesta: Ex      =     -1851.694310
siesta: Ec      =      -116.942451
siesta: Exc     =     -1968.636761
siesta: EbV     =         0.000000
siesta: eta*DQ  =         0.000000
siesta: Emadel  =         0.000000
siesta: Emeta   =         0.000000
siesta: Emolmec =         0.000000
siesta: Ekinion =         0.000000
siesta: Eharris =    -11835.801365
siesta: Etot    =    -11835.801366
siesta: FreeEng =    -11835.812713

siesta: Final energy (eV):
siesta:  Band Struct. =   -2315.461267
siesta:       Kinetic =    5202.411645
siesta:       Hartree =    2451.129189
siesta:         Edftu =       0.000000
siesta:       Eso     =       0.000000
siesta:    Ext. field =       0.000000
siesta:         Exch. =   -1851.694310
siesta:         Corr. =    -116.942451
siesta:     Bulk bias =       0.000000
siesta:   Exch.-corr. =   -1968.636761
siesta:  Ion-electron =  -10672.532270
siesta:       Ion-ion =   -6848.173169
siesta:       Ekinion =       0.000000
siesta: D3 dispersion =       0.000000
siesta:         Total =  -11835.801366
siesta:         Fermi =      -7.726832

siesta: Stress tensor (static) (eV/Ang**3):
siesta:     0.002611   -0.000000    0.000000
siesta:    -0.000000    0.002611   -0.000000
siesta:     0.000000   -0.000000   -0.002479

siesta: Constrained stress tensor (static) (eV/Ang**3):
siesta:     0.002611   -0.000000    0.000000
siesta:    -0.000000    0.002611   -0.000000
siesta:     0.000000   -0.000000   -0.002479

siesta: Cell volume =         41.509288 Ang**3

siesta: Pressure (static):
siesta:                Solid            Molecule  Units
siesta:          -0.00000996         -0.00000997  Ry/Bohr**3
siesta:          -0.00091451         -0.00091569  eV/Ang**3
siesta:          -1.46521054         -1.46708920  kBar
(Free)E+ p_basis*V_orbitals  =      -11821.928131
(Free)Eharris+ p_basis*V_orbitals  =      -11821.928130

mulliken: Atomic and Orbital Populations:

mulliken: Spin UP 

Species: Mn                  
Atom  Qatom  Qorb
               3s      4s      4s      4s      3py     3pz     3px     4py     
               4pz     4px     3dxy    3dyz    3dz2    3dxz    3dx2-y2 3dxy    
               3dyz    3dz2    3dxz    3dx2-y2 3dxy    3dyz    3dz2    3dxz    
               3dx2-y2 
   1  7.507   0.984   0.014   0.074  -0.012   0.990   0.990   0.990   0.169
              0.173   0.169   0.810   1.031   0.768   1.031   1.015  -0.071

             -0.109  -0.065  -0.109  -0.108  -0.193  -0.287  -0.178  -0.287

             -0.282
   2  7.507   0.984   0.014   0.074  -0.012   0.990   0.990   0.990   0.169
              0.173   0.169   0.810   1.031   0.768   1.031   1.015  -0.071

             -0.109  -0.065  -0.109  -0.108  -0.193  -0.287  -0.178  -0.287

             -0.282
   3  7.507   0.984   0.014   0.074  -0.012   0.990   0.990   0.990   0.169
              0.173   0.169   0.810   1.031   0.768   1.031   1.015  -0.071

             -0.109  -0.065  -0.109  -0.108  -0.193  -0.287  -0.178  -0.287

             -0.282
   4  7.507   0.984   0.014   0.074  -0.011   0.990   0.990   0.990   0.169
              0.173   0.169   0.810   1.031   0.768   1.031   1.015  -0.071

             -0.109  -0.065  -0.109  -0.108  -0.193  -0.287  -0.178  -0.287

             -0.282

mulliken: Qtot =       30.028

mulliken: Spin DOWN 

Species: Mn                  
Atom  Qatom  Qorb
               3s      4s      4s      4s      3py     3pz     3px     4py     
               4pz     4px     3dxy    3dyz    3dz2    3dxz    3dx2-y2 3dxy    
               3dyz    3dz2    3dxz    3dx2-y2 3dxy    3dyz    3dz2    3dxz    
               3dx2-y2 
   1  7.493   0.984   0.014   0.074  -0.012   0.990   0.990   0.990   0.169
              0.173   0.169   0.797   1.033   0.754   1.033   1.017  -0.070

             -0.110  -0.064  -0.110  -0.108  -0.189  -0.288  -0.173  -0.288

             -0.282
   2  7.493   0.984   0.014   0.074  -0.012   0.990   0.990   0.990   0.169
              0.173   0.169   0.797   1.033   0.754   1.033   1.017  -0.070

             -0.110  -0.064  -0.110  -0.108  -0.189  -0.288  -0.173  -0.288

             -0.282
   3  7.493   0.984   0.014   0.074  -0.012   0.990   0.990   0.990   0.169
              0.173   0.169   0.797   1.033   0.754   1.033   1.017  -0.070

             -0.110  -0.064  -0.110  -0.108  -0.189  -0.288  -0.173  -0.288

             -0.282
   4  7.493   0.984   0.014   0.074  -0.012   0.990   0.990   0.990   0.169
              0.173   0.169   0.797   1.033   0.754   1.033   1.017  -0.070

             -0.110  -0.064  -0.110  -0.108  -0.189  -0.288  -0.173  -0.288

             -0.282

mulliken: Qtot =       29.972

Mulliken Atomic Populations:
Atom #   charge [q] valence [e]      Sz [e]  Species
     1     0.000008   14.999992    0.014131  Mn
     2     0.000027   14.999973    0.014099  Mn
     3    -0.000049   15.000049    0.014108  Mn
     4     0.000013   14.999987    0.014105  Mn
-------------------------------------------
 Total    -0.000000                0.056443

cite: Please indicate the Siesta version in published work: 5.2.2
cite: This calculation has made use of features in the following articles
cite: which we encourage you to cite in published work.
cite: (Please see "hea.bib" for a BibTeX file.)
        Primary SIESTA paper
          DOI: www.doi.org/10.1088/0953-8984/14/11/302
        PSML pseudopotential format
          DOI: www.doi.org/10.1016/j.cpc.2018.02.011


>> End of run:  17-JUN-2025   3:21:04
Job completed
