Executable      : /home/users/felipegc/woltsoft/SIESTA/siesta-5.2.2/build/bin/siesta
Version         : 5.2.2
Architecture    : x86_64
Compiler version: GNU-9.3.0
Compiler flags  : -O3 -march=native
Parallelisations: MPI
Lua support
Native ELPA support
ELSI support. Solvers:
   ELPA (internal) 
   NTPoly
   OMM
DFT-D3 support
Wannier90 wrapper support

Runtime information:
* Directory : /home/users/felipegc/MnNiGa/optimizations_afm/top/structure_calc_226
* Running on 36 nodes in parallel.
>> Start of run:   5-AUG-2025   3:33:44

                           *********************** 
                           *  WELCOME TO SIESTA  * 
                           *********************** 

 NOTE: Siesta V5 introduces some new defaults for basis-set generation
 NOTE: which might lead to slightly different numerical results.
 NOTE: Please see the manual for full details and compatibility measures.


reinit: Reading from standard input
reinit: Dumping input in INPUT_TMP.11523
************************** Dump of input data file ****************************
SystemName          hea
SystemLabel         hea
Reparametrize.Pseudos T
Restricted.Radial.Grid F
%include atoms.fdf
MaxSCFIterations     20000
SCF.Mix              Hamiltonian
SCF.Mixer.Method     Broyden
#SCF.Mixer.Variant    original #Pulay original
SCF.Mixer.History    8
SCF.Mixer.Weight     0.07
SCF.H.Converge       False
SCF.DM.Converge      True
SCF.DM.Tolerance     5.d-4
SCF.H.Tolerance      5.d-3 eV
MeshCutoff 300.0 Ry
MD.UseSaveCG         False
DM.UseSaveDM         False
NumberOfEigenStates -20
ElectronicTemperature 300 K
WriteCoorXmol        True
XC.Functional     GGA
XC.authors        PBEsol
Spin polarized
DM.InitSpin.AF true
SolutionMethod       diagon
#Diag.Algorithm        MRRR
###################################
###################################
# Full template for Basis param.
###################################
###################################
Basis.Pressure 0.3 GPa
PAO.SoftDefault T
PAO.SoftPotential 50.0 Ry
PAO.SoftInnerRadius 0.70
PAO.BasisType split
PAO.EnergyShift 0.0019 eV
PAO.BasisSize TZP
PAO.SplitTailNorm T
            %block kgrid_Monkhorst_Pack
            6  0  0  0.
            0  3  0  0.
            0  0  4  0.
            %endblock kgrid_Monkhorst_Pack
            MD.TypeOfRun CG
            MD.Steps         500
            MD.VariableCell true
            MD.MaxForceTol 0.05 eV/Ang
            WriteMDHistory true
            WriteForces true
            Write.OrbitalIndex true
            Charge.Mulliken end
            COOP.Write true
            %block ProjectedDensityOfStates
            -20.00 20.00 0.1 1000 eV
            %endblock ProjectedDensityOfStates
************************** End of input data file *****************************

reinit: -----------------------------------------------------------------------
reinit: System Name: hea
reinit: -----------------------------------------------------------------------
reinit: System Label: hea
reinit: -----------------------------------------------------------------------

NOTE on units for spin output: 
{S} is the spin magnetic moment, in units of the Bohr magneton,
assuming a g-factor for the electron spin of exactly 2.
The spin magnetic moment is then numerically equal to the charge inbalance,
in units of electrons, between the spin-up and -down channels.


initatom: Reading input for the pseudopotentials and atomic orbitals ----------
Species number:   1 Atomic number:   31 Label: Ga

Ground state valence configuration (from tables):   4s02  4p01  4d00  4f00

---- Processing specs for species: Ga
Reading pseudopotential information in PSML from:
  Ga.psml
PSML file version: 1.1
Using libxc ids:  101 130
GGA--PBE XC_GGA_X_PBE--XC_GGA_C_PBE pb
PSML uuid: 206972b0-be42-11e7-579b-1282fffb1a56
Semicore shell(s) with 10 electrons included in the valence for Ga

---- Pseudopotential check for Ga

Pseudized shells:
4s( 2.00) rc: 1.67
4p( 1.00) rc: 1.75
3d(10.00) rc: 1.90
Valence configuration for ps generation: 3d:4s:4p: Total charge:  13.000000
Semicore shell(s): 3d
Fallback to non-perturbative polarization scheme for Ga
Please see the manual if this is not desired in principle
For Ga, standard SIESTA heuristics set lmxkb to 3
 (one more than the basis l, including polarization orbitals).
Use PS.lmax or PS.KBprojectors blocks to override.
Ga pseudopotential only contains V_ls up to l=2 -- lmxkb reset.

<basis_specs>
===============================================================================
Ga                   Z=  31    Mass=  69.723        Charge= 0.17977+309
Lmxo=2 Lmxkb= 2    BasisType=split      Semic=T
L=0  Nsemic=0  Cnfigmx=4
          i=1  nzeta=3  polorb=0  (4s)
            splnorm:   0.15000    
               vcte:    50.000    
               rinn:  -0.70000    
               qcoe:    0.0000    
               qyuk:    0.0000    
               qwid:   0.10000E-01
                rcs:    0.0000      0.0000      0.0000    
            lambdas:    1.0000      1.0000      1.0000    
L=1  Nsemic=0  Cnfigmx=4
          i=1  nzeta=3  polorb=0  (4p)  (to be polarized non-perturbatively)
            splnorm:   0.15000    
               vcte:    50.000    
               rinn:  -0.70000    
               qcoe:    0.0000    
               qyuk:    0.0000    
               qwid:   0.10000E-01
                rcs:    0.0000      0.0000      0.0000    
            lambdas:    1.0000      1.0000      1.0000    
L=2  Nsemic=1  Cnfigmx=4
          i=1  nzeta=1  polorb=0  (3d)  (semicore shell)
            splnorm:   0.15000    
               vcte:    50.000    
               rinn:  -0.70000    
               qcoe:    0.0000    
               qyuk:    0.0000    
               qwid:   0.10000E-01
                rcs:    0.0000    
            lambdas:    1.0000    
          i=2  nzeta=1  polorb=0  (4d)  (non-perturbative polarization shell)
            splnorm:   0.15000    
               vcte:    50.000    
               rinn:  -0.70000    
               qcoe:   0.39161-315
               qyuk:    0.0000    
               qwid:   0.69530-309
                rcs:    0.0000    
            lambdas:    1.0000    
-------------------------------------------------------------------------------
L=0  Nkbl=1  erefs: 0.17977+309
L=1  Nkbl=1  erefs: 0.17977+309
L=2  Nkbl=2  erefs: 0.17977+309 0.17977+309
===============================================================================
</basis_specs>

Using PAO.SplitTailNorm
atom: Called for Ga                    (Z =  31)
Maximum radius (at nrval) set to   50.00000 8518

read_vps: Pseudopotential generation method:
read_vps: ONCVPSP-3.Hamann's oncvpsp                        
Valence charge in pseudo generation:   13.00000

read_vps: Pseudopotential includes a core correction:
read_vps: Pseudo-core for xc-correction

xc_check: Exchange-correlation functional:
xc_check: GGA PBEsol
xc_check: WARNING: Pseudopotential generated with GGA PBE functional
Got Vlocal (oncv-fit) from psml data
Choosing vlocal chloc cutoff:  4.295227
qtot up to nchloc:   13.00023270
atom: Maximum radius for chlocal:    4.29523
atom: Maximum radius for r*vlocal+2*Zval:    4.29523
Reading KB projs from Ga psml data
Using scalar-relativistic projectors in PSML file

PSML: Kleinman-Bylander projectors: 
   l= 0   rc=  1.688643   Ekb= 14.059564
   l= 0   rc=  1.688643   Ekb=  2.289351
   l= 1   rc=  1.772167   Ekb= 13.610457
   l= 1   rc=  1.772167   Ekb=  2.576326
   l= 2   rc=  1.926399   Ekb=-16.756509
   l= 2   rc=  1.926399   Ekb= -5.641527

PSML: Total number of  Kleinman-Bylander projectors:  18
atom: -------------------------------------------------------------------------

atom: SANKEY-TYPE ORBITALS:
atom: Selected multiple-zeta basis: split     

SPLIT: Orbitals with angular momentum L= 0

SPLIT: Basis orbitals for state 4s

SPLIT: PAO cut-off radius determined from an
SPLIT: energy shift=  0.000140 Ry
Split based on tail norm

   izeta = 1
                 lambda =    1.000000
                     rc =    8.573397
                 energy =   -0.660225
                kinetic =    0.501561
    potential(screened) =   -1.161786
       potential(ionic) =  -12.246649

   izeta = 2
                 rmatch =    4.547753
              splitnorm =    0.150000
                 energy =   -0.462291
                kinetic =    0.981430
    potential(screened) =   -1.443721
       potential(ionic) =  -13.770808

   izeta = 3
                 rmatch =    5.338573
              splitnorm =    0.075000
                 energy =   -0.599358
                kinetic =    0.744548
    potential(screened) =   -1.343906
       potential(ionic) =  -13.255962

SPLIT: Orbitals with angular momentum L= 1

SPLIT: Basis orbitals for state 4p

SPLIT: PAO cut-off radius determined from an
SPLIT: energy shift=  0.000140 Ry
Split based on tail norm

   izeta = 1
                 lambda =    1.000000
                     rc =   12.949509
                 energy =   -0.190428
                kinetic =    0.541974
    potential(screened) =   -0.732402
       potential(ionic) =   -9.174065

   izeta = 2
                 rmatch =    6.968471
              splitnorm =    0.150000
                 energy =   -0.153132
                kinetic =    0.764207
    potential(screened) =   -0.917338
       potential(ionic) =  -10.565779

   izeta = 3
                 rmatch =    8.212134
              splitnorm =    0.075000
                 energy =   -0.175794
                kinetic =    0.665884
    potential(screened) =   -0.841678
       potential(ionic) =  -10.014829

SPLIT: Orbitals with angular momentum L= 2

SPLIT: Basis orbitals for state 3d

SPLIT: PAO cut-off radius determined from an
SPLIT: energy shift=  0.000140 Ry
Split based on tail norm

   izeta = 1
                 lambda =    1.000000
                     rc =    4.873342
                 energy =   -1.390864
                kinetic =   12.335179
    potential(screened) =  -13.726043
       potential(ionic) =  -32.471836

SPLIT: Basis orbitals for state 4d
SPLIT: Non-perturbative polarization orbs for state 4p
SPLIT: rc(1st zeta) (re)set to: 12.9495 (expansion factor: 1.0000)
Split based on tail norm

   izeta = 1
                 lambda =    1.000000
                     rc =   12.949509
                 energy =    0.135451
                kinetic =    0.341434
    potential(screened) =   -0.205982
       potential(ionic) =   -4.584821
atom: Total number of Sankey-type orbitals: 22

atm_pop: Valence configuration (for local Pseudopot. screening):
 4s( 2.00)                                                            
 4p( 1.00)                                                            
 3d(10.00) 4d( 0.00)                                                  
Vna: chval, zval:   13.00000  13.00000

Vna:  Cut-off radius for the neutral-atom potential:  12.949509
comcore: Pseudo-core radius Rcore=  2.359857

atom: _________________________________________________________________________

prinput: Basis input 

PAO.BasisType split     

%block ChemicalSpeciesLabel
    1   31 Ga                      # Species index, atomic number, species label
%endblock ChemicalSpeciesLabel

%block PAO.Basis                 # Define Basis set
# WARNING: This information might be incomplete!
Ga                    4                    # Species label, number of l-shells
 n=4   0   3                         # n, l, Nzeta 
   8.573      4.548      5.339   
   1.000      1.000      1.000   
 n=4   1   3                         # n, l, Nzeta 
  12.950      6.968      8.212   
   1.000      1.000      1.000   
 n=3   2   1                         # n, l, Nzeta 
   4.873   
   1.000   
 n=4   2   1                         # n, l, Nzeta 
  12.950   
   1.000   
%endblock PAO.Basis

prinput: ----------------------------------------------------------------------

coor:   Atomic-coordinates input format  =     Fractional

siesta: Atomic coordinates (Bohr) and species
siesta:      0.00000   0.00000   0.00000  1        1
siesta:      0.00000   4.70356   0.00000  1        2
siesta:      2.35178   2.35178   3.32592  1        3
siesta:      2.35178   7.05534   3.32592  1        4

siesta: System type = bulk      

initatomlists: Number of atoms, orbitals, and projectors:      4    88    72

coxmol: Writing XMOL coordinates into file hea.xyz                                                                                                                                                                                                                             

siesta: ******************** Simulation parameters ****************************
siesta:
siesta: The following are some of the parameters of the simulation.
siesta: A complete list of the parameters used, including default values,
siesta: can be found in file out.fdf
siesta:
redata: Spin configuration                          = collinear
redata: Number of spin components                   = 2
redata: Time-Reversal Symmetry                      = T
redata: Spin spiral                                 = F
redata: Long output                                 =   F
redata: Number of Atomic Species                    =        1
redata: Charge density info will appear in .RHO file
redata: Write Mulliken charges (when)               = end
redata: Write Mulliken Pop.                         = Atomic and Orbital charges
redata: Write Hirshfeld charges (when)              = none
redata: Write Voronoi charges (when)                = none
redata: Write spin charge (when)                    = scf
redata: Matel table size (NRTAB)                    =     1024
redata: Mesh Cutoff                                 =   300.0000 Ry
redata: Net charge of the system                    =     0.0000 |e|
redata: Min. number of SCF Iter                     =        0
redata: Max. number of SCF Iter                     =    20000
redata: SCF convergence failure will abort job
redata: SCF mix quantity                            = Hamiltonian
redata: Mix DM or H after convergence               =   F
redata: Recompute H after scf cycle                 =   F
redata: Mix DM in first SCF step                    =   T
redata: Write Pulay info on disk                    =   F
redata: New DM Occupancy tolerance                  = 0.000000000001
redata: No kicks to SCF
redata: DM Mixing Weight for Kicks                  =     0.5000
redata: Require Harris convergence for SCF          =   F
redata: Harris energy tolerance for SCF             =     0.000100 eV
redata: Require DM convergence for SCF              =   T
redata: DM tolerance for SCF                        =     0.000500
redata: Require EDM convergence for SCF             =   F
redata: EDM tolerance for SCF                       =     0.001000 eV
redata: Require H convergence for SCF               =   F
redata: Hamiltonian tolerance for SCF               =     0.005000 eV
redata: Require (free) Energy convergence for SCF   =   F
redata: (free) Energy tolerance for SCF             =     0.000100 eV
redata: Antiferro initial spin density              =   T
redata: Using DFT-D3 dispersion                     =   F
redata: Using Saved Data (generic)                  =   F
redata: Use continuation files for DM               =   F
redata: Neglect nonoverlap interactions             =   F
redata: Method of Calculation                       = Diagonalization
redata: Electronic Temperature                      =   300.0000 K
redata: Fix the spin of the system                  =   F
redata: Max. number of TDED Iter                    =        1
redata: Number of TDED substeps                     =        3
redata: Dynamics option                             = CG coord. optimization
redata: Variable cell                               =   T
redata: Use continuation files for CG               =   F
redata: Max atomic displ per move                   =     0.1058 Ang
redata: Maximum number of optimization moves        =      500
redata: Force tolerance                             =     0.0500 eV/Ang
redata: Stress tolerance                            =     1.0000 GPa
mix.SCF: Broyden mixing                          = Broyden
mix.SCF:    History steps                        = 8
mix.SCF:    Linear mixing weight                 =     0.070000
mix.SCF:    Inverse Jacobian weight              =     0.070000
mix.SCF:    Weight prime                         =     0.070000
mix.SCF:    SVD condition                        = 0.1000E-07
mix.SCF: Spin-component mixing                   all
redata: ***********************************************************************

%block SCF.Mixers
  Broyden
%endblock SCF.Mixers

%block SCF.Mixer.Broyden
  # Mixing method
  method broyden

  # Mixing options
  weight 0.0700
  weight.linear 0.0700
  weight.prime 0.0700
  history 8
%endblock SCF.Mixer.Broyden

DM_history_depth set to one: no extrapolation allowed by default for geometry relaxation
Size of DM history Fstack: 1
Total number of electrons:    52.000000
Total ionic charge:    52.000000

* ProcessorY, Blocksize:    6   2


* Orbital distribution balance (max,min):     4     2

k-point displ. along   1 input, could be:     0.00    0.50
k-point displ. along   3 input, could be:     0.00    0.50
 Kpoints in:           48 . Kpoints trimmed:           41

siesta: k-grid: Number of k-points = 41
siesta: k-points from Monkhorst-Pack grid
siesta: k-cutoff (effective) =     7.040 Ang
siesta: k-point supercell and displacements
siesta: k-grid:     6     0     0      0.000
siesta: k-grid:     0     3     0      0.000
siesta: k-grid:     0     0     4      0.000
k-point displ. along   1 input, could be:     0.00    0.50
k-point displ. along   3 input, could be:     0.00    0.50
 Kpoints in:           48 . Kpoints trimmed:           41

siesta: PDOS k-grid: Number of k-points = 41
siesta: PDOS k-points from Monkhorst-Pack grid
siesta: PDOS k-cutoff (effective) =     0.000 Ang
siesta: PDOS k-point supercell and displacements
siesta: k-grid:     6     0     0      0.000
siesta: k-grid:     0     3     0      0.000
siesta: k-grid:     0     0     4      0.000

diag: Algorithm                                     = D&C
diag: Parallel over k                               =   F
diag: Use parallel 2D distribution                  =   T
diag: Parallel block-size                           = 2
diag: Parallel distribution                         =     6 x     6
diag: Used triangular part                          = Lower
diag: Absolute tolerance                            =  0.100E-15
diag: Orthogonalization factor                      =  0.100E-05
diag: Memory factor                                 =  1.0000
diag: The diagonalization method chosen cannot compute a reduced number of eigenvectors.
diag: Resetting neigwanted 49 to 88

superc: Internal auxiliary supercell:    13 x     7 x     9  =     819
superc: Number of atoms, orbitals, and projectors:   3276  72072  58968


ts: **************************************************************
ts: Save H and S matrices                           =    F
ts: Save DM and EDM matrices                        =    F
ts: Only save the overlap matrix S                  =    F
ts: **************************************************************

************************ Begin: TS CHECKS AND WARNINGS ************************
************************ End: TS CHECKS AND WARNINGS **************************


                     ====================================
                        Begin CG opt. move =      0
                     ====================================

superc: Internal auxiliary supercell:    13 x     7 x     9  =     819
superc: Number of atoms, orbitals, and projectors:   3276  72072  58968

outcell: Unit cell vectors (Ang):
        2.489016    0.000000    0.000000
        0.000000    4.978032    0.000000
        0.000000    0.000000    3.520000

outcell: Cell vector modules (Ang)   :    2.489016    4.978032    3.520000
outcell: Cell angles (23,13,12) (deg):     90.0000     90.0000     90.0000
outcell: Cell volume (Ang**3)        :     43.6142
<dSpData1D:S at geom step 0
  <sparsity:sparsity for geom step 0
    nrows_g=88 nrows=4 sparsity=3.9868 nnzs=30874, refcount: 7>
  <dData1D:(new from dSpData1D) n=30874, refcount: 1>
refcount: 1>
new_DM -- step:     1
Initializing Density Matrix...
DM filled with atomic data:
<dSpData2D:DM initialized from atoms
  <sparsity:sparsity for geom step 0
    nrows_g=88 nrows=4 sparsity=3.9868 nnzs=30874, refcount: 8>
  <dData2D:DM n=30874 m=2, refcount: 1>
refcount: 1>
No. of atoms with KB's overlaping orbs in proc 0. Max # of overlaps:      79    2084

InitMesh: MESH = 30 x 54 x 40 = 64800
InitMesh: Mesh cutoff (required, used) =   300.000   325.218 Ry
New grid distribution [1]: sub = 2
New grid distribution [2]: sub = 2
New grid distribution [3]: sub = 2
Setting up quadratic distribution...

stepf: Fermi-Dirac step function

siesta: Program's energy decomposition (eV):
siesta: Ebs     =     -1099.511690
siesta: Eions   =      9011.520887
siesta: Ena     =       266.901646
siesta: Ekin    =      6784.489354
siesta: Enl     =     -4093.719636
siesta: Eso     =         0.000000
siesta: Edftu   =         0.000000
siesta: DEna    =        25.731068
siesta: DUscf   =         0.701982
siesta: DUext   =         0.000000
siesta: Ex      =     -2134.010636
siesta: Ec      =      -132.606372
siesta: Exc     =     -2266.617008
siesta: EbV     =         0.000000
siesta: eta*DQ  =         0.000000
siesta: Emadel  =         0.000000
siesta: Emeta   =         0.000000
siesta: Emolmec =         0.000000
siesta: Ekinion =         0.000000
siesta: Eharris =     -8252.309725
siesta: Etot    =     -8294.033481
siesta: FreeEng =     -8294.041814

        iscf     Eharris(eV)        E_KS(eV)     FreeEng(eV)     dDmax    Ef(eV) dHmax(eV)
   scf:    1    -8252.309725    -8294.033481    -8294.041814 17.489389 -6.619315  1.583018
     spin moment: {S} , |S| = {        0.0        0.0   -0.00000 }    -0.00000
timer: Routine,Calls,Time,% = IterSCF        1       6.953  27.73
   scf:    2    -8294.102310    -8294.068122    -8294.076615  0.295126 -6.634393  1.427495
     spin moment: {S} , |S| = {        0.0        0.0   -0.00000 }    -0.00000
   scf:    3    -8294.334060    -8294.222399    -8294.232742  1.854554 -6.783293  0.163558
     spin moment: {S} , |S| = {        0.0        0.0    0.00000 }     0.00000
   scf:    4    -8294.227006    -8294.224635    -8294.234988  0.067176 -6.789061  0.183435
     spin moment: {S} , |S| = {        0.0        0.0    0.00000 }     0.00000
   scf:    5    -8294.232848    -8294.228878    -8294.238963  0.193298 -6.779713  0.004267
     spin moment: {S} , |S| = {        0.0        0.0    0.00000 }     0.00000
   scf:    6    -8294.228902    -8294.228891    -8294.238969  0.008166 -6.778750  0.010210
     spin moment: {S} , |S| = {        0.0        0.0    0.00000 }     0.00000
   scf:    7    -8294.228897    -8294.228896    -8294.238982  0.013689 -6.778519  0.004906
     spin moment: {S} , |S| = {        0.0        0.0    0.00000 }     0.00000
   scf:    8    -8294.228895    -8294.228896    -8294.238983  0.000832 -6.778509  0.004033
     spin moment: {S} , |S| = {        0.0        0.0    0.00000 }     0.00000
   scf:    9    -8294.228896    -8294.228896    -8294.238983  0.000971 -6.778388  0.003756
     spin moment: {S} , |S| = {        0.0        0.0    0.00000 }     0.00000
   scf:   10    -8294.228889    -8294.228892    -8294.238985  0.002850 -6.778414  0.000611
     spin moment: {S} , |S| = {        0.0        0.0    0.00000 }     0.00000
   scf:   11    -8294.228891    -8294.228892    -8294.238985  0.000814 -6.778346  0.000099
     spin moment: {S} , |S| = {        0.0        0.0    0.00000 }     0.00000
   scf:   12    -8294.228891    -8294.228891    -8294.238985  0.000111 -6.778336  0.000054
     spin moment: {S} , |S| = {        0.0        0.0    0.00000 }     0.00000

SCF Convergence by DM criterion
max |DM_out - DM_in|         :     0.0001107377
max |H_out - H_in|      (eV) :     0.0000538066
SCF cycle converged after 12 iterations

Using DM_out to compute the final energy and forces
No. of atoms with KB's overlaping orbs in proc 0. Max # of overlaps:      79    2084

siesta: E_KS(eV) =            -8294.2289

siesta: E_KS - E_eggbox =     -8294.2289

siesta: Atomic forces (eV/Ang):
     1   -0.000000   -0.000019   -0.000000
     2    0.000000    0.000003    0.000000
     3   -0.000000    0.000019   -0.000000
     4    0.000000   -0.000003   -0.000000
----------------------------------------
   Tot    0.000000    0.000000   -0.000000
----------------------------------------
   Max    0.000019
   Res    0.000008    sqrt( Sum f_i^2 / 3N )
----------------------------------------
   Max    0.000019    constrained

Stress tensor Voigt[x,y,z,yz,xz,xy] (kbar):     -937.94     -938.99    -1114.95        0.00       -0.00        0.00
(Free)E + p*V (eV/cell)    -8267.0908
Target enthalpy (eV/cell)    -8294.2390

siesta: Stress tensor (static) (eV/Ang**3):
        -0.585415    0.000000   -0.000000
         0.000000   -0.586071    0.000000
        -0.000000    0.000000   -0.695898

siesta: Pressure (static):        997.29263688  kBar

siesta: Stress tensor (total) (eV/Ang**3):
        -0.585415    0.000000   -0.000000
         0.000000   -0.586071    0.000000
        -0.000000    0.000000   -0.695898

siesta: Pressure (total):        997.29263688  kBar

cgvc: No target stress found, assuming hydrostatic MD.TargetPressure.

cgvc: Target stress (kBar)
cgvc:        -0.000       0.000       0.000
cgvc:         0.000      -0.000       0.000
cgvc:         0.000       0.000      -0.000

                     ====================================
                        Begin CG opt. move =      1
                     ====================================
k-point displ. along   1 input, could be:     0.00    0.50
k-point displ. along   3 input, could be:     0.00    0.50
 Kpoints in:           48 . Kpoints trimmed:           41

siesta: k-grid: Number of k-points = 41
siesta: k-points from Monkhorst-Pack grid
siesta: k-cutoff (effective) =     7.136 Ang
siesta: k-point supercell and displacements
siesta: k-grid:     6     0     0      0.000
siesta: k-grid:     0     3     0      0.000
siesta: k-grid:     0     0     4      0.000

superc: Internal auxiliary supercell:    13 x     7 x     9  =     819
superc: Number of atoms, orbitals, and projectors:   3276  72072  58968

outcell: Unit cell vectors (Ang):
        2.517524   -0.000000    0.000000
       -0.000000    5.035113   -0.000000
        0.000000   -0.000000    3.567926

outcell: Cell vector modules (Ang)   :    2.517524    5.035113    3.567926
outcell: Cell angles (23,13,12) (deg):     90.0000     90.0000     90.0000
outcell: Cell volume (Ang**3)        :     45.2271
<dSpData1D:S at geom step 1
  <sparsity:sparsity for geom step 1
    nrows_g=88 nrows=4 sparsity=3.8350 nnzs=29698, refcount: 7>
  <dData1D:(new from dSpData1D) n=29698, refcount: 1>
refcount: 1>
new_DM -- step:     2
Re-using DM from previous geometries...
Number of DMs in history: 1
 DM extrapolation coefficients: 
1   1.00000
New DM after history re-use:
<dSpData2D:SpM extrapolated using coords
  <sparsity:sparsity for geom step 1
    nrows_g=88 nrows=4 sparsity=3.8350 nnzs=29698, refcount: 9>
  <dData2D:(temp array for extrapolation) n=29698 m=2, refcount: 1>
refcount: 1>
Note: For starting DM, Qtot, Tr[D*S] =         52.00000000         52.30584361
No. of atoms with KB's overlaping orbs in proc 0. Max # of overlaps:      79    1892

InitMesh: MESH = 30 x 54 x 40 = 64800
InitMesh: Mesh cutoff (required, used) =   300.000   317.886 Ry
New grid distribution [1]: sub = 2
New grid distribution [2]: sub = 2
New grid distribution [3]: sub = 2
Setting up quadratic distribution...

        iscf     Eharris(eV)        E_KS(eV)     FreeEng(eV)     dDmax    Ef(eV) dHmax(eV)
   scf:    1    -8299.041037    -8295.133323    -8295.145175  2.397398 -6.748013  0.675758
     spin moment: {S} , |S| = {        0.0        0.0    0.00000 }     0.00000
   scf:    2    -8295.168062    -8295.158610    -8295.169826  0.591534 -6.671446  0.262781
     spin moment: {S} , |S| = {        0.0        0.0    0.00000 }     0.00000
   scf:    3    -8295.165812    -8295.162848    -8295.174314  0.164355 -6.692887  0.001777
     spin moment: {S} , |S| = {        0.0        0.0    0.00000 }     0.00000
   scf:    4    -8295.162852    -8295.162850    -8295.174314  0.002243 -6.692622  0.002479
     spin moment: {S} , |S| = {        0.0        0.0    0.00000 }     0.00000
   scf:    5    -8295.162848    -8295.162849    -8295.174314  0.000544 -6.692681  0.000987
     spin moment: {S} , |S| = {        0.0        0.0    0.00000 }     0.00000
   scf:    6    -8295.162849    -8295.162849    -8295.174314  0.000179 -6.692684  0.000665
     spin moment: {S} , |S| = {        0.0        0.0    0.00000 }     0.00000

SCF Convergence by DM criterion
max |DM_out - DM_in|         :     0.0001792688
max |H_out - H_in|      (eV) :     0.0006648185
SCF cycle converged after 6 iterations

Using DM_out to compute the final energy and forces
No. of atoms with KB's overlaping orbs in proc 0. Max # of overlaps:      79    1892

siesta: E_KS(eV) =            -8295.1628

siesta: Atomic forces (eV/Ang):
     1    0.000000    0.000002    0.000000
     2   -0.000000    0.000001   -0.000000
     3    0.000000   -0.000001    0.000000
     4    0.000000   -0.000001    0.000000
----------------------------------------
   Tot    0.000000    0.000001    0.000000
----------------------------------------
   Max    0.000002
   Res    0.000001    sqrt( Sum f_i^2 / 3N )
----------------------------------------
   Max    0.000002    constrained

Stress tensor Voigt[x,y,z,yz,xz,xy] (kbar):     -811.98     -812.35     -939.88       -0.00       -0.00       -0.00
(Free)E + p*V (eV/cell)    -8271.0464
Target enthalpy (eV/cell)    -8295.1743

siesta: Stress tensor (static) (eV/Ang**3):
        -0.506795   -0.000000   -0.000000
        -0.000000   -0.507029   -0.000000
        -0.000000   -0.000000   -0.586630

siesta: Pressure (static):        854.73649866  kBar

siesta: Stress tensor (total) (eV/Ang**3):
        -0.506795   -0.000000   -0.000000
        -0.000000   -0.507029   -0.000000
        -0.000000   -0.000000   -0.586630

siesta: Pressure (total):        854.73649866  kBar

                     ====================================
                        Begin CG opt. move =      2
                     ====================================
k-point displ. along   1 input, could be:     0.00    0.50
k-point displ. along   3 input, could be:     0.00    0.50
 Kpoints in:           48 . Kpoints trimmed:           41

siesta: k-grid: Number of k-points = 41
siesta: k-points from Monkhorst-Pack grid
siesta: k-cutoff (effective) =     7.285 Ang
siesta: k-point supercell and displacements
siesta: k-grid:     6     0     0      0.000
siesta: k-grid:     0     3     0      0.000
siesta: k-grid:     0     0     4      0.000

superc: Internal auxiliary supercell:    13 x     7 x     9  =     819
superc: Number of atoms, orbitals, and projectors:   3276  72072  58968

outcell: Unit cell vectors (Ang):
        2.561845   -0.000000    0.000000
       -0.000000    5.123853   -0.000000
        0.000000   -0.000000    3.642434

outcell: Cell vector modules (Ang)   :    2.561845    5.123853    3.642434
outcell: Cell angles (23,13,12) (deg):     90.0000     90.0000     90.0000
outcell: Cell volume (Ang**3)        :     47.8125
<dSpData1D:S at geom step 2
  <sparsity:sparsity for geom step 2
    nrows_g=88 nrows=4 sparsity=3.7459 nnzs=29008, refcount: 7>
  <dData1D:(new from dSpData1D) n=29008, refcount: 1>
refcount: 1>
new_DM -- step:     3
Re-using DM from previous geometries...
Number of DMs in history: 1
 DM extrapolation coefficients: 
1   1.00000
New DM after history re-use:
<dSpData2D:SpM extrapolated using coords
  <sparsity:sparsity for geom step 2
    nrows_g=88 nrows=4 sparsity=3.7459 nnzs=29008, refcount: 9>
  <dData2D:(temp array for extrapolation) n=29008 m=2, refcount: 1>
refcount: 1>
Note: For starting DM, Qtot, Tr[D*S] =         52.00000000         52.50682637
No. of atoms with KB's overlaping orbs in proc 0. Max # of overlaps:      79    1862

InitMesh: MESH = 30 x 54 x 40 = 64800
InitMesh: Mesh cutoff (required, used) =   300.000   306.970 Ry
New grid distribution [1]: sub = 2
New grid distribution [2]: sub = 2
New grid distribution [3]: sub = 2
Setting up quadratic distribution...

        iscf     Eharris(eV)        E_KS(eV)     FreeEng(eV)     dDmax    Ef(eV) dHmax(eV)
   scf:    1    -8302.360631    -8296.312008    -8296.322322  2.758823 -6.670336  1.115166
     spin moment: {S} , |S| = {        0.0        0.0    0.00000 }     0.00000
   scf:    2    -8296.398214    -8296.374538    -8296.386308  0.914308 -6.545835  0.415542
     spin moment: {S} , |S| = {        0.0        0.0    0.00000 }     0.00000
   scf:    3    -8296.393632    -8296.385606    -8296.397119  0.261450 -6.580263  0.004324
     spin moment: {S} , |S| = {        0.0        0.0    0.00000 }     0.00000
   scf:    4    -8296.385594    -8296.385601    -8296.397119  0.005034 -6.579658  0.004321
     spin moment: {S} , |S| = {        0.0        0.0    0.00000 }     0.00000
   scf:    5    -8296.385605    -8296.385603    -8296.397120  0.001055 -6.579838  0.001405
     spin moment: {S} , |S| = {        0.0        0.0    0.00000 }     0.00000
   scf:    6    -8296.385604    -8296.385604    -8296.397120  0.000313 -6.579880  0.000594
     spin moment: {S} , |S| = {        0.0        0.0    0.00000 }     0.00000

SCF Convergence by DM criterion
max |DM_out - DM_in|         :     0.0003131843
max |H_out - H_in|      (eV) :     0.0005939094
SCF cycle converged after 6 iterations

Using DM_out to compute the final energy and forces
No. of atoms with KB's overlaping orbs in proc 0. Max # of overlaps:      79    1862

siesta: E_KS(eV) =            -8296.3856

siesta: Atomic forces (eV/Ang):
     1    0.000000    0.000006   -0.000000
     2   -0.000000   -0.000006   -0.000000
     3    0.000000   -0.000005    0.000000
     4   -0.000000    0.000006    0.000000
----------------------------------------
   Tot   -0.000000    0.000000    0.000000
----------------------------------------
   Max    0.000006
   Res    0.000003    sqrt( Sum f_i^2 / 3N )
----------------------------------------
   Max    0.000006    constrained

Stress tensor Voigt[x,y,z,yz,xz,xy] (kbar):     -640.87     -641.94     -694.43        0.00       -0.00        0.00
(Free)E + p*V (eV/cell)    -8276.7286
Target enthalpy (eV/cell)    -8296.3971

siesta: Stress tensor (static) (eV/Ang**3):
        -0.400002    0.000000   -0.000000
         0.000000   -0.400670    0.000000
        -0.000000    0.000000   -0.433429

siesta: Pressure (static):        659.08284062  kBar

siesta: Stress tensor (total) (eV/Ang**3):
        -0.400002    0.000000   -0.000000
         0.000000   -0.400670    0.000000
        -0.000000    0.000000   -0.433429

siesta: Pressure (total):        659.08284062  kBar

                     ====================================
                        Begin CG opt. move =      3
                     ====================================
k-point displ. along   1 input, could be:     0.00    0.50
k-point displ. along   3 input, could be:     0.00    0.50
 Kpoints in:           48 . Kpoints trimmed:           41

siesta: k-grid: Number of k-points = 41
siesta: k-points from Monkhorst-Pack grid
siesta: k-cutoff (effective) =     7.434 Ang
siesta: k-point supercell and displacements
siesta: k-grid:     6     0     0      0.000
siesta: k-grid:     0     3     0      0.000
siesta: k-grid:     0     0     4      0.000

superc: Internal auxiliary supercell:    13 x     7 x     9  =     819
superc: Number of atoms, orbitals, and projectors:   3276  72072  58968

outcell: Unit cell vectors (Ang):
        2.606166   -0.000000    0.000000
       -0.000000    5.212594   -0.000000
        0.000000   -0.000000    3.716942

outcell: Cell vector modules (Ang)   :    2.606166    5.212594    3.716942
outcell: Cell angles (23,13,12) (deg):     90.0000     90.0000     90.0000
outcell: Cell volume (Ang**3)        :     50.4942
<dSpData1D:S at geom step 3
  <sparsity:sparsity for geom step 3
    nrows_g=88 nrows=4 sparsity=3.6715 nnzs=28432, refcount: 7>
  <dData1D:(new from dSpData1D) n=28432, refcount: 1>
refcount: 1>
new_DM -- step:     4
Re-using DM from previous geometries...
Number of DMs in history: 1
 DM extrapolation coefficients: 
1   1.00000
New DM after history re-use:
<dSpData2D:SpM extrapolated using coords
  <sparsity:sparsity for geom step 3
    nrows_g=88 nrows=4 sparsity=3.6715 nnzs=28432, refcount: 9>
  <dData2D:(temp array for extrapolation) n=28432 m=2, refcount: 1>
refcount: 1>
Note: For starting DM, Qtot, Tr[D*S] =         52.00000000         52.52747621
No. of atoms with KB's overlaping orbs in proc 0. Max # of overlaps:      79    1798

InitMesh: MESH = 30 x 60 x 40 = 72000
InitMesh: Mesh cutoff (required, used) =   300.000   320.074 Ry
New grid distribution [1]: sub = 2
New grid distribution [2]: sub = 2
New grid distribution [3]: sub = 2
Setting up quadratic distribution...

        iscf     Eharris(eV)        E_KS(eV)     FreeEng(eV)     dDmax    Ef(eV) dHmax(eV)
   scf:    1    -8303.368940    -8297.284056    -8297.292519  2.063354 -6.581818  1.173313
     spin moment: {S} , |S| = {        0.0        0.0    0.00000 }     0.00000
   scf:    2    -8297.378987    -8297.351603    -8297.361440  0.787085 -6.449081  0.428030
     spin moment: {S} , |S| = {        0.0        0.0    0.00000 }     0.00000
   scf:    3    -8297.371263    -8297.362946    -8297.372383  0.229395 -6.484052  0.004546
     spin moment: {S} , |S| = {        0.0        0.0    0.00000 }     0.00000
   scf:    4    -8297.362942    -8297.362944    -8297.372384  0.001575 -6.483850  0.001810
     spin moment: {S} , |S| = {        0.0        0.0    0.00000 }     0.00000
   scf:    5    -8297.362941    -8297.362943    -8297.372384  0.000472 -6.483906  0.002150
     spin moment: {S} , |S| = {        0.0        0.0    0.00000 }     0.00000

SCF Convergence by DM criterion
max |DM_out - DM_in|         :     0.0004721839
max |H_out - H_in|      (eV) :     0.0021496923
SCF cycle converged after 5 iterations

Using DM_out to compute the final energy and forces
No. of atoms with KB's overlaping orbs in proc 0. Max # of overlaps:      79    1798

siesta: E_KS(eV) =            -8297.3629

siesta: Atomic forces (eV/Ang):
     1   -0.000000   -0.000011   -0.000000
     2   -0.000000    0.000015   -0.000000
     3    0.000000    0.000008    0.000000
     4    0.000000   -0.000011    0.000000
----------------------------------------
   Tot    0.000000    0.000001    0.000000
----------------------------------------
   Max    0.000015
   Res    0.000007    sqrt( Sum f_i^2 / 3N )
----------------------------------------
   Max    0.000015    constrained

Stress tensor Voigt[x,y,z,yz,xz,xy] (kbar):     -511.41     -511.16     -507.79       -0.00       -0.00        0.00
(Free)E + p*V (eV/cell)    -8281.2955
Target enthalpy (eV/cell)    -8297.3724

siesta: Stress tensor (static) (eV/Ang**3):
        -0.319195    0.000000   -0.000000
         0.000000   -0.319039   -0.000000
        -0.000000   -0.000000   -0.316938

siesta: Pressure (static):        510.11824101  kBar

siesta: Stress tensor (total) (eV/Ang**3):
        -0.319195    0.000000   -0.000000
         0.000000   -0.319039   -0.000000
        -0.000000   -0.000000   -0.316938

siesta: Pressure (total):        510.11824101  kBar

                     ====================================
                        Begin CG opt. move =      4
                     ====================================
k-point displ. along   1 input, could be:     0.00    0.50
k-point displ. along   3 input, could be:     0.00    0.50
 Kpoints in:           48 . Kpoints trimmed:           41

siesta: k-grid: Number of k-points = 41
siesta: k-points from Monkhorst-Pack grid
siesta: k-cutoff (effective) =     7.583 Ang
siesta: k-point supercell and displacements
siesta: k-grid:     6     0     0      0.000
siesta: k-grid:     0     3     0      0.000
siesta: k-grid:     0     0     4      0.000

superc: Internal auxiliary supercell:    11 x     7 x     9  =     693
superc: Number of atoms, orbitals, and projectors:   2772  60984  49896

outcell: Unit cell vectors (Ang):
        2.650487   -0.000000    0.000000
       -0.000000    5.301335   -0.000000
        0.000000   -0.000000    3.791450

outcell: Cell vector modules (Ang)   :    2.650487    5.301335    3.791450
outcell: Cell angles (23,13,12) (deg):     90.0000     90.0000     90.0000
outcell: Cell volume (Ang**3)        :     53.2741
<dSpData1D:S at geom step 4
  <sparsity:sparsity for geom step 4
    nrows_g=88 nrows=4 sparsity=3.3988 nnzs=26320, refcount: 7>
  <dData1D:(new from dSpData1D) n=26320, refcount: 1>
refcount: 1>
new_DM -- step:     5
Re-using DM from previous geometries...
Number of DMs in history: 1
 DM extrapolation coefficients: 
1   1.00000
New DM after history re-use:
<dSpData2D:SpM extrapolated using coords
  <sparsity:sparsity for geom step 4
    nrows_g=88 nrows=4 sparsity=3.3988 nnzs=26320, refcount: 9>
  <dData2D:(temp array for extrapolation) n=26320 m=2, refcount: 1>
refcount: 1>
Note: For starting DM, Qtot, Tr[D*S] =         52.00000000         52.51050877
No. of atoms with KB's overlaping orbs in proc 0. Max # of overlaps:      79    1574

InitMesh: MESH = 30 x 60 x 40 = 72000
InitMesh: Mesh cutoff (required, used) =   300.000   307.618 Ry
New grid distribution [1]: sub = 2
New grid distribution [2]: sub = 2
New grid distribution [3]: sub = 2
Setting up quadratic distribution...

        iscf     Eharris(eV)        E_KS(eV)     FreeEng(eV)     dDmax    Ef(eV) dHmax(eV)
   scf:    1    -8304.204714    -8298.067497    -8298.073549  1.651275 -6.505794  1.166839
     spin moment: {S} , |S| = {        0.0        0.0    0.00000 }     0.00000
   scf:    2    -8298.157867    -8298.131135    -8298.138782  0.633309 -6.374927  0.417259
     spin moment: {S} , |S| = {        0.0        0.0    0.00000 }     0.00000
   scf:    3    -8298.149442    -8298.141657    -8298.148741  0.192258 -6.410021  0.006408
     spin moment: {S} , |S| = {        0.0        0.0    0.00000 }     0.00000
   scf:    4    -8298.141623    -8298.141641    -8298.148741  0.005417 -6.409117  0.007214
     spin moment: {S} , |S| = {        0.0        0.0    0.00000 }     0.00000
   scf:    5    -8298.141658    -8298.141650    -8298.148743  0.002773 -6.409737  0.002002
     spin moment: {S} , |S| = {        0.0        0.0    0.00000 }     0.00000
   scf:    6    -8298.141648    -8298.141649    -8298.148743  0.000257 -6.409746  0.002103
     spin moment: {S} , |S| = {        0.0        0.0    0.00000 }     0.00000

SCF Convergence by DM criterion
max |DM_out - DM_in|         :     0.0002571759
max |H_out - H_in|      (eV) :     0.0021030247
SCF cycle converged after 6 iterations

Using DM_out to compute the final energy and forces
No. of atoms with KB's overlaping orbs in proc 0. Max # of overlaps:      79    1574

siesta: E_KS(eV) =            -8298.1416

siesta: Atomic forces (eV/Ang):
     1    0.000000    0.000019   -0.000000
     2   -0.000000   -0.000013   -0.000000
     3    0.000000   -0.000019    0.000000
     4   -0.000000    0.000012    0.000000
----------------------------------------
   Tot   -0.000000    0.000000    0.000000
----------------------------------------
   Max    0.000019
   Res    0.000009    sqrt( Sum f_i^2 / 3N )
----------------------------------------
   Max    0.000019    constrained

Stress tensor Voigt[x,y,z,yz,xz,xy] (kbar):     -407.25     -406.93     -370.78        0.00       -0.00        0.00
(Free)E + p*V (eV/cell)    -8285.0150
Target enthalpy (eV/cell)    -8298.1487

siesta: Stress tensor (static) (eV/Ang**3):
        -0.254183    0.000000   -0.000000
         0.000000   -0.253986    0.000000
        -0.000000    0.000000   -0.231425

siesta: Pressure (static):        394.98641503  kBar

siesta: Stress tensor (total) (eV/Ang**3):
        -0.254183    0.000000   -0.000000
         0.000000   -0.253986    0.000000
        -0.000000    0.000000   -0.231425

siesta: Pressure (total):        394.98641503  kBar

                     ====================================
                        Begin CG opt. move =      5
                     ====================================
k-point displ. along   1 input, could be:     0.00    0.50
k-point displ. along   3 input, could be:     0.00    0.50
 Kpoints in:           48 . Kpoints trimmed:           41

siesta: k-grid: Number of k-points = 41
siesta: k-points from Monkhorst-Pack grid
siesta: k-cutoff (effective) =     7.732 Ang
siesta: k-point supercell and displacements
siesta: k-grid:     6     0     0      0.000
siesta: k-grid:     0     3     0      0.000
siesta: k-grid:     0     0     4      0.000

superc: Internal auxiliary supercell:    11 x     7 x     9  =     693
superc: Number of atoms, orbitals, and projectors:   2772  60984  49896

outcell: Unit cell vectors (Ang):
        2.694807   -0.000000    0.000000
       -0.000000    5.390076   -0.000000
        0.000000   -0.000000    3.865958

outcell: Cell vector modules (Ang)   :    2.694807    5.390076    3.865958
outcell: Cell angles (23,13,12) (deg):     90.0000     90.0000     90.0000
outcell: Cell volume (Ang**3)        :     56.1539
<dSpData1D:S at geom step 5
  <sparsity:sparsity for geom step 5
    nrows_g=88 nrows=4 sparsity=3.1800 nnzs=24626, refcount: 7>
  <dData1D:(new from dSpData1D) n=24626, refcount: 1>
refcount: 1>
new_DM -- step:     6
Re-using DM from previous geometries...
Number of DMs in history: 1
 DM extrapolation coefficients: 
1   1.00000
New DM after history re-use:
<dSpData2D:SpM extrapolated using coords
  <sparsity:sparsity for geom step 5
    nrows_g=88 nrows=4 sparsity=3.1800 nnzs=24626, refcount: 9>
  <dData2D:(temp array for extrapolation) n=24626 m=2, refcount: 1>
refcount: 1>
Note: For starting DM, Qtot, Tr[D*S] =         52.00000000         52.39588132
No. of atoms with KB's overlaping orbs in proc 0. Max # of overlaps:      73    1512

InitMesh: MESH = 30 x 60 x 48 = 86400
InitMesh: Mesh cutoff (required, used) =   300.000   342.464 Ry
New grid distribution [1]: sub = 2
New grid distribution [2]: sub = 2
New grid distribution [3]: sub = 2
Setting up quadratic distribution...

        iscf     Eharris(eV)        E_KS(eV)     FreeEng(eV)     dDmax    Ef(eV) dHmax(eV)
   scf:    1    -8304.049322    -8298.693169    -8298.699389  1.443831 -6.427449  0.938786
     spin moment: {S} , |S| = {        0.0        0.0    0.00000 }     0.00000
   scf:    2    -8298.751442    -8298.734188    -8298.740988  0.385566 -6.319374  0.337517
     spin moment: {S} , |S| = {        0.0        0.0    0.00000 }     0.00000
   scf:    3    -8298.745624    -8298.740788    -8298.747402  0.204184 -6.348400  0.004009
     spin moment: {S} , |S| = {        0.0        0.0    0.00000 }     0.00000
   scf:    4    -8298.740785    -8298.740786    -8298.747403  0.001183 -6.348156  0.001153
     spin moment: {S} , |S| = {        0.0        0.0    0.00000 }     0.00000
   scf:    5    -8298.740783    -8298.740785    -8298.747403  0.000462 -6.348137  0.000958
     spin moment: {S} , |S| = {        0.0        0.0    0.00000 }     0.00000

SCF Convergence by DM criterion
max |DM_out - DM_in|         :     0.0004616612
max |H_out - H_in|      (eV) :     0.0009583552
SCF cycle converged after 5 iterations

Using DM_out to compute the final energy and forces
No. of atoms with KB's overlaping orbs in proc 0. Max # of overlaps:      73    1512

siesta: E_KS(eV) =            -8298.7408

siesta: Atomic forces (eV/Ang):
     1    0.000000    0.000012    0.000000
     2    0.000000   -0.000009   -0.000000
     3    0.000000   -0.000011   -0.000000
     4    0.000000    0.000009    0.000000
----------------------------------------
   Tot    0.000000    0.000000    0.000000
----------------------------------------
   Max    0.000012
   Res    0.000006    sqrt( Sum f_i^2 / 3N )
----------------------------------------
   Max    0.000012    constrained

Stress tensor Voigt[x,y,z,yz,xz,xy] (kbar):     -290.40     -290.03     -282.02       -0.00        0.00        0.00
(Free)E + p*V (eV/cell)    -8288.6715
Target enthalpy (eV/cell)    -8298.7474

siesta: Stress tensor (static) (eV/Ang**3):
        -0.181253    0.000000    0.000000
         0.000000   -0.181024   -0.000000
         0.000000   -0.000000   -0.176023

siesta: Pressure (static):        287.48445044  kBar

siesta: Stress tensor (total) (eV/Ang**3):
        -0.181253    0.000000    0.000000
         0.000000   -0.181024   -0.000000
         0.000000   -0.000000   -0.176023

siesta: Pressure (total):        287.48445044  kBar

                     ====================================
                        Begin CG opt. move =      6
                     ====================================
k-point displ. along   1 input, could be:     0.00    0.50
k-point displ. along   3 input, could be:     0.00    0.50
 Kpoints in:           48 . Kpoints trimmed:           41

siesta: k-grid: Number of k-points = 41
siesta: k-points from Monkhorst-Pack grid
siesta: k-cutoff (effective) =     7.881 Ang
siesta: k-point supercell and displacements
siesta: k-grid:     6     0     0      0.000
siesta: k-grid:     0     3     0      0.000
siesta: k-grid:     0     0     4      0.000

superc: Internal auxiliary supercell:    11 x     7 x     7  =     539
superc: Number of atoms, orbitals, and projectors:   2156  47432  38808

outcell: Unit cell vectors (Ang):
        2.739128   -0.000000    0.000000
       -0.000000    5.478817   -0.000000
        0.000000   -0.000000    3.940466

outcell: Cell vector modules (Ang)   :    2.739128    5.478817    3.940466
outcell: Cell angles (23,13,12) (deg):     90.0000     90.0000     90.0000
outcell: Cell volume (Ang**3)        :     59.1353
<dSpData1D:S at geom step 6
  <sparsity:sparsity for geom step 6
    nrows_g=88 nrows=4 sparsity=2.6475 nnzs=20502, refcount: 7>
  <dData1D:(new from dSpData1D) n=20502, refcount: 1>
refcount: 1>
new_DM -- step:     7
Re-using DM from previous geometries...
Number of DMs in history: 1
 DM extrapolation coefficients: 
1   1.00000
New DM after history re-use:
<dSpData2D:SpM extrapolated using coords
  <sparsity:sparsity for geom step 6
    nrows_g=88 nrows=4 sparsity=2.6475 nnzs=20502, refcount: 9>
  <dData2D:(temp array for extrapolation) n=20502 m=2, refcount: 1>
refcount: 1>
Note: For starting DM, Qtot, Tr[D*S] =         52.00000000         52.25507112
No. of atoms with KB's overlaping orbs in proc 0. Max # of overlaps:      63    1444

InitMesh: MESH = 30 x 60 x 48 = 86400
InitMesh: Mesh cutoff (required, used) =   300.000   331.460 Ry
New grid distribution [1]: sub = 2
New grid distribution [2]: sub = 2
New grid distribution [3]: sub = 2
Setting up quadratic distribution...

        iscf     Eharris(eV)        E_KS(eV)     FreeEng(eV)     dDmax    Ef(eV) dHmax(eV)
   scf:    1    -8303.290417    -8299.169540    -8299.174934  2.057743 -6.333968  0.642550
     spin moment: {S} , |S| = {        0.0        0.0    0.00000 }     0.00000
   scf:    2    -8299.196310    -8299.188585    -8299.194191  0.256740 -6.263158  0.236354
     spin moment: {S} , |S| = {        0.0        0.0    0.00000 }     0.00000
   scf:    3    -8299.194026    -8299.191732    -8299.197275  0.100919 -6.282491  0.002441
     spin moment: {S} , |S| = {        0.0        0.0    0.00000 }     0.00000
   scf:    4    -8299.191730    -8299.191731    -8299.197275  0.000585 -6.282369  0.000764
     spin moment: {S} , |S| = {        0.0        0.0    0.00000 }     0.00000
   scf:    5    -8299.191728    -8299.191730    -8299.197275  0.000336 -6.282380  0.000695
     spin moment: {S} , |S| = {        0.0        0.0    0.00000 }     0.00000

SCF Convergence by DM criterion
max |DM_out - DM_in|         :     0.0003356503
max |H_out - H_in|      (eV) :     0.0006945785
SCF cycle converged after 5 iterations

Using DM_out to compute the final energy and forces
No. of atoms with KB's overlaping orbs in proc 0. Max # of overlaps:      63    1444

siesta: E_KS(eV) =            -8299.1917

siesta: Atomic forces (eV/Ang):
     1    0.000000    0.000013    0.000000
     2   -0.000000   -0.000009   -0.000000
     3    0.000000   -0.000013   -0.000000
     4   -0.000000    0.000009    0.000000
----------------------------------------
   Tot   -0.000000    0.000001    0.000000
----------------------------------------
   Max    0.000013
   Res    0.000007    sqrt( Sum f_i^2 / 3N )
----------------------------------------
   Max    0.000013    constrained

Stress tensor Voigt[x,y,z,yz,xz,xy] (kbar):     -193.53     -193.09     -202.50        0.00       -0.00        0.00
(Free)E + p*V (eV/cell)    -8291.9494
Target enthalpy (eV/cell)    -8299.1973

siesta: Stress tensor (static) (eV/Ang**3):
        -0.120789    0.000000   -0.000000
         0.000000   -0.120514    0.000000
        -0.000000    0.000000   -0.126390

siesta: Pressure (static):        196.36990585  kBar

siesta: Stress tensor (total) (eV/Ang**3):
        -0.120789    0.000000   -0.000000
         0.000000   -0.120514    0.000000
        -0.000000    0.000000   -0.126390

siesta: Pressure (total):        196.36990585  kBar

                     ====================================
                        Begin CG opt. move =      7
                     ====================================
k-point displ. along   1 input, could be:     0.00    0.50
k-point displ. along   3 input, could be:     0.00    0.50
 Kpoints in:           48 . Kpoints trimmed:           41

siesta: k-grid: Number of k-points = 41
siesta: k-points from Monkhorst-Pack grid
siesta: k-cutoff (effective) =     8.030 Ang
siesta: k-point supercell and displacements
siesta: k-grid:     6     0     0      0.000
siesta: k-grid:     0     3     0      0.000
siesta: k-grid:     0     0     4      0.000

superc: Internal auxiliary supercell:    11 x     7 x     7  =     539
superc: Number of atoms, orbitals, and projectors:   2156  47432  38808

outcell: Unit cell vectors (Ang):
        2.783449   -0.000000    0.000000
       -0.000000    5.567558   -0.000000
        0.000000   -0.000000    4.014975

outcell: Cell vector modules (Ang)   :    2.783449    5.567558    4.014975
outcell: Cell angles (23,13,12) (deg):     90.0000     90.0000     90.0000
outcell: Cell volume (Ang**3)        :     62.2201
<dSpData1D:S at geom step 7
  <sparsity:sparsity for geom step 7
    nrows_g=88 nrows=4 sparsity=2.4429 nnzs=18918, refcount: 7>
  <dData1D:(new from dSpData1D) n=18918, refcount: 1>
refcount: 1>
new_DM -- step:     8
Re-using DM from previous geometries...
Number of DMs in history: 1
 DM extrapolation coefficients: 
1   1.00000
New DM after history re-use:
<dSpData2D:SpM extrapolated using coords
  <sparsity:sparsity for geom step 7
    nrows_g=88 nrows=4 sparsity=2.4429 nnzs=18918, refcount: 9>
  <dData2D:(temp array for extrapolation) n=18918 m=2, refcount: 1>
refcount: 1>
Note: For starting DM, Qtot, Tr[D*S] =         52.00000000         52.13441140
No. of atoms with KB's overlaping orbs in proc 0. Max # of overlaps:      53    1400

InitMesh: MESH = 30 x 60 x 48 = 86400
InitMesh: Mesh cutoff (required, used) =   300.000   320.978 Ry
New grid distribution [1]: sub = 2
New grid distribution [2]: sub = 2
New grid distribution [3]: sub = 2
Setting up quadratic distribution...

        iscf     Eharris(eV)        E_KS(eV)     FreeEng(eV)     dDmax    Ef(eV) dHmax(eV)
   scf:    1    -8302.444865    -8299.494584    -8299.499717  1.374952 -6.230419  0.364475
     spin moment: {S} , |S| = {        0.0        0.0    0.00000 }     0.00000
   scf:    2    -8299.503132    -8299.500702    -8299.505853  0.168292 -6.191956  0.136626
     spin moment: {S} , |S| = {        0.0        0.0    0.00000 }     0.00000
   scf:    3    -8299.502456    -8299.501720    -8299.506864  0.040953 -6.202557  0.001360
     spin moment: {S} , |S| = {        0.0        0.0    0.00000 }     0.00000
   scf:    4    -8299.501719    -8299.501719    -8299.506864  0.000224 -6.202526  0.000758
     spin moment: {S} , |S| = {        0.0        0.0    0.00000 }     0.00000

SCF Convergence by DM criterion
max |DM_out - DM_in|         :     0.0002236653
max |H_out - H_in|      (eV) :     0.0007577854
SCF cycle converged after 4 iterations

Using DM_out to compute the final energy and forces
No. of atoms with KB's overlaping orbs in proc 0. Max # of overlaps:      53    1400

siesta: E_KS(eV) =            -8299.5017

siesta: Atomic forces (eV/Ang):
     1    0.000000    0.000005    0.000000
     2    0.000000    0.000005   -0.000000
     3   -0.000000   -0.000002    0.000000
     4    0.000000   -0.000007   -0.000000
----------------------------------------
   Tot    0.000000    0.000002   -0.000000
----------------------------------------
   Max    0.000007
   Res    0.000003    sqrt( Sum f_i^2 / 3N )
----------------------------------------
   Max    0.000007    constrained

Stress tensor Voigt[x,y,z,yz,xz,xy] (kbar):     -123.87     -123.50     -130.52        0.00       -0.00       -0.00
(Free)E + p*V (eV/cell)    -8294.6151
Target enthalpy (eV/cell)    -8299.5069

siesta: Stress tensor (static) (eV/Ang**3):
        -0.077315   -0.000000   -0.000000
        -0.000000   -0.077085    0.000000
        -0.000000    0.000000   -0.081461

siesta: Pressure (static):        125.96384346  kBar

siesta: Stress tensor (total) (eV/Ang**3):
        -0.077315   -0.000000   -0.000000
        -0.000000   -0.077085    0.000000
        -0.000000    0.000000   -0.081461

siesta: Pressure (total):        125.96384346  kBar

                     ====================================
                        Begin CG opt. move =      8
                     ====================================
k-point displ. along   1 input, could be:     0.00    0.50
k-point displ. along   3 input, could be:     0.00    0.50
 Kpoints in:           48 . Kpoints trimmed:           41

siesta: k-grid: Number of k-points = 41
siesta: k-points from Monkhorst-Pack grid
siesta: k-cutoff (effective) =     8.179 Ang
siesta: k-point supercell and displacements
siesta: k-grid:     6     0     0      0.000
siesta: k-grid:     0     3     0      0.000
siesta: k-grid:     0     0     4      0.000

superc: Internal auxiliary supercell:    11 x     7 x     7  =     539
superc: Number of atoms, orbitals, and projectors:   2156  47432  38808

outcell: Unit cell vectors (Ang):
        2.827769   -0.000000    0.000000
       -0.000000    5.656298   -0.000000
        0.000000   -0.000000    4.089483

outcell: Cell vector modules (Ang)   :    2.827769    5.656298    4.089483
outcell: Cell angles (23,13,12) (deg):     90.0000     90.0000     90.0000
outcell: Cell volume (Ang**3)        :     65.4101
<dSpData1D:S at geom step 8
  <sparsity:sparsity for geom step 8
    nrows_g=88 nrows=4 sparsity=2.4367 nnzs=18870, refcount: 7>
  <dData1D:(new from dSpData1D) n=18870, refcount: 1>
refcount: 1>
new_DM -- step:     9
Re-using DM from previous geometries...
Number of DMs in history: 1
 DM extrapolation coefficients: 
1   1.00000
New DM after history re-use:
<dSpData2D:SpM extrapolated using coords
  <sparsity:sparsity for geom step 8
    nrows_g=88 nrows=4 sparsity=2.4367 nnzs=18870, refcount: 9>
  <dData2D:(temp array for extrapolation) n=18870 m=2, refcount: 1>
refcount: 1>
No. of atoms with KB's overlaping orbs in proc 0. Max # of overlaps:      53    1400

InitMesh: MESH = 30 x 60 x 48 = 86400
InitMesh: Mesh cutoff (required, used) =   300.000   310.985 Ry
New grid distribution [1]: sub = 2
New grid distribution [2]: sub = 2
New grid distribution [3]: sub = 2
Setting up quadratic distribution...

        iscf     Eharris(eV)        E_KS(eV)     FreeEng(eV)     dDmax    Ef(eV) dHmax(eV)
   scf:    1    -8301.645375    -8299.690087    -8299.695919  0.735066 -6.129887  0.109752
     spin moment: {S} , |S| = {        0.0        0.0    0.00000 }     0.00000
   scf:    2    -8299.690928    -8299.690674    -8299.696468  0.048189 -6.118817  0.042420
     spin moment: {S} , |S| = {        0.0        0.0    0.00000 }     0.00000
   scf:    3    -8299.690810    -8299.690755    -8299.696559  0.012943 -6.121897  0.000978
     spin moment: {S} , |S| = {        0.0        0.0    0.00000 }     0.00000
   scf:    4    -8299.690754    -8299.690754    -8299.696559  0.000219 -6.121894  0.000543
     spin moment: {S} , |S| = {        0.0        0.0    0.00000 }     0.00000

SCF Convergence by DM criterion
max |DM_out - DM_in|         :     0.0002192447
max |H_out - H_in|      (eV) :     0.0005431029
SCF cycle converged after 4 iterations

Using DM_out to compute the final energy and forces
No. of atoms with KB's overlaping orbs in proc 0. Max # of overlaps:      53    1400

siesta: E_KS(eV) =            -8299.6908

siesta: Atomic forces (eV/Ang):
     1    0.000000   -0.000008   -0.000000
     2   -0.000000    0.000013   -0.000000
     3   -0.000000    0.000017    0.000000
     4   -0.000000   -0.000020    0.000000
----------------------------------------
   Tot   -0.000000    0.000002    0.000000
----------------------------------------
   Max    0.000020
   Res    0.000009    sqrt( Sum f_i^2 / 3N )
----------------------------------------
   Max    0.000020    constrained

Stress tensor Voigt[x,y,z,yz,xz,xy] (kbar):      -67.56      -67.17      -72.79       -0.00        0.00       -0.00
(Free)E + p*V (eV/cell)    -8296.8726
Target enthalpy (eV/cell)    -8299.6966

siesta: Stress tensor (static) (eV/Ang**3):
        -0.042167   -0.000000    0.000000
        -0.000000   -0.041921   -0.000000
         0.000000   -0.000000   -0.045430

siesta: Pressure (static):         69.17061332  kBar

siesta: Stress tensor (total) (eV/Ang**3):
        -0.042167   -0.000000    0.000000
        -0.000000   -0.041921   -0.000000
         0.000000   -0.000000   -0.045430

siesta: Pressure (total):         69.17061332  kBar

                     ====================================
                        Begin CG opt. move =      9
                     ====================================
k-point displ. along   1 input, could be:     0.00    0.50
k-point displ. along   3 input, could be:     0.00    0.50
 Kpoints in:           48 . Kpoints trimmed:           41

siesta: k-grid: Number of k-points = 41
siesta: k-points from Monkhorst-Pack grid
siesta: k-cutoff (effective) =     8.328 Ang
siesta: k-point supercell and displacements
siesta: k-grid:     6     0     0      0.000
siesta: k-grid:     0     3     0      0.000
siesta: k-grid:     0     0     4      0.000

superc: Internal auxiliary supercell:    11 x     7 x     7  =     539
superc: Number of atoms, orbitals, and projectors:   2156  47432  38808

outcell: Unit cell vectors (Ang):
        2.872090   -0.000000    0.000000
       -0.000000    5.745039   -0.000000
        0.000000   -0.000000    4.163991

outcell: Cell vector modules (Ang)   :    2.872090    5.745039    4.163991
outcell: Cell angles (23,13,12) (deg):     90.0000     90.0000     90.0000
outcell: Cell volume (Ang**3)        :     68.7070
<dSpData1D:S at geom step 9
  <sparsity:sparsity for geom step 9
    nrows_g=88 nrows=4 sparsity=2.4367 nnzs=18870, refcount: 7>
  <dData1D:(new from dSpData1D) n=18870, refcount: 1>
refcount: 1>
new_DM -- step:    10
Re-using DM from previous geometries...
Number of DMs in history: 1
 DM extrapolation coefficients: 
1   1.00000
New DM after history re-use:
<dSpData2D:SpM extrapolated using coords
  <sparsity:sparsity for geom step 9
    nrows_g=88 nrows=4 sparsity=2.4367 nnzs=18870, refcount: 9>
  <dData2D:(temp array for extrapolation) n=18870 m=2, refcount: 1>
refcount: 1>
No. of atoms with KB's overlaping orbs in proc 0. Max # of overlaps:      53    1400

InitMesh: MESH = 30 x 60 x 48 = 86400
InitMesh: Mesh cutoff (required, used) =   300.000   301.452 Ry
New grid distribution [1]: sub = 2
New grid distribution [2]: sub = 2
New grid distribution [3]: sub = 2
Setting up quadratic distribution...

        iscf     Eharris(eV)        E_KS(eV)     FreeEng(eV)     dDmax    Ef(eV) dHmax(eV)
   scf:    1    -8300.850682    -8299.780008    -8299.788644  0.416902 -6.031227  0.113765
     spin moment: {S} , |S| = {        0.0        0.0    0.00000 }     0.00000
   scf:    2    -8299.780168    -8299.780260    -8299.789213  0.054121 -6.042108  0.044543
     spin moment: {S} , |S| = {        0.0        0.0    0.00000 }     0.00000
   scf:    3    -8299.780601    -8299.780443    -8299.789307  0.015363 -6.039114  0.001119
     spin moment: {S} , |S| = {        0.0        0.0    0.00000 }     0.00000
   scf:    4    -8299.780442    -8299.780442    -8299.789307  0.000202 -6.039114  0.000400
     spin moment: {S} , |S| = {        0.0        0.0    0.00000 }     0.00000

SCF Convergence by DM criterion
max |DM_out - DM_in|         :     0.0002023717
max |H_out - H_in|      (eV) :     0.0004003060
SCF cycle converged after 4 iterations

Using DM_out to compute the final energy and forces
No. of atoms with KB's overlaping orbs in proc 0. Max # of overlaps:      53    1400

siesta: E_KS(eV) =            -8299.7804

siesta: Atomic forces (eV/Ang):
     1    0.000000   -0.000010    0.000000
     2    0.000000    0.000010   -0.000000
     3   -0.000000    0.000020    0.000000
     4   -0.000000   -0.000018    0.000000
----------------------------------------
   Tot    0.000000    0.000001    0.000000
----------------------------------------
   Max    0.000020
   Res    0.000009    sqrt( Sum f_i^2 / 3N )
----------------------------------------
   Max    0.000020    constrained

Stress tensor Voigt[x,y,z,yz,xz,xy] (kbar):      -26.74      -26.31      -23.08       -0.00        0.00        0.00
(Free)E + p*V (eV/cell)    -8298.7011
Target enthalpy (eV/cell)    -8299.7893

siesta: Stress tensor (static) (eV/Ang**3):
        -0.016689    0.000000    0.000000
         0.000000   -0.016424   -0.000000
         0.000000   -0.000000   -0.014403

siesta: Pressure (static):         25.37623128  kBar

siesta: Stress tensor (total) (eV/Ang**3):
        -0.016689    0.000000    0.000000
         0.000000   -0.016424   -0.000000
         0.000000   -0.000000   -0.014403

siesta: Pressure (total):         25.37623128  kBar

                     ====================================
                        Begin CG opt. move =     10
                     ====================================
k-point displ. along   1 input, could be:     0.00    0.50
k-point displ. along   3 input, could be:     0.00    0.50
 Kpoints in:           48 . Kpoints trimmed:           41

siesta: k-grid: Number of k-points = 41
siesta: k-points from Monkhorst-Pack grid
siesta: k-cutoff (effective) =     8.477 Ang
siesta: k-point supercell and displacements
siesta: k-grid:     6     0     0      0.000
siesta: k-grid:     0     3     0      0.000
siesta: k-grid:     0     0     4      0.000

superc: Internal auxiliary supercell:    11 x     7 x     7  =     539
superc: Number of atoms, orbitals, and projectors:   2156  47432  38808

outcell: Unit cell vectors (Ang):
        2.916411   -0.000000    0.000000
       -0.000000    5.833780   -0.000000
        0.000000   -0.000000    4.238499

outcell: Cell vector modules (Ang)   :    2.916411    5.833780    4.238499
outcell: Cell angles (23,13,12) (deg):     90.0000     90.0000     90.0000
outcell: Cell volume (Ang**3)        :     72.1125
<dSpData1D:S at geom step 10
  <sparsity:sparsity for geom step 10
    nrows_g=88 nrows=4 sparsity=2.4367 nnzs=18870, refcount: 7>
  <dData1D:(new from dSpData1D) n=18870, refcount: 1>
refcount: 1>
new_DM -- step:    11
Re-using DM from previous geometries...
Number of DMs in history: 1
 DM extrapolation coefficients: 
1   1.00000
New DM after history re-use:
<dSpData2D:SpM extrapolated using coords
  <sparsity:sparsity for geom step 10
    nrows_g=88 nrows=4 sparsity=2.4367 nnzs=18870, refcount: 9>
  <dData2D:(temp array for extrapolation) n=18870 m=2, refcount: 1>
refcount: 1>
Note: For starting DM, Qtot, Tr[D*S] =         52.00000000         51.88520339
No. of atoms with KB's overlaping orbs in proc 0. Max # of overlaps:      53    1400

InitMesh: MESH = 32 x 64 x 48 = 98304
InitMesh: Mesh cutoff (required, used) =   300.000   332.630 Ry
New grid distribution [1]: sub = 2
New grid distribution [2]: sub = 2
New grid distribution [3]: sub = 2
Setting up quadratic distribution...

        iscf     Eharris(eV)        E_KS(eV)     FreeEng(eV)     dDmax    Ef(eV) dHmax(eV)
   scf:    1    -8300.155420    -8299.781289    -8299.797037  0.820679 -5.933903  0.280060
     spin moment: {S} , |S| = {        0.0        0.0    0.00000 }     0.00000
   scf:    2    -8299.784382    -8299.783859    -8299.800441  0.126385 -5.959758  0.107364
     spin moment: {S} , |S| = {        0.0        0.0    0.00000 }     0.00000
   scf:    3    -8299.785277    -8299.784645    -8299.800998  0.037042 -5.952614  0.002285
     spin moment: {S} , |S| = {        0.0        0.0    0.00000 }     0.00000
   scf:    4    -8299.784669    -8299.784657    -8299.800999  0.001086 -5.952565  0.001687
     spin moment: {S} , |S| = {        0.0        0.0    0.00000 }     0.00000
   scf:    5    -8299.784670    -8299.784664    -8299.800999  0.000588 -5.952570  0.001075
     spin moment: {S} , |S| = {        0.0        0.0    0.00000 }     0.00000
   scf:    6    -8299.784673    -8299.784668    -8299.800999  0.000410 -5.952562  0.000911
     spin moment: {S} , |S| = {        0.0        0.0    0.00000 }     0.00000

SCF Convergence by DM criterion
max |DM_out - DM_in|         :     0.0004096847
max |H_out - H_in|      (eV) :     0.0009111410
SCF cycle converged after 6 iterations

Using DM_out to compute the final energy and forces
No. of atoms with KB's overlaping orbs in proc 0. Max # of overlaps:      53    1400

siesta: E_KS(eV) =            -8299.7847

siesta: Atomic forces (eV/Ang):
     1    0.000000    0.000017    0.000000
     2   -0.000000   -0.000017    0.000000
     3    0.000000   -0.000023    0.000000
     4   -0.000000    0.000024    0.000000
----------------------------------------
   Tot   -0.000000    0.000001    0.000000
----------------------------------------
   Max    0.000024
   Res    0.000012    sqrt( Sum f_i^2 / 3N )
----------------------------------------
   Max    0.000024    constrained

Stress tensor Voigt[x,y,z,yz,xz,xy] (kbar):        3.98        4.20       10.88        0.00       -0.00        0.00
(Free)E + p*V (eV/cell)    -8300.0869
Target enthalpy (eV/cell)    -8299.8010

siesta: Stress tensor (static) (eV/Ang**3):
         0.002484    0.000000   -0.000000
         0.000000    0.002621    0.000000
        -0.000000    0.000000    0.006788

siesta: Pressure (static):         -6.35144402  kBar

siesta: Stress tensor (total) (eV/Ang**3):
         0.002484    0.000000   -0.000000
         0.000000    0.002621    0.000000
        -0.000000    0.000000    0.006788

siesta: Pressure (total):         -6.35144402  kBar

                     ====================================
                        Begin CG opt. move =     11
                     ====================================
k-point displ. along   1 input, could be:     0.00    0.50
k-point displ. along   3 input, could be:     0.00    0.50
 Kpoints in:           48 . Kpoints trimmed:           41

siesta: k-grid: Number of k-points = 41
siesta: k-points from Monkhorst-Pack grid
siesta: k-cutoff (effective) =     8.445 Ang
siesta: k-point supercell and displacements
siesta: k-grid:     6     0     0      0.000
siesta: k-grid:     0     3     0      0.000
siesta: k-grid:     0     0     4      0.000

superc: Internal auxiliary supercell:    11 x     7 x     7  =     539
superc: Number of atoms, orbitals, and projectors:   2156  47432  38808

outcell: Unit cell vectors (Ang):
        2.906846   -0.000000    0.000000
       -0.000000    5.814628   -0.000000
        0.000000   -0.000000    4.222419

outcell: Cell vector modules (Ang)   :    2.906846    5.814628    4.222419
outcell: Cell angles (23,13,12) (deg):     90.0000     90.0000     90.0000
outcell: Cell volume (Ang**3)        :     71.3683
<dSpData1D:S at geom step 11
  <sparsity:sparsity for geom step 11
    nrows_g=88 nrows=4 sparsity=2.4367 nnzs=18870, refcount: 7>
  <dData1D:(new from dSpData1D) n=18870, refcount: 1>
refcount: 1>
new_DM -- step:    12
Re-using DM from previous geometries...
Number of DMs in history: 1
 DM extrapolation coefficients: 
1   1.00000
New DM after history re-use:
<dSpData2D:SpM extrapolated using coords
  <sparsity:sparsity for geom step 11
    nrows_g=88 nrows=4 sparsity=2.4367 nnzs=18870, refcount: 9>
  <dData2D:(temp array for extrapolation) n=18870 m=2, refcount: 1>
refcount: 1>
No. of atoms with KB's overlaping orbs in proc 0. Max # of overlaps:      53    1400

InitMesh: MESH = 32 x 64 x 48 = 98304
InitMesh: Mesh cutoff (required, used) =   300.000   334.825 Ry
New grid distribution [1]: sub = 2
New grid distribution [2]: sub = 2
New grid distribution [3]: sub = 2
Setting up quadratic distribution...

        iscf     Eharris(eV)        E_KS(eV)     FreeEng(eV)     dDmax    Ef(eV) dHmax(eV)
   scf:    1    -8299.746073    -8299.787899    -8299.802648  0.221531 -5.975756  0.073539
     spin moment: {S} , |S| = {        0.0        0.0    0.00000 }     0.00000
   scf:    2    -8299.788607    -8299.788322    -8299.802879  0.034514 -5.968996  0.028105
     spin moment: {S} , |S| = {        0.0        0.0    0.00000 }     0.00000
   scf:    3    -8299.788276    -8299.788304    -8299.802916  0.009517 -5.970866  0.000995
     spin moment: {S} , |S| = {        0.0        0.0    0.00000 }     0.00000
   scf:    4    -8299.788299    -8299.788302    -8299.802916  0.000187 -5.970865  0.000640
     spin moment: {S} , |S| = {        0.0        0.0    0.00000 }     0.00000

SCF Convergence by DM criterion
max |DM_out - DM_in|         :     0.0001872368
max |H_out - H_in|      (eV) :     0.0006396236
SCF cycle converged after 4 iterations

Using DM_out to compute the final energy and forces
No. of atoms with KB's overlaping orbs in proc 0. Max # of overlaps:      53    1400

siesta: E_KS(eV) =            -8299.7883

siesta: Atomic forces (eV/Ang):
     1    0.000000    0.000029    0.000000
     2   -0.000000   -0.000023    0.000000
     3    0.000000   -0.000040    0.000000
     4   -0.000000    0.000036    0.000000
----------------------------------------
   Tot   -0.000000    0.000002    0.000000
----------------------------------------
   Max    0.000040
   Res    0.000019    sqrt( Sum f_i^2 / 3N )
----------------------------------------
   Max    0.000040    constrained

Stress tensor Voigt[x,y,z,yz,xz,xy] (kbar):       -0.85       -0.61        4.81        0.00        0.00       -0.00
(Free)E + p*V (eV/cell)    -8299.8527
Target enthalpy (eV/cell)    -8299.8029

siesta: Stress tensor (static) (eV/Ang**3):
        -0.000530   -0.000000    0.000000
        -0.000000   -0.000379    0.000000
         0.000000    0.000000    0.003001

siesta: Pressure (static):         -1.11710996  kBar

siesta: Stress tensor (total) (eV/Ang**3):
        -0.000530   -0.000000    0.000000
        -0.000000   -0.000379    0.000000
         0.000000    0.000000    0.003001

siesta: Pressure (total):         -1.11710996  kBar

outcoor: Relaxed atomic coordinates (fractional):           
   -0.00000000   -0.00000062   -0.00000000   1       1  Ga
    0.00000000    0.50000009    0.00000000   1       2  Ga
    0.50000000    0.25000063    0.50000000   1       3  Ga
    0.50000000    0.74999991    0.50000000   1       4  Ga

outcell: Unit cell vectors (Ang):
        2.906846   -0.000000    0.000000
       -0.000000    5.814628   -0.000000
        0.000000   -0.000000    4.222419

outcell: Cell vector modules (Ang)   :    2.906846    5.814628    4.222419
outcell: Cell angles (23,13,12) (deg):     90.0000     90.0000     90.0000
outcell: Cell volume (Ang**3)        :     71.3683

coxmol: Writing XMOL coordinates into file hea.xyz                                                                                                                                                                                                                             
Writing WFSX for COOP/COHP in hea.fullBZ.WFSX

diag: Algorithm                                     = D&C
diag: Parallel over k                               =   F
diag: Use parallel 2D distribution                  =   T
diag: Parallel block-size                           = 2
diag: Parallel distribution                         =     6 x     6
diag: Used triangular part                          = Lower
diag: Absolute tolerance                            =  0.100E-15
diag: Orthogonalization factor                      =  0.100E-05
diag: Memory factor                                 =  1.0000

diag: Algorithm                                     = D&C
diag: Parallel over k                               =   F
diag: Use parallel 2D distribution                  =   T
diag: Parallel block-size                           = 2
diag: Parallel distribution                         =     6 x     6
diag: Used triangular part                          = Lower
diag: Absolute tolerance                            =  0.100E-15
diag: Orthogonalization factor                      =  0.100E-05
diag: Memory factor                                 =  1.0000

siesta: PDOS info
siesta: E1 -- E2, sigma [eV], nhist:  -20.000 --   20.000    0.100 1000

diag: Algorithm                                     = D&C
diag: Parallel over k                               =   F
diag: Use parallel 2D distribution                  =   T
diag: Parallel block-size                           = 2
diag: Parallel distribution                         =     6 x     6
diag: Used triangular part                          = Lower
diag: Absolute tolerance                            =  0.100E-15
diag: Orthogonalization factor                      =  0.100E-05
diag: Memory factor                                 =  1.0000

siesta: Program's energy decomposition (eV):
siesta: Ebs     =      -952.964221
siesta: Eions   =      9011.520887
siesta: Ena     =       291.260329
siesta: Ekin    =      6793.566939
siesta: Enl     =     -4134.926829
siesta: Eso     =         0.000000
siesta: Edftu   =         0.000000
siesta: DEna    =        14.008082
siesta: DUscf   =         0.250199
siesta: DUext   =         0.000000
siesta: Ex      =     -2122.635724
siesta: Ec      =      -129.790410
siesta: Exc     =     -2252.426135
siesta: EbV     =         0.000000
siesta: eta*DQ  =         0.000000
siesta: Emadel  =         0.000000
siesta: Emeta   =         0.000000
siesta: Emolmec =         0.000000
siesta: Ekinion =         0.000000
siesta: Eharris =     -8299.788299
siesta: Etot    =     -8299.788302
siesta: FreeEng =     -8299.802916

siesta: Final energy (eV):
siesta:  Band Struct. =    -952.964221
siesta:       Kinetic =    6793.566939
siesta:       Hartree =    2080.841446
siesta:         Edftu =       0.000000
siesta:       Eso     =       0.000000
siesta:    Ext. field =       0.000000
siesta:         Exch. =   -2122.635724
siesta:         Corr. =    -129.790410
siesta:     Bulk bias =       0.000000
siesta:   Exch.-corr. =   -2252.426135
siesta:  Ion-electron =  -10450.289568
siesta:       Ion-ion =   -4471.480984
siesta:       Ekinion =       0.000000
siesta: D3 dispersion =       0.000000
siesta:         Total =   -8299.788302
siesta:         Fermi =      -5.970865

siesta: Stress tensor (static) (eV/Ang**3):
siesta:    -0.000530   -0.000000    0.000000
siesta:    -0.000000   -0.000379    0.000000
siesta:     0.000000    0.000000    0.003001

siesta: Constrained stress tensor (static) (eV/Ang**3):
siesta:    -0.000530   -0.000000    0.000000
siesta:    -0.000000   -0.000379    0.000000
siesta:     0.000000    0.000000    0.003001

siesta: Cell volume =         71.368288 Ang**3

siesta: Pressure (static):
siesta:                Solid            Molecule  Units
siesta:          -0.00000759         -0.00000760  Ry/Bohr**3
siesta:          -0.00069725         -0.00069738  eV/Ang**3
siesta:          -1.11710996         -1.11732493  kBar
(Free)E+ p_basis*V_orbitals  =       -8270.851859
(Free)Eharris+ p_basis*V_orbitals  =       -8270.851857

mulliken: Atomic and Orbital Populations:

mulliken: Spin UP 

Species: Ga                  
Atom  Qatom  Qorb
               4s      4s      4s      4py     4pz     4px     4py     4pz     
               4px     4py     4pz     4px     3dxy    3dyz    3dz2    3dxz    
               3dx2-y2 4dxy    4dyz    4dz2    4dxz    4dx2-y2 
   1  6.500   1.408  -0.414   0.007  -0.611  -0.418  -0.610   0.432   0.425
              0.431   0.279   0.130   0.278   0.997   0.997   0.997   0.997

              0.997   0.046   0.045   0.011   0.045   0.030
   2  6.500   1.408  -0.414   0.007  -0.611  -0.418  -0.610   0.432   0.425
              0.431   0.279   0.130   0.278   0.997   0.997   0.997   0.997

              0.997   0.046   0.045   0.011   0.045   0.030
   3  6.500   1.408  -0.414   0.007  -0.611  -0.418  -0.610   0.432   0.425
              0.431   0.279   0.130   0.278   0.997   0.997   0.997   0.997

              0.997   0.046   0.045   0.011   0.045   0.030
   4  6.500   1.408  -0.414   0.007  -0.611  -0.418  -0.610   0.432   0.425
              0.431   0.279   0.130   0.278   0.997   0.997   0.997   0.997

              0.997   0.046   0.045   0.011   0.045   0.030

mulliken: Qtot =       26.000

mulliken: Spin DOWN 

Species: Ga                  
Atom  Qatom  Qorb
               4s      4s      4s      4py     4pz     4px     4py     4pz     
               4px     4py     4pz     4px     3dxy    3dyz    3dz2    3dxz    
               3dx2-y2 4dxy    4dyz    4dz2    4dxz    4dx2-y2 
   1  6.500   1.408  -0.414   0.007  -0.611  -0.418  -0.610   0.432   0.425
              0.431   0.279   0.130   0.278   0.997   0.997   0.997   0.997

              0.997   0.046   0.045   0.011   0.045   0.030
   2  6.500   1.408  -0.414   0.007  -0.611  -0.418  -0.610   0.432   0.425
              0.431   0.279   0.130   0.278   0.997   0.997   0.997   0.997

              0.997   0.046   0.045   0.011   0.045   0.030
   3  6.500   1.408  -0.414   0.007  -0.611  -0.418  -0.610   0.432   0.425
              0.431   0.279   0.130   0.278   0.997   0.997   0.997   0.997

              0.997   0.046   0.045   0.011   0.045   0.030
   4  6.500   1.408  -0.414   0.007  -0.611  -0.418  -0.610   0.432   0.425
              0.431   0.279   0.130   0.278   0.997   0.997   0.997   0.997

              0.997   0.046   0.045   0.011   0.045   0.030

mulliken: Qtot =       26.000

Mulliken Atomic Populations:
Atom #   charge [q] valence [e]      Sz [e]  Species
     1     0.000384   12.999616   -0.000000  Ga
     2    -0.000261   13.000261    0.000000  Ga
     3     0.000255   12.999745    0.000000  Ga
     4    -0.000378   13.000378    0.000000  Ga
-------------------------------------------
 Total    -0.000000                0.000000

cite: Please indicate the Siesta version in published work: 5.2.2
cite: This calculation has made use of features in the following articles
cite: which we encourage you to cite in published work.
cite: (Please see "hea.bib" for a BibTeX file.)
        Primary SIESTA paper
          DOI: www.doi.org/10.1088/0953-8984/14/11/302
        PSML pseudopotential format
          DOI: www.doi.org/10.1016/j.cpc.2018.02.011


>> End of run:   5-AUG-2025   3:45:52
Job completed
