Executable      : /home/users/felipegc/woltsoft/SIESTA/siesta-5.2.2/build/bin/siesta
Version         : 5.2.2
Architecture    : x86_64
Compiler version: GNU-9.3.0
Compiler flags  : -O3 -march=native
Parallelisations: MPI
Lua support
Native ELPA support
ELSI support. Solvers:
   ELPA (internal) 
   NTPoly
   OMM
DFT-D3 support
Wannier90 wrapper support

Runtime information:
* Directory : /home/users/felipegc/MnNiGa/optimizations_afm/top/structure_calc_319
* Running on 36 nodes in parallel.
>> Start of run:  31-JUL-2025  10:58:57

                           *********************** 
                           *  WELCOME TO SIESTA  * 
                           *********************** 

 NOTE: Siesta V5 introduces some new defaults for basis-set generation
 NOTE: which might lead to slightly different numerical results.
 NOTE: Please see the manual for full details and compatibility measures.


reinit: Reading from standard input
reinit: Dumping input in INPUT_TMP.24616
************************** Dump of input data file ****************************
SystemName          hea
SystemLabel         hea
Reparametrize.Pseudos T
Restricted.Radial.Grid F
%include atoms.fdf
MaxSCFIterations     20000
SCF.Mix              Hamiltonian
SCF.Mixer.Method     Broyden
#SCF.Mixer.Variant    original #Pulay original
SCF.Mixer.History    8
SCF.Mixer.Weight     0.07
SCF.H.Converge       False
SCF.DM.Converge      True
SCF.DM.Tolerance     5.d-4
SCF.H.Tolerance      5.d-3 eV
MeshCutoff 300.0 Ry
MD.UseSaveCG         False
DM.UseSaveDM         False
NumberOfEigenStates -20
ElectronicTemperature 300 K
WriteCoorXmol        True
XC.Functional     GGA
XC.authors        PBEsol
Spin polarized
DM.InitSpin.AF true
SolutionMethod       diagon
#Diag.Algorithm        MRRR
###################################
###################################
# Full template for Basis param.
###################################
###################################
Basis.Pressure 0.3 GPa
PAO.SoftDefault T
PAO.SoftPotential 50.0 Ry
PAO.SoftInnerRadius 0.70
PAO.BasisType split
PAO.EnergyShift 0.0019 eV
PAO.BasisSize TZP
PAO.SplitTailNorm T
            %block kgrid_Monkhorst_Pack
            3  0  0  0.
            0  3  0  0.
            0  0  4  0.
            %endblock kgrid_Monkhorst_Pack
            MD.TypeOfRun CG
            MD.Steps         500
            MD.VariableCell true
            MD.MaxForceTol 0.05 eV/Ang
            WriteMDHistory true
            WriteForces true
            Write.OrbitalIndex true
            Charge.Mulliken end
            COOP.Write true
            %block ProjectedDensityOfStates
            -20.00 20.00 0.1 1000 eV
            %endblock ProjectedDensityOfStates
************************** End of input data file *****************************

reinit: -----------------------------------------------------------------------
reinit: System Name: hea
reinit: -----------------------------------------------------------------------
reinit: System Label: hea
reinit: -----------------------------------------------------------------------

NOTE on units for spin output: 
{S} is the spin magnetic moment, in units of the Bohr magneton,
assuming a g-factor for the electron spin of exactly 2.
The spin magnetic moment is then numerically equal to the charge inbalance,
in units of electrons, between the spin-up and -down channels.


initatom: Reading input for the pseudopotentials and atomic orbitals ----------
Species number:   1 Atomic number:   31 Label: Ga
Species number:   2 Atomic number:   28 Label: Ni

Ground state valence configuration (from tables):   4s02  4p01  4d00  4f00
Ground state valence configuration (from tables):   4s02  4p00  3d08  4f00

---- Processing specs for species: Ga
Reading pseudopotential information in PSML from:
  Ga.psml
PSML file version: 1.1
Using libxc ids:  101 130
GGA--PBE XC_GGA_X_PBE--XC_GGA_C_PBE pb
PSML uuid: 206972b0-be42-11e7-579b-1282fffb1a56
Semicore shell(s) with 10 electrons included in the valence for Ga

---- Processing specs for species: Ni
Reading pseudopotential information in PSML from:
  Ni.psml
PSML file version: 1.1
Using libxc ids:  101 130
GGA--PBE XC_GGA_X_PBE--XC_GGA_C_PBE pb
PSML uuid: 020bdba0-be42-11e7-6ded-a592ddfb3399
Semicore shell(s) with  8 electrons included in the valence for Ni

---- Pseudopotential check for Ga

Pseudized shells:
4s( 2.00) rc: 1.67
4p( 1.00) rc: 1.75
3d(10.00) rc: 1.90
Valence configuration for ps generation: 3d:4s:4p: Total charge:  13.000000
Semicore shell(s): 3d
Fallback to non-perturbative polarization scheme for Ga
Please see the manual if this is not desired in principle

---- Pseudopotential check for Ni

Pseudized shells:
3s( 2.00) rc: 1.26
3p( 6.00) rc: 1.35
3d( 8.00) rc: 1.66
Valence configuration for ps generation: 3s:3p:3d:4s: Total charge:  18.000000
Semicore shell(s): 3s 3p
Fallback to non-perturbative polarization scheme for Ni
Please see the manual if this is not desired in principle
For Ga, standard SIESTA heuristics set lmxkb to 3
 (one more than the basis l, including polarization orbitals).
Use PS.lmax or PS.KBprojectors blocks to override.
For Ni, standard SIESTA heuristics set lmxkb to 3
 (one more than the basis l, including polarization orbitals).
Use PS.lmax or PS.KBprojectors blocks to override.
Ga pseudopotential only contains V_ls up to l=2 -- lmxkb reset.
Ni pseudopotential only contains V_ls up to l=2 -- lmxkb reset.

<basis_specs>
===============================================================================
Ga                   Z=  31    Mass=  69.723        Charge= 0.17977+309
Lmxo=2 Lmxkb= 2    BasisType=split      Semic=T
L=0  Nsemic=0  Cnfigmx=4
          i=1  nzeta=3  polorb=0  (4s)
            splnorm:   0.15000    
               vcte:    50.000    
               rinn:  -0.70000    
               qcoe:    0.0000    
               qyuk:    0.0000    
               qwid:   0.10000E-01
                rcs:    0.0000      0.0000      0.0000    
            lambdas:    1.0000      1.0000      1.0000    
L=1  Nsemic=0  Cnfigmx=4
          i=1  nzeta=3  polorb=0  (4p)  (to be polarized non-perturbatively)
            splnorm:   0.15000    
               vcte:    50.000    
               rinn:  -0.70000    
               qcoe:    0.0000    
               qyuk:    0.0000    
               qwid:   0.10000E-01
                rcs:    0.0000      0.0000      0.0000    
            lambdas:    1.0000      1.0000      1.0000    
L=2  Nsemic=1  Cnfigmx=4
          i=1  nzeta=1  polorb=0  (3d)  (semicore shell)
            splnorm:   0.15000    
               vcte:    50.000    
               rinn:  -0.70000    
               qcoe:    0.0000    
               qyuk:    0.0000    
               qwid:   0.10000E-01
                rcs:    0.0000    
            lambdas:    1.0000    
          i=2  nzeta=1  polorb=0  (4d)  (non-perturbative polarization shell)
            splnorm:   0.15000    
               vcte:    50.000    
               rinn:  -0.70000    
               qcoe:   0.32653-315
               qyuk:    0.0000    
               qwid:   0.69526-309
                rcs:    0.0000    
            lambdas:    1.0000    
-------------------------------------------------------------------------------
L=0  Nkbl=1  erefs: 0.17977+309
L=1  Nkbl=1  erefs: 0.17977+309
L=2  Nkbl=2  erefs: 0.17977+309 0.17977+309
===============================================================================
</basis_specs>

Using PAO.SplitTailNorm
atom: Called for Ga                    (Z =  31)
Maximum radius (at nrval) set to   50.00000 8518

read_vps: Pseudopotential generation method:
read_vps: ONCVPSP-3.Hamann's oncvpsp                        
Valence charge in pseudo generation:   13.00000

read_vps: Pseudopotential includes a core correction:
read_vps: Pseudo-core for xc-correction

xc_check: Exchange-correlation functional:
xc_check: GGA PBEsol
xc_check: WARNING: Pseudopotential generated with GGA PBE functional
Got Vlocal (oncv-fit) from psml data
Choosing vlocal chloc cutoff:  4.295227
qtot up to nchloc:   13.00023270
atom: Maximum radius for chlocal:    4.29523
atom: Maximum radius for r*vlocal+2*Zval:    4.29523
Reading KB projs from Ga psml data
Using scalar-relativistic projectors in PSML file

PSML: Kleinman-Bylander projectors: 
   l= 0   rc=  1.688643   Ekb= 14.059564
   l= 0   rc=  1.688643   Ekb=  2.289351
   l= 1   rc=  1.772167   Ekb= 13.610457
   l= 1   rc=  1.772167   Ekb=  2.576326
   l= 2   rc=  1.926399   Ekb=-16.756509
   l= 2   rc=  1.926399   Ekb= -5.641527

PSML: Total number of  Kleinman-Bylander projectors:  18
atom: -------------------------------------------------------------------------

atom: SANKEY-TYPE ORBITALS:
atom: Selected multiple-zeta basis: split     

SPLIT: Orbitals with angular momentum L= 0

SPLIT: Basis orbitals for state 4s

SPLIT: PAO cut-off radius determined from an
SPLIT: energy shift=  0.000140 Ry
Split based on tail norm

   izeta = 1
                 lambda =    1.000000
                     rc =    8.573397
                 energy =   -0.660225
                kinetic =    0.501561
    potential(screened) =   -1.161786
       potential(ionic) =  -12.246649

   izeta = 2
                 rmatch =    4.547753
              splitnorm =    0.150000
                 energy =   -0.462291
                kinetic =    0.981430
    potential(screened) =   -1.443721
       potential(ionic) =  -13.770808

   izeta = 3
                 rmatch =    5.338573
              splitnorm =    0.075000
                 energy =   -0.599358
                kinetic =    0.744548
    potential(screened) =   -1.343906
       potential(ionic) =  -13.255962

SPLIT: Orbitals with angular momentum L= 1

SPLIT: Basis orbitals for state 4p

SPLIT: PAO cut-off radius determined from an
SPLIT: energy shift=  0.000140 Ry
Split based on tail norm

   izeta = 1
                 lambda =    1.000000
                     rc =   12.949509
                 energy =   -0.190428
                kinetic =    0.541974
    potential(screened) =   -0.732402
       potential(ionic) =   -9.174065

   izeta = 2
                 rmatch =    6.968471
              splitnorm =    0.150000
                 energy =   -0.153132
                kinetic =    0.764207
    potential(screened) =   -0.917338
       potential(ionic) =  -10.565779

   izeta = 3
                 rmatch =    8.212134
              splitnorm =    0.075000
                 energy =   -0.175794
                kinetic =    0.665884
    potential(screened) =   -0.841678
       potential(ionic) =  -10.014829

SPLIT: Orbitals with angular momentum L= 2

SPLIT: Basis orbitals for state 3d

SPLIT: PAO cut-off radius determined from an
SPLIT: energy shift=  0.000140 Ry
Split based on tail norm

   izeta = 1
                 lambda =    1.000000
                     rc =    4.873342
                 energy =   -1.390864
                kinetic =   12.335179
    potential(screened) =  -13.726043
       potential(ionic) =  -32.471836

SPLIT: Basis orbitals for state 4d
SPLIT: Non-perturbative polarization orbs for state 4p
SPLIT: rc(1st zeta) (re)set to: 12.9495 (expansion factor: 1.0000)
Split based on tail norm

   izeta = 1
                 lambda =    1.000000
                     rc =   12.949509
                 energy =    0.135451
                kinetic =    0.341434
    potential(screened) =   -0.205982
       potential(ionic) =   -4.584821
atom: Total number of Sankey-type orbitals: 22

atm_pop: Valence configuration (for local Pseudopot. screening):
 4s( 2.00)                                                            
 4p( 1.00)                                                            
 3d(10.00) 4d( 0.00)                                                  
Vna: chval, zval:   13.00000  13.00000

Vna:  Cut-off radius for the neutral-atom potential:  12.949509
comcore: Pseudo-core radius Rcore=  2.359857

atom: _________________________________________________________________________

<basis_specs>
===============================================================================
Ni                   Z=  28    Mass=  58.693        Charge= 0.17977+309
Lmxo=2 Lmxkb= 2    BasisType=split      Semic=T
L=0  Nsemic=1  Cnfigmx=4
          i=1  nzeta=1  polorb=0  (3s)  (semicore shell)
            splnorm:   0.15000    
               vcte:    50.000    
               rinn:  -0.70000    
               qcoe:    0.0000    
               qyuk:    0.0000    
               qwid:   0.10000E-01
                rcs:    0.0000    
            lambdas:    1.0000    
          i=2  nzeta=3  polorb=0  (4s)  (to be polarized non-perturbatively)
            splnorm:   0.15000    
               vcte:    50.000    
               rinn:  -0.70000    
               qcoe:    0.0000    
               qyuk:    0.0000    
               qwid:   0.10000E-01
                rcs:    0.0000      0.0000      0.0000    
            lambdas:    1.0000      1.0000      1.0000    
L=1  Nsemic=1  Cnfigmx=4
          i=1  nzeta=1  polorb=0  (3p)  (semicore shell)
            splnorm:   0.15000    
               vcte:    50.000    
               rinn:  -0.70000    
               qcoe:    0.0000    
               qyuk:    0.0000    
               qwid:   0.10000E-01
                rcs:    0.0000    
            lambdas:    1.0000    
          i=2  nzeta=1  polorb=0  (4p)  (non-perturbative polarization shell)
            splnorm:   0.15000    
               vcte:    50.000    
               rinn:  -0.70000    
               qcoe:   0.32653-315
               qyuk:    0.0000    
               qwid:   0.69526-309
                rcs:    0.0000    
            lambdas:    1.0000    
L=2  Nsemic=0  Cnfigmx=3
          i=1  nzeta=3  polorb=0  (3d)
            splnorm:   0.15000    
               vcte:    50.000    
               rinn:  -0.70000    
               qcoe:    0.0000    
               qyuk:    0.0000    
               qwid:   0.10000E-01
                rcs:    0.0000      0.0000      0.0000    
            lambdas:    1.0000      1.0000      1.0000    
-------------------------------------------------------------------------------
L=0  Nkbl=2  erefs: 0.17977+309 0.17977+309
L=1  Nkbl=2  erefs: 0.17977+309 0.17977+309
L=2  Nkbl=1  erefs: 0.17977+309
===============================================================================
</basis_specs>

Using PAO.SplitTailNorm
atom: Called for Ni                    (Z =  28)
Maximum radius (at nrval) set to   50.00000 8518

read_vps: Pseudopotential generation method:
read_vps: ONCVPSP-3.Hamann's oncvpsp                        
Valence charge in pseudo generation:   18.00000

read_vps: Pseudopotential includes a core correction:
read_vps: Pseudo-core for xc-correction

xc_check: Exchange-correlation functional:
xc_check: GGA PBEsol
xc_check: WARNING: Pseudopotential generated with GGA PBE functional
Got Vlocal (oncv-fit) from psml data
Choosing vlocal chloc cutoff:  3.188973
qtot up to nchloc:   17.99992641
atom: Maximum radius for chlocal:    3.18897
atom: Maximum radius for r*vlocal+2*Zval:    3.18897
Reading KB projs from Ni psml data
Using scalar-relativistic projectors in PSML file

PSML: Kleinman-Bylander projectors: 
   l= 0   rc=  1.276377   Ekb= 12.509070
   l= 0   rc=  1.276377   Ekb= -0.503495
   l= 1   rc=  1.371030   Ekb= -5.680418
   l= 1   rc=  1.371030   Ekb= -0.775211
   l= 2   rc=  1.680171   Ekb=-14.446879
   l= 2   rc=  1.680171   Ekb= -5.088878

PSML: Total number of  Kleinman-Bylander projectors:  18
atom: -------------------------------------------------------------------------

atom: SANKEY-TYPE ORBITALS:
atom: Selected multiple-zeta basis: split     

SPLIT: Orbitals with angular momentum L= 0

SPLIT: Basis orbitals for state 3s

SPLIT: PAO cut-off radius determined from an
SPLIT: energy shift=  0.000140 Ry
Split based on tail norm

   izeta = 1
                 lambda =    1.000000
                     rc =    2.999668
                 energy =   -8.139209
                kinetic =    3.776111
    potential(screened) =  -11.915319
       potential(ionic) =  -45.801861

SPLIT: Basis orbitals for state 4s

SPLIT: PAO cut-off radius determined from an
SPLIT: energy shift=  0.000140 Ry
Split based on tail norm

   izeta = 1
                 lambda =    1.000000
                     rc =    9.316220
                 energy =   -0.512978
                kinetic =    1.389681
    potential(screened) =   -1.902658
       potential(ionic) =  -17.770111

   izeta = 2
                 rmatch =    4.957068
              splitnorm =    0.150000
                 energy =   -0.410487
                kinetic =    2.329090
    potential(screened) =   -2.739576
       potential(ionic) =  -21.501560

   izeta = 3
                 rmatch =    5.824741
              splitnorm =    0.075000
                 energy =   -0.473172
                kinetic =    1.899833
    potential(screened) =   -2.373005
       potential(ionic) =  -19.995099

SPLIT: Orbitals with angular momentum L= 1

SPLIT: Basis orbitals for state 3p

SPLIT: PAO cut-off radius determined from an
SPLIT: energy shift=  0.000140 Ry
Split based on tail norm

   izeta = 1
                 lambda =    1.000000
                     rc =    3.414070
                 energy =   -5.225411
                kinetic =    9.244220
    potential(screened) =  -14.469631
       potential(ionic) =  -47.296381

SPLIT: Basis orbitals for state 4p
SPLIT: Non-perturbative polarization orbs for state 4s
SPLIT: rc(1st zeta) (re)set to: 9.3162 (expansion factor: 1.0000)
Split based on tail norm

   izeta = 1
                 lambda =    1.000000
                     rc =    9.316220
                 energy =   -0.065208
                kinetic =    0.825147
    potential(screened) =   -0.890355
       potential(ionic) =  -12.014212

SPLIT: Orbitals with angular momentum L= 2

SPLIT: Basis orbitals for state 3d

SPLIT: PAO cut-off radius determined from an
SPLIT: energy shift=  0.000140 Ry
Split based on tail norm

   izeta = 1
                 lambda =    1.000000
                     rc =    6.323353
                 energy =   -0.639566
                kinetic =   11.441999
    potential(screened) =  -12.081565
       potential(ionic) =  -40.678115

   izeta = 2
                 rmatch =    2.624859
              splitnorm =    0.150000
                 energy =   -0.513226
                kinetic =   13.528651
    potential(screened) =  -14.041878
       potential(ionic) =  -44.582092

   izeta = 3
                 rmatch =    3.356353
              splitnorm =    0.075000
                 energy =   -0.605538
                kinetic =   12.372939
    potential(screened) =  -12.978477
       potential(ionic) =  -42.595740
atom: Total number of Sankey-type orbitals: 25

atm_pop: Valence configuration (for local Pseudopot. screening):
 3s( 2.00) 4s( 2.00)                                                  
 3p( 6.00) 4p( 0.00)                                                  
 3d( 8.00)                                                            
Vna: chval, zval:   18.00000  18.00000

Vna:  Cut-off radius for the neutral-atom potential:   9.316220
comcore: Pseudo-core radius Rcore=  1.817282

atom: _________________________________________________________________________

prinput: Basis input 

PAO.BasisType split     

%block ChemicalSpeciesLabel
    1   31 Ga                      # Species index, atomic number, species label
    2   28 Ni                      # Species index, atomic number, species label
%endblock ChemicalSpeciesLabel

%block PAO.Basis                 # Define Basis set
# WARNING: This information might be incomplete!
Ga                    4                    # Species label, number of l-shells
 n=4   0   3                         # n, l, Nzeta 
   8.573      4.548      5.339   
   1.000      1.000      1.000   
 n=4   1   3                         # n, l, Nzeta 
  12.950      6.968      8.212   
   1.000      1.000      1.000   
 n=3   2   1                         # n, l, Nzeta 
   4.873   
   1.000   
 n=4   2   1                         # n, l, Nzeta 
  12.950   
   1.000   
Ni                    5                    # Species label, number of l-shells
 n=3   0   1                         # n, l, Nzeta 
   3.000   
   1.000   
 n=4   0   3                         # n, l, Nzeta 
   9.316      4.957      5.825   
   1.000      1.000      1.000   
 n=3   1   1                         # n, l, Nzeta 
   3.414   
   1.000   
 n=4   1   1                         # n, l, Nzeta 
   9.316   
   1.000   
 n=3   2   3                         # n, l, Nzeta 
   6.323      2.625      3.356   
   1.000      1.000      1.000   
%endblock PAO.Basis

prinput: ----------------------------------------------------------------------

coor:   Atomic-coordinates input format  =     Fractional

siesta: Atomic coordinates (Bohr) and species
siesta:      2.35178   2.35178   3.32592  1        1
siesta:      7.05534   2.35178   3.32592  1        2
siesta:      0.00000   0.00000   0.00000  2        3
siesta:      4.70356   0.00000   0.00000  2        4
siesta:      0.00000   4.70356   0.00000  2        5
siesta:      4.70356   4.70356   0.00000  2        6
siesta:      2.35178   7.05534   3.32592  2        7
siesta:      7.05534   7.05534   3.32592  2        8

siesta: System type = bulk      

initatomlists: Number of atoms, orbitals, and projectors:      8   194   144

coxmol: Writing XMOL coordinates into file hea.xyz                                                                                                                                                                                                                             

siesta: ******************** Simulation parameters ****************************
siesta:
siesta: The following are some of the parameters of the simulation.
siesta: A complete list of the parameters used, including default values,
siesta: can be found in file out.fdf
siesta:
redata: Spin configuration                          = collinear
redata: Number of spin components                   = 2
redata: Time-Reversal Symmetry                      = T
redata: Spin spiral                                 = F
redata: Long output                                 =   F
redata: Number of Atomic Species                    =        2
redata: Charge density info will appear in .RHO file
redata: Write Mulliken charges (when)               = end
redata: Write Mulliken Pop.                         = Atomic and Orbital charges
redata: Write Hirshfeld charges (when)              = none
redata: Write Voronoi charges (when)                = none
redata: Write spin charge (when)                    = scf
redata: Matel table size (NRTAB)                    =     1024
redata: Mesh Cutoff                                 =   300.0000 Ry
redata: Net charge of the system                    =     0.0000 |e|
redata: Min. number of SCF Iter                     =        0
redata: Max. number of SCF Iter                     =    20000
redata: SCF convergence failure will abort job
redata: SCF mix quantity                            = Hamiltonian
redata: Mix DM or H after convergence               =   F
redata: Recompute H after scf cycle                 =   F
redata: Mix DM in first SCF step                    =   T
redata: Write Pulay info on disk                    =   F
redata: New DM Occupancy tolerance                  = 0.000000000001
redata: No kicks to SCF
redata: DM Mixing Weight for Kicks                  =     0.5000
redata: Require Harris convergence for SCF          =   F
redata: Harris energy tolerance for SCF             =     0.000100 eV
redata: Require DM convergence for SCF              =   T
redata: DM tolerance for SCF                        =     0.000500
redata: Require EDM convergence for SCF             =   F
redata: EDM tolerance for SCF                       =     0.001000 eV
redata: Require H convergence for SCF               =   F
redata: Hamiltonian tolerance for SCF               =     0.005000 eV
redata: Require (free) Energy convergence for SCF   =   F
redata: (free) Energy tolerance for SCF             =     0.000100 eV
redata: Antiferro initial spin density              =   T
redata: Using DFT-D3 dispersion                     =   F
redata: Using Saved Data (generic)                  =   F
redata: Use continuation files for DM               =   F
redata: Neglect nonoverlap interactions             =   F
redata: Method of Calculation                       = Diagonalization
redata: Electronic Temperature                      =   300.0000 K
redata: Fix the spin of the system                  =   F
redata: Max. number of TDED Iter                    =        1
redata: Number of TDED substeps                     =        3
redata: Dynamics option                             = CG coord. optimization
redata: Variable cell                               =   T
redata: Use continuation files for CG               =   F
redata: Max atomic displ per move                   =     0.1058 Ang
redata: Maximum number of optimization moves        =      500
redata: Force tolerance                             =     0.0500 eV/Ang
redata: Stress tolerance                            =     1.0000 GPa
mix.SCF: Broyden mixing                          = Broyden
mix.SCF:    History steps                        = 8
mix.SCF:    Linear mixing weight                 =     0.070000
mix.SCF:    Inverse Jacobian weight              =     0.070000
mix.SCF:    Weight prime                         =     0.070000
mix.SCF:    SVD condition                        = 0.1000E-07
mix.SCF: Spin-component mixing                   all
redata: ***********************************************************************

%block SCF.Mixers
  Broyden
%endblock SCF.Mixers

%block SCF.Mixer.Broyden
  # Mixing method
  method broyden

  # Mixing options
  weight 0.0700
  weight.linear 0.0700
  weight.prime 0.0700
  history 8
%endblock SCF.Mixer.Broyden

DM_history_depth set to one: no extrapolation allowed by default for geometry relaxation
Size of DM history Fstack: 1
Total number of electrons:   134.000000
Total ionic charge:   134.000000

* ProcessorY, Blocksize:    6   5


* Orbital distribution balance (max,min):    10     5

k-point displ. along   3 input, could be:     0.00    0.50
 Kpoints in:           24 . Kpoints trimmed:           20

siesta: k-grid: Number of k-points = 20
siesta: k-points from Monkhorst-Pack grid
siesta: k-cutoff (effective) =     7.040 Ang
siesta: k-point supercell and displacements
siesta: k-grid:     3     0     0      0.000
siesta: k-grid:     0     3     0      0.000
siesta: k-grid:     0     0     4      0.000
k-point displ. along   3 input, could be:     0.00    0.50
 Kpoints in:           24 . Kpoints trimmed:           20

siesta: PDOS k-grid: Number of k-points = 20
siesta: PDOS k-points from Monkhorst-Pack grid
siesta: PDOS k-cutoff (effective) =     0.000 Ang
siesta: PDOS k-point supercell and displacements
siesta: k-grid:     3     0     0      0.000
siesta: k-grid:     0     3     0      0.000
siesta: k-grid:     0     0     4      0.000

diag: Algorithm                                     = D&C
diag: Parallel over k                               =   F
diag: Use parallel 2D distribution                  =   T
diag: Parallel block-size                           = 5
diag: Parallel distribution                         =     6 x     6
diag: Used triangular part                          = Lower
diag: Absolute tolerance                            =  0.100E-15
diag: Orthogonalization factor                      =  0.100E-05
diag: Memory factor                                 =  1.0000
diag: The diagonalization method chosen cannot compute a reduced number of eigenvectors.
diag: Resetting neigwanted 89 to 194

superc: Internal auxiliary supercell:     7 x     7 x     9  =     441
superc: Number of atoms, orbitals, and projectors:   3528  85554  63504


ts: **************************************************************
ts: Save H and S matrices                           =    F
ts: Save DM and EDM matrices                        =    F
ts: Only save the overlap matrix S                  =    F
ts: **************************************************************

************************ Begin: TS CHECKS AND WARNINGS ************************
************************ End: TS CHECKS AND WARNINGS **************************


                     ====================================
                        Begin CG opt. move =      0
                     ====================================

superc: Internal auxiliary supercell:     7 x     7 x     9  =     441
superc: Number of atoms, orbitals, and projectors:   3528  85554  63504

outcell: Unit cell vectors (Ang):
        4.978032    0.000000    0.000000
        0.000000    4.978032    0.000000
        0.000000    0.000000    3.520000

outcell: Cell vector modules (Ang)   :    4.978032    4.978032    3.520000
outcell: Cell angles (23,13,12) (deg):     90.0000     90.0000     90.0000
outcell: Cell volume (Ang**3)        :     87.2284
<dSpData1D:S at geom step 0
  <sparsity:sparsity for geom step 0
    nrows_g=194 nrows=10 sparsity=1.4727 nnzs=55425, refcount: 7>
  <dData1D:(new from dSpData1D) n=55425, refcount: 1>
refcount: 1>
new_DM -- step:     1
Initializing Density Matrix...
DM filled with atomic data:
<dSpData2D:DM initialized from atoms
  <sparsity:sparsity for geom step 0
    nrows_g=194 nrows=10 sparsity=1.4727 nnzs=55425, refcount: 8>
  <dData2D:DM n=55425 m=2, refcount: 1>
refcount: 1>
No. of atoms with KB's overlaping orbs in proc 0. Max # of overlaps:     185    1072

InitMesh: MESH = 54 x 54 x 40 = 116640
InitMesh: Mesh cutoff (required, used) =   300.000   325.218 Ry
New grid distribution [1]: sub = 2
New grid distribution [2]: sub = 2
New grid distribution [3]: sub = 2
Setting up quadratic distribution...

stepf: Fermi-Dirac step function

siesta: Program's energy decomposition (eV):
siesta: Ebs     =     -5122.174331
siesta: Eions   =     39231.782261
siesta: Ena     =      2348.441838
siesta: Ekin    =     16064.589560
siesta: Enl     =     -6291.412286
siesta: Eso     =         0.000000
siesta: Edftu   =         0.000000
siesta: DEna    =       164.033570
siesta: DUscf   =         5.016904
siesta: DUext   =         0.000000
siesta: Ex      =     -4304.565148
siesta: Ec      =      -261.964213
siesta: Exc     =     -4566.529360
siesta: EbV     =         0.000000
siesta: eta*DQ  =         0.000000
siesta: Emadel  =         0.000000
siesta: Emeta   =         0.000000
siesta: Emolmec =         0.000000
siesta: Ekinion =         0.000000
siesta: Eharris =    -31445.826234
siesta: Etot    =    -31507.642035
siesta: FreeEng =    -31507.674148

        iscf     Eharris(eV)        E_KS(eV)     FreeEng(eV)     dDmax    Ef(eV) dHmax(eV)
   scf:    1   -31445.826234   -31507.642035   -31507.674148 13.608316 -5.804963  8.553061
     spin moment: {S} , |S| = {        0.0        0.0    0.00000 }     0.00000
timer: Routine,Calls,Time,% = IterSCF        1       3.183  13.60
   scf:    2   -31510.274735   -31509.821009   -31509.854684  0.537249 -6.048450  3.994578
     spin moment: {S} , |S| = {        0.0        0.0    0.00000 }     0.00000
   scf:    3   -31511.162859   -31510.585732   -31510.617710  0.354475 -6.179972  2.413916
     spin moment: {S} , |S| = {        0.0        0.0    0.00000 }     0.00000
   scf:    4   -31511.647793   -31511.240627   -31511.271106  0.595847 -6.431409  1.799682
     spin moment: {S} , |S| = {        0.0        0.0    0.00000 }     0.00000
   scf:    5   -31512.177025   -31511.733576   -31511.759409  0.603466 -6.610584  1.263426
     spin moment: {S} , |S| = {        0.0        0.0    0.00000 }     0.00000
   scf:    6   -31511.829912   -31511.787876   -31511.814089  0.022744 -6.601573  0.714749
     spin moment: {S} , |S| = {        0.0        0.0    0.00000 }     0.00000
   scf:    7   -31512.293131   -31512.048299   -31512.069576  0.411269 -6.647991  1.418420
     spin moment: {S} , |S| = {        0.0        0.0    0.00000 }     0.00000
   scf:    8   -31512.137175   -31512.179431   -31512.194551  0.116025 -6.664366  0.662517
     spin moment: {S} , |S| = {        0.0        0.0   -0.00000 }    -0.00000
   scf:    9   -31512.251307   -31512.219095   -31512.233093  0.037980 -6.661214  0.198138
     spin moment: {S} , |S| = {        0.0        0.0    0.00000 }     0.00000
   scf:   10   -31512.262873   -31512.240277   -31512.253200  0.072418 -6.660488  0.212586
     spin moment: {S} , |S| = {        0.0        0.0    0.00000 }     0.00000
   scf:   11   -31512.220143   -31512.237816   -31512.249488  0.060693 -6.680005  0.453337
     spin moment: {S} , |S| = {        0.0        0.0    0.00000 }     0.00000
   scf:   12   -31512.248280   -31512.245239   -31512.257610  0.039189 -6.667190  0.100221
     spin moment: {S} , |S| = {        0.0        0.0    0.00000 }     0.00000
   scf:   13   -31512.247231   -31512.246221   -31512.258871  0.029462 -6.661551  0.047711
     spin moment: {S} , |S| = {        0.0        0.0   -0.00000 }    -0.00000
   scf:   14   -31512.244815   -31512.246069   -31512.258307  0.010386 -6.665835  0.121388
     spin moment: {S} , |S| = {        0.0        0.0   -0.00000 }    -0.00000
   scf:   15   -31512.246801   -31512.246614   -31512.258970  0.010526 -6.662870  0.028448
     spin moment: {S} , |S| = {        0.0        0.0   -0.00000 }    -0.00000
   scf:   16   -31512.246537   -31512.246593   -31512.259014  0.001249 -6.662511  0.001986
     spin moment: {S} , |S| = {        0.0        0.0   -0.00000 }    -0.00000
   scf:   17   -31512.246589   -31512.246591   -31512.259014  0.000140 -6.662542  0.001687
     spin moment: {S} , |S| = {        0.0        0.0   -0.00000 }    -0.00000

SCF Convergence by DM criterion
max |DM_out - DM_in|         :     0.0001398265
max |H_out - H_in|      (eV) :     0.0016870278
SCF cycle converged after 17 iterations

Using DM_out to compute the final energy and forces
No. of atoms with KB's overlaping orbs in proc 0. Max # of overlaps:     185    1072

siesta: E_KS(eV) =           -31512.2466

siesta: E_KS - E_eggbox =    -31512.2466

siesta: Atomic forces (eV/Ang):
     1    0.000008   -0.000000    0.000000
     2    0.000008   -0.000000    0.000000
     3   -0.000027   -0.403872   -0.000000
     4   -0.000027   -0.403872   -0.000000
     5   -0.000027    0.403872   -0.000000
     6   -0.000027    0.403872   -0.000000
     7    0.000046    0.000000   -0.000000
     8    0.000046    0.000000    0.000000
----------------------------------------
   Tot    0.000000    0.000000    0.000000
----------------------------------------
   Max    0.403872
   Res    0.164880    sqrt( Sum f_i^2 / 3N )
----------------------------------------
   Max    0.403872    constrained

Stress tensor Voigt[x,y,z,yz,xz,xy] (kbar):      -80.66      -26.68        8.02       -0.00       -0.00       -0.00
(Free)E + p*V (eV/cell)   -31510.4565
Target enthalpy (eV/cell)   -31512.2590

siesta: Stress tensor (static) (eV/Ang**3):
        -0.050346   -0.000000    0.000000
        -0.000000   -0.016654   -0.000000
        -0.000000   -0.000000    0.005006

siesta: Pressure (static):         33.10807753  kBar

siesta: Stress tensor (total) (eV/Ang**3):
        -0.050346   -0.000000    0.000000
        -0.000000   -0.016654   -0.000000
        -0.000000   -0.000000    0.005006

siesta: Pressure (total):         33.10807753  kBar

cgvc: No target stress found, assuming hydrostatic MD.TargetPressure.

cgvc: Target stress (kBar)
cgvc:        -0.000       0.000       0.000
cgvc:         0.000      -0.000       0.000
cgvc:         0.000       0.000      -0.000

                     ====================================
                        Begin CG opt. move =      1
                     ====================================
k-point displ. along   3 input, could be:     0.00    0.50
 Kpoints in:           24 . Kpoints trimmed:           20

siesta: k-grid: Number of k-points = 20
siesta: k-points from Monkhorst-Pack grid
siesta: k-cutoff (effective) =     7.029 Ang
siesta: k-point supercell and displacements
siesta: k-grid:     3     0     0      0.000
siesta: k-grid:     0     3     0      0.000
siesta: k-grid:     0     0     4      0.000

superc: Internal auxiliary supercell:     7 x     7 x     9  =     441
superc: Number of atoms, orbitals, and projectors:   3528  85554  63504

outcell: Unit cell vectors (Ang):
        5.053199    0.000000    0.000000
        0.000000    5.002896    0.000000
        0.000000    0.000000    3.514715

outcell: Cell vector modules (Ang)   :    5.053199    5.002896    3.514715
outcell: Cell angles (23,13,12) (deg):     90.0000     90.0000     90.0000
outcell: Cell volume (Ang**3)        :     88.8542
<dSpData1D:S at geom step 1
  <sparsity:sparsity for geom step 1
    nrows_g=194 nrows=10 sparsity=1.4139 nnzs=53213, refcount: 7>
  <dData1D:(new from dSpData1D) n=53213, refcount: 1>
refcount: 1>
new_DM -- step:     2
Re-using DM from previous geometries...
Number of DMs in history: 1
 DM extrapolation coefficients: 
1   1.00000
New DM after history re-use:
<dSpData2D:SpM extrapolated using coords
  <sparsity:sparsity for geom step 1
    nrows_g=194 nrows=10 sparsity=1.4139 nnzs=53213, refcount: 9>
  <dData2D:(temp array for extrapolation) n=53213 m=2, refcount: 1>
refcount: 1>
No. of atoms with KB's overlaping orbs in proc 0. Max # of overlaps:     177     968

InitMesh: MESH = 54 x 54 x 40 = 116640
InitMesh: Mesh cutoff (required, used) =   300.000   315.614 Ry
New grid distribution [1]: sub = 2
New grid distribution [2]: sub = 2
New grid distribution [3]: sub = 2
Setting up quadratic distribution...

        iscf     Eharris(eV)        E_KS(eV)     FreeEng(eV)     dDmax    Ef(eV) dHmax(eV)
   scf:    1   -31512.411606   -31512.271529   -31512.283698  0.978133 -6.606086  0.544401
     spin moment: {S} , |S| = {        0.0        0.0    0.00000 }     0.00000
   scf:    2   -31495.575544   -31506.860246   -31506.878491  0.365805 -6.574710  9.187163
     spin moment: {S} , |S| = {        0.0        0.0   -0.00000 }    -0.00000
   scf:    3   -31512.530953   -31512.305322   -31512.318850  0.318249 -6.623928  0.161561
     spin moment: {S} , |S| = {        0.0        0.0    0.00000 }     0.00000
   scf:    4   -31512.312522   -31512.310541   -31512.324667  0.044021 -6.640500  0.109178
     spin moment: {S} , |S| = {        0.0        0.0   -0.00000 }    -0.00000
   scf:    5   -31512.308327   -31512.311549   -31512.325029  0.022254 -6.645627  0.189786
     spin moment: {S} , |S| = {        0.0        0.0    0.00000 }     0.00000
   scf:    6   -31512.306774   -31512.311551   -31512.325816  0.008542 -6.641692  0.130752
     spin moment: {S} , |S| = {        0.0        0.0   -0.00000 }    -0.00000
   scf:    7   -31512.313426   -31512.312736   -31512.326708  0.005999 -6.639834  0.047157
     spin moment: {S} , |S| = {        0.0        0.0   -0.00000 }    -0.00000
   scf:    8   -31512.313029   -31512.312918   -31512.326817  0.003708 -6.641418  0.007247
     spin moment: {S} , |S| = {        0.0        0.0   -0.00000 }    -0.00000
   scf:    9   -31512.312948   -31512.312933   -31512.326819  0.000198 -6.641410  0.003259
     spin moment: {S} , |S| = {        0.0        0.0   -0.00000 }    -0.00000

SCF Convergence by DM criterion
max |DM_out - DM_in|         :     0.0001975884
max |H_out - H_in|      (eV) :     0.0032586350
SCF cycle converged after 9 iterations

Using DM_out to compute the final energy and forces
No. of atoms with KB's overlaping orbs in proc 0. Max # of overlaps:     177     968

siesta: E_KS(eV) =           -31512.3129

siesta: Atomic forces (eV/Ang):
     1   -0.000007    0.000000   -0.000000
     2   -0.000008    0.000000    0.000000
     3    0.000029    0.096670    0.000000
     4    0.000030    0.096668    0.000000
     5    0.000029   -0.096670    0.000000
     6    0.000030   -0.096668   -0.000000
     7   -0.000048    0.000000    0.000000
     8   -0.000047   -0.000000   -0.000000
----------------------------------------
   Tot    0.000007    0.000000   -0.000000
----------------------------------------
   Max    0.096670
   Res    0.039465    sqrt( Sum f_i^2 / 3N )
----------------------------------------
   Max    0.096670    constrained

Stress tensor Voigt[x,y,z,yz,xz,xy] (kbar):      -27.60       -3.60       32.70        0.00        0.00       -0.00
(Free)E + p*V (eV/cell)   -31512.3547
Target enthalpy (eV/cell)   -31512.3268

siesta: Stress tensor (static) (eV/Ang**3):
        -0.017223   -0.000000    0.000000
        -0.000000   -0.002245    0.000000
         0.000000    0.000000    0.020409

siesta: Pressure (static):         -0.50244151  kBar

siesta: Stress tensor (total) (eV/Ang**3):
        -0.017223   -0.000000    0.000000
        -0.000000   -0.002245    0.000000
         0.000000    0.000000    0.020409

siesta: Pressure (total):         -0.50244151  kBar

                     ====================================
                        Begin CG opt. move =      2
                     ====================================
k-point displ. along   3 input, could be:     0.00    0.50
 Kpoints in:           24 . Kpoints trimmed:           20

siesta: k-grid: Number of k-points = 20
siesta: k-points from Monkhorst-Pack grid
siesta: k-cutoff (effective) =     7.015 Ang
siesta: k-point supercell and displacements
siesta: k-grid:     3     0     0      0.000
siesta: k-grid:     0     3     0      0.000
siesta: k-grid:     0     0     4      0.000

superc: Internal auxiliary supercell:     7 x     7 x     9  =     441
superc: Number of atoms, orbitals, and projectors:   3528  85554  63504

outcell: Unit cell vectors (Ang):
        5.158570    0.000000    0.000000
        0.000000    5.037752    0.000000
        0.000000    0.000000    3.507306

outcell: Cell vector modules (Ang)   :    5.158570    5.037752    3.507306
outcell: Cell angles (23,13,12) (deg):     90.0000     90.0000     90.0000
outcell: Cell volume (Ang**3)        :     91.1464
<dSpData1D:S at geom step 2
  <sparsity:sparsity for geom step 2
    nrows_g=194 nrows=10 sparsity=1.4147 nnzs=53245, refcount: 7>
  <dData1D:(new from dSpData1D) n=53245, refcount: 1>
refcount: 1>
new_DM -- step:     3
Re-using DM from previous geometries...
Number of DMs in history: 1
 DM extrapolation coefficients: 
1   1.00000
New DM after history re-use:
<dSpData2D:SpM extrapolated using coords
  <sparsity:sparsity for geom step 2
    nrows_g=194 nrows=10 sparsity=1.4147 nnzs=53245, refcount: 9>
  <dData2D:(temp array for extrapolation) n=53245 m=2, refcount: 1>
refcount: 1>
No. of atoms with KB's overlaping orbs in proc 0. Max # of overlaps:     177     968

InitMesh: MESH = 54 x 54 x 40 = 116640
InitMesh: Mesh cutoff (required, used) =   300.000   302.852 Ry
New grid distribution [1]: sub = 2
New grid distribution [2]: sub = 2
New grid distribution [3]: sub = 2
Setting up quadratic distribution...

        iscf     Eharris(eV)        E_KS(eV)     FreeEng(eV)     dDmax    Ef(eV) dHmax(eV)
   scf:    1   -31511.975182   -31512.109962   -31512.126101  1.219421 -6.537001  0.932612
     spin moment: {S} , |S| = {        0.0        0.0    0.00000 }     0.00000
   scf:    2   -31458.063753   -31494.474361   -31494.503048  0.637255 -6.285695 17.786373
     spin moment: {S} , |S| = {        0.0        0.0   -0.00000 }    -0.00000
   scf:    3   -31512.965984   -31512.186902   -31512.204660  0.595399 -6.548282  0.183385
     spin moment: {S} , |S| = {        0.0        0.0    0.00000 }     0.00000
   scf:    4   -31512.200173   -31512.198053   -31512.216208  0.065433 -6.559611  0.220745
     spin moment: {S} , |S| = {        0.0        0.0   -0.00000 }    -0.00000
   scf:    5   -31512.204109   -31512.202452   -31512.220118  0.026635 -6.564272  0.067869
     spin moment: {S} , |S| = {        0.0        0.0    0.00000 }     0.00000
   scf:    6   -31512.201801   -31512.202311   -31512.220007  0.006980 -6.565694  0.070037
     spin moment: {S} , |S| = {        0.0        0.0   -0.00000 }    -0.00000
   scf:    7   -31512.202732   -31512.202943   -31512.220298  0.009080 -6.565426  0.054932
     spin moment: {S} , |S| = {        0.0        0.0    0.00000 }     0.00000
   scf:    8   -31512.203017   -31512.203005   -31512.220412  0.002053 -6.564285  0.019302
     spin moment: {S} , |S| = {        0.0        0.0    0.00000 }     0.00000
   scf:    9   -31512.202857   -31512.202955   -31512.220422  0.001071 -6.563788  0.013614
     spin moment: {S} , |S| = {        0.0        0.0   -0.00000 }    -0.00000
   scf:   10   -31512.203015   -31512.202989   -31512.220431  0.000467 -6.563960  0.001261
     spin moment: {S} , |S| = {        0.0        0.0    0.00000 }     0.00000

SCF Convergence by DM criterion
max |DM_out - DM_in|         :     0.0004670278
max |H_out - H_in|      (eV) :     0.0012608901
SCF cycle converged after 10 iterations

Using DM_out to compute the final energy and forces
No. of atoms with KB's overlaping orbs in proc 0. Max # of overlaps:     177     968

siesta: E_KS(eV) =           -31512.2030

siesta: Atomic forces (eV/Ang):
     1   -0.000022   -0.000000   -0.000000
     2   -0.000025    0.000000   -0.000000
     3    0.000080    0.897521    0.000000
     4    0.000078    0.897518    0.000000
     5    0.000080   -0.897521    0.000000
     6    0.000078   -0.897518    0.000000
     7   -0.000131    0.000000   -0.000000
     8   -0.000133   -0.000000    0.000000
----------------------------------------
   Tot    0.000004    0.000000    0.000000
----------------------------------------
   Max    0.897521
   Res    0.366411    sqrt( Sum f_i^2 / 3N )
----------------------------------------
   Max    0.897521    constrained

Stress tensor Voigt[x,y,z,yz,xz,xy] (kbar):       46.19       14.51       66.01       -0.00        0.00       -0.00
(Free)E + p*V (eV/cell)   -31514.6232
Target enthalpy (eV/cell)   -31512.2204

siesta: Stress tensor (static) (eV/Ang**3):
         0.028832   -0.000000    0.000000
        -0.000000    0.009056   -0.000000
         0.000000   -0.000000    0.041198

siesta: Pressure (static):        -42.23631159  kBar

siesta: Stress tensor (total) (eV/Ang**3):
         0.028832   -0.000000    0.000000
        -0.000000    0.009056   -0.000000
         0.000000   -0.000000    0.041198

siesta: Pressure (total):        -42.23631159  kBar

                     ====================================
                        Begin CG opt. move =      3
                     ====================================
k-point displ. along   3 input, could be:     0.00    0.50
 Kpoints in:           24 . Kpoints trimmed:           20

siesta: k-grid: Number of k-points = 20
siesta: k-points from Monkhorst-Pack grid
siesta: k-cutoff (effective) =     7.028 Ang
siesta: k-point supercell and displacements
siesta: k-grid:     3     0     0      0.000
siesta: k-grid:     0     3     0      0.000
siesta: k-grid:     0     0     4      0.000

superc: Internal auxiliary supercell:     7 x     7 x     9  =     441
superc: Number of atoms, orbitals, and projectors:   3528  85554  63504

outcell: Unit cell vectors (Ang):
        5.061110    0.000000    0.000000
        0.000000    5.005513    0.000000
        0.000000    0.000000    3.514158

outcell: Cell vector modules (Ang)   :    5.061110    5.005513    3.514158
outcell: Cell angles (23,13,12) (deg):     90.0000     90.0000     90.0000
outcell: Cell volume (Ang**3)        :     89.0258
<dSpData1D:S at geom step 3
  <sparsity:sparsity for geom step 3
    nrows_g=194 nrows=10 sparsity=1.4134 nnzs=53193, refcount: 7>
  <dData1D:(new from dSpData1D) n=53193, refcount: 1>
refcount: 1>
new_DM -- step:     4
Re-using DM from previous geometries...
Number of DMs in history: 1
 DM extrapolation coefficients: 
1   1.00000
New DM after history re-use:
<dSpData2D:SpM extrapolated using coords
  <sparsity:sparsity for geom step 3
    nrows_g=194 nrows=10 sparsity=1.4134 nnzs=53193, refcount: 9>
  <dData2D:(temp array for extrapolation) n=53193 m=2, refcount: 1>
refcount: 1>
No. of atoms with KB's overlaping orbs in proc 0. Max # of overlaps:     177     968

InitMesh: MESH = 54 x 54 x 40 = 116640
InitMesh: Mesh cutoff (required, used) =   300.000   314.628 Ry
New grid distribution [1]: sub = 2
New grid distribution [2]: sub = 2
New grid distribution [3]: sub = 2
Setting up quadratic distribution...

        iscf     Eharris(eV)        E_KS(eV)     FreeEng(eV)     dDmax    Ef(eV) dHmax(eV)
   scf:    1   -31511.152646   -31512.140740   -31512.158195  1.124118 -6.637826  1.505422
     spin moment: {S} , |S| = {        0.0        0.0   -0.00000 }    -0.00000
   scf:    2   -31460.304357   -31495.494223   -31495.512922  0.726133 -6.539745 17.419171
     spin moment: {S} , |S| = {        0.0        0.0    0.00000 }     0.00000
   scf:    3   -31514.806594   -31512.273910   -31512.286059  0.682865 -6.649231  0.824461
     spin moment: {S} , |S| = {        0.0        0.0   -0.00000 }    -0.00000
   scf:    4   -31511.776951   -31512.163999   -31512.181565  0.048168 -6.633173  1.510058
     spin moment: {S} , |S| = {        0.0        0.0    0.00000 }     0.00000
   scf:    5   -31512.192519   -31512.298078   -31512.310544  0.089542 -6.639255  0.563611
     spin moment: {S} , |S| = {        0.0        0.0   -0.00000 }    -0.00000
   scf:    6   -31512.307241   -31512.312995   -31512.327069  0.020093 -6.634582  0.091921
     spin moment: {S} , |S| = {        0.0        0.0    0.00000 }     0.00000
   scf:    7   -31512.307797   -31512.310777   -31512.325239  0.005747 -6.634048  0.214948
     spin moment: {S} , |S| = {        0.0        0.0   -0.00000 }    -0.00000
   scf:    8   -31512.313824   -31512.313609   -31512.327576  0.008135 -6.637159  0.018239
     spin moment: {S} , |S| = {        0.0        0.0    0.00000 }     0.00000
   scf:    9   -31512.313542   -31512.313579   -31512.327597  0.001021 -6.637515  0.009017
     spin moment: {S} , |S| = {        0.0        0.0   -0.00000 }    -0.00000
   scf:   10   -31512.313577   -31512.313579   -31512.327590  0.000448 -6.637740  0.015844
     spin moment: {S} , |S| = {        0.0        0.0   -0.00000 }    -0.00000

SCF Convergence by DM criterion
max |DM_out - DM_in|         :     0.0004475539
max |H_out - H_in|      (eV) :     0.0158443312
SCF cycle converged after 10 iterations

Using DM_out to compute the final energy and forces
No. of atoms with KB's overlaping orbs in proc 0. Max # of overlaps:     177     968

siesta: E_KS(eV) =           -31512.3136

siesta: Atomic forces (eV/Ang):
     1   -0.000012    0.000000   -0.000000
     2   -0.000011   -0.000000   -0.000000
     3    0.000033    0.140443    0.000000
     4    0.000030    0.140441    0.000000
     5    0.000033   -0.140443    0.000000
     6    0.000030   -0.140441   -0.000000
     7   -0.000055    0.000000   -0.000000
     8   -0.000059    0.000000   -0.000000
----------------------------------------
   Tot   -0.000009    0.000000    0.000000
----------------------------------------
   Max    0.140443
   Res    0.057335    sqrt( Sum f_i^2 / 3N )
----------------------------------------
   Max    0.140443    constrained

Stress tensor Voigt[x,y,z,yz,xz,xy] (kbar):      -21.78       -2.25       34.78        0.00       -0.00       -0.00
(Free)E + p*V (eV/cell)   -31512.5267
Target enthalpy (eV/cell)   -31512.3276

siesta: Stress tensor (static) (eV/Ang**3):
        -0.013595   -0.000000   -0.000000
        -0.000000   -0.001406    0.000000
        -0.000000    0.000000    0.021711

siesta: Pressure (static):         -3.58334334  kBar

siesta: Stress tensor (total) (eV/Ang**3):
        -0.013595   -0.000000   -0.000000
        -0.000000   -0.001406    0.000000
        -0.000000    0.000000    0.021711

siesta: Pressure (total):         -3.58334334  kBar

cgvc: Finished line minimization    1.  Mean atomic displacement =    0.0782

                     ====================================
                        Begin CG opt. move =      4
                     ====================================
k-point displ. along   3 input, could be:     0.00    0.50
 Kpoints in:           24 . Kpoints trimmed:           20

siesta: k-grid: Number of k-points = 20
siesta: k-points from Monkhorst-Pack grid
siesta: k-cutoff (effective) =     6.915 Ang
siesta: k-point supercell and displacements
siesta: k-grid:     3     0     0      0.000
siesta: k-grid:     0     3     0      0.000
siesta: k-grid:     0     0     4      0.000

superc: Internal auxiliary supercell:     7 x     7 x     9  =     441
superc: Number of atoms, orbitals, and projectors:   3528  85554  63504

outcell: Unit cell vectors (Ang):
        5.139552    0.000000    0.000000
        0.000000    5.020513   -0.000000
        0.000000   -0.000000    3.457663

outcell: Cell vector modules (Ang)   :    5.139552    5.020513    3.457663
outcell: Cell angles (23,13,12) (deg):     90.0000     90.0000     90.0000
outcell: Cell volume (Ang**3)        :     89.2187
<dSpData1D:S at geom step 4
  <sparsity:sparsity for geom step 4
    nrows_g=194 nrows=10 sparsity=1.4097 nnzs=53057, refcount: 7>
  <dData1D:(new from dSpData1D) n=53057, refcount: 1>
refcount: 1>
new_DM -- step:     5
Re-using DM from previous geometries...
Number of DMs in history: 1
 DM extrapolation coefficients: 
1   1.00000
New DM after history re-use:
<dSpData2D:SpM extrapolated using coords
  <sparsity:sparsity for geom step 4
    nrows_g=194 nrows=10 sparsity=1.4097 nnzs=53057, refcount: 9>
  <dData2D:(temp array for extrapolation) n=53057 m=2, refcount: 1>
refcount: 1>
No. of atoms with KB's overlaping orbs in proc 0. Max # of overlaps:     177     968

InitMesh: MESH = 54 x 54 x 40 = 116640
InitMesh: Mesh cutoff (required, used) =   300.000   305.098 Ry
New grid distribution [1]: sub = 2
New grid distribution [2]: sub = 2
New grid distribution [3]: sub = 2
Setting up quadratic distribution...

        iscf     Eharris(eV)        E_KS(eV)     FreeEng(eV)     dDmax    Ef(eV) dHmax(eV)
   scf:    1   -31510.094827   -31512.189789   -31512.209135  0.762804 -6.529366  1.488405
     spin moment: {S} , |S| = {        0.0        0.0    0.00000 }     0.00000
   scf:    2   -31494.490525   -31506.615600   -31506.625719  1.209342 -7.117962 11.621249
     spin moment: {S} , |S| = {        0.0        0.0   -0.00000 }    -0.00000
   scf:    3   -31512.908086   -31512.332287   -31512.348963  1.008716 -6.631837  0.293315
     spin moment: {S} , |S| = {        0.0        0.0   -0.00000 }    -0.00000
   scf:    4   -31512.328194   -31512.336244   -31512.354180  0.054248 -6.660658  0.234592
     spin moment: {S} , |S| = {        0.0        0.0    0.00000 }     0.00000
   scf:    5   -31512.340700   -31512.339024   -31512.356560  0.002936 -6.661252  0.090901
     spin moment: {S} , |S| = {        0.0        0.0   -0.00000 }    -0.00000
   scf:    6   -31512.340657   -31512.339958   -31512.357114  0.018199 -6.663663  0.022836
     spin moment: {S} , |S| = {        0.0        0.0   -0.00000 }    -0.00000
   scf:    7   -31512.340282   -31512.340164   -31512.357170  0.002958 -6.662070  0.011229
     spin moment: {S} , |S| = {        0.0        0.0   -0.00000 }    -0.00000
   scf:    8   -31512.340179   -31512.340172   -31512.357177  0.001602 -6.661903  0.006234
     spin moment: {S} , |S| = {        0.0        0.0   -0.00000 }    -0.00000
   scf:    9   -31512.340187   -31512.340180   -31512.357180  0.001507 -6.661671  0.002576
     spin moment: {S} , |S| = {        0.0        0.0   -0.00000 }    -0.00000
   scf:   10   -31512.340192   -31512.340186   -31512.357179  0.000160 -6.661758  0.004484
     spin moment: {S} , |S| = {        0.0        0.0   -0.00000 }    -0.00000

SCF Convergence by DM criterion
max |DM_out - DM_in|         :     0.0001604512
max |H_out - H_in|      (eV) :     0.0044842932
SCF cycle converged after 10 iterations

Using DM_out to compute the final energy and forces
No. of atoms with KB's overlaping orbs in proc 0. Max # of overlaps:     177     968

siesta: E_KS(eV) =           -31512.3402

siesta: Atomic forces (eV/Ang):
     1    0.000014    0.000000   -0.000000
     2    0.000010    0.000001   -0.000000
     3   -0.000041   -0.038916   -0.000001
     4   -0.000035   -0.038903   -0.000001
     5   -0.000042    0.038912   -0.000000
     6   -0.000037    0.038902    0.000002
     7    0.000061   -0.000001   -0.000000
     8    0.000074   -0.000001    0.000000
----------------------------------------
   Tot    0.000004   -0.000007   -0.000001
----------------------------------------
   Max    0.038916
   Res    0.015884    sqrt( Sum f_i^2 / 3N )
----------------------------------------
   Max    0.038916    constrained

Stress tensor Voigt[x,y,z,yz,xz,xy] (kbar):       16.67       -4.97       21.04       -0.00       -0.00       -0.00
(Free)E + p*V (eV/cell)   -31512.9651
Target enthalpy (eV/cell)   -31512.3572

siesta: Stress tensor (static) (eV/Ang**3):
         0.010405   -0.000000   -0.000000
        -0.000000   -0.003099   -0.000000
        -0.000000   -0.000000    0.013135

siesta: Pressure (static):        -10.91639221  kBar

siesta: Stress tensor (total) (eV/Ang**3):
         0.010405   -0.000000   -0.000000
        -0.000000   -0.003099   -0.000000
        -0.000000   -0.000000    0.013135

siesta: Pressure (total):        -10.91639221  kBar

                     ====================================
                        Begin CG opt. move =      5
                     ====================================
k-point displ. along   3 input, could be:     0.00    0.50
 Kpoints in:           24 . Kpoints trimmed:           20

siesta: k-grid: Number of k-points = 20
siesta: k-points from Monkhorst-Pack grid
siesta: k-cutoff (effective) =     6.766 Ang
siesta: k-point supercell and displacements
siesta: k-grid:     3     0     0      0.000
siesta: k-grid:     0     3     0      0.000
siesta: k-grid:     0     0     4      0.000

superc: Internal auxiliary supercell:     7 x     7 x     9  =     441
superc: Number of atoms, orbitals, and projectors:   3528  85554  63504

outcell: Unit cell vectors (Ang):
        5.243005    0.000000    0.000000
        0.000000    5.040295   -0.000000
        0.000000   -0.000000    3.383155

outcell: Cell vector modules (Ang)   :    5.243005    5.040295    3.383155
outcell: Cell angles (23,13,12) (deg):     90.0000     90.0000     90.0000
outcell: Cell volume (Ang**3)        :     89.4042
<dSpData1D:S at geom step 5
  <sparsity:sparsity for geom step 5
    nrows_g=194 nrows=10 sparsity=1.4198 nnzs=53435, refcount: 7>
  <dData1D:(new from dSpData1D) n=53435, refcount: 1>
refcount: 1>
new_DM -- step:     6
Re-using DM from previous geometries...
Number of DMs in history: 1
 DM extrapolation coefficients: 
1   1.00000
New DM after history re-use:
<dSpData2D:SpM extrapolated using coords
  <sparsity:sparsity for geom step 5
    nrows_g=194 nrows=10 sparsity=1.4198 nnzs=53435, refcount: 9>
  <dData2D:(temp array for extrapolation) n=53435 m=2, refcount: 1>
refcount: 1>
Note: For starting DM, Qtot, Tr[D*S] =        134.00000000        133.85969439
No. of atoms with KB's overlaping orbs in proc 0. Max # of overlaps:     177     970

InitMesh: MESH = 60 x 54 x 36 = 116640
InitMesh: Mesh cutoff (required, used) =   300.000   312.942 Ry
New grid distribution [1]: sub = 2
New grid distribution [2]: sub = 2
New grid distribution [3]: sub = 2
Setting up quadratic distribution...

        iscf     Eharris(eV)        E_KS(eV)     FreeEng(eV)     dDmax    Ef(eV) dHmax(eV)
   scf:    1   -31508.532060   -31511.998439   -31512.019949  1.070340 -6.504351  2.212945
     spin moment: {S} , |S| = {        0.0        0.0    0.00000 }     0.00000
   scf:    2   -31478.174180   -31501.417580   -31501.426507  1.603616 -7.338700 16.168618
     spin moment: {S} , |S| = {        0.0        0.0   -0.00000 }    -0.00000
   scf:    3   -31513.618299   -31512.280048   -31512.301477  1.293518 -6.661002  0.537679
     spin moment: {S} , |S| = {        0.0        0.0   -0.00000 }    -0.00000
   scf:    4   -31511.908013   -31512.192719   -31512.214914  0.098598 -6.695734  1.434130
     spin moment: {S} , |S| = {        0.0        0.0    0.00000 }     0.00000
   scf:    5   -31512.317842   -31512.305468   -31512.327372  0.027907 -6.703593  0.111150
     spin moment: {S} , |S| = {        0.0        0.0   -0.00000 }    -0.00000
   scf:    6   -31512.282019   -31512.297258   -31512.319604  0.033069 -6.689199  0.452300
     spin moment: {S} , |S| = {        0.0        0.0    0.00000 }     0.00000
   scf:    7   -31512.305604   -31512.306096   -31512.328051  0.037146 -6.706055  0.042768
     spin moment: {S} , |S| = {        0.0        0.0   -0.00000 }    -0.00000
   scf:    8   -31512.306021   -31512.306082   -31512.328024  0.003370 -6.704035  0.047721
     spin moment: {S} , |S| = {        0.0        0.0   -0.00000 }    -0.00000
   scf:    9   -31512.306123   -31512.306154   -31512.328153  0.005350 -6.702771  0.009849
     spin moment: {S} , |S| = {        0.0        0.0   -0.00000 }    -0.00000
   scf:   10   -31512.306165   -31512.306161   -31512.328161  0.001240 -6.703432  0.003617
     spin moment: {S} , |S| = {        0.0        0.0   -0.00000 }    -0.00000
   scf:   11   -31512.306164   -31512.306163   -31512.328162  0.000330 -6.703523  0.002564
     spin moment: {S} , |S| = {        0.0        0.0   -0.00000 }    -0.00000

SCF Convergence by DM criterion
max |DM_out - DM_in|         :     0.0003297842
max |H_out - H_in|      (eV) :     0.0025638411
SCF cycle converged after 11 iterations

Using DM_out to compute the final energy and forces
No. of atoms with KB's overlaping orbs in proc 0. Max # of overlaps:     177     970

siesta: E_KS(eV) =           -31512.3062

siesta: Atomic forces (eV/Ang):
     1    0.000113   -0.000001    0.000000
     2    0.000098    0.000000    0.000000
     3   -0.000172   -0.358692   -0.000001
     4   -0.000155   -0.358666    0.000001
     5   -0.000175    0.358690   -0.000001
     6   -0.000154    0.358668    0.000000
     7    0.000233    0.000000    0.000001
     8    0.000275    0.000001    0.000000
----------------------------------------
   Tot    0.000063    0.000001    0.000001
----------------------------------------
   Max    0.358692
   Res    0.146430    sqrt( Sum f_i^2 / 3N )
----------------------------------------
   Max    0.358692    constrained

Stress tensor Voigt[x,y,z,yz,xz,xy] (kbar):       47.81      -12.39        9.72        0.00        0.00        0.00
(Free)E + p*V (eV/cell)   -31513.1678
Target enthalpy (eV/cell)   -31512.3282

siesta: Stress tensor (static) (eV/Ang**3):
         0.029843    0.000000    0.000000
         0.000000   -0.007734    0.000000
         0.000000    0.000000    0.006066

siesta: Pressure (static):        -15.04727370  kBar

siesta: Stress tensor (total) (eV/Ang**3):
         0.029843    0.000000    0.000000
         0.000000   -0.007734    0.000000
         0.000000    0.000000    0.006066

siesta: Pressure (total):        -15.04727370  kBar

                     ====================================
                        Begin CG opt. move =      6
                     ====================================
k-point displ. along   3 input, could be:     0.00    0.50
 Kpoints in:           24 . Kpoints trimmed:           20

siesta: k-grid: Number of k-points = 20
siesta: k-points from Monkhorst-Pack grid
siesta: k-cutoff (effective) =     6.908 Ang
siesta: k-point supercell and displacements
siesta: k-grid:     3     0     0      0.000
siesta: k-grid:     0     3     0      0.000
siesta: k-grid:     0     0     4      0.000

superc: Internal auxiliary supercell:     7 x     7 x     9  =     441
superc: Number of atoms, orbitals, and projectors:   3528  85554  63504

outcell: Unit cell vectors (Ang):
        5.144813    0.000000    0.000000
        0.000000    5.021519   -0.000000
        0.000000   -0.000000    3.453874

outcell: Cell vector modules (Ang)   :    5.144813    5.021519    3.453874
outcell: Cell angles (23,13,12) (deg):     90.0000     90.0000     90.0000
outcell: Cell volume (Ang**3)        :     89.2301
<dSpData1D:S at geom step 6
  <sparsity:sparsity for geom step 6
    nrows_g=194 nrows=10 sparsity=1.4097 nnzs=53057, refcount: 7>
  <dData1D:(new from dSpData1D) n=53057, refcount: 1>
refcount: 1>
new_DM -- step:     7
Re-using DM from previous geometries...
Number of DMs in history: 1
 DM extrapolation coefficients: 
1   1.00000
New DM after history re-use:
<dSpData2D:SpM extrapolated using coords
  <sparsity:sparsity for geom step 6
    nrows_g=194 nrows=10 sparsity=1.4097 nnzs=53057, refcount: 9>
  <dData2D:(temp array for extrapolation) n=53057 m=2, refcount: 1>
refcount: 1>
Note: For starting DM, Qtot, Tr[D*S] =        134.00000000        134.15380019
No. of atoms with KB's overlaping orbs in proc 0. Max # of overlaps:     177     968

InitMesh: MESH = 54 x 54 x 36 = 104976
InitMesh: Mesh cutoff (required, used) =   300.000   300.258 Ry
New grid distribution [1]: sub = 2
New grid distribution [2]: sub = 2
New grid distribution [3]: sub = 2
Setting up quadratic distribution...

        iscf     Eharris(eV)        E_KS(eV)     FreeEng(eV)     dDmax    Ef(eV) dHmax(eV)
   scf:    1   -31513.938759   -31511.970578   -31511.985211  0.983354 -6.855754  2.012511
     spin moment: {S} , |S| = {        0.0        0.0   -0.00000 }    -0.00000
   scf:    2   -31475.260770   -31500.453341   -31500.480866  2.713059 -5.592863 15.957637
     spin moment: {S} , |S| = {        0.0        0.0   -0.00000 }    -0.00000
   scf:    3   -31512.969127   -31512.325980   -31512.341449  2.383275 -6.700114  0.702017
     spin moment: {S} , |S| = {        0.0        0.0   -0.00000 }    -0.00000
   scf:    4   -31512.350472   -31512.345339   -31512.361574  0.071524 -6.664020  0.116507
     spin moment: {S} , |S| = {        0.0        0.0   -0.00000 }    -0.00000
   scf:    5   -31512.324250   -31512.339172   -31512.356993  0.014756 -6.660805  0.324491
     spin moment: {S} , |S| = {        0.0        0.0   -0.00000 }    -0.00000
   scf:    6   -31512.344338   -31512.345580   -31512.362600  0.018752 -6.666588  0.081344
     spin moment: {S} , |S| = {        0.0        0.0   -0.00000 }    -0.00000
   scf:    7   -31512.345546   -31512.345710   -31512.362729  0.013728 -6.659837  0.040358
     spin moment: {S} , |S| = {        0.0        0.0   -0.00000 }    -0.00000
   scf:    8   -31512.345610   -31512.345698   -31512.362830  0.006069 -6.663696  0.039726
     spin moment: {S} , |S| = {        0.0        0.0   -0.00000 }    -0.00000
   scf:    9   -31512.345671   -31512.345692   -31512.362882  0.000615 -6.663891  0.024011
     spin moment: {S} , |S| = {        0.0        0.0   -0.00000 }    -0.00000
   scf:   10   -31512.345687   -31512.345692   -31512.362900  0.000861 -6.663402  0.011994
     spin moment: {S} , |S| = {        0.0        0.0   -0.00000 }    -0.00000
   scf:   11   -31512.345629   -31512.345665   -31512.362907  0.000484 -6.663375  0.001274
     spin moment: {S} , |S| = {        0.0        0.0   -0.00000 }    -0.00000

SCF Convergence by DM criterion
max |DM_out - DM_in|         :     0.0004836096
max |H_out - H_in|      (eV) :     0.0012741853
SCF cycle converged after 11 iterations

Using DM_out to compute the final energy and forces
No. of atoms with KB's overlaping orbs in proc 0. Max # of overlaps:     177     968

siesta: E_KS(eV) =           -31512.3457

siesta: Atomic forces (eV/Ang):
     1    0.000015   -0.000001    0.000001
     2    0.000012   -0.000001   -0.000000
     3   -0.000047   -0.053542   -0.000001
     4   -0.000043   -0.053530   -0.000000
     5   -0.000045    0.053544   -0.000001
     6   -0.000041    0.053532   -0.000000
     7    0.000071   -0.000001   -0.000001
     8    0.000085    0.000001   -0.000000
----------------------------------------
   Tot    0.000007    0.000002   -0.000003
----------------------------------------
   Max    0.053544
   Res    0.021856    sqrt( Sum f_i^2 / 3N )
----------------------------------------
   Max    0.053544    constrained

Stress tensor Voigt[x,y,z,yz,xz,xy] (kbar):       18.06       -5.18       20.86        0.00       -0.00       -0.00
(Free)E + p*V (eV/cell)   -31512.9894
Target enthalpy (eV/cell)   -31512.3629

siesta: Stress tensor (static) (eV/Ang**3):
         0.011275   -0.000000   -0.000000
        -0.000000   -0.003231    0.000000
        -0.000000    0.000000    0.013021

siesta: Pressure (static):        -11.24982715  kBar

siesta: Stress tensor (total) (eV/Ang**3):
         0.011275   -0.000000   -0.000000
        -0.000000   -0.003231    0.000000
        -0.000000    0.000000    0.013021

siesta: Pressure (total):        -11.24982715  kBar

cgvc: Finished line minimization    2.  Mean atomic displacement =    0.0746

                     ====================================
                        Begin CG opt. move =      7
                     ====================================
k-point displ. along   3 input, could be:     0.00    0.50
 Kpoints in:           24 . Kpoints trimmed:           20

siesta: k-grid: Number of k-points = 20
siesta: k-points from Monkhorst-Pack grid
siesta: k-cutoff (effective) =     6.759 Ang
siesta: k-point supercell and displacements
siesta: k-grid:     3     0     0      0.000
siesta: k-grid:     0     3     0      0.000
siesta: k-grid:     0     0     4      0.000

superc: Internal auxiliary supercell:     7 x     7 x     9  =     441
superc: Number of atoms, orbitals, and projectors:   3528  85554  63504

outcell: Unit cell vectors (Ang):
        5.125345    0.000000    0.000000
        0.000000    5.045319   -0.000000
        0.000000   -0.000000    3.379366

outcell: Cell vector modules (Ang)   :    5.125345    5.045319    3.379366
outcell: Cell angles (23,13,12) (deg):     90.0000     90.0000     90.0000
outcell: Cell volume (Ang**3)        :     87.3870
<dSpData1D:S at geom step 7
  <sparsity:sparsity for geom step 7
    nrows_g=194 nrows=10 sparsity=1.4515 nnzs=54627, refcount: 7>
  <dData1D:(new from dSpData1D) n=54627, refcount: 1>
refcount: 1>
new_DM -- step:     8
Re-using DM from previous geometries...
Number of DMs in history: 1
 DM extrapolation coefficients: 
1   1.00000
New DM after history re-use:
<dSpData2D:SpM extrapolated using coords
  <sparsity:sparsity for geom step 7
    nrows_g=194 nrows=10 sparsity=1.4515 nnzs=54627, refcount: 9>
  <dData2D:(temp array for extrapolation) n=54627 m=2, refcount: 1>
refcount: 1>
No. of atoms with KB's overlaping orbs in proc 0. Max # of overlaps:     185     970

InitMesh: MESH = 54 x 54 x 36 = 104976
InitMesh: Mesh cutoff (required, used) =   300.000   306.791 Ry
New grid distribution [1]: sub = 2
New grid distribution [2]: sub = 2
New grid distribution [3]: sub = 2
Setting up quadratic distribution...

        iscf     Eharris(eV)        E_KS(eV)     FreeEng(eV)     dDmax    Ef(eV) dHmax(eV)
   scf:    1   -31508.540170   -31512.191925   -31512.212759  1.032277 -6.587409  1.545421
     spin moment: {S} , |S| = {        0.0        0.0   -0.00000 }    -0.00000
   scf:    2   -31492.833944   -31506.077025   -31506.086632  1.074061 -7.157671 12.358667
     spin moment: {S} , |S| = {        0.0        0.0   -0.00000 }    -0.00000
   scf:    3   -31513.021064   -31512.323766   -31512.344507  0.898951 -6.686543  0.348718
     spin moment: {S} , |S| = {        0.0        0.0   -0.00000 }    -0.00000
   scf:    4   -31512.277466   -31512.318630   -31512.339565  0.049346 -6.707274  0.560256
     spin moment: {S} , |S| = {        0.0        0.0   -0.00000 }    -0.00000
   scf:    5   -31512.330051   -31512.324686   -31512.345568  0.002769 -6.709008  0.438098
     spin moment: {S} , |S| = {        0.0        0.0   -0.00000 }    -0.00000
   scf:    6   -31512.336372   -31512.331750   -31512.352630  0.012895 -6.708042  0.255123
     spin moment: {S} , |S| = {        0.0        0.0   -0.00000 }    -0.00000
   scf:    7   -31512.335204   -31512.334923   -31512.355426  0.015955 -6.717438  0.026621
     spin moment: {S} , |S| = {        0.0        0.0   -0.00000 }    -0.00000
   scf:    8   -31512.334509   -31512.334789   -31512.355389  0.009538 -6.713498  0.025263
     spin moment: {S} , |S| = {        0.0        0.0   -0.00000 }    -0.00000
   scf:    9   -31512.334969   -31512.334931   -31512.355437  0.005817 -6.716645  0.024001
     spin moment: {S} , |S| = {        0.0        0.0   -0.00000 }    -0.00000
   scf:   10   -31512.334954   -31512.334944   -31512.355449  0.000585 -6.717010  0.021150
     spin moment: {S} , |S| = {        0.0        0.0   -0.00000 }    -0.00000
   scf:   11   -31512.334908   -31512.334935   -31512.355470  0.000737 -6.716624  0.000813
     spin moment: {S} , |S| = {        0.0        0.0   -0.00000 }    -0.00000
   scf:   12   -31512.334936   -31512.334935   -31512.355470  0.000200 -6.716661  0.000483
     spin moment: {S} , |S| = {        0.0        0.0   -0.00000 }    -0.00000

SCF Convergence by DM criterion
max |DM_out - DM_in|         :     0.0001996166
max |H_out - H_in|      (eV) :     0.0004831603
SCF cycle converged after 12 iterations

Using DM_out to compute the final energy and forces
No. of atoms with KB's overlaping orbs in proc 0. Max # of overlaps:     185     970

siesta: E_KS(eV) =           -31512.3349

siesta: Atomic forces (eV/Ang):
     1   -0.000073    0.000005   -0.000004
     2   -0.000040    0.000007   -0.000002
     3    0.000076    0.092540    0.000002
     4    0.000072    0.092495    0.000002
     5    0.000072   -0.092547    0.000002
     6    0.000069   -0.092502    0.000000
     7   -0.000074    0.000005    0.000003
     8   -0.000108   -0.000002   -0.000002
----------------------------------------
   Tot   -0.000006    0.000001    0.000001
----------------------------------------
   Max    0.092547
   Res    0.037771    sqrt( Sum f_i^2 / 3N )
----------------------------------------
   Max    0.092547    constrained

Stress tensor Voigt[x,y,z,yz,xz,xy] (kbar):      -28.63      -39.16      -38.86        0.00        0.00        0.00
(Free)E + p*V (eV/cell)   -31510.4164
Target enthalpy (eV/cell)   -31512.3555

siesta: Stress tensor (static) (eV/Ang**3):
        -0.017871    0.000000    0.000000
         0.000000   -0.024441    0.000000
         0.000000    0.000000   -0.024256

siesta: Pressure (static):         35.55114381  kBar

siesta: Stress tensor (total) (eV/Ang**3):
        -0.017871    0.000000    0.000000
         0.000000   -0.024441    0.000000
         0.000000    0.000000   -0.024256

siesta: Pressure (total):         35.55114381  kBar

                     ====================================
                        Begin CG opt. move =      8
                     ====================================
k-point displ. along   3 input, could be:     0.00    0.50
 Kpoints in:           24 . Kpoints trimmed:           20

siesta: k-grid: Number of k-points = 20
siesta: k-points from Monkhorst-Pack grid
siesta: k-cutoff (effective) =     6.845 Ang
siesta: k-point supercell and displacements
siesta: k-grid:     3     0     0      0.000
siesta: k-grid:     0     3     0      0.000
siesta: k-grid:     0     0     4      0.000

superc: Internal auxiliary supercell:     7 x     7 x     9  =     441
superc: Number of atoms, orbitals, and projectors:   3528  85554  63504

outcell: Unit cell vectors (Ang):
        5.136650    0.000000    0.000000
        0.000000    5.031498   -0.000000
        0.000000   -0.000000    3.422632

outcell: Cell vector modules (Ang)   :    5.136650    5.031498    3.422632
outcell: Cell angles (23,13,12) (deg):     90.0000     90.0000     90.0000
outcell: Cell volume (Ang**3)        :     88.4581
<dSpData1D:S at geom step 8
  <sparsity:sparsity for geom step 8
    nrows_g=194 nrows=10 sparsity=1.4412 nnzs=54241, refcount: 7>
  <dData1D:(new from dSpData1D) n=54241, refcount: 1>
refcount: 1>
new_DM -- step:     9
Re-using DM from previous geometries...
Number of DMs in history: 1
 DM extrapolation coefficients: 
1   1.00000
New DM after history re-use:
<dSpData2D:SpM extrapolated using coords
  <sparsity:sparsity for geom step 8
    nrows_g=194 nrows=10 sparsity=1.4412 nnzs=54241, refcount: 9>
  <dData2D:(temp array for extrapolation) n=54241 m=2, refcount: 1>
refcount: 1>
No. of atoms with KB's overlaping orbs in proc 0. Max # of overlaps:     185     970

InitMesh: MESH = 54 x 54 x 36 = 104976
InitMesh: Mesh cutoff (required, used) =   300.000   305.443 Ry
New grid distribution [1]: sub = 2
New grid distribution [2]: sub = 2
New grid distribution [3]: sub = 2
Setting up quadratic distribution...

        iscf     Eharris(eV)        E_KS(eV)     FreeEng(eV)     dDmax    Ef(eV) dHmax(eV)
   scf:    1   -31514.291319   -31512.284012   -31512.301551  0.584808 -6.776774  1.020931
     spin moment: {S} , |S| = {        0.0        0.0   -0.00000 }    -0.00000
   scf:    2   -31501.543092   -31508.863576   -31508.880048  0.975876 -6.179205  9.135284
     spin moment: {S} , |S| = {        0.0        0.0   -0.00000 }    -0.00000
   scf:    3   -31512.488490   -31512.346223   -31512.364373  0.856480 -6.714534  0.270762
     spin moment: {S} , |S| = {        0.0        0.0   -0.00000 }    -0.00000
   scf:    4   -31512.352508   -31512.351487   -31512.369813  0.047128 -6.688154  0.069702
     spin moment: {S} , |S| = {        0.0        0.0   -0.00000 }    -0.00000
   scf:    5   -31512.351491   -31512.351596   -31512.369966  0.015226 -6.683818  0.026282
     spin moment: {S} , |S| = {        0.0        0.0   -0.00000 }    -0.00000
   scf:    6   -31512.351420   -31512.351559   -31512.370046  0.003426 -6.685710  0.013983
     spin moment: {S} , |S| = {        0.0        0.0   -0.00000 }    -0.00000
   scf:    7   -31512.351571   -31512.351569   -31512.370058  0.002043 -6.685147  0.010009
     spin moment: {S} , |S| = {        0.0        0.0   -0.00000 }    -0.00000
   scf:    8   -31512.351479   -31512.351526   -31512.370062  0.002982 -6.685471  0.002288
     spin moment: {S} , |S| = {        0.0        0.0   -0.00000 }    -0.00000
   scf:    9   -31512.351527   -31512.351527   -31512.370063  0.000093 -6.685443  0.001964
     spin moment: {S} , |S| = {        0.0        0.0   -0.00000 }    -0.00000

SCF Convergence by DM criterion
max |DM_out - DM_in|         :     0.0000934687
max |H_out - H_in|      (eV) :     0.0019644225
SCF cycle converged after 9 iterations

Using DM_out to compute the final energy and forces
No. of atoms with KB's overlaping orbs in proc 0. Max # of overlaps:     185     970

siesta: E_KS(eV) =           -31512.3515

siesta: Atomic forces (eV/Ang):
     1   -0.000007    0.000002   -0.000002
     2   -0.000001    0.000002    0.000000
     3    0.000011    0.030043   -0.000001
     4    0.000012    0.030032   -0.000001
     5    0.000010   -0.030047   -0.000001
     6    0.000015   -0.030032    0.000002
     7   -0.000014    0.000002    0.000003
     8   -0.000025   -0.000002    0.000002
----------------------------------------
   Tot    0.000001   -0.000000    0.000004
----------------------------------------
   Max    0.030047
   Res    0.012263    sqrt( Sum f_i^2 / 3N )
----------------------------------------
   Max    0.030047    constrained

Stress tensor Voigt[x,y,z,yz,xz,xy] (kbar):       -0.88      -18.89       -2.57       -0.00        0.00       -0.00
(Free)E + p*V (eV/cell)   -31511.9589
Target enthalpy (eV/cell)   -31512.3701

siesta: Stress tensor (static) (eV/Ang**3):
        -0.000551   -0.000000    0.000000
        -0.000000   -0.011789    0.000000
         0.000000   -0.000000   -0.001606

siesta: Pressure (static):          7.44758968  kBar

siesta: Stress tensor (total) (eV/Ang**3):
        -0.000551   -0.000000    0.000000
        -0.000000   -0.011789    0.000000
         0.000000   -0.000000   -0.001606

siesta: Pressure (total):          7.44758968  kBar

cgvc: Finished line minimization    3.  Mean atomic displacement =    0.0313

                     ====================================
                        Begin CG opt. move =      9
                     ====================================
k-point displ. along   3 input, could be:     0.00    0.50
 Kpoints in:           24 . Kpoints trimmed:           20

siesta: k-grid: Number of k-points = 20
siesta: k-points from Monkhorst-Pack grid
siesta: k-cutoff (effective) =     6.812 Ang
siesta: k-point supercell and displacements
siesta: k-grid:     3     0     0      0.000
siesta: k-grid:     0     3     0      0.000
siesta: k-grid:     0     0     4      0.000

superc: Internal auxiliary supercell:     7 x     7 x     9  =     441
superc: Number of atoms, orbitals, and projectors:   3528  85554  63504

outcell: Unit cell vectors (Ang):
        5.133095    0.000000    0.000000
        0.000000    5.071407   -0.000000
        0.000000   -0.000000    3.406247

outcell: Cell vector modules (Ang)   :    5.133095    5.071407    3.406247
outcell: Cell angles (23,13,12) (deg):     90.0000     90.0000     90.0000
outcell: Cell volume (Ang**3)        :     88.6715
<dSpData1D:S at geom step 9
  <sparsity:sparsity for geom step 9
    nrows_g=194 nrows=10 sparsity=1.4455 nnzs=54403, refcount: 7>
  <dData1D:(new from dSpData1D) n=54403, refcount: 1>
refcount: 1>
new_DM -- step:    10
Re-using DM from previous geometries...
Number of DMs in history: 1
 DM extrapolation coefficients: 
1   1.00000
New DM after history re-use:
<dSpData2D:SpM extrapolated using coords
  <sparsity:sparsity for geom step 9
    nrows_g=194 nrows=10 sparsity=1.4455 nnzs=54403, refcount: 9>
  <dData2D:(temp array for extrapolation) n=54403 m=2, refcount: 1>
refcount: 1>
No. of atoms with KB's overlaping orbs in proc 0. Max # of overlaps:     185     970

InitMesh: MESH = 54 x 54 x 36 = 104976
InitMesh: Mesh cutoff (required, used) =   300.000   305.866 Ry
New grid distribution [1]: sub = 2
New grid distribution [2]: sub = 2
New grid distribution [3]: sub = 2
Setting up quadratic distribution...

        iscf     Eharris(eV)        E_KS(eV)     FreeEng(eV)     dDmax    Ef(eV) dHmax(eV)
   scf:    1   -31510.939204   -31512.168605   -31512.190553  0.560395 -6.592962  1.959427
     spin moment: {S} , |S| = {        0.0        0.0   -0.00000 }    -0.00000
   scf:    2   -31472.284758   -31499.465338   -31499.480037  0.902065 -7.024080 17.453628
     spin moment: {S} , |S| = {        0.0        0.0   -0.00000 }    -0.00000
   scf:    3   -31514.474156   -31512.311400   -31512.329798  0.797466 -6.670667  0.707391
     spin moment: {S} , |S| = {        0.0        0.0   -0.00000 }    -0.00000
   scf:    4   -31508.052465   -31511.029207   -31511.044382  0.173293 -6.559646  5.228766
     spin moment: {S} , |S| = {        0.0        0.0   -0.00000 }    -0.00000
   scf:    5   -31511.804983   -31512.306092   -31512.323888  0.202531 -6.702034  1.028196
     spin moment: {S} , |S| = {        0.0        0.0   -0.00000 }    -0.00000
   scf:    6   -31512.364037   -31512.352319   -31512.372167  0.025847 -6.689780  0.146191
     spin moment: {S} , |S| = {        0.0        0.0   -0.00000 }    -0.00000
   scf:    7   -31512.335413   -31512.345632   -31512.364917  0.007715 -6.690729  0.407940
     spin moment: {S} , |S| = {        0.0        0.0   -0.00000 }    -0.00000
   scf:    8   -31512.349822   -31512.352812   -31512.373001  0.010060 -6.686610  0.051934
     spin moment: {S} , |S| = {        0.0        0.0   -0.00000 }    -0.00000
   scf:    9   -31512.353008   -31512.352923   -31512.373107  0.002993 -6.685545  0.044406
     spin moment: {S} , |S| = {        0.0        0.0   -0.00000 }    -0.00000
   scf:   10   -31512.353153   -31512.353090   -31512.373197  0.001158 -6.685488  0.006467
     spin moment: {S} , |S| = {        0.0        0.0   -0.00000 }    -0.00000
   scf:   11   -31512.353110   -31512.353101   -31512.373196  0.000278 -6.685648  0.007438
     spin moment: {S} , |S| = {        0.0        0.0   -0.00000 }    -0.00000

SCF Convergence by DM criterion
max |DM_out - DM_in|         :     0.0002775237
max |H_out - H_in|      (eV) :     0.0074383379
SCF cycle converged after 11 iterations

Using DM_out to compute the final energy and forces
No. of atoms with KB's overlaping orbs in proc 0. Max # of overlaps:     185     970

siesta: E_KS(eV) =           -31512.3531

siesta: Atomic forces (eV/Ang):
     1    0.000001    0.000001    0.000001
     2   -0.000014   -0.000003   -0.000001
     3    0.000027   -0.049190    0.000001
     4    0.000025   -0.049179    0.000003
     5    0.000027    0.049191    0.000004
     6    0.000017    0.049178   -0.000001
     7   -0.000043   -0.000001   -0.000004
     8   -0.000037    0.000002   -0.000005
----------------------------------------
   Tot    0.000002   -0.000002   -0.000002
----------------------------------------
   Max    0.049191
   Res    0.020079    sqrt( Sum f_i^2 / 3N )
----------------------------------------
   Max    0.049191    constrained

Stress tensor Voigt[x,y,z,yz,xz,xy] (kbar):       -2.80        0.54       -4.06       -0.00       -0.00       -0.00
(Free)E + p*V (eV/cell)   -31512.2567
Target enthalpy (eV/cell)   -31512.3732

siesta: Stress tensor (static) (eV/Ang**3):
        -0.001745   -0.000000   -0.000000
        -0.000000    0.000337   -0.000000
        -0.000000   -0.000000   -0.002535

siesta: Pressure (static):          2.10551973  kBar

siesta: Stress tensor (total) (eV/Ang**3):
        -0.001745   -0.000000   -0.000000
        -0.000000    0.000337   -0.000000
        -0.000000   -0.000000   -0.002535

siesta: Pressure (total):          2.10551973  kBar

outcoor: Relaxed atomic coordinates (fractional):           
    0.24999995    0.25000001    0.49999996   1       1  Ga
    0.75000006    0.25000003    0.50000000   1       2  Ga
   -0.00000046   -0.00485387   -0.00000006   2       3  Ni
    0.49999964   -0.00485394   -0.00000005   2       4  Ni
   -0.00000042    0.50485384   -0.00000008   2       5  Ni
    0.49999978    0.50485401    0.00000010   2       6  Ni
    0.25000065    0.75000001    0.50000007   2       7  Ni
    0.75000061    0.74999998    0.50000009   2       8  Ni

outcell: Unit cell vectors (Ang):
        5.133095    0.000000    0.000000
        0.000000    5.071407   -0.000000
        0.000000   -0.000000    3.406247

outcell: Cell vector modules (Ang)   :    5.133095    5.071407    3.406247
outcell: Cell angles (23,13,12) (deg):     90.0000     90.0000     90.0000
outcell: Cell volume (Ang**3)        :     88.6715

coxmol: Writing XMOL coordinates into file hea.xyz                                                                                                                                                                                                                             
Writing WFSX for COOP/COHP in hea.fullBZ.WFSX

diag: Algorithm                                     = D&C
diag: Parallel over k                               =   F
diag: Use parallel 2D distribution                  =   T
diag: Parallel block-size                           = 5
diag: Parallel distribution                         =     6 x     6
diag: Used triangular part                          = Lower
diag: Absolute tolerance                            =  0.100E-15
diag: Orthogonalization factor                      =  0.100E-05
diag: Memory factor                                 =  1.0000

diag: Algorithm                                     = D&C
diag: Parallel over k                               =   F
diag: Use parallel 2D distribution                  =   T
diag: Parallel block-size                           = 5
diag: Parallel distribution                         =     6 x     6
diag: Used triangular part                          = Lower
diag: Absolute tolerance                            =  0.100E-15
diag: Orthogonalization factor                      =  0.100E-05
diag: Memory factor                                 =  1.0000

siesta: PDOS info
siesta: E1 -- E2, sigma [eV], nhist:  -20.000 --   20.000    0.100 1000

diag: Algorithm                                     = D&C
diag: Parallel over k                               =   F
diag: Use parallel 2D distribution                  =   T
diag: Parallel block-size                           = 5
diag: Parallel distribution                         =     6 x     6
diag: Used triangular part                          = Lower
diag: Absolute tolerance                            =  0.100E-15
diag: Orthogonalization factor                      =  0.100E-05
diag: Memory factor                                 =  1.0000

siesta: Program's energy decomposition (eV):
siesta: Ebs     =     -4865.896232
siesta: Eions   =     39231.782261
siesta: Ena     =      2350.427204
siesta: Ekin    =     16309.816978
siesta: Enl     =     -6398.096991
siesta: Eso     =         0.000000
siesta: Edftu   =         0.000000
siesta: DEna    =        53.643526
siesta: DUscf   =         0.794485
siesta: DUext   =         0.000000
siesta: Ex      =     -4335.023692
siesta: Ec      =      -262.132351
siesta: Exc     =     -4597.156043
siesta: EbV     =         0.000000
siesta: eta*DQ  =         0.000000
siesta: Emadel  =         0.000000
siesta: Emeta   =         0.000000
siesta: Emolmec =         0.000000
siesta: Ekinion =         0.000000
siesta: Eharris =    -31512.353110
siesta: Etot    =    -31512.353101
siesta: FreeEng =    -31512.373196

siesta: Final energy (eV):
siesta:  Band Struct. =   -4865.896232
siesta:       Kinetic =   16309.816978
siesta:       Hartree =    8737.720241
siesta:         Edftu =       0.000000
siesta:       Eso     =       0.000000
siesta:    Ext. field =       0.000000
siesta:         Exch. =   -4335.023692
siesta:         Corr. =    -262.132351
siesta:     Bulk bias =       0.000000
siesta:   Exch.-corr. =   -4597.156043
siesta:  Ion-electron =  -34307.856133
siesta:       Ion-ion =  -17654.878145
siesta:       Ekinion =       0.000000
siesta: D3 dispersion =       0.000000
siesta:         Total =  -31512.353101
siesta:         Fermi =      -6.685648

siesta: Stress tensor (static) (eV/Ang**3):
siesta:    -0.001745   -0.000000   -0.000000
siesta:    -0.000000    0.000337   -0.000000
siesta:    -0.000000   -0.000000   -0.002535

siesta: Constrained stress tensor (static) (eV/Ang**3):
siesta:    -0.001745   -0.000000   -0.000000
siesta:    -0.000000    0.000337   -0.000000
siesta:    -0.000000   -0.000000   -0.002535

siesta: Cell volume =         88.671462 Ang**3

siesta: Pressure (static):
siesta:                Solid            Molecule  Units
siesta:           0.00001431          0.00000391  Ry/Bohr**3
siesta:           0.00131416          0.00035889  eV/Ang**3
siesta:           2.10551973          0.57500231  kBar
(Free)E+ p_basis*V_orbitals  =      -31481.774179
(Free)Eharris+ p_basis*V_orbitals  =      -31481.774188

mulliken: Atomic and Orbital Populations:

mulliken: Spin UP 

Species: Ga                  
Atom  Qatom  Qorb
               4s      4s      4s      4py     4pz     4px     4py     4pz     
               4px     4py     4pz     4px     3dxy    3dyz    3dz2    3dxz    
               3dx2-y2 4dxy    4dyz    4dz2    4dxz    4dx2-y2 
   1  6.683   0.431  -0.014   0.300   0.144  -0.122   0.539  -0.079  -0.063
             -0.061   0.162   0.127  -0.160   0.998   0.998   0.999   0.998

              1.000   0.065   0.171  -0.061   0.202   0.109
   2  6.683   0.431  -0.014   0.300   0.144  -0.122   0.539  -0.079  -0.063
             -0.061   0.162   0.127  -0.160   0.998   0.998   0.999   0.998

              1.000   0.065   0.171  -0.061   0.202   0.109

Species: Ni                  
Atom  Qatom  Qorb
               3s      4s      4s      4s      3py     3pz     3px     4py     
               4pz     4px     3dxy    3dyz    3dz2    3dxz    3dx2-y2 3dxy    
               3dyz    3dz2    3dxz    3dx2-y2 3dxy    3dyz    3dz2    3dxz    
               3dx2-y2 
   3  8.891   0.980  -0.883   0.133   0.626   0.999   0.998   0.998   0.230
              0.196   0.217   1.211   1.226   1.201   1.233   1.141  -0.082

             -0.083  -0.079  -0.082  -0.066  -0.216  -0.274  -0.220  -0.283

             -0.232
   4  8.891   0.980  -0.883   0.133   0.626   0.999   0.998   0.998   0.230
              0.196   0.217   1.211   1.226   1.201   1.233   1.141  -0.082

             -0.083  -0.079  -0.082  -0.066  -0.216  -0.274  -0.220  -0.283

             -0.232
   5  8.891   0.980  -0.883   0.133   0.626   0.999   0.998   0.998   0.230
              0.196   0.217   1.211   1.226   1.201   1.233   1.141  -0.082

             -0.083  -0.079  -0.082  -0.066  -0.216  -0.274  -0.220  -0.283

             -0.232
   6  8.891   0.980  -0.883   0.133   0.626   0.999   0.998   0.998   0.230
              0.196   0.217   1.211   1.226   1.201   1.233   1.141  -0.082

             -0.083  -0.079  -0.082  -0.066  -0.216  -0.274  -0.220  -0.283

             -0.232
   7  9.035   0.983  -0.357   0.082   0.375   0.999   0.999   0.999   0.235
              0.174   0.182   1.152   1.130   1.208   1.147   1.213  -0.070

             -0.067  -0.078  -0.069  -0.076  -0.194  -0.228  -0.216  -0.220

             -0.269
   8  9.035   0.983  -0.357   0.082   0.375   0.999   0.999   0.999   0.235
              0.174   0.182   1.152   1.130   1.208   1.147   1.213  -0.070

             -0.067  -0.078  -0.069  -0.076  -0.194  -0.228  -0.216  -0.220

             -0.269

mulliken: Qtot =       67.000

mulliken: Spin DOWN 

Species: Ga                  
Atom  Qatom  Qorb
               4s      4s      4s      4py     4pz     4px     4py     4pz     
               4px     4py     4pz     4px     3dxy    3dyz    3dz2    3dxz    
               3dx2-y2 4dxy    4dyz    4dz2    4dxz    4dx2-y2 
   1  6.683   0.431  -0.014   0.300   0.144  -0.122   0.539  -0.079  -0.063
             -0.061   0.162   0.127  -0.160   0.998   0.998   0.999   0.998

              1.000   0.065   0.171  -0.061   0.202   0.109
   2  6.683   0.431  -0.014   0.300   0.144  -0.122   0.539  -0.079  -0.063
             -0.061   0.162   0.127  -0.160   0.998   0.998   0.999   0.998

              1.000   0.065   0.171  -0.061   0.202   0.109

Species: Ni                  
Atom  Qatom  Qorb
               3s      4s      4s      4s      3py     3pz     3px     4py     
               4pz     4px     3dxy    3dyz    3dz2    3dxz    3dx2-y2 3dxy    
               3dyz    3dz2    3dxz    3dx2-y2 3dxy    3dyz    3dz2    3dxz    
               3dx2-y2 
   3  8.891   0.980  -0.883   0.133   0.626   0.999   0.998   0.998   0.230
              0.196   0.217   1.211   1.226   1.201   1.233   1.141  -0.082

             -0.083  -0.079  -0.082  -0.066  -0.216  -0.274  -0.220  -0.283

             -0.232
   4  8.891   0.980  -0.883   0.133   0.626   0.999   0.998   0.998   0.230
              0.196   0.217   1.211   1.226   1.201   1.233   1.141  -0.082

             -0.083  -0.079  -0.082  -0.066  -0.216  -0.274  -0.220  -0.283

             -0.232
   5  8.891   0.980  -0.883   0.133   0.626   0.999   0.998   0.998   0.230
              0.196   0.217   1.211   1.226   1.201   1.233   1.141  -0.082

             -0.083  -0.079  -0.082  -0.066  -0.216  -0.274  -0.220  -0.283

             -0.232
   6  8.891   0.980  -0.883   0.133   0.626   0.999   0.998   0.998   0.230
              0.196   0.217   1.211   1.226   1.201   1.233   1.141  -0.082

             -0.083  -0.079  -0.082  -0.066  -0.216  -0.274  -0.220  -0.283

             -0.232
   7  9.035   0.983  -0.357   0.082   0.375   0.999   0.999   0.999   0.235
              0.174   0.182   1.152   1.130   1.208   1.147   1.213  -0.070

             -0.067  -0.078  -0.069  -0.076  -0.194  -0.228  -0.216  -0.220

             -0.269
   8  9.035   0.983  -0.357   0.082   0.375   0.999   0.999   0.999   0.235
              0.174   0.182   1.152   1.130   1.208   1.147   1.213  -0.070

             -0.067  -0.078  -0.069  -0.076  -0.194  -0.228  -0.216  -0.220

             -0.269

mulliken: Qtot =       67.000

Mulliken Atomic Populations:
Atom #   charge [q] valence [e]      Sz [e]  Species
     1    -0.365992   13.365992   -0.000000  Ga
     2    -0.365897   13.365897    0.000000  Ga
     3     0.217662   17.782338    0.000000  Ni
     4     0.217660   17.782340   -0.000000  Ni
     5     0.217662   17.782338    0.000000  Ni
     6     0.217662   17.782338   -0.000000  Ni
     7    -0.069373   18.069373   -0.000000  Ni
     8    -0.069383   18.069383    0.000000  Ni
-------------------------------------------
 Total     0.000000               -0.000000

cite: Please indicate the Siesta version in published work: 5.2.2
cite: This calculation has made use of features in the following articles
cite: which we encourage you to cite in published work.
cite: (Please see "hea.bib" for a BibTeX file.)
        Primary SIESTA paper
          DOI: www.doi.org/10.1088/0953-8984/14/11/302
        PSML pseudopotential format
          DOI: www.doi.org/10.1016/j.cpc.2018.02.011


>> End of run:  31-JUL-2025  11:08:31
Job completed
