Executable      : /home/users/felipegc/woltsoft/SIESTA/siesta-5.2.2/build/bin/siesta
Version         : 5.2.2
Architecture    : x86_64
Compiler version: GNU-9.3.0
Compiler flags  : -O3 -march=native
Parallelisations: MPI
Lua support
Native ELPA support
ELSI support. Solvers:
   ELPA (internal) 
   NTPoly
   OMM
DFT-D3 support
Wannier90 wrapper support

Runtime information:
* Directory : /home/users/felipegc/MnGaNi/top/structure_calc_139
* Running on 36 nodes in parallel.
>> Start of run:  18-JUN-2025   1:36:40

                           *********************** 
                           *  WELCOME TO SIESTA  * 
                           *********************** 

 NOTE: Siesta V5 introduces some new defaults for basis-set generation
 NOTE: which might lead to slightly different numerical results.
 NOTE: Please see the manual for full details and compatibility measures.


reinit: Reading from standard input
reinit: Dumping input in INPUT_TMP.55566
************************** Dump of input data file ****************************
SystemName          hea
SystemLabel         hea
Reparametrize.Pseudos T
Restricted.Radial.Grid F
%include atoms.fdf
MaxSCFIterations     20000
SCF.Mix              Hamiltonian
SCF.Mixer.Method     Broyden
#SCF.Mixer.Variant    original #Pulay original
SCF.Mixer.History    8
SCF.Mixer.Weight     0.07
SCF.H.Converge       False
SCF.DM.Converge      True
SCF.DM.Tolerance     5.d-4
SCF.H.Tolerance      5.d-3 eV
MeshCutoff 300.0 Ry
MD.UseSaveCG         False
DM.UseSaveDM         False
NumberOfEigenStates -20
ElectronicTemperature 300 K
WriteCoorXmol        True
XC.Functional     GGA
XC.authors        PBEsol
SpinPolarized      True
SolutionMethod       diagon
#Diag.Algorithm        MRRR
###################################
###################################
# Full template for Basis param.
###################################
###################################
Basis.Pressure 0.3 GPa
PAO.SoftDefault T
PAO.SoftPotential 50.0 Ry
PAO.SoftInnerRadius 0.70
PAO.BasisType split
PAO.EnergyShift 0.0019 eV
PAO.BasisSize TZP
PAO.SplitTailNorm T
            %block kgrid_Monkhorst_Pack
            2  0  0  0.
            0  6  0  0.
            0  0  4  0.
            %endblock kgrid_Monkhorst_Pack
            MD.TypeOfRun CG
            MD.Steps         500
            MD.VariableCell true
            MD.MaxForceTol 0.05 eV/Ang
            WriteMDHistory true
            WriteForces true
            Write.OrbitalIndex true
            Charge.Mulliken end
            COOP.Write true
            %block ProjectedDensityOfStates
            -20.00 20.00 0.1 1000 eV
            %endblock ProjectedDensityOfStates
************************** End of input data file *****************************

reinit: -----------------------------------------------------------------------
reinit: System Name: hea
reinit: -----------------------------------------------------------------------
reinit: System Label: hea
reinit: -----------------------------------------------------------------------

NOTE on units for spin output: 
{S} is the spin magnetic moment, in units of the Bohr magneton,
assuming a g-factor for the electron spin of exactly 2.
The spin magnetic moment is then numerically equal to the charge inbalance,
in units of electrons, between the spin-up and -down channels.


initatom: Reading input for the pseudopotentials and atomic orbitals ----------
Species number:   1 Atomic number:   25 Label: Mn

Ground state valence configuration (from tables):   4s02  4p00  3d05  4f00

---- Processing specs for species: Mn
Reading pseudopotential information in PSML from:
  Mn.psml
PSML file version: 1.1
Using libxc ids:  101 130
GGA--PBE XC_GGA_X_PBE--XC_GGA_C_PBE pb
PSML uuid: e5ebd880-be41-11e7-659b-074ddfc7bd15
Semicore shell(s) with  8 electrons included in the valence for Mn

---- Pseudopotential check for Mn

Pseudized shells:
3s( 2.00) rc: 1.41
3p( 6.00) rc: 1.21
3d( 5.00) rc: 1.61
Valence configuration for ps generation: 3s:3p:3d:4s: Total charge:  15.000000
Semicore shell(s): 3s 3p
Fallback to non-perturbative polarization scheme for Mn
Please see the manual if this is not desired in principle
For Mn, standard SIESTA heuristics set lmxkb to 3
 (one more than the basis l, including polarization orbitals).
Use PS.lmax or PS.KBprojectors blocks to override.
Mn pseudopotential only contains V_ls up to l=2 -- lmxkb reset.

<basis_specs>
===============================================================================
Mn                   Z=  25    Mass=  54.938        Charge= 0.17977+309
Lmxo=2 Lmxkb= 2    BasisType=split      Semic=T
L=0  Nsemic=1  Cnfigmx=4
          i=1  nzeta=1  polorb=0  (3s)  (semicore shell)
            splnorm:   0.15000    
               vcte:    50.000    
               rinn:  -0.70000    
               qcoe:    0.0000    
               qyuk:    0.0000    
               qwid:   0.10000E-01
                rcs:    0.0000    
            lambdas:    1.0000    
          i=2  nzeta=3  polorb=0  (4s)  (to be polarized non-perturbatively)
            splnorm:   0.15000    
               vcte:    50.000    
               rinn:  -0.70000    
               qcoe:    0.0000    
               qyuk:    0.0000    
               qwid:   0.10000E-01
                rcs:    0.0000      0.0000      0.0000    
            lambdas:    1.0000      1.0000      1.0000    
L=1  Nsemic=1  Cnfigmx=4
          i=1  nzeta=1  polorb=0  (3p)  (semicore shell)
            splnorm:   0.15000    
               vcte:    50.000    
               rinn:  -0.70000    
               qcoe:    0.0000    
               qyuk:    0.0000    
               qwid:   0.10000E-01
                rcs:    0.0000    
            lambdas:    1.0000    
          i=2  nzeta=1  polorb=0  (4p)  (non-perturbative polarization shell)
            splnorm:   0.15000    
               vcte:    50.000    
               rinn:  -0.70000    
               qcoe:   0.44938-315
               qyuk:    0.0000    
               qwid:   0.69534-309
                rcs:    0.0000    
            lambdas:    1.0000    
L=2  Nsemic=0  Cnfigmx=3
          i=1  nzeta=3  polorb=0  (3d)
            splnorm:   0.15000    
               vcte:    50.000    
               rinn:  -0.70000    
               qcoe:    0.0000    
               qyuk:    0.0000    
               qwid:   0.10000E-01
                rcs:    0.0000      0.0000      0.0000    
            lambdas:    1.0000      1.0000      1.0000    
-------------------------------------------------------------------------------
L=0  Nkbl=2  erefs: 0.17977+309 0.17977+309
L=1  Nkbl=2  erefs: 0.17977+309 0.17977+309
L=2  Nkbl=1  erefs: 0.17977+309
===============================================================================
</basis_specs>

Using PAO.SplitTailNorm
atom: Called for Mn                    (Z =  25)
Maximum radius (at nrval) set to   50.00000 8518

read_vps: Pseudopotential generation method:
read_vps: ONCVPSP-3.Hamann's oncvpsp                        
Valence charge in pseudo generation:   15.00000

read_vps: Pseudopotential includes a core correction:
read_vps: Pseudo-core for xc-correction

xc_check: Exchange-correlation functional:
xc_check: GGA PBEsol
xc_check: WARNING: Pseudopotential generated with GGA PBE functional
Got Vlocal (oncv-fit) from psml data
Choosing vlocal chloc cutoff:  3.504263
qtot up to nchloc:   15.00032895
atom: Maximum radius for chlocal:    3.50426
atom: Maximum radius for r*vlocal+2*Zval:    3.50426
Reading KB projs from Mn psml data
Using scalar-relativistic projectors in PSML file

PSML: Kleinman-Bylander projectors: 
   l= 0   rc=  1.427391   Ekb= 18.471374
   l= 0   rc=  1.430269   Ekb=  3.121111
   l= 1   rc=  1.224702   Ekb=  3.156115
   l= 1   rc=  1.224702   Ekb= -1.424352
   l= 2   rc=  1.630219   Ekb=-13.224142
   l= 2   rc=  1.630219   Ekb= -4.330632

PSML: Total number of  Kleinman-Bylander projectors:  18
atom: -------------------------------------------------------------------------

atom: SANKEY-TYPE ORBITALS:
atom: Selected multiple-zeta basis: split     

SPLIT: Orbitals with angular momentum L= 0

SPLIT: Basis orbitals for state 3s

SPLIT: PAO cut-off radius determined from an
SPLIT: energy shift=  0.000140 Ry
Split based on tail norm

   izeta = 1
                 lambda =    1.000000
                     rc =    3.380000
                 energy =   -6.293298
                kinetic =    2.848567
    potential(screened) =   -9.141865
       potential(ionic) =  -33.519753

SPLIT: Basis orbitals for state 4s

SPLIT: PAO cut-off radius determined from an
SPLIT: energy shift=  0.000140 Ry
Split based on tail norm

   izeta = 1
                 lambda =    1.000000
                     rc =   10.002455
                 energy =   -0.450676
                kinetic =    1.112603
    potential(screened) =   -1.563278
       potential(ionic) =  -13.199632

   izeta = 2
                 rmatch =    5.430276
              splitnorm =    0.150000
                 energy =   -0.360834
                kinetic =    1.875764
    potential(screened) =   -2.236598
       potential(ionic) =  -15.982656

   izeta = 3
                 rmatch =    6.342382
              splitnorm =    0.075000
                 energy =   -0.415048
                kinetic =    1.529261
    potential(screened) =   -1.944310
       potential(ionic) =  -14.865309

SPLIT: Orbitals with angular momentum L= 1

SPLIT: Basis orbitals for state 3p

SPLIT: PAO cut-off radius determined from an
SPLIT: energy shift=  0.000140 Ry
Split based on tail norm

   izeta = 1
                 lambda =    1.000000
                     rc =    3.873861
                 energy =   -3.996757
                kinetic =    6.976018
    potential(screened) =  -10.972775
       potential(ionic) =  -34.563053

SPLIT: Basis orbitals for state 4p
SPLIT: Non-perturbative polarization orbs for state 4s
SPLIT: rc(1st zeta) (re)set to: 10.0025 (expansion factor: 1.0000)
Split based on tail norm

   izeta = 1
                 lambda =    1.000000
                     rc =   10.002455
                 energy =   -0.085879
                kinetic =    0.770317
    potential(screened) =   -0.856196
       potential(ionic) =   -9.409918

SPLIT: Orbitals with angular momentum L= 2

SPLIT: Basis orbitals for state 3d

SPLIT: PAO cut-off radius determined from an
SPLIT: energy shift=  0.000140 Ry
Split based on tail norm

   izeta = 1
                 lambda =    1.000000
                     rc =    7.238756
                 energy =   -0.490123
                kinetic =    9.261574
    potential(screened) =   -9.751697
       potential(ionic) =  -30.334327

   izeta = 2
                 rmatch =    3.144499
              splitnorm =    0.150000
                 energy =   -0.401801
                kinetic =   11.021778
    potential(screened) =  -11.423579
       potential(ionic) =  -33.555539

   izeta = 3
                 rmatch =    3.972182
              splitnorm =    0.075000
                 energy =   -0.464167
                kinetic =   10.072383
    potential(screened) =  -10.536551
       potential(ionic) =  -31.940836
atom: Total number of Sankey-type orbitals: 25

atm_pop: Valence configuration (for local Pseudopot. screening):
 3s( 2.00) 4s( 2.00)                                                  
 3p( 6.00) 4p( 0.00)                                                  
 3d( 5.00)                                                            
Vna: chval, zval:   15.00000  15.00000

Vna:  Cut-off radius for the neutral-atom potential:  10.002455
comcore: Pseudo-core radius Rcore=  2.115123

atom: _________________________________________________________________________

prinput: Basis input 

PAO.BasisType split     

%block ChemicalSpeciesLabel
    1   25 Mn                      # Species index, atomic number, species label
%endblock ChemicalSpeciesLabel

%block PAO.Basis                 # Define Basis set
# WARNING: This information might be incomplete!
Mn                    5                    # Species label, number of l-shells
 n=3   0   1                         # n, l, Nzeta 
   3.380   
   1.000   
 n=4   0   3                         # n, l, Nzeta 
  10.002      5.430      6.342   
   1.000      1.000      1.000   
 n=3   1   1                         # n, l, Nzeta 
   3.874   
   1.000   
 n=4   1   1                         # n, l, Nzeta 
  10.002   
   1.000   
 n=3   2   3                         # n, l, Nzeta 
   7.239      3.144      3.972   
   1.000      1.000      1.000   
%endblock PAO.Basis

prinput: ----------------------------------------------------------------------

coor:   Atomic-coordinates input format  =     Fractional

siesta: Atomic coordinates (Bohr) and species
siesta:      0.00000   0.00000   0.00000  1        1
siesta:      4.70356   0.00000   0.00000  1        2
siesta:      9.40712   0.00000   0.00000  1        3
siesta:     14.11067   0.00000   0.00000  1        4
siesta:      2.35178   2.35178   3.32592  1        5
siesta:      7.05534   2.35178   3.32592  1        6
siesta:     11.75890   2.35178   3.32592  1        7
siesta:     16.46245   2.35178   3.32592  1        8

siesta: System type = bulk      

initatomlists: Number of atoms, orbitals, and projectors:      8   200   144

coxmol: Writing XMOL coordinates into file hea.xyz                                                                                                                                                                                                                             

siesta: ******************** Simulation parameters ****************************
siesta:
siesta: The following are some of the parameters of the simulation.
siesta: A complete list of the parameters used, including default values,
siesta: can be found in file out.fdf
siesta:
redata: Spin configuration                          = collinear
redata: Number of spin components                   = 2
redata: Time-Reversal Symmetry                      = T
redata: Spin spiral                                 = F
redata: Long output                                 =   F
redata: Number of Atomic Species                    =        1
redata: Charge density info will appear in .RHO file
redata: Write Mulliken charges (when)               = end
redata: Write Mulliken Pop.                         = Atomic and Orbital charges
redata: Write Hirshfeld charges (when)              = none
redata: Write Voronoi charges (when)                = none
redata: Write spin charge (when)                    = scf
redata: Matel table size (NRTAB)                    =     1024
redata: Mesh Cutoff                                 =   300.0000 Ry
redata: Net charge of the system                    =     0.0000 |e|
redata: Min. number of SCF Iter                     =        0
redata: Max. number of SCF Iter                     =    20000
redata: SCF convergence failure will abort job
redata: SCF mix quantity                            = Hamiltonian
redata: Mix DM or H after convergence               =   F
redata: Recompute H after scf cycle                 =   F
redata: Mix DM in first SCF step                    =   T
redata: Write Pulay info on disk                    =   F
redata: New DM Occupancy tolerance                  = 0.000000000001
redata: No kicks to SCF
redata: DM Mixing Weight for Kicks                  =     0.5000
redata: Require Harris convergence for SCF          =   F
redata: Harris energy tolerance for SCF             =     0.000100 eV
redata: Require DM convergence for SCF              =   T
redata: DM tolerance for SCF                        =     0.000500
redata: Require EDM convergence for SCF             =   F
redata: EDM tolerance for SCF                       =     0.001000 eV
redata: Require H convergence for SCF               =   F
redata: Hamiltonian tolerance for SCF               =     0.005000 eV
redata: Require (free) Energy convergence for SCF   =   F
redata: (free) Energy tolerance for SCF             =     0.000100 eV
redata: Antiferro initial spin density              =   F
redata: Using DFT-D3 dispersion                     =   F
redata: Using Saved Data (generic)                  =   F
redata: Use continuation files for DM               =   F
redata: Neglect nonoverlap interactions             =   F
redata: Method of Calculation                       = Diagonalization
redata: Electronic Temperature                      =   300.0000 K
redata: Fix the spin of the system                  =   F
redata: Max. number of TDED Iter                    =        1
redata: Number of TDED substeps                     =        3
redata: Dynamics option                             = CG coord. optimization
redata: Variable cell                               =   T
redata: Use continuation files for CG               =   F
redata: Max atomic displ per move                   =     0.1058 Ang
redata: Maximum number of optimization moves        =      500
redata: Force tolerance                             =     0.0500 eV/Ang
redata: Stress tolerance                            =     1.0000 GPa
mix.SCF: Broyden mixing                          = Broyden
mix.SCF:    History steps                        = 8
mix.SCF:    Linear mixing weight                 =     0.070000
mix.SCF:    Inverse Jacobian weight              =     0.070000
mix.SCF:    Weight prime                         =     0.070000
mix.SCF:    SVD condition                        = 0.1000E-07
mix.SCF: Spin-component mixing                   all
redata: ***********************************************************************

%block SCF.Mixers
  Broyden
%endblock SCF.Mixers

%block SCF.Mixer.Broyden
  # Mixing method
  method broyden

  # Mixing options
  weight 0.0700
  weight.linear 0.0700
  weight.prime 0.0700
  history 8
%endblock SCF.Mixer.Broyden

DM_history_depth set to one: no extrapolation allowed by default for geometry relaxation
Size of DM history Fstack: 1
Total number of electrons:   120.000000
Total ionic charge:   120.000000

* ProcessorY, Blocksize:    4   5


* Orbital distribution balance (max,min):    10     5

k-point displ. along   1 input, could be:     0.00    0.50
k-point displ. along   2 input, could be:     0.00    0.50
k-point displ. along   3 input, could be:     0.00    0.50
 Kpoints in:           32 . Kpoints trimmed:           31

siesta: k-grid: Number of k-points = 31
siesta: k-points from Monkhorst-Pack grid
siesta: k-cutoff (effective) =     7.040 Ang
siesta: k-point supercell and displacements
siesta: k-grid:     2     0     0      0.000
siesta: k-grid:     0     6     0      0.000
siesta: k-grid:     0     0     4      0.000
k-point displ. along   1 input, could be:     0.00    0.50
k-point displ. along   2 input, could be:     0.00    0.50
k-point displ. along   3 input, could be:     0.00    0.50
 Kpoints in:           32 . Kpoints trimmed:           31

siesta: PDOS k-grid: Number of k-points = 31
siesta: PDOS k-points from Monkhorst-Pack grid
siesta: PDOS k-cutoff (effective) =     0.000 Ang
siesta: PDOS k-point supercell and displacements
siesta: k-grid:     2     0     0      0.000
siesta: k-grid:     0     6     0      0.000
siesta: k-grid:     0     0     4      0.000

diag: Algorithm                                     = D&C
diag: Parallel over k                               =   F
diag: Use parallel 2D distribution                  =   T
diag: Parallel block-size                           = 5
diag: Parallel distribution                         =     6 x     6
diag: Used triangular part                          = Lower
diag: Absolute tolerance                            =  0.100E-15
diag: Orthogonalization factor                      =  0.100E-05
diag: Memory factor                                 =  1.0000
diag: The diagonalization method chosen cannot compute a reduced number of eigenvectors.
diag: Resetting neigwanted 82 to 200

superc: Internal auxiliary supercell:     3 x     9 x     7  =     189
superc: Number of atoms, orbitals, and projectors:   1512  37800  27216


ts: **************************************************************
ts: Save H and S matrices                           =    F
ts: Save DM and EDM matrices                        =    F
ts: Only save the overlap matrix S                  =    F
ts: **************************************************************

************************ Begin: TS CHECKS AND WARNINGS ************************
************************ End: TS CHECKS AND WARNINGS **************************


                     ====================================
                        Begin CG opt. move =      0
                     ====================================

superc: Internal auxiliary supercell:     3 x     9 x     7  =     189
superc: Number of atoms, orbitals, and projectors:   1512  37800  27216

outcell: Unit cell vectors (Ang):
        9.956064    0.000000    0.000000
        0.000000    2.489016    0.000000
        0.000000    0.000000    3.520000

outcell: Cell vector modules (Ang)   :    9.956064    2.489016    3.520000
outcell: Cell angles (23,13,12) (deg):     90.0000     90.0000     90.0000
outcell: Cell volume (Ang**3)        :     87.2284
<dSpData1D:S at geom step 0
  <sparsity:sparsity for geom step 0
    nrows_g=200 nrows=10 sparsity=1.2031 nnzs=48122, refcount: 7>
  <dData1D:(new from dSpData1D) n=48122, refcount: 1>
refcount: 1>
new_DM -- step:     1
Initializing Density Matrix...
DM filled with atomic data:
<dSpData2D:DM initialized from atoms
  <sparsity:sparsity for geom step 0
    nrows_g=200 nrows=10 sparsity=1.2031 nnzs=48122, refcount: 8>
  <dData2D:DM n=48122 m=2, refcount: 1>
refcount: 1>
No. of atoms with KB's overlaping orbs in proc 0. Max # of overlaps:     166     783

InitMesh: MESH = 108 x 30 x 40 = 129600
InitMesh: Mesh cutoff (required, used) =   300.000   325.218 Ry
New grid distribution [1]: sub = 2
New grid distribution [2]: sub = 2
New grid distribution [3]: sub = 2
Setting up quadratic distribution...

stepf: Fermi-Dirac step function

siesta: Program's energy decomposition (eV):
siesta: Ebs     =     -4696.880496
siesta: Eions   =     32093.321687
siesta: Ena     =      3327.723866
siesta: Ekin    =     10311.616447
siesta: Enl     =     -1491.077160
siesta: Eso     =         0.000000
siesta: Edftu   =         0.000000
siesta: DEna    =       210.364578
siesta: DUscf   =         4.759978
siesta: DUext   =         0.000000
siesta: Ex      =     -3701.428793
siesta: Ec      =      -230.706943
siesta: Exc     =     -3932.135736
siesta: EbV     =         0.000000
siesta: eta*DQ  =         0.000000
siesta: Emadel  =         0.000000
siesta: Emeta   =         0.000000
siesta: Emolmec =         0.000000
siesta: Ekinion =         0.000000
siesta: Eharris =    -23535.366034
siesta: Etot    =    -23662.069713
siesta: FreeEng =    -23662.097218

        iscf     Eharris(eV)        E_KS(eV)     FreeEng(eV)     dDmax    Ef(eV) dHmax(eV)
   scf:    1   -23535.366034   -23662.069713   -23662.097218  3.173312 -6.290703  4.435201
     spin moment: {S} , |S| = {        0.0        0.0   24.33589 }    24.33589
timer: Routine,Calls,Time,% = IterSCF        1       3.402  33.30
   scf:    2   -23663.672326   -23662.888744   -23662.916713  0.403323 -6.425641  3.802402
     spin moment: {S} , |S| = {        0.0        0.0   24.16677 }    24.16677
   scf:    3   -23667.288228   -23665.513326   -23665.550651  1.696799 -7.164399  0.616098
     spin moment: {S} , |S| = {        0.0        0.0   22.43539 }    22.43539
   scf:    4   -23668.767900   -23667.011492   -23667.051409  0.276920 -7.219779  0.536324
     spin moment: {S} , |S| = {        0.0        0.0   19.32146 }    19.32146
   scf:    5   -23676.369947   -23670.206606   -23670.241140  0.629864 -7.691039  0.808315
     spin moment: {S} , |S| = {        0.0        0.0    9.03273 }     9.03273
   scf:    6   -23671.047020   -23670.590815   -23670.619245  0.113026 -7.700623  0.575704
     spin moment: {S} , |S| = {        0.0        0.0    7.34206 }     7.34206
   scf:    7   -23670.466272   -23670.534119   -23670.565058  0.079653 -7.595193  0.361822
     spin moment: {S} , |S| = {        0.0        0.0    7.82139 }     7.82139
   scf:    8   -23671.244157   -23670.853614   -23670.879002  0.083575 -7.609576  0.540441
     spin moment: {S} , |S| = {        0.0        0.0    6.44154 }     6.44154
   scf:    9   -23671.401662   -23671.084456   -23671.105451  0.116835 -7.731774  0.650657
     spin moment: {S} , |S| = {        0.0        0.0    4.58793 }     4.58793
   scf:   10   -23671.073401   -23671.078993   -23671.100270  0.004590 -7.741490  0.692092
     spin moment: {S} , |S| = {        0.0        0.0    4.53083 }     4.53083
   scf:   11   -23671.326472   -23671.157738   -23671.184394  0.139781 -7.782299  0.730354
     spin moment: {S} , |S| = {        0.0        0.0    2.86466 }     2.86466
   scf:   12   -23671.379032   -23671.299912   -23671.324810  0.091216 -7.575835  0.111918
     spin moment: {S} , |S| = {        0.0        0.0    2.39376 }     2.39376
   scf:   13   -23671.287018   -23671.290058   -23671.315617  0.026441 -7.584915  0.146518
     spin moment: {S} , |S| = {        0.0        0.0    2.80602 }     2.80602
   scf:   14   -23671.450889   -23671.336120   -23671.368446  0.156135 -7.594909  0.121306
     spin moment: {S} , |S| = {        0.0        0.0    1.48292 }     1.48292
   scf:   15   -23671.359753   -23671.347195   -23671.378399  0.021988 -7.582041  0.093438
     spin moment: {S} , |S| = {        0.0        0.0    1.30512 }     1.30512
   scf:   16   -23671.336711   -23671.305503   -23671.329985  0.126984 -7.590474  0.104308
     spin moment: {S} , |S| = {        0.0        0.0    2.61917 }     2.61917
   scf:   17   -23671.329317   -23671.315746   -23671.341630  0.020865 -7.582074  0.100992
     spin moment: {S} , |S| = {        0.0        0.0    2.33813 }     2.33813
   scf:   18   -23671.349789   -23671.328885   -23671.359517  0.051324 -7.576245  0.090817
     spin moment: {S} , |S| = {        0.0        0.0    1.91135 }     1.91135
   scf:   19   -23671.361530   -23671.343047   -23671.374812  0.052498 -7.577375  0.142230
     spin moment: {S} , |S| = {        0.0        0.0    1.62399 }     1.62399
   scf:   20   -23671.358317   -23671.350213   -23671.381383  0.030303 -7.577381  0.093407
     spin moment: {S} , |S| = {        0.0        0.0    1.43034 }     1.43034
   scf:   21   -23671.337058   -23671.343213   -23671.375188  0.019637 -7.577793  0.091999
     spin moment: {S} , |S| = {        0.0        0.0    1.56425 }     1.56425
   scf:   22   -23671.389236   -23671.362975   -23671.391654  0.043452 -7.576284  0.083605
     spin moment: {S} , |S| = {        0.0        0.0    1.17565 }     1.17565
   scf:   23   -23671.334993   -23671.346956   -23671.378551  0.036149 -7.577139  0.091551
     spin moment: {S} , |S| = {        0.0        0.0    1.48770 }     1.48770
   scf:   24   -23671.334852   -23671.340621   -23671.372817  0.021605 -7.577861  0.081064
     spin moment: {S} , |S| = {        0.0        0.0    1.59300 }     1.59300
   scf:   25   -23671.366098   -23671.352299   -23671.383072  0.021091 -7.577095  0.070295
     spin moment: {S} , |S| = {        0.0        0.0    1.35490 }     1.35490
   scf:   26   -23671.350395   -23671.351334   -23671.382293  0.001713 -7.577244  0.070629
     spin moment: {S} , |S| = {        0.0        0.0    1.38248 }     1.38248
   scf:   27   -23671.359756   -23671.355418   -23671.385773  0.009762 -7.577105  0.071670
     spin moment: {S} , |S| = {        0.0        0.0    1.30609 }     1.30609
   scf:   28   -23671.367290   -23671.361128   -23671.390463  0.010962 -7.576138  0.067877
     spin moment: {S} , |S| = {        0.0        0.0    1.21087 }     1.21087
   scf:   29   -23671.368286   -23671.364641   -23671.393225  0.009758 -7.575369  0.068185
     spin moment: {S} , |S| = {        0.0        0.0    1.15589 }     1.15589
   scf:   30   -23671.424221   -23671.388896   -23671.412289  0.054553 -7.561162  0.044744
     spin moment: {S} , |S| = {        0.0        0.0    0.69202 }     0.69202
   scf:   31   -23671.397308   -23671.392794   -23671.415606  0.016470 -7.556177  0.050321
     spin moment: {S} , |S| = {        0.0        0.0    0.59613 }     0.59613
   scf:   32   -23671.396748   -23671.394708   -23671.417283  0.013628 -7.554255  0.037365
     spin moment: {S} , |S| = {        0.0        0.0    0.56523 }     0.56523
   scf:   33   -23671.396425   -23671.395529   -23671.418031  0.005652 -7.552650  0.030427
     spin moment: {S} , |S| = {        0.0        0.0    0.52887 }     0.52887
   scf:   34   -23671.399710   -23671.397312   -23671.419790  0.011449 -7.550152  0.027218
     spin moment: {S} , |S| = {        0.0        0.0    0.41564 }     0.41564
   scf:   35   -23671.398324   -23671.397793   -23671.420245  0.004428 -7.549440  0.026244
     spin moment: {S} , |S| = {        0.0        0.0    0.38438 }     0.38438
   scf:   36   -23671.403945   -23671.399824   -23671.422243  0.020996 -7.547859  0.017741
     spin moment: {S} , |S| = {        0.0        0.0    0.17770 }     0.17770
   scf:   37   -23671.400939   -23671.400256   -23671.422713  0.008237 -7.548093  0.010883
     spin moment: {S} , |S| = {        0.0        0.0    0.10718 }     0.10718
   scf:   38   -23671.400357   -23671.400306   -23671.422770  0.001099 -7.547854  0.014539
     spin moment: {S} , |S| = {        0.0        0.0    0.10243 }     0.10243
   scf:   39   -23671.400365   -23671.400337   -23671.422797  0.000990 -7.547646  0.015896
     spin moment: {S} , |S| = {        0.0        0.0    0.09735 }     0.09735
   scf:   40   -23671.401058   -23671.400477   -23671.423013  0.009546 -7.546875  0.011911
     spin moment: {S} , |S| = {        0.0        0.0    0.01578 }     0.01578
   scf:   41   -23671.400413   -23671.400381   -23671.423027  0.005851 -7.546117  0.007263
     spin moment: {S} , |S| = {        0.0        0.0   -0.03211 }    -0.03211
   scf:   42   -23671.400469   -23671.400413   -23671.423055  0.002701 -7.545505  0.006327
     spin moment: {S} , |S| = {        0.0        0.0   -0.01202 }    -0.01202
   scf:   43   -23671.400448   -23671.400426   -23671.423062  0.001766 -7.545208  0.004483
     spin moment: {S} , |S| = {        0.0        0.0    0.00171 }     0.00171
   scf:   44   -23671.400401   -23671.400412   -23671.423061  0.000943 -7.545261  0.002501
     spin moment: {S} , |S| = {        0.0        0.0   -0.00676 }    -0.00676
   scf:   45   -23671.400470   -23671.400436   -23671.423064  0.001792 -7.545141  0.001778
     spin moment: {S} , |S| = {        0.0        0.0    0.00731 }     0.00731
   scf:   46   -23671.400451   -23671.400443   -23671.423064  0.000458 -7.545083  0.001367
     spin moment: {S} , |S| = {        0.0        0.0    0.00999 }     0.00999

SCF Convergence by DM criterion
max |DM_out - DM_in|         :     0.0004578178
max |H_out - H_in|      (eV) :     0.0013665313
SCF cycle converged after 46 iterations

Using DM_out to compute the final energy and forces
No. of atoms with KB's overlaping orbs in proc 0. Max # of overlaps:     166     783

siesta: E_KS(eV) =           -23671.4004

siesta: E_KS - E_eggbox =    -23671.4004

siesta: Atomic forces (eV/Ang):
     1    0.000009    0.000000    0.000000
     2    0.000013    0.000000   -0.000000
     3   -0.000008   -0.000000    0.000000
     4   -0.000014   -0.000000    0.000000
     5    0.000013    0.000000    0.000000
     6    0.000007    0.000000    0.000000
     7   -0.000018    0.000000    0.000000
     8   -0.000001    0.000000    0.000000
----------------------------------------
   Tot    0.000000    0.000000    0.000000
----------------------------------------
   Max    0.000018
   Res    0.000007    sqrt( Sum f_i^2 / 3N )
----------------------------------------
   Max    0.000018    constrained

Stress tensor Voigt[x,y,z,yz,xz,xy] (kbar):      113.21      148.45      148.14        0.00       -0.00        0.00
(Free)E + p*V (eV/cell)   -23678.8600
Target enthalpy (eV/cell)   -23671.4231

siesta: Stress tensor (static) (eV/Ang**3):
         0.070659    0.000000   -0.000000
         0.000000    0.092655    0.000000
        -0.000000    0.000000    0.092461

siesta: Pressure (static):       -136.59884141  kBar

siesta: Stress tensor (total) (eV/Ang**3):
         0.070659    0.000000   -0.000000
         0.000000    0.092655    0.000000
        -0.000000    0.000000    0.092461

siesta: Pressure (total):       -136.59884141  kBar

cgvc: No target stress found, assuming hydrostatic MD.TargetPressure.

cgvc: Target stress (kBar)
cgvc:        -0.000       0.000       0.000
cgvc:         0.000      -0.000       0.000
cgvc:         0.000       0.000      -0.000

                     ====================================
                        Begin CG opt. move =      1
                     ====================================
k-point displ. along   1 input, could be:     0.00    0.50
k-point displ. along   2 input, could be:     0.00    0.50
k-point displ. along   3 input, could be:     0.00    0.50
 Kpoints in:           32 . Kpoints trimmed:           31

siesta: k-grid: Number of k-points = 31
siesta: k-points from Monkhorst-Pack grid
siesta: k-cutoff (effective) =     6.947 Ang
siesta: k-point supercell and displacements
siesta: k-grid:     2     0     0      0.000
siesta: k-grid:     0     6     0      0.000
siesta: k-grid:     0     0     4      0.000

superc: Internal auxiliary supercell:     3 x     9 x     7  =     189
superc: Number of atoms, orbitals, and projectors:   1512  37800  27216

outcell: Unit cell vectors (Ang):
        9.855958   -0.000000    0.000000
       -0.000000    2.456199   -0.000000
        0.000000   -0.000000    3.473687

outcell: Cell vector modules (Ang)   :    9.855958    2.456199    3.473687
outcell: Cell angles (23,13,12) (deg):     90.0000     90.0000     90.0000
outcell: Cell volume (Ang**3)        :     84.0917
<dSpData1D:S at geom step 1
  <sparsity:sparsity for geom step 1
    nrows_g=200 nrows=10 sparsity=1.2031 nnzs=48122, refcount: 7>
  <dData1D:(new from dSpData1D) n=48122, refcount: 1>
refcount: 1>
new_DM -- step:     2
Re-using DM from previous geometries...
Number of DMs in history: 1
 DM extrapolation coefficients: 
1   1.00000
New DM after history re-use:
<dSpData2D:SpM extrapolated using coords
  <sparsity:sparsity for geom step 1
    nrows_g=200 nrows=10 sparsity=1.2031 nnzs=48122, refcount: 9>
  <dData2D:(temp array for extrapolation) n=48122 m=2, refcount: 1>
refcount: 1>
No. of atoms with KB's overlaping orbs in proc 0. Max # of overlaps:     166     783

InitMesh: MESH = 108 x 30 x 40 = 129600
InitMesh: Mesh cutoff (required, used) =   300.000   331.858 Ry
New grid distribution [1]: sub = 2
New grid distribution [2]: sub = 2
New grid distribution [3]: sub = 2
Setting up quadratic distribution...

        iscf     Eharris(eV)        E_KS(eV)     FreeEng(eV)     dDmax    Ef(eV) dHmax(eV)
   scf:    1   -23665.345459   -23671.566208   -23671.586147  0.104825 -7.622852  0.271800
     spin moment: {S} , |S| = {        0.0        0.0    0.00655 }     0.00655
   scf:    2   -23671.379457   -23671.516872   -23671.537470  0.070442 -7.793696  1.081472
     spin moment: {S} , |S| = {        0.0        0.0    0.00454 }     0.00454
   scf:    3   -23671.558625   -23671.574753   -23671.594825  0.049661 -7.667005  0.424127
     spin moment: {S} , |S| = {        0.0        0.0    0.00598 }     0.00598
   scf:    4   -23671.579432   -23671.579872   -23671.599996  0.007160 -7.682180  0.087807
     spin moment: {S} , |S| = {        0.0        0.0    0.00574 }     0.00574
   scf:    5   -23671.580241   -23671.580228   -23671.600365  0.002473 -7.686054  0.004095
     spin moment: {S} , |S| = {        0.0        0.0    0.00560 }     0.00560
   scf:    6   -23671.580229   -23671.580229   -23671.600369  0.000157 -7.686335  0.004321
     spin moment: {S} , |S| = {        0.0        0.0    0.00528 }     0.00528

SCF Convergence by DM criterion
max |DM_out - DM_in|         :     0.0001574729
max |H_out - H_in|      (eV) :     0.0043211122
SCF cycle converged after 6 iterations

Using DM_out to compute the final energy and forces
No. of atoms with KB's overlaping orbs in proc 0. Max # of overlaps:     166     783

siesta: E_KS(eV) =           -23671.5802

siesta: Atomic forces (eV/Ang):
     1    0.000107   -0.000000   -0.000000
     2    0.000222   -0.000000    0.000000
     3   -0.000147   -0.000000    0.000000
     4   -0.000187    0.000000    0.000000
     5    0.000343   -0.000000    0.000000
     6   -0.000057    0.000000    0.000000
     7   -0.000124   -0.000000   -0.000000
     8   -0.000165   -0.000000   -0.000000
----------------------------------------
   Tot   -0.000008   -0.000000    0.000000
----------------------------------------
   Max    0.000343
   Res    0.000108    sqrt( Sum f_i^2 / 3N )
----------------------------------------
   Max    0.000343    constrained

Stress tensor Voigt[x,y,z,yz,xz,xy] (kbar):       23.07       41.42       49.45       -0.00        0.00        0.00
(Free)E + p*V (eV/cell)   -23673.5937
Target enthalpy (eV/cell)   -23671.6004

siesta: Stress tensor (static) (eV/Ang**3):
         0.014399    0.000000    0.000000
         0.000000    0.025851   -0.000000
         0.000000   -0.000000    0.030862

siesta: Pressure (static):        -37.97824765  kBar

siesta: Stress tensor (total) (eV/Ang**3):
         0.014399    0.000000    0.000000
         0.000000    0.025851   -0.000000
         0.000000   -0.000000    0.030862

siesta: Pressure (total):        -37.97824765  kBar

                     ====================================
                        Begin CG opt. move =      2
                     ====================================
k-point displ. along   1 input, could be:     0.00    0.50
k-point displ. along   2 input, could be:     0.00    0.50
k-point displ. along   3 input, could be:     0.00    0.50
 Kpoints in:           32 . Kpoints trimmed:           31

siesta: k-grid: Number of k-points = 31
siesta: k-points from Monkhorst-Pack grid
siesta: k-cutoff (effective) =     6.799 Ang
siesta: k-point supercell and displacements
siesta: k-grid:     2     0     0      0.000
siesta: k-grid:     0     6     0      0.000
siesta: k-grid:     0     0     4      0.000

superc: Internal auxiliary supercell:     3 x     9 x     7  =     189
superc: Number of atoms, orbitals, and projectors:   1512  37800  27216

outcell: Unit cell vectors (Ang):
        9.695788   -0.000000    0.000000
       -0.000000    2.403692   -0.000000
        0.000000   -0.000000    3.399586

outcell: Cell vector modules (Ang)   :    9.695788    2.403692    3.399586
outcell: Cell angles (23,13,12) (deg):     90.0000     90.0000     90.0000
outcell: Cell volume (Ang**3)        :     79.2297
<dSpData1D:S at geom step 2
  <sparsity:sparsity for geom step 2
    nrows_g=200 nrows=10 sparsity=1.2691 nnzs=50762, refcount: 7>
  <dData1D:(new from dSpData1D) n=50762, refcount: 1>
refcount: 1>
new_DM -- step:     3
Re-using DM from previous geometries...
Number of DMs in history: 1
 DM extrapolation coefficients: 
1   1.00000
New DM after history re-use:
<dSpData2D:SpM extrapolated using coords
  <sparsity:sparsity for geom step 2
    nrows_g=200 nrows=10 sparsity=1.2691 nnzs=50762, refcount: 9>
  <dData2D:(temp array for extrapolation) n=50762 m=2, refcount: 1>
refcount: 1>
Note: For starting DM, Qtot, Tr[D*S] =        120.00000000        119.73906767
No. of atoms with KB's overlaping orbs in proc 0. Max # of overlaps:     166     807

InitMesh: MESH = 108 x 30 x 36 = 116640
InitMesh: Mesh cutoff (required, used) =   300.000   309.924 Ry
New grid distribution [1]: sub = 2
New grid distribution [2]: sub = 2
New grid distribution [3]: sub = 2
Setting up quadratic distribution...

        iscf     Eharris(eV)        E_KS(eV)     FreeEng(eV)     dDmax    Ef(eV) dHmax(eV)
   scf:    1   -23658.864743   -23671.335154   -23671.351566  0.236886 -7.803455  0.624144
     spin moment: {S} , |S| = {        0.0        0.0    0.00288 }     0.00288
   scf:    2   -23668.407563   -23670.415856   -23670.434317  0.206280 -8.145157  5.848761
     spin moment: {S} , |S| = {        0.0        0.0    0.00170 }     0.00170
   scf:    3   -23671.179078   -23671.357685   -23671.374218  0.178242 -7.838208  0.727275
     spin moment: {S} , |S| = {        0.0        0.0    0.00276 }     0.00276
   scf:    4   -23671.405041   -23671.390706   -23671.407544  0.055035 -7.913445  0.176357
     spin moment: {S} , |S| = {        0.0        0.0    0.00248 }     0.00248
   scf:    5   -23671.393891   -23671.393416   -23671.410343  0.013735 -7.934052  0.010916
     spin moment: {S} , |S| = {        0.0        0.0    0.00235 }     0.00235
   scf:    6   -23671.393420   -23671.393419   -23671.410347  0.000134 -7.934152  0.007726
     spin moment: {S} , |S| = {        0.0        0.0    0.00231 }     0.00231

SCF Convergence by DM criterion
max |DM_out - DM_in|         :     0.0001340154
max |H_out - H_in|      (eV) :     0.0077262954
SCF cycle converged after 6 iterations

Using DM_out to compute the final energy and forces
No. of atoms with KB's overlaping orbs in proc 0. Max # of overlaps:     166     807

siesta: E_KS(eV) =           -23671.3934

siesta: Atomic forces (eV/Ang):
     1   -0.001237   -0.000000   -0.000000
     2   -0.000218   -0.000000    0.000000
     3    0.001223   -0.000000   -0.000000
     4    0.000228   -0.000000   -0.000000
     5   -0.001040   -0.000000   -0.000000
     6    0.000721    0.000000    0.000000
     7    0.001055    0.000000   -0.000000
     8   -0.000735   -0.000000   -0.000000
----------------------------------------
   Tot   -0.000002   -0.000000   -0.000000
----------------------------------------
   Max    0.001237
   Res    0.000516    sqrt( Sum f_i^2 / 3N )
----------------------------------------
   Max    0.001237    constrained

Stress tensor Voigt[x,y,z,yz,xz,xy] (kbar):     -174.01     -177.31     -164.64       -0.00        0.00       -0.00
(Free)E + p*V (eV/cell)   -23662.9055
Target enthalpy (eV/cell)   -23671.4103

siesta: Stress tensor (static) (eV/Ang**3):
        -0.108607    0.000000    0.000000
        -0.000000   -0.110667   -0.000000
         0.000000   -0.000000   -0.102759

siesta: Pressure (static):        171.98457304  kBar

siesta: Stress tensor (total) (eV/Ang**3):
        -0.108607    0.000000    0.000000
        -0.000000   -0.110667   -0.000000
         0.000000   -0.000000   -0.102759

siesta: Pressure (total):        171.98457304  kBar

                     ====================================
                        Begin CG opt. move =      3
                     ====================================
k-point displ. along   1 input, could be:     0.00    0.50
k-point displ. along   2 input, could be:     0.00    0.50
k-point displ. along   3 input, could be:     0.00    0.50
 Kpoints in:           32 . Kpoints trimmed:           31

siesta: k-grid: Number of k-points = 31
siesta: k-points from Monkhorst-Pack grid
siesta: k-cutoff (effective) =     6.918 Ang
siesta: k-point supercell and displacements
siesta: k-grid:     2     0     0      0.000
siesta: k-grid:     0     6     0      0.000
siesta: k-grid:     0     0     4      0.000

superc: Internal auxiliary supercell:     3 x     9 x     7  =     189
superc: Number of atoms, orbitals, and projectors:   1512  37800  27216

outcell: Unit cell vectors (Ang):
        9.824700   -0.000000    0.000000
       -0.000000    2.445952   -0.000000
        0.000000   -0.000000    3.459226

outcell: Cell vector modules (Ang)   :    9.824700    2.445952    3.459226
outcell: Cell angles (23,13,12) (deg):     90.0000     90.0000     90.0000
outcell: Cell volume (Ang**3)        :     83.1278
<dSpData1D:S at geom step 3
  <sparsity:sparsity for geom step 3
    nrows_g=200 nrows=10 sparsity=1.2031 nnzs=48122, refcount: 7>
  <dData1D:(new from dSpData1D) n=48122, refcount: 1>
refcount: 1>
new_DM -- step:     4
Re-using DM from previous geometries...
Number of DMs in history: 1
 DM extrapolation coefficients: 
1   1.00000
New DM after history re-use:
<dSpData2D:SpM extrapolated using coords
  <sparsity:sparsity for geom step 3
    nrows_g=200 nrows=10 sparsity=1.2031 nnzs=48122, refcount: 9>
  <dData2D:(temp array for extrapolation) n=48122 m=2, refcount: 1>
refcount: 1>
Note: For starting DM, Qtot, Tr[D*S] =        120.00000000        120.27961139
No. of atoms with KB's overlaping orbs in proc 0. Max # of overlaps:     166     783

InitMesh: MESH = 108 x 30 x 40 = 129600
InitMesh: Mesh cutoff (required, used) =   300.000   333.973 Ry
New grid distribution [1]: sub = 2
New grid distribution [2]: sub = 2
New grid distribution [3]: sub = 2
Setting up quadratic distribution...

        iscf     Eharris(eV)        E_KS(eV)     FreeEng(eV)     dDmax    Ef(eV) dHmax(eV)
   scf:    1   -23682.446593   -23671.509213   -23671.529351  0.172673 -7.884314  0.886734
     spin moment: {S} , |S| = {        0.0        0.0    0.00165 }     0.00165
   scf:    2   -23641.240004   -23661.545808   -23661.564150  0.268412 -7.483106 17.368316
     spin moment: {S} , |S| = {        0.0        0.0    0.00085 }     0.00085
   scf:    3   -23671.398138   -23671.544029   -23671.563992  0.259976 -7.850222  0.602901
     spin moment: {S} , |S| = {        0.0        0.0    0.00158 }     0.00158
   scf:    4   -23671.611890   -23671.591116   -23671.610651  0.040766 -7.748986  0.155623
     spin moment: {S} , |S| = {        0.0        0.0    0.00141 }     0.00141
   scf:    5   -23671.593930   -23671.593535   -23671.613016  0.007079 -7.734877  0.010862
     spin moment: {S} , |S| = {        0.0        0.0    0.00135 }     0.00135
   scf:    6   -23671.593538   -23671.593537   -23671.613018  0.000071 -7.734820  0.007142
     spin moment: {S} , |S| = {        0.0        0.0    0.00134 }     0.00134

SCF Convergence by DM criterion
max |DM_out - DM_in|         :     0.0000708338
max |H_out - H_in|      (eV) :     0.0071420959
SCF cycle converged after 6 iterations

Using DM_out to compute the final energy and forces
No. of atoms with KB's overlaping orbs in proc 0. Max # of overlaps:     166     783

siesta: E_KS(eV) =           -23671.5935

siesta: Atomic forces (eV/Ang):
     1    0.001314    0.000000    0.000000
     2   -0.000022   -0.000000   -0.000000
     3   -0.001326   -0.000000    0.000000
     4    0.000036   -0.000000   -0.000000
     5    0.000955    0.000000   -0.000000
     6   -0.000980    0.000000   -0.000000
     7   -0.000909    0.000000   -0.000000
     8    0.000931    0.000000    0.000000
----------------------------------------
   Tot   -0.000001    0.000000    0.000000
----------------------------------------
   Max    0.001326
   Res    0.000542    sqrt( Sum f_i^2 / 3N )
----------------------------------------
   Max    0.001326    constrained

Stress tensor Voigt[x,y,z,yz,xz,xy] (kbar):      -10.27        1.78       11.17       -0.00       -0.00       -0.00
(Free)E + p*V (eV/cell)   -23671.6593
Target enthalpy (eV/cell)   -23671.6130

siesta: Stress tensor (static) (eV/Ang**3):
        -0.006412   -0.000000   -0.000000
        -0.000000    0.001111   -0.000000
        -0.000000   -0.000000    0.006971

siesta: Pressure (static):         -0.89190259  kBar

siesta: Stress tensor (total) (eV/Ang**3):
        -0.006412   -0.000000   -0.000000
        -0.000000    0.001111   -0.000000
        -0.000000   -0.000000    0.006971

siesta: Pressure (total):         -0.89190259  kBar

cgvc: Finished line minimization    1.  Mean atomic displacement =    0.0928

                     ====================================
                        Begin CG opt. move =      4
                     ====================================
k-point displ. along   1 input, could be:     0.00    0.50
k-point displ. along   2 input, could be:     0.00    0.50
k-point displ. along   3 input, could be:     0.00    0.50
 Kpoints in:           32 . Kpoints trimmed:           31

siesta: k-grid: Number of k-points = 31
siesta: k-points from Monkhorst-Pack grid
siesta: k-cutoff (effective) =     6.791 Ang
siesta: k-point supercell and displacements
siesta: k-grid:     2     0     0      0.000
siesta: k-grid:     0     6     0      0.000
siesta: k-grid:     0     0     4      0.000

superc: Internal auxiliary supercell:     3 x     9 x     7  =     189
superc: Number of atoms, orbitals, and projectors:   1512  37800  27216

outcell: Unit cell vectors (Ang):
       10.034010    0.000000    0.000000
        0.000000    2.444166    0.000000
        0.000000    0.000000    3.395398

outcell: Cell vector modules (Ang)   :   10.034010    2.444166    3.395398
outcell: Cell angles (23,13,12) (deg):     90.0000     90.0000     90.0000
outcell: Cell volume (Ang**3)        :     83.2714
<dSpData1D:S at geom step 4
  <sparsity:sparsity for geom step 4
    nrows_g=200 nrows=10 sparsity=1.2204 nnzs=48814, refcount: 7>
  <dData1D:(new from dSpData1D) n=48814, refcount: 1>
refcount: 1>
new_DM -- step:     5
Re-using DM from previous geometries...
Number of DMs in history: 1
 DM extrapolation coefficients: 
1   1.00000
New DM after history re-use:
<dSpData2D:SpM extrapolated using coords
  <sparsity:sparsity for geom step 4
    nrows_g=200 nrows=10 sparsity=1.2204 nnzs=48814, refcount: 9>
  <dData2D:(temp array for extrapolation) n=48814 m=2, refcount: 1>
refcount: 1>
No. of atoms with KB's overlaping orbs in proc 0. Max # of overlaps:     166     787

InitMesh: MESH = 108 x 30 x 36 = 116640
InitMesh: Mesh cutoff (required, used) =   300.000   310.689 Ry
New grid distribution [1]: sub = 2
New grid distribution [2]: sub = 2
New grid distribution [3]: sub = 2
Setting up quadratic distribution...

        iscf     Eharris(eV)        E_KS(eV)     FreeEng(eV)     dDmax    Ef(eV) dHmax(eV)
   scf:    1   -23671.567623   -23671.533194   -23671.546874  0.108146 -7.733963  0.682832
     spin moment: {S} , |S| = {        0.0        0.0    0.00053 }     0.00053
   scf:    2   -23431.055402   -23591.756102   -23591.781856  0.499948 -7.744989 46.382867
     spin moment: {S} , |S| = {        0.0        0.0    0.00035 }     0.00035
   scf:    3   -23672.658724   -23671.550061   -23671.563721  0.492771 -7.733187  0.043217
     spin moment: {S} , |S| = {        0.0        0.0    0.00051 }     0.00051
   scf:    4   -23671.550334   -23671.550204   -23671.563853  0.000752 -7.732707  0.024707
     spin moment: {S} , |S| = {        0.0        0.0    0.00049 }     0.00049
   scf:    5   -23671.550775   -23671.550528   -23671.564142  0.002240 -7.731046  0.027825
     spin moment: {S} , |S| = {        0.0        0.0    0.00040 }     0.00040
   scf:    6   -23671.550619   -23671.550585   -23671.564193  0.000666 -7.730676  0.017303
     spin moment: {S} , |S| = {        0.0        0.0    0.00038 }     0.00038
   scf:    7   -23671.550673   -23671.550637   -23671.564239  0.000825 -7.730222  0.004881
     spin moment: {S} , |S| = {        0.0        0.0    0.00034 }     0.00034
   scf:    8   -23671.550636   -23671.550638   -23671.564248  0.000422 -7.730313  0.007053
     spin moment: {S} , |S| = {        0.0        0.0    0.00030 }     0.00030

SCF Convergence by DM criterion
max |DM_out - DM_in|         :     0.0004223384
max |H_out - H_in|      (eV) :     0.0070526846
SCF cycle converged after 8 iterations

Using DM_out to compute the final energy and forces
No. of atoms with KB's overlaping orbs in proc 0. Max # of overlaps:     166     787

siesta: E_KS(eV) =           -23671.5506

siesta: Atomic forces (eV/Ang):
     1   -0.015548   -0.000001   -0.000001
     2    0.000230   -0.000000   -0.000000
     3    0.015916    0.000000    0.000001
     4   -0.000653   -0.000001   -0.000000
     5   -0.008529    0.000000   -0.000000
     6    0.008708    0.000000   -0.000000
     7    0.008375   -0.000000   -0.000000
     8   -0.008521    0.000000    0.000000
----------------------------------------
   Tot   -0.000022   -0.000003    0.000000
----------------------------------------
   Max    0.015916
   Res    0.005726    sqrt( Sum f_i^2 / 3N )
----------------------------------------
   Max    0.015916    constrained

Stress tensor Voigt[x,y,z,yz,xz,xy] (kbar):       75.11      -32.75      -37.55       -0.00        0.00        0.00
(Free)E + p*V (eV/cell)   -23671.6475
Target enthalpy (eV/cell)   -23671.5642

siesta: Stress tensor (static) (eV/Ang**3):
         0.046877    0.000000   -0.000000
         0.000000   -0.020439   -0.000000
         0.000000   -0.000000   -0.023438

siesta: Pressure (static):         -1.60214255  kBar

siesta: Stress tensor (total) (eV/Ang**3):
         0.046877    0.000000   -0.000000
         0.000000   -0.020439   -0.000000
         0.000000   -0.000000   -0.023438

siesta: Pressure (total):         -1.60214255  kBar

                     ====================================
                        Begin CG opt. move =      5
                     ====================================
k-point displ. along   1 input, could be:     0.00    0.50
k-point displ. along   2 input, could be:     0.00    0.50
k-point displ. along   3 input, could be:     0.00    0.50
 Kpoints in:           32 . Kpoints trimmed:           31

siesta: k-grid: Number of k-points = 31
siesta: k-points from Monkhorst-Pack grid
siesta: k-cutoff (effective) =     6.899 Ang
siesta: k-point supercell and displacements
siesta: k-grid:     2     0     0      0.000
siesta: k-grid:     0     6     0      0.000
siesta: k-grid:     0     0     4      0.000

superc: Internal auxiliary supercell:     3 x     9 x     7  =     189
superc: Number of atoms, orbitals, and projectors:   1512  37800  27216

outcell: Unit cell vectors (Ang):
        9.857150    0.000000    0.000000
        0.000000    2.445675    0.000000
        0.000000    0.000000    3.449330

outcell: Cell vector modules (Ang)   :    9.857150    2.445675    3.449330
outcell: Cell angles (23,13,12) (deg):     90.0000     90.0000     90.0000
outcell: Cell volume (Ang**3)        :     83.1543
<dSpData1D:S at geom step 5
  <sparsity:sparsity for geom step 5
    nrows_g=200 nrows=10 sparsity=1.2031 nnzs=48122, refcount: 7>
  <dData1D:(new from dSpData1D) n=48122, refcount: 1>
refcount: 1>
new_DM -- step:     6
Re-using DM from previous geometries...
Number of DMs in history: 1
 DM extrapolation coefficients: 
1   1.00000
New DM after history re-use:
<dSpData2D:SpM extrapolated using coords
  <sparsity:sparsity for geom step 5
    nrows_g=200 nrows=10 sparsity=1.2031 nnzs=48122, refcount: 9>
  <dData2D:(temp array for extrapolation) n=48122 m=2, refcount: 1>
refcount: 1>
No. of atoms with KB's overlaping orbs in proc 0. Max # of overlaps:     166     783

InitMesh: MESH = 108 x 30 x 36 = 116640
InitMesh: Mesh cutoff (required, used) =   300.000   301.049 Ry
New grid distribution [1]: sub = 2
New grid distribution [2]: sub = 2
New grid distribution [3]: sub = 2
Setting up quadratic distribution...

        iscf     Eharris(eV)        E_KS(eV)     FreeEng(eV)     dDmax    Ef(eV) dHmax(eV)
   scf:    1   -23671.139783   -23671.536004   -23671.553634  0.061298 -7.728916  1.289143
     spin moment: {S} , |S| = {        0.0        0.0    0.00019 }     0.00019
   scf:    2   -22734.010670   -23360.433301   -23360.466718  1.094731 -7.804725 90.736673
     spin moment: {S} , |S| = {        0.0        0.0    0.00019 }     0.00019
   scf:    3   -23675.646572   -23671.597574   -23671.615165  1.082827 -7.729898  0.103504
     spin moment: {S} , |S| = {        0.0        0.0    0.00018 }     0.00018
   scf:    4   -23671.598137   -23671.597979   -23671.615552  0.001679 -7.730484  0.061988
     spin moment: {S} , |S| = {        0.0        0.0    0.00018 }     0.00018
   scf:    5   -23671.598082   -23671.598044   -23671.615608  0.000542 -7.730791  0.050611
     spin moment: {S} , |S| = {        0.0        0.0    0.00018 }     0.00018
   scf:    6   -23671.596739   -23671.597903   -23671.615324  0.004411 -7.735745  0.147114
     spin moment: {S} , |S| = {        0.0        0.0    0.00015 }     0.00015
   scf:    7   -23671.598725   -23671.598381   -23671.615784  0.001117 -7.736159  0.079331
     spin moment: {S} , |S| = {        0.0        0.0    0.00014 }     0.00014
   scf:    8   -23671.598651   -23671.598549   -23671.615953  0.000606 -7.735770  0.037677
     spin moment: {S} , |S| = {        0.0        0.0    0.00014 }     0.00014
   scf:    9   -23671.598705   -23671.598639   -23671.616006  0.000819 -7.735012  0.009862
     spin moment: {S} , |S| = {        0.0        0.0    0.00012 }     0.00012
   scf:   10   -23671.598696   -23671.598669   -23671.616012  0.000445 -7.734676  0.001497
     spin moment: {S} , |S| = {        0.0        0.0    0.00011 }     0.00011

SCF Convergence by DM criterion
max |DM_out - DM_in|         :     0.0004451573
max |H_out - H_in|      (eV) :     0.0014970241
SCF cycle converged after 10 iterations

Using DM_out to compute the final energy and forces
No. of atoms with KB's overlaping orbs in proc 0. Max # of overlaps:     166     783

siesta: E_KS(eV) =           -23671.5987

siesta: Atomic forces (eV/Ang):
     1   -0.002458   -0.000000   -0.000000
     2    0.000027    0.000000   -0.000000
     3    0.002499   -0.000000   -0.000000
     4   -0.000068   -0.000000    0.000000
     5   -0.001441   -0.000000    0.000000
     6    0.001456   -0.000000   -0.000001
     7    0.001310   -0.000000    0.000000
     8   -0.001325   -0.000000   -0.000000
----------------------------------------
   Tot    0.000000   -0.000000   -0.000001
----------------------------------------
   Max    0.002499
   Res    0.000912    sqrt( Sum f_i^2 / 3N )
----------------------------------------
   Max    0.002499    constrained

Stress tensor Voigt[x,y,z,yz,xz,xy] (kbar):        4.17       -3.68        3.69        0.00       -0.00        0.00
(Free)E + p*V (eV/cell)   -23671.6883
Target enthalpy (eV/cell)   -23671.6160

siesta: Stress tensor (static) (eV/Ang**3):
         0.002606    0.000000    0.000000
         0.000000   -0.002300    0.000000
        -0.000000    0.000000    0.002300

siesta: Pressure (static):         -1.39185803  kBar

siesta: Stress tensor (total) (eV/Ang**3):
         0.002606    0.000000    0.000000
         0.000000   -0.002300    0.000000
        -0.000000    0.000000    0.002300

siesta: Pressure (total):         -1.39185803  kBar

outcoor: Relaxed atomic coordinates (fractional):           
    0.00001809    0.00000000    0.00000000   1       1  Mn
    0.24999976   -0.00000000   -0.00000000   1       2  Mn
    0.49998176   -0.00000000    0.00000000   1       3  Mn
    0.75000042   -0.00000000   -0.00000000   1       4  Mn
    0.12501318    0.50000000    0.50000000   1       5  Mn
    0.37498658    0.50000000    0.50000000   1       6  Mn
    0.62498742    0.50000000    0.50000000   1       7  Mn
    0.87501278    0.50000000    0.50000000   1       8  Mn

outcell: Unit cell vectors (Ang):
        9.857150    0.000000    0.000000
        0.000000    2.445675    0.000000
        0.000000    0.000000    3.449330

outcell: Cell vector modules (Ang)   :    9.857150    2.445675    3.449330
outcell: Cell angles (23,13,12) (deg):     90.0000     90.0000     90.0000
outcell: Cell volume (Ang**3)        :     83.1543

coxmol: Writing XMOL coordinates into file hea.xyz                                                                                                                                                                                                                             
Writing WFSX for COOP/COHP in hea.fullBZ.WFSX

diag: Algorithm                                     = D&C
diag: Parallel over k                               =   F
diag: Use parallel 2D distribution                  =   T
diag: Parallel block-size                           = 5
diag: Parallel distribution                         =     6 x     6
diag: Used triangular part                          = Lower
diag: Absolute tolerance                            =  0.100E-15
diag: Orthogonalization factor                      =  0.100E-05
diag: Memory factor                                 =  1.0000

diag: Algorithm                                     = D&C
diag: Parallel over k                               =   F
diag: Use parallel 2D distribution                  =   T
diag: Parallel block-size                           = 5
diag: Parallel distribution                         =     6 x     6
diag: Used triangular part                          = Lower
diag: Absolute tolerance                            =  0.100E-15
diag: Orthogonalization factor                      =  0.100E-05
diag: Memory factor                                 =  1.0000

siesta: PDOS info
siesta: E1 -- E2, sigma [eV], nhist:  -20.000 --   20.000    0.100 1000

diag: Algorithm                                     = D&C
diag: Parallel over k                               =   F
diag: Use parallel 2D distribution                  =   T
diag: Parallel block-size                           = 5
diag: Parallel distribution                         =     6 x     6
diag: Used triangular part                          = Lower
diag: Absolute tolerance                            =  0.100E-15
diag: Orthogonalization factor                      =  0.100E-05
diag: Memory factor                                 =  1.0000

siesta: Program's energy decomposition (eV):
siesta: Ebs     =     -4633.436864
siesta: Eions   =     32093.321687
siesta: Ena     =      3318.538508
siesta: Ekin    =     10399.434796
siesta: Enl     =     -1502.254363
siesta: Eso     =         0.000000
siesta: Edftu   =         0.000000
siesta: DEna    =       140.211555
siesta: DUscf   =         2.380541
siesta: DUext   =         0.000000
siesta: Ex      =     -3702.724464
siesta: Ec      =      -233.863556
siesta: Exc     =     -3936.588019
siesta: EbV     =         0.000000
siesta: eta*DQ  =         0.000000
siesta: Emadel  =         0.000000
siesta: Emeta   =         0.000000
siesta: Emolmec =         0.000000
siesta: Ekinion =         0.000000
siesta: Eharris =    -23671.598696
siesta: Etot    =    -23671.598669
siesta: FreeEng =    -23671.616012

siesta: Final energy (eV):
siesta:  Band Struct. =   -4633.436864
siesta:       Kinetic =   10399.434796
siesta:       Hartree =    4903.286440
siesta:         Edftu =       0.000000
siesta:       Eso     =       0.000000
siesta:    Ext. field =       0.000000
siesta:         Exch. =   -3702.724464
siesta:         Corr. =    -233.863556
siesta:     Bulk bias =       0.000000
siesta:   Exch.-corr. =   -3936.588019
siesta:  Ion-electron =  -21345.184080
siesta:       Ion-ion =  -13692.547806
siesta:       Ekinion =       0.000000
siesta: D3 dispersion =       0.000000
siesta:         Total =  -23671.598669
siesta:         Fermi =      -7.734676

siesta: Stress tensor (static) (eV/Ang**3):
siesta:     0.002606    0.000000    0.000000
siesta:     0.000000   -0.002300    0.000000
siesta:    -0.000000    0.000000    0.002300

siesta: Constrained stress tensor (static) (eV/Ang**3):
siesta:     0.002606    0.000000   -0.000000
siesta:     0.000000   -0.002300    0.000000
siesta:    -0.000000    0.000000    0.002300

siesta: Cell volume =         83.154346 Ang**3

siesta: Pressure (static):
siesta:                Solid            Molecule  Units
siesta:          -0.00000946         -0.00000999  Ry/Bohr**3
siesta:          -0.00086873         -0.00091735  eV/Ang**3
siesta:          -1.39185803         -1.46975932  kBar
(Free)E+ p_basis*V_orbitals  =      -23643.846848
(Free)Eharris+ p_basis*V_orbitals  =      -23643.846875

mulliken: Atomic and Orbital Populations:

mulliken: Spin UP 

Species: Mn                  
Atom  Qatom  Qorb
               3s      4s      4s      4s      3py     3pz     3px     4py     
               4pz     4px     3dxy    3dyz    3dz2    3dxz    3dx2-y2 3dxy    
               3dyz    3dz2    3dxz    3dx2-y2 3dxy    3dyz    3dz2    3dxz    
               3dx2-y2 
   1  7.500   0.984   0.016   0.073  -0.012   0.989   0.989   0.989   0.173
              0.174   0.172   0.776   1.031   0.741   1.046   1.019  -0.066

             -0.109  -0.061  -0.111  -0.105  -0.181  -0.283  -0.170  -0.289

             -0.286
   2  7.500   0.984   0.016   0.073  -0.012   0.989   0.989   0.989   0.173
              0.174   0.172   0.776   1.031   0.742   1.046   1.019  -0.066

             -0.109  -0.061  -0.111  -0.105  -0.181  -0.283  -0.170  -0.289

             -0.286
   3  7.500   0.984   0.016   0.073  -0.012   0.989   0.989   0.989   0.173
              0.174   0.172   0.776   1.031   0.741   1.046   1.019  -0.066

             -0.109  -0.061  -0.111  -0.105  -0.181  -0.283  -0.170  -0.289

             -0.286
   4  7.500   0.984   0.016   0.073  -0.012   0.989   0.989   0.989   0.173
              0.174   0.172   0.776   1.030   0.741   1.046   1.019  -0.066

             -0.109  -0.061  -0.111  -0.105  -0.181  -0.283  -0.170  -0.289

             -0.286
   5  7.500   0.984   0.012   0.074  -0.010   0.989   0.989   0.989   0.173
              0.174   0.172   0.776   1.031   0.742   1.046   1.020  -0.066

             -0.109  -0.060  -0.111  -0.105  -0.181  -0.283  -0.171  -0.289

             -0.288
   6  7.500   0.984   0.012   0.074  -0.010   0.989   0.989   0.989   0.173
              0.174   0.172   0.776   1.031   0.742   1.046   1.020  -0.066

             -0.109  -0.060  -0.111  -0.105  -0.181  -0.283  -0.171  -0.289

             -0.287
   7  7.500   0.984   0.012   0.074  -0.010   0.989   0.989   0.989   0.173
              0.174   0.172   0.776   1.031   0.742   1.046   1.020  -0.066

             -0.109  -0.060  -0.111  -0.105  -0.181  -0.283  -0.171  -0.289

             -0.288
   8  7.500   0.984   0.012   0.074  -0.010   0.989   0.989   0.989   0.173
              0.174   0.172   0.776   1.031   0.742   1.046   1.020  -0.066

             -0.109  -0.060  -0.111  -0.105  -0.181  -0.283  -0.171  -0.289

             -0.288

mulliken: Qtot =       60.000

mulliken: Spin DOWN 

Species: Mn                  
Atom  Qatom  Qorb
               3s      4s      4s      4s      3py     3pz     3px     4py     
               4pz     4px     3dxy    3dyz    3dz2    3dxz    3dx2-y2 3dxy    
               3dyz    3dz2    3dxz    3dx2-y2 3dxy    3dyz    3dz2    3dxz    
               3dx2-y2 
   1  7.500   0.984   0.016   0.073  -0.012   0.989   0.989   0.989   0.173
              0.174   0.172   0.775   1.030   0.741   1.046   1.019  -0.066

             -0.109  -0.061  -0.111  -0.105  -0.181  -0.283  -0.170  -0.289

             -0.286
   2  7.500   0.984   0.016   0.073  -0.012   0.989   0.989   0.989   0.173
              0.174   0.172   0.775   1.030   0.741   1.046   1.019  -0.066

             -0.109  -0.061  -0.111  -0.105  -0.181  -0.283  -0.170  -0.289

             -0.286
   3  7.500   0.984   0.016   0.073  -0.012   0.989   0.989   0.989   0.173
              0.174   0.172   0.775   1.030   0.741   1.046   1.019  -0.066

             -0.109  -0.061  -0.111  -0.105  -0.181  -0.283  -0.170  -0.289

             -0.286
   4  7.500   0.984   0.016   0.073  -0.012   0.989   0.989   0.989   0.173
              0.174   0.172   0.775   1.030   0.741   1.046   1.019  -0.066

             -0.109  -0.061  -0.111  -0.105  -0.181  -0.283  -0.170  -0.289

             -0.286
   5  7.500   0.984   0.012   0.074  -0.010   0.989   0.989   0.989   0.173
              0.174   0.172   0.776   1.031   0.742   1.046   1.020  -0.066

             -0.109  -0.060  -0.111  -0.105  -0.181  -0.283  -0.171  -0.289

             -0.288
   6  7.500   0.984   0.012   0.074  -0.010   0.989   0.989   0.989   0.173
              0.174   0.172   0.776   1.031   0.742   1.046   1.020  -0.066

             -0.109  -0.060  -0.111  -0.105  -0.181  -0.283  -0.171  -0.289

             -0.287
   7  7.500   0.984   0.012   0.074  -0.010   0.989   0.989   0.989   0.173
              0.174   0.172   0.776   1.031   0.742   1.046   1.020  -0.066

             -0.109  -0.060  -0.111  -0.105  -0.181  -0.283  -0.171  -0.289

             -0.288
   8  7.500   0.984   0.012   0.074  -0.010   0.989   0.989   0.989   0.173
              0.174   0.172   0.776   1.031   0.742   1.046   1.020  -0.066

             -0.109  -0.060  -0.111  -0.105  -0.181  -0.283  -0.171  -0.289

             -0.288

mulliken: Qtot =       60.000

Mulliken Atomic Populations:
Atom #   charge [q] valence [e]      Sz [e]  Species
     1    -0.000189   15.000189    0.000535  Mn
     2    -0.000216   15.000216    0.000533  Mn
     3    -0.000190   15.000190    0.000535  Mn
     4    -0.000184   15.000184    0.000538  Mn
     5     0.000147   14.999853   -0.000508  Mn
     6     0.000159   14.999841   -0.000508  Mn
     7     0.000226   14.999774   -0.000510  Mn
     8     0.000247   14.999753   -0.000510  Mn
-------------------------------------------
 Total     0.000000                0.000105

cite: Please indicate the Siesta version in published work: 5.2.2
cite: This calculation has made use of features in the following articles
cite: which we encourage you to cite in published work.
cite: (Please see "hea.bib" for a BibTeX file.)
        Primary SIESTA paper
          DOI: www.doi.org/10.1088/0953-8984/14/11/302
        PSML pseudopotential format
          DOI: www.doi.org/10.1016/j.cpc.2018.02.011


>> End of run:  18-JUN-2025   1:42:56
Job completed
