Executable      : /home/users/felipegc/woltsoft/SIESTA/siesta-5.2.2/build/bin/siesta
Version         : 5.2.2
Architecture    : x86_64
Compiler version: GNU-9.3.0
Compiler flags  : -O3 -march=native
Parallelisations: MPI
Lua support
Native ELPA support
ELSI support. Solvers:
   ELPA (internal) 
   NTPoly
   OMM
DFT-D3 support
Wannier90 wrapper support

Runtime information:
* Directory : /home/users/felipegc/MnNiGa/optimizations_afm/top/structure_calc_154
* Running on 36 nodes in parallel.
>> Start of run:  30-JUL-2025  18:46:57

                           *********************** 
                           *  WELCOME TO SIESTA  * 
                           *********************** 

 NOTE: Siesta V5 introduces some new defaults for basis-set generation
 NOTE: which might lead to slightly different numerical results.
 NOTE: Please see the manual for full details and compatibility measures.


reinit: Reading from standard input
reinit: Dumping input in INPUT_TMP.00038
************************** Dump of input data file ****************************
SystemName          hea
SystemLabel         hea
Reparametrize.Pseudos T
Restricted.Radial.Grid F
%include atoms.fdf
MaxSCFIterations     20000
SCF.Mix              Hamiltonian
SCF.Mixer.Method     Broyden
#SCF.Mixer.Variant    original #Pulay original
SCF.Mixer.History    8
SCF.Mixer.Weight     0.07
SCF.H.Converge       False
SCF.DM.Converge      True
SCF.DM.Tolerance     5.d-4
SCF.H.Tolerance      5.d-3 eV
MeshCutoff 300.0 Ry
MD.UseSaveCG         False
DM.UseSaveDM         False
NumberOfEigenStates -20
ElectronicTemperature 300 K
WriteCoorXmol        True
XC.Functional     GGA
XC.authors        PBEsol
Spin polarized
DM.InitSpin.AF true
SolutionMethod       diagon
#Diag.Algorithm        MRRR
###################################
###################################
# Full template for Basis param.
###################################
###################################
Basis.Pressure 0.3 GPa
PAO.SoftDefault T
PAO.SoftPotential 50.0 Ry
PAO.SoftInnerRadius 0.70
PAO.BasisType split
PAO.EnergyShift 0.0019 eV
PAO.BasisSize TZP
PAO.SplitTailNorm T
            %block kgrid_Monkhorst_Pack
            2  0  0  0.
            0  6  0  0.
            0  0  4  0.
            %endblock kgrid_Monkhorst_Pack
            MD.TypeOfRun CG
            MD.Steps         500
            MD.VariableCell true
            MD.MaxForceTol 0.05 eV/Ang
            WriteMDHistory true
            WriteForces true
            Write.OrbitalIndex true
            Charge.Mulliken end
            COOP.Write true
            %block ProjectedDensityOfStates
            -20.00 20.00 0.1 1000 eV
            %endblock ProjectedDensityOfStates
************************** End of input data file *****************************

reinit: -----------------------------------------------------------------------
reinit: System Name: hea
reinit: -----------------------------------------------------------------------
reinit: System Label: hea
reinit: -----------------------------------------------------------------------

NOTE on units for spin output: 
{S} is the spin magnetic moment, in units of the Bohr magneton,
assuming a g-factor for the electron spin of exactly 2.
The spin magnetic moment is then numerically equal to the charge inbalance,
in units of electrons, between the spin-up and -down channels.


initatom: Reading input for the pseudopotentials and atomic orbitals ----------
Species number:   1 Atomic number:   31 Label: Ga
Species number:   2 Atomic number:   28 Label: Ni

Ground state valence configuration (from tables):   4s02  4p01  4d00  4f00
Ground state valence configuration (from tables):   4s02  4p00  3d08  4f00

---- Processing specs for species: Ga
Reading pseudopotential information in PSML from:
  Ga.psml
PSML file version: 1.1
Using libxc ids:  101 130
GGA--PBE XC_GGA_X_PBE--XC_GGA_C_PBE pb
PSML uuid: 206972b0-be42-11e7-579b-1282fffb1a56
Semicore shell(s) with 10 electrons included in the valence for Ga

---- Processing specs for species: Ni
Reading pseudopotential information in PSML from:
  Ni.psml
PSML file version: 1.1
Using libxc ids:  101 130
GGA--PBE XC_GGA_X_PBE--XC_GGA_C_PBE pb
PSML uuid: 020bdba0-be42-11e7-6ded-a592ddfb3399
Semicore shell(s) with  8 electrons included in the valence for Ni

---- Pseudopotential check for Ga

Pseudized shells:
4s( 2.00) rc: 1.67
4p( 1.00) rc: 1.75
3d(10.00) rc: 1.90
Valence configuration for ps generation: 3d:4s:4p: Total charge:  13.000000
Semicore shell(s): 3d
Fallback to non-perturbative polarization scheme for Ga
Please see the manual if this is not desired in principle

---- Pseudopotential check for Ni

Pseudized shells:
3s( 2.00) rc: 1.26
3p( 6.00) rc: 1.35
3d( 8.00) rc: 1.66
Valence configuration for ps generation: 3s:3p:3d:4s: Total charge:  18.000000
Semicore shell(s): 3s 3p
Fallback to non-perturbative polarization scheme for Ni
Please see the manual if this is not desired in principle
For Ga, standard SIESTA heuristics set lmxkb to 3
 (one more than the basis l, including polarization orbitals).
Use PS.lmax or PS.KBprojectors blocks to override.
For Ni, standard SIESTA heuristics set lmxkb to 3
 (one more than the basis l, including polarization orbitals).
Use PS.lmax or PS.KBprojectors blocks to override.
Ga pseudopotential only contains V_ls up to l=2 -- lmxkb reset.
Ni pseudopotential only contains V_ls up to l=2 -- lmxkb reset.

<basis_specs>
===============================================================================
Ga                   Z=  31    Mass=  69.723        Charge= 0.17977+309
Lmxo=2 Lmxkb= 2    BasisType=split      Semic=T
L=0  Nsemic=0  Cnfigmx=4
          i=1  nzeta=3  polorb=0  (4s)
            splnorm:   0.15000    
               vcte:    50.000    
               rinn:  -0.70000    
               qcoe:    0.0000    
               qyuk:    0.0000    
               qwid:   0.10000E-01
                rcs:    0.0000      0.0000      0.0000    
            lambdas:    1.0000      1.0000      1.0000    
L=1  Nsemic=0  Cnfigmx=4
          i=1  nzeta=3  polorb=0  (4p)  (to be polarized non-perturbatively)
            splnorm:   0.15000    
               vcte:    50.000    
               rinn:  -0.70000    
               qcoe:    0.0000    
               qyuk:    0.0000    
               qwid:   0.10000E-01
                rcs:    0.0000      0.0000      0.0000    
            lambdas:    1.0000      1.0000      1.0000    
L=2  Nsemic=1  Cnfigmx=4
          i=1  nzeta=1  polorb=0  (3d)  (semicore shell)
            splnorm:   0.15000    
               vcte:    50.000    
               rinn:  -0.70000    
               qcoe:    0.0000    
               qyuk:    0.0000    
               qwid:   0.10000E-01
                rcs:    0.0000    
            lambdas:    1.0000    
          i=2  nzeta=1  polorb=0  (4d)  (non-perturbative polarization shell)
            splnorm:   0.15000    
               vcte:    50.000    
               rinn:  -0.70000    
               qcoe:   0.45986-315
               qyuk:    0.0000    
               qwid:   0.69530-309
                rcs:    0.0000    
            lambdas:    1.0000    
-------------------------------------------------------------------------------
L=0  Nkbl=1  erefs: 0.17977+309
L=1  Nkbl=1  erefs: 0.17977+309
L=2  Nkbl=2  erefs: 0.17977+309 0.17977+309
===============================================================================
</basis_specs>

Using PAO.SplitTailNorm
atom: Called for Ga                    (Z =  31)
Maximum radius (at nrval) set to   50.00000 8518

read_vps: Pseudopotential generation method:
read_vps: ONCVPSP-3.Hamann's oncvpsp                        
Valence charge in pseudo generation:   13.00000

read_vps: Pseudopotential includes a core correction:
read_vps: Pseudo-core for xc-correction

xc_check: Exchange-correlation functional:
xc_check: GGA PBEsol
xc_check: WARNING: Pseudopotential generated with GGA PBE functional
Got Vlocal (oncv-fit) from psml data
Choosing vlocal chloc cutoff:  4.295227
qtot up to nchloc:   13.00023270
atom: Maximum radius for chlocal:    4.29523
atom: Maximum radius for r*vlocal+2*Zval:    4.29523
Reading KB projs from Ga psml data
Using scalar-relativistic projectors in PSML file

PSML: Kleinman-Bylander projectors: 
   l= 0   rc=  1.688643   Ekb= 14.059564
   l= 0   rc=  1.688643   Ekb=  2.289351
   l= 1   rc=  1.772167   Ekb= 13.610457
   l= 1   rc=  1.772167   Ekb=  2.576326
   l= 2   rc=  1.926399   Ekb=-16.756509
   l= 2   rc=  1.926399   Ekb= -5.641527

PSML: Total number of  Kleinman-Bylander projectors:  18
atom: -------------------------------------------------------------------------

atom: SANKEY-TYPE ORBITALS:
atom: Selected multiple-zeta basis: split     

SPLIT: Orbitals with angular momentum L= 0

SPLIT: Basis orbitals for state 4s

SPLIT: PAO cut-off radius determined from an
SPLIT: energy shift=  0.000140 Ry
Split based on tail norm

   izeta = 1
                 lambda =    1.000000
                     rc =    8.573397
                 energy =   -0.660225
                kinetic =    0.501561
    potential(screened) =   -1.161786
       potential(ionic) =  -12.246649

   izeta = 2
                 rmatch =    4.547753
              splitnorm =    0.150000
                 energy =   -0.462291
                kinetic =    0.981430
    potential(screened) =   -1.443721
       potential(ionic) =  -13.770808

   izeta = 3
                 rmatch =    5.338573
              splitnorm =    0.075000
                 energy =   -0.599358
                kinetic =    0.744548
    potential(screened) =   -1.343906
       potential(ionic) =  -13.255962

SPLIT: Orbitals with angular momentum L= 1

SPLIT: Basis orbitals for state 4p

SPLIT: PAO cut-off radius determined from an
SPLIT: energy shift=  0.000140 Ry
Split based on tail norm

   izeta = 1
                 lambda =    1.000000
                     rc =   12.949509
                 energy =   -0.190428
                kinetic =    0.541974
    potential(screened) =   -0.732402
       potential(ionic) =   -9.174065

   izeta = 2
                 rmatch =    6.968471
              splitnorm =    0.150000
                 energy =   -0.153132
                kinetic =    0.764207
    potential(screened) =   -0.917338
       potential(ionic) =  -10.565779

   izeta = 3
                 rmatch =    8.212134
              splitnorm =    0.075000
                 energy =   -0.175794
                kinetic =    0.665884
    potential(screened) =   -0.841678
       potential(ionic) =  -10.014829

SPLIT: Orbitals with angular momentum L= 2

SPLIT: Basis orbitals for state 3d

SPLIT: PAO cut-off radius determined from an
SPLIT: energy shift=  0.000140 Ry
Split based on tail norm

   izeta = 1
                 lambda =    1.000000
                     rc =    4.873342
                 energy =   -1.390864
                kinetic =   12.335179
    potential(screened) =  -13.726043
       potential(ionic) =  -32.471836

SPLIT: Basis orbitals for state 4d
SPLIT: Non-perturbative polarization orbs for state 4p
SPLIT: rc(1st zeta) (re)set to: 12.9495 (expansion factor: 1.0000)
Split based on tail norm

   izeta = 1
                 lambda =    1.000000
                     rc =   12.949509
                 energy =    0.135451
                kinetic =    0.341434
    potential(screened) =   -0.205982
       potential(ionic) =   -4.584821
atom: Total number of Sankey-type orbitals: 22

atm_pop: Valence configuration (for local Pseudopot. screening):
 4s( 2.00)                                                            
 4p( 1.00)                                                            
 3d(10.00) 4d( 0.00)                                                  
Vna: chval, zval:   13.00000  13.00000

Vna:  Cut-off radius for the neutral-atom potential:  12.949509
comcore: Pseudo-core radius Rcore=  2.359857

atom: _________________________________________________________________________

<basis_specs>
===============================================================================
Ni                   Z=  28    Mass=  58.693        Charge= 0.17977+309
Lmxo=2 Lmxkb= 2    BasisType=split      Semic=T
L=0  Nsemic=1  Cnfigmx=4
          i=1  nzeta=1  polorb=0  (3s)  (semicore shell)
            splnorm:   0.15000    
               vcte:    50.000    
               rinn:  -0.70000    
               qcoe:    0.0000    
               qyuk:    0.0000    
               qwid:   0.10000E-01
                rcs:    0.0000    
            lambdas:    1.0000    
          i=2  nzeta=3  polorb=0  (4s)  (to be polarized non-perturbatively)
            splnorm:   0.15000    
               vcte:    50.000    
               rinn:  -0.70000    
               qcoe:    0.0000    
               qyuk:    0.0000    
               qwid:   0.10000E-01
                rcs:    0.0000      0.0000      0.0000    
            lambdas:    1.0000      1.0000      1.0000    
L=1  Nsemic=1  Cnfigmx=4
          i=1  nzeta=1  polorb=0  (3p)  (semicore shell)
            splnorm:   0.15000    
               vcte:    50.000    
               rinn:  -0.70000    
               qcoe:    0.0000    
               qyuk:    0.0000    
               qwid:   0.10000E-01
                rcs:    0.0000    
            lambdas:    1.0000    
          i=2  nzeta=1  polorb=0  (4p)  (non-perturbative polarization shell)
            splnorm:   0.15000    
               vcte:    50.000    
               rinn:  -0.70000    
               qcoe:   0.45986-315
               qyuk:    0.0000    
               qwid:   0.69530-309
                rcs:    0.0000    
            lambdas:    1.0000    
L=2  Nsemic=0  Cnfigmx=3
          i=1  nzeta=3  polorb=0  (3d)
            splnorm:   0.15000    
               vcte:    50.000    
               rinn:  -0.70000    
               qcoe:    0.0000    
               qyuk:    0.0000    
               qwid:   0.10000E-01
                rcs:    0.0000      0.0000      0.0000    
            lambdas:    1.0000      1.0000      1.0000    
-------------------------------------------------------------------------------
L=0  Nkbl=2  erefs: 0.17977+309 0.17977+309
L=1  Nkbl=2  erefs: 0.17977+309 0.17977+309
L=2  Nkbl=1  erefs: 0.17977+309
===============================================================================
</basis_specs>

Using PAO.SplitTailNorm
atom: Called for Ni                    (Z =  28)
Maximum radius (at nrval) set to   50.00000 8518

read_vps: Pseudopotential generation method:
read_vps: ONCVPSP-3.Hamann's oncvpsp                        
Valence charge in pseudo generation:   18.00000

read_vps: Pseudopotential includes a core correction:
read_vps: Pseudo-core for xc-correction

xc_check: Exchange-correlation functional:
xc_check: GGA PBEsol
xc_check: WARNING: Pseudopotential generated with GGA PBE functional
Got Vlocal (oncv-fit) from psml data
Choosing vlocal chloc cutoff:  3.188973
qtot up to nchloc:   17.99992641
atom: Maximum radius for chlocal:    3.18897
atom: Maximum radius for r*vlocal+2*Zval:    3.18897
Reading KB projs from Ni psml data
Using scalar-relativistic projectors in PSML file

PSML: Kleinman-Bylander projectors: 
   l= 0   rc=  1.276377   Ekb= 12.509070
   l= 0   rc=  1.276377   Ekb= -0.503495
   l= 1   rc=  1.371030   Ekb= -5.680418
   l= 1   rc=  1.371030   Ekb= -0.775211
   l= 2   rc=  1.680171   Ekb=-14.446879
   l= 2   rc=  1.680171   Ekb= -5.088878

PSML: Total number of  Kleinman-Bylander projectors:  18
atom: -------------------------------------------------------------------------

atom: SANKEY-TYPE ORBITALS:
atom: Selected multiple-zeta basis: split     

SPLIT: Orbitals with angular momentum L= 0

SPLIT: Basis orbitals for state 3s

SPLIT: PAO cut-off radius determined from an
SPLIT: energy shift=  0.000140 Ry
Split based on tail norm

   izeta = 1
                 lambda =    1.000000
                     rc =    2.999668
                 energy =   -8.139209
                kinetic =    3.776111
    potential(screened) =  -11.915319
       potential(ionic) =  -45.801861

SPLIT: Basis orbitals for state 4s

SPLIT: PAO cut-off radius determined from an
SPLIT: energy shift=  0.000140 Ry
Split based on tail norm

   izeta = 1
                 lambda =    1.000000
                     rc =    9.316220
                 energy =   -0.512978
                kinetic =    1.389681
    potential(screened) =   -1.902658
       potential(ionic) =  -17.770111

   izeta = 2
                 rmatch =    4.957068
              splitnorm =    0.150000
                 energy =   -0.410487
                kinetic =    2.329090
    potential(screened) =   -2.739576
       potential(ionic) =  -21.501560

   izeta = 3
                 rmatch =    5.824741
              splitnorm =    0.075000
                 energy =   -0.473172
                kinetic =    1.899833
    potential(screened) =   -2.373005
       potential(ionic) =  -19.995099

SPLIT: Orbitals with angular momentum L= 1

SPLIT: Basis orbitals for state 3p

SPLIT: PAO cut-off radius determined from an
SPLIT: energy shift=  0.000140 Ry
Split based on tail norm

   izeta = 1
                 lambda =    1.000000
                     rc =    3.414070
                 energy =   -5.225411
                kinetic =    9.244220
    potential(screened) =  -14.469631
       potential(ionic) =  -47.296381

SPLIT: Basis orbitals for state 4p
SPLIT: Non-perturbative polarization orbs for state 4s
SPLIT: rc(1st zeta) (re)set to: 9.3162 (expansion factor: 1.0000)
Split based on tail norm

   izeta = 1
                 lambda =    1.000000
                     rc =    9.316220
                 energy =   -0.065208
                kinetic =    0.825147
    potential(screened) =   -0.890355
       potential(ionic) =  -12.014212

SPLIT: Orbitals with angular momentum L= 2

SPLIT: Basis orbitals for state 3d

SPLIT: PAO cut-off radius determined from an
SPLIT: energy shift=  0.000140 Ry
Split based on tail norm

   izeta = 1
                 lambda =    1.000000
                     rc =    6.323353
                 energy =   -0.639566
                kinetic =   11.441999
    potential(screened) =  -12.081565
       potential(ionic) =  -40.678115

   izeta = 2
                 rmatch =    2.624859
              splitnorm =    0.150000
                 energy =   -0.513226
                kinetic =   13.528651
    potential(screened) =  -14.041878
       potential(ionic) =  -44.582092

   izeta = 3
                 rmatch =    3.356353
              splitnorm =    0.075000
                 energy =   -0.605538
                kinetic =   12.372939
    potential(screened) =  -12.978477
       potential(ionic) =  -42.595740
atom: Total number of Sankey-type orbitals: 25

atm_pop: Valence configuration (for local Pseudopot. screening):
 3s( 2.00) 4s( 2.00)                                                  
 3p( 6.00) 4p( 0.00)                                                  
 3d( 8.00)                                                            
Vna: chval, zval:   18.00000  18.00000

Vna:  Cut-off radius for the neutral-atom potential:   9.316220
comcore: Pseudo-core radius Rcore=  1.817282

atom: _________________________________________________________________________

prinput: Basis input 

PAO.BasisType split     

%block ChemicalSpeciesLabel
    1   31 Ga                      # Species index, atomic number, species label
    2   28 Ni                      # Species index, atomic number, species label
%endblock ChemicalSpeciesLabel

%block PAO.Basis                 # Define Basis set
# WARNING: This information might be incomplete!
Ga                    4                    # Species label, number of l-shells
 n=4   0   3                         # n, l, Nzeta 
   8.573      4.548      5.339   
   1.000      1.000      1.000   
 n=4   1   3                         # n, l, Nzeta 
  12.950      6.968      8.212   
   1.000      1.000      1.000   
 n=3   2   1                         # n, l, Nzeta 
   4.873   
   1.000   
 n=4   2   1                         # n, l, Nzeta 
  12.950   
   1.000   
Ni                    5                    # Species label, number of l-shells
 n=3   0   1                         # n, l, Nzeta 
   3.000   
   1.000   
 n=4   0   3                         # n, l, Nzeta 
   9.316      4.957      5.825   
   1.000      1.000      1.000   
 n=3   1   1                         # n, l, Nzeta 
   3.414   
   1.000   
 n=4   1   1                         # n, l, Nzeta 
   9.316   
   1.000   
 n=3   2   3                         # n, l, Nzeta 
   6.323      2.625      3.356   
   1.000      1.000      1.000   
%endblock PAO.Basis

prinput: ----------------------------------------------------------------------

coor:   Atomic-coordinates input format  =     Fractional

siesta: Atomic coordinates (Bohr) and species
siesta:      4.70356   0.00000   0.00000  1        1
siesta:      0.00000   0.00000   0.00000  2        2
siesta:      9.40712   0.00000   0.00000  2        3
siesta:      2.35178   2.35178   3.32592  2        4
siesta:      7.05534   2.35178   3.32592  2        5
siesta:     11.75890   2.35178   3.32592  2        6

siesta: System type = bulk      

initatomlists: Number of atoms, orbitals, and projectors:      6   147   108

coxmol: Writing XMOL coordinates into file hea.xyz                                                                                                                                                                                                                             

siesta: ******************** Simulation parameters ****************************
siesta:
siesta: The following are some of the parameters of the simulation.
siesta: A complete list of the parameters used, including default values,
siesta: can be found in file out.fdf
siesta:
redata: Spin configuration                          = collinear
redata: Number of spin components                   = 2
redata: Time-Reversal Symmetry                      = T
redata: Spin spiral                                 = F
redata: Long output                                 =   F
redata: Number of Atomic Species                    =        2
redata: Charge density info will appear in .RHO file
redata: Write Mulliken charges (when)               = end
redata: Write Mulliken Pop.                         = Atomic and Orbital charges
redata: Write Hirshfeld charges (when)              = none
redata: Write Voronoi charges (when)                = none
redata: Write spin charge (when)                    = scf
redata: Matel table size (NRTAB)                    =     1024
redata: Mesh Cutoff                                 =   300.0000 Ry
redata: Net charge of the system                    =     0.0000 |e|
redata: Min. number of SCF Iter                     =        0
redata: Max. number of SCF Iter                     =    20000
redata: SCF convergence failure will abort job
redata: SCF mix quantity                            = Hamiltonian
redata: Mix DM or H after convergence               =   F
redata: Recompute H after scf cycle                 =   F
redata: Mix DM in first SCF step                    =   T
redata: Write Pulay info on disk                    =   F
redata: New DM Occupancy tolerance                  = 0.000000000001
redata: No kicks to SCF
redata: DM Mixing Weight for Kicks                  =     0.5000
redata: Require Harris convergence for SCF          =   F
redata: Harris energy tolerance for SCF             =     0.000100 eV
redata: Require DM convergence for SCF              =   T
redata: DM tolerance for SCF                        =     0.000500
redata: Require EDM convergence for SCF             =   F
redata: EDM tolerance for SCF                       =     0.001000 eV
redata: Require H convergence for SCF               =   F
redata: Hamiltonian tolerance for SCF               =     0.005000 eV
redata: Require (free) Energy convergence for SCF   =   F
redata: (free) Energy tolerance for SCF             =     0.000100 eV
redata: Antiferro initial spin density              =   T
redata: Using DFT-D3 dispersion                     =   F
redata: Using Saved Data (generic)                  =   F
redata: Use continuation files for DM               =   F
redata: Neglect nonoverlap interactions             =   F
redata: Method of Calculation                       = Diagonalization
redata: Electronic Temperature                      =   300.0000 K
redata: Fix the spin of the system                  =   F
redata: Max. number of TDED Iter                    =        1
redata: Number of TDED substeps                     =        3
redata: Dynamics option                             = CG coord. optimization
redata: Variable cell                               =   T
redata: Use continuation files for CG               =   F
redata: Max atomic displ per move                   =     0.1058 Ang
redata: Maximum number of optimization moves        =      500
redata: Force tolerance                             =     0.0500 eV/Ang
redata: Stress tolerance                            =     1.0000 GPa
mix.SCF: Broyden mixing                          = Broyden
mix.SCF:    History steps                        = 8
mix.SCF:    Linear mixing weight                 =     0.070000
mix.SCF:    Inverse Jacobian weight              =     0.070000
mix.SCF:    Weight prime                         =     0.070000
mix.SCF:    SVD condition                        = 0.1000E-07
mix.SCF: Spin-component mixing                   all
redata: ***********************************************************************

%block SCF.Mixers
  Broyden
%endblock SCF.Mixers

%block SCF.Mixer.Broyden
  # Mixing method
  method broyden

  # Mixing options
  weight 0.0700
  weight.linear 0.0700
  weight.prime 0.0700
  history 8
%endblock SCF.Mixer.Broyden

DM_history_depth set to one: no extrapolation allowed by default for geometry relaxation
Size of DM history Fstack: 1
Total number of electrons:   103.000000
Total ionic charge:   103.000000

* ProcessorY, Blocksize:    4   4


* Orbital distribution balance (max,min):     7     4

k-point displ. along   1 input, could be:     0.00    0.50
k-point displ. along   2 input, could be:     0.00    0.50
k-point displ. along   3 input, could be:     0.00    0.50
 Kpoints in:           32 . Kpoints trimmed:           31

siesta: k-grid: Number of k-points = 31
siesta: k-points from Monkhorst-Pack grid
siesta: k-cutoff (effective) =     7.040 Ang
siesta: k-point supercell and displacements
siesta: k-grid:     2     0     0      0.000
siesta: k-grid:     0     6     0      0.000
siesta: k-grid:     0     0     4      0.000
k-point displ. along   1 input, could be:     0.00    0.50
k-point displ. along   2 input, could be:     0.00    0.50
k-point displ. along   3 input, could be:     0.00    0.50
 Kpoints in:           32 . Kpoints trimmed:           31

siesta: PDOS k-grid: Number of k-points = 31
siesta: PDOS k-points from Monkhorst-Pack grid
siesta: PDOS k-cutoff (effective) =     0.000 Ang
siesta: PDOS k-point supercell and displacements
siesta: k-grid:     2     0     0      0.000
siesta: k-grid:     0     6     0      0.000
siesta: k-grid:     0     0     4      0.000

diag: Algorithm                                     = D&C
diag: Parallel over k                               =   F
diag: Use parallel 2D distribution                  =   T
diag: Parallel block-size                           = 4
diag: Parallel distribution                         =     6 x     6
diag: Used triangular part                          = Lower
diag: Absolute tolerance                            =  0.100E-15
diag: Orthogonalization factor                      =  0.100E-05
diag: Memory factor                                 =  1.0000
diag: The diagonalization method chosen cannot compute a reduced number of eigenvectors.
diag: Resetting neigwanted 74 to 147

superc: Internal auxiliary supercell:     5 x    13 x     9  =     585
superc: Number of atoms, orbitals, and projectors:   3510  85995  63180


ts: **************************************************************
ts: Save H and S matrices                           =    F
ts: Save DM and EDM matrices                        =    F
ts: Only save the overlap matrix S                  =    F
ts: **************************************************************

************************ Begin: TS CHECKS AND WARNINGS ************************
************************ End: TS CHECKS AND WARNINGS **************************


                     ====================================
                        Begin CG opt. move =      0
                     ====================================

superc: Internal auxiliary supercell:     5 x    13 x     9  =     585
superc: Number of atoms, orbitals, and projectors:   3510  85995  63180

outcell: Unit cell vectors (Ang):
        7.467048    0.000000    0.000000
        0.000000    2.489016    0.000000
        0.000000    0.000000    3.520000

outcell: Cell vector modules (Ang)   :    7.467048    2.489016    3.520000
outcell: Cell angles (23,13,12) (deg):     90.0000     90.0000     90.0000
outcell: Cell volume (Ang**3)        :     65.4213
<dSpData1D:S at geom step 0
  <sparsity:sparsity for geom step 0
    nrows_g=147 nrows=7 sparsity=1.3790 nnzs=29799, refcount: 7>
  <dData1D:(new from dSpData1D) n=29799, refcount: 1>
refcount: 1>
new_DM -- step:     1
Initializing Density Matrix...
DM filled with atomic data:
<dSpData2D:DM initialized from atoms
  <sparsity:sparsity for geom step 0
    nrows_g=147 nrows=7 sparsity=1.3790 nnzs=29799, refcount: 8>
  <dData2D:DM n=29799 m=2, refcount: 1>
refcount: 1>
No. of atoms with KB's overlaping orbs in proc 0. Max # of overlaps:     181     896

InitMesh: MESH = 80 x 30 x 40 = 96000
InitMesh: Mesh cutoff (required, used) =   300.000   317.237 Ry
New grid distribution [1]: sub = 2
New grid distribution [2]: sub = 2
New grid distribution [3]: sub = 2
Setting up quadratic distribution...

stepf: Fermi-Dirac step function

siesta: Program's energy decomposition (eV):
siesta: Ebs     =     -4112.016522
siesta: Eions   =     31191.231737
siesta: Ena     =      1912.917202
siesta: Ekin    =     12232.855041
siesta: Enl     =     -4548.657438
siesta: Eso     =         0.000000
siesta: Edftu   =         0.000000
siesta: DEna    =       141.944617
siesta: DUscf   =        10.177040
siesta: DUext   =         0.000000
siesta: Ex      =     -3228.956798
siesta: Ec      =      -196.124978
siesta: Exc     =     -3425.081775
siesta: EbV     =         0.000000
siesta: eta*DQ  =         0.000000
siesta: Emadel  =         0.000000
siesta: Emeta   =         0.000000
siesta: Emolmec =         0.000000
siesta: Ekinion =         0.000000
siesta: Eharris =    -24812.080131
siesta: Etot    =    -24867.077050
siesta: FreeEng =    -24867.092986

        iscf     Eharris(eV)        E_KS(eV)     FreeEng(eV)     dDmax    Ef(eV) dHmax(eV)
   scf:    1   -24812.080131   -24867.077050   -24867.092986 14.759863 -5.354166 18.323436
     spin moment: {S} , |S| = {        0.0        0.0   -1.50323 }    -1.50323
timer: Routine,Calls,Time,% = IterSCF        1       2.680  12.07
   scf:    2   -24836.198353   -24865.779293   -24865.803328  1.314988 -5.675550 17.390965
     spin moment: {S} , |S| = {        0.0        0.0    0.03254 }     0.03254
   scf:    3   -24871.476993   -24874.098113   -24874.115910  0.385688 -5.748379  7.075869
     spin moment: {S} , |S| = {        0.0        0.0   -1.16270 }    -1.16270
   scf:    4   -24874.914605   -24874.895362   -24874.914170  0.226502 -5.794069  3.881636
     spin moment: {S} , |S| = {        0.0        0.0   -0.83572 }    -0.83572
   scf:    5   -24875.616165   -24875.478165   -24875.497399  0.784455 -6.091656  2.230504
     spin moment: {S} , |S| = {        0.0        0.0   -0.84465 }    -0.84465
   scf:    6   -24875.734730   -24875.628036   -24875.647365  0.141691 -6.143645  2.121243
     spin moment: {S} , |S| = {        0.0        0.0   -0.76220 }    -0.76220
   scf:    7   -24875.877130   -24875.768546   -24875.787048  0.181554 -6.216421  1.518029
     spin moment: {S} , |S| = {        0.0        0.0   -0.72276 }    -0.72276
   scf:    8   -24876.085092   -24875.935555   -24875.952598  0.283190 -6.316762  0.910941
     spin moment: {S} , |S| = {        0.0        0.0   -0.70028 }    -0.70028
   scf:    9   -24874.883569   -24875.679293   -24875.699096  0.473208 -6.479803  3.577635
     spin moment: {S} , |S| = {        0.0        0.0   -0.72449 }    -0.72449
   scf:   10   -24876.306685   -24876.167496   -24876.186333  0.097338 -6.504359  0.781460
     spin moment: {S} , |S| = {        0.0        0.0   -0.80808 }    -0.80808
   scf:   11   -24876.116575   -24876.174589   -24876.194483  0.056380 -6.512030  0.914417
     spin moment: {S} , |S| = {        0.0        0.0   -0.79496 }    -0.79496
   scf:   12   -24876.207214   -24876.200802   -24876.220410  0.027060 -6.517911  0.308145
     spin moment: {S} , |S| = {        0.0        0.0   -0.83896 }    -0.83896
   scf:   13   -24876.287619   -24876.237785   -24876.256899  0.071114 -6.546256  0.542278
     spin moment: {S} , |S| = {        0.0        0.0   -0.97113 }    -0.97113
   scf:   14   -24876.252195   -24876.245536   -24876.264169  0.014621 -6.541447  0.377915
     spin moment: {S} , |S| = {        0.0        0.0   -0.99008 }    -0.99008
   scf:   15   -24876.255258   -24876.251028   -24876.269075  0.020178 -6.537731  0.211006
     spin moment: {S} , |S| = {        0.0        0.0   -1.01399 }    -1.01399
   scf:   16   -24876.191680   -24876.236333   -24876.252040  0.114616 -6.517583  1.155178
     spin moment: {S} , |S| = {        0.0        0.0   -1.16627 }    -1.16627
   scf:   17   -24876.282010   -24876.271394   -24876.287695  0.042599 -6.532139  0.294499
     spin moment: {S} , |S| = {        0.0        0.0   -1.15007 }    -1.15007
   scf:   18   -24876.268993   -24876.271347   -24876.288135  0.020059 -6.534478  0.173003
     spin moment: {S} , |S| = {        0.0        0.0   -1.13181 }    -1.13181
   scf:   19   -24876.280765   -24876.276013   -24876.291502  0.074083 -6.514429  0.666560
     spin moment: {S} , |S| = {        0.0        0.0   -1.21328 }    -1.21328
   scf:   20   -24876.278159   -24876.282763   -24876.298217  0.012855 -6.517609  0.180061
     spin moment: {S} , |S| = {        0.0        0.0   -1.20626 }    -1.20626
   scf:   21   -24876.291424   -24876.286572   -24876.301672  0.053224 -6.505780  0.119467
     spin moment: {S} , |S| = {        0.0        0.0   -1.23603 }    -1.23603
   scf:   22   -24876.285372   -24876.286477   -24876.301393  0.015860 -6.502483  0.229028
     spin moment: {S} , |S| = {        0.0        0.0   -1.24195 }    -1.24195
   scf:   23   -24876.288263   -24876.287365   -24876.302236  0.015439 -6.497920  0.187277
     spin moment: {S} , |S| = {        0.0        0.0   -1.24934 }    -1.24934
   scf:   24   -24876.288709   -24876.288750   -24876.303581  0.016351 -6.491019  0.111226
     spin moment: {S} , |S| = {        0.0        0.0   -1.25994 }    -1.25994
   scf:   25   -24876.289198   -24876.288984   -24876.303806  0.003852 -6.489936  0.077183
     spin moment: {S} , |S| = {        0.0        0.0   -1.26204 }    -1.26204
   scf:   26   -24876.289020   -24876.289066   -24876.303920  0.005436 -6.490431  0.030558
     spin moment: {S} , |S| = {        0.0        0.0   -1.26147 }    -1.26147
   scf:   27   -24876.289407   -24876.289222   -24876.304085  0.007209 -6.488040  0.028813
     spin moment: {S} , |S| = {        0.0        0.0   -1.26547 }    -1.26547
   scf:   28   -24876.289242   -24876.289229   -24876.304120  0.003940 -6.487890  0.015400
     spin moment: {S} , |S| = {        0.0        0.0   -1.26516 }    -1.26516
   scf:   29   -24876.289186   -24876.289207   -24876.304115  0.004453 -6.488575  0.017803
     spin moment: {S} , |S| = {        0.0        0.0   -1.26379 }    -1.26379
   scf:   30   -24876.289243   -24876.289225   -24876.304128  0.000623 -6.488480  0.014548
     spin moment: {S} , |S| = {        0.0        0.0   -1.26412 }    -1.26412
   scf:   31   -24876.289299   -24876.289261   -24876.304148  0.001758 -6.488399  0.010276
     spin moment: {S} , |S| = {        0.0        0.0   -1.26476 }    -1.26476
   scf:   32   -24876.289309   -24876.289284   -24876.304160  0.002024 -6.487954  0.008737
     spin moment: {S} , |S| = {        0.0        0.0   -1.26570 }    -1.26570
   scf:   33   -24876.289290   -24876.289287   -24876.304162  0.001276 -6.488128  0.007595
     spin moment: {S} , |S| = {        0.0        0.0   -1.26545 }    -1.26545
   scf:   34   -24876.289295   -24876.289291   -24876.304166  0.002613 -6.488499  0.006167
     spin moment: {S} , |S| = {        0.0        0.0   -1.26484 }    -1.26484
   scf:   35   -24876.289296   -24876.289293   -24876.304169  0.001735 -6.488682  0.006610
     spin moment: {S} , |S| = {        0.0        0.0   -1.26454 }    -1.26454
   scf:   36   -24876.289332   -24876.289310   -24876.304176  0.001084 -6.488413  0.004398
     spin moment: {S} , |S| = {        0.0        0.0   -1.26516 }    -1.26516
   scf:   37   -24876.289303   -24876.289307   -24876.304180  0.000905 -6.488319  0.004721
     spin moment: {S} , |S| = {        0.0        0.0   -1.26511 }    -1.26511
   scf:   38   -24876.289325   -24876.289315   -24876.304184  0.000652 -6.488119  0.002964
     spin moment: {S} , |S| = {        0.0        0.0   -1.26551 }    -1.26551
   scf:   39   -24876.289323   -24876.289319   -24876.304186  0.000506 -6.488021  0.002625
     spin moment: {S} , |S| = {        0.0        0.0   -1.26574 }    -1.26574
   scf:   40   -24876.289319   -24876.289319   -24876.304187  0.000483 -6.488065  0.002180
     spin moment: {S} , |S| = {        0.0        0.0   -1.26568 }    -1.26568

SCF Convergence by DM criterion
max |DM_out - DM_in|         :     0.0004833664
max |H_out - H_in|      (eV) :     0.0021802193
SCF cycle converged after 40 iterations

Using DM_out to compute the final energy and forces
No. of atoms with KB's overlaping orbs in proc 0. Max # of overlaps:     181     896

siesta: E_KS(eV) =           -24876.2893

siesta: E_KS - E_eggbox =    -24876.2893

siesta: Atomic forces (eV/Ang):
     1   -0.003268    0.000000    0.000000
     2   -0.481423    0.000000    0.000000
     3    0.483269   -0.000000    0.000000
     4   -0.419978   -0.000000   -0.000000
     5    0.421579   -0.000000   -0.000000
     6   -0.000005   -0.000000    0.000000
----------------------------------------
   Tot    0.000174   -0.000000    0.000000
----------------------------------------
   Max    0.483269
   Res    0.213364    sqrt( Sum f_i^2 / 3N )
----------------------------------------
   Max    0.483269    constrained

Stress tensor Voigt[x,y,z,yz,xz,xy] (kbar):       25.15      -13.39       40.62       -0.00        0.00        0.00
(Free)E + p*V (eV/cell)   -24877.0172
Target enthalpy (eV/cell)   -24876.3042

siesta: Stress tensor (static) (eV/Ang**3):
         0.015699    0.000000    0.000000
         0.000000   -0.008355   -0.000000
         0.000000   -0.000000    0.025354

siesta: Pressure (static):        -17.46226153  kBar

siesta: Stress tensor (total) (eV/Ang**3):
         0.015699    0.000000    0.000000
         0.000000   -0.008355   -0.000000
         0.000000   -0.000000    0.025354

siesta: Pressure (total):        -17.46226153  kBar

cgvc: No target stress found, assuming hydrostatic MD.TargetPressure.

cgvc: Target stress (kBar)
cgvc:        -0.000       0.000       0.000
cgvc:         0.000      -0.000       0.000
cgvc:         0.000       0.000      -0.000

                     ====================================
                        Begin CG opt. move =      1
                     ====================================
k-point displ. along   1 input, could be:     0.00    0.50
k-point displ. along   2 input, could be:     0.00    0.50
k-point displ. along   3 input, could be:     0.00    0.50
 Kpoints in:           32 . Kpoints trimmed:           31

siesta: k-grid: Number of k-points = 31
siesta: k-points from Monkhorst-Pack grid
siesta: k-cutoff (effective) =     6.990 Ang
siesta: k-point supercell and displacements
siesta: k-grid:     2     0     0      0.000
siesta: k-grid:     0     6     0      0.000
siesta: k-grid:     0     0     4      0.000

superc: Internal auxiliary supercell:     5 x    13 x     9  =     585
superc: Number of atoms, orbitals, and projectors:   3510  85995  63180

outcell: Unit cell vectors (Ang):
        7.434313   -0.000000   -0.000000
       -0.000000    2.494823    0.000000
       -0.000000    0.000000    3.495078

outcell: Cell vector modules (Ang)   :    7.434313    2.494823    3.495078
outcell: Cell angles (23,13,12) (deg):     90.0000     90.0000     90.0000
outcell: Cell volume (Ang**3)        :     64.8243
<dSpData1D:S at geom step 1
  <sparsity:sparsity for geom step 1
    nrows_g=147 nrows=7 sparsity=1.4148 nnzs=30573, refcount: 7>
  <dData1D:(new from dSpData1D) n=30573, refcount: 1>
refcount: 1>
new_DM -- step:     2
Re-using DM from previous geometries...
Number of DMs in history: 1
 DM extrapolation coefficients: 
1   1.00000
New DM after history re-use:
<dSpData2D:SpM extrapolated using coords
  <sparsity:sparsity for geom step 1
    nrows_g=147 nrows=7 sparsity=1.4148 nnzs=30573, refcount: 9>
  <dData2D:(temp array for extrapolation) n=30573 m=2, refcount: 1>
refcount: 1>
No. of atoms with KB's overlaping orbs in proc 0. Max # of overlaps:     181     896

InitMesh: MESH = 80 x 30 x 40 = 96000
InitMesh: Mesh cutoff (required, used) =   300.000   320.037 Ry
New grid distribution [1]: sub = 2
New grid distribution [2]: sub = 2
New grid distribution [3]: sub = 2
Setting up quadratic distribution...

        iscf     Eharris(eV)        E_KS(eV)     FreeEng(eV)     dDmax    Ef(eV) dHmax(eV)
   scf:    1   -24875.404433   -24876.316894   -24876.332813  0.727646 -6.457636  0.380185
     spin moment: {S} , |S| = {        0.0        0.0   -1.26272 }    -1.26272
   scf:    2   -24872.004760   -24874.909001   -24874.923880  0.257583 -6.540975  7.099933
     spin moment: {S} , |S| = {        0.0        0.0   -1.26221 }    -1.26221
   scf:    3   -24876.348464   -24876.323428   -24876.339013  0.235154 -6.467236  0.254450
     spin moment: {S} , |S| = {        0.0        0.0   -1.26206 }    -1.26206
   scf:    4   -24876.325440   -24876.324861   -24876.340436  0.010101 -6.472320  0.104465
     spin moment: {S} , |S| = {        0.0        0.0   -1.26183 }    -1.26183
   scf:    5   -24876.326859   -24876.326098   -24876.341602  0.018309 -6.484092  0.035933
     spin moment: {S} , |S| = {        0.0        0.0   -1.26146 }    -1.26146
   scf:    6   -24876.326479   -24876.326309   -24876.341779  0.005889 -6.485532  0.034444
     spin moment: {S} , |S| = {        0.0        0.0   -1.26148 }    -1.26148
   scf:    7   -24876.326636   -24876.326494   -24876.341927  0.008395 -6.486170  0.026856
     spin moment: {S} , |S| = {        0.0        0.0   -1.26189 }    -1.26189
   scf:    8   -24876.326504   -24876.326501   -24876.341942  0.000535 -6.486158  0.023022
     spin moment: {S} , |S| = {        0.0        0.0   -1.26192 }    -1.26192
   scf:    9   -24876.326484   -24876.326512   -24876.341966  0.004862 -6.485704  0.025225
     spin moment: {S} , |S| = {        0.0        0.0   -1.26238 }    -1.26238
   scf:   10   -24876.326589   -24876.326562   -24876.341997  0.001723 -6.485742  0.005314
     spin moment: {S} , |S| = {        0.0        0.0   -1.26251 }    -1.26251
   scf:   11   -24876.326561   -24876.326561   -24876.341999  0.000340 -6.485738  0.004589
     spin moment: {S} , |S| = {        0.0        0.0   -1.26256 }    -1.26256

SCF Convergence by DM criterion
max |DM_out - DM_in|         :     0.0003403992
max |H_out - H_in|      (eV) :     0.0045891419
SCF cycle converged after 11 iterations

Using DM_out to compute the final energy and forces
No. of atoms with KB's overlaping orbs in proc 0. Max # of overlaps:     181     896

siesta: E_KS(eV) =           -24876.3266

siesta: Atomic forces (eV/Ang):
     1    0.000159    0.000000    0.000000
     2    0.215819    0.000000   -0.000000
     3   -0.222527   -0.000000    0.000000
     4    0.092122    0.000000   -0.000000
     5   -0.095275    0.000000    0.000000
     6   -0.000855   -0.000000   -0.000000
----------------------------------------
   Tot   -0.010557   -0.000000    0.000000
----------------------------------------
   Max    0.222527
   Res    0.079464    sqrt( Sum f_i^2 / 3N )
----------------------------------------
   Max    0.222527    constrained

Stress tensor Voigt[x,y,z,yz,xz,xy] (kbar):      -12.53      -20.47       12.12       -0.00        0.00       -0.00
(Free)E + p*V (eV/cell)   -24876.0604
Target enthalpy (eV/cell)   -24876.3420

siesta: Stress tensor (static) (eV/Ang**3):
        -0.007820   -0.000000    0.000000
        -0.000000   -0.012775   -0.000000
         0.000000   -0.000000    0.007563

siesta: Pressure (static):          6.96010387  kBar

siesta: Stress tensor (total) (eV/Ang**3):
        -0.007820   -0.000000    0.000000
        -0.000000   -0.012775   -0.000000
         0.000000   -0.000000    0.007563

siesta: Pressure (total):          6.96010387  kBar

                     ====================================
                        Begin CG opt. move =      2
                     ====================================
k-point displ. along   1 input, could be:     0.00    0.50
k-point displ. along   2 input, could be:     0.00    0.50
k-point displ. along   3 input, could be:     0.00    0.50
 Kpoints in:           32 . Kpoints trimmed:           31

siesta: k-grid: Number of k-points = 31
siesta: k-points from Monkhorst-Pack grid
siesta: k-cutoff (effective) =     7.001 Ang
siesta: k-point supercell and displacements
siesta: k-grid:     2     0     0      0.000
siesta: k-grid:     0     6     0      0.000
siesta: k-grid:     0     0     4      0.000

superc: Internal auxiliary supercell:     5 x    13 x     9  =     585
superc: Number of atoms, orbitals, and projectors:   3510  85995  63180

outcell: Unit cell vectors (Ang):
        7.441140   -0.000000   -0.000000
       -0.000000    2.493612    0.000000
       -0.000000    0.000000    3.500276

outcell: Cell vector modules (Ang)   :    7.441140    2.493612    3.500276
outcell: Cell angles (23,13,12) (deg):     90.0000     90.0000     90.0000
outcell: Cell volume (Ang**3)        :     64.9487
<dSpData1D:S at geom step 2
  <sparsity:sparsity for geom step 2
    nrows_g=147 nrows=7 sparsity=1.4111 nnzs=30493, refcount: 7>
  <dData1D:(new from dSpData1D) n=30493, refcount: 1>
refcount: 1>
new_DM -- step:     3
Re-using DM from previous geometries...
Number of DMs in history: 1
 DM extrapolation coefficients: 
1   1.00000
New DM after history re-use:
<dSpData2D:SpM extrapolated using coords
  <sparsity:sparsity for geom step 2
    nrows_g=147 nrows=7 sparsity=1.4111 nnzs=30493, refcount: 9>
  <dData2D:(temp array for extrapolation) n=30493 m=2, refcount: 1>
refcount: 1>
No. of atoms with KB's overlaping orbs in proc 0. Max # of overlaps:     181     896

InitMesh: MESH = 80 x 30 x 40 = 96000
InitMesh: Mesh cutoff (required, used) =   300.000   319.450 Ry
New grid distribution [1]: sub = 2
New grid distribution [2]: sub = 2
New grid distribution [3]: sub = 2
Setting up quadratic distribution...

        iscf     Eharris(eV)        E_KS(eV)     FreeEng(eV)     dDmax    Ef(eV) dHmax(eV)
   scf:    1   -24876.527262   -24876.328980   -24876.344039  0.162351 -6.492631  0.180511
     spin moment: {S} , |S| = {        0.0        0.0   -1.26385 }    -1.26385
   scf:    2   -24874.741298   -24875.806371   -24875.824581  0.082131 -6.506797  3.494867
     spin moment: {S} , |S| = {        0.0        0.0   -1.20428 }    -1.20428
   scf:    3   -24876.349660   -24876.329939   -24876.345117  0.076835 -6.491503  0.056359
     spin moment: {S} , |S| = {        0.0        0.0   -1.26313 }    -1.26313
   scf:    4   -24876.329971   -24876.329993   -24876.345178  0.002043 -6.490611  0.040210
     spin moment: {S} , |S| = {        0.0        0.0   -1.26314 }    -1.26314
   scf:    5   -24876.330072   -24876.330057   -24876.345268  0.004697 -6.487850  0.018771
     spin moment: {S} , |S| = {        0.0        0.0   -1.26307 }    -1.26307
   scf:    6   -24876.330091   -24876.330078   -24876.345287  0.001809 -6.486737  0.006624
     spin moment: {S} , |S| = {        0.0        0.0   -1.26311 }    -1.26311
   scf:    7   -24876.330082   -24876.330081   -24876.345296  0.002024 -6.486535  0.004452
     spin moment: {S} , |S| = {        0.0        0.0   -1.26296 }    -1.26296
   scf:    8   -24876.330076   -24876.330079   -24876.345299  0.000775 -6.486522  0.004678
     spin moment: {S} , |S| = {        0.0        0.0   -1.26289 }    -1.26289
   scf:    9   -24876.330079   -24876.330079   -24876.345300  0.000592 -6.486548  0.002468
     spin moment: {S} , |S| = {        0.0        0.0   -1.26283 }    -1.26283
   scf:   10   -24876.330076   -24876.330077   -24876.345301  0.000672 -6.486589  0.000587
     spin moment: {S} , |S| = {        0.0        0.0   -1.26275 }    -1.26275
   scf:   11   -24876.330078   -24876.330078   -24876.345301  0.000170 -6.486593  0.000446
     spin moment: {S} , |S| = {        0.0        0.0   -1.26273 }    -1.26273

SCF Convergence by DM criterion
max |DM_out - DM_in|         :     0.0001700671
max |H_out - H_in|      (eV) :     0.0004457619
SCF cycle converged after 11 iterations

Using DM_out to compute the final energy and forces
No. of atoms with KB's overlaping orbs in proc 0. Max # of overlaps:     181     896

siesta: E_KS(eV) =           -24876.3301

siesta: Atomic forces (eV/Ang):
     1   -0.001404   -0.000000    0.000000
     2    0.081058    0.000000    0.000000
     3   -0.086379   -0.000000    0.000000
     4   -0.000310    0.000000   -0.000000
     5   -0.000858   -0.000000   -0.000000
     6   -0.000678    0.000000   -0.000000
----------------------------------------
   Tot   -0.008571   -0.000000   -0.000000
----------------------------------------
   Max    0.086379
   Res    0.027924    sqrt( Sum f_i^2 / 3N )
----------------------------------------
   Max    0.086379    constrained

Stress tensor Voigt[x,y,z,yz,xz,xy] (kbar):       -6.25      -19.47       17.44       -0.00       -0.00       -0.00
(Free)E + p*V (eV/cell)   -24876.2335
Target enthalpy (eV/cell)   -24876.3453

siesta: Stress tensor (static) (eV/Ang**3):
        -0.003898   -0.000000   -0.000000
        -0.000000   -0.012150   -0.000000
        -0.000000   -0.000000    0.010882

siesta: Pressure (static):          2.75893205  kBar

siesta: Stress tensor (total) (eV/Ang**3):
        -0.003898   -0.000000   -0.000000
        -0.000000   -0.012150   -0.000000
        -0.000000   -0.000000    0.010882

siesta: Pressure (total):          2.75893205  kBar

cgvc: Finished line minimization    1.  Mean atomic displacement =    0.0646

                     ====================================
                        Begin CG opt. move =      3
                     ====================================
k-point displ. along   1 input, could be:     0.00    0.50
k-point displ. along   2 input, could be:     0.00    0.50
k-point displ. along   3 input, could be:     0.00    0.50
 Kpoints in:           32 . Kpoints trimmed:           31

siesta: k-grid: Number of k-points = 31
siesta: k-points from Monkhorst-Pack grid
siesta: k-cutoff (effective) =     6.921 Ang
siesta: k-point supercell and displacements
siesta: k-grid:     2     0     0      0.000
siesta: k-grid:     0     6     0      0.000
siesta: k-grid:     0     0     4      0.000

superc: Internal auxiliary supercell:     5 x    13 x     9  =     585
superc: Number of atoms, orbitals, and projectors:   3510  85995  63180

outcell: Unit cell vectors (Ang):
        7.456995    0.000000    0.000000
        0.000000    2.521140    0.000000
        0.000000    0.000000    3.460531

outcell: Cell vector modules (Ang)   :    7.456995    2.521140    3.460531
outcell: Cell angles (23,13,12) (deg):     90.0000     90.0000     90.0000
outcell: Cell volume (Ang**3)        :     65.0584
<dSpData1D:S at geom step 3
  <sparsity:sparsity for geom step 3
    nrows_g=147 nrows=7 sparsity=1.4217 nnzs=30721, refcount: 7>
  <dData1D:(new from dSpData1D) n=30721, refcount: 1>
refcount: 1>
new_DM -- step:     4
Re-using DM from previous geometries...
Number of DMs in history: 1
 DM extrapolation coefficients: 
1   1.00000
New DM after history re-use:
<dSpData2D:SpM extrapolated using coords
  <sparsity:sparsity for geom step 3
    nrows_g=147 nrows=7 sparsity=1.4217 nnzs=30721, refcount: 9>
  <dData2D:(temp array for extrapolation) n=30721 m=2, refcount: 1>
refcount: 1>
No. of atoms with KB's overlaping orbs in proc 0. Max # of overlaps:     181     901

InitMesh: MESH = 80 x 30 x 40 = 96000
InitMesh: Mesh cutoff (required, used) =   300.000   318.093 Ry
New grid distribution [1]: sub = 2
New grid distribution [2]: sub = 2
New grid distribution [3]: sub = 2
Setting up quadratic distribution...

        iscf     Eharris(eV)        E_KS(eV)     FreeEng(eV)     dDmax    Ef(eV) dHmax(eV)
   scf:    1   -24875.176653   -24876.095375   -24876.109633  0.536088 -6.425899  3.316057
     spin moment: {S} , |S| = {        0.0        0.0   -1.31481 }    -1.31481
   scf:    2   -24655.498328   -24804.087065   -24804.111536  1.324195 -6.335855 45.028572
     spin moment: {S} , |S| = {        0.0        0.0   -0.76070 }    -0.76070
   scf:    3   -24881.292114   -24876.262855   -24876.277339  1.315028 -6.474011  1.720672
     spin moment: {S} , |S| = {        0.0        0.0   -1.26051 }    -1.26051
   scf:    4   -24876.355951   -24876.322248   -24876.336849  0.024422 -6.472195  0.620850
     spin moment: {S} , |S| = {        0.0        0.0   -1.26692 }    -1.26692
   scf:    5   -24876.334368   -24876.330600   -24876.345220  0.008670 -6.474195  0.305864
     spin moment: {S} , |S| = {        0.0        0.0   -1.26920 }    -1.26920
   scf:    6   -24876.317183   -24876.330272   -24876.344914  0.019311 -6.479970  0.450290
     spin moment: {S} , |S| = {        0.0        0.0   -1.27391 }    -1.27391
   scf:    7   -24876.271791   -24876.319184   -24876.333524  0.044929 -6.488195  0.880552
     spin moment: {S} , |S| = {        0.0        0.0   -1.26308 }    -1.26308
   scf:    8   -24876.340986   -24876.334810   -24876.349254  0.020339 -6.483282  0.200213
     spin moment: {S} , |S| = {        0.0        0.0   -1.26744 }    -1.26744
   scf:    9   -24876.335769   -24876.335630   -24876.350089  0.004613 -6.482248  0.016227
     spin moment: {S} , |S| = {        0.0        0.0   -1.26869 }    -1.26869
   scf:   10   -24876.335646   -24876.335641   -24876.350095  0.000521 -6.482163  0.004728
     spin moment: {S} , |S| = {        0.0        0.0   -1.26872 }    -1.26872
   scf:   11   -24876.335670   -24876.335656   -24876.350098  0.000959 -6.482136  0.002772
     spin moment: {S} , |S| = {        0.0        0.0   -1.26842 }    -1.26842
   scf:   12   -24876.335699   -24876.335677   -24876.350101  0.001592 -6.482073  0.001979
     spin moment: {S} , |S| = {        0.0        0.0   -1.26797 }    -1.26797
   scf:   13   -24876.335693   -24876.335685   -24876.350102  0.000461 -6.482066  0.001819
     spin moment: {S} , |S| = {        0.0        0.0   -1.26780 }    -1.26780

SCF Convergence by DM criterion
max |DM_out - DM_in|         :     0.0004609172
max |H_out - H_in|      (eV) :     0.0018191832
SCF cycle converged after 13 iterations

Using DM_out to compute the final energy and forces
No. of atoms with KB's overlaping orbs in proc 0. Max # of overlaps:     181     901

siesta: E_KS(eV) =           -24876.3357

siesta: Atomic forces (eV/Ang):
     1    0.000500   -0.000000   -0.000000
     2   -0.200074    0.000000   -0.000001
     3    0.205086    0.000001    0.000000
     4    0.192707    0.000000   -0.000000
     5   -0.199998   -0.000000    0.000002
     6   -0.003701   -0.000000    0.000000
----------------------------------------
   Tot   -0.005479    0.000001    0.000001
----------------------------------------
   Max    0.205086
   Res    0.094056    sqrt( Sum f_i^2 / 3N )
----------------------------------------
   Max    0.205086    constrained

Stress tensor Voigt[x,y,z,yz,xz,xy] (kbar):       -4.41       -4.90       -2.48       -0.00        0.00        0.00
(Free)E + p*V (eV/cell)   -24876.1906
Target enthalpy (eV/cell)   -24876.3501

siesta: Stress tensor (static) (eV/Ang**3):
        -0.002750    0.000000    0.000000
         0.000000   -0.003058   -0.000000
         0.000000   -0.000000   -0.001547

siesta: Pressure (static):          3.92757148  kBar

siesta: Stress tensor (total) (eV/Ang**3):
        -0.002750    0.000000    0.000000
         0.000000   -0.003058   -0.000000
         0.000000   -0.000000   -0.001547

siesta: Pressure (total):          3.92757148  kBar

                     ====================================
                        Begin CG opt. move =      4
                     ====================================
k-point displ. along   1 input, could be:     0.00    0.50
k-point displ. along   2 input, could be:     0.00    0.50
k-point displ. along   3 input, could be:     0.00    0.50
 Kpoints in:           32 . Kpoints trimmed:           31

siesta: k-grid: Number of k-points = 31
siesta: k-points from Monkhorst-Pack grid
siesta: k-cutoff (effective) =     6.946 Ang
siesta: k-point supercell and displacements
siesta: k-grid:     2     0     0      0.000
siesta: k-grid:     0     6     0      0.000
siesta: k-grid:     0     0     4      0.000

superc: Internal auxiliary supercell:     5 x    13 x     9  =     585
superc: Number of atoms, orbitals, and projectors:   3510  85995  63180

outcell: Unit cell vectors (Ang):
        7.452070    0.000000    0.000000
        0.000000    2.512589    0.000000
        0.000000    0.000000    3.472877

outcell: Cell vector modules (Ang)   :    7.452070    2.512589    3.472877
outcell: Cell angles (23,13,12) (deg):     90.0000     90.0000     90.0000
outcell: Cell volume (Ang**3)        :     65.0261
<dSpData1D:S at geom step 4
  <sparsity:sparsity for geom step 4
    nrows_g=147 nrows=7 sparsity=1.4178 nnzs=30637, refcount: 7>
  <dData1D:(new from dSpData1D) n=30637, refcount: 1>
refcount: 1>
new_DM -- step:     5
Re-using DM from previous geometries...
Number of DMs in history: 1
 DM extrapolation coefficients: 
1   1.00000
New DM after history re-use:
<dSpData2D:SpM extrapolated using coords
  <sparsity:sparsity for geom step 4
    nrows_g=147 nrows=7 sparsity=1.4178 nnzs=30637, refcount: 9>
  <dData2D:(temp array for extrapolation) n=30637 m=2, refcount: 1>
refcount: 1>
No. of atoms with KB's overlaping orbs in proc 0. Max # of overlaps:     181     896

InitMesh: MESH = 80 x 30 x 40 = 96000
InitMesh: Mesh cutoff (required, used) =   300.000   318.514 Ry
New grid distribution [1]: sub = 2
New grid distribution [2]: sub = 2
New grid distribution [3]: sub = 2
Setting up quadratic distribution...

        iscf     Eharris(eV)        E_KS(eV)     FreeEng(eV)     dDmax    Ef(eV) dHmax(eV)
   scf:    1   -24876.395228   -24876.307486   -24876.322358  0.168867 -6.505598  1.144998
     spin moment: {S} , |S| = {        0.0        0.0   -1.25796 }    -1.25796
   scf:    2   -24815.761034   -24856.366857   -24856.383905  0.622591 -6.165090 30.374874
     spin moment: {S} , |S| = {        0.0        0.0   -1.86801 }    -1.86801
   scf:    3   -24876.824686   -24876.335447   -24876.349952  0.597531 -6.490678  0.265718
     spin moment: {S} , |S| = {        0.0        0.0   -1.26238 }    -1.26238
   scf:    4   -24876.337235   -24876.336528   -24876.351058  0.006583 -6.488475  0.122888
     spin moment: {S} , |S| = {        0.0        0.0   -1.26324 }    -1.26324
   scf:    5   -24876.335607   -24876.336663   -24876.351244  0.020336 -6.481594  0.127681
     spin moment: {S} , |S| = {        0.0        0.0   -1.26496 }    -1.26496
   scf:    6   -24876.336932   -24876.336812   -24876.351392  0.000924 -6.481802  0.097237
     spin moment: {S} , |S| = {        0.0        0.0   -1.26476 }    -1.26476
   scf:    7   -24876.333826   -24876.336183   -24876.350740  0.011210 -6.485187  0.209079
     spin moment: {S} , |S| = {        0.0        0.0   -1.26278 }    -1.26278
   scf:    8   -24876.337309   -24876.336972   -24876.351557  0.006250 -6.483601  0.054859
     spin moment: {S} , |S| = {        0.0        0.0   -1.26361 }    -1.26361
   scf:    9   -24876.337029   -24876.337025   -24876.351615  0.001645 -6.483054  0.003995
     spin moment: {S} , |S| = {        0.0        0.0   -1.26392 }    -1.26392
   scf:   10   -24876.337024   -24876.337025   -24876.351616  0.000115 -6.483033  0.000775
     spin moment: {S} , |S| = {        0.0        0.0   -1.26394 }    -1.26394

SCF Convergence by DM criterion
max |DM_out - DM_in|         :     0.0001152109
max |H_out - H_in|      (eV) :     0.0007750134
SCF cycle converged after 10 iterations

Using DM_out to compute the final energy and forces
No. of atoms with KB's overlaping orbs in proc 0. Max # of overlaps:     181     896

siesta: E_KS(eV) =           -24876.3370

siesta: Atomic forces (eV/Ang):
     1   -0.000022   -0.000000    0.000000
     2   -0.121589   -0.000000    0.000000
     3    0.124147   -0.000000   -0.000000
     4    0.138334   -0.000000   -0.000001
     5   -0.145494    0.000000   -0.000001
     6   -0.002704   -0.000000   -0.000000
----------------------------------------
   Tot   -0.007327   -0.000000   -0.000002
----------------------------------------
   Max    0.145494
   Res    0.062587    sqrt( Sum f_i^2 / 3N )
----------------------------------------
   Max    0.145494    constrained

Stress tensor Voigt[x,y,z,yz,xz,xy] (kbar):       -4.09       -8.30        4.35        0.00        0.00       -0.00
(Free)E + p*V (eV/cell)   -24876.2428
Target enthalpy (eV/cell)   -24876.3516

siesta: Stress tensor (static) (eV/Ang**3):
        -0.002554   -0.000000    0.000000
        -0.000000   -0.005181    0.000000
         0.000000    0.000000    0.002713

siesta: Pressure (static):          2.68193241  kBar

siesta: Stress tensor (total) (eV/Ang**3):
        -0.002554   -0.000000    0.000000
        -0.000000   -0.005181    0.000000
         0.000000    0.000000    0.002713

siesta: Pressure (total):          2.68193241  kBar

cgvc: Finished line minimization    2.  Mean atomic displacement =    0.0445

                     ====================================
                        Begin CG opt. move =      5
                     ====================================
k-point displ. along   1 input, could be:     0.00    0.50
k-point displ. along   2 input, could be:     0.00    0.50
k-point displ. along   3 input, could be:     0.00    0.50
 Kpoints in:           32 . Kpoints trimmed:           31

siesta: k-grid: Number of k-points = 31
siesta: k-points from Monkhorst-Pack grid
siesta: k-cutoff (effective) =     6.896 Ang
siesta: k-point supercell and displacements
siesta: k-grid:     2     0     0      0.000
siesta: k-grid:     0     6     0      0.000
siesta: k-grid:     0     0     4      0.000

superc: Internal auxiliary supercell:     5 x    13 x     9  =     585
superc: Number of atoms, orbitals, and projectors:   3510  85995  63180

outcell: Unit cell vectors (Ang):
        7.467293    0.000000   -0.000000
        0.000000    2.531896   -0.000000
       -0.000000   -0.000000    3.448194

outcell: Cell vector modules (Ang)   :    7.467293    2.531896    3.448194
outcell: Cell angles (23,13,12) (deg):     90.0000     90.0000     90.0000
outcell: Cell volume (Ang**3)        :     65.1930
<dSpData1D:S at geom step 5
  <sparsity:sparsity for geom step 5
    nrows_g=147 nrows=7 sparsity=1.3963 nnzs=30173, refcount: 7>
  <dData1D:(new from dSpData1D) n=30173, refcount: 1>
refcount: 1>
new_DM -- step:     6
Re-using DM from previous geometries...
Number of DMs in history: 1
 DM extrapolation coefficients: 
1   1.00000
New DM after history re-use:
<dSpData2D:SpM extrapolated using coords
  <sparsity:sparsity for geom step 5
    nrows_g=147 nrows=7 sparsity=1.3963 nnzs=30173, refcount: 9>
  <dData2D:(temp array for extrapolation) n=30173 m=2, refcount: 1>
refcount: 1>
No. of atoms with KB's overlaping orbs in proc 0. Max # of overlaps:     177     897

InitMesh: MESH = 80 x 30 x 36 = 86400
InitMesh: Mesh cutoff (required, used) =   300.000   301.248 Ry
New grid distribution [1]: sub = 2
New grid distribution [2]: sub = 2
New grid distribution [3]: sub = 2
Setting up quadratic distribution...

        iscf     Eharris(eV)        E_KS(eV)     FreeEng(eV)     dDmax    Ef(eV) dHmax(eV)
   scf:    1   -24875.048025   -24876.055173   -24876.069629  0.540953 -6.397790  3.380945
     spin moment: {S} , |S| = {        0.0        0.0   -1.32654 }    -1.32654
   scf:    2   -24591.353777   -24783.075976   -24783.100535  1.658763 -6.291803 47.870468
     spin moment: {S} , |S| = {        0.0        0.0   -0.70918 }    -0.70918
   scf:    3   -24881.904192   -24876.281047   -24876.295991  1.555896 -6.465742  1.500078
     spin moment: {S} , |S| = {        0.0        0.0   -1.26492 }    -1.26492
   scf:    4   -24876.359988   -24876.330837   -24876.345819  0.020852 -6.465557  0.503588
     spin moment: {S} , |S| = {        0.0        0.0   -1.27237 }    -1.27237
   scf:    5   -24876.315180   -24876.337472   -24876.352261  0.058265 -6.480098  0.513550
     spin moment: {S} , |S| = {        0.0        0.0   -1.28105 }    -1.28105
   scf:    6   -24876.340568   -24876.339667   -24876.354456  0.011665 -6.482420  0.459508
     spin moment: {S} , |S| = {        0.0        0.0   -1.28038 }    -1.28038
   scf:    7   -24876.324963   -24876.340166   -24876.355034  0.028620 -6.488259  0.437463
     spin moment: {S} , |S| = {        0.0        0.0   -1.27187 }    -1.27187
   scf:    8   -24876.345076   -24876.344188   -24876.359024  0.012670 -6.484134  0.038741
     spin moment: {S} , |S| = {        0.0        0.0   -1.27600 }    -1.27600
   scf:    9   -24876.343692   -24876.344097   -24876.358914  0.004108 -6.483003  0.089909
     spin moment: {S} , |S| = {        0.0        0.0   -1.27745 }    -1.27745
   scf:   10   -24876.344247   -24876.344247   -24876.359071  0.002506 -6.483720  0.005684
     spin moment: {S} , |S| = {        0.0        0.0   -1.27674 }    -1.27674
   scf:   11   -24876.344257   -24876.344252   -24876.359075  0.001809 -6.483689  0.003908
     spin moment: {S} , |S| = {        0.0        0.0   -1.27703 }    -1.27703
   scf:   12   -24876.344256   -24876.344254   -24876.359076  0.000592 -6.483625  0.002816
     spin moment: {S} , |S| = {        0.0        0.0   -1.27718 }    -1.27718
   scf:   13   -24876.344258   -24876.344256   -24876.359077  0.000584 -6.483523  0.002294
     spin moment: {S} , |S| = {        0.0        0.0   -1.27737 }    -1.27737
   scf:   14   -24876.344260   -24876.344258   -24876.359079  0.000828 -6.483350  0.001565
     spin moment: {S} , |S| = {        0.0        0.0   -1.27768 }    -1.27768
   scf:   15   -24876.344260   -24876.344259   -24876.359080  0.000630 -6.483195  0.001059
     spin moment: {S} , |S| = {        0.0        0.0   -1.27797 }    -1.27797
   scf:   16   -24876.344259   -24876.344259   -24876.359080  0.000147 -6.483128  0.001148
     spin moment: {S} , |S| = {        0.0        0.0   -1.27810 }    -1.27810

SCF Convergence by DM criterion
max |DM_out - DM_in|         :     0.0001468203
max |H_out - H_in|      (eV) :     0.0011475879
SCF cycle converged after 16 iterations

Using DM_out to compute the final energy and forces
No. of atoms with KB's overlaping orbs in proc 0. Max # of overlaps:     177     897

siesta: E_KS(eV) =           -24876.3443

siesta: Atomic forces (eV/Ang):
     1    0.000064   -0.000001   -0.000001
     2    0.049100   -0.000001   -0.000002
     3   -0.050850    0.000001    0.000000
     4   -0.031584    0.000000    0.000004
     5    0.039143    0.000001    0.000002
     6   -0.001188   -0.000000   -0.000000
----------------------------------------
   Tot    0.004685    0.000001    0.000004
----------------------------------------
   Max    0.050850
   Res    0.020450    sqrt( Sum f_i^2 / 3N )
----------------------------------------
   Max    0.050850    constrained

Stress tensor Voigt[x,y,z,yz,xz,xy] (kbar):       -5.38        7.17        2.73        0.00       -0.00       -0.00
(Free)E + p*V (eV/cell)   -24876.4204
Target enthalpy (eV/cell)   -24876.3591

siesta: Stress tensor (static) (eV/Ang**3):
        -0.003359   -0.000000   -0.000000
        -0.000000    0.004474    0.000000
        -0.000000    0.000000    0.001705

siesta: Pressure (static):         -1.50601491  kBar

siesta: Stress tensor (total) (eV/Ang**3):
        -0.003359   -0.000000   -0.000000
        -0.000000    0.004474    0.000000
        -0.000000    0.000000    0.001705

siesta: Pressure (total):         -1.50601491  kBar

                     ====================================
                        Begin CG opt. move =      6
                     ====================================
k-point displ. along   1 input, could be:     0.00    0.50
k-point displ. along   2 input, could be:     0.00    0.50
k-point displ. along   3 input, could be:     0.00    0.50
 Kpoints in:           32 . Kpoints trimmed:           31

siesta: k-grid: Number of k-points = 31
siesta: k-points from Monkhorst-Pack grid
siesta: k-cutoff (effective) =     6.907 Ang
siesta: k-point supercell and displacements
siesta: k-grid:     2     0     0      0.000
siesta: k-grid:     0     6     0      0.000
siesta: k-grid:     0     0     4      0.000

superc: Internal auxiliary supercell:     5 x    13 x     9  =     585
superc: Number of atoms, orbitals, and projectors:   3510  85995  63180

outcell: Unit cell vectors (Ang):
        7.463912    0.000000   -0.000000
        0.000000    2.527608   -0.000000
       -0.000000   -0.000000    3.453677

outcell: Cell vector modules (Ang)   :    7.463912    2.527608    3.453677
outcell: Cell angles (23,13,12) (deg):     90.0000     90.0000     90.0000
outcell: Cell volume (Ang**3)        :     65.1565
<dSpData1D:S at geom step 6
  <sparsity:sparsity for geom step 6
    nrows_g=147 nrows=7 sparsity=1.3889 nnzs=30013, refcount: 7>
  <dData1D:(new from dSpData1D) n=30013, refcount: 1>
refcount: 1>
new_DM -- step:     7
Re-using DM from previous geometries...
Number of DMs in history: 1
 DM extrapolation coefficients: 
1   1.00000
New DM after history re-use:
<dSpData2D:SpM extrapolated using coords
  <sparsity:sparsity for geom step 6
    nrows_g=147 nrows=7 sparsity=1.3889 nnzs=30013, refcount: 9>
  <dData2D:(temp array for extrapolation) n=30013 m=2, refcount: 1>
refcount: 1>
No. of atoms with KB's overlaping orbs in proc 0. Max # of overlaps:     177     877

InitMesh: MESH = 80 x 30 x 36 = 86400
InitMesh: Mesh cutoff (required, used) =   300.000   300.292 Ry
New grid distribution [1]: sub = 2
New grid distribution [2]: sub = 2
New grid distribution [3]: sub = 2
Setting up quadratic distribution...

        iscf     Eharris(eV)        E_KS(eV)     FreeEng(eV)     dDmax    Ef(eV) dHmax(eV)
   scf:    1   -24876.396126   -24876.329121   -24876.344084  0.119962 -6.503714  0.781050
     spin moment: {S} , |S| = {        0.0        0.0   -1.26933 }    -1.26933
   scf:    2   -24850.608865   -24867.872618   -24867.889198  0.522003 -6.243505 18.969391
     spin moment: {S} , |S| = {        0.0        0.0   -1.64971 }    -1.64971
   scf:    3   -24876.586294   -24876.343900   -24876.358629  0.489996 -6.489890  0.157607
     spin moment: {S} , |S| = {        0.0        0.0   -1.27359 }    -1.27359
   scf:    4   -24876.344768   -24876.344478   -24876.359206  0.012491 -6.486359  0.048342
     spin moment: {S} , |S| = {        0.0        0.0   -1.27484 }    -1.27484
   scf:    5   -24876.344556   -24876.344595   -24876.359333  0.016467 -6.481924  0.027672
     spin moment: {S} , |S| = {        0.0        0.0   -1.27559 }    -1.27559
   scf:    6   -24876.344611   -24876.344605   -24876.359345  0.000310 -6.482024  0.020121
     spin moment: {S} , |S| = {        0.0        0.0   -1.27551 }    -1.27551

SCF Convergence by DM criterion
max |DM_out - DM_in|         :     0.0003098116
max |H_out - H_in|      (eV) :     0.0201212213
SCF cycle converged after 6 iterations

Using DM_out to compute the final energy and forces
No. of atoms with KB's overlaping orbs in proc 0. Max # of overlaps:     177     877

siesta: E_KS(eV) =           -24876.3446

siesta: Atomic forces (eV/Ang):
     1   -0.000008    0.000000   -0.000001
     2    0.015453   -0.000002   -0.000002
     3   -0.016344    0.000000    0.000001
     4    0.003857    0.000000    0.000003
     5   -0.004146   -0.000002    0.000004
     6   -0.001443   -0.000000   -0.000001
----------------------------------------
   Tot   -0.002632   -0.000003    0.000004
----------------------------------------
   Max    0.016344
   Res    0.005478    sqrt( Sum f_i^2 / 3N )
----------------------------------------
   Max    0.016344    constrained

Stress tensor Voigt[x,y,z,yz,xz,xy] (kbar):       -5.56        3.11        2.67        0.00       -0.00       -0.00
(Free)E + p*V (eV/cell)   -24876.3623
Target enthalpy (eV/cell)   -24876.3593

siesta: Stress tensor (static) (eV/Ang**3):
        -0.003471   -0.000000   -0.000000
        -0.000000    0.001941    0.000000
        -0.000000    0.000000    0.001665

siesta: Pressure (static):         -0.07209378  kBar

siesta: Stress tensor (total) (eV/Ang**3):
        -0.003471   -0.000000   -0.000000
        -0.000000    0.001941    0.000000
        -0.000000    0.000000    0.001665

siesta: Pressure (total):         -0.07209378  kBar

outcoor: Relaxed atomic coordinates (fractional):           
    0.33321331   -0.00000000    0.00000001   1       1  Ga
   -0.00532265   -0.00000000    0.00000001   2       2  Ni
    0.67179509   -0.00000001   -0.00000001   2       3  Ni
    0.16200517    0.50000000    0.49999997   2       4  Ni
    0.50452894    0.50000000    0.49999997   2       5  Ni
    0.83326216    0.50000000    0.50000000   2       6  Ni

outcell: Unit cell vectors (Ang):
        7.463912    0.000000   -0.000000
        0.000000    2.527608   -0.000000
       -0.000000   -0.000000    3.453677

outcell: Cell vector modules (Ang)   :    7.463912    2.527608    3.453677
outcell: Cell angles (23,13,12) (deg):     90.0000     90.0000     90.0000
outcell: Cell volume (Ang**3)        :     65.1565

coxmol: Writing XMOL coordinates into file hea.xyz                                                                                                                                                                                                                             
Writing WFSX for COOP/COHP in hea.fullBZ.WFSX

diag: Algorithm                                     = D&C
diag: Parallel over k                               =   F
diag: Use parallel 2D distribution                  =   T
diag: Parallel block-size                           = 4
diag: Parallel distribution                         =     6 x     6
diag: Used triangular part                          = Lower
diag: Absolute tolerance                            =  0.100E-15
diag: Orthogonalization factor                      =  0.100E-05
diag: Memory factor                                 =  1.0000

diag: Algorithm                                     = D&C
diag: Parallel over k                               =   F
diag: Use parallel 2D distribution                  =   T
diag: Parallel block-size                           = 4
diag: Parallel distribution                         =     6 x     6
diag: Used triangular part                          = Lower
diag: Absolute tolerance                            =  0.100E-15
diag: Orthogonalization factor                      =  0.100E-05
diag: Memory factor                                 =  1.0000

siesta: PDOS info
siesta: E1 -- E2, sigma [eV], nhist:  -20.000 --   20.000    0.100 1000

diag: Algorithm                                     = D&C
diag: Parallel over k                               =   F
diag: Use parallel 2D distribution                  =   T
diag: Parallel block-size                           = 4
diag: Parallel distribution                         =     6 x     6
diag: Used triangular part                          = Lower
diag: Absolute tolerance                            =  0.100E-15
diag: Orthogonalization factor                      =  0.100E-05
diag: Memory factor                                 =  1.0000

siesta: Program's energy decomposition (eV):
siesta: Ebs     =     -3883.928550
siesta: Eions   =     31191.231737
siesta: Ena     =      1912.472395
siesta: Ekin    =     12451.231100
siesta: Enl     =     -4639.763732
siesta: Eso     =         0.000000
siesta: Edftu   =         0.000000
siesta: DEna    =        43.685604
siesta: DUscf   =         0.609658
siesta: DUext   =         0.000000
siesta: Ex      =     -3256.848998
siesta: Ec      =      -196.498895
siesta: Exc     =     -3453.347894
siesta: EbV     =         0.000000
siesta: eta*DQ  =         0.000000
siesta: Emadel  =         0.000000
siesta: Emeta   =         0.000000
siesta: Emolmec =         0.000000
siesta: Ekinion =         0.000000
siesta: Eharris =    -24876.344611
siesta: Etot    =    -24876.344605
siesta: FreeEng =    -24876.359345

siesta: Final energy (eV):
siesta:  Band Struct. =   -3883.928550
siesta:       Kinetic =   12451.231100
siesta:       Hartree =    6960.619578
siesta:         Edftu =       0.000000
siesta:       Eso     =       0.000000
siesta:    Ext. field =       0.000000
siesta:         Exch. =   -3256.848998
siesta:         Corr. =    -196.498895
siesta:     Bulk bias =       0.000000
siesta:   Exch.-corr. =   -3453.347894
siesta:  Ion-electron =  -26882.939358
siesta:       Ion-ion =  -13951.908031
siesta:       Ekinion =       0.000000
siesta: D3 dispersion =       0.000000
siesta:         Total =  -24876.344605
siesta:         Fermi =      -6.482024

siesta: Stress tensor (static) (eV/Ang**3):
siesta:    -0.003471   -0.000000   -0.000000
siesta:    -0.000000    0.001941    0.000000
siesta:    -0.000000    0.000000    0.001665

siesta: Constrained stress tensor (static) (eV/Ang**3):
siesta:    -0.003471   -0.000000   -0.000000
siesta:    -0.000000    0.001941    0.000000
siesta:    -0.000000    0.000000    0.001665

siesta: Cell volume =         65.156518 Ang**3

siesta: Pressure (static):
siesta:                Solid            Molecule  Units
siesta:          -0.00000049          0.00000477  Ry/Bohr**3
siesta:          -0.00004500          0.00043753  eV/Ang**3
siesta:          -0.07209378          0.70100416  kBar
(Free)E+ p_basis*V_orbitals  =      -24855.685340
(Free)Eharris+ p_basis*V_orbitals  =      -24855.685346

mulliken: Atomic and Orbital Populations:

mulliken: Spin UP 

Species: Ga                  
Atom  Qatom  Qorb
               4s      4s      4s      4py     4pz     4px     4py     4pz     
               4px     4py     4pz     4px     3dxy    3dyz    3dz2    3dxz    
               3dx2-y2 4dxy    4dyz    4dz2    4dxz    4dx2-y2 
   1  6.588   0.345   0.004   0.342   0.784  -0.104  -0.204  -0.080  -0.091
             -0.067  -0.342   0.157   0.371   0.999   0.999   0.999   0.998

              1.000   0.069   0.201  -0.081   0.211   0.078

Species: Ni                  
Atom  Qatom  Qorb
               3s      4s      4s      4s      3py     3pz     3px     4py     
               4pz     4px     3dxy    3dyz    3dz2    3dxz    3dx2-y2 3dxy    
               3dyz    3dz2    3dxz    3dx2-y2 3dxy    3dyz    3dz2    3dxz    
               3dx2-y2 
   2  8.883   0.982  -0.137   0.083   0.217   0.999   0.999   0.999   0.180
              0.180   0.205   1.137   1.068   1.173   1.114   1.163  -0.073

             -0.068  -0.076  -0.071  -0.074  -0.192  -0.220  -0.205  -0.240

             -0.257
   3  8.883   0.982  -0.138   0.083   0.217   0.999   0.999   0.999   0.180
              0.180   0.205   1.137   1.068   1.173   1.114   1.163  -0.073

             -0.068  -0.076  -0.071  -0.074  -0.192  -0.220  -0.205  -0.240

             -0.257
   4  8.850   0.980  -0.947   0.146   0.670   0.999   0.999   0.999   0.219
              0.209   0.213   1.227   1.230   1.213   1.254   1.135  -0.087

             -0.084  -0.083  -0.089  -0.070  -0.225  -0.296  -0.230  -0.292

             -0.243
   5  8.850   0.980  -0.948   0.148   0.670   0.999   0.999   0.999   0.219
              0.209   0.213   1.227   1.230   1.213   1.254   1.135  -0.087

             -0.084  -0.083  -0.089  -0.070  -0.225  -0.296  -0.229  -0.292

             -0.242
   6  8.809   0.983   0.047   0.046   0.092   0.998   0.998   0.998   0.179
              0.191   0.206   1.090   1.025   1.143   1.062   1.111  -0.068

             -0.063  -0.071  -0.063  -0.066  -0.169  -0.216  -0.193  -0.218

             -0.232

mulliken: Qtot =       50.862

mulliken: Spin DOWN 

Species: Ga                  
Atom  Qatom  Qorb
               4s      4s      4s      4py     4pz     4px     4py     4pz     
               4px     4py     4pz     4px     3dxy    3dyz    3dz2    3dxz    
               3dx2-y2 4dxy    4dyz    4dz2    4dxz    4dx2-y2 
   1  6.502   0.346   0.005   0.337   0.773  -0.126  -0.244  -0.077  -0.083
             -0.058  -0.347   0.150   0.369   0.998   0.998   0.999   0.998

              1.000   0.066   0.199  -0.082   0.208   0.073

Species: Ni                  
Atom  Qatom  Qorb
               3s      4s      4s      4s      3py     3pz     3px     4py     
               4pz     4px     3dxy    3dyz    3dz2    3dxz    3dx2-y2 3dxy    
               3dyz    3dz2    3dxz    3dx2-y2 3dxy    3dyz    3dz2    3dxz    
               3dx2-y2 
   2  9.229   0.986  -0.109   0.068   0.209   0.999   0.999   0.999   0.173
              0.174   0.198   1.171   1.208   1.193   1.215   1.216  -0.062

             -0.061  -0.066  -0.063  -0.065  -0.192  -0.242  -0.203  -0.256

             -0.262
   3  9.229   0.986  -0.110   0.068   0.209   0.999   0.999   0.999   0.173
              0.174   0.198   1.171   1.208   1.193   1.215   1.216  -0.062

             -0.061  -0.066  -0.063  -0.065  -0.192  -0.242  -0.203  -0.256

             -0.262
   4  8.928   0.981  -0.903   0.137   0.642   0.999   0.999   0.999   0.213
              0.204   0.207   1.224   1.267   1.205   1.249   1.184  -0.084

             -0.082  -0.080  -0.085  -0.068  -0.222  -0.300  -0.224  -0.287

             -0.248
   5  8.928   0.981  -0.904   0.138   0.641   0.999   0.999   0.999   0.213
              0.204   0.207   1.224   1.267   1.205   1.249   1.184  -0.083

             -0.082  -0.080  -0.085  -0.068  -0.222  -0.300  -0.224  -0.287

             -0.247
   6  9.323   0.988   0.061   0.028   0.101   0.998   0.998   0.998   0.173
              0.185   0.201   1.145   1.211   1.179   1.205   1.206  -0.052

             -0.053  -0.055  -0.051  -0.052  -0.171  -0.244  -0.192  -0.242

             -0.243

mulliken: Qtot =       52.138

Mulliken Atomic Populations:
Atom #   charge [q] valence [e]      Sz [e]  Species
     1    -0.089893   13.089893    0.086891  Ga
     2    -0.112078   18.112078   -0.345845  Ni
     3    -0.111614   18.111614   -0.346106  Ni
     4     0.222900   17.777100   -0.077929  Ni
     5     0.222763   17.777237   -0.078228  Ni
     6    -0.132078   18.132078   -0.514290  Ni
-------------------------------------------
 Total    -0.000000               -1.275507

cite: Please indicate the Siesta version in published work: 5.2.2
cite: This calculation has made use of features in the following articles
cite: which we encourage you to cite in published work.
cite: (Please see "hea.bib" for a BibTeX file.)
        Primary SIESTA paper
          DOI: www.doi.org/10.1088/0953-8984/14/11/302
        PSML pseudopotential format
          DOI: www.doi.org/10.1016/j.cpc.2018.02.011


>> End of run:  30-JUL-2025  18:54:46
Job completed
