Executable      : /home/users/felipegc/woltsoft/SIESTA/siesta-5.2.2/build/bin/siesta
Version         : 5.2.2
Architecture    : x86_64
Compiler version: GNU-9.3.0
Compiler flags  : -O3 -march=native
Parallelisations: MPI
Lua support
Native ELPA support
ELSI support. Solvers:
   ELPA (internal) 
   NTPoly
   OMM
DFT-D3 support
Wannier90 wrapper support

Runtime information:
* Directory : /home/users/felipegc/MnNiGa/optimizations_afm/top/structure_calc_261
* Running on 36 nodes in parallel.
>> Start of run:  31-JUL-2025   1:54:40

                           *********************** 
                           *  WELCOME TO SIESTA  * 
                           *********************** 

 NOTE: Siesta V5 introduces some new defaults for basis-set generation
 NOTE: which might lead to slightly different numerical results.
 NOTE: Please see the manual for full details and compatibility measures.


reinit: Reading from standard input
reinit: Dumping input in INPUT_TMP.56176
************************** Dump of input data file ****************************
SystemName          hea
SystemLabel         hea
Reparametrize.Pseudos T
Restricted.Radial.Grid F
%include atoms.fdf
MaxSCFIterations     20000
SCF.Mix              Hamiltonian
SCF.Mixer.Method     Broyden
#SCF.Mixer.Variant    original #Pulay original
SCF.Mixer.History    8
SCF.Mixer.Weight     0.07
SCF.H.Converge       False
SCF.DM.Converge      True
SCF.DM.Tolerance     5.d-4
SCF.H.Tolerance      5.d-3 eV
MeshCutoff 300.0 Ry
MD.UseSaveCG         False
DM.UseSaveDM         False
NumberOfEigenStates -20
ElectronicTemperature 300 K
WriteCoorXmol        True
XC.Functional     GGA
XC.authors        PBEsol
Spin polarized
DM.InitSpin.AF true
SolutionMethod       diagon
#Diag.Algorithm        MRRR
###################################
###################################
# Full template for Basis param.
###################################
###################################
Basis.Pressure 0.3 GPa
PAO.SoftDefault T
PAO.SoftPotential 50.0 Ry
PAO.SoftInnerRadius 0.70
PAO.BasisType split
PAO.EnergyShift 0.0019 eV
PAO.BasisSize TZP
PAO.SplitTailNorm T
            %block kgrid_Monkhorst_Pack
            6  0  0  0.
            0  6  0  0.
            0  0  4  0.
            %endblock kgrid_Monkhorst_Pack
            MD.TypeOfRun CG
            MD.Steps         500
            MD.VariableCell true
            MD.MaxForceTol 0.05 eV/Ang
            WriteMDHistory true
            WriteForces true
            Write.OrbitalIndex true
            Charge.Mulliken end
            COOP.Write true
            %block ProjectedDensityOfStates
            -20.00 20.00 0.1 1000 eV
            %endblock ProjectedDensityOfStates
************************** End of input data file *****************************

reinit: -----------------------------------------------------------------------
reinit: System Name: hea
reinit: -----------------------------------------------------------------------
reinit: System Label: hea
reinit: -----------------------------------------------------------------------

NOTE on units for spin output: 
{S} is the spin magnetic moment, in units of the Bohr magneton,
assuming a g-factor for the electron spin of exactly 2.
The spin magnetic moment is then numerically equal to the charge inbalance,
in units of electrons, between the spin-up and -down channels.


initatom: Reading input for the pseudopotentials and atomic orbitals ----------
Species number:   1 Atomic number:   31 Label: Ga
Species number:   2 Atomic number:   25 Label: Mn

Ground state valence configuration (from tables):   4s02  4p01  4d00  4f00
Ground state valence configuration (from tables):   4s02  4p00  3d05  4f00

---- Processing specs for species: Ga
Reading pseudopotential information in PSML from:
  Ga.psml
PSML file version: 1.1
Using libxc ids:  101 130
GGA--PBE XC_GGA_X_PBE--XC_GGA_C_PBE pb
PSML uuid: 206972b0-be42-11e7-579b-1282fffb1a56
Semicore shell(s) with 10 electrons included in the valence for Ga

---- Processing specs for species: Mn
Reading pseudopotential information in PSML from:
  Mn.psml
PSML file version: 1.1
Using libxc ids:  101 130
GGA--PBE XC_GGA_X_PBE--XC_GGA_C_PBE pb
PSML uuid: e5ebd880-be41-11e7-659b-074ddfc7bd15
Semicore shell(s) with  8 electrons included in the valence for Mn

---- Pseudopotential check for Ga

Pseudized shells:
4s( 2.00) rc: 1.67
4p( 1.00) rc: 1.75
3d(10.00) rc: 1.90
Valence configuration for ps generation: 3d:4s:4p: Total charge:  13.000000
Semicore shell(s): 3d
Fallback to non-perturbative polarization scheme for Ga
Please see the manual if this is not desired in principle

---- Pseudopotential check for Mn

Pseudized shells:
3s( 2.00) rc: 1.41
3p( 6.00) rc: 1.21
3d( 5.00) rc: 1.61
Valence configuration for ps generation: 3s:3p:3d:4s: Total charge:  15.000000
Semicore shell(s): 3s 3p
Fallback to non-perturbative polarization scheme for Mn
Please see the manual if this is not desired in principle
For Ga, standard SIESTA heuristics set lmxkb to 3
 (one more than the basis l, including polarization orbitals).
Use PS.lmax or PS.KBprojectors blocks to override.
For Mn, standard SIESTA heuristics set lmxkb to 3
 (one more than the basis l, including polarization orbitals).
Use PS.lmax or PS.KBprojectors blocks to override.
Ga pseudopotential only contains V_ls up to l=2 -- lmxkb reset.
Mn pseudopotential only contains V_ls up to l=2 -- lmxkb reset.

<basis_specs>
===============================================================================
Ga                   Z=  31    Mass=  69.723        Charge= 0.17977+309
Lmxo=2 Lmxkb= 2    BasisType=split      Semic=T
L=0  Nsemic=0  Cnfigmx=4
          i=1  nzeta=3  polorb=0  (4s)
            splnorm:   0.15000    
               vcte:    50.000    
               rinn:  -0.70000    
               qcoe:    0.0000    
               qyuk:    0.0000    
               qwid:   0.10000E-01
                rcs:    0.0000      0.0000      0.0000    
            lambdas:    1.0000      1.0000      1.0000    
L=1  Nsemic=0  Cnfigmx=4
          i=1  nzeta=3  polorb=0  (4p)  (to be polarized non-perturbatively)
            splnorm:   0.15000    
               vcte:    50.000    
               rinn:  -0.70000    
               qcoe:    0.0000    
               qyuk:    0.0000    
               qwid:   0.10000E-01
                rcs:    0.0000      0.0000      0.0000    
            lambdas:    1.0000      1.0000      1.0000    
L=2  Nsemic=1  Cnfigmx=4
          i=1  nzeta=1  polorb=0  (3d)  (semicore shell)
            splnorm:   0.15000    
               vcte:    50.000    
               rinn:  -0.70000    
               qcoe:    0.0000    
               qyuk:    0.0000    
               qwid:   0.10000E-01
                rcs:    0.0000    
            lambdas:    1.0000    
          i=2  nzeta=1  polorb=0  (4d)  (non-perturbative polarization shell)
            splnorm:   0.15000    
               vcte:    50.000    
               rinn:  -0.70000    
               qcoe:   0.41259-315
               qyuk:    0.0000    
               qwid:   0.69529-309
                rcs:    0.0000    
            lambdas:    1.0000    
-------------------------------------------------------------------------------
L=0  Nkbl=1  erefs: 0.17977+309
L=1  Nkbl=1  erefs: 0.17977+309
L=2  Nkbl=2  erefs: 0.17977+309 0.17977+309
===============================================================================
</basis_specs>

Using PAO.SplitTailNorm
atom: Called for Ga                    (Z =  31)
Maximum radius (at nrval) set to   50.00000 8518

read_vps: Pseudopotential generation method:
read_vps: ONCVPSP-3.Hamann's oncvpsp                        
Valence charge in pseudo generation:   13.00000

read_vps: Pseudopotential includes a core correction:
read_vps: Pseudo-core for xc-correction

xc_check: Exchange-correlation functional:
xc_check: GGA PBEsol
xc_check: WARNING: Pseudopotential generated with GGA PBE functional
Got Vlocal (oncv-fit) from psml data
Choosing vlocal chloc cutoff:  4.295227
qtot up to nchloc:   13.00023270
atom: Maximum radius for chlocal:    4.29523
atom: Maximum radius for r*vlocal+2*Zval:    4.29523
Reading KB projs from Ga psml data
Using scalar-relativistic projectors in PSML file

PSML: Kleinman-Bylander projectors: 
   l= 0   rc=  1.688643   Ekb= 14.059564
   l= 0   rc=  1.688643   Ekb=  2.289351
   l= 1   rc=  1.772167   Ekb= 13.610457
   l= 1   rc=  1.772167   Ekb=  2.576326
   l= 2   rc=  1.926399   Ekb=-16.756509
   l= 2   rc=  1.926399   Ekb= -5.641527

PSML: Total number of  Kleinman-Bylander projectors:  18
atom: -------------------------------------------------------------------------

atom: SANKEY-TYPE ORBITALS:
atom: Selected multiple-zeta basis: split     

SPLIT: Orbitals with angular momentum L= 0

SPLIT: Basis orbitals for state 4s

SPLIT: PAO cut-off radius determined from an
SPLIT: energy shift=  0.000140 Ry
Split based on tail norm

   izeta = 1
                 lambda =    1.000000
                     rc =    8.573397
                 energy =   -0.660225
                kinetic =    0.501561
    potential(screened) =   -1.161786
       potential(ionic) =  -12.246649

   izeta = 2
                 rmatch =    4.547753
              splitnorm =    0.150000
                 energy =   -0.462291
                kinetic =    0.981430
    potential(screened) =   -1.443721
       potential(ionic) =  -13.770808

   izeta = 3
                 rmatch =    5.338573
              splitnorm =    0.075000
                 energy =   -0.599358
                kinetic =    0.744548
    potential(screened) =   -1.343906
       potential(ionic) =  -13.255962

SPLIT: Orbitals with angular momentum L= 1

SPLIT: Basis orbitals for state 4p

SPLIT: PAO cut-off radius determined from an
SPLIT: energy shift=  0.000140 Ry
Split based on tail norm

   izeta = 1
                 lambda =    1.000000
                     rc =   12.949509
                 energy =   -0.190428
                kinetic =    0.541974
    potential(screened) =   -0.732402
       potential(ionic) =   -9.174065

   izeta = 2
                 rmatch =    6.968471
              splitnorm =    0.150000
                 energy =   -0.153132
                kinetic =    0.764207
    potential(screened) =   -0.917338
       potential(ionic) =  -10.565779

   izeta = 3
                 rmatch =    8.212134
              splitnorm =    0.075000
                 energy =   -0.175794
                kinetic =    0.665884
    potential(screened) =   -0.841678
       potential(ionic) =  -10.014829

SPLIT: Orbitals with angular momentum L= 2

SPLIT: Basis orbitals for state 3d

SPLIT: PAO cut-off radius determined from an
SPLIT: energy shift=  0.000140 Ry
Split based on tail norm

   izeta = 1
                 lambda =    1.000000
                     rc =    4.873342
                 energy =   -1.390864
                kinetic =   12.335179
    potential(screened) =  -13.726043
       potential(ionic) =  -32.471836

SPLIT: Basis orbitals for state 4d
SPLIT: Non-perturbative polarization orbs for state 4p
SPLIT: rc(1st zeta) (re)set to: 12.9495 (expansion factor: 1.0000)
Split based on tail norm

   izeta = 1
                 lambda =    1.000000
                     rc =   12.949509
                 energy =    0.135451
                kinetic =    0.341434
    potential(screened) =   -0.205982
       potential(ionic) =   -4.584821
atom: Total number of Sankey-type orbitals: 22

atm_pop: Valence configuration (for local Pseudopot. screening):
 4s( 2.00)                                                            
 4p( 1.00)                                                            
 3d(10.00) 4d( 0.00)                                                  
Vna: chval, zval:   13.00000  13.00000

Vna:  Cut-off radius for the neutral-atom potential:  12.949509
comcore: Pseudo-core radius Rcore=  2.359857

atom: _________________________________________________________________________

<basis_specs>
===============================================================================
Mn                   Z=  25    Mass=  54.938        Charge= 0.17977+309
Lmxo=2 Lmxkb= 2    BasisType=split      Semic=T
L=0  Nsemic=1  Cnfigmx=4
          i=1  nzeta=1  polorb=0  (3s)  (semicore shell)
            splnorm:   0.15000    
               vcte:    50.000    
               rinn:  -0.70000    
               qcoe:    0.0000    
               qyuk:    0.0000    
               qwid:   0.10000E-01
                rcs:    0.0000    
            lambdas:    1.0000    
          i=2  nzeta=3  polorb=0  (4s)  (to be polarized non-perturbatively)
            splnorm:   0.15000    
               vcte:    50.000    
               rinn:  -0.70000    
               qcoe:    0.0000    
               qyuk:    0.0000    
               qwid:   0.10000E-01
                rcs:    0.0000      0.0000      0.0000    
            lambdas:    1.0000      1.0000      1.0000    
L=1  Nsemic=1  Cnfigmx=4
          i=1  nzeta=1  polorb=0  (3p)  (semicore shell)
            splnorm:   0.15000    
               vcte:    50.000    
               rinn:  -0.70000    
               qcoe:    0.0000    
               qyuk:    0.0000    
               qwid:   0.10000E-01
                rcs:    0.0000    
            lambdas:    1.0000    
          i=2  nzeta=1  polorb=0  (4p)  (non-perturbative polarization shell)
            splnorm:   0.15000    
               vcte:    50.000    
               rinn:  -0.70000    
               qcoe:   0.41259-315
               qyuk:    0.0000    
               qwid:   0.69529-309
                rcs:    0.0000    
            lambdas:    1.0000    
L=2  Nsemic=0  Cnfigmx=3
          i=1  nzeta=3  polorb=0  (3d)
            splnorm:   0.15000    
               vcte:    50.000    
               rinn:  -0.70000    
               qcoe:    0.0000    
               qyuk:    0.0000    
               qwid:   0.10000E-01
                rcs:    0.0000      0.0000      0.0000    
            lambdas:    1.0000      1.0000      1.0000    
-------------------------------------------------------------------------------
L=0  Nkbl=2  erefs: 0.17977+309 0.17977+309
L=1  Nkbl=2  erefs: 0.17977+309 0.17977+309
L=2  Nkbl=1  erefs: 0.17977+309
===============================================================================
</basis_specs>

Using PAO.SplitTailNorm
atom: Called for Mn                    (Z =  25)
Maximum radius (at nrval) set to   50.00000 8518

read_vps: Pseudopotential generation method:
read_vps: ONCVPSP-3.Hamann's oncvpsp                        
Valence charge in pseudo generation:   15.00000

read_vps: Pseudopotential includes a core correction:
read_vps: Pseudo-core for xc-correction

xc_check: Exchange-correlation functional:
xc_check: GGA PBEsol
xc_check: WARNING: Pseudopotential generated with GGA PBE functional
Got Vlocal (oncv-fit) from psml data
Choosing vlocal chloc cutoff:  3.504263
qtot up to nchloc:   15.00032895
atom: Maximum radius for chlocal:    3.50426
atom: Maximum radius for r*vlocal+2*Zval:    3.50426
Reading KB projs from Mn psml data
Using scalar-relativistic projectors in PSML file

PSML: Kleinman-Bylander projectors: 
   l= 0   rc=  1.427391   Ekb= 18.471374
   l= 0   rc=  1.430269   Ekb=  3.121111
   l= 1   rc=  1.224702   Ekb=  3.156115
   l= 1   rc=  1.224702   Ekb= -1.424352
   l= 2   rc=  1.630219   Ekb=-13.224142
   l= 2   rc=  1.630219   Ekb= -4.330632

PSML: Total number of  Kleinman-Bylander projectors:  18
atom: -------------------------------------------------------------------------

atom: SANKEY-TYPE ORBITALS:
atom: Selected multiple-zeta basis: split     

SPLIT: Orbitals with angular momentum L= 0

SPLIT: Basis orbitals for state 3s

SPLIT: PAO cut-off radius determined from an
SPLIT: energy shift=  0.000140 Ry
Split based on tail norm

   izeta = 1
                 lambda =    1.000000
                     rc =    3.380000
                 energy =   -6.293298
                kinetic =    2.848567
    potential(screened) =   -9.141865
       potential(ionic) =  -33.519753

SPLIT: Basis orbitals for state 4s

SPLIT: PAO cut-off radius determined from an
SPLIT: energy shift=  0.000140 Ry
Split based on tail norm

   izeta = 1
                 lambda =    1.000000
                     rc =   10.002455
                 energy =   -0.450676
                kinetic =    1.112603
    potential(screened) =   -1.563278
       potential(ionic) =  -13.199632

   izeta = 2
                 rmatch =    5.430276
              splitnorm =    0.150000
                 energy =   -0.360834
                kinetic =    1.875764
    potential(screened) =   -2.236598
       potential(ionic) =  -15.982656

   izeta = 3
                 rmatch =    6.342382
              splitnorm =    0.075000
                 energy =   -0.415048
                kinetic =    1.529261
    potential(screened) =   -1.944310
       potential(ionic) =  -14.865309

SPLIT: Orbitals with angular momentum L= 1

SPLIT: Basis orbitals for state 3p

SPLIT: PAO cut-off radius determined from an
SPLIT: energy shift=  0.000140 Ry
Split based on tail norm

   izeta = 1
                 lambda =    1.000000
                     rc =    3.873861
                 energy =   -3.996757
                kinetic =    6.976018
    potential(screened) =  -10.972775
       potential(ionic) =  -34.563053

SPLIT: Basis orbitals for state 4p
SPLIT: Non-perturbative polarization orbs for state 4s
SPLIT: rc(1st zeta) (re)set to: 10.0025 (expansion factor: 1.0000)
Split based on tail norm

   izeta = 1
                 lambda =    1.000000
                     rc =   10.002455
                 energy =   -0.085879
                kinetic =    0.770317
    potential(screened) =   -0.856196
       potential(ionic) =   -9.409918

SPLIT: Orbitals with angular momentum L= 2

SPLIT: Basis orbitals for state 3d

SPLIT: PAO cut-off radius determined from an
SPLIT: energy shift=  0.000140 Ry
Split based on tail norm

   izeta = 1
                 lambda =    1.000000
                     rc =    7.238756
                 energy =   -0.490123
                kinetic =    9.261574
    potential(screened) =   -9.751697
       potential(ionic) =  -30.334327

   izeta = 2
                 rmatch =    3.144499
              splitnorm =    0.150000
                 energy =   -0.401801
                kinetic =   11.021778
    potential(screened) =  -11.423579
       potential(ionic) =  -33.555539

   izeta = 3
                 rmatch =    3.972182
              splitnorm =    0.075000
                 energy =   -0.464167
                kinetic =   10.072383
    potential(screened) =  -10.536551
       potential(ionic) =  -31.940836
atom: Total number of Sankey-type orbitals: 25

atm_pop: Valence configuration (for local Pseudopot. screening):
 3s( 2.00) 4s( 2.00)                                                  
 3p( 6.00) 4p( 0.00)                                                  
 3d( 5.00)                                                            
Vna: chval, zval:   15.00000  15.00000

Vna:  Cut-off radius for the neutral-atom potential:  10.002455
comcore: Pseudo-core radius Rcore=  2.115123

atom: _________________________________________________________________________

prinput: Basis input 

PAO.BasisType split     

%block ChemicalSpeciesLabel
    1   31 Ga                      # Species index, atomic number, species label
    2   25 Mn                      # Species index, atomic number, species label
%endblock ChemicalSpeciesLabel

%block PAO.Basis                 # Define Basis set
# WARNING: This information might be incomplete!
Ga                    4                    # Species label, number of l-shells
 n=4   0   3                         # n, l, Nzeta 
   8.573      4.548      5.339   
   1.000      1.000      1.000   
 n=4   1   3                         # n, l, Nzeta 
  12.950      6.968      8.212   
   1.000      1.000      1.000   
 n=3   2   1                         # n, l, Nzeta 
   4.873   
   1.000   
 n=4   2   1                         # n, l, Nzeta 
  12.950   
   1.000   
Mn                    5                    # Species label, number of l-shells
 n=3   0   1                         # n, l, Nzeta 
   3.380   
   1.000   
 n=4   0   3                         # n, l, Nzeta 
  10.002      5.430      6.342   
   1.000      1.000      1.000   
 n=3   1   1                         # n, l, Nzeta 
   3.874   
   1.000   
 n=4   1   1                         # n, l, Nzeta 
  10.002   
   1.000   
 n=3   2   3                         # n, l, Nzeta 
   7.239      3.144      3.972   
   1.000      1.000      1.000   
%endblock PAO.Basis

prinput: ----------------------------------------------------------------------

coor:   Atomic-coordinates input format  =     Fractional

siesta: Atomic coordinates (Bohr) and species
siesta:      2.35178   2.35178   3.32592  1        1
siesta:      0.00000   0.00000   0.00000  2        2

siesta: System type = bulk      

initatomlists: Number of atoms, orbitals, and projectors:      2    47    36

coxmol: Writing XMOL coordinates into file hea.xyz                                                                                                                                                                                                                             

siesta: ******************** Simulation parameters ****************************
siesta:
siesta: The following are some of the parameters of the simulation.
siesta: A complete list of the parameters used, including default values,
siesta: can be found in file out.fdf
siesta:
redata: Spin configuration                          = collinear
redata: Number of spin components                   = 2
redata: Time-Reversal Symmetry                      = T
redata: Spin spiral                                 = F
redata: Long output                                 =   F
redata: Number of Atomic Species                    =        2
redata: Charge density info will appear in .RHO file
redata: Write Mulliken charges (when)               = end
redata: Write Mulliken Pop.                         = Atomic and Orbital charges
redata: Write Hirshfeld charges (when)              = none
redata: Write Voronoi charges (when)                = none
redata: Write spin charge (when)                    = scf
redata: Matel table size (NRTAB)                    =     1024
redata: Mesh Cutoff                                 =   300.0000 Ry
redata: Net charge of the system                    =     0.0000 |e|
redata: Min. number of SCF Iter                     =        0
redata: Max. number of SCF Iter                     =    20000
redata: SCF convergence failure will abort job
redata: SCF mix quantity                            = Hamiltonian
redata: Mix DM or H after convergence               =   F
redata: Recompute H after scf cycle                 =   F
redata: Mix DM in first SCF step                    =   T
redata: Write Pulay info on disk                    =   F
redata: New DM Occupancy tolerance                  = 0.000000000001
redata: No kicks to SCF
redata: DM Mixing Weight for Kicks                  =     0.5000
redata: Require Harris convergence for SCF          =   F
redata: Harris energy tolerance for SCF             =     0.000100 eV
redata: Require DM convergence for SCF              =   T
redata: DM tolerance for SCF                        =     0.000500
redata: Require EDM convergence for SCF             =   F
redata: EDM tolerance for SCF                       =     0.001000 eV
redata: Require H convergence for SCF               =   F
redata: Hamiltonian tolerance for SCF               =     0.005000 eV
redata: Require (free) Energy convergence for SCF   =   F
redata: (free) Energy tolerance for SCF             =     0.000100 eV
redata: Antiferro initial spin density              =   T
redata: Using DFT-D3 dispersion                     =   F
redata: Using Saved Data (generic)                  =   F
redata: Use continuation files for DM               =   F
redata: Neglect nonoverlap interactions             =   F
redata: Method of Calculation                       = Diagonalization
redata: Electronic Temperature                      =   300.0000 K
redata: Fix the spin of the system                  =   F
redata: Max. number of TDED Iter                    =        1
redata: Number of TDED substeps                     =        3
redata: Dynamics option                             = CG coord. optimization
redata: Variable cell                               =   T
redata: Use continuation files for CG               =   F
redata: Max atomic displ per move                   =     0.1058 Ang
redata: Maximum number of optimization moves        =      500
redata: Force tolerance                             =     0.0500 eV/Ang
redata: Stress tolerance                            =     1.0000 GPa
mix.SCF: Broyden mixing                          = Broyden
mix.SCF:    History steps                        = 8
mix.SCF:    Linear mixing weight                 =     0.070000
mix.SCF:    Inverse Jacobian weight              =     0.070000
mix.SCF:    Weight prime                         =     0.070000
mix.SCF:    SVD condition                        = 0.1000E-07
mix.SCF: Spin-component mixing                   all
redata: ***********************************************************************

%block SCF.Mixers
  Broyden
%endblock SCF.Mixers

%block SCF.Mixer.Broyden
  # Mixing method
  method broyden

  # Mixing options
  weight 0.0700
  weight.linear 0.0700
  weight.prime 0.0700
  history 8
%endblock SCF.Mixer.Broyden

DM_history_depth set to one: no extrapolation allowed by default for geometry relaxation
Size of DM history Fstack: 1
Total number of electrons:    28.000000
Total ionic charge:    28.000000

* ProcessorY, Blocksize:    4   1


* Orbital distribution balance (max,min):     2     1

k-point displ. along   1 input, could be:     0.00    0.50
k-point displ. along   2 input, could be:     0.00    0.50
k-point displ. along   3 input, could be:     0.00    0.50
 Kpoints in:           96 . Kpoints trimmed:           89

siesta: k-grid: Number of k-points = 89
siesta: k-points from Monkhorst-Pack grid
siesta: k-cutoff (effective) =     7.040 Ang
siesta: k-point supercell and displacements
siesta: k-grid:     6     0     0      0.000
siesta: k-grid:     0     6     0      0.000
siesta: k-grid:     0     0     4      0.000
k-point displ. along   1 input, could be:     0.00    0.50
k-point displ. along   2 input, could be:     0.00    0.50
k-point displ. along   3 input, could be:     0.00    0.50
 Kpoints in:           96 . Kpoints trimmed:           89

siesta: PDOS k-grid: Number of k-points = 89
siesta: PDOS k-points from Monkhorst-Pack grid
siesta: PDOS k-cutoff (effective) =     0.000 Ang
siesta: PDOS k-point supercell and displacements
siesta: k-grid:     6     0     0      0.000
siesta: k-grid:     0     6     0      0.000
siesta: k-grid:     0     0     4      0.000

diag: Algorithm                                     = D&C
diag: Parallel over k                               =   F
diag: Use parallel 2D distribution                  =   T
diag: Parallel block-size                           = 1
diag: Parallel distribution                         =     6 x     6
diag: Used triangular part                          = Lower
diag: Absolute tolerance                            =  0.100E-15
diag: Orthogonalization factor                      =  0.100E-05
diag: Memory factor                                 =  1.0000
diag: The diagonalization method chosen cannot compute a reduced number of eigenvectors.
diag: Resetting neigwanted 36 to 47

superc: Internal auxiliary supercell:    13 x    13 x     9  =    1521
superc: Number of atoms, orbitals, and projectors:   3042  71487  54756


ts: **************************************************************
ts: Save H and S matrices                           =    F
ts: Save DM and EDM matrices                        =    F
ts: Only save the overlap matrix S                  =    F
ts: **************************************************************

************************ Begin: TS CHECKS AND WARNINGS ************************
************************ End: TS CHECKS AND WARNINGS **************************


                     ====================================
                        Begin CG opt. move =      0
                     ====================================

superc: Internal auxiliary supercell:    13 x    13 x     9  =    1521
superc: Number of atoms, orbitals, and projectors:   3042  71487  54756

outcell: Unit cell vectors (Ang):
        2.489016    0.000000    0.000000
        0.000000    2.489016    0.000000
        0.000000    0.000000    3.520000

outcell: Cell vector modules (Ang)   :    2.489016    2.489016    3.520000
outcell: Cell angles (23,13,12) (deg):     90.0000     90.0000     90.0000
outcell: Cell volume (Ang**3)        :     21.8071
<dSpData1D:S at geom step 0
  <sparsity:sparsity for geom step 0
    nrows_g=47 nrows=2 sparsity=6.5373 nnzs=14441, refcount: 7>
  <dData1D:(new from dSpData1D) n=14441, refcount: 1>
refcount: 1>
new_DM -- step:     1
Initializing Density Matrix...
DM filled with atomic data:
<dSpData2D:DM initialized from atoms
  <sparsity:sparsity for geom step 0
    nrows_g=47 nrows=2 sparsity=6.5373 nnzs=14441, refcount: 8>
  <dData2D:DM n=14441 m=2, refcount: 1>
refcount: 1>
No. of atoms with KB's overlaping orbs in proc 0. Max # of overlaps:      67    1516

InitMesh: MESH = 30 x 30 x 40 = 36000
InitMesh: Mesh cutoff (required, used) =   300.000   356.892 Ry
New grid distribution [1]: sub = 2
New grid distribution [2]: sub = 2
New grid distribution [3]: sub = 2
Setting up quadratic distribution...

stepf: Fermi-Dirac step function

siesta: Program's energy decomposition (eV):
siesta: Ebs     =      -859.356830
siesta: Eions   =      6264.545433
siesta: Ena     =       482.466716
siesta: Ekin    =      2991.430153
siesta: Enl     =     -1212.473623
siesta: Eso     =         0.000000
siesta: Edftu   =         0.000000
siesta: DEna    =        28.294832
siesta: DUscf   =         0.635597
siesta: DUext   =         0.000000
siesta: Ex      =      -996.945228
siesta: Ec      =       -62.002931
siesta: Exc     =     -1058.948159
siesta: EbV     =         0.000000
siesta: eta*DQ  =         0.000000
siesta: Emadel  =         0.000000
siesta: Emeta   =         0.000000
siesta: Emolmec =         0.000000
siesta: Ekinion =         0.000000
siesta: Eharris =     -5008.363469
siesta: Etot    =     -5033.139916
siesta: FreeEng =     -5033.145220

        iscf     Eharris(eV)        E_KS(eV)     FreeEng(eV)     dDmax    Ef(eV) dHmax(eV)
   scf:    1    -5008.363469    -5033.139916    -5033.145220 10.364297 -6.769592  3.419743
     spin moment: {S} , |S| = {        0.0        0.0   -2.75467 }    -2.75467
timer: Routine,Calls,Time,% = IterSCF        1       3.816  16.62
   scf:    2    -5033.326776    -5033.235241    -5033.240551  0.585712 -6.882377  2.841899
     spin moment: {S} , |S| = {        0.0        0.0   -2.72892 }    -2.72892
   scf:    3    -5033.681393    -5033.497762    -5033.502226  1.816016 -7.314757  1.508770
     spin moment: {S} , |S| = {        0.0        0.0   -2.50515 }    -2.50515
   scf:    4    -5033.071926    -5033.318641    -5033.322953  0.535803 -7.492318  2.843601
     spin moment: {S} , |S| = {        0.0        0.0   -2.55677 }    -2.55677
   scf:    5    -5033.916694    -5033.653345    -5033.654217  0.914726 -7.415553  0.957069
     spin moment: {S} , |S| = {        0.0        0.0   -2.33189 }    -2.33189
   scf:    6    -5033.508241    -5033.623468    -5033.624516  0.715734 -7.192812  1.729104
     spin moment: {S} , |S| = {        0.0        0.0   -2.32232 }    -2.32232
   scf:    7    -5033.748734    -5033.702867    -5033.705259  0.966495 -7.366200  0.180128
     spin moment: {S} , |S| = {        0.0        0.0   -2.18160 }    -2.18160
   scf:    8    -5033.707031    -5033.704672    -5033.707123  0.159925 -7.343340  0.162725
     spin moment: {S} , |S| = {        0.0        0.0   -2.12422 }    -2.12422
   scf:    9    -5033.702596    -5033.703752    -5033.706241  0.075975 -7.329056  0.264526
     spin moment: {S} , |S| = {        0.0        0.0   -2.10608 }    -2.10608
   scf:   10    -5033.703083    -5033.705509    -5033.707714  0.181865 -7.375845  0.205303
     spin moment: {S} , |S| = {        0.0        0.0   -2.12274 }    -2.12274
   scf:   11    -5033.706396    -5033.706085    -5033.708389  0.033187 -7.361138  0.108318
     spin moment: {S} , |S| = {        0.0        0.0   -2.12854 }    -2.12854
   scf:   12    -5033.706356    -5033.706240    -5033.708654  0.018869 -7.359125  0.059548
     spin moment: {S} , |S| = {        0.0        0.0   -2.12697 }    -2.12697
   scf:   13    -5033.705894    -5033.706138    -5033.708704  0.040853 -7.351393  0.040150
     spin moment: {S} , |S| = {        0.0        0.0   -2.12634 }    -2.12634
   scf:   14    -5033.706271    -5033.706211    -5033.708746  0.011895 -7.354032  0.013438
     spin moment: {S} , |S| = {        0.0        0.0   -2.12620 }    -2.12620
   scf:   15    -5033.706227    -5033.706220    -5033.708752  0.005778 -7.355019  0.003101
     spin moment: {S} , |S| = {        0.0        0.0   -2.12621 }    -2.12621
   scf:   16    -5033.706218    -5033.706219    -5033.708753  0.001283 -7.355345  0.000760
     spin moment: {S} , |S| = {        0.0        0.0   -2.12621 }    -2.12621
   scf:   17    -5033.706218    -5033.706218    -5033.708753  0.000048 -7.355345  0.000725
     spin moment: {S} , |S| = {        0.0        0.0   -2.12621 }    -2.12621

SCF Convergence by DM criterion
max |DM_out - DM_in|         :     0.0000477829
max |H_out - H_in|      (eV) :     0.0007247056
SCF cycle converged after 17 iterations

Using DM_out to compute the final energy and forces
No. of atoms with KB's overlaping orbs in proc 0. Max # of overlaps:      67    1516

siesta: E_KS(eV) =            -5033.7062

siesta: E_KS - E_eggbox =     -5033.7062

siesta: Atomic forces (eV/Ang):
     1    0.000000   -0.000000    0.000000
     2    0.000000   -0.000000   -0.000000
----------------------------------------
   Tot    0.000000   -0.000000    0.000000
----------------------------------------
   Max    0.000000
   Res    0.000000    sqrt( Sum f_i^2 / 3N )
----------------------------------------
   Max    0.000000    constrained

Stress tensor Voigt[x,y,z,yz,xz,xy] (kbar):     -420.71     -420.71     -316.05        0.00       -0.00       -0.00
(Free)E + p*V (eV/cell)    -5028.4573
Target enthalpy (eV/cell)    -5033.7088

siesta: Stress tensor (static) (eV/Ang**3):
        -0.262589   -0.000000    0.000000
        -0.000000   -0.262588    0.000000
        -0.000000    0.000000   -0.197266

siesta: Pressure (static):        385.82688754  kBar

siesta: Stress tensor (total) (eV/Ang**3):
        -0.262589   -0.000000    0.000000
        -0.000000   -0.262588    0.000000
        -0.000000    0.000000   -0.197266

siesta: Pressure (total):        385.82688754  kBar

cgvc: No target stress found, assuming hydrostatic MD.TargetPressure.

cgvc: Target stress (kBar)
cgvc:        -0.000       0.000       0.000
cgvc:         0.000      -0.000       0.000
cgvc:         0.000       0.000      -0.000

                     ====================================
                        Begin CG opt. move =      1
                     ====================================
k-point displ. along   1 input, could be:     0.00    0.50
k-point displ. along   2 input, could be:     0.00    0.50
k-point displ. along   3 input, could be:     0.00    0.50
 Kpoints in:           96 . Kpoints trimmed:           89

siesta: k-grid: Number of k-points = 89
siesta: k-points from Monkhorst-Pack grid
siesta: k-cutoff (effective) =     7.110 Ang
siesta: k-point supercell and displacements
siesta: k-grid:     6     0     0      0.000
siesta: k-grid:     0     6     0      0.000
siesta: k-grid:     0     0     4      0.000

superc: Internal auxiliary supercell:    13 x    13 x     9  =    1521
superc: Number of atoms, orbitals, and projectors:   3042  71487  54756

outcell: Unit cell vectors (Ang):
        2.521916    0.000000    0.000000
        0.000000    2.521916   -0.000000
        0.000000   -0.000000    3.554954

outcell: Cell vector modules (Ang)   :    2.521916    2.521916    3.554954
outcell: Cell angles (23,13,12) (deg):     90.0000     90.0000     90.0000
outcell: Cell volume (Ang**3)        :     22.6097
<dSpData1D:S at geom step 1
  <sparsity:sparsity for geom step 1
    nrows_g=47 nrows=2 sparsity=6.2875 nnzs=13889, refcount: 7>
  <dData1D:(new from dSpData1D) n=13889, refcount: 1>
refcount: 1>
new_DM -- step:     2
Re-using DM from previous geometries...
Number of DMs in history: 1
 DM extrapolation coefficients: 
1   1.00000
New DM after history re-use:
<dSpData2D:SpM extrapolated using coords
  <sparsity:sparsity for geom step 1
    nrows_g=47 nrows=2 sparsity=6.2875 nnzs=13889, refcount: 9>
  <dData2D:(temp array for extrapolation) n=13889 m=2, refcount: 1>
refcount: 1>
No. of atoms with KB's overlaping orbs in proc 0. Max # of overlaps:      67    1335

InitMesh: MESH = 30 x 30 x 40 = 36000
InitMesh: Mesh cutoff (required, used) =   300.000   349.908 Ry
New grid distribution [1]: sub = 2
New grid distribution [2]: sub = 2
New grid distribution [3]: sub = 2
Setting up quadratic distribution...

        iscf     Eharris(eV)        E_KS(eV)     FreeEng(eV)     dDmax    Ef(eV) dHmax(eV)
   scf:    1    -5034.462648    -5033.833382    -5033.835735  0.719807 -7.123229  1.191493
     spin moment: {S} , |S| = {        0.0        0.0   -2.18537 }    -2.18537
   scf:    2    -5031.813547    -5033.229688    -5033.230227  1.223608 -7.757501  4.904536
     spin moment: {S} , |S| = {        0.0        0.0   -2.16670 }    -2.16670
   scf:    3    -5034.012678    -5033.875173    -5033.877230  0.922892 -7.250034  0.106359
     spin moment: {S} , |S| = {        0.0        0.0   -2.18301 }    -2.18301
   scf:    4    -5033.875004    -5033.875226    -5033.877336  0.043804 -7.237301  0.113244
     spin moment: {S} , |S| = {        0.0        0.0   -2.18404 }    -2.18404
   scf:    5    -5033.875731    -5033.875611    -5033.877688  0.042158 -7.240504  0.036335
     spin moment: {S} , |S| = {        0.0        0.0   -2.18582 }    -2.18582
   scf:    6    -5033.875623    -5033.875617    -5033.877700  0.002329 -7.240511  0.032842
     spin moment: {S} , |S| = {        0.0        0.0   -2.18619 }    -2.18619
   scf:    7    -5033.875619    -5033.875622    -5033.877743  0.017805 -7.239494  0.007212
     spin moment: {S} , |S| = {        0.0        0.0   -2.18839 }    -2.18839
   scf:    8    -5033.875572    -5033.875598    -5033.877747  0.011026 -7.238958  0.009798
     spin moment: {S} , |S| = {        0.0        0.0   -2.18991 }    -2.18991
   scf:    9    -5033.875597    -5033.875598    -5033.877748  0.000662 -7.239161  0.008280
     spin moment: {S} , |S| = {        0.0        0.0   -2.19010 }    -2.19010
   scf:   10    -5033.875610    -5033.875604    -5033.877750  0.002082 -7.239735  0.002830
     spin moment: {S} , |S| = {        0.0        0.0   -2.19008 }    -2.19008
   scf:   11    -5033.875600    -5033.875602    -5033.877751  0.000987 -7.240052  0.000590
     spin moment: {S} , |S| = {        0.0        0.0   -2.19043 }    -2.19043
   scf:   12    -5033.875597    -5033.875599    -5033.877751  0.000716 -7.240138  0.000484
     spin moment: {S} , |S| = {        0.0        0.0   -2.19063 }    -2.19063
   scf:   13    -5033.875598    -5033.875599    -5033.877751  0.000179 -7.240150  0.000541
     spin moment: {S} , |S| = {        0.0        0.0   -2.19068 }    -2.19068

SCF Convergence by DM criterion
max |DM_out - DM_in|         :     0.0001794558
max |H_out - H_in|      (eV) :     0.0005413609
SCF cycle converged after 13 iterations

Using DM_out to compute the final energy and forces
No. of atoms with KB's overlaping orbs in proc 0. Max # of overlaps:      67    1335

siesta: E_KS(eV) =            -5033.8756

siesta: Atomic forces (eV/Ang):
     1   -0.000000    0.000000   -0.000000
     2    0.000000    0.000000    0.000000
----------------------------------------
   Tot   -0.000000    0.000000   -0.000000
----------------------------------------
   Max    0.000000
   Res    0.000000    sqrt( Sum f_i^2 / 3N )
----------------------------------------
   Max    0.000000    constrained

Stress tensor Voigt[x,y,z,yz,xz,xy] (kbar):     -313.62     -313.62     -211.15       -0.00        0.00       -0.00
(Free)E + p*V (eV/cell)    -5029.9340
Target enthalpy (eV/cell)    -5033.8778

siesta: Stress tensor (static) (eV/Ang**3):
        -0.195748   -0.000000    0.000000
        -0.000000   -0.195748   -0.000000
         0.000000   -0.000000   -0.131787

siesta: Pressure (static):        279.46408584  kBar

siesta: Stress tensor (total) (eV/Ang**3):
        -0.195748   -0.000000    0.000000
        -0.000000   -0.195748   -0.000000
         0.000000   -0.000000   -0.131787

siesta: Pressure (total):        279.46408584  kBar

                     ====================================
                        Begin CG opt. move =      2
                     ====================================
k-point displ. along   1 input, could be:     0.00    0.50
k-point displ. along   2 input, could be:     0.00    0.50
k-point displ. along   3 input, could be:     0.00    0.50
 Kpoints in:           96 . Kpoints trimmed:           89

siesta: k-grid: Number of k-points = 89
siesta: k-points from Monkhorst-Pack grid
siesta: k-cutoff (effective) =     7.222 Ang
siesta: k-point supercell and displacements
siesta: k-grid:     6     0     0      0.000
siesta: k-grid:     0     6     0      0.000
siesta: k-grid:     0     0     4      0.000

superc: Internal auxiliary supercell:    13 x    13 x     9  =    1521
superc: Number of atoms, orbitals, and projectors:   3042  71487  54756

outcell: Unit cell vectors (Ang):
        2.574557    0.000000    0.000000
        0.000000    2.574557   -0.000000
        0.000000   -0.000000    3.610879

outcell: Cell vector modules (Ang)   :    2.574557    2.574557    3.610879
outcell: Cell angles (23,13,12) (deg):     90.0000     90.0000     90.0000
outcell: Cell volume (Ang**3)        :     23.9341
<dSpData1D:S at geom step 2
  <sparsity:sparsity for geom step 2
    nrows_g=47 nrows=2 sparsity=6.0656 nnzs=13399, refcount: 7>
  <dData1D:(new from dSpData1D) n=13399, refcount: 1>
refcount: 1>
new_DM -- step:     3
Re-using DM from previous geometries...
Number of DMs in history: 1
 DM extrapolation coefficients: 
1   1.00000
New DM after history re-use:
<dSpData2D:SpM extrapolated using coords
  <sparsity:sparsity for geom step 2
    nrows_g=47 nrows=2 sparsity=6.0656 nnzs=13399, refcount: 9>
  <dData2D:(temp array for extrapolation) n=13399 m=2, refcount: 1>
refcount: 1>
No. of atoms with KB's overlaping orbs in proc 0. Max # of overlaps:      67    1278

InitMesh: MESH = 30 x 30 x 40 = 36000
InitMesh: Mesh cutoff (required, used) =   300.000   339.153 Ry
New grid distribution [1]: sub = 2
New grid distribution [2]: sub = 2
New grid distribution [3]: sub = 2
Setting up quadratic distribution...

        iscf     Eharris(eV)        E_KS(eV)     FreeEng(eV)     dDmax    Ef(eV) dHmax(eV)
   scf:    1    -5034.684920    -5033.960152    -5033.961635  0.978636 -6.836335  1.801628
     spin moment: {S} , |S| = {        0.0        0.0   -2.27863 }    -2.27863
   scf:    2    -5029.103922    -5032.495463    -5032.496328  1.926412 -7.745454  7.630516
     spin moment: {S} , |S| = {        0.0        0.0   -2.17483 }    -2.17483
   scf:    3    -5034.338190    -5034.051329    -5034.052627  1.427224 -7.034611  0.169191
     spin moment: {S} , |S| = {        0.0        0.0   -2.27740 }    -2.27740
   scf:    4    -5034.051788    -5034.051709    -5034.052989  0.026601 -7.041232  0.129699
     spin moment: {S} , |S| = {        0.0        0.0   -2.27849 }    -2.27849
   scf:    5    -5034.052540    -5034.052334    -5034.053567  0.113512 -7.012639  0.065535
     spin moment: {S} , |S| = {        0.0        0.0   -2.28355 }    -2.28355
   scf:    6    -5034.052412    -5034.052373    -5034.053602  0.003995 -7.012027  0.059614
     spin moment: {S} , |S| = {        0.0        0.0   -2.28446 }    -2.28446
   scf:    7    -5034.052698    -5034.052541    -5034.053752  0.031630 -7.013257  0.006990
     spin moment: {S} , |S| = {        0.0        0.0   -2.29017 }    -2.29017
   scf:    8    -5034.052548    -5034.052545    -5034.053745  0.014204 -7.014690  0.026643
     spin moment: {S} , |S| = {        0.0        0.0   -2.29293 }    -2.29293
   scf:    9    -5034.052555    -5034.052550    -5034.053750  0.001268 -7.014056  0.020773
     spin moment: {S} , |S| = {        0.0        0.0   -2.29282 }    -2.29282
   scf:   10    -5034.052558    -5034.052556    -5034.053759  0.005305 -7.012466  0.003319
     spin moment: {S} , |S| = {        0.0        0.0   -2.29204 }    -2.29204
   scf:   11    -5034.052557    -5034.052556    -5034.053759  0.000555 -7.012093  0.000412
     spin moment: {S} , |S| = {        0.0        0.0   -2.29204 }    -2.29204
   scf:   12    -5034.052557    -5034.052556    -5034.053759  0.000110 -7.012079  0.000375
     spin moment: {S} , |S| = {        0.0        0.0   -2.29206 }    -2.29206

SCF Convergence by DM criterion
max |DM_out - DM_in|         :     0.0001098551
max |H_out - H_in|      (eV) :     0.0003749454
SCF cycle converged after 12 iterations

Using DM_out to compute the final energy and forces
No. of atoms with KB's overlaping orbs in proc 0. Max # of overlaps:      67    1278

siesta: E_KS(eV) =            -5034.0526

siesta: Atomic forces (eV/Ang):
     1   -0.000000   -0.000000   -0.000000
     2   -0.000000    0.000000    0.000000
----------------------------------------
   Tot   -0.000000    0.000000    0.000000
----------------------------------------
   Max    0.000000
   Res    0.000000    sqrt( Sum f_i^2 / 3N )
----------------------------------------
   Max    0.000000    constrained

Stress tensor Voigt[x,y,z,yz,xz,xy] (kbar):     -165.73     -165.73      -84.68        0.00       -0.00        0.00
(Free)E + p*V (eV/cell)    -5031.9816
Target enthalpy (eV/cell)    -5034.0538

siesta: Stress tensor (static) (eV/Ang**3):
        -0.103438   -0.000000   -0.000000
         0.000000   -0.103438    0.000000
        -0.000000    0.000000   -0.052855

siesta: Pressure (static):        138.71132257  kBar

siesta: Stress tensor (total) (eV/Ang**3):
        -0.103438   -0.000000   -0.000000
         0.000000   -0.103438    0.000000
        -0.000000    0.000000   -0.052855

siesta: Pressure (total):        138.71132257  kBar

                     ====================================
                        Begin CG opt. move =      3
                     ====================================
k-point displ. along   1 input, could be:     0.00    0.50
k-point displ. along   2 input, could be:     0.00    0.50
k-point displ. along   3 input, could be:     0.00    0.50
 Kpoints in:           96 . Kpoints trimmed:           89

siesta: k-grid: Number of k-points = 89
siesta: k-points from Monkhorst-Pack grid
siesta: k-cutoff (effective) =     7.334 Ang
siesta: k-point supercell and displacements
siesta: k-grid:     6     0     0      0.000
siesta: k-grid:     0     6     0      0.000
siesta: k-grid:     0     0     4      0.000

superc: Internal auxiliary supercell:    11 x    11 x     9  =    1089
superc: Number of atoms, orbitals, and projectors:   2178  51183  39204

outcell: Unit cell vectors (Ang):
        2.627242    0.000000    0.000000
        0.000000    2.627242   -0.000000
        0.000000   -0.000000    3.666852

outcell: Cell vector modules (Ang)   :    2.627242    2.627242    3.666852
outcell: Cell angles (23,13,12) (deg):     90.0000     90.0000     90.0000
outcell: Cell volume (Ang**3)        :     25.3101
<dSpData1D:S at geom step 3
  <sparsity:sparsity for geom step 3
    nrows_g=47 nrows=2 sparsity=5.9353 nnzs=13111, refcount: 7>
  <dData1D:(new from dSpData1D) n=13111, refcount: 1>
refcount: 1>
new_DM -- step:     4
Re-using DM from previous geometries...
Number of DMs in history: 1
 DM extrapolation coefficients: 
1   1.00000
New DM after history re-use:
<dSpData2D:SpM extrapolated using coords
  <sparsity:sparsity for geom step 3
    nrows_g=47 nrows=2 sparsity=5.9353 nnzs=13111, refcount: 9>
  <dData2D:(temp array for extrapolation) n=13111 m=2, refcount: 1>
refcount: 1>
No. of atoms with KB's overlaping orbs in proc 0. Max # of overlaps:      67    1246

InitMesh: MESH = 30 x 30 x 40 = 36000
InitMesh: Mesh cutoff (required, used) =   300.000   328.878 Ry
New grid distribution [1]: sub = 2
New grid distribution [2]: sub = 2
New grid distribution [3]: sub = 2
Setting up quadratic distribution...

        iscf     Eharris(eV)        E_KS(eV)     FreeEng(eV)     dDmax    Ef(eV) dHmax(eV)
   scf:    1    -5034.676447    -5034.059449    -5034.060951  0.693011 -6.696161  1.553131
     spin moment: {S} , |S| = {        0.0        0.0   -2.33278 }    -2.33278
   scf:    2    -5030.399381    -5032.953498    -5032.955975  1.929998 -7.466262  6.660122
     spin moment: {S} , |S| = {        0.0        0.0   -2.31120 }    -2.31120
   scf:    3    -5034.349338    -5034.126384    -5034.127787  1.458696 -6.838791  0.119476
     spin moment: {S} , |S| = {        0.0        0.0   -2.33623 }    -2.33623
   scf:    4    -5034.126849    -5034.126647    -5034.128078  0.026089 -6.839627  0.070645
     spin moment: {S} , |S| = {        0.0        0.0   -2.33848 }    -2.33848
   scf:    5    -5034.126916    -5034.126875    -5034.128353  0.076200 -6.827340  0.051397
     spin moment: {S} , |S| = {        0.0        0.0   -2.34423 }    -2.34423
   scf:    6    -5034.126962    -5034.126918    -5034.128380  0.005044 -6.827404  0.044571
     spin moment: {S} , |S| = {        0.0        0.0   -2.34512 }    -2.34512
   scf:    7    -5034.127160    -5034.127040    -5034.128447  0.017868 -6.828333  0.014037
     spin moment: {S} , |S| = {        0.0        0.0   -2.34803 }    -2.34803
   scf:    8    -5034.127087    -5034.127063    -5034.128454  0.005760 -6.828635  0.006693
     spin moment: {S} , |S| = {        0.0        0.0   -2.34885 }    -2.34885
   scf:    9    -5034.127071    -5034.127067    -5034.128455  0.001646 -6.828701  0.005312
     spin moment: {S} , |S| = {        0.0        0.0   -2.34906 }    -2.34906
   scf:   10    -5034.127085    -5034.127076    -5034.128457  0.003767 -6.828889  0.001801
     spin moment: {S} , |S| = {        0.0        0.0   -2.34954 }    -2.34954
   scf:   11    -5034.127082    -5034.127079    -5034.128457  0.002152 -6.828891  0.000656
     spin moment: {S} , |S| = {        0.0        0.0   -2.34981 }    -2.34981
   scf:   12    -5034.127081    -5034.127080    -5034.128457  0.000815 -6.828887  0.000329
     spin moment: {S} , |S| = {        0.0        0.0   -2.34992 }    -2.34992
   scf:   13    -5034.127081    -5034.127081    -5034.128457  0.000204 -6.828887  0.000310
     spin moment: {S} , |S| = {        0.0        0.0   -2.34994 }    -2.34994

SCF Convergence by DM criterion
max |DM_out - DM_in|         :     0.0002041161
max |H_out - H_in|      (eV) :     0.0003102234
SCF cycle converged after 13 iterations

Using DM_out to compute the final energy and forces
No. of atoms with KB's overlaping orbs in proc 0. Max # of overlaps:      67    1246

siesta: E_KS(eV) =            -5034.1271

siesta: Atomic forces (eV/Ang):
     1   -0.000000   -0.000000    0.000000
     2   -0.000000    0.000000    0.000000
----------------------------------------
   Tot   -0.000000    0.000000    0.000000
----------------------------------------
   Max    0.000000
   Res    0.000000    sqrt( Sum f_i^2 / 3N )
----------------------------------------
   Max    0.000000    constrained

Stress tensor Voigt[x,y,z,yz,xz,xy] (kbar):      -47.65      -47.65        0.98        0.00        0.00       -0.00
(Free)E + p*V (eV/cell)    -5033.6319
Target enthalpy (eV/cell)    -5034.1285

siesta: Stress tensor (static) (eV/Ang**3):
        -0.029738    0.000000    0.000000
        -0.000000   -0.029739    0.000000
         0.000000    0.000000    0.000614

siesta: Pressure (static):         31.43608430  kBar

siesta: Stress tensor (total) (eV/Ang**3):
        -0.029738    0.000000    0.000000
        -0.000000   -0.029739    0.000000
         0.000000    0.000000    0.000614

siesta: Pressure (total):         31.43608430  kBar

                     ====================================
                        Begin CG opt. move =      4
                     ====================================
k-point displ. along   1 input, could be:     0.00    0.50
k-point displ. along   2 input, could be:     0.00    0.50
k-point displ. along   3 input, could be:     0.00    0.50
 Kpoints in:           96 . Kpoints trimmed:           89

siesta: k-grid: Number of k-points = 89
siesta: k-points from Monkhorst-Pack grid
siesta: k-cutoff (effective) =     7.446 Ang
siesta: k-point supercell and displacements
siesta: k-grid:     6     0     0      0.000
siesta: k-grid:     0     6     0      0.000
siesta: k-grid:     0     0     4      0.000

superc: Internal auxiliary supercell:    11 x    11 x     9  =    1089
superc: Number of atoms, orbitals, and projectors:   2178  51183  39204

outcell: Unit cell vectors (Ang):
        2.679927    0.000000    0.000000
        0.000000    2.679927   -0.000000
        0.000000   -0.000000    3.722825

outcell: Cell vector modules (Ang)   :    2.679927    2.679927    3.722825
outcell: Cell angles (23,13,12) (deg):     90.0000     90.0000     90.0000
outcell: Cell volume (Ang**3)        :     26.7374
<dSpData1D:S at geom step 4
  <sparsity:sparsity for geom step 4
    nrows_g=47 nrows=2 sparsity=5.8176 nnzs=12851, refcount: 7>
  <dData1D:(new from dSpData1D) n=12851, refcount: 1>
refcount: 1>
new_DM -- step:     5
Re-using DM from previous geometries...
Number of DMs in history: 1
 DM extrapolation coefficients: 
1   1.00000
New DM after history re-use:
<dSpData2D:SpM extrapolated using coords
  <sparsity:sparsity for geom step 4
    nrows_g=47 nrows=2 sparsity=5.8176 nnzs=12851, refcount: 9>
  <dData2D:(temp array for extrapolation) n=12851 m=2, refcount: 1>
refcount: 1>
No. of atoms with KB's overlaping orbs in proc 0. Max # of overlaps:      67    1182

InitMesh: MESH = 30 x 30 x 40 = 36000
InitMesh: Mesh cutoff (required, used) =   300.000   319.063 Ry
New grid distribution [1]: sub = 2
New grid distribution [2]: sub = 2
New grid distribution [3]: sub = 2
Setting up quadratic distribution...

        iscf     Eharris(eV)        E_KS(eV)     FreeEng(eV)     dDmax    Ef(eV) dHmax(eV)
   scf:    1    -5034.725441    -5034.075394    -5034.077201  1.070677 -6.566739  1.225499
     spin moment: {S} , |S| = {        0.0        0.0   -2.39643 }    -2.39643
   scf:    2    -5031.607588    -5033.327172    -5033.329042  1.514030 -7.166178  5.494230
     spin moment: {S} , |S| = {        0.0        0.0   -2.39296 }    -2.39296
   scf:    3    -5034.263735    -5034.117401    -5034.119217  1.178128 -6.677622  0.137633
     spin moment: {S} , |S| = {        0.0        0.0   -2.39371 }    -2.39371
   scf:    4    -5034.117990    -5034.117712    -5034.119562  0.039833 -6.677137  0.081032
     spin moment: {S} , |S| = {        0.0        0.0   -2.39566 }    -2.39566
   scf:    5    -5034.117911    -5034.117850    -5034.119784  0.063898 -6.673598  0.024055
     spin moment: {S} , |S| = {        0.0        0.0   -2.39945 }    -2.39945
   scf:    6    -5034.117794    -5034.117821    -5034.119817  0.010029 -6.673786  0.015462
     spin moment: {S} , |S| = {        0.0        0.0   -2.40093 }    -2.40093
   scf:    7    -5034.117648    -5034.117730    -5034.119850  0.019407 -6.673935  0.005526
     spin moment: {S} , |S| = {        0.0        0.0   -2.40406 }    -2.40406
   scf:    8    -5034.117707    -5034.117719    -5034.119852  0.001642 -6.673994  0.005115
     spin moment: {S} , |S| = {        0.0        0.0   -2.40445 }    -2.40445
   scf:    9    -5034.117685    -5034.117702    -5034.119854  0.003281 -6.674116  0.003491
     spin moment: {S} , |S| = {        0.0        0.0   -2.40507 }    -2.40507
   scf:   10    -5034.117646    -5034.117673    -5034.119856  0.005120 -6.674300  0.000950
     spin moment: {S} , |S| = {        0.0        0.0   -2.40604 }    -2.40604
   scf:   11    -5034.117657    -5034.117665    -5034.119856  0.001377 -6.674335  0.000458
     spin moment: {S} , |S| = {        0.0        0.0   -2.40632 }    -2.40632
   scf:   12    -5034.117663    -5034.117664    -5034.119856  0.000131 -6.674343  0.000405
     spin moment: {S} , |S| = {        0.0        0.0   -2.40635 }    -2.40635

SCF Convergence by DM criterion
max |DM_out - DM_in|         :     0.0001305080
max |H_out - H_in|      (eV) :     0.0004052854
SCF cycle converged after 12 iterations

Using DM_out to compute the final energy and forces
No. of atoms with KB's overlaping orbs in proc 0. Max # of overlaps:      67    1182

siesta: E_KS(eV) =            -5034.1177

siesta: Atomic forces (eV/Ang):
     1   -0.000000    0.000000   -0.000000
     2   -0.000000    0.000000   -0.000000
----------------------------------------
   Tot   -0.000000    0.000000   -0.000000
----------------------------------------
   Max    0.000000
   Res    0.000000    sqrt( Sum f_i^2 / 3N )
----------------------------------------
   Max    0.000000    constrained

Stress tensor Voigt[x,y,z,yz,xz,xy] (kbar):       36.60       36.60       72.31        0.00        0.00       -0.00
(Free)E + p*V (eV/cell)    -5034.9293
Target enthalpy (eV/cell)    -5034.1199

siesta: Stress tensor (static) (eV/Ang**3):
         0.022845   -0.000000    0.000000
        -0.000000    0.022845    0.000000
         0.000000    0.000000    0.045133

siesta: Pressure (static):        -48.50475723  kBar

siesta: Stress tensor (total) (eV/Ang**3):
         0.022845   -0.000000    0.000000
        -0.000000    0.022845    0.000000
         0.000000    0.000000    0.045133

siesta: Pressure (total):        -48.50475723  kBar

                     ====================================
                        Begin CG opt. move =      5
                     ====================================
k-point displ. along   1 input, could be:     0.00    0.50
k-point displ. along   2 input, could be:     0.00    0.50
k-point displ. along   3 input, could be:     0.00    0.50
 Kpoints in:           96 . Kpoints trimmed:           89

siesta: k-grid: Number of k-points = 89
siesta: k-points from Monkhorst-Pack grid
siesta: k-cutoff (effective) =     7.380 Ang
siesta: k-point supercell and displacements
siesta: k-grid:     6     0     0      0.000
siesta: k-grid:     0     6     0      0.000
siesta: k-grid:     0     0     4      0.000

superc: Internal auxiliary supercell:    11 x    11 x     9  =    1089
superc: Number of atoms, orbitals, and projectors:   2178  51183  39204

outcell: Unit cell vectors (Ang):
        2.648970    0.000000    0.000000
        0.000000    2.648969   -0.000000
        0.000000   -0.000000    3.689936

outcell: Cell vector modules (Ang)   :    2.648970    2.648969    3.689936
outcell: Cell angles (23,13,12) (deg):     90.0000     90.0000     90.0000
outcell: Cell volume (Ang**3)        :     25.8924
<dSpData1D:S at geom step 5
  <sparsity:sparsity for geom step 5
    nrows_g=47 nrows=2 sparsity=5.9045 nnzs=13043, refcount: 7>
  <dData1D:(new from dSpData1D) n=13043, refcount: 1>
refcount: 1>
new_DM -- step:     6
Re-using DM from previous geometries...
Number of DMs in history: 1
 DM extrapolation coefficients: 
1   1.00000
New DM after history re-use:
<dSpData2D:SpM extrapolated using coords
  <sparsity:sparsity for geom step 5
    nrows_g=47 nrows=2 sparsity=5.9045 nnzs=13043, refcount: 9>
  <dData2D:(temp array for extrapolation) n=13043 m=2, refcount: 1>
refcount: 1>
No. of atoms with KB's overlaping orbs in proc 0. Max # of overlaps:      67    1246

InitMesh: MESH = 30 x 30 x 40 = 36000
InitMesh: Mesh cutoff (required, used) =   300.000   324.776 Ry
New grid distribution [1]: sub = 2
New grid distribution [2]: sub = 2
New grid distribution [3]: sub = 2
Setting up quadratic distribution...

        iscf     Eharris(eV)        E_KS(eV)     FreeEng(eV)     dDmax    Ef(eV) dHmax(eV)
   scf:    1    -5033.606435    -5034.118990    -5034.120441  1.597587 -6.815635  0.671686
     spin moment: {S} , |S| = {        0.0        0.0   -2.37920 }    -2.37920
   scf:    2    -5033.421944    -5033.908859    -5033.910589  1.083730 -6.495517  2.911303
     spin moment: {S} , |S| = {        0.0        0.0   -2.38009 }    -2.38009
   scf:    3    -5034.175447    -5034.132059    -5034.133496  0.903614 -6.753656  0.091818
     spin moment: {S} , |S| = {        0.0        0.0   -2.37869 }    -2.37869
   scf:    4    -5034.132390    -5034.132239    -5034.133687  0.037899 -6.756166  0.046894
     spin moment: {S} , |S| = {        0.0        0.0   -2.37684 }    -2.37684
   scf:    5    -5034.132320    -5034.132290    -5034.133746  0.033785 -6.757622  0.017196
     spin moment: {S} , |S| = {        0.0        0.0   -2.37501 }    -2.37501
   scf:    6    -5034.132309    -5034.132299    -5034.133752  0.002748 -6.757657  0.014461
     spin moment: {S} , |S| = {        0.0        0.0   -2.37471 }    -2.37471
   scf:    7    -5034.132357    -5034.132327    -5034.133767  0.011945 -6.757903  0.003661
     spin moment: {S} , |S| = {        0.0        0.0   -2.37340 }    -2.37340
   scf:    8    -5034.132338    -5034.132332    -5034.133769  0.003878 -6.757987  0.002731
     spin moment: {S} , |S| = {        0.0        0.0   -2.37295 }    -2.37295
   scf:    9    -5034.132333    -5034.132333    -5034.133770  0.000808 -6.757992  0.002379
     spin moment: {S} , |S| = {        0.0        0.0   -2.37286 }    -2.37286
   scf:   10    -5034.132334    -5034.132333    -5034.133770  0.001124 -6.757992  0.001798
     spin moment: {S} , |S| = {        0.0        0.0   -2.37274 }    -2.37274
   scf:   11    -5034.132334    -5034.132334    -5034.133770  0.001421 -6.757995  0.001078
     spin moment: {S} , |S| = {        0.0        0.0   -2.37258 }    -2.37258
   scf:   12    -5034.132334    -5034.132334    -5034.133770  0.001178 -6.757998  0.000487
     spin moment: {S} , |S| = {        0.0        0.0   -2.37246 }    -2.37246
   scf:   13    -5034.132334    -5034.132334    -5034.133770  0.000588 -6.758000  0.000187
     spin moment: {S} , |S| = {        0.0        0.0   -2.37240 }    -2.37240
   scf:   14    -5034.132334    -5034.132334    -5034.133770  0.000224 -6.758002  0.000163
     spin moment: {S} , |S| = {        0.0        0.0   -2.37238 }    -2.37238

SCF Convergence by DM criterion
max |DM_out - DM_in|         :     0.0002240594
max |H_out - H_in|      (eV) :     0.0001625618
SCF cycle converged after 14 iterations

Using DM_out to compute the final energy and forces
No. of atoms with KB's overlaping orbs in proc 0. Max # of overlaps:      67    1246

siesta: E_KS(eV) =            -5034.1323

siesta: Atomic forces (eV/Ang):
     1   -0.000000    0.000000   -0.000000
     2   -0.000000    0.000000    0.000000
----------------------------------------
   Tot   -0.000000    0.000000    0.000000
----------------------------------------
   Max    0.000000
   Res    0.000000    sqrt( Sum f_i^2 / 3N )
----------------------------------------
   Max    0.000000    constrained

Stress tensor Voigt[x,y,z,yz,xz,xy] (kbar):       -8.29       -8.29       36.25       -0.00        0.00       -0.00
(Free)E + p*V (eV/cell)    -5034.2397
Target enthalpy (eV/cell)    -5034.1338

siesta: Stress tensor (static) (eV/Ang**3):
        -0.005176   -0.000000    0.000000
        -0.000000   -0.005177   -0.000000
         0.000000   -0.000000    0.022628

siesta: Pressure (static):         -6.55534762  kBar

siesta: Stress tensor (total) (eV/Ang**3):
        -0.005176   -0.000000    0.000000
        -0.000000   -0.005177   -0.000000
         0.000000   -0.000000    0.022628

siesta: Pressure (total):         -6.55534762  kBar

cgvc: Finished line minimization    1.  Mean atomic displacement =    0.1665

                     ====================================
                        Begin CG opt. move =      6
                     ====================================
k-point displ. along   1 input, could be:     0.00    0.50
k-point displ. along   2 input, could be:     0.00    0.50
k-point displ. along   3 input, could be:     0.00    0.50
 Kpoints in:           96 . Kpoints trimmed:           89

siesta: k-grid: Number of k-points = 89
siesta: k-points from Monkhorst-Pack grid
siesta: k-cutoff (effective) =     7.231 Ang
siesta: k-point supercell and displacements
siesta: k-grid:     6     0     0      0.000
siesta: k-grid:     0     6     0      0.000
siesta: k-grid:     0     0     4      0.000

superc: Internal auxiliary supercell:    11 x    11 x     9  =    1089
superc: Number of atoms, orbitals, and projectors:   2178  51183  39204

outcell: Unit cell vectors (Ang):
        2.672138    0.000000   -0.000000
        0.000000    2.672140    0.000000
       -0.000000    0.000000    3.615428

outcell: Cell vector modules (Ang)   :    2.672138    2.672140    3.615428
outcell: Cell angles (23,13,12) (deg):     90.0000     90.0000     90.0000
outcell: Cell volume (Ang**3)        :     25.8153
<dSpData1D:S at geom step 6
  <sparsity:sparsity for geom step 6
    nrows_g=47 nrows=2 sparsity=5.9045 nnzs=13043, refcount: 7>
  <dData1D:(new from dSpData1D) n=13043, refcount: 1>
refcount: 1>
new_DM -- step:     7
Re-using DM from previous geometries...
Number of DMs in history: 1
 DM extrapolation coefficients: 
1   1.00000
New DM after history re-use:
<dSpData2D:SpM extrapolated using coords
  <sparsity:sparsity for geom step 6
    nrows_g=47 nrows=2 sparsity=5.9045 nnzs=13043, refcount: 9>
  <dData2D:(temp array for extrapolation) n=13043 m=2, refcount: 1>
refcount: 1>
No. of atoms with KB's overlaping orbs in proc 0. Max # of overlaps:      67    1246

InitMesh: MESH = 30 x 30 x 40 = 36000
InitMesh: Mesh cutoff (required, used) =   300.000   338.300 Ry
New grid distribution [1]: sub = 2
New grid distribution [2]: sub = 2
New grid distribution [3]: sub = 2
Setting up quadratic distribution...

        iscf     Eharris(eV)        E_KS(eV)     FreeEng(eV)     dDmax    Ef(eV) dHmax(eV)
   scf:    1    -5034.262806    -5034.114593    -5034.116175  0.428767 -6.887365  0.996938
     spin moment: {S} , |S| = {        0.0        0.0   -2.35786 }    -2.35786
   scf:    2    -5032.657520    -5033.675062    -5033.677051  1.686466 -6.405019  4.221248
     spin moment: {S} , |S| = {        0.0        0.0   -2.35654 }    -2.35654
   scf:    3    -5034.232628    -5034.141603    -5034.143245  1.404256 -6.793332  0.033271
     spin moment: {S} , |S| = {        0.0        0.0   -2.35634 }    -2.35634
   scf:    4    -5034.141933    -5034.141772    -5034.143398  0.012245 -6.794412  0.027205
     spin moment: {S} , |S| = {        0.0        0.0   -2.35464 }    -2.35464
   scf:    5    -5034.142138    -5034.141976    -5034.143557  0.028284 -6.797264  0.011652
     spin moment: {S} , |S| = {        0.0        0.0   -2.35068 }    -2.35068
   scf:    6    -5034.142015    -5034.141996    -5034.143564  0.001552 -6.797133  0.009201
     spin moment: {S} , |S| = {        0.0        0.0   -2.35018 }    -2.35018
   scf:    7    -5034.142169    -5034.142081    -5034.143585  0.007693 -6.796457  0.004717
     spin moment: {S} , |S| = {        0.0        0.0   -2.34777 }    -2.34777
   scf:    8    -5034.142137    -5034.142109    -5034.143588  0.002397 -6.796208  0.005335
     spin moment: {S} , |S| = {        0.0        0.0   -2.34696 }    -2.34696
   scf:    9    -5034.142124    -5034.142116    -5034.143589  0.000744 -6.796204  0.004554
     spin moment: {S} , |S| = {        0.0        0.0   -2.34674 }    -2.34674
   scf:   10    -5034.142144    -5034.142130    -5034.143591  0.001640 -6.796196  0.002642
     spin moment: {S} , |S| = {        0.0        0.0   -2.34634 }    -2.34634
   scf:   11    -5034.142168    -5034.142149    -5034.143592  0.001863 -6.796177  0.000835
     spin moment: {S} , |S| = {        0.0        0.0   -2.34579 }    -2.34579
   scf:   12    -5034.142163    -5034.142156    -5034.143592  0.000733 -6.796165  0.000408
     spin moment: {S} , |S| = {        0.0        0.0   -2.34558 }    -2.34558
   scf:   13    -5034.142158    -5034.142157    -5034.143592  0.000179 -6.796167  0.000362
     spin moment: {S} , |S| = {        0.0        0.0   -2.34555 }    -2.34555

SCF Convergence by DM criterion
max |DM_out - DM_in|         :     0.0001794864
max |H_out - H_in|      (eV) :     0.0003618415
SCF cycle converged after 13 iterations

Using DM_out to compute the final energy and forces
No. of atoms with KB's overlaping orbs in proc 0. Max # of overlaps:      67    1246

siesta: E_KS(eV) =            -5034.1422

siesta: Atomic forces (eV/Ang):
     1   -0.000000   -0.000000    0.000001
     2    0.000000    0.000002   -0.000003
----------------------------------------
   Tot   -0.000000    0.000001   -0.000002
----------------------------------------
   Max    0.000003
   Res    0.000002    sqrt( Sum f_i^2 / 3N )
----------------------------------------
   Max    0.000003    constrained

Stress tensor Voigt[x,y,z,yz,xz,xy] (kbar):        1.27        1.28       18.61        0.00        0.00       -0.00
(Free)E + p*V (eV/cell)    -5034.2572
Target enthalpy (eV/cell)    -5034.1436

siesta: Stress tensor (static) (eV/Ang**3):
         0.000795   -0.000000    0.000000
        -0.000000    0.000796    0.000000
         0.000000    0.000000    0.011614

siesta: Pressure (static):         -7.05226738  kBar

siesta: Stress tensor (total) (eV/Ang**3):
         0.000795   -0.000000    0.000000
        -0.000000    0.000796    0.000000
         0.000000    0.000000    0.011614

siesta: Pressure (total):         -7.05226738  kBar

                     ====================================
                        Begin CG opt. move =      7
                     ====================================
k-point displ. along   1 input, could be:     0.00    0.50
k-point displ. along   2 input, could be:     0.00    0.50
k-point displ. along   3 input, could be:     0.00    0.50
 Kpoints in:           96 . Kpoints trimmed:           89

siesta: k-grid: Number of k-points = 89
siesta: k-points from Monkhorst-Pack grid
siesta: k-cutoff (effective) =     7.082 Ang
siesta: k-point supercell and displacements
siesta: k-grid:     6     0     0      0.000
siesta: k-grid:     0     6     0      0.000
siesta: k-grid:     0     0     4      0.000

superc: Internal auxiliary supercell:    11 x    11 x     9  =    1089
superc: Number of atoms, orbitals, and projectors:   2178  51183  39204

outcell: Unit cell vectors (Ang):
        2.695307    0.000000   -0.000000
        0.000000    2.695311    0.000000
       -0.000000    0.000000    3.540920

outcell: Cell vector modules (Ang)   :    2.695307    2.695311    3.540920
outcell: Cell angles (23,13,12) (deg):     90.0000     90.0000     90.0000
outcell: Cell volume (Ang**3)        :     25.7237
<dSpData1D:S at geom step 7
  <sparsity:sparsity for geom step 7
    nrows_g=47 nrows=2 sparsity=5.9181 nnzs=13073, refcount: 7>
  <dData1D:(new from dSpData1D) n=13073, refcount: 1>
refcount: 1>
new_DM -- step:     8
Re-using DM from previous geometries...
Number of DMs in history: 1
 DM extrapolation coefficients: 
1   1.00000
New DM after history re-use:
<dSpData2D:SpM extrapolated using coords
  <sparsity:sparsity for geom step 7
    nrows_g=47 nrows=2 sparsity=5.9181 nnzs=13073, refcount: 9>
  <dData2D:(temp array for extrapolation) n=13073 m=2, refcount: 1>
refcount: 1>
No. of atoms with KB's overlaping orbs in proc 0. Max # of overlaps:      67    1244

InitMesh: MESH = 30 x 30 x 40 = 36000
InitMesh: Mesh cutoff (required, used) =   300.000   342.395 Ry
New grid distribution [1]: sub = 2
New grid distribution [2]: sub = 2
New grid distribution [3]: sub = 2
Setting up quadratic distribution...

        iscf     Eharris(eV)        E_KS(eV)     FreeEng(eV)     dDmax    Ef(eV) dHmax(eV)
   scf:    1    -5034.196561    -5034.121298    -5034.122174  0.397661 -6.843218  0.864187
     spin moment: {S} , |S| = {        0.0        0.0   -2.34907 }    -2.34907
   scf:    2    -5032.967515    -5033.772431    -5033.773894  1.393970 -6.456590  3.730763
     spin moment: {S} , |S| = {        0.0        0.0   -2.35568 }    -2.35568
   scf:    3    -5034.214592    -5034.141878    -5034.142889  1.158543 -6.773785  0.030320
     spin moment: {S} , |S| = {        0.0        0.0   -2.34620 }    -2.34620
   scf:    4    -5034.142092    -5034.141991    -5034.142988  0.010089 -6.775162  0.020891
     spin moment: {S} , |S| = {        0.0        0.0   -2.34612 }    -2.34612
   scf:    5    -5034.142256    -5034.142144    -5034.143109  0.028484 -6.775436  0.008457
     spin moment: {S} , |S| = {        0.0        0.0   -2.34576 }    -2.34576
   scf:    6    -5034.142150    -5034.142147    -5034.143110  0.000722 -6.775351  0.007122
     spin moment: {S} , |S| = {        0.0        0.0   -2.34573 }    -2.34573
   scf:    7    -5034.142164    -5034.142155    -5034.143112  0.002572 -6.774928  0.004762
     spin moment: {S} , |S| = {        0.0        0.0   -2.34564 }    -2.34564
   scf:    8    -5034.142177    -5034.142166    -5034.143114  0.003625 -6.774346  0.001807
     spin moment: {S} , |S| = {        0.0        0.0   -2.34551 }    -2.34551
   scf:    9    -5034.142171    -5034.142169    -5034.143115  0.000831 -6.774226  0.001577
     spin moment: {S} , |S| = {        0.0        0.0   -2.34548 }    -2.34548
   scf:   10    -5034.142171    -5034.142170    -5034.143115  0.000294 -6.774195  0.001523
     spin moment: {S} , |S| = {        0.0        0.0   -2.34546 }    -2.34546

SCF Convergence by DM criterion
max |DM_out - DM_in|         :     0.0002942555
max |H_out - H_in|      (eV) :     0.0015230972
SCF cycle converged after 10 iterations

Using DM_out to compute the final energy and forces
No. of atoms with KB's overlaping orbs in proc 0. Max # of overlaps:      67    1244

siesta: E_KS(eV) =            -5034.1422

siesta: Atomic forces (eV/Ang):
     1   -0.000000   -0.000000    0.000002
     2    0.000000   -0.000002   -0.000003
----------------------------------------
   Tot    0.000000   -0.000002   -0.000000
----------------------------------------
   Max    0.000003
   Res    0.000002    sqrt( Sum f_i^2 / 3N )
----------------------------------------
   Max    0.000003    constrained

Stress tensor Voigt[x,y,z,yz,xz,xy] (kbar):        8.13        8.14      -11.43        0.00       -0.00        0.00
(Free)E + p*V (eV/cell)    -5034.1690
Target enthalpy (eV/cell)    -5034.1431

siesta: Stress tensor (static) (eV/Ang**3):
         0.005077    0.000000   -0.000000
         0.000000    0.005078   -0.000000
        -0.000000    0.000000   -0.007135

siesta: Pressure (static):         -1.61320016  kBar

siesta: Stress tensor (total) (eV/Ang**3):
         0.005077    0.000000   -0.000000
         0.000000    0.005078   -0.000000
        -0.000000    0.000000   -0.007135

siesta: Pressure (total):         -1.61320016  kBar

                     ====================================
                        Begin CG opt. move =      8
                     ====================================
k-point displ. along   1 input, could be:     0.00    0.50
k-point displ. along   2 input, could be:     0.00    0.50
k-point displ. along   3 input, could be:     0.00    0.50
 Kpoints in:           96 . Kpoints trimmed:           89

siesta: k-grid: Number of k-points = 89
siesta: k-points from Monkhorst-Pack grid
siesta: k-cutoff (effective) =     7.158 Ang
siesta: k-point supercell and displacements
siesta: k-grid:     6     0     0      0.000
siesta: k-grid:     0     6     0      0.000
siesta: k-grid:     0     0     4      0.000

superc: Internal auxiliary supercell:    11 x    11 x     9  =    1089
superc: Number of atoms, orbitals, and projectors:   2178  51183  39204

outcell: Unit cell vectors (Ang):
        2.683390    0.000000   -0.000000
        0.000000    2.683393    0.000000
       -0.000000    0.000000    3.579244

outcell: Cell vector modules (Ang)   :    2.683390    2.683393    3.579244
outcell: Cell angles (23,13,12) (deg):     90.0000     90.0000     90.0000
outcell: Cell volume (Ang**3)        :     25.7727
<dSpData1D:S at geom step 8
  <sparsity:sparsity for geom step 8
    nrows_g=47 nrows=2 sparsity=5.9181 nnzs=13073, refcount: 7>
  <dData1D:(new from dSpData1D) n=13073, refcount: 1>
refcount: 1>
new_DM -- step:     9
Re-using DM from previous geometries...
Number of DMs in history: 1
 DM extrapolation coefficients: 
1   1.00000
New DM after history re-use:
<dSpData2D:SpM extrapolated using coords
  <sparsity:sparsity for geom step 8
    nrows_g=47 nrows=2 sparsity=5.9181 nnzs=13073, refcount: 9>
  <dData2D:(temp array for extrapolation) n=13073 m=2, refcount: 1>
refcount: 1>
No. of atoms with KB's overlaping orbs in proc 0. Max # of overlaps:      67    1244

InitMesh: MESH = 30 x 30 x 40 = 36000
InitMesh: Mesh cutoff (required, used) =   300.000   345.175 Ry
New grid distribution [1]: sub = 2
New grid distribution [2]: sub = 2
New grid distribution [3]: sub = 2
Setting up quadratic distribution...

        iscf     Eharris(eV)        E_KS(eV)     FreeEng(eV)     dDmax    Ef(eV) dHmax(eV)
   scf:    1    -5034.134499    -5034.141271    -5034.142242  0.216198 -6.771154  0.301487
     spin moment: {S} , |S| = {        0.0        0.0   -2.34029 }    -2.34029
   scf:    2    -5033.998921    -5034.098397    -5034.099326  0.423304 -6.920907  1.312690
     spin moment: {S} , |S| = {        0.0        0.0   -2.33914 }    -2.33914
   scf:    3    -5034.152788    -5034.143991    -5034.144935  0.338699 -6.800656  0.023338
     spin moment: {S} , |S| = {        0.0        0.0   -2.33979 }    -2.33979
   scf:    4    -5034.144075    -5034.144036    -5034.144974  0.015064 -6.800261  0.011693
     spin moment: {S} , |S| = {        0.0        0.0   -2.33987 }    -2.33987
   scf:    5    -5034.144059    -5034.144050    -5034.144984  0.012510 -6.798933  0.003065
     spin moment: {S} , |S| = {        0.0        0.0   -2.33995 }    -2.33995
   scf:    6    -5034.144049    -5034.144049    -5034.144984  0.000649 -6.798944  0.002487
     spin moment: {S} , |S| = {        0.0        0.0   -2.33996 }    -2.33996
   scf:    7    -5034.144047    -5034.144048    -5034.144984  0.001032 -6.799026  0.001906
     spin moment: {S} , |S| = {        0.0        0.0   -2.33998 }    -2.33998
   scf:    8    -5034.144045    -5034.144047    -5034.144985  0.001437 -6.799141  0.001171
     spin moment: {S} , |S| = {        0.0        0.0   -2.34000 }    -2.34000
   scf:    9    -5034.144043    -5034.144045    -5034.144985  0.001078 -6.799225  0.000715
     spin moment: {S} , |S| = {        0.0        0.0   -2.34002 }    -2.34002
   scf:   10    -5034.144043    -5034.144044    -5034.144985  0.000432 -6.799272  0.000624
     spin moment: {S} , |S| = {        0.0        0.0   -2.34003 }    -2.34003

SCF Convergence by DM criterion
max |DM_out - DM_in|         :     0.0004315724
max |H_out - H_in|      (eV) :     0.0006237848
SCF cycle converged after 10 iterations

Using DM_out to compute the final energy and forces
No. of atoms with KB's overlaping orbs in proc 0. Max # of overlaps:      67    1244

siesta: E_KS(eV) =            -5034.1440

siesta: Atomic forces (eV/Ang):
     1    0.000000   -0.000000    0.000002
     2   -0.000000   -0.000001   -0.000002
----------------------------------------
   Tot    0.000000   -0.000001    0.000000
----------------------------------------
   Max    0.000002
   Res    0.000001    sqrt( Sum f_i^2 / 3N )
----------------------------------------
   Max    0.000002    constrained

Stress tensor Voigt[x,y,z,yz,xz,xy] (kbar):        5.61        5.61        3.59       -0.00        0.00        0.00
(Free)E + p*V (eV/cell)    -5034.2244
Target enthalpy (eV/cell)    -5034.1450

siesta: Stress tensor (static) (eV/Ang**3):
         0.003502   -0.000000    0.000000
         0.000000    0.003503   -0.000000
         0.000000   -0.000000    0.002242

siesta: Pressure (static):         -4.93891272  kBar

siesta: Stress tensor (total) (eV/Ang**3):
         0.003502   -0.000000    0.000000
         0.000000    0.003503   -0.000000
         0.000000   -0.000000    0.002242

siesta: Pressure (total):         -4.93891272  kBar

outcoor: Relaxed atomic coordinates (fractional):           
    0.50000000    0.50000000    0.49999999   1       1  Ga
   -0.00000000    0.00000000    0.00000003   2       2  Mn

outcell: Unit cell vectors (Ang):
        2.683390    0.000000   -0.000000
        0.000000    2.683393    0.000000
       -0.000000    0.000000    3.579244

outcell: Cell vector modules (Ang)   :    2.683390    2.683393    3.579244
outcell: Cell angles (23,13,12) (deg):     90.0000     90.0000     90.0000
outcell: Cell volume (Ang**3)        :     25.7727

coxmol: Writing XMOL coordinates into file hea.xyz                                                                                                                                                                                                                             
Writing WFSX for COOP/COHP in hea.fullBZ.WFSX

diag: Algorithm                                     = D&C
diag: Parallel over k                               =   F
diag: Use parallel 2D distribution                  =   T
diag: Parallel block-size                           = 1
diag: Parallel distribution                         =     6 x     6
diag: Used triangular part                          = Lower
diag: Absolute tolerance                            =  0.100E-15
diag: Orthogonalization factor                      =  0.100E-05
diag: Memory factor                                 =  1.0000

diag: Algorithm                                     = D&C
diag: Parallel over k                               =   F
diag: Use parallel 2D distribution                  =   T
diag: Parallel block-size                           = 1
diag: Parallel distribution                         =     6 x     6
diag: Used triangular part                          = Lower
diag: Absolute tolerance                            =  0.100E-15
diag: Orthogonalization factor                      =  0.100E-05
diag: Memory factor                                 =  1.0000

siesta: PDOS info
siesta: E1 -- E2, sigma [eV], nhist:  -20.000 --   20.000    0.100 1000

diag: Algorithm                                     = D&C
diag: Parallel over k                               =   F
diag: Use parallel 2D distribution                  =   T
diag: Parallel block-size                           = 1
diag: Parallel distribution                         =     6 x     6
diag: Used triangular part                          = Lower
diag: Absolute tolerance                            =  0.100E-15
diag: Orthogonalization factor                      =  0.100E-05
diag: Memory factor                                 =  1.0000

siesta: Program's energy decomposition (eV):
siesta: Ebs     =      -814.223697
siesta: Eions   =      6264.545433
siesta: Ena     =       488.419402
siesta: Ekin    =      3013.440763
siesta: Enl     =     -1228.634220
siesta: Eso     =         0.000000
siesta: Edftu   =         0.000000
siesta: DEna    =        15.208825
siesta: DUscf   =         0.246133
siesta: DUext   =         0.000000
siesta: Ex      =      -996.690168
siesta: Ec      =       -61.589347
siesta: Exc     =     -1058.279515
siesta: EbV     =         0.000000
siesta: eta*DQ  =         0.000000
siesta: Emadel  =         0.000000
siesta: Emeta   =         0.000000
siesta: Emolmec =         0.000000
siesta: Ekinion =         0.000000
siesta: Eharris =     -5034.144043
siesta: Etot    =     -5034.144044
siesta: FreeEng =     -5034.144985

siesta: Final energy (eV):
siesta:  Band Struct. =    -814.223697
siesta:       Kinetic =    3013.440763
siesta:       Hartree =    1145.124156
siesta:         Edftu =       0.000000
siesta:       Eso     =       0.000000
siesta:    Ext. field =       0.000000
siesta:         Exch. =    -996.690168
siesta:         Corr. =     -61.589347
siesta:     Bulk bias =       0.000000
siesta:   Exch.-corr. =   -1058.279515
siesta:  Ion-electron =   -5312.480193
siesta:       Ion-ion =   -2821.949255
siesta:       Ekinion =       0.000000
siesta: D3 dispersion =       0.000000
siesta:         Total =   -5034.144044
siesta:         Fermi =      -6.799272

siesta: Stress tensor (static) (eV/Ang**3):
siesta:     0.003502   -0.000000    0.000000
siesta:     0.000000    0.003503   -0.000000
siesta:     0.000000   -0.000000    0.002242

siesta: Constrained stress tensor (static) (eV/Ang**3):
siesta:     0.003502   -0.000000    0.000000
siesta:    -0.000000    0.003503   -0.000000
siesta:     0.000000   -0.000000    0.002242

siesta: Cell volume =         25.772662 Ang**3

siesta: Pressure (static):
siesta:                Solid            Molecule  Units
siesta:          -0.00003357         -0.00003357  Ry/Bohr**3
siesta:          -0.00308263         -0.00308268  eV/Ang**3
siesta:          -4.93891272         -4.93899196  kBar
(Free)E+ p_basis*V_orbitals  =       -5023.436075
(Free)Eharris+ p_basis*V_orbitals  =       -5023.436074

mulliken: Atomic and Orbital Populations:

mulliken: Spin UP 

Species: Ga                  
Atom  Qatom  Qorb
               4s      4s      4s      4py     4pz     4px     4py     4pz     
               4px     4py     4pz     4px     3dxy    3dyz    3dz2    3dxz    
               3dx2-y2 4dxy    4dyz    4dz2    4dxz    4dx2-y2 
   1  6.965   0.536  -0.207   0.410   0.213   0.257   0.213   0.055   0.103
              0.055   0.009   0.038   0.009   0.998   0.997   1.000   0.997

              1.001   0.095   0.078  -0.015   0.078   0.044

Species: Mn                  
Atom  Qatom  Qorb
               3s      4s      4s      4s      3py     3pz     3px     4py     
               4pz     4px     3dxy    3dyz    3dz2    3dxz    3dx2-y2 3dxy    
               3dyz    3dz2    3dxz    3dx2-y2 3dxy    3dyz    3dz2    3dxz    
               3dx2-y2 
   2  5.865   0.960  -1.294   0.326   0.605   0.993   0.992   0.993   0.186
              0.148   0.186   0.254   0.541   0.561   0.541   1.033  -0.034

             -0.058  -0.053  -0.058  -0.090  -0.035  -0.161  -0.153  -0.161

             -0.357

mulliken: Qtot =       12.830

mulliken: Spin DOWN 

Species: Ga                  
Atom  Qatom  Qorb
               4s      4s      4s      4py     4pz     4px     4py     4pz     
               4px     4py     4pz     4px     3dxy    3dyz    3dz2    3dxz    
               3dx2-y2 4dxy    4dyz    4dz2    4dxz    4dx2-y2 
   1  6.575   0.548  -0.174   0.344   0.205   0.355   0.205   0.039   0.038
              0.039  -0.078  -0.114  -0.078   0.999   0.999   1.000   0.999

              1.000   0.083   0.082  -0.027   0.082   0.029

Species: Mn                  
Atom  Qatom  Qorb
               3s      4s      4s      4s      3py     3pz     3px     4py     
               4pz     4px     3dxy    3dyz    3dz2    3dxz    3dx2-y2 3dxy    
               3dyz    3dz2    3dxz    3dx2-y2 3dxy    3dyz    3dz2    3dxz    
               3dx2-y2 
   2  8.595   0.980  -1.102   0.259   0.554   0.995   0.995   0.995   0.245
              0.195   0.245   1.396   1.396   1.233   1.396   1.143  -0.084

             -0.106  -0.074  -0.106  -0.066  -0.376  -0.438  -0.309  -0.438

             -0.334

mulliken: Qtot =       15.170

Mulliken Atomic Populations:
Atom #   charge [q] valence [e]      Sz [e]  Species
     1    -0.539482   13.539482    0.390320  Ga
     2     0.539482   14.460518   -2.730349  Mn
-------------------------------------------
 Total     0.000000               -2.340029

cite: Please indicate the Siesta version in published work: 5.2.2
cite: This calculation has made use of features in the following articles
cite: which we encourage you to cite in published work.
cite: (Please see "hea.bib" for a BibTeX file.)
        Primary SIESTA paper
          DOI: www.doi.org/10.1088/0953-8984/14/11/302
        PSML pseudopotential format
          DOI: www.doi.org/10.1016/j.cpc.2018.02.011


>> End of run:  31-JUL-2025   2:04:03
Job completed
