Executable      : /home/users/felipegc/woltsoft/SIESTA/siesta-5.2.2/build/bin/siesta
Version         : 5.2.2
Architecture    : x86_64
Compiler version: GNU-9.3.0
Compiler flags  : -O3 -march=native
Parallelisations: MPI
Lua support
Native ELPA support
ELSI support. Solvers:
   ELPA (internal) 
   NTPoly
   OMM
DFT-D3 support
Wannier90 wrapper support

Runtime information:
* Directory : /home/users/felipegc/MnNiGa/optimizations_afm/top/structure_calc_347
* Running on 36 nodes in parallel.
>> Start of run:   1-AUG-2025   6:49:40

                           *********************** 
                           *  WELCOME TO SIESTA  * 
                           *********************** 

 NOTE: Siesta V5 introduces some new defaults for basis-set generation
 NOTE: which might lead to slightly different numerical results.
 NOTE: Please see the manual for full details and compatibility measures.


reinit: Reading from standard input
reinit: Dumping input in INPUT_TMP.68194
************************** Dump of input data file ****************************
SystemName          hea
SystemLabel         hea
Reparametrize.Pseudos T
Restricted.Radial.Grid F
%include atoms.fdf
MaxSCFIterations     20000
SCF.Mix              Hamiltonian
SCF.Mixer.Method     Broyden
#SCF.Mixer.Variant    original #Pulay original
SCF.Mixer.History    8
SCF.Mixer.Weight     0.07
SCF.H.Converge       False
SCF.DM.Converge      True
SCF.DM.Tolerance     5.d-4
SCF.H.Tolerance      5.d-3 eV
MeshCutoff 300.0 Ry
MD.UseSaveCG         False
DM.UseSaveDM         False
NumberOfEigenStates -20
ElectronicTemperature 300 K
WriteCoorXmol        True
XC.Functional     GGA
XC.authors        PBEsol
Spin polarized
DM.InitSpin.AF true
SolutionMethod       diagon
#Diag.Algorithm        MRRR
###################################
###################################
# Full template for Basis param.
###################################
###################################
Basis.Pressure 0.3 GPa
PAO.SoftDefault T
PAO.SoftPotential 50.0 Ry
PAO.SoftInnerRadius 0.70
PAO.BasisType split
PAO.EnergyShift 0.0019 eV
PAO.BasisSize TZP
PAO.SplitTailNorm T
            %block kgrid_Monkhorst_Pack
            3  0  0  0.
            0  6  0  0.
            0  0  2  0.
            %endblock kgrid_Monkhorst_Pack
            MD.TypeOfRun CG
            MD.Steps         500
            MD.VariableCell true
            MD.MaxForceTol 0.05 eV/Ang
            WriteMDHistory true
            WriteForces true
            Write.OrbitalIndex true
            Charge.Mulliken end
            COOP.Write true
            %block ProjectedDensityOfStates
            -20.00 20.00 0.1 1000 eV
            %endblock ProjectedDensityOfStates
************************** End of input data file *****************************

reinit: -----------------------------------------------------------------------
reinit: System Name: hea
reinit: -----------------------------------------------------------------------
reinit: System Label: hea
reinit: -----------------------------------------------------------------------

NOTE on units for spin output: 
{S} is the spin magnetic moment, in units of the Bohr magneton,
assuming a g-factor for the electron spin of exactly 2.
The spin magnetic moment is then numerically equal to the charge inbalance,
in units of electrons, between the spin-up and -down channels.


initatom: Reading input for the pseudopotentials and atomic orbitals ----------
Species number:   1 Atomic number:   28 Label: Ni
Species number:   2 Atomic number:   25 Label: Mn

Ground state valence configuration (from tables):   4s02  4p00  3d08  4f00
Ground state valence configuration (from tables):   4s02  4p00  3d05  4f00

---- Processing specs for species: Ni
Reading pseudopotential information in PSML from:
  Ni.psml
PSML file version: 1.1
Using libxc ids:  101 130
GGA--PBE XC_GGA_X_PBE--XC_GGA_C_PBE pb
PSML uuid: 020bdba0-be42-11e7-6ded-a592ddfb3399
Semicore shell(s) with  8 electrons included in the valence for Ni

---- Processing specs for species: Mn
Reading pseudopotential information in PSML from:
  Mn.psml
PSML file version: 1.1
Using libxc ids:  101 130
GGA--PBE XC_GGA_X_PBE--XC_GGA_C_PBE pb
PSML uuid: e5ebd880-be41-11e7-659b-074ddfc7bd15
Semicore shell(s) with  8 electrons included in the valence for Mn

---- Pseudopotential check for Ni

Pseudized shells:
3s( 2.00) rc: 1.26
3p( 6.00) rc: 1.35
3d( 8.00) rc: 1.66
Valence configuration for ps generation: 3s:3p:3d:4s: Total charge:  18.000000
Semicore shell(s): 3s 3p
Fallback to non-perturbative polarization scheme for Ni
Please see the manual if this is not desired in principle

---- Pseudopotential check for Mn

Pseudized shells:
3s( 2.00) rc: 1.41
3p( 6.00) rc: 1.21
3d( 5.00) rc: 1.61
Valence configuration for ps generation: 3s:3p:3d:4s: Total charge:  15.000000
Semicore shell(s): 3s 3p
Fallback to non-perturbative polarization scheme for Mn
Please see the manual if this is not desired in principle
For Ni, standard SIESTA heuristics set lmxkb to 3
 (one more than the basis l, including polarization orbitals).
Use PS.lmax or PS.KBprojectors blocks to override.
For Mn, standard SIESTA heuristics set lmxkb to 3
 (one more than the basis l, including polarization orbitals).
Use PS.lmax or PS.KBprojectors blocks to override.
Ni pseudopotential only contains V_ls up to l=2 -- lmxkb reset.
Mn pseudopotential only contains V_ls up to l=2 -- lmxkb reset.

<basis_specs>
===============================================================================
Ni                   Z=  28    Mass=  58.693        Charge= 0.17977+309
Lmxo=2 Lmxkb= 2    BasisType=split      Semic=T
L=0  Nsemic=1  Cnfigmx=4
          i=1  nzeta=1  polorb=0  (3s)  (semicore shell)
            splnorm:   0.15000    
               vcte:    50.000    
               rinn:  -0.70000    
               qcoe:    0.0000    
               qyuk:    0.0000    
               qwid:   0.10000E-01
                rcs:    0.0000    
            lambdas:    1.0000    
          i=2  nzeta=3  polorb=0  (4s)  (to be polarized non-perturbatively)
            splnorm:   0.15000    
               vcte:    50.000    
               rinn:  -0.70000    
               qcoe:    0.0000    
               qyuk:    0.0000    
               qwid:   0.10000E-01
                rcs:    0.0000      0.0000      0.0000    
            lambdas:    1.0000      1.0000      1.0000    
L=1  Nsemic=1  Cnfigmx=4
          i=1  nzeta=1  polorb=0  (3p)  (semicore shell)
            splnorm:   0.15000    
               vcte:    50.000    
               rinn:  -0.70000    
               qcoe:    0.0000    
               qyuk:    0.0000    
               qwid:   0.10000E-01
                rcs:    0.0000    
            lambdas:    1.0000    
          i=2  nzeta=1  polorb=0  (4p)  (non-perturbative polarization shell)
            splnorm:   0.15000    
               vcte:    50.000    
               rinn:  -0.70000    
               qcoe:   0.33219-315
               qyuk:    0.0000    
               qwid:   0.69526-309
                rcs:    0.0000    
            lambdas:    1.0000    
L=2  Nsemic=0  Cnfigmx=3
          i=1  nzeta=3  polorb=0  (3d)
            splnorm:   0.15000    
               vcte:    50.000    
               rinn:  -0.70000    
               qcoe:    0.0000    
               qyuk:    0.0000    
               qwid:   0.10000E-01
                rcs:    0.0000      0.0000      0.0000    
            lambdas:    1.0000      1.0000      1.0000    
-------------------------------------------------------------------------------
L=0  Nkbl=2  erefs: 0.17977+309 0.17977+309
L=1  Nkbl=2  erefs: 0.17977+309 0.17977+309
L=2  Nkbl=1  erefs: 0.17977+309
===============================================================================
</basis_specs>

Using PAO.SplitTailNorm
atom: Called for Ni                    (Z =  28)
Maximum radius (at nrval) set to   50.00000 8518

read_vps: Pseudopotential generation method:
read_vps: ONCVPSP-3.Hamann's oncvpsp                        
Valence charge in pseudo generation:   18.00000

read_vps: Pseudopotential includes a core correction:
read_vps: Pseudo-core for xc-correction

xc_check: Exchange-correlation functional:
xc_check: GGA PBEsol
xc_check: WARNING: Pseudopotential generated with GGA PBE functional
Got Vlocal (oncv-fit) from psml data
Choosing vlocal chloc cutoff:  3.188973
qtot up to nchloc:   17.99992641
atom: Maximum radius for chlocal:    3.18897
atom: Maximum radius for r*vlocal+2*Zval:    3.18897
Reading KB projs from Ni psml data
Using scalar-relativistic projectors in PSML file

PSML: Kleinman-Bylander projectors: 
   l= 0   rc=  1.276377   Ekb= 12.509070
   l= 0   rc=  1.276377   Ekb= -0.503495
   l= 1   rc=  1.371030   Ekb= -5.680418
   l= 1   rc=  1.371030   Ekb= -0.775211
   l= 2   rc=  1.680171   Ekb=-14.446879
   l= 2   rc=  1.680171   Ekb= -5.088878

PSML: Total number of  Kleinman-Bylander projectors:  18
atom: -------------------------------------------------------------------------

atom: SANKEY-TYPE ORBITALS:
atom: Selected multiple-zeta basis: split     

SPLIT: Orbitals with angular momentum L= 0

SPLIT: Basis orbitals for state 3s

SPLIT: PAO cut-off radius determined from an
SPLIT: energy shift=  0.000140 Ry
Split based on tail norm

   izeta = 1
                 lambda =    1.000000
                     rc =    2.999668
                 energy =   -8.139209
                kinetic =    3.776111
    potential(screened) =  -11.915319
       potential(ionic) =  -45.801861

SPLIT: Basis orbitals for state 4s

SPLIT: PAO cut-off radius determined from an
SPLIT: energy shift=  0.000140 Ry
Split based on tail norm

   izeta = 1
                 lambda =    1.000000
                     rc =    9.316220
                 energy =   -0.512978
                kinetic =    1.389681
    potential(screened) =   -1.902658
       potential(ionic) =  -17.770111

   izeta = 2
                 rmatch =    4.957068
              splitnorm =    0.150000
                 energy =   -0.410487
                kinetic =    2.329090
    potential(screened) =   -2.739576
       potential(ionic) =  -21.501560

   izeta = 3
                 rmatch =    5.824741
              splitnorm =    0.075000
                 energy =   -0.473172
                kinetic =    1.899833
    potential(screened) =   -2.373005
       potential(ionic) =  -19.995099

SPLIT: Orbitals with angular momentum L= 1

SPLIT: Basis orbitals for state 3p

SPLIT: PAO cut-off radius determined from an
SPLIT: energy shift=  0.000140 Ry
Split based on tail norm

   izeta = 1
                 lambda =    1.000000
                     rc =    3.414070
                 energy =   -5.225411
                kinetic =    9.244220
    potential(screened) =  -14.469631
       potential(ionic) =  -47.296381

SPLIT: Basis orbitals for state 4p
SPLIT: Non-perturbative polarization orbs for state 4s
SPLIT: rc(1st zeta) (re)set to: 9.3162 (expansion factor: 1.0000)
Split based on tail norm

   izeta = 1
                 lambda =    1.000000
                     rc =    9.316220
                 energy =   -0.065208
                kinetic =    0.825147
    potential(screened) =   -0.890355
       potential(ionic) =  -12.014212

SPLIT: Orbitals with angular momentum L= 2

SPLIT: Basis orbitals for state 3d

SPLIT: PAO cut-off radius determined from an
SPLIT: energy shift=  0.000140 Ry
Split based on tail norm

   izeta = 1
                 lambda =    1.000000
                     rc =    6.323353
                 energy =   -0.639566
                kinetic =   11.441999
    potential(screened) =  -12.081565
       potential(ionic) =  -40.678115

   izeta = 2
                 rmatch =    2.624859
              splitnorm =    0.150000
                 energy =   -0.513226
                kinetic =   13.528651
    potential(screened) =  -14.041878
       potential(ionic) =  -44.582092

   izeta = 3
                 rmatch =    3.356353
              splitnorm =    0.075000
                 energy =   -0.605538
                kinetic =   12.372939
    potential(screened) =  -12.978477
       potential(ionic) =  -42.595740
atom: Total number of Sankey-type orbitals: 25

atm_pop: Valence configuration (for local Pseudopot. screening):
 3s( 2.00) 4s( 2.00)                                                  
 3p( 6.00) 4p( 0.00)                                                  
 3d( 8.00)                                                            
Vna: chval, zval:   18.00000  18.00000

Vna:  Cut-off radius for the neutral-atom potential:   9.316220
comcore: Pseudo-core radius Rcore=  1.817282

atom: _________________________________________________________________________

<basis_specs>
===============================================================================
Mn                   Z=  25    Mass=  54.938        Charge= 0.17977+309
Lmxo=2 Lmxkb= 2    BasisType=split      Semic=T
L=0  Nsemic=1  Cnfigmx=4
          i=1  nzeta=1  polorb=0  (3s)  (semicore shell)
            splnorm:   0.15000    
               vcte:    50.000    
               rinn:  -0.70000    
               qcoe:    0.0000    
               qyuk:    0.0000    
               qwid:   0.10000E-01
                rcs:    0.0000    
            lambdas:    1.0000    
          i=2  nzeta=3  polorb=0  (4s)  (to be polarized non-perturbatively)
            splnorm:   0.15000    
               vcte:    50.000    
               rinn:  -0.70000    
               qcoe:    0.0000    
               qyuk:    0.0000    
               qwid:   0.10000E-01
                rcs:    0.0000      0.0000      0.0000    
            lambdas:    1.0000      1.0000      1.0000    
L=1  Nsemic=1  Cnfigmx=4
          i=1  nzeta=1  polorb=0  (3p)  (semicore shell)
            splnorm:   0.15000    
               vcte:    50.000    
               rinn:  -0.70000    
               qcoe:    0.0000    
               qyuk:    0.0000    
               qwid:   0.10000E-01
                rcs:    0.0000    
            lambdas:    1.0000    
          i=2  nzeta=1  polorb=0  (4p)  (non-perturbative polarization shell)
            splnorm:   0.15000    
               vcte:    50.000    
               rinn:  -0.70000    
               qcoe:   0.33219-315
               qyuk:    0.0000    
               qwid:   0.69526-309
                rcs:    0.0000    
            lambdas:    1.0000    
L=2  Nsemic=0  Cnfigmx=3
          i=1  nzeta=3  polorb=0  (3d)
            splnorm:   0.15000    
               vcte:    50.000    
               rinn:  -0.70000    
               qcoe:    0.0000    
               qyuk:    0.0000    
               qwid:   0.10000E-01
                rcs:    0.0000      0.0000      0.0000    
            lambdas:    1.0000      1.0000      1.0000    
-------------------------------------------------------------------------------
L=0  Nkbl=2  erefs: 0.17977+309 0.17977+309
L=1  Nkbl=2  erefs: 0.17977+309 0.17977+309
L=2  Nkbl=1  erefs: 0.17977+309
===============================================================================
</basis_specs>

Using PAO.SplitTailNorm
atom: Called for Mn                    (Z =  25)
Maximum radius (at nrval) set to   50.00000 8518

read_vps: Pseudopotential generation method:
read_vps: ONCVPSP-3.Hamann's oncvpsp                        
Valence charge in pseudo generation:   15.00000

read_vps: Pseudopotential includes a core correction:
read_vps: Pseudo-core for xc-correction

xc_check: Exchange-correlation functional:
xc_check: GGA PBEsol
xc_check: WARNING: Pseudopotential generated with GGA PBE functional
Got Vlocal (oncv-fit) from psml data
Choosing vlocal chloc cutoff:  3.504263
qtot up to nchloc:   15.00032895
atom: Maximum radius for chlocal:    3.50426
atom: Maximum radius for r*vlocal+2*Zval:    3.50426
Reading KB projs from Mn psml data
Using scalar-relativistic projectors in PSML file

PSML: Kleinman-Bylander projectors: 
   l= 0   rc=  1.427391   Ekb= 18.471374
   l= 0   rc=  1.430269   Ekb=  3.121111
   l= 1   rc=  1.224702   Ekb=  3.156115
   l= 1   rc=  1.224702   Ekb= -1.424352
   l= 2   rc=  1.630219   Ekb=-13.224142
   l= 2   rc=  1.630219   Ekb= -4.330632

PSML: Total number of  Kleinman-Bylander projectors:  18
atom: -------------------------------------------------------------------------

atom: SANKEY-TYPE ORBITALS:
atom: Selected multiple-zeta basis: split     

SPLIT: Orbitals with angular momentum L= 0

SPLIT: Basis orbitals for state 3s

SPLIT: PAO cut-off radius determined from an
SPLIT: energy shift=  0.000140 Ry
Split based on tail norm

   izeta = 1
                 lambda =    1.000000
                     rc =    3.380000
                 energy =   -6.293298
                kinetic =    2.848567
    potential(screened) =   -9.141865
       potential(ionic) =  -33.519753

SPLIT: Basis orbitals for state 4s

SPLIT: PAO cut-off radius determined from an
SPLIT: energy shift=  0.000140 Ry
Split based on tail norm

   izeta = 1
                 lambda =    1.000000
                     rc =   10.002455
                 energy =   -0.450676
                kinetic =    1.112603
    potential(screened) =   -1.563278
       potential(ionic) =  -13.199632

   izeta = 2
                 rmatch =    5.430276
              splitnorm =    0.150000
                 energy =   -0.360834
                kinetic =    1.875764
    potential(screened) =   -2.236598
       potential(ionic) =  -15.982656

   izeta = 3
                 rmatch =    6.342382
              splitnorm =    0.075000
                 energy =   -0.415048
                kinetic =    1.529261
    potential(screened) =   -1.944310
       potential(ionic) =  -14.865309

SPLIT: Orbitals with angular momentum L= 1

SPLIT: Basis orbitals for state 3p

SPLIT: PAO cut-off radius determined from an
SPLIT: energy shift=  0.000140 Ry
Split based on tail norm

   izeta = 1
                 lambda =    1.000000
                     rc =    3.873861
                 energy =   -3.996757
                kinetic =    6.976018
    potential(screened) =  -10.972775
       potential(ionic) =  -34.563053

SPLIT: Basis orbitals for state 4p
SPLIT: Non-perturbative polarization orbs for state 4s
SPLIT: rc(1st zeta) (re)set to: 10.0025 (expansion factor: 1.0000)
Split based on tail norm

   izeta = 1
                 lambda =    1.000000
                     rc =   10.002455
                 energy =   -0.085879
                kinetic =    0.770317
    potential(screened) =   -0.856196
       potential(ionic) =   -9.409918

SPLIT: Orbitals with angular momentum L= 2

SPLIT: Basis orbitals for state 3d

SPLIT: PAO cut-off radius determined from an
SPLIT: energy shift=  0.000140 Ry
Split based on tail norm

   izeta = 1
                 lambda =    1.000000
                     rc =    7.238756
                 energy =   -0.490123
                kinetic =    9.261574
    potential(screened) =   -9.751697
       potential(ionic) =  -30.334327

   izeta = 2
                 rmatch =    3.144499
              splitnorm =    0.150000
                 energy =   -0.401801
                kinetic =   11.021778
    potential(screened) =  -11.423579
       potential(ionic) =  -33.555539

   izeta = 3
                 rmatch =    3.972182
              splitnorm =    0.075000
                 energy =   -0.464167
                kinetic =   10.072383
    potential(screened) =  -10.536551
       potential(ionic) =  -31.940836
atom: Total number of Sankey-type orbitals: 25

atm_pop: Valence configuration (for local Pseudopot. screening):
 3s( 2.00) 4s( 2.00)                                                  
 3p( 6.00) 4p( 0.00)                                                  
 3d( 5.00)                                                            
Vna: chval, zval:   15.00000  15.00000

Vna:  Cut-off radius for the neutral-atom potential:  10.002455
comcore: Pseudo-core radius Rcore=  2.115123

atom: _________________________________________________________________________

prinput: Basis input 

PAO.BasisType split     

%block ChemicalSpeciesLabel
    1   28 Ni                      # Species index, atomic number, species label
    2   25 Mn                      # Species index, atomic number, species label
%endblock ChemicalSpeciesLabel

%block PAO.Basis                 # Define Basis set
# WARNING: This information might be incomplete!
Ni                    5                    # Species label, number of l-shells
 n=3   0   1                         # n, l, Nzeta 
   3.000   
   1.000   
 n=4   0   3                         # n, l, Nzeta 
   9.316      4.957      5.825   
   1.000      1.000      1.000   
 n=3   1   1                         # n, l, Nzeta 
   3.414   
   1.000   
 n=4   1   1                         # n, l, Nzeta 
   9.316   
   1.000   
 n=3   2   3                         # n, l, Nzeta 
   6.323      2.625      3.356   
   1.000      1.000      1.000   
Mn                    5                    # Species label, number of l-shells
 n=3   0   1                         # n, l, Nzeta 
   3.380   
   1.000   
 n=4   0   3                         # n, l, Nzeta 
  10.002      5.430      6.342   
   1.000      1.000      1.000   
 n=3   1   1                         # n, l, Nzeta 
   3.874   
   1.000   
 n=4   1   1                         # n, l, Nzeta 
  10.002   
   1.000   
 n=3   2   3                         # n, l, Nzeta 
   7.239      3.144      3.972   
   1.000      1.000      1.000   
%endblock PAO.Basis

prinput: ----------------------------------------------------------------------

coor:   Atomic-coordinates input format  =     Fractional

siesta: Atomic coordinates (Bohr) and species
siesta:      7.05534   2.35178   3.32592  1        1
siesta:      4.70356   0.00000   6.65184  1        2
siesta:      0.00000   0.00000   0.00000  2        3
siesta:      4.70356   0.00000   0.00000  2        4
siesta:      2.35178   2.35178   3.32592  2        5
siesta:      0.00000   0.00000   6.65184  2        6
siesta:      2.35178   2.35178   9.97775  2        7
siesta:      7.05534   2.35178   9.97775  2        8

siesta: System type = bulk      

initatomlists: Number of atoms, orbitals, and projectors:      8   200   144

coxmol: Writing XMOL coordinates into file hea.xyz                                                                                                                                                                                                                             

siesta: ******************** Simulation parameters ****************************
siesta:
siesta: The following are some of the parameters of the simulation.
siesta: A complete list of the parameters used, including default values,
siesta: can be found in file out.fdf
siesta:
redata: Spin configuration                          = collinear
redata: Number of spin components                   = 2
redata: Time-Reversal Symmetry                      = T
redata: Spin spiral                                 = F
redata: Long output                                 =   F
redata: Number of Atomic Species                    =        2
redata: Charge density info will appear in .RHO file
redata: Write Mulliken charges (when)               = end
redata: Write Mulliken Pop.                         = Atomic and Orbital charges
redata: Write Hirshfeld charges (when)              = none
redata: Write Voronoi charges (when)                = none
redata: Write spin charge (when)                    = scf
redata: Matel table size (NRTAB)                    =     1024
redata: Mesh Cutoff                                 =   300.0000 Ry
redata: Net charge of the system                    =     0.0000 |e|
redata: Min. number of SCF Iter                     =        0
redata: Max. number of SCF Iter                     =    20000
redata: SCF convergence failure will abort job
redata: SCF mix quantity                            = Hamiltonian
redata: Mix DM or H after convergence               =   F
redata: Recompute H after scf cycle                 =   F
redata: Mix DM in first SCF step                    =   T
redata: Write Pulay info on disk                    =   F
redata: New DM Occupancy tolerance                  = 0.000000000001
redata: No kicks to SCF
redata: DM Mixing Weight for Kicks                  =     0.5000
redata: Require Harris convergence for SCF          =   F
redata: Harris energy tolerance for SCF             =     0.000100 eV
redata: Require DM convergence for SCF              =   T
redata: DM tolerance for SCF                        =     0.000500
redata: Require EDM convergence for SCF             =   F
redata: EDM tolerance for SCF                       =     0.001000 eV
redata: Require H convergence for SCF               =   F
redata: Hamiltonian tolerance for SCF               =     0.005000 eV
redata: Require (free) Energy convergence for SCF   =   F
redata: (free) Energy tolerance for SCF             =     0.000100 eV
redata: Antiferro initial spin density              =   T
redata: Using DFT-D3 dispersion                     =   F
redata: Using Saved Data (generic)                  =   F
redata: Use continuation files for DM               =   F
redata: Neglect nonoverlap interactions             =   F
redata: Method of Calculation                       = Diagonalization
redata: Electronic Temperature                      =   300.0000 K
redata: Fix the spin of the system                  =   F
redata: Max. number of TDED Iter                    =        1
redata: Number of TDED substeps                     =        3
redata: Dynamics option                             = CG coord. optimization
redata: Variable cell                               =   T
redata: Use continuation files for CG               =   F
redata: Max atomic displ per move                   =     0.1058 Ang
redata: Maximum number of optimization moves        =      500
redata: Force tolerance                             =     0.0500 eV/Ang
redata: Stress tolerance                            =     1.0000 GPa
mix.SCF: Broyden mixing                          = Broyden
mix.SCF:    History steps                        = 8
mix.SCF:    Linear mixing weight                 =     0.070000
mix.SCF:    Inverse Jacobian weight              =     0.070000
mix.SCF:    Weight prime                         =     0.070000
mix.SCF:    SVD condition                        = 0.1000E-07
mix.SCF: Spin-component mixing                   all
redata: ***********************************************************************

%block SCF.Mixers
  Broyden
%endblock SCF.Mixers

%block SCF.Mixer.Broyden
  # Mixing method
  method broyden

  # Mixing options
  weight 0.0700
  weight.linear 0.0700
  weight.prime 0.0700
  history 8
%endblock SCF.Mixer.Broyden

DM_history_depth set to one: no extrapolation allowed by default for geometry relaxation
Size of DM history Fstack: 1
Total number of electrons:   126.000000
Total ionic charge:   126.000000

* ProcessorY, Blocksize:    3   5


* Orbital distribution balance (max,min):    10     5

k-point displ. along   2 input, could be:     0.00    0.50
k-point displ. along   3 input, could be:     0.00    0.50
 Kpoints in:           24 . Kpoints trimmed:           23

siesta: k-grid: Number of k-points = 23
siesta: k-points from Monkhorst-Pack grid
siesta: k-cutoff (effective) =     7.040 Ang
siesta: k-point supercell and displacements
siesta: k-grid:     3     0     0      0.000
siesta: k-grid:     0     6     0      0.000
siesta: k-grid:     0     0     2      0.000
k-point displ. along   2 input, could be:     0.00    0.50
k-point displ. along   3 input, could be:     0.00    0.50
 Kpoints in:           24 . Kpoints trimmed:           23

siesta: PDOS k-grid: Number of k-points = 23
siesta: PDOS k-points from Monkhorst-Pack grid
siesta: PDOS k-cutoff (effective) =     0.000 Ang
siesta: PDOS k-point supercell and displacements
siesta: k-grid:     3     0     0      0.000
siesta: k-grid:     0     6     0      0.000
siesta: k-grid:     0     0     2      0.000

diag: Algorithm                                     = D&C
diag: Parallel over k                               =   F
diag: Use parallel 2D distribution                  =   T
diag: Parallel block-size                           = 5
diag: Parallel distribution                         =     6 x     6
diag: Used triangular part                          = Lower
diag: Absolute tolerance                            =  0.100E-15
diag: Orthogonalization factor                      =  0.100E-05
diag: Memory factor                                 =  1.0000
diag: The diagonalization method chosen cannot compute a reduced number of eigenvectors.
diag: Resetting neigwanted 85 to 200

superc: Internal auxiliary supercell:     5 x     9 x     5  =     225
superc: Number of atoms, orbitals, and projectors:   1800  45000  32400


ts: **************************************************************
ts: Save H and S matrices                           =    F
ts: Save DM and EDM matrices                        =    F
ts: Only save the overlap matrix S                  =    F
ts: **************************************************************

************************ Begin: TS CHECKS AND WARNINGS ************************
************************ End: TS CHECKS AND WARNINGS **************************


                     ====================================
                        Begin CG opt. move =      0
                     ====================================

superc: Internal auxiliary supercell:     5 x     9 x     5  =     225
superc: Number of atoms, orbitals, and projectors:   1800  45000  32400

outcell: Unit cell vectors (Ang):
        4.978032    0.000000    0.000000
        0.000000    2.489016    0.000000
        0.000000    0.000000    7.040000

outcell: Cell vector modules (Ang)   :    4.978032    2.489016    7.040000
outcell: Cell angles (23,13,12) (deg):     90.0000     90.0000     90.0000
outcell: Cell volume (Ang**3)        :     87.2284
<dSpData1D:S at geom step 0
  <sparsity:sparsity for geom step 0
    nrows_g=200 nrows=10 sparsity=1.0825 nnzs=43302, refcount: 7>
  <dData1D:(new from dSpData1D) n=43302, refcount: 1>
refcount: 1>
new_DM -- step:     1
Initializing Density Matrix...
DM filled with atomic data:
<dSpData2D:DM initialized from atoms
  <sparsity:sparsity for geom step 0
    nrows_g=200 nrows=10 sparsity=1.0825 nnzs=43302, refcount: 8>
  <dData2D:DM n=43302 m=2, refcount: 1>
refcount: 1>
No. of atoms with KB's overlaping orbs in proc 0. Max # of overlaps:     120     739

InitMesh: MESH = 54 x 30 x 80 = 129600
InitMesh: Mesh cutoff (required, used) =   300.000   325.218 Ry
New grid distribution [1]: sub = 2
New grid distribution [2]: sub = 2
New grid distribution [3]: sub = 2
Setting up quadratic distribution...

stepf: Fermi-Dirac step function

siesta: Program's energy decomposition (eV):
siesta: Ebs     =     -5133.409095
siesta: Eions   =     35645.331871
siesta: Ena     =      3235.185990
siesta: Ekin    =     11872.774350
siesta: Enl     =     -2494.148781
siesta: Eso     =         0.000000
siesta: Edftu   =         0.000000
siesta: DEna    =       241.283175
siesta: DUscf   =         9.293893
siesta: DUext   =         0.000000
siesta: Ex      =     -3845.885101
siesta: Ec      =      -238.068415
siesta: Exc     =     -4083.953516
siesta: EbV     =         0.000000
siesta: eta*DQ  =         0.000000
siesta: Emadel  =         0.000000
siesta: Emeta   =         0.000000
siesta: Emolmec =         0.000000
siesta: Ekinion =         0.000000
siesta: Eharris =    -26753.630541
siesta: Etot    =    -26864.896759
siesta: FreeEng =    -26864.917993

        iscf     Eharris(eV)        E_KS(eV)     FreeEng(eV)     dDmax    Ef(eV) dHmax(eV)
   scf:    1   -26753.630541   -26864.896759   -26864.917993  3.813861 -5.663925 11.844114
     spin moment: {S} , |S| = {        0.0        0.0   -0.07523 }    -0.07523
timer: Routine,Calls,Time,% = IterSCF        1       2.701  17.35
   scf:    2   -26861.703089   -26867.462332   -26867.478699  0.454265 -5.842445  7.877716
     spin moment: {S} , |S| = {        0.0        0.0   -0.02167 }    -0.02167
   scf:    3   -26870.148287   -26869.484269   -26869.500708  0.209311 -5.931274  4.170322
     spin moment: {S} , |S| = {        0.0        0.0   -0.04554 }    -0.04554
   scf:    4   -26871.963815   -26870.905092   -26870.921482  0.655565 -6.282835  2.816821
     spin moment: {S} , |S| = {        0.0        0.0   -0.08570 }    -0.08570
   scf:    5   -26872.123605   -26871.611998   -26871.629080  0.486046 -6.620773  1.136296
     spin moment: {S} , |S| = {        0.0        0.0   -0.10567 }    -0.10567
   scf:    6   -26871.989316   -26871.812344   -26871.830405  0.129191 -6.713340  0.699079
     spin moment: {S} , |S| = {        0.0        0.0   -0.11422 }    -0.11422
   scf:    7   -26871.992758   -26871.903311   -26871.922443  0.044915 -6.741525  0.577759
     spin moment: {S} , |S| = {        0.0        0.0   -0.13413 }    -0.13413
   scf:    8   -26872.909447   -26872.383932   -26872.407834  0.189512 -6.845784  0.735624
     spin moment: {S} , |S| = {        0.0        0.0   -0.23744 }    -0.23744
   scf:    9   -26874.079560   -26873.098535   -26873.116223  0.380770 -6.971238  1.809084
     spin moment: {S} , |S| = {        0.0        0.0   -0.25919 }    -0.25919
   scf:   10   -26873.264090   -26873.185023   -26873.202430  0.032056 -6.988281  1.186845
     spin moment: {S} , |S| = {        0.0        0.0   -0.27846 }    -0.27846
   scf:   11   -26873.342750   -26873.261683   -26873.279119  0.037858 -7.005136  0.961704
     spin moment: {S} , |S| = {        0.0        0.0   -0.31268 }    -0.31268
   scf:   12   -26873.405677   -26873.331972   -26873.349652  0.032262 -7.016746  0.682949
     spin moment: {S} , |S| = {        0.0        0.0   -0.35172 }    -0.35172
   scf:   13   -26873.607337   -26873.458972   -26873.479688  0.106808 -7.039846  0.584084
     spin moment: {S} , |S| = {        0.0        0.0   -0.48456 }    -0.48456
   scf:   14   -26873.399023   -26873.430225   -26873.449886  0.042231 -7.036278  0.291513
     spin moment: {S} , |S| = {        0.0        0.0   -0.43255 }    -0.43255
   scf:   15   -26873.759113   -26873.554387   -26873.577849  0.130376 -7.068469  0.719199
     spin moment: {S} , |S| = {        0.0        0.0   -0.58988 }    -0.58988
   scf:   16   -26873.573024   -26873.576359   -26873.600001  0.024887 -7.065010  0.472798
     spin moment: {S} , |S| = {        0.0        0.0   -0.58630 }    -0.58630
   scf:   17   -26873.631404   -26873.602401   -26873.626165  0.026531 -7.065219  0.427660
     spin moment: {S} , |S| = {        0.0        0.0   -0.60391 }    -0.60391
   scf:   18   -26873.622014   -26873.613604   -26873.637519  0.013979 -7.069777  0.176762
     spin moment: {S} , |S| = {        0.0        0.0   -0.61919 }    -0.61919
   scf:   19   -26873.644828   -26873.629588   -26873.653604  0.028010 -7.074333  0.430092
     spin moment: {S} , |S| = {        0.0        0.0   -0.64834 }    -0.64834
   scf:   20   -26873.650584   -26873.639487   -26873.663525  0.020317 -7.077546  0.503011
     spin moment: {S} , |S| = {        0.0        0.0   -0.66925 }    -0.66925
   scf:   21   -26873.647562   -26873.647379   -26873.671432  0.009402 -7.076225  0.145416
     spin moment: {S} , |S| = {        0.0        0.0   -0.66244 }    -0.66244
   scf:   22   -26873.670720   -26873.658576   -26873.682228  0.015680 -7.074917  0.173541
     spin moment: {S} , |S| = {        0.0        0.0   -0.68825 }    -0.68825
   scf:   23   -26873.693151   -26873.674226   -26873.697165  0.025295 -7.071330  0.112384
     spin moment: {S} , |S| = {        0.0        0.0   -0.72760 }    -0.72760
   scf:   24   -26873.684906   -26873.679317   -26873.702221  0.009695 -7.071460  0.113963
     spin moment: {S} , |S| = {        0.0        0.0   -0.73400 }    -0.73400
   scf:   25   -26873.688284   -26873.683603   -26873.706497  0.009400 -7.072028  0.103950
     spin moment: {S} , |S| = {        0.0        0.0   -0.73722 }    -0.73722
   scf:   26   -26873.694513   -26873.688795   -26873.711634  0.014911 -7.072528  0.105532
     spin moment: {S} , |S| = {        0.0        0.0   -0.73871 }    -0.73871
   scf:   27   -26873.701554   -26873.694751   -26873.717584  0.016170 -7.073928  0.095841
     spin moment: {S} , |S| = {        0.0        0.0   -0.74185 }    -0.74185
   scf:   28   -26873.708770   -26873.701246   -26873.723983  0.021194 -7.075507  0.089257
     spin moment: {S} , |S| = {        0.0        0.0   -0.74356 }    -0.74356
   scf:   29   -26873.778858   -26873.727386   -26873.750198  0.082596 -7.087070  0.132994
     spin moment: {S} , |S| = {        0.0        0.0   -0.74699 }    -0.74699
   scf:   30   -26873.720092   -26873.723514   -26873.746356  0.012864 -7.085691  0.087892
     spin moment: {S} , |S| = {        0.0        0.0   -0.73784 }    -0.73784
   scf:   31   -26873.757271   -26873.736452   -26873.759193  0.046776 -7.092037  0.100538
     spin moment: {S} , |S| = {        0.0        0.0   -0.73254 }    -0.73254
   scf:   32   -26873.732815   -26873.734528   -26873.757258  0.007184 -7.090995  0.074627
     spin moment: {S} , |S| = {        0.0        0.0   -0.72810 }    -0.72810
   scf:   33   -26873.736205   -26873.735356   -26873.758061  0.003072 -7.091654  0.077178
     spin moment: {S} , |S| = {        0.0        0.0   -0.72363 }    -0.72363
   scf:   34   -26873.739849   -26873.737514   -26873.760149  0.008496 -7.092550  0.093548
     spin moment: {S} , |S| = {        0.0        0.0   -0.71095 }    -0.71095
   scf:   35   -26873.737973   -26873.737747   -26873.760378  0.001585 -7.092752  0.076051
     spin moment: {S} , |S| = {        0.0        0.0   -0.70788 }    -0.70788
   scf:   36   -26873.740339   -26873.739011   -26873.761613  0.004967 -7.093357  0.083769
     spin moment: {S} , |S| = {        0.0        0.0   -0.70161 }    -0.70161
   scf:   37   -26873.737981   -26873.738483   -26873.761085  0.003320 -7.092601  0.069892
     spin moment: {S} , |S| = {        0.0        0.0   -0.69211 }    -0.69211
   scf:   38   -26873.740217   -26873.739338   -26873.761925  0.003526 -7.092502  0.072463
     spin moment: {S} , |S| = {        0.0        0.0   -0.68549 }    -0.68549
   scf:   39   -26873.738194   -26873.738754   -26873.761339  0.002557 -7.091804  0.067859
     spin moment: {S} , |S| = {        0.0        0.0   -0.68471 }    -0.68471
   scf:   40   -26873.742174   -26873.740406   -26873.762964  0.006395 -7.092486  0.071054
     spin moment: {S} , |S| = {        0.0        0.0   -0.67801 }    -0.67801
   scf:   41   -26873.757006   -26873.747568   -26873.769957  0.026804 -7.095400  0.080541
     spin moment: {S} , |S| = {        0.0        0.0   -0.66055 }    -0.66055
   scf:   42   -26873.760015   -26873.753080   -26873.775318  0.021527 -7.097739  0.084944
     spin moment: {S} , |S| = {        0.0        0.0   -0.64469 }    -0.64469
   scf:   43   -26873.758196   -26873.755497   -26873.777667  0.009748 -7.098736  0.083217
     spin moment: {S} , |S| = {        0.0        0.0   -0.63671 }    -0.63671
   scf:   44   -26873.780923   -26873.765721   -26873.787586  0.041533 -7.102367  0.074803
     spin moment: {S} , |S| = {        0.0        0.0   -0.60190 }    -0.60190
   scf:   45   -26873.783269   -26873.773087   -26873.794749  0.031204 -7.106163  0.104102
     spin moment: {S} , |S| = {        0.0        0.0   -0.57690 }    -0.57690
   scf:   46   -26873.779011   -26873.775873   -26873.797469  0.011837 -7.106788  0.087356
     spin moment: {S} , |S| = {        0.0        0.0   -0.56474 }    -0.56474
   scf:   47   -26873.790540   -26873.782231   -26873.803713  0.027328 -7.108919  0.070362
     spin moment: {S} , |S| = {        0.0        0.0   -0.53752 }    -0.53752
   scf:   48   -26873.800390   -26873.789821   -26873.811201  0.033177 -7.112124  0.074765
     spin moment: {S} , |S| = {        0.0        0.0   -0.50495 }    -0.50495
   scf:   49   -26873.825881   -26873.803059   -26873.824237  0.059046 -7.118068  0.106734
     spin moment: {S} , |S| = {        0.0        0.0   -0.45097 }    -0.45097
   scf:   50   -26873.804626   -26873.803822   -26873.824942  0.003389 -7.118658  0.121822
     spin moment: {S} , |S| = {        0.0        0.0   -0.45069 }    -0.45069
   scf:   51   -26873.789602   -26873.793979   -26873.815376  0.042589 -7.113132  0.084206
     spin moment: {S} , |S| = {        0.0        0.0   -0.48260 }    -0.48260
   scf:   52   -26873.815824   -26873.802771   -26873.823966  0.037637 -7.117156  0.076125
     spin moment: {S} , |S| = {        0.0        0.0   -0.45447 }    -0.45447
   scf:   53   -26873.830156   -26873.813370   -26873.834433  0.048703 -7.120681  0.066893
     spin moment: {S} , |S| = {        0.0        0.0   -0.40938 }    -0.40938
   scf:   54   -26873.856668   -26873.828443   -26873.848907  0.067917 -7.125254  0.071116
     spin moment: {S} , |S| = {        0.0        0.0   -0.35577 }    -0.35577
   scf:   55   -26873.836929   -26873.832239   -26873.852483  0.017146 -7.126263  0.078838
     spin moment: {S} , |S| = {        0.0        0.0   -0.34280 }    -0.34280
   scf:   56   -26873.816672   -26873.819879   -26873.840678  0.057913 -7.122505  0.073631
     spin moment: {S} , |S| = {        0.0        0.0   -0.39311 }    -0.39311
   scf:   57   -26873.920228   -26873.846574   -26873.866259  0.126143 -7.129262  0.091707
     spin moment: {S} , |S| = {        0.0        0.0   -0.30465 }    -0.30465
   scf:   58   -26873.849898   -26873.848159   -26873.867777  0.007700 -7.129346  0.080204
     spin moment: {S} , |S| = {        0.0        0.0   -0.30482 }    -0.30482
   scf:   59   -26873.835058   -26873.836894   -26873.856853  0.059127 -7.126166  0.090930
     spin moment: {S} , |S| = {        0.0        0.0   -0.35657 }    -0.35657
   scf:   60   -26873.889737   -26873.853262   -26873.872713  0.082742 -7.128852  0.061462
     spin moment: {S} , |S| = {        0.0        0.0   -0.32431 }    -0.32431
   scf:   61   -26873.855218   -26873.854208   -26873.873679  0.007041 -7.128600  0.074057
     spin moment: {S} , |S| = {        0.0        0.0   -0.32905 }    -0.32905
   scf:   62   -26873.865805   -26873.858854   -26873.878351  0.030077 -7.129302  0.069338
     spin moment: {S} , |S| = {        0.0        0.0   -0.31614 }    -0.31614
   scf:   63   -26873.852866   -26873.855411   -26873.874821  0.024666 -7.127591  0.103413
     spin moment: {S} , |S| = {        0.0        0.0   -0.33985 }    -0.33985
   scf:   64   -26873.868845   -26873.860665   -26873.880190  0.035021 -7.128471  0.076915
     spin moment: {S} , |S| = {        0.0        0.0   -0.32347 }    -0.32347
   scf:   65   -26873.901577   -26873.871153   -26873.891248  0.096551 -7.130051  0.106518
     spin moment: {S} , |S| = {        0.0        0.0   -0.26851 }    -0.26851
   scf:   66   -26873.871861   -26873.871487   -26873.891601  0.005216 -7.130260  0.120252
     spin moment: {S} , |S| = {        0.0        0.0   -0.26514 }    -0.26514
   scf:   67   -26873.872943   -26873.872204   -26873.892367  0.006560 -7.129339  0.076357
     spin moment: {S} , |S| = {        0.0        0.0   -0.26653 }    -0.26653
   scf:   68   -26873.873157   -26873.872666   -26873.892845  0.004420 -7.128665  0.058732
     spin moment: {S} , |S| = {        0.0        0.0   -0.26562 }    -0.26562
   scf:   69   -26873.880060   -26873.875207   -26873.895585  0.034384 -7.127879  0.063699
     spin moment: {S} , |S| = {        0.0        0.0   -0.24791 }    -0.24791
   scf:   70   -26873.878439   -26873.876470   -26873.896966  0.019511 -7.126698  0.051275
     spin moment: {S} , |S| = {        0.0        0.0   -0.23515 }    -0.23515
   scf:   71   -26873.879485   -26873.877602   -26873.898220  0.019574 -7.125916  0.044688
     spin moment: {S} , |S| = {        0.0        0.0   -0.22091 }    -0.22091
   scf:   72   -26873.877202   -26873.877363   -26873.897929  0.005861 -7.125786  0.034176
     spin moment: {S} , |S| = {        0.0        0.0   -0.21736 }    -0.21736
   scf:   73   -26873.891376   -26873.880126   -26873.901156  0.064592 -7.124136  0.035451
     spin moment: {S} , |S| = {        0.0        0.0   -0.15352 }    -0.15352
   scf:   74   -26873.880096   -26873.879868   -26873.900731  0.012996 -7.124252  0.021117
     spin moment: {S} , |S| = {        0.0        0.0   -0.15010 }    -0.15010
   scf:   75   -26873.881233   -26873.880332   -26873.901311  0.014304 -7.123882  0.016827
     spin moment: {S} , |S| = {        0.0        0.0   -0.13445 }    -0.13445
   scf:   76   -26873.880857   -26873.880541   -26873.901574  0.007468 -7.123545  0.015408
     spin moment: {S} , |S| = {        0.0        0.0   -0.12315 }    -0.12315
   scf:   77   -26873.881046   -26873.880768   -26873.901803  0.005413 -7.123482  0.016067
     spin moment: {S} , |S| = {        0.0        0.0   -0.10608 }    -0.10608
   scf:   78   -26873.881086   -26873.880891   -26873.901981  0.005784 -7.123315  0.012526
     spin moment: {S} , |S| = {        0.0        0.0   -0.09877 }    -0.09877
   scf:   79   -26873.881073   -26873.880969   -26873.902091  0.003573 -7.123324  0.013219
     spin moment: {S} , |S| = {        0.0        0.0   -0.09320 }    -0.09320
   scf:   80   -26873.881398   -26873.881138   -26873.902297  0.006397 -7.123413  0.012401
     spin moment: {S} , |S| = {        0.0        0.0   -0.07490 }    -0.07490
   scf:   81   -26873.881277   -26873.881185   -26873.902286  0.003520 -7.123891  0.011449
     spin moment: {S} , |S| = {        0.0        0.0   -0.06671 }    -0.06671
   scf:   82   -26873.881284   -26873.881230   -26873.902345  0.001914 -7.123923  0.008941
     spin moment: {S} , |S| = {        0.0        0.0   -0.06330 }    -0.06330
   scf:   83   -26873.881328   -26873.881276   -26873.902390  0.001114 -7.124117  0.009978
     spin moment: {S} , |S| = {        0.0        0.0   -0.05883 }    -0.05883
   scf:   84   -26873.881711   -26873.881438   -26873.902577  0.006141 -7.124424  0.006658
     spin moment: {S} , |S| = {        0.0        0.0   -0.04636 }    -0.04636
   scf:   85   -26873.881560   -26873.881493   -26873.902628  0.001460 -7.124620  0.006435
     spin moment: {S} , |S| = {        0.0        0.0   -0.04173 }    -0.04173
   scf:   86   -26873.881610   -26873.881545   -26873.902682  0.001881 -7.124597  0.005386
     spin moment: {S} , |S| = {        0.0        0.0   -0.03792 }    -0.03792
   scf:   87   -26873.881861   -26873.881666   -26873.902799  0.004237 -7.124484  0.005039
     spin moment: {S} , |S| = {        0.0        0.0   -0.02914 }    -0.02914
   scf:   88   -26873.881901   -26873.881755   -26873.902882  0.003644 -7.124396  0.005033
     spin moment: {S} , |S| = {        0.0        0.0   -0.02113 }    -0.02113
   scf:   89   -26873.881862   -26873.881799   -26873.902926  0.002350 -7.124285  0.004733
     spin moment: {S} , |S| = {        0.0        0.0   -0.01744 }    -0.01744
   scf:   90   -26873.881954   -26873.881854   -26873.902982  0.003564 -7.124148  0.004442
     spin moment: {S} , |S| = {        0.0        0.0   -0.01185 }    -0.01185
   scf:   91   -26873.882034   -26873.881910   -26873.903036  0.004376 -7.123954  0.004062
     spin moment: {S} , |S| = {        0.0        0.0   -0.00594 }    -0.00594
   scf:   92   -26873.882027   -26873.881942   -26873.903069  0.003797 -7.123830  0.002691
     spin moment: {S} , |S| = {        0.0        0.0   -0.00019 }    -0.00019
   scf:   93   -26873.881976   -26873.881954   -26873.903080  0.001522 -7.123786  0.002931
     spin moment: {S} , |S| = {        0.0        0.0    0.00185 }     0.00185
   scf:   94   -26873.881978   -26873.881964   -26873.903087  0.000985 -7.123805  0.002128
     spin moment: {S} , |S| = {        0.0        0.0    0.00289 }     0.00289
   scf:   95   -26873.881981   -26873.881971   -26873.903092  0.000808 -7.123813  0.002275
     spin moment: {S} , |S| = {        0.0        0.0    0.00315 }     0.00315
   scf:   96   -26873.881990   -26873.881978   -26873.903097  0.001000 -7.123832  0.001808
     spin moment: {S} , |S| = {        0.0        0.0    0.00391 }     0.00391
   scf:   97   -26873.881987   -26873.881982   -26873.903100  0.000487 -7.123850  0.001552
     spin moment: {S} , |S| = {        0.0        0.0    0.00395 }     0.00395

SCF Convergence by DM criterion
max |DM_out - DM_in|         :     0.0004867389
max |H_out - H_in|      (eV) :     0.0015524192
SCF cycle converged after 97 iterations

Using DM_out to compute the final energy and forces
No. of atoms with KB's overlaping orbs in proc 0. Max # of overlaps:     120     739

siesta: E_KS(eV) =           -26873.8820

siesta: E_KS - E_eggbox =    -26873.8820

siesta: Atomic forces (eV/Ang):
     1   -0.134824    0.000000   -0.152143
     2    0.136515   -0.000000    0.151651
     3   -0.160674   -0.000000   -0.034987
     4    0.076173    0.000000   -0.058903
     5    0.056700    0.000000   -0.200685
     6   -0.059171    0.000000    0.199297
     7    0.156545    0.000000    0.036730
     8   -0.072321   -0.000000    0.059094
----------------------------------------
   Tot   -0.001056    0.000000    0.000054
----------------------------------------
   Max    0.200685
   Res    0.100116    sqrt( Sum f_i^2 / 3N )
----------------------------------------
   Max    0.200685    constrained

Stress tensor Voigt[x,y,z,yz,xz,xy] (kbar):       53.16       49.48       61.52       -0.00       -3.63       -0.00
(Free)E + p*V (eV/cell)   -26876.8824
Target enthalpy (eV/cell)   -26873.9031

siesta: Stress tensor (static) (eV/Ang**3):
         0.033180    0.000000   -0.002263
        -0.000000    0.030884    0.000000
        -0.002264   -0.000000    0.038400

siesta: Pressure (static):        -54.72207443  kBar

siesta: Stress tensor (total) (eV/Ang**3):
         0.033180    0.000000   -0.002263
        -0.000000    0.030884    0.000000
        -0.002264   -0.000000    0.038400

siesta: Pressure (total):        -54.72207443  kBar

cgvc: No target stress found, assuming hydrostatic MD.TargetPressure.

cgvc: Target stress (kBar)
cgvc:        -0.000       0.000       0.000
cgvc:         0.000      -0.000       0.000
cgvc:         0.000       0.000      -0.000

                     ====================================
                        Begin CG opt. move =      1
                     ====================================
k-point displ. along   2 input, could be:     0.00    0.50
k-point displ. along   3 input, could be:     0.00    0.50
 Kpoints in:           24 . Kpoints trimmed:           23

siesta: k-grid: Number of k-points = 23
siesta: k-points from Monkhorst-Pack grid
siesta: k-cutoff (effective) =     6.953 Ang
siesta: k-point supercell and displacements
siesta: k-grid:     3     0     0      0.000
siesta: k-grid:     0     6     0      0.000
siesta: k-grid:     0     0     2      0.000

superc: Internal auxiliary supercell:     5 x     9 x     5  =     225
superc: Number of atoms, orbitals, and projectors:   1800  45000  32400

outcell: Unit cell vectors (Ang):
        4.924868   -0.000000    0.003626
       -0.000000    2.464274   -0.000000
        0.005128   -0.000000    6.952987

outcell: Cell vector modules (Ang)   :    4.924869    2.464274    6.952989
outcell: Cell angles (23,13,12) (deg):     90.0000     89.9156     90.0000
outcell: Cell volume (Ang**3)        :     84.3830
<dSpData1D:S at geom step 1
  <sparsity:sparsity for geom step 1
    nrows_g=200 nrows=10 sparsity=1.1162 nnzs=44647, refcount: 7>
  <dData1D:(new from dSpData1D) n=44647, refcount: 1>
refcount: 1>
new_DM -- step:     2
Re-using DM from previous geometries...
Number of DMs in history: 1
 DM extrapolation coefficients: 
1   1.00000
New DM after history re-use:
<dSpData2D:SpM extrapolated using coords
  <sparsity:sparsity for geom step 1
    nrows_g=200 nrows=10 sparsity=1.1162 nnzs=44647, refcount: 9>
  <dData2D:(temp array for extrapolation) n=44647 m=2, refcount: 1>
refcount: 1>
No. of atoms with KB's overlaping orbs in proc 0. Max # of overlaps:     120     744

InitMesh: MESH = 54 x 30 x 80 = 129600
InitMesh: Mesh cutoff (required, used) =   300.000   332.278 Ry
New grid distribution [1]: sub = 2
New grid distribution [2]: sub = 2
New grid distribution [3]: sub = 2
Setting up quadratic distribution...

        iscf     Eharris(eV)        E_KS(eV)     FreeEng(eV)     dDmax    Ef(eV) dHmax(eV)
   scf:    1   -26864.329988   -26872.514298   -26872.531518  0.224059 -7.170148  4.063943
     spin moment: {S} , |S| = {        0.0        0.0    0.00086 }     0.00086
   scf:    2   -24508.266678   -26097.415625   -26097.431195  2.671882 -6.434997 97.091194
     spin moment: {S} , |S| = {        0.0        0.0    0.01693 }     0.01693
   scf:    3   -26908.596501   -26873.768907   -26873.789663  2.634722 -7.181389  1.514660
     spin moment: {S} , |S| = {        0.0        0.0    0.00191 }     0.00191
   scf:    4   -26873.958857   -26873.889611   -26873.909359  0.015860 -7.185623  0.659649
     spin moment: {S} , |S| = {        0.0        0.0    0.00217 }     0.00217
   scf:    5   -26873.850201   -26873.903874   -26873.922501  0.029680 -7.203066  0.689743
     spin moment: {S} , |S| = {        0.0        0.0    0.00021 }     0.00021
   scf:    6   -26873.908338   -26873.907750   -26873.925869  0.018658 -7.220401  0.638597
     spin moment: {S} , |S| = {        0.0        0.0    0.00360 }     0.00360
   scf:    7   -26873.931390   -26873.923492   -26873.941732  0.007887 -7.221817  0.181223
     spin moment: {S} , |S| = {        0.0        0.0    0.00128 }     0.00128
   scf:    8   -26873.924998   -26873.925381   -26873.943728  0.004038 -7.221045  0.057070
     spin moment: {S} , |S| = {        0.0        0.0    0.00129 }     0.00129
   scf:    9   -26873.925380   -26873.926308   -26873.944388  0.009160 -7.221112  0.185723
     spin moment: {S} , |S| = {        0.0        0.0    0.00086 }     0.00086
   scf:   10   -26873.929330   -26873.928227   -26873.946334  0.004016 -7.220994  0.052142
     spin moment: {S} , |S| = {        0.0        0.0    0.00086 }     0.00086
   scf:   11   -26873.933876   -26873.930812   -26873.948752  0.012106 -7.221274  0.038905
     spin moment: {S} , |S| = {        0.0        0.0    0.00035 }     0.00035
   scf:   12   -26873.941229   -26873.934792   -26873.952451  0.024299 -7.222111  0.033343
     spin moment: {S} , |S| = {        0.0        0.0    0.00017 }     0.00017
   scf:   13   -26873.941043   -26873.937049   -26873.954565  0.020799 -7.222756  0.024971
     spin moment: {S} , |S| = {        0.0        0.0   -0.00048 }    -0.00048
   scf:   14   -26873.941277   -26873.938403   -26873.955813  0.019151 -7.223280  0.041807
     spin moment: {S} , |S| = {        0.0        0.0   -0.00067 }    -0.00067
   scf:   15   -26873.939882   -26873.938917   -26873.956311  0.012034 -7.222853  0.011566
     spin moment: {S} , |S| = {        0.0        0.0   -0.00073 }    -0.00073
   scf:   16   -26873.939075   -26873.938983   -26873.956369  0.002917 -7.222887  0.013532
     spin moment: {S} , |S| = {        0.0        0.0   -0.00059 }    -0.00059
   scf:   17   -26873.939133   -26873.939045   -26873.956419  0.002654 -7.223011  0.007593
     spin moment: {S} , |S| = {        0.0        0.0   -0.00068 }    -0.00068
   scf:   18   -26873.939108   -26873.939074   -26873.956441  0.001282 -7.223098  0.006931
     spin moment: {S} , |S| = {        0.0        0.0   -0.00056 }    -0.00056
   scf:   19   -26873.939143   -26873.939104   -26873.956463  0.001461 -7.223244  0.003464
     spin moment: {S} , |S| = {        0.0        0.0   -0.00042 }    -0.00042
   scf:   20   -26873.939149   -26873.939122   -26873.956478  0.001741 -7.223243  0.002803
     spin moment: {S} , |S| = {        0.0        0.0   -0.00030 }    -0.00030
   scf:   21   -26873.939139   -26873.939128   -26873.956486  0.001335 -7.223153  0.002013
     spin moment: {S} , |S| = {        0.0        0.0   -0.00020 }    -0.00020
   scf:   22   -26873.939141   -26873.939132   -26873.956490  0.001277 -7.223114  0.001443
     spin moment: {S} , |S| = {        0.0        0.0   -0.00008 }    -0.00008
   scf:   23   -26873.939134   -26873.939133   -26873.956491  0.000504 -7.223100  0.001270
     spin moment: {S} , |S| = {        0.0        0.0   -0.00004 }    -0.00004
   scf:   24   -26873.939132   -26873.939132   -26873.956491  0.000066 -7.223096  0.001258
     spin moment: {S} , |S| = {        0.0        0.0    0.00000 }     0.00000

SCF Convergence by DM criterion
max |DM_out - DM_in|         :     0.0000661246
max |H_out - H_in|      (eV) :     0.0012579638
SCF cycle converged after 24 iterations

Using DM_out to compute the final energy and forces
No. of atoms with KB's overlaping orbs in proc 0. Max # of overlaps:     120     744

siesta: E_KS(eV) =           -26873.9391

siesta: Atomic forces (eV/Ang):
     1    0.066711    0.000000    0.084088
     2   -0.074206    0.000000   -0.083069
     3    0.066316   -0.000000   -0.084546
     4   -0.059192   -0.000000   -0.026807
     5   -0.108576   -0.000000    0.044592
     6    0.108043   -0.000000   -0.042013
     7   -0.072844   -0.000000    0.082336
     8    0.062571    0.000000    0.025006
----------------------------------------
   Tot   -0.011177   -0.000000   -0.000413
----------------------------------------
   Max    0.108576
   Res    0.058998    sqrt( Sum f_i^2 / 3N )
----------------------------------------
   Max    0.108576    constrained

Stress tensor Voigt[x,y,z,yz,xz,xy] (kbar):      -11.79      -14.63       -2.41        0.00       -1.59        0.00
(Free)E + p*V (eV/cell)   -26873.4504
Target enthalpy (eV/cell)   -26873.9565

siesta: Stress tensor (static) (eV/Ang**3):
        -0.007360   -0.000000   -0.000997
         0.000000   -0.009128   -0.000000
        -0.000993    0.000000   -0.001505

siesta: Pressure (static):          9.60959006  kBar

siesta: Stress tensor (total) (eV/Ang**3):
        -0.007360   -0.000000   -0.000997
         0.000000   -0.009128   -0.000000
        -0.000993    0.000000   -0.001505

siesta: Pressure (total):          9.60959006  kBar

                     ====================================
                        Begin CG opt. move =      2
                     ====================================
k-point displ. along   2 input, could be:     0.00    0.50
k-point displ. along   3 input, could be:     0.00    0.50
 Kpoints in:           24 . Kpoints trimmed:           23

siesta: k-grid: Number of k-points = 23
siesta: k-points from Monkhorst-Pack grid
siesta: k-cutoff (effective) =     6.968 Ang
siesta: k-point supercell and displacements
siesta: k-grid:     3     0     0      0.000
siesta: k-grid:     0     6     0      0.000
siesta: k-grid:     0     0     2      0.000

superc: Internal auxiliary supercell:     5 x     9 x     5  =     225
superc: Number of atoms, orbitals, and projectors:   1800  45000  32400

outcell: Unit cell vectors (Ang):
        4.933822   -0.000000    0.003015
       -0.000000    2.468441   -0.000000
        0.004265   -0.000000    6.967642

outcell: Cell vector modules (Ang)   :    4.933823    2.468441    6.967643
outcell: Cell angles (23,13,12) (deg):     90.0000     89.9299     90.0000
outcell: Cell volume (Ang**3)        :     84.8578
<dSpData1D:S at geom step 2
  <sparsity:sparsity for geom step 2
    nrows_g=200 nrows=10 sparsity=1.1081 nnzs=44325, refcount: 7>
  <dData1D:(new from dSpData1D) n=44325, refcount: 1>
refcount: 1>
new_DM -- step:     3
Re-using DM from previous geometries...
Number of DMs in history: 1
 DM extrapolation coefficients: 
1   1.00000
New DM after history re-use:
<dSpData2D:SpM extrapolated using coords
  <sparsity:sparsity for geom step 2
    nrows_g=200 nrows=10 sparsity=1.1081 nnzs=44325, refcount: 9>
  <dData2D:(temp array for extrapolation) n=44325 m=2, refcount: 1>
refcount: 1>
No. of atoms with KB's overlaping orbs in proc 0. Max # of overlaps:     120     743

InitMesh: MESH = 54 x 30 x 80 = 129600
InitMesh: Mesh cutoff (required, used) =   300.000   331.072 Ry
New grid distribution [1]: sub = 2
New grid distribution [2]: sub = 2
New grid distribution [3]: sub = 2
Setting up quadratic distribution...

        iscf     Eharris(eV)        E_KS(eV)     FreeEng(eV)     dDmax    Ef(eV) dHmax(eV)
   scf:    1   -26874.713623   -26873.881440   -26873.899116  0.035783 -7.215075  0.800667
     spin moment: {S} , |S| = {        0.0        0.0    0.00044 }     0.00044
   scf:    2   -26682.687780   -26810.775977   -26810.804787  0.521191 -7.174292 26.743691
     spin moment: {S} , |S| = {        0.0        0.0   -0.00728 }    -0.00728
   scf:    3   -26875.487854   -26873.938450   -26873.955970  0.512980 -7.214405  0.133179
     spin moment: {S} , |S| = {        0.0        0.0    0.00030 }     0.00030
   scf:    4   -26873.940113   -26873.939719   -26873.957250  0.003495 -7.213359  0.074574
     spin moment: {S} , |S| = {        0.0        0.0    0.00023 }     0.00023
   scf:    5   -26873.940018   -26873.940046   -26873.957624  0.001866 -7.211158  0.048226
     spin moment: {S} , |S| = {        0.0        0.0    0.00026 }     0.00026
   scf:    6   -26873.940151   -26873.940156   -26873.957842  0.003945 -7.207201  0.018925
     spin moment: {S} , |S| = {        0.0        0.0    0.00006 }     0.00006
   scf:    7   -26873.940174   -26873.940168   -26873.957858  0.000219 -7.207144  0.008375
     spin moment: {S} , |S| = {        0.0        0.0    0.00027 }     0.00027

SCF Convergence by DM criterion
max |DM_out - DM_in|         :     0.0002187167
max |H_out - H_in|      (eV) :     0.0083754530
SCF cycle converged after 7 iterations

Using DM_out to compute the final energy and forces
No. of atoms with KB's overlaping orbs in proc 0. Max # of overlaps:     120     743

siesta: E_KS(eV) =           -26873.9402

siesta: Atomic forces (eV/Ang):
     1    0.034056    0.000000    0.043596
     2   -0.040289    0.000000   -0.042526
     3    0.026138    0.000000   -0.096450
     4   -0.034031   -0.000000   -0.048304
     5   -0.082181   -0.000000   -0.005982
     6    0.079009   -0.000000    0.009119
     7   -0.036949   -0.000000    0.094624
     8    0.040682   -0.000000    0.045436
----------------------------------------
   Tot   -0.013566   -0.000000   -0.000487
----------------------------------------
   Max    0.096450
   Res    0.044311    sqrt( Sum f_i^2 / 3N )
----------------------------------------
   Max    0.096450    constrained

Stress tensor Voigt[x,y,z,yz,xz,xy] (kbar):        4.00        0.82       13.47       -0.00       -2.21        0.00
(Free)E + p*V (eV/cell)   -26874.2809
Target enthalpy (eV/cell)   -26873.9579

siesta: Stress tensor (static) (eV/Ang**3):
         0.002498    0.000000   -0.001391
         0.000000    0.000513   -0.000000
        -0.001382   -0.000000    0.008410

siesta: Pressure (static):         -6.09958639  kBar

siesta: Stress tensor (total) (eV/Ang**3):
         0.002498    0.000000   -0.001391
         0.000000    0.000513   -0.000000
        -0.001382   -0.000000    0.008410

siesta: Pressure (total):         -6.09958639  kBar

cgvc: Finished line minimization    1.  Mean atomic displacement =    0.0588

                     ====================================
                        Begin CG opt. move =      3
                     ====================================
k-point displ. along   2 input, could be:     0.00    0.50
k-point displ. along   3 input, could be:     0.00    0.50
 Kpoints in:           24 . Kpoints trimmed:           23

siesta: k-grid: Number of k-points = 23
siesta: k-points from Monkhorst-Pack grid
siesta: k-cutoff (effective) =     6.905 Ang
siesta: k-point supercell and displacements
siesta: k-grid:     3     0     0      0.000
siesta: k-grid:     0     6     0      0.000
siesta: k-grid:     0     0     2      0.000

superc: Internal auxiliary supercell:     5 x     9 x     5  =     225
superc: Number of atoms, orbitals, and projectors:   1800  45000  32400

outcell: Unit cell vectors (Ang):
        4.923027   -0.000000    0.010793
       -0.000000    2.468662    0.000000
        0.015264    0.000000    6.904797

outcell: Cell vector modules (Ang)   :    4.923039    2.468662    6.904814
outcell: Cell angles (23,13,12) (deg):     90.0000     89.7477     90.0000
outcell: Cell volume (Ang**3)        :     83.9156
<dSpData1D:S at geom step 3
  <sparsity:sparsity for geom step 3
    nrows_g=200 nrows=10 sparsity=1.1212 nnzs=44848, refcount: 7>
  <dData1D:(new from dSpData1D) n=44848, refcount: 1>
refcount: 1>
new_DM -- step:     4
Re-using DM from previous geometries...
Number of DMs in history: 1
 DM extrapolation coefficients: 
1   1.00000
New DM after history re-use:
<dSpData2D:SpM extrapolated using coords
  <sparsity:sparsity for geom step 3
    nrows_g=200 nrows=10 sparsity=1.1212 nnzs=44848, refcount: 9>
  <dData2D:(temp array for extrapolation) n=44848 m=2, refcount: 1>
refcount: 1>
No. of atoms with KB's overlaping orbs in proc 0. Max # of overlaps:     120     749

InitMesh: MESH = 54 x 30 x 72 = 116640
InitMesh: Mesh cutoff (required, used) =   300.000   300.519 Ry
New grid distribution [1]: sub = 2
New grid distribution [2]: sub = 2
New grid distribution [3]: sub = 2
Setting up quadratic distribution...

        iscf     Eharris(eV)        E_KS(eV)     FreeEng(eV)     dDmax    Ef(eV) dHmax(eV)
   scf:    1   -26864.627600   -26871.726766   -26871.747493  0.370974 -7.239407  5.561446
     spin moment: {S} , |S| = {        0.0        0.0    0.00897 }     0.00897
   scf:    2   -24210.676399   -26001.574095   -26001.586265  3.652107 -6.394785113.269931
     spin moment: {S} , |S| = {        0.0        0.0   -0.05664 }    -0.05664
   scf:    3   -26926.044593   -26873.389786   -26873.410774  3.584269 -7.246195  3.047454
     spin moment: {S} , |S| = {        0.0        0.0    0.00410 }     0.00410
   scf:    4   -26874.058102   -26873.834325   -26873.854267  0.040404 -7.246282  1.090342
     spin moment: {S} , |S| = {        0.0        0.0    0.00262 }     0.00262
   scf:    5   -26873.878534   -26873.857772   -26873.877606  0.003446 -7.247080  0.839971
     spin moment: {S} , |S| = {        0.0        0.0    0.00329 }     0.00329
   scf:    6   -26873.407980   -26873.778023   -26873.797310  0.039956 -7.257608  1.608081
     spin moment: {S} , |S| = {        0.0        0.0    0.00504 }     0.00504
   scf:    7   -26873.899723   -26873.845056   -26873.864297  0.015564 -7.263372  1.138554
     spin moment: {S} , |S| = {        0.0        0.0    0.00815 }     0.00815
   scf:    8   -26873.927205   -26873.902844   -26873.922156  0.019169 -7.264794  0.261664
     spin moment: {S} , |S| = {        0.0        0.0    0.00491 }     0.00491
   scf:    9   -26873.907878   -26873.905927   -26873.925262  0.003568 -7.264011  0.118877
     spin moment: {S} , |S| = {        0.0        0.0    0.00496 }     0.00496
   scf:   10   -26873.906107   -26873.906029   -26873.925326  0.002783 -7.263248  0.150386
     spin moment: {S} , |S| = {        0.0        0.0    0.00515 }     0.00515
   scf:   11   -26873.907340   -26873.907232   -26873.926540  0.004504 -7.262576  0.024478
     spin moment: {S} , |S| = {        0.0        0.0    0.00519 }     0.00519
   scf:   12   -26873.907531   -26873.907381   -26873.926665  0.001246 -7.262518  0.022236
     spin moment: {S} , |S| = {        0.0        0.0    0.00532 }     0.00532
   scf:   13   -26873.907813   -26873.907591   -26873.926838  0.001942 -7.262612  0.022464
     spin moment: {S} , |S| = {        0.0        0.0    0.00538 }     0.00538
   scf:   14   -26873.908901   -26873.908188   -26873.927316  0.005581 -7.263039  0.017181
     spin moment: {S} , |S| = {        0.0        0.0    0.00573 }     0.00573
   scf:   15   -26873.908924   -26873.908533   -26873.927584  0.003533 -7.263229  0.016179
     spin moment: {S} , |S| = {        0.0        0.0    0.00596 }     0.00596
   scf:   16   -26873.908984   -26873.908749   -26873.927749  0.002194 -7.263217  0.016152
     spin moment: {S} , |S| = {        0.0        0.0    0.00596 }     0.00596
   scf:   17   -26873.909782   -26873.909213   -26873.928096  0.004969 -7.263091  0.014798
     spin moment: {S} , |S| = {        0.0        0.0    0.00624 }     0.00624
   scf:   18   -26873.911060   -26873.909960   -26873.928617  0.008923 -7.262989  0.010006
     spin moment: {S} , |S| = {        0.0        0.0    0.00643 }     0.00643
   scf:   19   -26873.910689   -26873.910282   -26873.928822  0.004431 -7.262973  0.010660
     spin moment: {S} , |S| = {        0.0        0.0    0.00648 }     0.00648
   scf:   20   -26873.912047   -26873.910920   -26873.929173  0.010506 -7.263175  0.005871
     spin moment: {S} , |S| = {        0.0        0.0    0.00648 }     0.00648
   scf:   21   -26873.911664   -26873.911209   -26873.929292  0.006147 -7.263166  0.003775
     spin moment: {S} , |S| = {        0.0        0.0    0.00637 }     0.00637
   scf:   22   -26873.911592   -26873.911364   -26873.929335  0.004223 -7.263102  0.003118
     spin moment: {S} , |S| = {        0.0        0.0    0.00631 }     0.00631
   scf:   23   -26873.911523   -26873.911433   -26873.929346  0.002262 -7.262951  0.002338
     spin moment: {S} , |S| = {        0.0        0.0    0.00621 }     0.00621
   scf:   24   -26873.911473   -26873.911452   -26873.929349  0.000663 -7.262882  0.002158
     spin moment: {S} , |S| = {        0.0        0.0    0.00612 }     0.00612
   scf:   25   -26873.911458   -26873.911455   -26873.929351  0.000155 -7.262801  0.001410
     spin moment: {S} , |S| = {        0.0        0.0    0.00595 }     0.00595

SCF Convergence by DM criterion
max |DM_out - DM_in|         :     0.0001548127
max |H_out - H_in|      (eV) :     0.0014099915
SCF cycle converged after 25 iterations

Using DM_out to compute the final energy and forces
No. of atoms with KB's overlaping orbs in proc 0. Max # of overlaps:     120     749

siesta: E_KS(eV) =           -26873.9115

siesta: Atomic forces (eV/Ang):
     1   -0.168173    0.000000   -0.182794
     2    0.177556   -0.000000    0.185842
     3   -0.129402    0.000000    0.428893
     4    0.073800    0.000001    0.359504
     5    0.266824   -0.000000   -0.128470
     6   -0.260423   -0.000001    0.109634
     7    0.159671   -0.000000   -0.413129
     8   -0.117746    0.000000   -0.362505
----------------------------------------
   Tot    0.002108    0.000000   -0.003025
----------------------------------------
   Max    0.428893
   Res    0.201259    sqrt( Sum f_i^2 / 3N )
----------------------------------------
   Max    0.428893    constrained

Stress tensor Voigt[x,y,z,yz,xz,xy] (kbar):      -28.47      -13.07      -14.48       -0.00        1.54       -0.00
(Free)E + p*V (eV/cell)   -26872.9512
Target enthalpy (eV/cell)   -26873.9294

siesta: Stress tensor (static) (eV/Ang**3):
        -0.017769   -0.000000    0.000957
        -0.000000   -0.008160   -0.000000
         0.000961   -0.000000   -0.009038

siesta: Pressure (static):         18.67498608  kBar

siesta: Stress tensor (total) (eV/Ang**3):
        -0.017769   -0.000000    0.000957
        -0.000000   -0.008160   -0.000000
         0.000961   -0.000000   -0.009038

siesta: Pressure (total):         18.67498608  kBar

                     ====================================
                        Begin CG opt. move =      4
                     ====================================
k-point displ. along   2 input, could be:     0.00    0.50
k-point displ. along   3 input, could be:     0.00    0.50
 Kpoints in:           24 . Kpoints trimmed:           23

siesta: k-grid: Number of k-points = 23
siesta: k-points from Monkhorst-Pack grid
siesta: k-cutoff (effective) =     6.953 Ang
siesta: k-point supercell and displacements
siesta: k-grid:     3     0     0      0.000
siesta: k-grid:     0     6     0      0.000
siesta: k-grid:     0     0     2      0.000

superc: Internal auxiliary supercell:     5 x     9 x     5  =     225
superc: Number of atoms, orbitals, and projectors:   1800  45000  32400

outcell: Unit cell vectors (Ang):
        4.931359   -0.000000    0.004790
       -0.000000    2.468492    0.000000
        0.006774    0.000000    6.953304

outcell: Cell vector modules (Ang)   :    4.931362    2.468492    6.953308
outcell: Cell angles (23,13,12) (deg):     90.0000     89.8885     90.0000
outcell: Cell volume (Ang**3)        :     84.6426
<dSpData1D:S at geom step 4
  <sparsity:sparsity for geom step 4
    nrows_g=200 nrows=10 sparsity=1.1087 nnzs=44350, refcount: 7>
  <dData1D:(new from dSpData1D) n=44350, refcount: 1>
refcount: 1>
new_DM -- step:     5
Re-using DM from previous geometries...
Number of DMs in history: 1
 DM extrapolation coefficients: 
1   1.00000
New DM after history re-use:
<dSpData2D:SpM extrapolated using coords
  <sparsity:sparsity for geom step 4
    nrows_g=200 nrows=10 sparsity=1.1087 nnzs=44350, refcount: 9>
  <dData2D:(temp array for extrapolation) n=44350 m=2, refcount: 1>
refcount: 1>
No. of atoms with KB's overlaping orbs in proc 0. Max # of overlaps:     120     744

InitMesh: MESH = 54 x 30 x 80 = 129600
InitMesh: Mesh cutoff (required, used) =   300.000   331.404 Ry
New grid distribution [1]: sub = 2
New grid distribution [2]: sub = 2
New grid distribution [3]: sub = 2
Setting up quadratic distribution...

        iscf     Eharris(eV)        E_KS(eV)     FreeEng(eV)     dDmax    Ef(eV) dHmax(eV)
   scf:    1   -26871.915411   -26872.686685   -26872.705028  0.145595 -7.228646  4.249217
     spin moment: {S} , |S| = {        0.0        0.0    0.00001 }     0.00001
   scf:    2   -23019.362200   -25602.079448   -25602.102533  1.984634 -6.505577136.623195
     spin moment: {S} , |S| = {        0.0        0.0   -0.07064 }    -0.07064
   scf:    3   -26895.337751   -26873.595328   -26873.612443  2.007062 -7.223884  2.207733
     spin moment: {S} , |S| = {        0.0        0.0    0.00504 }     0.00504
   scf:    4   -26874.024016   -26873.874924   -26873.891952  0.038168 -7.225350  0.929097
     spin moment: {S} , |S| = {        0.0        0.0    0.00223 }     0.00223
   scf:    5   -26873.821658   -26873.849384   -26873.866422  0.004639 -7.225730  1.117973
     spin moment: {S} , |S| = {        0.0        0.0    0.00184 }     0.00184
   scf:    6   -26873.810636   -26873.918301   -26873.935375  0.048552 -7.221957  0.525187
     spin moment: {S} , |S| = {        0.0        0.0    0.00101 }     0.00101
   scf:    7   -26873.930953   -26873.924973   -26873.942051  0.002711 -7.221829  0.431138
     spin moment: {S} , |S| = {        0.0        0.0    0.00231 }     0.00231
   scf:    8   -26873.939934   -26873.939840   -26873.956991  0.009689 -7.219066  0.047087
     spin moment: {S} , |S| = {        0.0        0.0    0.00181 }     0.00181
   scf:    9   -26873.939068   -26873.939580   -26873.956740  0.002123 -7.219006  0.080897
     spin moment: {S} , |S| = {        0.0        0.0    0.00184 }     0.00184
   scf:   10   -26873.940490   -26873.940115   -26873.957277  0.002286 -7.219326  0.036192
     spin moment: {S} , |S| = {        0.0        0.0    0.00165 }     0.00165
   scf:   11   -26873.940799   -26873.940483   -26873.957657  0.003333 -7.219805  0.018903
     spin moment: {S} , |S| = {        0.0        0.0    0.00146 }     0.00146
   scf:   12   -26873.940674   -26873.940576   -26873.957761  0.001111 -7.219803  0.018298
     spin moment: {S} , |S| = {        0.0        0.0    0.00136 }     0.00136
   scf:   13   -26873.941666   -26873.941040   -26873.958294  0.005978 -7.219511  0.015197
     spin moment: {S} , |S| = {        0.0        0.0    0.00104 }     0.00104
   scf:   14   -26873.941422   -26873.941216   -26873.958503  0.002691 -7.219317  0.014775
     spin moment: {S} , |S| = {        0.0        0.0    0.00088 }     0.00088
   scf:   15   -26873.941726   -26873.941441   -26873.958770  0.003644 -7.219111  0.013197
     spin moment: {S} , |S| = {        0.0        0.0    0.00064 }     0.00064
   scf:   16   -26873.941674   -26873.941549   -26873.958902  0.001889 -7.219036  0.012642
     spin moment: {S} , |S| = {        0.0        0.0    0.00067 }     0.00067
   scf:   17   -26873.942536   -26873.941916   -26873.959349  0.007248 -7.218838  0.010138
     spin moment: {S} , |S| = {        0.0        0.0    0.00037 }     0.00037
   scf:   18   -26873.942877   -26873.942226   -26873.959737  0.008297 -7.218910  0.007628
     spin moment: {S} , |S| = {        0.0        0.0    0.00004 }     0.00004
   scf:   19   -26873.942661   -26873.942364   -26873.959929  0.005542 -7.218917  0.007290
     spin moment: {S} , |S| = {        0.0        0.0   -0.00009 }    -0.00009
   scf:   20   -26873.942637   -26873.942436   -26873.960051  0.004843 -7.218937  0.005490
     spin moment: {S} , |S| = {        0.0        0.0   -0.00008 }    -0.00008
   scf:   21   -26873.942592   -26873.942453   -26873.960122  0.004675 -7.218793  0.003594
     spin moment: {S} , |S| = {        0.0        0.0   -0.00009 }    -0.00009
   scf:   22   -26873.942449   -26873.942448   -26873.960131  0.000990 -7.218744  0.002927
     spin moment: {S} , |S| = {        0.0        0.0    0.00005 }     0.00005
   scf:   23   -26873.942445   -26873.942446   -26873.960137  0.000428 -7.218738  0.002500
     spin moment: {S} , |S| = {        0.0        0.0    0.00016 }     0.00016

SCF Convergence by DM criterion
max |DM_out - DM_in|         :     0.0004277911
max |H_out - H_in|      (eV) :     0.0025003384
SCF cycle converged after 23 iterations

Using DM_out to compute the final energy and forces
No. of atoms with KB's overlaping orbs in proc 0. Max # of overlaps:     120     744

siesta: E_KS(eV) =           -26873.9424

siesta: Atomic forces (eV/Ang):
     1   -0.012168   -0.000000   -0.026006
     2    0.010309    0.000000    0.029385
     3   -0.014252   -0.000000    0.022057
     4   -0.004586    0.000000    0.052031
     5    0.006040   -0.000000   -0.033760
     6   -0.000803   -0.000000    0.031265
     7    0.014275   -0.000000   -0.019956
     8   -0.003373   -0.000000   -0.055251
----------------------------------------
   Tot   -0.004558   -0.000000   -0.000235
----------------------------------------
   Max    0.055251
   Res    0.021440    sqrt( Sum f_i^2 / 3N )
----------------------------------------
   Max    0.055251    constrained

Stress tensor Voigt[x,y,z,yz,xz,xy] (kbar):       -3.93       -4.07        4.62        0.00       -1.46        0.00
(Free)E + p*V (eV/cell)   -26873.9005
Target enthalpy (eV/cell)   -26873.9601

siesta: Stress tensor (static) (eV/Ang**3):
        -0.002451    0.000000   -0.000905
         0.000000   -0.002543   -0.000000
        -0.000909    0.000000    0.002882

siesta: Pressure (static):          1.12800652  kBar

siesta: Stress tensor (total) (eV/Ang**3):
        -0.002451    0.000000   -0.000905
         0.000000   -0.002543   -0.000000
        -0.000909    0.000000    0.002882

siesta: Pressure (total):          1.12800652  kBar

cgvc: Finished line minimization    2.  Mean atomic displacement =    0.0134

                     ====================================
                        Begin CG opt. move =      5
                     ====================================
k-point displ. along   2 input, could be:     0.00    0.50
k-point displ. along   3 input, could be:     0.00    0.50
 Kpoints in:           24 . Kpoints trimmed:           23

siesta: k-grid: Number of k-points = 23
siesta: k-points from Monkhorst-Pack grid
siesta: k-cutoff (effective) =     6.934 Ang
siesta: k-point supercell and displacements
siesta: k-grid:     3     0     0      0.000
siesta: k-grid:     0     6     0      0.000
siesta: k-grid:     0     0     2      0.000

superc: Internal auxiliary supercell:     5 x     9 x     5  =     225
superc: Number of atoms, orbitals, and projectors:   1800  45000  32400

outcell: Unit cell vectors (Ang):
        4.935649   -0.000000    0.008131
       -0.000000    2.471584    0.000000
        0.011499    0.000000    6.934129

outcell: Cell vector modules (Ang)   :    4.935656    2.471584    6.934139
outcell: Cell angles (23,13,12) (deg):     90.0000     89.8106     90.0000
outcell: Cell volume (Ang**3)        :     84.5883
<dSpData1D:S at geom step 5
  <sparsity:sparsity for geom step 5
    nrows_g=200 nrows=10 sparsity=1.1059 nnzs=44238, refcount: 7>
  <dData1D:(new from dSpData1D) n=44238, refcount: 1>
refcount: 1>
new_DM -- step:     6
Re-using DM from previous geometries...
Number of DMs in history: 1
 DM extrapolation coefficients: 
1   1.00000
New DM after history re-use:
<dSpData2D:SpM extrapolated using coords
  <sparsity:sparsity for geom step 5
    nrows_g=200 nrows=10 sparsity=1.1059 nnzs=44238, refcount: 9>
  <dData2D:(temp array for extrapolation) n=44238 m=2, refcount: 1>
refcount: 1>
No. of atoms with KB's overlaping orbs in proc 0. Max # of overlaps:     120     745

InitMesh: MESH = 54 x 30 x 80 = 129600
InitMesh: Mesh cutoff (required, used) =   300.000   330.830 Ry
New grid distribution [1]: sub = 2
New grid distribution [2]: sub = 2
New grid distribution [3]: sub = 2
Setting up quadratic distribution...

        iscf     Eharris(eV)        E_KS(eV)     FreeEng(eV)     dDmax    Ef(eV) dHmax(eV)
   scf:    1   -26873.769495   -26873.936470   -26873.953914  0.222968 -7.221431  0.349191
     spin moment: {S} , |S| = {        0.0        0.0    0.00125 }     0.00125
   scf:    2   -26860.809235   -26869.614921   -26869.639325  0.273174 -7.226116  9.933062
     spin moment: {S} , |S| = {        0.0        0.0   -0.03503 }    -0.03503
   scf:    3   -26874.091861   -26873.942999   -26873.960481  0.264044 -7.222417  0.056789
     spin moment: {S} , |S| = {        0.0        0.0    0.00050 }     0.00050
   scf:    4   -26873.943135   -26873.943131   -26873.960618  0.001331 -7.222443  0.022676
     spin moment: {S} , |S| = {        0.0        0.0    0.00002 }     0.00002
   scf:    5   -26873.943239   -26873.943192   -26873.960675  0.000417 -7.222645  0.010925
     spin moment: {S} , |S| = {        0.0        0.0    0.00015 }     0.00015

SCF Convergence by DM criterion
max |DM_out - DM_in|         :     0.0004169114
max |H_out - H_in|      (eV) :     0.0109251958
SCF cycle converged after 5 iterations

Using DM_out to compute the final energy and forces
No. of atoms with KB's overlaping orbs in proc 0. Max # of overlaps:     120     745

siesta: E_KS(eV) =           -26873.9432

siesta: Atomic forces (eV/Ang):
     1   -0.011903   -0.000001    0.009162
     2    0.013952    0.000001   -0.009962
     3   -0.023737    0.000001    0.029699
     4    0.012294   -0.000001    0.006468
     5    0.031822   -0.000000    0.012025
     6   -0.030270   -0.000000   -0.014901
     7    0.021564   -0.000000   -0.028126
     8   -0.018164    0.000000    0.000242
----------------------------------------
   Tot   -0.004441   -0.000001    0.004607
----------------------------------------
   Max    0.031822
   Res    0.015863    sqrt( Sum f_i^2 / 3N )
----------------------------------------
   Max    0.031822    constrained

Stress tensor Voigt[x,y,z,yz,xz,xy] (kbar):       -4.87       -2.72       -1.81        0.00        0.68       -0.00
(Free)E + p*V (eV/cell)   -26873.7954
Target enthalpy (eV/cell)   -26873.9607

siesta: Stress tensor (static) (eV/Ang**3):
        -0.003038   -0.000000    0.000437
        -0.000000   -0.001696    0.000000
         0.000424    0.000000   -0.001128

siesta: Pressure (static):          3.13096264  kBar

siesta: Stress tensor (total) (eV/Ang**3):
        -0.003038   -0.000000    0.000437
        -0.000000   -0.001696    0.000000
         0.000424    0.000000   -0.001128

siesta: Pressure (total):          3.13096264  kBar

outcoor: Relaxed atomic coordinates (fractional):           
    0.74851770    0.49999999    0.24866515   1       1  Ni
    0.50129448    0.00000000    0.50141668   1       2  Ni
   -0.00213199   -0.00000000   -0.00167955   2       3  Mn
    0.50013197    0.00000001   -0.00045738   2       4  Mn
    0.24890277    0.50000000    0.24709584   2       5  Mn
    0.00112756   -0.00000002    0.50289657   2       6  Mn
    0.25179287    0.50000000    0.75170674   2       7  Mn
    0.74987035    0.50000000    0.75034272   2       8  Mn

outcell: Unit cell vectors (Ang):
        4.935649   -0.000000    0.008131
       -0.000000    2.471584    0.000000
        0.011499    0.000000    6.934129

outcell: Cell vector modules (Ang)   :    4.935656    2.471584    6.934139
outcell: Cell angles (23,13,12) (deg):     90.0000     89.8106     90.0000
outcell: Cell volume (Ang**3)        :     84.5883

coxmol: Writing XMOL coordinates into file hea.xyz                                                                                                                                                                                                                             
Writing WFSX for COOP/COHP in hea.fullBZ.WFSX

diag: Algorithm                                     = D&C
diag: Parallel over k                               =   F
diag: Use parallel 2D distribution                  =   T
diag: Parallel block-size                           = 5
diag: Parallel distribution                         =     6 x     6
diag: Used triangular part                          = Lower
diag: Absolute tolerance                            =  0.100E-15
diag: Orthogonalization factor                      =  0.100E-05
diag: Memory factor                                 =  1.0000

diag: Algorithm                                     = D&C
diag: Parallel over k                               =   F
diag: Use parallel 2D distribution                  =   T
diag: Parallel block-size                           = 5
diag: Parallel distribution                         =     6 x     6
diag: Used triangular part                          = Lower
diag: Absolute tolerance                            =  0.100E-15
diag: Orthogonalization factor                      =  0.100E-05
diag: Memory factor                                 =  1.0000

siesta: PDOS info
siesta: E1 -- E2, sigma [eV], nhist:  -20.000 --   20.000    0.100 1000

diag: Algorithm                                     = D&C
diag: Parallel over k                               =   F
diag: Use parallel 2D distribution                  =   T
diag: Parallel block-size                           = 5
diag: Parallel distribution                         =     6 x     6
diag: Used triangular part                          = Lower
diag: Absolute tolerance                            =  0.100E-15
diag: Orthogonalization factor                      =  0.100E-05
diag: Memory factor                                 =  1.0000

siesta: Program's energy decomposition (eV):
siesta: Ebs     =     -4920.199751
siesta: Eions   =     35645.331871
siesta: Ena     =      3229.781884
siesta: Ekin    =     12100.495463
siesta: Enl     =     -2570.581541
siesta: Eso     =         0.000000
siesta: Edftu   =         0.000000
siesta: DEna    =       118.362334
siesta: DUscf   =         1.829868
siesta: DUext   =         0.000000
siesta: Ex      =     -3868.266546
siesta: Ec      =      -240.232784
siesta: Exc     =     -4108.499330
siesta: EbV     =         0.000000
siesta: eta*DQ  =         0.000000
siesta: Emadel  =         0.000000
siesta: Emeta   =         0.000000
siesta: Emolmec =         0.000000
siesta: Ekinion =         0.000000
siesta: Eharris =    -26873.943239
siesta: Etot    =    -26873.943192
siesta: FreeEng =    -26873.960675

siesta: Final energy (eV):
siesta:  Band Struct. =   -4920.199751
siesta:       Kinetic =   12100.495463
siesta:       Hartree =    6312.285785
siesta:         Edftu =       0.000000
siesta:       Eso     =       0.000000
siesta:    Ext. field =       0.000000
siesta:         Exch. =   -3868.266546
siesta:         Corr. =    -240.232784
siesta:     Bulk bias =       0.000000
siesta:   Exch.-corr. =   -4108.499330
siesta:  Ion-electron =  -25821.036436
siesta:       Ion-ion =  -15357.188674
siesta:       Ekinion =       0.000000
siesta: D3 dispersion =       0.000000
siesta:         Total =  -26873.943192
siesta:         Fermi =      -7.222645

siesta: Stress tensor (static) (eV/Ang**3):
siesta:    -0.003038   -0.000000    0.000437
siesta:    -0.000000   -0.001696    0.000000
siesta:     0.000424    0.000000   -0.001128

siesta: Constrained stress tensor (static) (eV/Ang**3):
siesta:    -0.003038   -0.000000    0.000430
siesta:    -0.000000   -0.001696    0.000000
siesta:     0.000430    0.000000   -0.001128

siesta: Cell volume =         84.588327 Ang**3

siesta: Pressure (static):
siesta:                Solid            Molecule  Units
siesta:           0.00002128          0.00002901  Ry/Bohr**3
siesta:           0.00195419          0.00266361  eV/Ang**3
siesta:           3.13096264          4.26757932  kBar
(Free)E+ p_basis*V_orbitals  =      -26847.759306
(Free)Eharris+ p_basis*V_orbitals  =      -26847.759352

mulliken: Atomic and Orbital Populations:

mulliken: Spin UP 

Species: Ni                  
Atom  Qatom  Qorb
               3s      4s      4s      4s      3py     3pz     3px     4py     
               4pz     4px     3dxy    3dyz    3dz2    3dxz    3dx2-y2 3dxy    
               3dyz    3dz2    3dxz    3dx2-y2 3dxy    3dyz    3dz2    3dxz    
               3dx2-y2 
   1  8.993   0.986  -0.072   0.056   0.128   0.998   0.997   0.997   0.199
              0.200   0.209   1.175   1.164   1.113   1.171   1.072  -0.060

             -0.066  -0.060  -0.061  -0.058  -0.206  -0.240  -0.187  -0.247

             -0.214
   2  9.062   0.986   0.030   0.025   0.109   0.998   0.997   0.997   0.186
              0.191   0.205   1.129   1.149   1.179   1.098   1.186  -0.058

             -0.061  -0.055  -0.057  -0.056  -0.192  -0.235  -0.217  -0.221

             -0.252

Species: Mn                  
Atom  Qatom  Qorb
               3s      4s      4s      4s      3py     3pz     3px     4py     
               4pz     4px     3dxy    3dyz    3dz2    3dxz    3dx2-y2 3dxy    
               3dyz    3dz2    3dxz    3dx2-y2 3dxy    3dyz    3dz2    3dxz    
               3dx2-y2 
   3  7.155   0.982   0.203   0.037  -0.085   0.989   0.990   0.990   0.155
              0.160   0.159   0.605   0.884   0.649   0.899   1.047  -0.050

             -0.086  -0.055  -0.089  -0.115  -0.130  -0.267  -0.144  -0.267

             -0.307
   4  6.833   0.978   0.055   0.074  -0.037   0.989   0.990   0.990   0.148
              0.144   0.143   0.543   0.863   0.566   0.779   1.013  -0.046

             -0.084  -0.048  -0.074  -0.113  -0.119  -0.264  -0.123  -0.235

             -0.301
   5  8.485   0.996  -0.133   0.127   0.048   0.992   0.993   0.994   0.188
              0.185   0.187   1.208   1.280   1.100   1.283   1.164  -0.093

             -0.122  -0.078  -0.122  -0.097  -0.290  -0.368  -0.260  -0.355

             -0.342
   6  6.372   0.974  -0.002   0.099  -0.032   0.990   0.990   0.991   0.137
              0.130   0.122   0.456   0.765   0.427   0.749   0.765  -0.041

             -0.073  -0.039  -0.077  -0.074  -0.088  -0.240  -0.088  -0.219

             -0.250
   7  7.975   0.990   0.113   0.062  -0.059   0.990   0.991   0.990   0.183
              0.183   0.182   0.992   1.191   0.890   1.190   1.040  -0.081

             -0.120  -0.069  -0.121  -0.096  -0.255  -0.351  -0.209  -0.353

             -0.297
   8  8.125   0.992  -0.044   0.100   0.011   0.991   0.992   0.991   0.179
              0.182   0.182   1.085   1.236   0.963   1.239   1.079  -0.088

             -0.125  -0.075  -0.126  -0.099  -0.283  -0.363  -0.227  -0.359

             -0.310

mulliken: Qtot =       63.000

mulliken: Spin DOWN 

Species: Ni                  
Atom  Qatom  Qorb
               3s      4s      4s      4s      3py     3pz     3px     4py     
               4pz     4px     3dxy    3dyz    3dz2    3dxz    3dx2-y2 3dxy    
               3dyz    3dz2    3dxz    3dx2-y2 3dxy    3dyz    3dz2    3dxz    
               3dx2-y2 
   1  9.062   0.986   0.033   0.023   0.109   0.998   0.997   0.997   0.186
              0.191   0.205   1.129   1.149   1.177   1.098   1.184  -0.058

             -0.061  -0.054  -0.057  -0.055  -0.192  -0.235  -0.216  -0.221

             -0.251
   2  8.993   0.986  -0.076   0.058   0.129   0.998   0.997   0.997   0.199
              0.200   0.208   1.176   1.165   1.114   1.171   1.074  -0.060

             -0.066  -0.061  -0.061  -0.059  -0.206  -0.240  -0.188  -0.247

             -0.215

Species: Mn                  
Atom  Qatom  Qorb
               3s      4s      4s      4s      3py     3pz     3px     4py     
               4pz     4px     3dxy    3dyz    3dz2    3dxz    3dx2-y2 3dxy    
               3dyz    3dz2    3dxz    3dx2-y2 3dxy    3dyz    3dz2    3dxz    
               3dx2-y2 
   3  7.973   0.991   0.115   0.061  -0.059   0.990   0.991   0.991   0.183
              0.183   0.181   0.991   1.190   0.889   1.191   1.039  -0.081

             -0.120  -0.069  -0.121  -0.097  -0.255  -0.351  -0.208  -0.353

             -0.296
   4  8.127   0.992  -0.040   0.099   0.010   0.991   0.992   0.991   0.179
              0.183   0.182   1.086   1.236   0.964   1.239   1.078  -0.088

             -0.125  -0.075  -0.126  -0.099  -0.283  -0.363  -0.227  -0.359

             -0.308
   5  6.372   0.974  -0.005   0.101  -0.031   0.990   0.990   0.991   0.137
              0.130   0.122   0.456   0.765   0.428   0.749   0.768  -0.041

             -0.073  -0.039  -0.077  -0.074  -0.088  -0.240  -0.089  -0.219

             -0.253
   6  8.484   0.996  -0.130   0.126   0.047   0.992   0.993   0.993   0.188
              0.185   0.187   1.208   1.280   1.099   1.283   1.161  -0.094

             -0.122  -0.078  -0.122  -0.097  -0.290  -0.368  -0.259  -0.355

             -0.340
   7  7.153   0.982   0.201   0.038  -0.085   0.989   0.990   0.989   0.155
              0.160   0.160   0.605   0.884   0.648   0.899   1.048  -0.050

             -0.086  -0.054  -0.089  -0.115  -0.131  -0.267  -0.144  -0.267

             -0.309
   8  6.835   0.978   0.052   0.076  -0.035   0.990   0.990   0.989   0.148
              0.144   0.143   0.545   0.864   0.568   0.780   1.016  -0.046

             -0.085  -0.048  -0.074  -0.113  -0.120  -0.264  -0.124  -0.235

             -0.304

mulliken: Qtot =       63.000

Mulliken Atomic Populations:
Atom #   charge [q] valence [e]      Sz [e]  Species
     1    -0.054908   18.054908   -0.069395  Ni
     2    -0.055154   18.055154    0.069084  Ni
     3    -0.128252   15.128252   -0.818304  Mn
     4     0.040013   14.959987   -1.294100  Mn
     5     0.142589   14.857411    2.112858  Mn
     6     0.143344   14.856656   -2.112066  Mn
     7    -0.127693   15.127693    0.822608  Mn
     8     0.040061   14.959939    1.289469  Mn
-------------------------------------------
 Total    -0.000000                0.000154

cite: Please indicate the Siesta version in published work: 5.2.2
cite: This calculation has made use of features in the following articles
cite: which we encourage you to cite in published work.
cite: (Please see "hea.bib" for a BibTeX file.)
        Primary SIESTA paper
          DOI: www.doi.org/10.1088/0953-8984/14/11/302
        PSML pseudopotential format
          DOI: www.doi.org/10.1016/j.cpc.2018.02.011


>> End of run:   1-AUG-2025   6:59:47
Job completed
