Executable      : /home/users/felipegc/woltsoft/SIESTA/siesta-5.2.2/build/bin/siesta
Version         : 5.2.2
Architecture    : x86_64
Compiler version: GNU-9.3.0
Compiler flags  : -O3 -march=native
Parallelisations: MPI
Lua support
Native ELPA support
ELSI support. Solvers:
   ELPA (internal) 
   NTPoly
   OMM
DFT-D3 support
Wannier90 wrapper support

Runtime information:
* Directory : /home/users/felipegc/MnGaNi/top/structure_calc_289
* Running on 36 nodes in parallel.
>> Start of run:  19-JUN-2025  10:24:12

                           *********************** 
                           *  WELCOME TO SIESTA  * 
                           *********************** 

 NOTE: Siesta V5 introduces some new defaults for basis-set generation
 NOTE: which might lead to slightly different numerical results.
 NOTE: Please see the manual for full details and compatibility measures.


reinit: Reading from standard input
reinit: Dumping input in INPUT_TMP.08101
************************** Dump of input data file ****************************
SystemName          hea
SystemLabel         hea
Reparametrize.Pseudos T
Restricted.Radial.Grid F
%include atoms.fdf
MaxSCFIterations     20000
SCF.Mix              Hamiltonian
SCF.Mixer.Method     Broyden
#SCF.Mixer.Variant    original #Pulay original
SCF.Mixer.History    8
SCF.Mixer.Weight     0.07
SCF.H.Converge       False
SCF.DM.Converge      True
SCF.DM.Tolerance     5.d-4
SCF.H.Tolerance      5.d-3 eV
MeshCutoff 300.0 Ry
MD.UseSaveCG         False
DM.UseSaveDM         False
NumberOfEigenStates -20
ElectronicTemperature 300 K
WriteCoorXmol        True
XC.Functional     GGA
XC.authors        PBEsol
SpinPolarized      True
SolutionMethod       diagon
#Diag.Algorithm        MRRR
###################################
###################################
# Full template for Basis param.
###################################
###################################
Basis.Pressure 0.3 GPa
PAO.SoftDefault T
PAO.SoftPotential 50.0 Ry
PAO.SoftInnerRadius 0.70
PAO.BasisType split
PAO.EnergyShift 0.0019 eV
PAO.BasisSize TZP
PAO.SplitTailNorm T
            %block kgrid_Monkhorst_Pack
            6  0  0  0.
            0  6  0  0.
            0  0  1  0.
            %endblock kgrid_Monkhorst_Pack
            MD.TypeOfRun CG
            MD.Steps         500
            MD.VariableCell true
            MD.MaxForceTol 0.05 eV/Ang
            WriteMDHistory true
            WriteForces true
            Write.OrbitalIndex true
            Charge.Mulliken end
            COOP.Write true
            %block ProjectedDensityOfStates
            -20.00 20.00 0.1 1000 eV
            %endblock ProjectedDensityOfStates
************************** End of input data file *****************************

reinit: -----------------------------------------------------------------------
reinit: System Name: hea
reinit: -----------------------------------------------------------------------
reinit: System Label: hea
reinit: -----------------------------------------------------------------------

NOTE on units for spin output: 
{S} is the spin magnetic moment, in units of the Bohr magneton,
assuming a g-factor for the electron spin of exactly 2.
The spin magnetic moment is then numerically equal to the charge inbalance,
in units of electrons, between the spin-up and -down channels.


initatom: Reading input for the pseudopotentials and atomic orbitals ----------
Species number:   1 Atomic number:   28 Label: Ni
Species number:   2 Atomic number:   25 Label: Mn

Ground state valence configuration (from tables):   4s02  4p00  3d08  4f00
Ground state valence configuration (from tables):   4s02  4p00  3d05  4f00

---- Processing specs for species: Ni
Reading pseudopotential information in PSML from:
  Ni.psml
PSML file version: 1.1
Using libxc ids:  101 130
GGA--PBE XC_GGA_X_PBE--XC_GGA_C_PBE pb
PSML uuid: 020bdba0-be42-11e7-6ded-a592ddfb3399
Semicore shell(s) with  8 electrons included in the valence for Ni

---- Processing specs for species: Mn
Reading pseudopotential information in PSML from:
  Mn.psml
PSML file version: 1.1
Using libxc ids:  101 130
GGA--PBE XC_GGA_X_PBE--XC_GGA_C_PBE pb
PSML uuid: e5ebd880-be41-11e7-659b-074ddfc7bd15
Semicore shell(s) with  8 electrons included in the valence for Mn

---- Pseudopotential check for Ni

Pseudized shells:
3s( 2.00) rc: 1.26
3p( 6.00) rc: 1.35
3d( 8.00) rc: 1.66
Valence configuration for ps generation: 3s:3p:3d:4s: Total charge:  18.000000
Semicore shell(s): 3s 3p
Fallback to non-perturbative polarization scheme for Ni
Please see the manual if this is not desired in principle

---- Pseudopotential check for Mn

Pseudized shells:
3s( 2.00) rc: 1.41
3p( 6.00) rc: 1.21
3d( 5.00) rc: 1.61
Valence configuration for ps generation: 3s:3p:3d:4s: Total charge:  15.000000
Semicore shell(s): 3s 3p
Fallback to non-perturbative polarization scheme for Mn
Please see the manual if this is not desired in principle
For Ni, standard SIESTA heuristics set lmxkb to 3
 (one more than the basis l, including polarization orbitals).
Use PS.lmax or PS.KBprojectors blocks to override.
For Mn, standard SIESTA heuristics set lmxkb to 3
 (one more than the basis l, including polarization orbitals).
Use PS.lmax or PS.KBprojectors blocks to override.
Ni pseudopotential only contains V_ls up to l=2 -- lmxkb reset.
Mn pseudopotential only contains V_ls up to l=2 -- lmxkb reset.

<basis_specs>
===============================================================================
Ni                   Z=  28    Mass=  58.693        Charge= 0.17977+309
Lmxo=2 Lmxkb= 2    BasisType=split      Semic=T
L=0  Nsemic=1  Cnfigmx=4
          i=1  nzeta=1  polorb=0  (3s)  (semicore shell)
            splnorm:   0.15000    
               vcte:    50.000    
               rinn:  -0.70000    
               qcoe:    0.0000    
               qyuk:    0.0000    
               qwid:   0.10000E-01
                rcs:    0.0000    
            lambdas:    1.0000    
          i=2  nzeta=3  polorb=0  (4s)  (to be polarized non-perturbatively)
            splnorm:   0.15000    
               vcte:    50.000    
               rinn:  -0.70000    
               qcoe:    0.0000    
               qyuk:    0.0000    
               qwid:   0.10000E-01
                rcs:    0.0000      0.0000      0.0000    
            lambdas:    1.0000      1.0000      1.0000    
L=1  Nsemic=1  Cnfigmx=4
          i=1  nzeta=1  polorb=0  (3p)  (semicore shell)
            splnorm:   0.15000    
               vcte:    50.000    
               rinn:  -0.70000    
               qcoe:    0.0000    
               qyuk:    0.0000    
               qwid:   0.10000E-01
                rcs:    0.0000    
            lambdas:    1.0000    
          i=2  nzeta=1  polorb=0  (4p)  (non-perturbative polarization shell)
            splnorm:   0.15000    
               vcte:    50.000    
               rinn:  -0.70000    
               qcoe:   0.34074-315
               qyuk:    0.0000    
               qwid:   0.69531-309
                rcs:    0.0000    
            lambdas:    1.0000    
L=2  Nsemic=0  Cnfigmx=3
          i=1  nzeta=3  polorb=0  (3d)
            splnorm:   0.15000    
               vcte:    50.000    
               rinn:  -0.70000    
               qcoe:    0.0000    
               qyuk:    0.0000    
               qwid:   0.10000E-01
                rcs:    0.0000      0.0000      0.0000    
            lambdas:    1.0000      1.0000      1.0000    
-------------------------------------------------------------------------------
L=0  Nkbl=2  erefs: 0.17977+309 0.17977+309
L=1  Nkbl=2  erefs: 0.17977+309 0.17977+309
L=2  Nkbl=1  erefs: 0.17977+309
===============================================================================
</basis_specs>

Using PAO.SplitTailNorm
atom: Called for Ni                    (Z =  28)
Maximum radius (at nrval) set to   50.00000 8518

read_vps: Pseudopotential generation method:
read_vps: ONCVPSP-3.Hamann's oncvpsp                        
Valence charge in pseudo generation:   18.00000

read_vps: Pseudopotential includes a core correction:
read_vps: Pseudo-core for xc-correction

xc_check: Exchange-correlation functional:
xc_check: GGA PBEsol
xc_check: WARNING: Pseudopotential generated with GGA PBE functional
Got Vlocal (oncv-fit) from psml data
Choosing vlocal chloc cutoff:  3.188973
qtot up to nchloc:   17.99992641
atom: Maximum radius for chlocal:    3.18897
atom: Maximum radius for r*vlocal+2*Zval:    3.18897
Reading KB projs from Ni psml data
Using scalar-relativistic projectors in PSML file

PSML: Kleinman-Bylander projectors: 
   l= 0   rc=  1.276377   Ekb= 12.509070
   l= 0   rc=  1.276377   Ekb= -0.503495
   l= 1   rc=  1.371030   Ekb= -5.680418
   l= 1   rc=  1.371030   Ekb= -0.775211
   l= 2   rc=  1.680171   Ekb=-14.446879
   l= 2   rc=  1.680171   Ekb= -5.088878

PSML: Total number of  Kleinman-Bylander projectors:  18
atom: -------------------------------------------------------------------------

atom: SANKEY-TYPE ORBITALS:
atom: Selected multiple-zeta basis: split     

SPLIT: Orbitals with angular momentum L= 0

SPLIT: Basis orbitals for state 3s

SPLIT: PAO cut-off radius determined from an
SPLIT: energy shift=  0.000140 Ry
Split based on tail norm

   izeta = 1
                 lambda =    1.000000
                     rc =    2.999668
                 energy =   -8.139209
                kinetic =    3.776111
    potential(screened) =  -11.915319
       potential(ionic) =  -45.801861

SPLIT: Basis orbitals for state 4s

SPLIT: PAO cut-off radius determined from an
SPLIT: energy shift=  0.000140 Ry
Split based on tail norm

   izeta = 1
                 lambda =    1.000000
                     rc =    9.316220
                 energy =   -0.512978
                kinetic =    1.389681
    potential(screened) =   -1.902658
       potential(ionic) =  -17.770111

   izeta = 2
                 rmatch =    4.957068
              splitnorm =    0.150000
                 energy =   -0.410487
                kinetic =    2.329090
    potential(screened) =   -2.739576
       potential(ionic) =  -21.501560

   izeta = 3
                 rmatch =    5.824741
              splitnorm =    0.075000
                 energy =   -0.473172
                kinetic =    1.899833
    potential(screened) =   -2.373005
       potential(ionic) =  -19.995099

SPLIT: Orbitals with angular momentum L= 1

SPLIT: Basis orbitals for state 3p

SPLIT: PAO cut-off radius determined from an
SPLIT: energy shift=  0.000140 Ry
Split based on tail norm

   izeta = 1
                 lambda =    1.000000
                     rc =    3.414070
                 energy =   -5.225411
                kinetic =    9.244220
    potential(screened) =  -14.469631
       potential(ionic) =  -47.296381

SPLIT: Basis orbitals for state 4p
SPLIT: Non-perturbative polarization orbs for state 4s
SPLIT: rc(1st zeta) (re)set to: 9.3162 (expansion factor: 1.0000)
Split based on tail norm

   izeta = 1
                 lambda =    1.000000
                     rc =    9.316220
                 energy =   -0.065208
                kinetic =    0.825147
    potential(screened) =   -0.890355
       potential(ionic) =  -12.014212

SPLIT: Orbitals with angular momentum L= 2

SPLIT: Basis orbitals for state 3d

SPLIT: PAO cut-off radius determined from an
SPLIT: energy shift=  0.000140 Ry
Split based on tail norm

   izeta = 1
                 lambda =    1.000000
                     rc =    6.323353
                 energy =   -0.639566
                kinetic =   11.441999
    potential(screened) =  -12.081565
       potential(ionic) =  -40.678115

   izeta = 2
                 rmatch =    2.624859
              splitnorm =    0.150000
                 energy =   -0.513226
                kinetic =   13.528651
    potential(screened) =  -14.041878
       potential(ionic) =  -44.582092

   izeta = 3
                 rmatch =    3.356353
              splitnorm =    0.075000
                 energy =   -0.605538
                kinetic =   12.372939
    potential(screened) =  -12.978477
       potential(ionic) =  -42.595740
atom: Total number of Sankey-type orbitals: 25

atm_pop: Valence configuration (for local Pseudopot. screening):
 3s( 2.00) 4s( 2.00)                                                  
 3p( 6.00) 4p( 0.00)                                                  
 3d( 8.00)                                                            
Vna: chval, zval:   18.00000  18.00000

Vna:  Cut-off radius for the neutral-atom potential:   9.316220
comcore: Pseudo-core radius Rcore=  1.817282

atom: _________________________________________________________________________

<basis_specs>
===============================================================================
Mn                   Z=  25    Mass=  54.938        Charge= 0.17977+309
Lmxo=2 Lmxkb= 2    BasisType=split      Semic=T
L=0  Nsemic=1  Cnfigmx=4
          i=1  nzeta=1  polorb=0  (3s)  (semicore shell)
            splnorm:   0.15000    
               vcte:    50.000    
               rinn:  -0.70000    
               qcoe:    0.0000    
               qyuk:    0.0000    
               qwid:   0.10000E-01
                rcs:    0.0000    
            lambdas:    1.0000    
          i=2  nzeta=3  polorb=0  (4s)  (to be polarized non-perturbatively)
            splnorm:   0.15000    
               vcte:    50.000    
               rinn:  -0.70000    
               qcoe:    0.0000    
               qyuk:    0.0000    
               qwid:   0.10000E-01
                rcs:    0.0000      0.0000      0.0000    
            lambdas:    1.0000      1.0000      1.0000    
L=1  Nsemic=1  Cnfigmx=4
          i=1  nzeta=1  polorb=0  (3p)  (semicore shell)
            splnorm:   0.15000    
               vcte:    50.000    
               rinn:  -0.70000    
               qcoe:    0.0000    
               qyuk:    0.0000    
               qwid:   0.10000E-01
                rcs:    0.0000    
            lambdas:    1.0000    
          i=2  nzeta=1  polorb=0  (4p)  (non-perturbative polarization shell)
            splnorm:   0.15000    
               vcte:    50.000    
               rinn:  -0.70000    
               qcoe:   0.34074-315
               qyuk:    0.0000    
               qwid:   0.69531-309
                rcs:    0.0000    
            lambdas:    1.0000    
L=2  Nsemic=0  Cnfigmx=3
          i=1  nzeta=3  polorb=0  (3d)
            splnorm:   0.15000    
               vcte:    50.000    
               rinn:  -0.70000    
               qcoe:    0.0000    
               qyuk:    0.0000    
               qwid:   0.10000E-01
                rcs:    0.0000      0.0000      0.0000    
            lambdas:    1.0000      1.0000      1.0000    
-------------------------------------------------------------------------------
L=0  Nkbl=2  erefs: 0.17977+309 0.17977+309
L=1  Nkbl=2  erefs: 0.17977+309 0.17977+309
L=2  Nkbl=1  erefs: 0.17977+309
===============================================================================
</basis_specs>

Using PAO.SplitTailNorm
atom: Called for Mn                    (Z =  25)
Maximum radius (at nrval) set to   50.00000 8518

read_vps: Pseudopotential generation method:
read_vps: ONCVPSP-3.Hamann's oncvpsp                        
Valence charge in pseudo generation:   15.00000

read_vps: Pseudopotential includes a core correction:
read_vps: Pseudo-core for xc-correction

xc_check: Exchange-correlation functional:
xc_check: GGA PBEsol
xc_check: WARNING: Pseudopotential generated with GGA PBE functional
Got Vlocal (oncv-fit) from psml data
Choosing vlocal chloc cutoff:  3.504263
qtot up to nchloc:   15.00032895
atom: Maximum radius for chlocal:    3.50426
atom: Maximum radius for r*vlocal+2*Zval:    3.50426
Reading KB projs from Mn psml data
Using scalar-relativistic projectors in PSML file

PSML: Kleinman-Bylander projectors: 
   l= 0   rc=  1.427391   Ekb= 18.471374
   l= 0   rc=  1.430269   Ekb=  3.121111
   l= 1   rc=  1.224702   Ekb=  3.156115
   l= 1   rc=  1.224702   Ekb= -1.424352
   l= 2   rc=  1.630219   Ekb=-13.224142
   l= 2   rc=  1.630219   Ekb= -4.330632

PSML: Total number of  Kleinman-Bylander projectors:  18
atom: -------------------------------------------------------------------------

atom: SANKEY-TYPE ORBITALS:
atom: Selected multiple-zeta basis: split     

SPLIT: Orbitals with angular momentum L= 0

SPLIT: Basis orbitals for state 3s

SPLIT: PAO cut-off radius determined from an
SPLIT: energy shift=  0.000140 Ry
Split based on tail norm

   izeta = 1
                 lambda =    1.000000
                     rc =    3.380000
                 energy =   -6.293298
                kinetic =    2.848567
    potential(screened) =   -9.141865
       potential(ionic) =  -33.519753

SPLIT: Basis orbitals for state 4s

SPLIT: PAO cut-off radius determined from an
SPLIT: energy shift=  0.000140 Ry
Split based on tail norm

   izeta = 1
                 lambda =    1.000000
                     rc =   10.002455
                 energy =   -0.450676
                kinetic =    1.112603
    potential(screened) =   -1.563278
       potential(ionic) =  -13.199632

   izeta = 2
                 rmatch =    5.430276
              splitnorm =    0.150000
                 energy =   -0.360834
                kinetic =    1.875764
    potential(screened) =   -2.236598
       potential(ionic) =  -15.982656

   izeta = 3
                 rmatch =    6.342382
              splitnorm =    0.075000
                 energy =   -0.415048
                kinetic =    1.529261
    potential(screened) =   -1.944310
       potential(ionic) =  -14.865309

SPLIT: Orbitals with angular momentum L= 1

SPLIT: Basis orbitals for state 3p

SPLIT: PAO cut-off radius determined from an
SPLIT: energy shift=  0.000140 Ry
Split based on tail norm

   izeta = 1
                 lambda =    1.000000
                     rc =    3.873861
                 energy =   -3.996757
                kinetic =    6.976018
    potential(screened) =  -10.972775
       potential(ionic) =  -34.563053

SPLIT: Basis orbitals for state 4p
SPLIT: Non-perturbative polarization orbs for state 4s
SPLIT: rc(1st zeta) (re)set to: 10.0025 (expansion factor: 1.0000)
Split based on tail norm

   izeta = 1
                 lambda =    1.000000
                     rc =   10.002455
                 energy =   -0.085879
                kinetic =    0.770317
    potential(screened) =   -0.856196
       potential(ionic) =   -9.409918

SPLIT: Orbitals with angular momentum L= 2

SPLIT: Basis orbitals for state 3d

SPLIT: PAO cut-off radius determined from an
SPLIT: energy shift=  0.000140 Ry
Split based on tail norm

   izeta = 1
                 lambda =    1.000000
                     rc =    7.238756
                 energy =   -0.490123
                kinetic =    9.261574
    potential(screened) =   -9.751697
       potential(ionic) =  -30.334327

   izeta = 2
                 rmatch =    3.144499
              splitnorm =    0.150000
                 energy =   -0.401801
                kinetic =   11.021778
    potential(screened) =  -11.423579
       potential(ionic) =  -33.555539

   izeta = 3
                 rmatch =    3.972182
              splitnorm =    0.075000
                 energy =   -0.464167
                kinetic =   10.072383
    potential(screened) =  -10.536551
       potential(ionic) =  -31.940836
atom: Total number of Sankey-type orbitals: 25

atm_pop: Valence configuration (for local Pseudopot. screening):
 3s( 2.00) 4s( 2.00)                                                  
 3p( 6.00) 4p( 0.00)                                                  
 3d( 5.00)                                                            
Vna: chval, zval:   15.00000  15.00000

Vna:  Cut-off radius for the neutral-atom potential:  10.002455
comcore: Pseudo-core radius Rcore=  2.115123

atom: _________________________________________________________________________

prinput: Basis input 

PAO.BasisType split     

%block ChemicalSpeciesLabel
    1   28 Ni                      # Species index, atomic number, species label
    2   25 Mn                      # Species index, atomic number, species label
%endblock ChemicalSpeciesLabel

%block PAO.Basis                 # Define Basis set
# WARNING: This information might be incomplete!
Ni                    5                    # Species label, number of l-shells
 n=3   0   1                         # n, l, Nzeta 
   3.000   
   1.000   
 n=4   0   3                         # n, l, Nzeta 
   9.316      4.957      5.825   
   1.000      1.000      1.000   
 n=3   1   1                         # n, l, Nzeta 
   3.414   
   1.000   
 n=4   1   1                         # n, l, Nzeta 
   9.316   
   1.000   
 n=3   2   3                         # n, l, Nzeta 
   6.323      2.625      3.356   
   1.000      1.000      1.000   
Mn                    5                    # Species label, number of l-shells
 n=3   0   1                         # n, l, Nzeta 
   3.380   
   1.000   
 n=4   0   3                         # n, l, Nzeta 
  10.002      5.430      6.342   
   1.000      1.000      1.000   
 n=3   1   1                         # n, l, Nzeta 
   3.874   
   1.000   
 n=4   1   1                         # n, l, Nzeta 
  10.002   
   1.000   
 n=3   2   3                         # n, l, Nzeta 
   7.239      3.144      3.972   
   1.000      1.000      1.000   
%endblock PAO.Basis

prinput: ----------------------------------------------------------------------

coor:   Atomic-coordinates input format  =     Fractional

siesta: Atomic coordinates (Bohr) and species
siesta:      0.00000   0.00000   0.00000  1        1
siesta:      2.35178   2.35178   3.32592  1        2
siesta:      0.00000   0.00000   6.65184  1        3
siesta:      2.35178   2.35178   9.97775  1        4
siesta:      0.00000   0.00000  13.30367  1        5
siesta:      2.35178   2.35178  16.62959  1        6
siesta:      2.35178   2.35178  23.28143  1        7
siesta:      0.00000   0.00000  19.95551  2        8

siesta: System type = bulk      

initatomlists: Number of atoms, orbitals, and projectors:      8   200   144

coxmol: Writing XMOL coordinates into file hea.xyz                                                                                                                                                                                                                             

siesta: ******************** Simulation parameters ****************************
siesta:
siesta: The following are some of the parameters of the simulation.
siesta: A complete list of the parameters used, including default values,
siesta: can be found in file out.fdf
siesta:
redata: Spin configuration                          = collinear
redata: Number of spin components                   = 2
redata: Time-Reversal Symmetry                      = T
redata: Spin spiral                                 = F
redata: Long output                                 =   F
redata: Number of Atomic Species                    =        2
redata: Charge density info will appear in .RHO file
redata: Write Mulliken charges (when)               = end
redata: Write Mulliken Pop.                         = Atomic and Orbital charges
redata: Write Hirshfeld charges (when)              = none
redata: Write Voronoi charges (when)                = none
redata: Write spin charge (when)                    = scf
redata: Matel table size (NRTAB)                    =     1024
redata: Mesh Cutoff                                 =   300.0000 Ry
redata: Net charge of the system                    =     0.0000 |e|
redata: Min. number of SCF Iter                     =        0
redata: Max. number of SCF Iter                     =    20000
redata: SCF convergence failure will abort job
redata: SCF mix quantity                            = Hamiltonian
redata: Mix DM or H after convergence               =   F
redata: Recompute H after scf cycle                 =   F
redata: Mix DM in first SCF step                    =   T
redata: Write Pulay info on disk                    =   F
redata: New DM Occupancy tolerance                  = 0.000000000001
redata: No kicks to SCF
redata: DM Mixing Weight for Kicks                  =     0.5000
redata: Require Harris convergence for SCF          =   F
redata: Harris energy tolerance for SCF             =     0.000100 eV
redata: Require DM convergence for SCF              =   T
redata: DM tolerance for SCF                        =     0.000500
redata: Require EDM convergence for SCF             =   F
redata: EDM tolerance for SCF                       =     0.001000 eV
redata: Require H convergence for SCF               =   F
redata: Hamiltonian tolerance for SCF               =     0.005000 eV
redata: Require (free) Energy convergence for SCF   =   F
redata: (free) Energy tolerance for SCF             =     0.000100 eV
redata: Antiferro initial spin density              =   F
redata: Using DFT-D3 dispersion                     =   F
redata: Using Saved Data (generic)                  =   F
redata: Use continuation files for DM               =   F
redata: Neglect nonoverlap interactions             =   F
redata: Method of Calculation                       = Diagonalization
redata: Electronic Temperature                      =   300.0000 K
redata: Fix the spin of the system                  =   F
redata: Max. number of TDED Iter                    =        1
redata: Number of TDED substeps                     =        3
redata: Dynamics option                             = CG coord. optimization
redata: Variable cell                               =   T
redata: Use continuation files for CG               =   F
redata: Max atomic displ per move                   =     0.1058 Ang
redata: Maximum number of optimization moves        =      500
redata: Force tolerance                             =     0.0500 eV/Ang
redata: Stress tolerance                            =     1.0000 GPa
mix.SCF: Broyden mixing                          = Broyden
mix.SCF:    History steps                        = 8
mix.SCF:    Linear mixing weight                 =     0.070000
mix.SCF:    Inverse Jacobian weight              =     0.070000
mix.SCF:    Weight prime                         =     0.070000
mix.SCF:    SVD condition                        = 0.1000E-07
mix.SCF: Spin-component mixing                   all
redata: ***********************************************************************

%block SCF.Mixers
  Broyden
%endblock SCF.Mixers

%block SCF.Mixer.Broyden
  # Mixing method
  method broyden

  # Mixing options
  weight 0.0700
  weight.linear 0.0700
  weight.prime 0.0700
  history 8
%endblock SCF.Mixer.Broyden

DM_history_depth set to one: no extrapolation allowed by default for geometry relaxation
Size of DM history Fstack: 1
Total number of electrons:   141.000000
Total ionic charge:   141.000000

* ProcessorY, Blocksize:    3   5


* Orbital distribution balance (max,min):    10     5

k-point displ. along   1 input, could be:     0.00    0.50
k-point displ. along   2 input, could be:     0.00    0.50
 Kpoints in:           24 . Kpoints trimmed:           22

siesta: k-grid: Number of k-points = 22
siesta: k-points from Monkhorst-Pack grid
siesta: k-cutoff (effective) =     7.040 Ang
siesta: k-point supercell and displacements
siesta: k-grid:     6     0     0      0.000
siesta: k-grid:     0     6     0      0.000
siesta: k-grid:     0     0     1      0.000
k-point displ. along   1 input, could be:     0.00    0.50
k-point displ. along   2 input, could be:     0.00    0.50
 Kpoints in:           24 . Kpoints trimmed:           22

siesta: PDOS k-grid: Number of k-points = 22
siesta: PDOS k-points from Monkhorst-Pack grid
siesta: PDOS k-cutoff (effective) =     0.000 Ang
siesta: PDOS k-point supercell and displacements
siesta: k-grid:     6     0     0      0.000
siesta: k-grid:     0     6     0      0.000
siesta: k-grid:     0     0     1      0.000

diag: Algorithm                                     = D&C
diag: Parallel over k                               =   F
diag: Use parallel 2D distribution                  =   T
diag: Parallel block-size                           = 5
diag: Parallel distribution                         =     6 x     6
diag: Used triangular part                          = Lower
diag: Absolute tolerance                            =  0.100E-15
diag: Orthogonalization factor                      =  0.100E-05
diag: Memory factor                                 =  1.0000
diag: The diagonalization method chosen cannot compute a reduced number of eigenvectors.
diag: Resetting neigwanted 93 to 200

superc: Internal auxiliary supercell:     9 x     9 x     3  =     243
superc: Number of atoms, orbitals, and projectors:   1944  48600  34992


ts: **************************************************************
ts: Save H and S matrices                           =    F
ts: Save DM and EDM matrices                        =    F
ts: Only save the overlap matrix S                  =    F
ts: **************************************************************

************************ Begin: TS CHECKS AND WARNINGS ************************
************************ End: TS CHECKS AND WARNINGS **************************


                     ====================================
                        Begin CG opt. move =      0
                     ====================================

superc: Internal auxiliary supercell:     9 x     9 x     3  =     243
superc: Number of atoms, orbitals, and projectors:   1944  48600  34992

outcell: Unit cell vectors (Ang):
        2.489016    0.000000    0.000000
        0.000000    2.489016    0.000000
        0.000000    0.000000   14.080000

outcell: Cell vector modules (Ang)   :    2.489016    2.489016   14.080000
outcell: Cell angles (23,13,12) (deg):     90.0000     90.0000     90.0000
outcell: Cell volume (Ang**3)        :     87.2284
<dSpData1D:S at geom step 0
  <sparsity:sparsity for geom step 0
    nrows_g=200 nrows=10 sparsity=.9363 nnzs=37452, refcount: 7>
  <dData1D:(new from dSpData1D) n=37452, refcount: 1>
refcount: 1>
new_DM -- step:     1
Initializing Density Matrix...
DM filled with atomic data:
<dSpData2D:DM initialized from atoms
  <sparsity:sparsity for geom step 0
    nrows_g=200 nrows=10 sparsity=.9363 nnzs=37452, refcount: 8>
  <dData2D:DM n=37452 m=2, refcount: 1>
refcount: 1>
No. of atoms with KB's overlaping orbs in proc 0. Max # of overlaps:     162     617

InitMesh: MESH = 30 x 30 x 150 = 135000
InitMesh: Mesh cutoff (required, used) =   300.000   313.675 Ry
New grid distribution [1]: sub = 2
New grid distribution [2]: sub = 2
New grid distribution [3]: sub = 2
Setting up quadratic distribution...

stepf: Fermi-Dirac step function

siesta: Program's energy decomposition (eV):
siesta: Ebs     =     -6014.262642
siesta: Eions   =     44525.357332
siesta: Ena     =      3001.707770
siesta: Ekin    =     16000.690665
siesta: Enl     =     -5096.972029
siesta: Eso     =         0.000000
siesta: Edftu   =         0.000000
siesta: DEna    =       227.403116
siesta: DUscf   =        23.937321
siesta: DUext   =         0.000000
siesta: Ex      =     -4232.346463
siesta: Ec      =      -256.815442
siesta: Exc     =     -4489.161905
siesta: EbV     =         0.000000
siesta: eta*DQ  =         0.000000
siesta: Emadel  =         0.000000
siesta: Emeta   =         0.000000
siesta: Emolmec =         0.000000
siesta: Ekinion =         0.000000
siesta: Eharris =    -34764.355448
siesta: Etot    =    -34857.752393
siesta: FreeEng =    -34857.776581

        iscf     Eharris(eV)        E_KS(eV)     FreeEng(eV)     dDmax    Ef(eV) dHmax(eV)
   scf:    1   -34764.355448   -34857.752393   -34857.776581  7.030496 -5.073899 28.638986
     spin moment: {S} , |S| = {        0.0        0.0   10.50462 }    10.50462
timer: Routine,Calls,Time,% = IterSCF        1       2.548  16.63
   scf:    2   -33193.480180   -34375.229482   -34375.253254  1.191979 -5.095775160.359500
     spin moment: {S} , |S| = {        0.0        0.0    7.82466 }     7.82466
   scf:    3   -34875.870022   -34877.246774   -34877.273668  1.102075 -5.345987  4.913214
     spin moment: {S} , |S| = {        0.0        0.0    9.78793 }     9.78793
   scf:    4   -34878.744417   -34878.228986   -34878.253871  0.418532 -5.563536  5.716598
     spin moment: {S} , |S| = {        0.0        0.0    9.37594 }     9.37594
   scf:    5   -34879.634149   -34879.082855   -34879.108661  0.536110 -5.875336  1.888569
     spin moment: {S} , |S| = {        0.0        0.0    9.21408 }     9.21408
   scf:    6   -34879.533079   -34879.389945   -34879.416975  0.335168 -6.080423  1.278348
     spin moment: {S} , |S| = {        0.0        0.0    8.56958 }     8.56958
   scf:    7   -34879.453637   -34879.430591   -34879.457114  0.010176 -6.082268  0.800094
     spin moment: {S} , |S| = {        0.0        0.0    8.53144 }     8.53144
   scf:    8   -34866.583296   -34875.201984   -34875.227203  0.538081 -6.170139 10.901374
     spin moment: {S} , |S| = {        0.0        0.0    7.96844 }     7.96844
   scf:    9   -34871.240851   -34878.089818   -34878.116466  0.617113 -6.363205  8.342460
     spin moment: {S} , |S| = {        0.0        0.0    7.89601 }     7.89601
   scf:   10   -34878.607125   -34879.311012   -34879.336858  0.204138 -6.387819  3.338416
     spin moment: {S} , |S| = {        0.0        0.0    8.41360 }     8.41360
   scf:   11   -34879.379314   -34879.496687   -34879.524034  0.114175 -6.364833  1.505748
     spin moment: {S} , |S| = {        0.0        0.0    7.93543 }     7.93543
   scf:   12   -34879.509299   -34879.519966   -34879.548428  0.039736 -6.371759  0.362527
     spin moment: {S} , |S| = {        0.0        0.0    8.07331 }     8.07331
   scf:   13   -34879.342074   -34879.465139   -34879.491736  0.061326 -6.370343  2.262020
     spin moment: {S} , |S| = {        0.0        0.0    7.85594 }     7.85594
   scf:   14   -34879.559936   -34879.536728   -34879.562111  0.040973 -6.378995  0.509451
     spin moment: {S} , |S| = {        0.0        0.0    7.83588 }     7.83588
   scf:   15   -34879.553130   -34879.546861   -34879.572081  0.039786 -6.391732  0.381782
     spin moment: {S} , |S| = {        0.0        0.0    7.74229 }     7.74229
   scf:   16   -34879.554461   -34879.550788   -34879.576502  0.030266 -6.395542  0.294094
     spin moment: {S} , |S| = {        0.0        0.0    7.68913 }     7.68913
   scf:   17   -34879.554022   -34879.552834   -34879.578935  0.020490 -6.399005  0.177713
     spin moment: {S} , |S| = {        0.0        0.0    7.66310 }     7.66310
   scf:   18   -34879.550924   -34879.552087   -34879.578150  0.002453 -6.398483  0.340401
     spin moment: {S} , |S| = {        0.0        0.0    7.67082 }     7.67082
   scf:   19   -34879.553958   -34879.553434   -34879.579657  0.005485 -6.398926  0.142107
     spin moment: {S} , |S| = {        0.0        0.0    7.65184 }     7.65184
   scf:   20   -34879.552512   -34879.552994   -34879.579057  0.006276 -6.397418  0.134523
     spin moment: {S} , |S| = {        0.0        0.0    7.66812 }     7.66812
   scf:   21   -34879.556344   -34879.554615   -34879.581085  0.020602 -6.399288  0.117982
     spin moment: {S} , |S| = {        0.0        0.0    7.63673 }     7.63673
   scf:   22   -34879.578528   -34879.564456   -34879.592222  0.127490 -6.403917  0.165593
     spin moment: {S} , |S| = {        0.0        0.0    7.48239 }     7.48239
   scf:   23   -34879.556684   -34879.560283   -34879.587785  0.047446 -6.400021  0.231046
     spin moment: {S} , |S| = {        0.0        0.0    7.55684 }     7.55684
   scf:   24   -34879.560881   -34879.560620   -34879.588144  0.001731 -6.399652  0.161209
     spin moment: {S} , |S| = {        0.0        0.0    7.55451 }     7.55451
   scf:   25   -34879.553514   -34879.557089   -34879.584064  0.046524 -6.396099  0.242109
     spin moment: {S} , |S| = {        0.0        0.0    7.61062 }     7.61062
   scf:   26   -34879.563197   -34879.559952   -34879.587420  0.037252 -6.398991  0.208989
     spin moment: {S} , |S| = {        0.0        0.0    7.56005 }     7.56005
   scf:   27   -34879.548077   -34879.552465   -34879.578177  0.097219 -6.390006  0.141808
     spin moment: {S} , |S| = {        0.0        0.0    7.70922 }     7.70922
   scf:   28   -34879.458407   -34879.520564   -34879.546863  0.245657 -6.411694  2.048904
     spin moment: {S} , |S| = {        0.0        0.0    7.19835 }     7.19835
   scf:   29   -34879.510686   -34879.515678   -34879.541936  0.004588 -6.412064  2.136351
     spin moment: {S} , |S| = {        0.0        0.0    7.18653 }     7.18653
   scf:   30   -34879.539193   -34879.527741   -34879.554001  0.003766 -6.411616  1.931692
     spin moment: {S} , |S| = {        0.0        0.0    7.19226 }     7.19226
   scf:   31   -34879.537130   -34879.532336   -34879.558590  0.012148 -6.410845  1.871112
     spin moment: {S} , |S| = {        0.0        0.0    7.16169 }     7.16169
   scf:   32   -34879.408649   -34879.541676   -34879.569017  0.128018 -6.401888  1.421922
     spin moment: {S} , |S| = {        0.0        0.0    7.47235 }     7.47235
   scf:   33   -34879.586844   -34879.567351   -34879.594186  0.039843 -6.404523  0.744478
     spin moment: {S} , |S| = {        0.0        0.0    7.37561 }     7.37561
   scf:   34   -34879.529632   -34879.549756   -34879.577134  0.034757 -6.402717  1.208716
     spin moment: {S} , |S| = {        0.0        0.0    7.46112 }     7.46112
   scf:   35   -34879.364893   -34879.470543   -34879.497889  0.052041 -6.396739  2.536299
     spin moment: {S} , |S| = {        0.0        0.0    7.59134 }     7.59134
   scf:   36   -34879.620327   -34879.576894   -34879.603358  0.121426 -6.405911  0.360266
     spin moment: {S} , |S| = {        0.0        0.0    7.28700 }     7.28700
   scf:   37   -34879.581297   -34879.580148   -34879.606578  0.024264 -6.407189  0.178616
     spin moment: {S} , |S| = {        0.0        0.0    7.22769 }     7.22769
   scf:   38   -34879.562928   -34879.573998   -34879.600867  0.059242 -6.407642  0.843619
     spin moment: {S} , |S| = {        0.0        0.0    7.06947 }     7.06947
   scf:   39   -34879.569202   -34879.581110   -34879.607768  0.024898 -6.404872  0.354527
     spin moment: {S} , |S| = {        0.0        0.0    7.14405 }     7.14405
   scf:   40   -34879.585236   -34879.583629   -34879.610615  0.026579 -6.405568  0.025617
     spin moment: {S} , |S| = {        0.0        0.0    7.06676 }     7.06676
   scf:   41   -34879.582320   -34879.583201   -34879.610318  0.014664 -6.406708  0.214268
     spin moment: {S} , |S| = {        0.0        0.0    7.02297 }     7.02297
   scf:   42   -34879.582528   -34879.582871   -34879.609986  0.007393 -6.407733  0.268455
     spin moment: {S} , |S| = {        0.0        0.0    7.00180 }     7.00180
   scf:   43   -34879.584360   -34879.583856   -34879.610869  0.006916 -6.407157  0.081633
     spin moment: {S} , |S| = {        0.0        0.0    7.01528 }     7.01528
   scf:   44   -34879.584013   -34879.583964   -34879.610953  0.001488 -6.407210  0.016687
     spin moment: {S} , |S| = {        0.0        0.0    7.01490 }     7.01490
   scf:   45   -34879.584006   -34879.583986   -34879.610953  0.000571 -6.407065  0.021702
     spin moment: {S} , |S| = {        0.0        0.0    7.01618 }     7.01618
   scf:   46   -34879.584099   -34879.584043   -34879.610961  0.001421 -6.407075  0.013638
     spin moment: {S} , |S| = {        0.0        0.0    7.01617 }     7.01617
   scf:   47   -34879.584109   -34879.584075   -34879.610970  0.001410 -6.406959  0.006586
     spin moment: {S} , |S| = {        0.0        0.0    7.01341 }     7.01341
   scf:   48   -34879.584115   -34879.584092   -34879.610978  0.002029 -6.406783  0.005482
     spin moment: {S} , |S| = {        0.0        0.0    7.00833 }     7.00833
   scf:   49   -34879.584100   -34879.584095   -34879.610980  0.001424 -6.406696  0.001769
     spin moment: {S} , |S| = {        0.0        0.0    7.00445 }     7.00445
   scf:   50   -34879.584088   -34879.584091   -34879.610980  0.000309 -6.406671  0.002444
     spin moment: {S} , |S| = {        0.0        0.0    7.00374 }     7.00374

SCF Convergence by DM criterion
max |DM_out - DM_in|         :     0.0003090498
max |H_out - H_in|      (eV) :     0.0024440607
SCF cycle converged after 50 iterations

Using DM_out to compute the final energy and forces
No. of atoms with KB's overlaping orbs in proc 0. Max # of overlaps:     162     617

siesta: E_KS(eV) =           -34879.5841

siesta: E_KS - E_eggbox =    -34879.5841

siesta: Atomic forces (eV/Ang):
     1    0.000000   -0.000000    0.216651
     2   -0.000000    0.000000   -0.082109
     3   -0.000000    0.000000   -0.000000
     4   -0.000000    0.000000    0.082110
     5    0.000000    0.000000   -0.216652
     6   -0.000000   -0.000000   -0.220022
     7   -0.000000    0.000000    0.220004
     8    0.000000    0.000000    0.000018
----------------------------------------
   Tot   -0.000000    0.000000   -0.000000
----------------------------------------
   Max    0.220022
   Res    0.092234    sqrt( Sum f_i^2 / 3N )
----------------------------------------
   Max    0.220022    constrained

Stress tensor Voigt[x,y,z,yz,xz,xy] (kbar):       81.53       81.53       77.09        0.00       -0.00        0.00
(Free)E + p*V (eV/cell)   -34883.9693
Target enthalpy (eV/cell)   -34879.6110

siesta: Stress tensor (static) (eV/Ang**3):
         0.050887    0.000000    0.000000
         0.000000    0.050887   -0.000000
        -0.000000    0.000000    0.048119

siesta: Pressure (static):        -80.05110319  kBar

siesta: Stress tensor (total) (eV/Ang**3):
         0.050887    0.000000    0.000000
         0.000000    0.050887   -0.000000
        -0.000000    0.000000    0.048119

siesta: Pressure (total):        -80.05110319  kBar

cgvc: No target stress found, assuming hydrostatic MD.TargetPressure.

cgvc: Target stress (kBar)
cgvc:        -0.000       0.000       0.000
cgvc:         0.000      -0.000       0.000
cgvc:         0.000       0.000      -0.000

                     ====================================
                        Begin CG opt. move =      1
                     ====================================
k-point displ. along   1 input, could be:     0.00    0.50
k-point displ. along   2 input, could be:     0.00    0.50
 Kpoints in:           24 . Kpoints trimmed:           22

siesta: k-grid: Number of k-points = 22
siesta: k-points from Monkhorst-Pack grid
siesta: k-cutoff (effective) =     6.961 Ang
siesta: k-point supercell and displacements
siesta: k-grid:     6     0     0      0.000
siesta: k-grid:     0     6     0      0.000
siesta: k-grid:     0     0     1      0.000

superc: Internal auxiliary supercell:     9 x     9 x     3  =     243
superc: Number of atoms, orbitals, and projectors:   1944  48600  34992

outcell: Unit cell vectors (Ang):
        2.459346   -0.000000    0.000000
       -0.000000    2.459346    0.000000
        0.000000    0.000000   13.921293

outcell: Cell vector modules (Ang)   :    2.459346    2.459346   13.921293
outcell: Cell angles (23,13,12) (deg):     90.0000     90.0000     90.0000
outcell: Cell volume (Ang**3)        :     84.2013
<dSpData1D:S at geom step 1
  <sparsity:sparsity for geom step 1
    nrows_g=200 nrows=10 sparsity=.9912 nnzs=39648, refcount: 7>
  <dData1D:(new from dSpData1D) n=39648, refcount: 1>
refcount: 1>
new_DM -- step:     2
Re-using DM from previous geometries...
Number of DMs in history: 1
 DM extrapolation coefficients: 
1   1.00000
New DM after history re-use:
<dSpData2D:SpM extrapolated using coords
  <sparsity:sparsity for geom step 1
    nrows_g=200 nrows=10 sparsity=.9912 nnzs=39648, refcount: 9>
  <dData2D:(temp array for extrapolation) n=39648 m=2, refcount: 1>
refcount: 1>
No. of atoms with KB's overlaping orbs in proc 0. Max # of overlaps:     162     631

InitMesh: MESH = 30 x 30 x 150 = 135000
InitMesh: Mesh cutoff (required, used) =   300.000   320.867 Ry
New grid distribution [1]: sub = 2
New grid distribution [2]: sub = 2
New grid distribution [3]: sub = 2
Setting up quadratic distribution...

        iscf     Eharris(eV)        E_KS(eV)     FreeEng(eV)     dDmax    Ef(eV) dHmax(eV)
   scf:    1   -34827.501672   -34863.277588   -34863.297537  0.704799 -6.412617 30.612707
     spin moment: {S} , |S| = {        0.0        0.0    7.76804 }     7.76804
   scf:    2    18343.358066   -17353.177925   -17353.186412460.186648 -1.498766871.902542
     spin moment: {S} , |S| = {        0.0        0.0    0.35077 }     0.35077
   scf:    3   -37892.455719   -34715.066806   -34715.093241460.085951 -6.390363102.950363
     spin moment: {S} , |S| = {        0.0        0.0    3.81494 }     3.81494
   scf:    4   -34930.465750   -34868.821249   -34868.850044  0.729691 -6.422080 24.051684
     spin moment: {S} , |S| = {        0.0        0.0    6.20436 }     6.20436
   scf:    5   -34883.190066   -34877.991243   -34878.014557  0.111766 -6.429963  9.678382
     spin moment: {S} , |S| = {        0.0        0.0    6.61205 }     6.61205
   scf:    6   -34878.429487   -34878.216048   -34878.239469  0.008558 -6.430661  9.028859
     spin moment: {S} , |S| = {        0.0        0.0    6.62895 }     6.62895
   scf:    7   -34879.993843   -34879.269028   -34879.293507  0.069440 -6.435958  4.759079
     spin moment: {S} , |S| = {        0.0        0.0    6.74642 }     6.74642
   scf:    8   -34878.727572   -34879.512246   -34879.538447  0.125221 -6.444705  2.908865
     spin moment: {S} , |S| = {        0.0        0.0    6.97300 }     6.97300
   scf:    9   -34879.257634   -34879.596269   -34879.621479  0.101739 -6.454031  2.219884
     spin moment: {S} , |S| = {        0.0        0.0    6.80364 }     6.80364
   scf:   10   -34879.568748   -34879.583107   -34879.608291  0.004060 -6.456070  2.339044
     spin moment: {S} , |S| = {        0.0        0.0    6.79940 }     6.79940
   scf:   11   -34879.686134   -34879.663536   -34879.689211  0.034387 -6.458799  0.458328
     spin moment: {S} , |S| = {        0.0        0.0    6.85454 }     6.85454
   scf:   12   -34879.664677   -34879.664135   -34879.689818  0.001269 -6.458669  0.397228
     spin moment: {S} , |S| = {        0.0        0.0    6.85549 }     6.85549
   scf:   13   -34879.666320   -34879.666016   -34879.691784  0.002882 -6.460138  0.068040
     spin moment: {S} , |S| = {        0.0        0.0    6.85919 }     6.85919
   scf:   14   -34879.665983   -34879.666013   -34879.691771  0.001858 -6.460158  0.104262
     spin moment: {S} , |S| = {        0.0        0.0    6.85607 }     6.85607
   scf:   15   -34879.666082   -34879.666048   -34879.691806  0.000802 -6.460214  0.100384
     spin moment: {S} , |S| = {        0.0        0.0    6.85473 }     6.85473
   scf:   16   -34879.667029   -34879.666490   -34879.692228  0.014037 -6.460787  0.089835
     spin moment: {S} , |S| = {        0.0        0.0    6.83138 }     6.83138
   scf:   17   -34879.667331   -34879.666861   -34879.692561  0.014205 -6.461678  0.065347
     spin moment: {S} , |S| = {        0.0        0.0    6.80800 }     6.80800
   scf:   18   -34879.667195   -34879.667017   -34879.692684  0.006119 -6.461532  0.053201
     spin moment: {S} , |S| = {        0.0        0.0    6.79654 }     6.79654
   scf:   19   -34879.667421   -34879.667197   -34879.692816  0.007834 -6.461345  0.030279
     spin moment: {S} , |S| = {        0.0        0.0    6.78074 }     6.78074
   scf:   20   -34879.667235   -34879.667216   -34879.692832  0.001262 -6.461225  0.028829
     spin moment: {S} , |S| = {        0.0        0.0    6.77897 }     6.77897
   scf:   21   -34879.667550   -34879.667352   -34879.692911  0.009175 -6.461275  0.016004
     spin moment: {S} , |S| = {        0.0        0.0    6.76025 }     6.76025
   scf:   22   -34879.667316   -34879.667334   -34879.692906  0.002004 -6.461234  0.008000
     spin moment: {S} , |S| = {        0.0        0.0    6.76420 }     6.76420
   scf:   23   -34879.667454   -34879.667386   -34879.692925  0.004952 -6.461018  0.011078
     spin moment: {S} , |S| = {        0.0        0.0    6.75495 }     6.75495
   scf:   24   -34879.667430   -34879.667408   -34879.692930  0.002061 -6.460486  0.004062
     spin moment: {S} , |S| = {        0.0        0.0    6.75207 }     6.75207
   scf:   25   -34879.667435   -34879.667421   -34879.692932  0.001772 -6.460410  0.002791
     spin moment: {S} , |S| = {        0.0        0.0    6.74945 }     6.74945
   scf:   26   -34879.667431   -34879.667426   -34879.692932  0.000722 -6.460293  0.003228
     spin moment: {S} , |S| = {        0.0        0.0    6.74835 }     6.74835
   scf:   27   -34879.667429   -34879.667427   -34879.692932  0.000232 -6.460188  0.002442
     spin moment: {S} , |S| = {        0.0        0.0    6.74835 }     6.74835

SCF Convergence by DM criterion
max |DM_out - DM_in|         :     0.0002322261
max |H_out - H_in|      (eV) :     0.0024421680
SCF cycle converged after 27 iterations

Using DM_out to compute the final energy and forces
No. of atoms with KB's overlaping orbs in proc 0. Max # of overlaps:     162     631

siesta: E_KS(eV) =           -34879.6674

siesta: Atomic forces (eV/Ang):
     1   -0.000000    0.000000    0.149807
     2    0.000000   -0.000000    0.040162
     3    0.000000   -0.000000    0.000012
     4    0.000000   -0.000000   -0.040161
     5   -0.000000   -0.000000   -0.149819
     6   -0.000000    0.000000    0.002648
     7    0.000000   -0.000000   -0.002630
     8   -0.000000   -0.000000   -0.000026
----------------------------------------
   Tot   -0.000000   -0.000000   -0.000008
----------------------------------------
   Max    0.149819
   Res    0.044781    sqrt( Sum f_i^2 / 3N )
----------------------------------------
   Max    0.149819    constrained

Stress tensor Voigt[x,y,z,yz,xz,xy] (kbar):       -0.55       -0.55       -6.20        0.00        0.00       -0.00
(Free)E + p*V (eV/cell)   -34879.5649
Target enthalpy (eV/cell)   -34879.6929

siesta: Stress tensor (static) (eV/Ang**3):
        -0.000346   -0.000000    0.000000
        -0.000000   -0.000346    0.000000
         0.000000    0.000000   -0.003871

siesta: Pressure (static):          2.43666323  kBar

siesta: Stress tensor (total) (eV/Ang**3):
        -0.000346   -0.000000    0.000000
        -0.000000   -0.000346    0.000000
         0.000000    0.000000   -0.003871

siesta: Pressure (total):          2.43666323  kBar

                     ====================================
                        Begin CG opt. move =      2
                     ====================================
k-point displ. along   1 input, could be:     0.00    0.50
k-point displ. along   2 input, could be:     0.00    0.50
 Kpoints in:           24 . Kpoints trimmed:           22

siesta: k-grid: Number of k-points = 22
siesta: k-points from Monkhorst-Pack grid
siesta: k-cutoff (effective) =     6.961 Ang
siesta: k-point supercell and displacements
siesta: k-grid:     6     0     0      0.000
siesta: k-grid:     0     6     0      0.000
siesta: k-grid:     0     0     1      0.000

superc: Internal auxiliary supercell:     9 x     9 x     3  =     243
superc: Number of atoms, orbitals, and projectors:   1944  48600  34992

outcell: Unit cell vectors (Ang):
        2.459448   -0.000000    0.000000
       -0.000000    2.459448    0.000000
        0.000000    0.000000   13.921837

outcell: Cell vector modules (Ang)   :    2.459448    2.459448   13.921837
outcell: Cell angles (23,13,12) (deg):     90.0000     90.0000     90.0000
outcell: Cell volume (Ang**3)        :     84.2116
<dSpData1D:S at geom step 2
  <sparsity:sparsity for geom step 2
    nrows_g=200 nrows=10 sparsity=.9912 nnzs=39648, refcount: 7>
  <dData1D:(new from dSpData1D) n=39648, refcount: 1>
refcount: 1>
new_DM -- step:     3
Re-using DM from previous geometries...
Number of DMs in history: 1
 DM extrapolation coefficients: 
1   1.00000
New DM after history re-use:
<dSpData2D:SpM extrapolated using coords
  <sparsity:sparsity for geom step 2
    nrows_g=200 nrows=10 sparsity=.9912 nnzs=39648, refcount: 9>
  <dData2D:(temp array for extrapolation) n=39648 m=2, refcount: 1>
refcount: 1>
No. of atoms with KB's overlaping orbs in proc 0. Max # of overlaps:     162     631

InitMesh: MESH = 30 x 30 x 150 = 135000
InitMesh: Mesh cutoff (required, used) =   300.000   320.842 Ry
New grid distribution [1]: sub = 2
New grid distribution [2]: sub = 2
New grid distribution [3]: sub = 2
Setting up quadratic distribution...

        iscf     Eharris(eV)        E_KS(eV)     FreeEng(eV)     dDmax    Ef(eV) dHmax(eV)
   scf:    1   -34879.676485   -34879.666745   -34879.692184  0.004761 -6.459893  0.208739
     spin moment: {S} , |S| = {        0.0        0.0    6.74292 }     6.74292
   scf:    2   -34829.693701   -34863.046486   -34863.071612  0.368436 -6.462364 30.725359
     spin moment: {S} , |S| = {        0.0        0.0    7.64735 }     7.64735
   scf:    3   -34879.763702   -34879.667425   -34879.692932  0.366882 -6.459843  0.020617
     spin moment: {S} , |S| = {        0.0        0.0    6.74906 }     6.74906
   scf:    4   -34879.667062   -34879.667318   -34879.692830  0.000646 -6.459811  0.081081
     spin moment: {S} , |S| = {        0.0        0.0    6.74905 }     6.74905
   scf:    5   -34879.667430   -34879.667429   -34879.692938  0.000506 -6.459822  0.008931
     spin moment: {S} , |S| = {        0.0        0.0    6.74902 }     6.74902
   scf:    6   -34879.667421   -34879.667426   -34879.692940  0.000257 -6.459777  0.003888
     spin moment: {S} , |S| = {        0.0        0.0    6.74946 }     6.74946

SCF Convergence by DM criterion
max |DM_out - DM_in|         :     0.0002574268
max |H_out - H_in|      (eV) :     0.0038882836
SCF cycle converged after 6 iterations

Using DM_out to compute the final energy and forces
No. of atoms with KB's overlaping orbs in proc 0. Max # of overlaps:     162     631

siesta: E_KS(eV) =           -34879.6674

siesta: Atomic forces (eV/Ang):
     1   -0.000000   -0.000000    0.149720
     2    0.000000   -0.000000    0.040107
     3    0.000000   -0.000000   -0.000035
     4    0.000000   -0.000000   -0.040124
     5    0.000000    0.000000   -0.149679
     6   -0.000000   -0.000000    0.002508
     7   -0.000000   -0.000000   -0.002472
     8   -0.000000   -0.000000   -0.000042
----------------------------------------
   Tot    0.000000   -0.000000   -0.000017
----------------------------------------
   Max    0.149720
   Res    0.044745    sqrt( Sum f_i^2 / 3N )
----------------------------------------
   Max    0.149720    constrained

Stress tensor Voigt[x,y,z,yz,xz,xy] (kbar):       -0.25       -0.25       -5.93        0.00        0.00        0.00
(Free)E + p*V (eV/cell)   -34879.5802
Target enthalpy (eV/cell)   -34879.6929

siesta: Stress tensor (static) (eV/Ang**3):
        -0.000158    0.000000    0.000000
         0.000000   -0.000158    0.000000
         0.000000    0.000000   -0.003702

siesta: Pressure (static):          2.14538499  kBar

siesta: Stress tensor (total) (eV/Ang**3):
        -0.000158    0.000000    0.000000
         0.000000   -0.000158    0.000000
         0.000000    0.000000   -0.003702

siesta: Pressure (total):          2.14538499  kBar

cgvc: Finished line minimization    1.  Mean atomic displacement =    0.0705

                     ====================================
                        Begin CG opt. move =      3
                     ====================================
k-point displ. along   1 input, could be:     0.00    0.50
k-point displ. along   2 input, could be:     0.00    0.50
 Kpoints in:           24 . Kpoints trimmed:           22

siesta: k-grid: Number of k-points = 22
siesta: k-points from Monkhorst-Pack grid
siesta: k-cutoff (effective) =     6.990 Ang
siesta: k-point supercell and displacements
siesta: k-grid:     6     0     0      0.000
siesta: k-grid:     0     6     0      0.000
siesta: k-grid:     0     0     1      0.000

superc: Internal auxiliary supercell:     9 x     9 x     3  =     243
superc: Number of atoms, orbitals, and projectors:   1944  48600  34992

outcell: Unit cell vectors (Ang):
        2.455830   -0.000000   -0.000000
       -0.000000    2.455830   -0.000000
       -0.000000   -0.000000   13.980475

outcell: Cell vector modules (Ang)   :    2.455830    2.455830   13.980475
outcell: Cell angles (23,13,12) (deg):     90.0000     90.0000     90.0000
outcell: Cell volume (Ang**3)        :     84.3176
<dSpData1D:S at geom step 3
  <sparsity:sparsity for geom step 3
    nrows_g=200 nrows=10 sparsity=1.0177 nnzs=40709, refcount: 7>
  <dData1D:(new from dSpData1D) n=40709, refcount: 1>
refcount: 1>
new_DM -- step:     4
Re-using DM from previous geometries...
Number of DMs in history: 1
 DM extrapolation coefficients: 
1   1.00000
New DM after history re-use:
<dSpData2D:SpM extrapolated using coords
  <sparsity:sparsity for geom step 3
    nrows_g=200 nrows=10 sparsity=1.0177 nnzs=40709, refcount: 9>
  <dData2D:(temp array for extrapolation) n=40709 m=2, refcount: 1>
refcount: 1>
No. of atoms with KB's overlaping orbs in proc 0. Max # of overlaps:     162     663

InitMesh: MESH = 30 x 30 x 150 = 135000
InitMesh: Mesh cutoff (required, used) =   300.000   318.156 Ry
New grid distribution [1]: sub = 2
New grid distribution [2]: sub = 2
New grid distribution [3]: sub = 2
Setting up quadratic distribution...

        iscf     Eharris(eV)        E_KS(eV)     FreeEng(eV)     dDmax    Ef(eV) dHmax(eV)
   scf:    1   -34872.928670   -34877.496931   -34877.521125  0.224768 -6.454200 10.343749
     spin moment: {S} , |S| = {        0.0        0.0    6.49012 }     6.49012
   scf:    2   -12793.663842   -27567.235337   -27567.249447 70.421745 -1.336637649.739630
     spin moment: {S} , |S| = {        0.0        0.0    2.00487 }     2.00487
   scf:    3   -35210.204356   -34877.324079   -34877.351470 70.358789 -6.453506 11.308312
     spin moment: {S} , |S| = {        0.0        0.0    7.07612 }     7.07612
   scf:    4   -34880.031770   -34878.922724   -34878.949324  0.095819 -6.454623  5.768772
     spin moment: {S} , |S| = {        0.0        0.0    6.88274 }     6.88274
   scf:    5   -34879.413154   -34879.616407   -34879.641095  0.092563 -6.456413  0.960467
     spin moment: {S} , |S| = {        0.0        0.0    6.68976 }     6.68976
   scf:    6   -34879.628479   -34879.627467   -34879.652182  0.004299 -6.456509  0.764741
     spin moment: {S} , |S| = {        0.0        0.0    6.69309 }     6.69309
   scf:    7   -34879.432346   -34879.583440   -34879.609013  0.045462 -6.457738  1.795588
     spin moment: {S} , |S| = {        0.0        0.0    6.76909 }     6.76909
   scf:    8   -34879.154731   -34879.529340   -34879.553639  0.072138 -6.458337  2.525073
     spin moment: {S} , |S| = {        0.0        0.0    6.63169 }     6.63169
   scf:    9   -34879.657159   -34879.603532   -34879.628106  0.010051 -6.457800  1.548471
     spin moment: {S} , |S| = {        0.0        0.0    6.66067 }     6.66067
   scf:   10   -34879.651322   -34879.632751   -34879.657592  0.014953 -6.458249  0.717720
     spin moment: {S} , |S| = {        0.0        0.0    6.68500 }     6.68500
   scf:   11   -34879.640623   -34879.640855   -34879.665921  0.012283 -6.458341  0.012044
     spin moment: {S} , |S| = {        0.0        0.0    6.70622 }     6.70622
   scf:   12   -34879.640872   -34879.640875   -34879.665963  0.002953 -6.458261  0.038030
     spin moment: {S} , |S| = {        0.0        0.0    6.70438 }     6.70438
   scf:   13   -34879.640909   -34879.640924   -34879.665997  0.001998 -6.458138  0.035286
     spin moment: {S} , |S| = {        0.0        0.0    6.69982 }     6.69982
   scf:   14   -34879.640953   -34879.640940   -34879.666014  0.000628 -6.458075  0.023009
     spin moment: {S} , |S| = {        0.0        0.0    6.69885 }     6.69885
   scf:   15   -34879.641019   -34879.640979   -34879.666042  0.001657 -6.457827  0.012722
     spin moment: {S} , |S| = {        0.0        0.0    6.69412 }     6.69412
   scf:   16   -34879.640988   -34879.640984   -34879.666045  0.000342 -6.457782  0.012679
     spin moment: {S} , |S| = {        0.0        0.0    6.69330 }     6.69330

SCF Convergence by DM criterion
max |DM_out - DM_in|         :     0.0003422974
max |H_out - H_in|      (eV) :     0.0126793489
SCF cycle converged after 16 iterations

Using DM_out to compute the final energy and forces
No. of atoms with KB's overlaping orbs in proc 0. Max # of overlaps:     162     663

siesta: E_KS(eV) =           -34879.6410

siesta: Atomic forces (eV/Ang):
     1    0.000000   -0.000000   -0.568151
     2    0.000000    0.000000    0.218389
     3    0.000000   -0.000001   -0.000089
     4    0.000000    0.000000   -0.218364
     5   -0.000000   -0.000000    0.567979
     6    0.000000   -0.000000   -0.316154
     7   -0.000000   -0.000000    0.315778
     8   -0.000000   -0.000000    0.000607
----------------------------------------
   Tot    0.000000   -0.000001   -0.000006
----------------------------------------
   Max    0.568151
   Res    0.197952    sqrt( Sum f_i^2 / 3N )
----------------------------------------
   Max    0.568151    constrained

Stress tensor Voigt[x,y,z,yz,xz,xy] (kbar):       -1.68       -1.68        6.01       -0.00        0.00       -0.00
(Free)E + p*V (eV/cell)   -34879.7123
Target enthalpy (eV/cell)   -34879.6660

siesta: Stress tensor (static) (eV/Ang**3):
        -0.001052    0.000000    0.000000
        -0.000000   -0.001052   -0.000000
         0.000000   -0.000000    0.003748

siesta: Pressure (static):         -0.87854478  kBar

siesta: Stress tensor (total) (eV/Ang**3):
        -0.001052    0.000000    0.000000
        -0.000000   -0.001052   -0.000000
         0.000000   -0.000000    0.003748

siesta: Pressure (total):         -0.87854478  kBar

                     ====================================
                        Begin CG opt. move =      4
                     ====================================
k-point displ. along   1 input, could be:     0.00    0.50
k-point displ. along   2 input, could be:     0.00    0.50
 Kpoints in:           24 . Kpoints trimmed:           22

siesta: k-grid: Number of k-points = 22
siesta: k-points from Monkhorst-Pack grid
siesta: k-cutoff (effective) =     6.968 Ang
siesta: k-point supercell and displacements
siesta: k-grid:     6     0     0      0.000
siesta: k-grid:     0     6     0      0.000
siesta: k-grid:     0     0     1      0.000

superc: Internal auxiliary supercell:     9 x     9 x     3  =     243
superc: Number of atoms, orbitals, and projectors:   1944  48600  34992

outcell: Unit cell vectors (Ang):
        2.458565   -0.000000   -0.000000
       -0.000000    2.458565   -0.000000
       -0.000000   -0.000000   13.936141

outcell: Cell vector modules (Ang)   :    2.458565    2.458565   13.936141
outcell: Cell angles (23,13,12) (deg):     90.0000     90.0000     90.0000
outcell: Cell volume (Ang**3)        :     84.2376
<dSpData1D:S at geom step 4
  <sparsity:sparsity for geom step 4
    nrows_g=200 nrows=10 sparsity=.9909 nnzs=39636, refcount: 7>
  <dData1D:(new from dSpData1D) n=39636, refcount: 1>
refcount: 1>
new_DM -- step:     5
Re-using DM from previous geometries...
Number of DMs in history: 1
 DM extrapolation coefficients: 
1   1.00000
New DM after history re-use:
<dSpData2D:SpM extrapolated using coords
  <sparsity:sparsity for geom step 4
    nrows_g=200 nrows=10 sparsity=.9909 nnzs=39636, refcount: 9>
  <dData2D:(temp array for extrapolation) n=39636 m=2, refcount: 1>
refcount: 1>
No. of atoms with KB's overlaping orbs in proc 0. Max # of overlaps:     162     630

InitMesh: MESH = 30 x 30 x 150 = 135000
InitMesh: Mesh cutoff (required, used) =   300.000   320.184 Ry
New grid distribution [1]: sub = 2
New grid distribution [2]: sub = 2
New grid distribution [3]: sub = 2
Setting up quadratic distribution...

        iscf     Eharris(eV)        E_KS(eV)     FreeEng(eV)     dDmax    Ef(eV) dHmax(eV)
   scf:    1   -34871.529751   -34876.961612   -34876.989191  0.176581 -6.455074 11.827121
     spin moment: {S} , |S| = {        0.0        0.0    7.00319 }     7.00319
   scf:    2   -17345.520476   -29078.772586   -29078.793959175.422330 -1.177721524.259594
     spin moment: {S} , |S| = {        0.0        0.0    1.76486 }     1.76486
   scf:    3   -35344.422756   -34871.876061   -34871.904353175.350908 -6.447228 21.708581
     spin moment: {S} , |S| = {        0.0        0.0    6.30629 }     6.30629
   scf:    4   -34881.422292   -34878.205293   -34878.229006  0.085449 -6.457988  8.481501
     spin moment: {S} , |S| = {        0.0        0.0    6.51592 }     6.51592
   scf:    5   -34879.624768   -34879.063281   -34879.087064  0.024268 -6.459264  5.721763
     spin moment: {S} , |S| = {        0.0        0.0    6.56630 }     6.56630
   scf:    6   -34879.239700   -34879.153292   -34879.177151  0.005182 -6.459359  5.291203
     spin moment: {S} , |S| = {        0.0        0.0    6.57808 }     6.57808
   scf:    7   -34879.757965   -34879.663290   -34879.688571  0.067807 -6.460276  0.502561
     spin moment: {S} , |S| = {        0.0        0.0    6.70079 }     6.70079
   scf:    8   -34879.667772   -34879.668723   -34879.694185  0.009750 -6.459989  0.087282
     spin moment: {S} , |S| = {        0.0        0.0    6.71698 }     6.71698
   scf:    9   -34879.534657   -34879.625807   -34879.650602  0.031449 -6.458396  1.630217
     spin moment: {S} , |S| = {        0.0        0.0    6.66934 }     6.66934
   scf:   10   -34879.681598   -34879.659205   -34879.684283  0.014817 -6.458239  0.822329
     spin moment: {S} , |S| = {        0.0        0.0    6.69308 }     6.69308
   scf:   11   -34879.671901   -34879.670299   -34879.695653  0.014196 -6.458363  0.073571
     spin moment: {S} , |S| = {        0.0        0.0    6.71560 }     6.71560
   scf:   12   -34879.670391   -34879.670380   -34879.695754  0.001113 -6.458451  0.009408
     spin moment: {S} , |S| = {        0.0        0.0    6.71836 }     6.71836
   scf:   13   -34879.670419   -34879.670406   -34879.695774  0.002154 -6.458688  0.021136
     spin moment: {S} , |S| = {        0.0        0.0    6.72086 }     6.72086
   scf:   14   -34879.670433   -34879.670421   -34879.695783  0.000384 -6.458734  0.007811
     spin moment: {S} , |S| = {        0.0        0.0    6.72113 }     6.72113

SCF Convergence by DM criterion
max |DM_out - DM_in|         :     0.0003842733
max |H_out - H_in|      (eV) :     0.0078105952
SCF cycle converged after 14 iterations

Using DM_out to compute the final energy and forces
No. of atoms with KB's overlaping orbs in proc 0. Max # of overlaps:     162     630

siesta: E_KS(eV) =           -34879.6704

siesta: Atomic forces (eV/Ang):
     1   -0.000000   -0.000000   -0.021932
     2    0.000000   -0.000000    0.055022
     3   -0.000000   -0.000000    0.000037
     4   -0.000000   -0.000000   -0.055019
     5    0.000000    0.000000    0.021893
     6    0.000000   -0.000000   -0.090265
     7    0.000000    0.000000    0.090244
     8   -0.000000    0.000000    0.000055
----------------------------------------
   Tot   -0.000000    0.000000    0.000034
----------------------------------------
   Max    0.090265
   Res    0.031163    sqrt( Sum f_i^2 / 3N )
----------------------------------------
   Max    0.090265    constrained

Stress tensor Voigt[x,y,z,yz,xz,xy] (kbar):        1.62        1.62       -0.19       -0.00        0.00        0.00
(Free)E + p*V (eV/cell)   -34879.7492
Target enthalpy (eV/cell)   -34879.6958

siesta: Stress tensor (static) (eV/Ang**3):
         0.001009   -0.000000    0.000000
         0.000000    0.001009   -0.000000
         0.000000   -0.000000   -0.000116

siesta: Pressure (static):         -1.01612831  kBar

siesta: Stress tensor (total) (eV/Ang**3):
         0.001009   -0.000000    0.000000
         0.000000    0.001009   -0.000000
         0.000000   -0.000000   -0.000116

siesta: Pressure (total):         -1.01612831  kBar

cgvc: Finished line minimization    2.  Mean atomic displacement =    0.0172

                     ====================================
                        Begin CG opt. move =      5
                     ====================================
k-point displ. along   1 input, could be:     0.00    0.50
k-point displ. along   2 input, could be:     0.00    0.50
 Kpoints in:           24 . Kpoints trimmed:           22

siesta: k-grid: Number of k-points = 22
siesta: k-points from Monkhorst-Pack grid
siesta: k-cutoff (effective) =     6.973 Ang
siesta: k-point supercell and displacements
siesta: k-grid:     6     0     0      0.000
siesta: k-grid:     0     6     0      0.000
siesta: k-grid:     0     0     1      0.000

superc: Internal auxiliary supercell:     9 x     9 x     3  =     243
superc: Number of atoms, orbitals, and projectors:   1944  48600  34992

outcell: Unit cell vectors (Ang):
        2.456863   -0.000000   -0.000000
       -0.000000    2.456863    0.000000
       -0.000000    0.000000   13.945722

outcell: Cell vector modules (Ang)   :    2.456863    2.456863   13.945722
outcell: Cell angles (23,13,12) (deg):     90.0000     90.0000     90.0000
outcell: Cell volume (Ang**3)        :     84.1788
<dSpData1D:S at geom step 5
  <sparsity:sparsity for geom step 5
    nrows_g=200 nrows=10 sparsity=1.0069 nnzs=40276, refcount: 7>
  <dData1D:(new from dSpData1D) n=40276, refcount: 1>
refcount: 1>
new_DM -- step:     6
Re-using DM from previous geometries...
Number of DMs in history: 1
 DM extrapolation coefficients: 
1   1.00000
New DM after history re-use:
<dSpData2D:SpM extrapolated using coords
  <sparsity:sparsity for geom step 5
    nrows_g=200 nrows=10 sparsity=1.0069 nnzs=40276, refcount: 9>
  <dData2D:(temp array for extrapolation) n=40276 m=2, refcount: 1>
refcount: 1>
No. of atoms with KB's overlaping orbs in proc 0. Max # of overlaps:     162     630

InitMesh: MESH = 30 x 30 x 150 = 135000
InitMesh: Mesh cutoff (required, used) =   300.000   319.744 Ry
New grid distribution [1]: sub = 2
New grid distribution [2]: sub = 2
New grid distribution [3]: sub = 2
Setting up quadratic distribution...

        iscf     Eharris(eV)        E_KS(eV)     FreeEng(eV)     dDmax    Ef(eV) dHmax(eV)
   scf:    1   -34864.953355   -34874.769229   -34874.795004  0.156807 -6.457927 16.910821
     spin moment: {S} , |S| = {        0.0        0.0    6.25225 }     6.25225
   scf:    2     9389.598084   -20220.780518   -20220.795901277.782084  0.610537865.485998
     spin moment: {S} , |S| = {        0.0        0.0    1.25631 }     1.25631
   scf:    3   -35913.110944   -34862.869529   -34862.896577277.661825 -6.474200 33.889229
     spin moment: {S} , |S| = {        0.0        0.0    7.71233 }     7.71233
   scf:    4   -34885.047161   -34877.756983   -34877.785297  0.281551 -6.465322 10.938546
     spin moment: {S} , |S| = {        0.0        0.0    7.09692 }     7.09692
   scf:    5   -34880.260627   -34879.564160   -34879.590546  0.129985 -6.463769  2.597053
     spin moment: {S} , |S| = {        0.0        0.0    6.83296 }     6.83296
   scf:    6   -34879.566861   -34879.565513   -34879.591895  0.000250 -6.463768  2.581638
     spin moment: {S} , |S| = {        0.0        0.0    6.83245 }     6.83245

SCF Convergence by DM criterion
max |DM_out - DM_in|         :     0.0002495565
max |H_out - H_in|      (eV) :     2.5816384525
SCF cycle converged after 6 iterations

Using DM_out to compute the final energy and forces
No. of atoms with KB's overlaping orbs in proc 0. Max # of overlaps:     162     630

siesta: E_KS(eV) =           -34879.5655

siesta: Atomic forces (eV/Ang):
     1    0.000001   -0.000001   -0.042408
     2    0.000001    0.000003   -0.081519
     3    0.000001   -0.000001   -0.001558
     4    0.000000    0.000001    0.080462
     5   -0.000001   -0.000001    0.043464
     6   -0.000000   -0.000000    0.400861
     7    0.000000   -0.000000   -0.401208
     8   -0.000003   -0.000003    0.001907
----------------------------------------
   Tot   -0.000000   -0.000002    0.000000
----------------------------------------
   Max    0.401208
   Res    0.118756    sqrt( Sum f_i^2 / 3N )
----------------------------------------
   Max    0.401208    constrained

Stress tensor Voigt[x,y,z,yz,xz,xy] (kbar):        8.06        8.06       11.39        0.00       -0.00        0.00
(Free)E + p*V (eV/cell)   -34880.0737
Target enthalpy (eV/cell)   -34879.5919

siesta: Stress tensor (static) (eV/Ang**3):
         0.005031    0.000000   -0.000000
         0.000000    0.005031   -0.000000
        -0.000000    0.000000    0.007109

siesta: Pressure (static):         -9.17009478  kBar

siesta: Stress tensor (total) (eV/Ang**3):
         0.005031    0.000000   -0.000000
         0.000000    0.005031   -0.000000
        -0.000000    0.000000    0.007109

siesta: Pressure (total):         -9.17009478  kBar

                     ====================================
                        Begin CG opt. move =      6
                     ====================================
k-point displ. along   1 input, could be:     0.00    0.50
k-point displ. along   2 input, could be:     0.00    0.50
 Kpoints in:           24 . Kpoints trimmed:           22

siesta: k-grid: Number of k-points = 22
siesta: k-points from Monkhorst-Pack grid
siesta: k-cutoff (effective) =     6.969 Ang
siesta: k-point supercell and displacements
siesta: k-grid:     6     0     0      0.000
siesta: k-grid:     0     6     0      0.000
siesta: k-grid:     0     0     1      0.000

superc: Internal auxiliary supercell:     9 x     9 x     3  =     243
superc: Number of atoms, orbitals, and projectors:   1944  48600  34992

outcell: Unit cell vectors (Ang):
        2.458214   -0.000000   -0.000000
       -0.000000    2.458214    0.000000
       -0.000000    0.000000   13.938118

outcell: Cell vector modules (Ang)   :    2.458214    2.458214   13.938118
outcell: Cell angles (23,13,12) (deg):     90.0000     90.0000     90.0000
outcell: Cell volume (Ang**3)        :     84.2255
<dSpData1D:S at geom step 6
  <sparsity:sparsity for geom step 6
    nrows_g=200 nrows=10 sparsity=.9909 nnzs=39636, refcount: 7>
  <dData1D:(new from dSpData1D) n=39636, refcount: 1>
refcount: 1>
new_DM -- step:     7
Re-using DM from previous geometries...
Number of DMs in history: 1
 DM extrapolation coefficients: 
1   1.00000
New DM after history re-use:
<dSpData2D:SpM extrapolated using coords
  <sparsity:sparsity for geom step 6
    nrows_g=200 nrows=10 sparsity=.9909 nnzs=39636, refcount: 9>
  <dData2D:(temp array for extrapolation) n=39636 m=2, refcount: 1>
refcount: 1>
No. of atoms with KB's overlaping orbs in proc 0. Max # of overlaps:     162     630

InitMesh: MESH = 30 x 30 x 150 = 135000
InitMesh: Mesh cutoff (required, used) =   300.000   320.093 Ry
New grid distribution [1]: sub = 2
New grid distribution [2]: sub = 2
New grid distribution [3]: sub = 2
Setting up quadratic distribution...

        iscf     Eharris(eV)        E_KS(eV)     FreeEng(eV)     dDmax    Ef(eV) dHmax(eV)
   scf:    1   -33119.305047   -34295.891240   -34295.918315  1.272719 -5.860331183.191218
     spin moment: {S} , |S| = {        0.0        0.0    3.09766 }     3.09766
   scf:    2   326543.448055    81951.641975    81951.636727**********-21.893862**********
     spin moment: {S} , |S| = {        0.0        0.0    0.17914 }     0.17914
   scf:    3   -70619.573441   -29451.989954   -29452.009431********** -2.629124553.783649
     spin moment: {S} , |S| = {        0.0        0.0    2.82026 }     2.82026
   scf:    4   -27216.146708   -28359.086986   -28359.103158 29.804295 -2.067322605.502936
     spin moment: {S} , |S| = {        0.0        0.0    2.08264 }     2.08264
   scf:    5   -31409.286172   -29959.051807   -29959.070358 34.651740 -2.828014516.669082
     spin moment: {S} , |S| = {        0.0        0.0    3.16564 }     3.16564
   scf:    6   -32399.875099   -31232.770241   -31232.800353 13.972423 -3.704397427.998110
     spin moment: {S} , |S| = {        0.0        0.0    2.85998 }     2.85998
   scf:    7   -33939.978087   -32682.580235   -32682.606801  8.925929 -5.087145337.810537
     spin moment: {S} , |S| = {        0.0        0.0    3.89564 }     3.89564
   scf:    8   -35527.170114   -34762.483862   -34762.504861  3.555636 -6.417194 79.110702
     spin moment: {S} , |S| = {        0.0        0.0    7.89781 }     7.89781
   scf:    9   -34681.264217   -34724.022287   -34724.036632  0.125795 -6.364729 91.939129
     spin moment: {S} , |S| = {        0.0        0.0    7.94448 }     7.94448
   scf:   10   -32220.170790   -34204.221804   -34204.246315  1.748964 -5.697156196.167652
     spin moment: {S} , |S| = {        0.0        0.0    2.91864 }     2.91864
   scf:   11   -35089.818827   -34813.061082   -34813.090474  0.968466 -6.380760 59.431552
     spin moment: {S} , |S| = {        0.0        0.0    4.67196 }     4.67196
   scf:   12   -34860.427200   -34839.866695   -34839.900978  0.265912 -6.391123 47.578193
     spin moment: {S} , |S| = {        0.0        0.0    5.34855 }     5.34855
   scf:   13   -34655.124431   -34760.699548   -34760.723438  0.599921 -6.367396 83.612121
     spin moment: {S} , |S| = {        0.0        0.0    3.85825 }     3.85825
   scf:   14   -34694.006505   -34849.341551   -34849.361587  1.084902 -6.468371 42.374955
     spin moment: {S} , |S| = {        0.0        0.0    7.68343 }     7.68343
   scf:   15   -34763.749984   -34854.096763   -34854.133099  0.695917 -6.430399 37.536288
     spin moment: {S} , |S| = {        0.0        0.0    5.49526 }     5.49526
   scf:   16   -34887.896228   -34877.720585   -34877.745257  0.269163 -6.464378 11.123784
     spin moment: {S} , |S| = {        0.0        0.0    6.43004 }     6.43004
   scf:   17   -34880.133913   -34879.576214   -34879.601452  0.054277 -6.472975  2.396019
     spin moment: {S} , |S| = {        0.0        0.0    6.64130 }     6.64130
   scf:   18   -34878.955218   -34879.485824   -34879.513130  0.072638 -6.476974  3.031515
     spin moment: {S} , |S| = {        0.0        0.0    6.76323 }     6.76323
   scf:   19   -34879.716158   -34879.626897   -34879.653439  0.019085 -6.473024  1.302109
     spin moment: {S} , |S| = {        0.0        0.0    6.72051 }     6.72051
   scf:   20   -34879.664209   -34879.647637   -34879.673969  0.005085 -6.471173  0.946301
     spin moment: {S} , |S| = {        0.0        0.0    6.70841 }     6.70841
   scf:   21   -34879.666776   -34879.669096   -34879.694915  0.013699 -6.462706  0.178436
     spin moment: {S} , |S| = {        0.0        0.0    6.69175 }     6.69175
   scf:   22   -34879.668324   -34879.669381   -34879.695058  0.014996 -6.456313  0.177373
     spin moment: {S} , |S| = {        0.0        0.0    6.69151 }     6.69151
   scf:   23   -34879.670236   -34879.670072   -34879.695763  0.003107 -6.458526  0.078289
     spin moment: {S} , |S| = {        0.0        0.0    6.69160 }     6.69160
   scf:   24   -34879.669949   -34879.670240   -34879.695903  0.006465 -6.456807  0.120288
     spin moment: {S} , |S| = {        0.0        0.0    6.69895 }     6.69895
   scf:   25   -34879.670613   -34879.670472   -34879.696067  0.001921 -6.456550  0.047010
     spin moment: {S} , |S| = {        0.0        0.0    6.69835 }     6.69835
   scf:   26   -34879.670523   -34879.670499   -34879.696082  0.000832 -6.456554  0.053132
     spin moment: {S} , |S| = {        0.0        0.0    6.69940 }     6.69940
   scf:   27   -34879.670850   -34879.670671   -34879.696176  0.003916 -6.457482  0.045873
     spin moment: {S} , |S| = {        0.0        0.0    6.70470 }     6.70470
   scf:   28   -34879.671149   -34879.670900   -34879.696281  0.006857 -6.458985  0.040333
     spin moment: {S} , |S| = {        0.0        0.0    6.71411 }     6.71411
   scf:   29   -34879.670976   -34879.670938   -34879.696297  0.001302 -6.459207  0.039047
     spin moment: {S} , |S| = {        0.0        0.0    6.71597 }     6.71597
   scf:   30   -34879.670979   -34879.670958   -34879.696310  0.000496 -6.459200  0.032964
     spin moment: {S} , |S| = {        0.0        0.0    6.71723 }     6.71723

SCF Convergence by DM criterion
max |DM_out - DM_in|         :     0.0004963259
max |H_out - H_in|      (eV) :     0.0329643634
SCF cycle converged after 30 iterations

Using DM_out to compute the final energy and forces
No. of atoms with KB's overlaping orbs in proc 0. Max # of overlaps:     162     630

siesta: E_KS(eV) =           -34879.6710

siesta: Atomic forces (eV/Ang):
     1   -0.000001   -0.000000   -0.014630
     2    0.000000    0.000000    0.039548
     3    0.000000   -0.000001    0.000062
     4    0.000000    0.000000   -0.039510
     5   -0.000001   -0.000000    0.014186
     6   -0.000000    0.000000   -0.059216
     7   -0.000000   -0.000000    0.059697
     8    0.000000   -0.000001   -0.000130
----------------------------------------
   Tot   -0.000001   -0.000001    0.000007
----------------------------------------
   Max    0.059697
   Res    0.021026    sqrt( Sum f_i^2 / 3N )
----------------------------------------
   Max    0.059697    constrained

Stress tensor Voigt[x,y,z,yz,xz,xy] (kbar):        1.47        1.47        0.14        0.00        0.00       -0.00
(Free)E + p*V (eV/cell)   -34879.7504
Target enthalpy (eV/cell)   -34879.6963

siesta: Stress tensor (static) (eV/Ang**3):
         0.000919   -0.000000    0.000000
        -0.000000    0.000919    0.000000
         0.000000    0.000000    0.000088

siesta: Pressure (static):         -1.02851363  kBar

siesta: Stress tensor (total) (eV/Ang**3):
         0.000919   -0.000000    0.000000
        -0.000000    0.000919    0.000000
         0.000000    0.000000    0.000088

siesta: Pressure (total):         -1.02851363  kBar

cgvc: Finished line minimization    3.  Mean atomic displacement =    0.0035

                     ====================================
                        Begin CG opt. move =      7
                     ====================================
k-point displ. along   1 input, could be:     0.00    0.50
k-point displ. along   2 input, could be:     0.00    0.50
 Kpoints in:           24 . Kpoints trimmed:           22

siesta: k-grid: Number of k-points = 22
siesta: k-points from Monkhorst-Pack grid
siesta: k-cutoff (effective) =     6.968 Ang
siesta: k-point supercell and displacements
siesta: k-grid:     6     0     0      0.000
siesta: k-grid:     0     6     0      0.000
siesta: k-grid:     0     0     1      0.000

superc: Internal auxiliary supercell:     9 x     9 x     3  =     243
superc: Number of atoms, orbitals, and projectors:   1944  48600  34992

outcell: Unit cell vectors (Ang):
        2.457864    0.000000   -0.000000
        0.000000    2.457864   -0.000000
       -0.000000   -0.000000   13.936780

outcell: Cell vector modules (Ang)   :    2.457864    2.457864   13.936780
outcell: Cell angles (23,13,12) (deg):     90.0000     90.0000     90.0000
outcell: Cell volume (Ang**3)        :     84.1934
<dSpData1D:S at geom step 7
  <sparsity:sparsity for geom step 7
    nrows_g=200 nrows=10 sparsity=.9909 nnzs=39636, refcount: 7>
  <dData1D:(new from dSpData1D) n=39636, refcount: 1>
refcount: 1>
new_DM -- step:     8
Re-using DM from previous geometries...
Number of DMs in history: 1
 DM extrapolation coefficients: 
1   1.00000
New DM after history re-use:
<dSpData2D:SpM extrapolated using coords
  <sparsity:sparsity for geom step 7
    nrows_g=200 nrows=10 sparsity=.9909 nnzs=39636, refcount: 9>
  <dData2D:(temp array for extrapolation) n=39636 m=2, refcount: 1>
refcount: 1>
No. of atoms with KB's overlaping orbs in proc 0. Max # of overlaps:     162     630

InitMesh: MESH = 30 x 30 x 150 = 135000
InitMesh: Mesh cutoff (required, used) =   300.000   320.155 Ry
New grid distribution [1]: sub = 2
New grid distribution [2]: sub = 2
New grid distribution [3]: sub = 2
Setting up quadratic distribution...

        iscf     Eharris(eV)        E_KS(eV)     FreeEng(eV)     dDmax    Ef(eV) dHmax(eV)
   scf:    1   -34878.074322   -34879.142864   -34879.166514  0.082498 -6.460286  5.639975
     spin moment: {S} , |S| = {        0.0        0.0    6.56952 }     6.56952
   scf:    2   -25536.648596   -31781.644971   -31781.664711  5.136313 -4.348264425.084232
     spin moment: {S} , |S| = {        0.0        0.0    3.53197 }     3.53197
   scf:    3   -34966.747422   -34879.019980   -34879.046871  5.099046 -6.459493  6.491296
     spin moment: {S} , |S| = {        0.0        0.0    6.97785 }     6.97785
   scf:    4   -34879.867187   -34879.601218   -34879.627272  0.108784 -6.460257  2.128032
     spin moment: {S} , |S| = {        0.0        0.0    6.80267 }     6.80267
   scf:    5   -34879.628682   -34879.615511   -34879.641502  0.004666 -6.460282  1.904198
     spin moment: {S} , |S| = {        0.0        0.0    6.79513 }     6.79513
   scf:    6   -34879.595678   -34879.605789   -34879.631825  0.003280 -6.460265  2.062217
     spin moment: {S} , |S| = {        0.0        0.0    6.80044 }     6.80044
   scf:    7   -34879.664450   -34879.637747   -34879.663612  0.012109 -6.460298  1.476910
     spin moment: {S} , |S| = {        0.0        0.0    6.78088 }     6.78088
   scf:    8   -34879.682602   -34879.667456   -34879.693021  0.019369 -6.460313  0.502682
     spin moment: {S} , |S| = {        0.0        0.0    6.74902 }     6.74902
   scf:    9   -34879.672278   -34879.670345   -34879.695830  0.004658 -6.460283  0.252023
     spin moment: {S} , |S| = {        0.0        0.0    6.74122 }     6.74122
   scf:   10   -34879.671332   -34879.671317   -34879.696722  0.004030 -6.460163  0.014012
     spin moment: {S} , |S| = {        0.0        0.0    6.73429 }     6.73429
   scf:   11   -34879.671327   -34879.671325   -34879.696739  0.001772 -6.460010  0.013557
     spin moment: {S} , |S| = {        0.0        0.0    6.73691 }     6.73691
   scf:   12   -34879.671316   -34879.671321   -34879.696740  0.000586 -6.459994  0.022011
     spin moment: {S} , |S| = {        0.0        0.0    6.73791 }     6.73791
   scf:   13   -34879.671323   -34879.671322   -34879.696743  0.000308 -6.459992  0.020917
     spin moment: {S} , |S| = {        0.0        0.0    6.73854 }     6.73854

SCF Convergence by DM criterion
max |DM_out - DM_in|         :     0.0003083932
max |H_out - H_in|      (eV) :     0.0209173071
SCF cycle converged after 13 iterations

Using DM_out to compute the final energy and forces
No. of atoms with KB's overlaping orbs in proc 0. Max # of overlaps:     162     630

siesta: E_KS(eV) =           -34879.6713

siesta: Atomic forces (eV/Ang):
     1   -0.000000   -0.000000    0.030172
     2   -0.000001   -0.000002    0.019923
     3   -0.000000    0.000001    0.000025
     4   -0.000000   -0.000000   -0.019984
     5   -0.000001   -0.000000   -0.029745
     6   -0.000000    0.000001   -0.020444
     7    0.000000   -0.000001    0.019833
     8   -0.000002    0.000000    0.000220
----------------------------------------
   Tot   -0.000004   -0.000001    0.000000
----------------------------------------
   Max    0.030172
   Res    0.011907    sqrt( Sum f_i^2 / 3N )
----------------------------------------
   Max    0.030172    constrained

Stress tensor Voigt[x,y,z,yz,xz,xy] (kbar):       -0.41       -0.41       -1.89       -0.00        0.00       -0.00
(Free)E + p*V (eV/cell)   -34879.6491
Target enthalpy (eV/cell)   -34879.6967

siesta: Stress tensor (static) (eV/Ang**3):
        -0.000257   -0.000000    0.000000
        -0.000000   -0.000257   -0.000000
         0.000000   -0.000000   -0.001182

siesta: Pressure (static):          0.90576093  kBar

siesta: Stress tensor (total) (eV/Ang**3):
        -0.000257   -0.000000    0.000000
        -0.000000   -0.000257   -0.000000
         0.000000   -0.000000   -0.001182

siesta: Pressure (total):          0.90576093  kBar

outcoor: Relaxed atomic coordinates (fractional):           
   -0.00000003   -0.00000000    0.00223375   1       1  Ni
    0.50000001    0.50000001    0.12517712   1       2  Ni
    0.00000000   -0.00000002    0.25000004   1       3  Ni
    0.50000001    0.50000000    0.37482293   1       4  Ni
   -0.00000002   -0.00000001    0.49776438   1       5  Ni
    0.49999999    0.50000001    0.62356317   1       6  Ni
    0.50000000    0.50000000    0.87643938   1       7  Ni
    0.00000001   -0.00000001    0.74999915   2       8  Mn

outcell: Unit cell vectors (Ang):
        2.457864    0.000000   -0.000000
        0.000000    2.457864   -0.000000
       -0.000000   -0.000000   13.936780

outcell: Cell vector modules (Ang)   :    2.457864    2.457864   13.936780
outcell: Cell angles (23,13,12) (deg):     90.0000     90.0000     90.0000
outcell: Cell volume (Ang**3)        :     84.1934

coxmol: Writing XMOL coordinates into file hea.xyz                                                                                                                                                                                                                             
Writing WFSX for COOP/COHP in hea.fullBZ.WFSX

diag: Algorithm                                     = D&C
diag: Parallel over k                               =   F
diag: Use parallel 2D distribution                  =   T
diag: Parallel block-size                           = 5
diag: Parallel distribution                         =     6 x     6
diag: Used triangular part                          = Lower
diag: Absolute tolerance                            =  0.100E-15
diag: Orthogonalization factor                      =  0.100E-05
diag: Memory factor                                 =  1.0000

diag: Algorithm                                     = D&C
diag: Parallel over k                               =   F
diag: Use parallel 2D distribution                  =   T
diag: Parallel block-size                           = 5
diag: Parallel distribution                         =     6 x     6
diag: Used triangular part                          = Lower
diag: Absolute tolerance                            =  0.100E-15
diag: Orthogonalization factor                      =  0.100E-05
diag: Memory factor                                 =  1.0000

siesta: PDOS info
siesta: E1 -- E2, sigma [eV], nhist:  -20.000 --   20.000    0.100 1000

diag: Algorithm                                     = D&C
diag: Parallel over k                               =   F
diag: Use parallel 2D distribution                  =   T
diag: Parallel block-size                           = 5
diag: Parallel distribution                         =     6 x     6
diag: Used triangular part                          = Lower
diag: Absolute tolerance                            =  0.100E-15
diag: Orthogonalization factor                      =  0.100E-05
diag: Memory factor                                 =  1.0000

siesta: Program's energy decomposition (eV):
siesta: Ebs     =     -5658.918180
siesta: Eions   =     44525.357332
siesta: Ena     =      2997.027833
siesta: Ekin    =     16334.469237
siesta: Enl     =     -5230.104781
siesta: Eso     =         0.000000
siesta: Edftu   =         0.000000
siesta: DEna    =        77.258430
siesta: DUscf   =         0.975077
siesta: DUext   =         0.000000
siesta: Ex      =     -4276.045842
siesta: Ec      =      -257.893944
siesta: Exc     =     -4533.939786
siesta: EbV     =         0.000000
siesta: eta*DQ  =         0.000000
siesta: Emadel  =         0.000000
siesta: Emeta   =         0.000000
siesta: Emolmec =         0.000000
siesta: Ekinion =         0.000000
siesta: Eharris =    -34879.671323
siesta: Etot    =    -34879.671322
siesta: FreeEng =    -34879.696743

siesta: Final energy (eV):
siesta:  Band Struct. =   -5658.918180
siesta:       Kinetic =   16334.469237
siesta:       Hartree =    9521.233068
siesta:         Edftu =       0.000000
siesta:       Eso     =       0.000000
siesta:    Ext. field =       0.000000
siesta:         Exch. =   -4276.045842
siesta:         Corr. =    -257.893944
siesta:     Bulk bias =       0.000000
siesta:   Exch.-corr. =   -4533.939786
siesta:  Ion-electron =  -36392.529060
siesta:       Ion-ion =  -19808.904780
siesta:       Ekinion =       0.000000
siesta: D3 dispersion =       0.000000
siesta:         Total =  -34879.671322
siesta:         Fermi =      -6.459992

siesta: Stress tensor (static) (eV/Ang**3):
siesta:    -0.000257   -0.000000    0.000000
siesta:    -0.000000   -0.000257   -0.000000
siesta:     0.000000   -0.000000   -0.001182

siesta: Constrained stress tensor (static) (eV/Ang**3):
siesta:    -0.000257   -0.000000    0.000000
siesta:    -0.000000   -0.000257   -0.000000
siesta:     0.000000   -0.000000   -0.001182

siesta: Cell volume =         84.193440 Ang**3

siesta: Pressure (static):
siesta:                Solid            Molecule  Units
siesta:           0.00000616          0.00001513  Ry/Bohr**3
siesta:           0.00056533          0.00138911  eV/Ang**3
siesta:           0.90576093          2.22560557  kBar
(Free)E+ p_basis*V_orbitals  =      -34857.414861
(Free)Eharris+ p_basis*V_orbitals  =      -34857.414862

mulliken: Atomic and Orbital Populations:

mulliken: Spin UP 

Species: Ni                  
Atom  Qatom  Qorb
               3s      4s      4s      4s      3py     3pz     3px     4py     
               4pz     4px     3dxy    3dyz    3dz2    3dxz    3dx2-y2 3dxy    
               3dyz    3dz2    3dxz    3dx2-y2 3dxy    3dyz    3dz2    3dxz    
               3dx2-y2 
   1  9.306   0.991  -0.034   0.047   0.113   0.998   0.999   0.998   0.170
              0.174   0.170   1.186   1.255   1.201   1.255   1.251  -0.051

             -0.054  -0.053  -0.054  -0.054  -0.196  -0.267  -0.204  -0.267

             -0.266
   2  9.341   0.990  -0.007   0.050   0.092   0.998   0.998   0.998   0.172
              0.176   0.172   1.186   1.260   1.190   1.260   1.253  -0.047

             -0.051  -0.050  -0.051  -0.052  -0.194  -0.268  -0.197  -0.268

             -0.268
   3  9.348   0.990   0.037   0.041   0.066   0.998   0.999   0.998   0.170
              0.175   0.170   1.186   1.255   1.189   1.255   1.251  -0.048

             -0.051  -0.049  -0.051  -0.052  -0.193  -0.264  -0.196  -0.264

             -0.266
   4  9.341   0.990  -0.007   0.050   0.092   0.998   0.998   0.998   0.172
              0.176   0.172   1.186   1.260   1.190   1.260   1.253  -0.047

             -0.051  -0.050  -0.051  -0.052  -0.194  -0.268  -0.197  -0.268

             -0.268
   5  9.306   0.991  -0.034   0.047   0.113   0.998   0.999   0.998   0.170
              0.174   0.170   1.186   1.255   1.201   1.255   1.251  -0.051

             -0.054  -0.053  -0.054  -0.054  -0.196  -0.267  -0.204  -0.267

             -0.266
   6  9.194   0.988  -0.130   0.055   0.164   0.998   0.998   0.998   0.173
              0.178   0.173   1.144   1.211   1.200   1.211   1.249  -0.050

             -0.052  -0.045  -0.052  -0.047  -0.183  -0.254  -0.209  -0.254

             -0.269
   7  9.194   0.988  -0.130   0.055   0.164   0.998   0.998   0.998   0.173
              0.178   0.173   1.144   1.211   1.200   1.211   1.249  -0.050

             -0.052  -0.045  -0.052  -0.047  -0.183  -0.254  -0.209  -0.254

             -0.269

Species: Mn                  
Atom  Qatom  Qorb
               3s      4s      4s      4s      3py     3pz     3px     4py     
               4pz     4px     3dxy    3dyz    3dz2    3dxz    3dx2-y2 3dxy    
               3dyz    3dz2    3dxz    3dx2-y2 3dxy    3dyz    3dz2    3dxz    
               3dx2-y2 
   8  8.839   1.005   0.256   0.016  -0.057   0.994   0.994   0.994   0.166
              0.165   0.166   1.215   1.306   1.267   1.306   1.306  -0.078

             -0.092  -0.082  -0.092  -0.134  -0.327  -0.420  -0.279  -0.420

             -0.336

mulliken: Qtot =       73.869

mulliken: Spin DOWN 

Species: Ni                  
Atom  Qatom  Qorb
               3s      4s      4s      4s      3py     3pz     3px     4py     
               4pz     4px     3dxy    3dyz    3dz2    3dxz    3dx2-y2 3dxy    
               3dyz    3dz2    3dxz    3dx2-y2 3dxy    3dyz    3dz2    3dxz    
               3dx2-y2 
   1  8.680   0.984  -0.015   0.069   0.090   0.999   0.999   0.999   0.183
              0.180   0.183   1.098   1.068   1.140   1.068   1.130  -0.073

             -0.072  -0.073  -0.072  -0.074  -0.190  -0.240  -0.204  -0.240

             -0.255
   2  8.656   0.983  -0.007   0.076   0.072   0.999   0.998   0.999   0.184
              0.187   0.184   1.082   1.058   1.139   1.058   1.135  -0.071

             -0.069  -0.072  -0.069  -0.074  -0.188  -0.243  -0.203  -0.243

             -0.261
   3  8.657   0.984   0.020   0.069   0.056   0.999   0.999   0.999   0.184
              0.184   0.184   1.106   1.061   1.123   1.061   1.112  -0.072

             -0.070  -0.072  -0.070  -0.073  -0.192  -0.241  -0.198  -0.241

             -0.254
   4  8.656   0.983  -0.007   0.076   0.072   0.999   0.998   0.999   0.184
              0.187   0.184   1.082   1.058   1.139   1.058   1.135  -0.071

             -0.069  -0.072  -0.069  -0.074  -0.188  -0.243  -0.203  -0.243

             -0.261
   5  8.680   0.984  -0.015   0.069   0.090   0.999   0.999   0.999   0.183
              0.180   0.183   1.098   1.068   1.140   1.068   1.130  -0.073

             -0.072  -0.073  -0.072  -0.074  -0.190  -0.240  -0.204  -0.240

             -0.255
   6  8.691   0.982  -0.232   0.103   0.189   0.998   0.998   0.998   0.199
              0.201   0.199   1.136   1.145   1.014   1.145   1.040  -0.071

             -0.072  -0.067  -0.072  -0.065  -0.185  -0.247  -0.170  -0.247

             -0.227
   7  8.691   0.982  -0.232   0.103   0.189   0.998   0.998   0.998   0.199
              0.201   0.199   1.136   1.145   1.014   1.145   1.040  -0.071

             -0.072  -0.067  -0.072  -0.065  -0.185  -0.247  -0.170  -0.247

             -0.227

Species: Mn                  
Atom  Qatom  Qorb
               3s      4s      4s      4s      3py     3pz     3px     4py     
               4pz     4px     3dxy    3dyz    3dz2    3dxz    3dx2-y2 3dxy    
               3dyz    3dz2    3dxz    3dx2-y2 3dxy    3dyz    3dz2    3dxz    
               3dx2-y2 
   8  6.422   0.978   0.453   0.033  -0.222   0.991   0.993   0.991   0.144
              0.137   0.144   0.438   0.792   0.312   0.792   0.807  -0.043

             -0.072  -0.036  -0.072  -0.098  -0.114  -0.312  -0.055  -0.312

             -0.249

mulliken: Qtot =       67.131

Mulliken Atomic Populations:
Atom #   charge [q] valence [e]      Sz [e]  Species
     1     0.014367   17.985633    0.626327  Ni
     2     0.003015   17.996985    0.685665  Ni
     3    -0.004850   18.004850    0.690683  Ni
     4     0.003002   17.996998    0.685719  Ni
     5     0.014368   17.985632    0.626316  Ni
     6     0.115256   17.884744    0.503219  Ni
     7     0.115241   17.884759    0.503500  Ni
     8    -0.260398   15.260398    2.417114  Mn
-------------------------------------------
 Total    -0.000000                6.738542

cite: Please indicate the Siesta version in published work: 5.2.2
cite: This calculation has made use of features in the following articles
cite: which we encourage you to cite in published work.
cite: (Please see "hea.bib" for a BibTeX file.)
        Primary SIESTA paper
          DOI: www.doi.org/10.1088/0953-8984/14/11/302
        PSML pseudopotential format
          DOI: www.doi.org/10.1016/j.cpc.2018.02.011


>> End of run:  19-JUN-2025  10:32:01
Job completed
