Executable      : /home/users/felipegc/woltsoft/SIESTA/siesta-5.2.2/build/bin/siesta
Version         : 5.2.2
Architecture    : x86_64
Compiler version: GNU-9.3.0
Compiler flags  : -O3 -march=native
Parallelisations: MPI
Lua support
Native ELPA support
ELSI support. Solvers:
   ELPA (internal) 
   NTPoly
   OMM
DFT-D3 support
Wannier90 wrapper support

Runtime information:
* Directory : /home/users/felipegc/MnGaNi/top/structure_calc_113
* Running on 36 nodes in parallel.
>> Start of run:  16-JUN-2025  19:28:19

                           *********************** 
                           *  WELCOME TO SIESTA  * 
                           *********************** 

 NOTE: Siesta V5 introduces some new defaults for basis-set generation
 NOTE: which might lead to slightly different numerical results.
 NOTE: Please see the manual for full details and compatibility measures.


reinit: Reading from standard input
reinit: Dumping input in INPUT_TMP.54506
************************** Dump of input data file ****************************
SystemName          hea
SystemLabel         hea
Reparametrize.Pseudos T
Restricted.Radial.Grid F
%include atoms.fdf
MaxSCFIterations     20000
SCF.Mix              Hamiltonian
SCF.Mixer.Method     Broyden
#SCF.Mixer.Variant    original #Pulay original
SCF.Mixer.History    8
SCF.Mixer.Weight     0.07
SCF.H.Converge       False
SCF.DM.Converge      True
SCF.DM.Tolerance     5.d-4
SCF.H.Tolerance      5.d-3 eV
MeshCutoff 300.0 Ry
MD.UseSaveCG         False
DM.UseSaveDM         False
NumberOfEigenStates -20
ElectronicTemperature 300 K
WriteCoorXmol        True
XC.Functional     GGA
XC.authors        PBEsol
SpinPolarized      True
SolutionMethod       diagon
#Diag.Algorithm        MRRR
###################################
###################################
# Full template for Basis param.
###################################
###################################
Basis.Pressure 0.3 GPa
PAO.SoftDefault T
PAO.SoftPotential 50.0 Ry
PAO.SoftInnerRadius 0.70
PAO.BasisType split
PAO.EnergyShift 0.0019 eV
PAO.BasisSize TZP
PAO.SplitTailNorm T
            %block kgrid_Monkhorst_Pack
            3  0  0  0.
            0  3  0  0.
            0  0  4  0.
            %endblock kgrid_Monkhorst_Pack
            MD.TypeOfRun CG
            MD.Steps         500
            MD.VariableCell true
            MD.MaxForceTol 0.05 eV/Ang
            WriteMDHistory true
            WriteForces true
            Write.OrbitalIndex true
            Charge.Mulliken end
            COOP.Write true
            %block ProjectedDensityOfStates
            -20.00 20.00 0.1 1000 eV
            %endblock ProjectedDensityOfStates
************************** End of input data file *****************************

reinit: -----------------------------------------------------------------------
reinit: System Name: hea
reinit: -----------------------------------------------------------------------
reinit: System Label: hea
reinit: -----------------------------------------------------------------------

NOTE on units for spin output: 
{S} is the spin magnetic moment, in units of the Bohr magneton,
assuming a g-factor for the electron spin of exactly 2.
The spin magnetic moment is then numerically equal to the charge inbalance,
in units of electrons, between the spin-up and -down channels.


initatom: Reading input for the pseudopotentials and atomic orbitals ----------
Species number:   1 Atomic number:   25 Label: Mn

Ground state valence configuration (from tables):   4s02  4p00  3d05  4f00

---- Processing specs for species: Mn
Reading pseudopotential information in PSML from:
  Mn.psml
PSML file version: 1.1
Using libxc ids:  101 130
GGA--PBE XC_GGA_X_PBE--XC_GGA_C_PBE pb
PSML uuid: e5ebd880-be41-11e7-659b-074ddfc7bd15
Semicore shell(s) with  8 electrons included in the valence for Mn

---- Pseudopotential check for Mn

Pseudized shells:
3s( 2.00) rc: 1.41
3p( 6.00) rc: 1.21
3d( 5.00) rc: 1.61
Valence configuration for ps generation: 3s:3p:3d:4s: Total charge:  15.000000
Semicore shell(s): 3s 3p
Fallback to non-perturbative polarization scheme for Mn
Please see the manual if this is not desired in principle
For Mn, standard SIESTA heuristics set lmxkb to 3
 (one more than the basis l, including polarization orbitals).
Use PS.lmax or PS.KBprojectors blocks to override.
Mn pseudopotential only contains V_ls up to l=2 -- lmxkb reset.

<basis_specs>
===============================================================================
Mn                   Z=  25    Mass=  54.938        Charge= 0.17977+309
Lmxo=2 Lmxkb= 2    BasisType=split      Semic=T
L=0  Nsemic=1  Cnfigmx=4
          i=1  nzeta=1  polorb=0  (3s)  (semicore shell)
            splnorm:   0.15000    
               vcte:    50.000    
               rinn:  -0.70000    
               qcoe:    0.0000    
               qyuk:    0.0000    
               qwid:   0.10000E-01
                rcs:    0.0000    
            lambdas:    1.0000    
          i=2  nzeta=3  polorb=0  (4s)  (to be polarized non-perturbatively)
            splnorm:   0.15000    
               vcte:    50.000    
               rinn:  -0.70000    
               qcoe:    0.0000    
               qyuk:    0.0000    
               qwid:   0.10000E-01
                rcs:    0.0000      0.0000      0.0000    
            lambdas:    1.0000      1.0000      1.0000    
L=1  Nsemic=1  Cnfigmx=4
          i=1  nzeta=1  polorb=0  (3p)  (semicore shell)
            splnorm:   0.15000    
               vcte:    50.000    
               rinn:  -0.70000    
               qcoe:    0.0000    
               qyuk:    0.0000    
               qwid:   0.10000E-01
                rcs:    0.0000    
            lambdas:    1.0000    
          i=2  nzeta=1  polorb=0  (4p)  (non-perturbative polarization shell)
            splnorm:   0.15000    
               vcte:    50.000    
               rinn:  -0.70000    
               qcoe:   0.39740-315
               qyuk:    0.0000    
               qwid:   0.69532-309
                rcs:    0.0000    
            lambdas:    1.0000    
L=2  Nsemic=0  Cnfigmx=3
          i=1  nzeta=3  polorb=0  (3d)
            splnorm:   0.15000    
               vcte:    50.000    
               rinn:  -0.70000    
               qcoe:    0.0000    
               qyuk:    0.0000    
               qwid:   0.10000E-01
                rcs:    0.0000      0.0000      0.0000    
            lambdas:    1.0000      1.0000      1.0000    
-------------------------------------------------------------------------------
L=0  Nkbl=2  erefs: 0.17977+309 0.17977+309
L=1  Nkbl=2  erefs: 0.17977+309 0.17977+309
L=2  Nkbl=1  erefs: 0.17977+309
===============================================================================
</basis_specs>

Using PAO.SplitTailNorm
atom: Called for Mn                    (Z =  25)
Maximum radius (at nrval) set to   50.00000 8518

read_vps: Pseudopotential generation method:
read_vps: ONCVPSP-3.Hamann's oncvpsp                        
Valence charge in pseudo generation:   15.00000

read_vps: Pseudopotential includes a core correction:
read_vps: Pseudo-core for xc-correction

xc_check: Exchange-correlation functional:
xc_check: GGA PBEsol
xc_check: WARNING: Pseudopotential generated with GGA PBE functional
Got Vlocal (oncv-fit) from psml data
Choosing vlocal chloc cutoff:  3.504263
qtot up to nchloc:   15.00032895
atom: Maximum radius for chlocal:    3.50426
atom: Maximum radius for r*vlocal+2*Zval:    3.50426
Reading KB projs from Mn psml data
Using scalar-relativistic projectors in PSML file

PSML: Kleinman-Bylander projectors: 
   l= 0   rc=  1.427391   Ekb= 18.471374
   l= 0   rc=  1.430269   Ekb=  3.121111
   l= 1   rc=  1.224702   Ekb=  3.156115
   l= 1   rc=  1.224702   Ekb= -1.424352
   l= 2   rc=  1.630219   Ekb=-13.224142
   l= 2   rc=  1.630219   Ekb= -4.330632

PSML: Total number of  Kleinman-Bylander projectors:  18
atom: -------------------------------------------------------------------------

atom: SANKEY-TYPE ORBITALS:
atom: Selected multiple-zeta basis: split     

SPLIT: Orbitals with angular momentum L= 0

SPLIT: Basis orbitals for state 3s

SPLIT: PAO cut-off radius determined from an
SPLIT: energy shift=  0.000140 Ry
Split based on tail norm

   izeta = 1
                 lambda =    1.000000
                     rc =    3.380000
                 energy =   -6.293298
                kinetic =    2.848567
    potential(screened) =   -9.141865
       potential(ionic) =  -33.519753

SPLIT: Basis orbitals for state 4s

SPLIT: PAO cut-off radius determined from an
SPLIT: energy shift=  0.000140 Ry
Split based on tail norm

   izeta = 1
                 lambda =    1.000000
                     rc =   10.002455
                 energy =   -0.450676
                kinetic =    1.112603
    potential(screened) =   -1.563278
       potential(ionic) =  -13.199632

   izeta = 2
                 rmatch =    5.430276
              splitnorm =    0.150000
                 energy =   -0.360834
                kinetic =    1.875764
    potential(screened) =   -2.236598
       potential(ionic) =  -15.982656

   izeta = 3
                 rmatch =    6.342382
              splitnorm =    0.075000
                 energy =   -0.415048
                kinetic =    1.529261
    potential(screened) =   -1.944310
       potential(ionic) =  -14.865309

SPLIT: Orbitals with angular momentum L= 1

SPLIT: Basis orbitals for state 3p

SPLIT: PAO cut-off radius determined from an
SPLIT: energy shift=  0.000140 Ry
Split based on tail norm

   izeta = 1
                 lambda =    1.000000
                     rc =    3.873861
                 energy =   -3.996757
                kinetic =    6.976018
    potential(screened) =  -10.972775
       potential(ionic) =  -34.563053

SPLIT: Basis orbitals for state 4p
SPLIT: Non-perturbative polarization orbs for state 4s
SPLIT: rc(1st zeta) (re)set to: 10.0025 (expansion factor: 1.0000)
Split based on tail norm

   izeta = 1
                 lambda =    1.000000
                     rc =   10.002455
                 energy =   -0.085879
                kinetic =    0.770317
    potential(screened) =   -0.856196
       potential(ionic) =   -9.409918

SPLIT: Orbitals with angular momentum L= 2

SPLIT: Basis orbitals for state 3d

SPLIT: PAO cut-off radius determined from an
SPLIT: energy shift=  0.000140 Ry
Split based on tail norm

   izeta = 1
                 lambda =    1.000000
                     rc =    7.238756
                 energy =   -0.490123
                kinetic =    9.261574
    potential(screened) =   -9.751697
       potential(ionic) =  -30.334327

   izeta = 2
                 rmatch =    3.144499
              splitnorm =    0.150000
                 energy =   -0.401801
                kinetic =   11.021778
    potential(screened) =  -11.423579
       potential(ionic) =  -33.555539

   izeta = 3
                 rmatch =    3.972182
              splitnorm =    0.075000
                 energy =   -0.464167
                kinetic =   10.072383
    potential(screened) =  -10.536551
       potential(ionic) =  -31.940836
atom: Total number of Sankey-type orbitals: 25

atm_pop: Valence configuration (for local Pseudopot. screening):
 3s( 2.00) 4s( 2.00)                                                  
 3p( 6.00) 4p( 0.00)                                                  
 3d( 5.00)                                                            
Vna: chval, zval:   15.00000  15.00000

Vna:  Cut-off radius for the neutral-atom potential:  10.002455
comcore: Pseudo-core radius Rcore=  2.115123

atom: _________________________________________________________________________

prinput: Basis input 

PAO.BasisType split     

%block ChemicalSpeciesLabel
    1   25 Mn                      # Species index, atomic number, species label
%endblock ChemicalSpeciesLabel

%block PAO.Basis                 # Define Basis set
# WARNING: This information might be incomplete!
Mn                    5                    # Species label, number of l-shells
 n=3   0   1                         # n, l, Nzeta 
   3.380   
   1.000   
 n=4   0   3                         # n, l, Nzeta 
  10.002      5.430      6.342   
   1.000      1.000      1.000   
 n=3   1   1                         # n, l, Nzeta 
   3.874   
   1.000   
 n=4   1   1                         # n, l, Nzeta 
  10.002   
   1.000   
 n=3   2   3                         # n, l, Nzeta 
   7.239      3.144      3.972   
   1.000      1.000      1.000   
%endblock PAO.Basis

prinput: ----------------------------------------------------------------------

coor:   Atomic-coordinates input format  =     Fractional

siesta: Atomic coordinates (Bohr) and species
siesta:      0.00000   0.00000   0.00000  1        1
siesta:      4.70356   0.00000   0.00000  1        2
siesta:      0.00000   4.70356   0.00000  1        3
siesta:      4.70356   4.70356   0.00000  1        4
siesta:      2.35178   2.35178   3.32592  1        5
siesta:      7.05534   2.35178   3.32592  1        6
siesta:      2.35178   7.05534   3.32592  1        7
siesta:      7.05534   7.05534   3.32592  1        8

siesta: System type = bulk      

initatomlists: Number of atoms, orbitals, and projectors:      8   200   144

coxmol: Writing XMOL coordinates into file hea.xyz                                                                                                                                                                                                                             

siesta: ******************** Simulation parameters ****************************
siesta:
siesta: The following are some of the parameters of the simulation.
siesta: A complete list of the parameters used, including default values,
siesta: can be found in file out.fdf
siesta:
redata: Spin configuration                          = collinear
redata: Number of spin components                   = 2
redata: Time-Reversal Symmetry                      = T
redata: Spin spiral                                 = F
redata: Long output                                 =   F
redata: Number of Atomic Species                    =        1
redata: Charge density info will appear in .RHO file
redata: Write Mulliken charges (when)               = end
redata: Write Mulliken Pop.                         = Atomic and Orbital charges
redata: Write Hirshfeld charges (when)              = none
redata: Write Voronoi charges (when)                = none
redata: Write spin charge (when)                    = scf
redata: Matel table size (NRTAB)                    =     1024
redata: Mesh Cutoff                                 =   300.0000 Ry
redata: Net charge of the system                    =     0.0000 |e|
redata: Min. number of SCF Iter                     =        0
redata: Max. number of SCF Iter                     =    20000
redata: SCF convergence failure will abort job
redata: SCF mix quantity                            = Hamiltonian
redata: Mix DM or H after convergence               =   F
redata: Recompute H after scf cycle                 =   F
redata: Mix DM in first SCF step                    =   T
redata: Write Pulay info on disk                    =   F
redata: New DM Occupancy tolerance                  = 0.000000000001
redata: No kicks to SCF
redata: DM Mixing Weight for Kicks                  =     0.5000
redata: Require Harris convergence for SCF          =   F
redata: Harris energy tolerance for SCF             =     0.000100 eV
redata: Require DM convergence for SCF              =   T
redata: DM tolerance for SCF                        =     0.000500
redata: Require EDM convergence for SCF             =   F
redata: EDM tolerance for SCF                       =     0.001000 eV
redata: Require H convergence for SCF               =   F
redata: Hamiltonian tolerance for SCF               =     0.005000 eV
redata: Require (free) Energy convergence for SCF   =   F
redata: (free) Energy tolerance for SCF             =     0.000100 eV
redata: Antiferro initial spin density              =   F
redata: Using DFT-D3 dispersion                     =   F
redata: Using Saved Data (generic)                  =   F
redata: Use continuation files for DM               =   F
redata: Neglect nonoverlap interactions             =   F
redata: Method of Calculation                       = Diagonalization
redata: Electronic Temperature                      =   300.0000 K
redata: Fix the spin of the system                  =   F
redata: Max. number of TDED Iter                    =        1
redata: Number of TDED substeps                     =        3
redata: Dynamics option                             = CG coord. optimization
redata: Variable cell                               =   T
redata: Use continuation files for CG               =   F
redata: Max atomic displ per move                   =     0.1058 Ang
redata: Maximum number of optimization moves        =      500
redata: Force tolerance                             =     0.0500 eV/Ang
redata: Stress tolerance                            =     1.0000 GPa
mix.SCF: Broyden mixing                          = Broyden
mix.SCF:    History steps                        = 8
mix.SCF:    Linear mixing weight                 =     0.070000
mix.SCF:    Inverse Jacobian weight              =     0.070000
mix.SCF:    Weight prime                         =     0.070000
mix.SCF:    SVD condition                        = 0.1000E-07
mix.SCF: Spin-component mixing                   all
redata: ***********************************************************************

%block SCF.Mixers
  Broyden
%endblock SCF.Mixers

%block SCF.Mixer.Broyden
  # Mixing method
  method broyden

  # Mixing options
  weight 0.0700
  weight.linear 0.0700
  weight.prime 0.0700
  history 8
%endblock SCF.Mixer.Broyden

DM_history_depth set to one: no extrapolation allowed by default for geometry relaxation
Size of DM history Fstack: 1
Total number of electrons:   120.000000
Total ionic charge:   120.000000

* ProcessorY, Blocksize:    6   5


* Orbital distribution balance (max,min):    10     5

k-point displ. along   3 input, could be:     0.00    0.50
 Kpoints in:           24 . Kpoints trimmed:           20

siesta: k-grid: Number of k-points = 20
siesta: k-points from Monkhorst-Pack grid
siesta: k-cutoff (effective) =     7.040 Ang
siesta: k-point supercell and displacements
siesta: k-grid:     3     0     0      0.000
siesta: k-grid:     0     3     0      0.000
siesta: k-grid:     0     0     4      0.000
k-point displ. along   3 input, could be:     0.00    0.50
 Kpoints in:           24 . Kpoints trimmed:           20

siesta: PDOS k-grid: Number of k-points = 20
siesta: PDOS k-points from Monkhorst-Pack grid
siesta: PDOS k-cutoff (effective) =     0.000 Ang
siesta: PDOS k-point supercell and displacements
siesta: k-grid:     3     0     0      0.000
siesta: k-grid:     0     3     0      0.000
siesta: k-grid:     0     0     4      0.000

diag: Algorithm                                     = D&C
diag: Parallel over k                               =   F
diag: Use parallel 2D distribution                  =   T
diag: Parallel block-size                           = 5
diag: Parallel distribution                         =     6 x     6
diag: Used triangular part                          = Lower
diag: Absolute tolerance                            =  0.100E-15
diag: Orthogonalization factor                      =  0.100E-05
diag: Memory factor                                 =  1.0000
diag: The diagonalization method chosen cannot compute a reduced number of eigenvectors.
diag: Resetting neigwanted 82 to 200

superc: Internal auxiliary supercell:     5 x     5 x     7  =     175
superc: Number of atoms, orbitals, and projectors:   1400  35000  25200


ts: **************************************************************
ts: Save H and S matrices                           =    F
ts: Save DM and EDM matrices                        =    F
ts: Only save the overlap matrix S                  =    F
ts: **************************************************************

************************ Begin: TS CHECKS AND WARNINGS ************************
************************ End: TS CHECKS AND WARNINGS **************************


                     ====================================
                        Begin CG opt. move =      0
                     ====================================

superc: Internal auxiliary supercell:     5 x     5 x     7  =     175
superc: Number of atoms, orbitals, and projectors:   1400  35000  25200

outcell: Unit cell vectors (Ang):
        4.978032    0.000000    0.000000
        0.000000    4.978032    0.000000
        0.000000    0.000000    3.520000

outcell: Cell vector modules (Ang)   :    4.978032    4.978032    3.520000
outcell: Cell angles (23,13,12) (deg):     90.0000     90.0000     90.0000
outcell: Cell volume (Ang**3)        :     87.2284
<dSpData1D:S at geom step 0
  <sparsity:sparsity for geom step 0
    nrows_g=200 nrows=10 sparsity=1.2031 nnzs=48122, refcount: 7>
  <dData1D:(new from dSpData1D) n=48122, refcount: 1>
refcount: 1>
new_DM -- step:     1
Initializing Density Matrix...
DM filled with atomic data:
<dSpData2D:DM initialized from atoms
  <sparsity:sparsity for geom step 0
    nrows_g=200 nrows=10 sparsity=1.2031 nnzs=48122, refcount: 8>
  <dData2D:DM n=48122 m=2, refcount: 1>
refcount: 1>
No. of atoms with KB's overlaping orbs in proc 0. Max # of overlaps:     144     783

InitMesh: MESH = 54 x 54 x 40 = 116640
InitMesh: Mesh cutoff (required, used) =   300.000   325.218 Ry
New grid distribution [1]: sub = 2
New grid distribution [2]: sub = 2
New grid distribution [3]: sub = 2
Setting up quadratic distribution...

stepf: Fermi-Dirac step function

siesta: Program's energy decomposition (eV):
siesta: Ebs     =     -4688.113261
siesta: Eions   =     32093.321687
siesta: Ena     =      3327.723860
siesta: Ekin    =     10324.751726
siesta: Enl     =     -1495.417686
siesta: Eso     =         0.000000
siesta: Edftu   =         0.000000
siesta: DEna    =       204.158293
siesta: DUscf   =         4.484506
siesta: DUext   =         0.000000
siesta: Ex      =     -3703.707767
siesta: Ec      =      -230.617496
siesta: Exc     =     -3934.325263
siesta: EbV     =         0.000000
siesta: eta*DQ  =         0.000000
siesta: Emadel  =         0.000000
siesta: Emeta   =         0.000000
siesta: Emolmec =         0.000000
siesta: Ekinion =         0.000000
siesta: Eharris =    -23534.969727
siesta: Etot    =    -23661.946250
siesta: FreeEng =    -23661.988149

        iscf     Eharris(eV)        E_KS(eV)     FreeEng(eV)     dDmax    Ef(eV) dHmax(eV)
   scf:    1   -23534.969727   -23661.946250   -23661.988149  3.216477 -6.283489  4.301882
     spin moment: {S} , |S| = {        0.0        0.0   24.84094 }    24.84094
timer: Routine,Calls,Time,% = IterSCF        1       2.636  29.86
   scf:    2   -23663.476207   -23662.725157   -23662.767295  0.381009 -6.411343  3.714282
     spin moment: {S} , |S| = {        0.0        0.0   24.60818 }    24.60818
   scf:    3   -23668.389118   -23665.829463   -23665.863786  1.715482 -7.151146  0.722196
     spin moment: {S} , |S| = {        0.0        0.0   21.90075 }    21.90075
   scf:    4   -23659.357178   -23662.146576   -23662.178041  0.596372 -6.825084  1.472319
     spin moment: {S} , |S| = {        0.0        0.0   27.76337 }    27.76337
   scf:    5   -23688.218847   -23669.840413   -23669.876804  1.683090 -8.029839  1.953466
     spin moment: {S} , |S| = {        0.0        0.0    8.03244 }     8.03244
   scf:    6   -23669.991149   -23669.917079   -23669.958674  0.045794 -7.969890  1.709653
     spin moment: {S} , |S| = {        0.0        0.0    8.42739 }     8.42739
   scf:    7   -23669.918096   -23669.903691   -23669.945089  0.157873 -7.806562  1.226193
     spin moment: {S} , |S| = {        0.0        0.0    9.86058 }     9.86058
   scf:    8   -23669.896417   -23669.899999   -23669.939790  0.029562 -7.763395  1.110056
     spin moment: {S} , |S| = {        0.0        0.0   10.09539 }    10.09539
   scf:    9   -23670.223935   -23670.063896   -23670.104360  0.058743 -7.723003  0.838679
     spin moment: {S} , |S| = {        0.0        0.0    9.76421 }     9.76421
   scf:   10   -23671.725952   -23670.636944   -23670.665019  0.337088 -7.845876  1.244689
     spin moment: {S} , |S| = {        0.0        0.0    5.67171 }     5.67171
   scf:   11   -23670.301733   -23670.474874   -23670.502255  0.051851 -7.916448  1.554816
     spin moment: {S} , |S| = {        0.0        0.0    5.60234 }     5.60234
   scf:   12   -23671.008483   -23670.707442   -23670.736542  0.090367 -7.867992  1.350140
     spin moment: {S} , |S| = {        0.0        0.0    4.18820 }     4.18820
   scf:   13   -23670.869851   -23670.864237   -23670.890644  0.215356 -7.568206  0.434215
     spin moment: {S} , |S| = {        0.0        0.0    6.22672 }     6.22672
   scf:   14   -23671.253294   -23671.031093   -23671.064300  0.102162 -7.560493  0.382509
     spin moment: {S} , |S| = {        0.0        0.0    4.95502 }     4.95502
   scf:   15   -23671.976695   -23671.344651   -23671.363854  0.165229 -7.510491  0.204074
     spin moment: {S} , |S| = {        0.0        0.0    1.91887 }     1.91887
   scf:   16   -23671.300638   -23671.321534   -23671.347129  0.038494 -7.530035  0.209985
     spin moment: {S} , |S| = {        0.0        0.0    2.28314 }     2.28314
   scf:   17   -23670.881417   -23670.148731   -23670.185800  0.489926 -7.515913  0.547837
     spin moment: {S} , |S| = {        0.0        0.0    9.78454 }     9.78454
   scf:   18   -23681.022143   -23670.596311   -23670.631845  1.001996 -7.781444  0.984450
     spin moment: {S} , |S| = {        0.0        0.0   -6.80639 }    -6.80639
   scf:   19   -23674.662560   -23671.386110   -23671.402584  0.594780 -7.516991  0.142960
     spin moment: {S} , |S| = {        0.0        0.0    1.39740 }     1.39740
   scf:   20   -23671.394144   -23671.374352   -23671.400988  0.126317 -7.563626  0.145231
     spin moment: {S} , |S| = {        0.0        0.0    0.56843 }     0.56843
   scf:   21   -23671.365235   -23671.231817   -23671.254361  0.263125 -7.645653  0.580284
     spin moment: {S} , |S| = {        0.0        0.0   -2.21267 }    -2.21267
   scf:   22   -23672.696298   -23671.061722   -23671.095868  0.484083 -7.525733  0.404769
     spin moment: {S} , |S| = {        0.0        0.0    4.83305 }     4.83305
   scf:   23   -23672.152581   -23671.381095   -23671.400254  0.242176 -7.526129  0.173381
     spin moment: {S} , |S| = {        0.0        0.0    1.23578 }     1.23578
   scf:   24   -23671.457520   -23671.232976   -23671.263107  0.303907 -7.610518  0.327681
     spin moment: {S} , |S| = {        0.0        0.0   -1.95548 }    -1.95548
   scf:   25   -23672.076158   -23671.353275   -23671.374206  0.332574 -7.488642  0.181841
     spin moment: {S} , |S| = {        0.0        0.0    2.04038 }     2.04038
   scf:   26   -23671.657851   -23671.301323   -23671.336849  0.333185 -7.558854  0.248659
     spin moment: {S} , |S| = {        0.0        0.0   -1.17674 }    -1.17674
   scf:   27   -23671.389502   -23671.335230   -23671.368123  0.067721 -7.561813  0.233787
     spin moment: {S} , |S| = {        0.0        0.0   -0.38066 }    -0.38066
   scf:   28   -23671.353041   -23671.343785   -23671.374979  0.010829 -7.559931  0.228207
     spin moment: {S} , |S| = {        0.0        0.0   -0.23118 }    -0.23118
   scf:   29   -23671.296795   -23671.317381   -23671.352794  0.029181 -7.566126  0.248628
     spin moment: {S} , |S| = {        0.0        0.0   -0.66577 }    -0.66577
   scf:   30   -23671.573480   -23671.395429   -23671.418400  0.179193 -7.512867  0.084177
     spin moment: {S} , |S| = {        0.0        0.0    1.00387 }     1.00387
   scf:   31   -23671.378779   -23671.377026   -23671.398421  0.103786 -7.485201  0.137248
     spin moment: {S} , |S| = {        0.0        0.0    1.80681 }     1.80681
   scf:   32   -23671.353078   -23671.363653   -23671.385888  0.037835 -7.507279  0.133875
     spin moment: {S} , |S| = {        0.0        0.0    2.02753 }     2.02753
   scf:   33   -23671.364797   -23671.364227   -23671.386522  0.001850 -7.506975  0.131712
     spin moment: {S} , |S| = {        0.0        0.0    2.02289 }     2.02289
   scf:   34   -23671.391133   -23671.377310   -23671.399172  0.031190 -7.494521  0.107977
     spin moment: {S} , |S| = {        0.0        0.0    1.85708 }     1.85708
   scf:   35   -23671.422994   -23671.397498   -23671.416283  0.063119 -7.490679  0.062853
     spin moment: {S} , |S| = {        0.0        0.0    1.48364 }     1.48364
   scf:   36   -23671.371953   -23671.383516   -23671.404465  0.046708 -7.491605  0.077400
     spin moment: {S} , |S| = {        0.0        0.0    1.70710 }     1.70710
   scf:   37   -23671.386898   -23671.385143   -23671.406091  0.029940 -7.490471  0.098869
     spin moment: {S} , |S| = {        0.0        0.0    1.69331 }     1.69331
   scf:   38   -23671.426559   -23671.403314   -23671.423110  0.083854 -7.499015  0.037563
     spin moment: {S} , |S| = {        0.0        0.0    1.25723 }     1.25723
   scf:   39   -23671.402128   -23671.402684   -23671.422052  0.009709 -7.497376  0.042676
     spin moment: {S} , |S| = {        0.0        0.0    1.31813 }     1.31813
   scf:   40   -23671.390937   -23671.396753   -23671.416818  0.031702 -7.499524  0.078002
     spin moment: {S} , |S| = {        0.0        0.0    1.44470 }     1.44470
   scf:   41   -23671.409485   -23671.402820   -23671.422542  0.033666 -7.499302  0.041193
     spin moment: {S} , |S| = {        0.0        0.0    1.29319 }     1.29319
   scf:   42   -23671.407926   -23671.405032   -23671.424854  0.021539 -7.504943  0.033153
     spin moment: {S} , |S| = {        0.0        0.0    1.18930 }     1.18930
   scf:   43   -23671.404844   -23671.404882   -23671.425255  0.007630 -7.506523  0.028482
     spin moment: {S} , |S| = {        0.0        0.0    1.13900 }     1.13900
   scf:   44   -23671.407819   -23671.406348   -23671.426169  0.017602 -7.510619  0.020373
     spin moment: {S} , |S| = {        0.0        0.0    1.11707 }     1.11707
   scf:   45   -23671.405722   -23671.405969   -23671.426507  0.011658 -7.514674  0.013418
     spin moment: {S} , |S| = {        0.0        0.0    1.07123 }     1.07123
   scf:   46   -23671.405983   -23671.405978   -23671.426525  0.002269 -7.514883  0.007838
     spin moment: {S} , |S| = {        0.0        0.0    1.07436 }     1.07436
   scf:   47   -23671.405161   -23671.405536   -23671.426655  0.008170 -7.514895  0.009977
     spin moment: {S} , |S| = {        0.0        0.0    1.03934 }     1.03934
   scf:   48   -23671.404753   -23671.405114   -23671.426770  0.006508 -7.515020  0.006357
     spin moment: {S} , |S| = {        0.0        0.0    1.00921 }     1.00921
   scf:   49   -23671.404208   -23671.404595   -23671.426897  0.009183 -7.515606  0.003680
     spin moment: {S} , |S| = {        0.0        0.0    0.96567 }     0.96567
   scf:   50   -23671.404453   -23671.404523   -23671.426909  0.001287 -7.515816  0.002417
     spin moment: {S} , |S| = {        0.0        0.0    0.95939 }     0.95939
   scf:   51   -23671.404455   -23671.404488   -23671.426915  0.000721 -7.515951  0.002441
     spin moment: {S} , |S| = {        0.0        0.0    0.95603 }     0.95603
   scf:   52   -23671.404124   -23671.404299   -23671.426937  0.003470 -7.516126  0.002001
     spin moment: {S} , |S| = {        0.0        0.0    0.93972 }     0.93972
   scf:   53   -23671.403430   -23671.403809   -23671.426977  0.009477 -7.516695  0.001445
     spin moment: {S} , |S| = {        0.0        0.0    0.89568 }     0.89568
   scf:   54   -23671.402995   -23671.403341   -23671.426997  0.009843 -7.517283  0.000988
     spin moment: {S} , |S| = {        0.0        0.0    0.84990 }     0.84990
   scf:   55   -23671.402962   -23671.403138   -23671.427002  0.004641 -7.517544  0.000830
     spin moment: {S} , |S| = {        0.0        0.0    0.82854 }     0.82854
   scf:   56   -23671.402959   -23671.403045   -23671.427003  0.002274 -7.517672  0.000883
     spin moment: {S} , |S| = {        0.0        0.0    0.81820 }     0.81820
   scf:   57   -23671.402983   -23671.403014   -23671.427004  0.000816 -7.517715  0.000862
     spin moment: {S} , |S| = {        0.0        0.0    0.81463 }     0.81463
   scf:   58   -23671.402989   -23671.403001   -23671.427004  0.000350 -7.517727  0.000871
     spin moment: {S} , |S| = {        0.0        0.0    0.81323 }     0.81323

SCF Convergence by DM criterion
max |DM_out - DM_in|         :     0.0003501512
max |H_out - H_in|      (eV) :     0.0008709409
SCF cycle converged after 58 iterations

Using DM_out to compute the final energy and forces
No. of atoms with KB's overlaping orbs in proc 0. Max # of overlaps:     144     783

siesta: E_KS(eV) =           -23671.4030

siesta: E_KS - E_eggbox =    -23671.4030

siesta: Atomic forces (eV/Ang):
     1    0.000002    0.000001    0.000000
     2   -0.000002    0.000001    0.000000
     3    0.000002   -0.000001    0.000000
     4   -0.000002   -0.000001   -0.000000
     5   -0.000004   -0.000002    0.000000
     6    0.000004   -0.000002    0.000000
     7   -0.000004    0.000002    0.000000
     8    0.000004    0.000002    0.000000
----------------------------------------
   Tot    0.000000   -0.000000    0.000000
----------------------------------------
   Max    0.000004
   Res    0.000002    sqrt( Sum f_i^2 / 3N )
----------------------------------------
   Max    0.000004    constrained

Stress tensor Voigt[x,y,z,yz,xz,xy] (kbar):      144.05      144.05      131.17        0.00        0.00       -0.00
(Free)E + p*V (eV/cell)   -23679.0361
Target enthalpy (eV/cell)   -23671.4270

siesta: Stress tensor (static) (eV/Ang**3):
         0.089912    0.000000    0.000000
        -0.000000    0.089912    0.000000
         0.000000    0.000000    0.081872

siesta: Pressure (static):       -139.76109322  kBar

siesta: Stress tensor (total) (eV/Ang**3):
         0.089912    0.000000    0.000000
        -0.000000    0.089912    0.000000
         0.000000    0.000000    0.081872

siesta: Pressure (total):       -139.76109322  kBar

cgvc: No target stress found, assuming hydrostatic MD.TargetPressure.

cgvc: Target stress (kBar)
cgvc:        -0.000       0.000       0.000
cgvc:         0.000      -0.000       0.000
cgvc:         0.000       0.000      -0.000

                     ====================================
                        Begin CG opt. move =      1
                     ====================================
k-point displ. along   3 input, could be:     0.00    0.50
 Kpoints in:           24 . Kpoints trimmed:           20

siesta: k-grid: Number of k-points = 20
siesta: k-points from Monkhorst-Pack grid
siesta: k-cutoff (effective) =     6.959 Ang
siesta: k-point supercell and displacements
siesta: k-grid:     3     0     0      0.000
siesta: k-grid:     0     3     0      0.000
siesta: k-grid:     0     0     4      0.000

superc: Internal auxiliary supercell:     5 x     5 x     7  =     175
superc: Number of atoms, orbitals, and projectors:   1400  35000  25200

outcell: Unit cell vectors (Ang):
        4.915386   -0.000000   -0.000000
       -0.000000    4.915386   -0.000000
       -0.000000   -0.000000    3.479664

outcell: Cell vector modules (Ang)   :    4.915386    4.915386    3.479664
outcell: Cell angles (23,13,12) (deg):     90.0000     90.0000     90.0000
outcell: Cell volume (Ang**3)        :     84.0722
<dSpData1D:S at geom step 1
  <sparsity:sparsity for geom step 1
    nrows_g=200 nrows=10 sparsity=1.2031 nnzs=48122, refcount: 7>
  <dData1D:(new from dSpData1D) n=48122, refcount: 1>
refcount: 1>
new_DM -- step:     2
Re-using DM from previous geometries...
Number of DMs in history: 1
 DM extrapolation coefficients: 
1   1.00000
New DM after history re-use:
<dSpData2D:SpM extrapolated using coords
  <sparsity:sparsity for geom step 1
    nrows_g=200 nrows=10 sparsity=1.2031 nnzs=48122, refcount: 9>
  <dData2D:(temp array for extrapolation) n=48122 m=2, refcount: 1>
refcount: 1>
No. of atoms with KB's overlaping orbs in proc 0. Max # of overlaps:     144     783

InitMesh: MESH = 54 x 54 x 40 = 116640
InitMesh: Mesh cutoff (required, used) =   300.000   333.560 Ry
New grid distribution [1]: sub = 2
New grid distribution [2]: sub = 2
New grid distribution [3]: sub = 2
Setting up quadratic distribution...

        iscf     Eharris(eV)        E_KS(eV)     FreeEng(eV)     dDmax    Ef(eV) dHmax(eV)
   scf:    1   -23665.369028   -23671.573208   -23671.596462  0.108405 -7.598624  0.312231
     spin moment: {S} , |S| = {        0.0        0.0    0.76758 }     0.76758
   scf:    2   -23669.840182   -23671.014792   -23671.037788  0.118782 -7.765309  2.047841
     spin moment: {S} , |S| = {        0.0        0.0    0.72081 }     0.72081
   scf:    3   -23671.548808   -23671.581158   -23671.604364  0.113110 -7.619900  0.220632
     spin moment: {S} , |S| = {        0.0        0.0    0.76202 }     0.76202
   scf:    4   -23671.589657   -23671.587525   -23671.610716  0.020717 -7.659438  0.007067
     spin moment: {S} , |S| = {        0.0        0.0    0.74971 }     0.74971
   scf:    5   -23671.587517   -23671.587520   -23671.610735  0.000940 -7.659698  0.006640
     spin moment: {S} , |S| = {        0.0        0.0    0.74577 }     0.74577
   scf:    6   -23671.587503   -23671.587508   -23671.610789  0.002706 -7.660232  0.006590
     spin moment: {S} , |S| = {        0.0        0.0    0.73436 }     0.73436
   scf:    7   -23671.587498   -23671.587494   -23671.610869  0.004175 -7.661003  0.006603
     spin moment: {S} , |S| = {        0.0        0.0    0.71666 }     0.71666
   scf:    8   -23671.587488   -23671.587489   -23671.610905  0.001911 -7.661313  0.006421
     spin moment: {S} , |S| = {        0.0        0.0    0.70845 }     0.70845
   scf:    9   -23671.587485   -23671.587487   -23671.610920  0.000816 -7.661395  0.006438
     spin moment: {S} , |S| = {        0.0        0.0    0.70489 }     0.70489
   scf:   10   -23671.587484   -23671.587485   -23671.610940  0.001032 -7.661472  0.006507
     spin moment: {S} , |S| = {        0.0        0.0    0.70038 }     0.70038
   scf:   11   -23671.587484   -23671.587483   -23671.610968  0.001435 -7.661602  0.006415
     spin moment: {S} , |S| = {        0.0        0.0    0.69409 }     0.69409
   scf:   12   -23671.587491   -23671.587483   -23671.611014  0.002374 -7.661802  0.006423
     spin moment: {S} , |S| = {        0.0        0.0    0.68369 }     0.68369
   scf:   13   -23671.587525   -23671.587494   -23671.611093  0.004013 -7.662150  0.006328
     spin moment: {S} , |S| = {        0.0        0.0    0.66605 }     0.66605
   scf:   14   -23671.587653   -23671.587544   -23671.611231  0.007009 -7.662785  0.006265
     spin moment: {S} , |S| = {        0.0        0.0    0.63502 }     0.63502
   scf:   15   -23671.587916   -23671.587673   -23671.611424  0.009512 -7.663713  0.005876
     spin moment: {S} , |S| = {        0.0        0.0    0.59224 }     0.59224
   scf:   16   -23671.587825   -23671.587740   -23671.611499  0.003598 -7.664072  0.005890
     spin moment: {S} , |S| = {        0.0        0.0    0.57594 }     0.57594
   scf:   17   -23671.587917   -23671.587820   -23671.611575  0.003650 -7.664442  0.005944
     spin moment: {S} , |S| = {        0.0        0.0    0.55930 }     0.55930
   scf:   18   -23671.587881   -23671.587850   -23671.611600  0.001231 -7.664554  0.006016
     spin moment: {S} , |S| = {        0.0        0.0    0.55386 }     0.55386
   scf:   19   -23671.587931   -23671.587889   -23671.611634  0.001567 -7.664715  0.005888
     spin moment: {S} , |S| = {        0.0        0.0    0.54669 }     0.54669
   scf:   20   -23671.587891   -23671.587890   -23671.611633  0.000064 -7.664696  0.006198
     spin moment: {S} , |S| = {        0.0        0.0    0.54688 }     0.54688

SCF Convergence by DM criterion
max |DM_out - DM_in|         :     0.0000641001
max |H_out - H_in|      (eV) :     0.0061984832
SCF cycle converged after 20 iterations

Using DM_out to compute the final energy and forces
No. of atoms with KB's overlaping orbs in proc 0. Max # of overlaps:     144     783

siesta: E_KS(eV) =           -23671.5879

siesta: Atomic forces (eV/Ang):
     1   -0.000001    0.000000   -0.000000
     2    0.000001    0.000000   -0.000000
     3   -0.000001   -0.000000    0.000000
     4    0.000001   -0.000000   -0.000000
     5    0.000005    0.000003   -0.000000
     6   -0.000005    0.000003    0.000000
     7    0.000005   -0.000003   -0.000000
     8   -0.000005   -0.000003   -0.000000
----------------------------------------
   Tot   -0.000000   -0.000000   -0.000000
----------------------------------------
   Max    0.000005
   Res    0.000002    sqrt( Sum f_i^2 / 3N )
----------------------------------------
   Max    0.000005    constrained

Stress tensor Voigt[x,y,z,yz,xz,xy] (kbar):       46.51       46.51       35.67       -0.00        0.00       -0.00
(Free)E + p*V (eV/cell)   -23673.8628
Target enthalpy (eV/cell)   -23671.6116

siesta: Stress tensor (static) (eV/Ang**3):
         0.029032   -0.000000    0.000000
        -0.000000    0.029032   -0.000000
         0.000000   -0.000000    0.022264

siesta: Pressure (static):        -42.90000402  kBar

siesta: Stress tensor (total) (eV/Ang**3):
         0.029032   -0.000000    0.000000
        -0.000000    0.029032   -0.000000
         0.000000   -0.000000    0.022264

siesta: Pressure (total):        -42.90000402  kBar

                     ====================================
                        Begin CG opt. move =      2
                     ====================================
k-point displ. along   3 input, could be:     0.00    0.50
 Kpoints in:           24 . Kpoints trimmed:           20

siesta: k-grid: Number of k-points = 20
siesta: k-points from Monkhorst-Pack grid
siesta: k-cutoff (effective) =     6.830 Ang
siesta: k-point supercell and displacements
siesta: k-grid:     3     0     0      0.000
siesta: k-grid:     0     3     0      0.000
siesta: k-grid:     0     0     4      0.000

superc: Internal auxiliary supercell:     5 x     5 x     7  =     175
superc: Number of atoms, orbitals, and projectors:   1400  35000  25200

outcell: Unit cell vectors (Ang):
        4.815153   -0.000000   -0.000000
       -0.000000    4.815153   -0.000000
       -0.000000   -0.000000    3.415126

outcell: Cell vector modules (Ang)   :    4.815153    4.815153    3.415126
outcell: Cell angles (23,13,12) (deg):     90.0000     90.0000     90.0000
outcell: Cell volume (Ang**3)        :     79.1821
<dSpData1D:S at geom step 2
  <sparsity:sparsity for geom step 2
    nrows_g=200 nrows=10 sparsity=1.2691 nnzs=50762, refcount: 7>
  <dData1D:(new from dSpData1D) n=50762, refcount: 1>
refcount: 1>
new_DM -- step:     3
Re-using DM from previous geometries...
Number of DMs in history: 1
 DM extrapolation coefficients: 
1   1.00000
New DM after history re-use:
<dSpData2D:SpM extrapolated using coords
  <sparsity:sparsity for geom step 2
    nrows_g=200 nrows=10 sparsity=1.2691 nnzs=50762, refcount: 9>
  <dData2D:(temp array for extrapolation) n=50762 m=2, refcount: 1>
refcount: 1>
Note: For starting DM, Qtot, Tr[D*S] =        120.00000000        119.73763034
No. of atoms with KB's overlaping orbs in proc 0. Max # of overlaps:     144     807

InitMesh: MESH = 54 x 54 x 36 = 104976
InitMesh: Mesh cutoff (required, used) =   300.000   307.110 Ry
New grid distribution [1]: sub = 2
New grid distribution [2]: sub = 2
New grid distribution [3]: sub = 2
Setting up quadratic distribution...

        iscf     Eharris(eV)        E_KS(eV)     FreeEng(eV)     dDmax    Ef(eV) dHmax(eV)
   scf:    1   -23658.833256   -23671.354148   -23671.375986  0.249230 -7.787239  0.537724
     spin moment: {S} , |S| = {        0.0        0.0    0.45754 }     0.45754
   scf:    2   -23670.754446   -23671.204017   -23671.226499  0.217864 -8.120005  1.384041
     spin moment: {S} , |S| = {        0.0        0.0    0.38383 }     0.38383
   scf:    3   -23671.418839   -23671.406879   -23671.428684  0.128142 -7.897528  0.194034
     spin moment: {S} , |S| = {        0.0        0.0    0.43057 }     0.43057
   scf:    4   -23671.411473   -23671.410852   -23671.432643  0.013527 -7.915103  0.013923
     spin moment: {S} , |S| = {        0.0        0.0    0.42228 }     0.42228
   scf:    5   -23671.411283   -23671.411063   -23671.432775  0.003009 -7.916122  0.013464
     spin moment: {S} , |S| = {        0.0        0.0    0.40880 }     0.40880
   scf:    6   -23671.412836   -23671.411862   -23671.433263  0.010907 -7.919233  0.016026
     spin moment: {S} , |S| = {        0.0        0.0    0.35470 }     0.35470
   scf:    7   -23671.412860   -23671.412330   -23671.433553  0.006846 -7.920275  0.013729
     spin moment: {S} , |S| = {        0.0        0.0    0.31803 }     0.31803
   scf:    8   -23671.413221   -23671.412731   -23671.433826  0.006671 -7.921910  0.008414
     spin moment: {S} , |S| = {        0.0        0.0    0.27952 }     0.27952
   scf:    9   -23671.414363   -23671.413318   -23671.434291  0.013986 -7.924407  0.008981
     spin moment: {S} , |S| = {        0.0        0.0    0.19212 }     0.19212
   scf:   10   -23671.413800   -23671.413489   -23671.434465  0.007667 -7.925052  0.007262
     spin moment: {S} , |S| = {        0.0        0.0    0.14340 }     0.14340
   scf:   11   -23671.413469   -23671.413478   -23671.434450  0.000856 -7.924952  0.007072
     spin moment: {S} , |S| = {        0.0        0.0    0.14868 }     0.14868
   scf:   12   -23671.413538   -23671.413507   -23671.434476  0.001179 -7.925032  0.006988
     spin moment: {S} , |S| = {        0.0        0.0    0.14091 }     0.14091
   scf:   13   -23671.413691   -23671.413584   -23671.434545  0.003413 -7.925258  0.006741
     spin moment: {S} , |S| = {        0.0        0.0    0.11924 }     0.11924
   scf:   14   -23671.413919   -23671.413702   -23671.434649  0.006381 -7.925595  0.005652
     spin moment: {S} , |S| = {        0.0        0.0    0.07936 }     0.07936
   scf:   15   -23671.413803   -23671.413746   -23671.434683  0.002548 -7.925729  0.005424
     spin moment: {S} , |S| = {        0.0        0.0    0.06452 }     0.06452
   scf:   16   -23671.413811   -23671.413775   -23671.434706  0.001748 -7.925851  0.004723
     spin moment: {S} , |S| = {        0.0        0.0    0.05503 }     0.05503
   scf:   17   -23671.413799   -23671.413787   -23671.434711  0.000405 -7.925893  0.004424
     spin moment: {S} , |S| = {        0.0        0.0    0.05595 }     0.05595

SCF Convergence by DM criterion
max |DM_out - DM_in|         :     0.0004053782
max |H_out - H_in|      (eV) :     0.0044236601
SCF cycle converged after 17 iterations

Using DM_out to compute the final energy and forces
No. of atoms with KB's overlaping orbs in proc 0. Max # of overlaps:     144     807

siesta: E_KS(eV) =           -23671.4138

siesta: Atomic forces (eV/Ang):
     1   -0.000005   -0.000005    0.000000
     2    0.000005   -0.000005    0.000000
     3   -0.000005    0.000005   -0.000000
     4    0.000005    0.000005    0.000000
     5    0.000009    0.000006   -0.000000
     6   -0.000009    0.000006    0.000000
     7    0.000009   -0.000006   -0.000000
     8   -0.000009   -0.000006   -0.000000
----------------------------------------
   Tot   -0.000000   -0.000000   -0.000000
----------------------------------------
   Max    0.000009
   Res    0.000005    sqrt( Sum f_i^2 / 3N )
----------------------------------------
   Max    0.000009    constrained

Stress tensor Voigt[x,y,z,yz,xz,xy] (kbar):     -163.12     -163.12     -173.63       -0.00        0.00        0.00
(Free)E + p*V (eV/cell)   -23663.2000
Target enthalpy (eV/cell)   -23671.4347

siesta: Stress tensor (static) (eV/Ang**3):
        -0.101810    0.000000    0.000000
         0.000000   -0.101810   -0.000000
         0.000000   -0.000000   -0.108371

siesta: Pressure (static):        166.62146891  kBar

siesta: Stress tensor (total) (eV/Ang**3):
        -0.101810    0.000000    0.000000
         0.000000   -0.101810   -0.000000
         0.000000   -0.000000   -0.108371

siesta: Pressure (total):        166.62146891  kBar

                     ====================================
                        Begin CG opt. move =      3
                     ====================================
k-point displ. along   3 input, could be:     0.00    0.50
 Kpoints in:           24 . Kpoints trimmed:           20

siesta: k-grid: Number of k-points = 20
siesta: k-points from Monkhorst-Pack grid
siesta: k-cutoff (effective) =     6.931 Ang
siesta: k-point supercell and displacements
siesta: k-grid:     3     0     0      0.000
siesta: k-grid:     0     3     0      0.000
siesta: k-grid:     0     0     4      0.000

superc: Internal auxiliary supercell:     5 x     5 x     7  =     175
superc: Number of atoms, orbitals, and projectors:   1400  35000  25200

outcell: Unit cell vectors (Ang):
        4.893759   -0.000000   -0.000000
       -0.000000    4.893759   -0.000000
       -0.000000   -0.000000    3.465738

outcell: Cell vector modules (Ang)   :    4.893759    4.893759    3.465738
outcell: Cell angles (23,13,12) (deg):     90.0000     90.0000     90.0000
outcell: Cell volume (Ang**3)        :     83.0005
<dSpData1D:S at geom step 3
  <sparsity:sparsity for geom step 3
    nrows_g=200 nrows=10 sparsity=1.2031 nnzs=48122, refcount: 7>
  <dData1D:(new from dSpData1D) n=48122, refcount: 1>
refcount: 1>
new_DM -- step:     4
Re-using DM from previous geometries...
Number of DMs in history: 1
 DM extrapolation coefficients: 
1   1.00000
New DM after history re-use:
<dSpData2D:SpM extrapolated using coords
  <sparsity:sparsity for geom step 3
    nrows_g=200 nrows=10 sparsity=1.2031 nnzs=48122, refcount: 9>
  <dData2D:(temp array for extrapolation) n=48122 m=2, refcount: 1>
refcount: 1>
Note: For starting DM, Qtot, Tr[D*S] =        120.00000000        120.27508727
No. of atoms with KB's overlaping orbs in proc 0. Max # of overlaps:     144     783

InitMesh: MESH = 54 x 54 x 40 = 116640
InitMesh: Mesh cutoff (required, used) =   300.000   336.515 Ry
New grid distribution [1]: sub = 2
New grid distribution [2]: sub = 2
New grid distribution [3]: sub = 2
Setting up quadratic distribution...

        iscf     Eharris(eV)        E_KS(eV)     FreeEng(eV)     dDmax    Ef(eV) dHmax(eV)
   scf:    1   -23682.229941   -23671.529723   -23671.552171  0.173038 -7.870925  0.661446
     spin moment: {S} , |S| = {        0.0        0.0    0.05136 }     0.05136
   scf:    2   -23669.279977   -23670.855123   -23670.878494  0.242249 -7.492715  2.619935
     spin moment: {S} , |S| = {        0.0        0.0    0.02663 }     0.02663
   scf:    3   -23671.457534   -23671.585062   -23671.607477  0.211746 -7.789740  0.447923
     spin moment: {S} , |S| = {        0.0        0.0    0.05128 }     0.05128
   scf:    4   -23671.611091   -23671.606528   -23671.629008  0.031221 -7.728467  0.015045
     spin moment: {S} , |S| = {        0.0        0.0    0.04881 }     0.04881
   scf:    5   -23671.606570   -23671.606552   -23671.629030  0.000471 -7.728470  0.009601
     spin moment: {S} , |S| = {        0.0        0.0    0.04868 }     0.04868

SCF Convergence by DM criterion
max |DM_out - DM_in|         :     0.0004712438
max |H_out - H_in|      (eV) :     0.0096013478
SCF cycle converged after 5 iterations

Using DM_out to compute the final energy and forces
No. of atoms with KB's overlaping orbs in proc 0. Max # of overlaps:     144     783

siesta: E_KS(eV) =           -23671.6066

siesta: Atomic forces (eV/Ang):
     1   -0.000005   -0.000003    0.000000
     2    0.000005   -0.000003    0.000000
     3   -0.000005    0.000003   -0.000000
     4    0.000005    0.000003   -0.000000
     5    0.000006    0.000005    0.000000
     6   -0.000006    0.000005    0.000000
     7    0.000006   -0.000005   -0.000000
     8   -0.000006   -0.000005    0.000000
----------------------------------------
   Tot   -0.000000    0.000000    0.000000
----------------------------------------
   Max    0.000006
   Res    0.000004    sqrt( Sum f_i^2 / 3N )
----------------------------------------
   Max    0.000006    constrained

Stress tensor Voigt[x,y,z,yz,xz,xy] (kbar):        5.59        5.59       -4.93       -0.00        0.00       -0.00
(Free)E + p*V (eV/cell)   -23671.7369
Target enthalpy (eV/cell)   -23671.6290

siesta: Stress tensor (static) (eV/Ang**3):
         0.003490   -0.000000   -0.000000
        -0.000000    0.003490   -0.000000
         0.000000   -0.000000   -0.003079

siesta: Pressure (static):         -2.08294069  kBar

siesta: Stress tensor (total) (eV/Ang**3):
         0.003490   -0.000000   -0.000000
        -0.000000    0.003490   -0.000000
         0.000000   -0.000000   -0.003079

siesta: Pressure (total):         -2.08294069  kBar

outcoor: Relaxed atomic coordinates (fractional):           
    0.00000002    0.00000001    0.00000000   1       1  Mn
    0.49999998    0.00000001    0.00000000   1       2  Mn
    0.00000002    0.49999999    0.00000000   1       3  Mn
    0.49999998    0.49999999   -0.00000000   1       4  Mn
    0.24999996    0.24999998    0.50000000   1       5  Mn
    0.75000004    0.24999998    0.50000000   1       6  Mn
    0.24999996    0.75000002    0.50000000   1       7  Mn
    0.75000004    0.75000002    0.50000000   1       8  Mn

outcell: Unit cell vectors (Ang):
        4.893759   -0.000000   -0.000000
       -0.000000    4.893759   -0.000000
       -0.000000   -0.000000    3.465738

outcell: Cell vector modules (Ang)   :    4.893759    4.893759    3.465738
outcell: Cell angles (23,13,12) (deg):     90.0000     90.0000     90.0000
outcell: Cell volume (Ang**3)        :     83.0005

coxmol: Writing XMOL coordinates into file hea.xyz                                                                                                                                                                                                                             
Writing WFSX for COOP/COHP in hea.fullBZ.WFSX

diag: Algorithm                                     = D&C
diag: Parallel over k                               =   F
diag: Use parallel 2D distribution                  =   T
diag: Parallel block-size                           = 5
diag: Parallel distribution                         =     6 x     6
diag: Used triangular part                          = Lower
diag: Absolute tolerance                            =  0.100E-15
diag: Orthogonalization factor                      =  0.100E-05
diag: Memory factor                                 =  1.0000

diag: Algorithm                                     = D&C
diag: Parallel over k                               =   F
diag: Use parallel 2D distribution                  =   T
diag: Parallel block-size                           = 5
diag: Parallel distribution                         =     6 x     6
diag: Used triangular part                          = Lower
diag: Absolute tolerance                            =  0.100E-15
diag: Orthogonalization factor                      =  0.100E-05
diag: Memory factor                                 =  1.0000

siesta: PDOS info
siesta: E1 -- E2, sigma [eV], nhist:  -20.000 --   20.000    0.100 1000

diag: Algorithm                                     = D&C
diag: Parallel over k                               =   F
diag: Use parallel 2D distribution                  =   T
diag: Parallel block-size                           = 5
diag: Parallel distribution                         =     6 x     6
diag: Used triangular part                          = Lower
diag: Absolute tolerance                            =  0.100E-15
diag: Orthogonalization factor                      =  0.100E-05
diag: Memory factor                                 =  1.0000

siesta: Program's energy decomposition (eV):
siesta: Ebs     =     -4631.063873
siesta: Eions   =     32093.321687
siesta: Ena     =      3318.172178
siesta: Ekin    =     10404.861453
siesta: Enl     =     -1504.576784
siesta: Eso     =         0.000000
siesta: Edftu   =         0.000000
siesta: DEna    =       138.328365
siesta: DUscf   =         2.234834
siesta: DUext   =         0.000000
siesta: Ex      =     -3703.415690
siesta: Ec      =      -233.889222
siesta: Exc     =     -3937.304912
siesta: EbV     =         0.000000
siesta: eta*DQ  =         0.000000
siesta: Emadel  =         0.000000
siesta: Emeta   =         0.000000
siesta: Emolmec =         0.000000
siesta: Ekinion =         0.000000
siesta: Eharris =    -23671.606570
siesta: Etot    =    -23671.606552
siesta: FreeEng =    -23671.629030

siesta: Final energy (eV):
siesta:  Band Struct. =   -4631.063873
siesta:       Kinetic =   10404.861453
siesta:       Hartree =    4901.637377
siesta:         Edftu =       0.000000
siesta:       Eso     =       0.000000
siesta:    Ext. field =       0.000000
siesta:         Exch. =   -3703.415690
siesta:         Corr. =    -233.889222
siesta:     Bulk bias =       0.000000
siesta:   Exch.-corr. =   -3937.304912
siesta:  Ion-electron =  -21343.963798
siesta:       Ion-ion =  -13696.836672
siesta:       Ekinion =       0.000000
siesta: D3 dispersion =       0.000000
siesta:         Total =  -23671.606552
siesta:         Fermi =      -7.728470

siesta: Stress tensor (static) (eV/Ang**3):
siesta:     0.003490   -0.000000   -0.000000
siesta:    -0.000000    0.003490   -0.000000
siesta:     0.000000   -0.000000   -0.003079

siesta: Constrained stress tensor (static) (eV/Ang**3):
siesta:     0.003490   -0.000000    0.000000
siesta:    -0.000000    0.003490   -0.000000
siesta:     0.000000   -0.000000   -0.003079

siesta: Cell volume =         83.000530 Ang**3

siesta: Pressure (static):
siesta:                Solid            Molecule  Units
siesta:          -0.00001416         -0.00001416  Ry/Bohr**3
siesta:          -0.00130007         -0.00129999  eV/Ang**3
siesta:          -2.08294069         -2.08280722  kBar
(Free)E+ p_basis*V_orbitals  =      -23643.859866
(Free)Eharris+ p_basis*V_orbitals  =      -23643.859884

mulliken: Atomic and Orbital Populations:

mulliken: Spin UP 

Species: Mn                  
Atom  Qatom  Qorb
               3s      4s      4s      4s      3py     3pz     3px     4py     
               4pz     4px     3dxy    3dyz    3dz2    3dxz    3dx2-y2 3dxy    
               3dyz    3dz2    3dxz    3dx2-y2 3dxy    3dyz    3dz2    3dxz    
               3dx2-y2 
   1  7.521   0.984   0.016   0.074  -0.013   0.989   0.990   0.989   0.170
              0.173   0.170   0.818   1.036   0.772   1.036   1.019  -0.072

             -0.110  -0.065  -0.110  -0.107  -0.196  -0.288  -0.180  -0.288

             -0.285
   2  7.521   0.984   0.016   0.074  -0.013   0.989   0.990   0.989   0.170
              0.173   0.170   0.818   1.036   0.772   1.036   1.019  -0.072

             -0.110  -0.065  -0.110  -0.107  -0.196  -0.288  -0.180  -0.288

             -0.285
   3  7.521   0.984   0.016   0.074  -0.013   0.989   0.990   0.989   0.170
              0.173   0.170   0.818   1.036   0.772   1.036   1.019  -0.072

             -0.110  -0.065  -0.110  -0.107  -0.196  -0.288  -0.180  -0.288

             -0.285
   4  7.521   0.984   0.016   0.074  -0.013   0.989   0.990   0.989   0.170
              0.173   0.170   0.818   1.036   0.772   1.036   1.019  -0.072

             -0.110  -0.065  -0.110  -0.107  -0.196  -0.288  -0.180  -0.288

             -0.285
   5  7.485   0.984   0.014   0.074  -0.011   0.990   0.990   0.990   0.169
              0.172   0.169   0.795   1.028   0.757   1.028   1.016  -0.069

             -0.109  -0.065  -0.109  -0.108  -0.188  -0.286  -0.175  -0.286

             -0.282
   6  7.485   0.984   0.014   0.074  -0.011   0.990   0.990   0.990   0.169
              0.172   0.169   0.795   1.028   0.757   1.028   1.016  -0.069

             -0.109  -0.065  -0.109  -0.108  -0.188  -0.286  -0.175  -0.286

             -0.282
   7  7.485   0.984   0.014   0.074  -0.011   0.990   0.990   0.990   0.169
              0.172   0.169   0.795   1.028   0.757   1.028   1.016  -0.069

             -0.109  -0.065  -0.109  -0.108  -0.188  -0.286  -0.175  -0.286

             -0.282
   8  7.485   0.984   0.014   0.074  -0.011   0.990   0.990   0.990   0.169
              0.172   0.169   0.795   1.028   0.757   1.028   1.016  -0.069

             -0.109  -0.065  -0.109  -0.108  -0.188  -0.286  -0.175  -0.286

             -0.282

mulliken: Qtot =       60.024

mulliken: Spin DOWN 

Species: Mn                  
Atom  Qatom  Qorb
               3s      4s      4s      4s      3py     3pz     3px     4py     
               4pz     4px     3dxy    3dyz    3dz2    3dxz    3dx2-y2 3dxy    
               3dyz    3dz2    3dxz    3dx2-y2 3dxy    3dyz    3dz2    3dxz    
               3dx2-y2 
   1  7.480   0.984   0.017   0.074  -0.014   0.989   0.990   0.989   0.169
              0.172   0.169   0.789   1.028   0.752   1.028   1.019  -0.069

             -0.109  -0.064  -0.109  -0.108  -0.186  -0.286  -0.174  -0.286

             -0.285
   2  7.480   0.984   0.017   0.074  -0.014   0.989   0.990   0.989   0.169
              0.172   0.169   0.789   1.028   0.752   1.028   1.019  -0.069

             -0.109  -0.064  -0.109  -0.108  -0.186  -0.286  -0.174  -0.286

             -0.285
   3  7.480   0.984   0.017   0.074  -0.014   0.989   0.990   0.989   0.169
              0.172   0.169   0.789   1.028   0.752   1.028   1.019  -0.069

             -0.109  -0.064  -0.109  -0.108  -0.186  -0.286  -0.174  -0.286

             -0.285
   4  7.480   0.984   0.017   0.074  -0.014   0.989   0.990   0.989   0.169
              0.172   0.169   0.789   1.028   0.752   1.028   1.019  -0.069

             -0.109  -0.064  -0.109  -0.108  -0.186  -0.286  -0.174  -0.286

             -0.285
   5  7.514   0.984   0.012   0.075  -0.011   0.990   0.990   0.990   0.170
              0.173   0.170   0.813   1.037   0.765   1.037   1.018  -0.072

             -0.111  -0.065  -0.111  -0.108  -0.194  -0.289  -0.177  -0.289

             -0.283
   6  7.514   0.984   0.012   0.075  -0.011   0.990   0.990   0.990   0.170
              0.173   0.170   0.813   1.037   0.765   1.037   1.018  -0.072

             -0.111  -0.065  -0.111  -0.108  -0.194  -0.289  -0.177  -0.289

             -0.283
   7  7.514   0.984   0.012   0.075  -0.011   0.990   0.990   0.990   0.170
              0.173   0.170   0.813   1.037   0.765   1.037   1.018  -0.072

             -0.111  -0.065  -0.111  -0.108  -0.194  -0.289  -0.177  -0.289

             -0.283
   8  7.514   0.984   0.012   0.075  -0.011   0.990   0.990   0.990   0.170
              0.173   0.170   0.813   1.037   0.765   1.037   1.018  -0.072

             -0.111  -0.065  -0.111  -0.108  -0.194  -0.289  -0.177  -0.289

             -0.283

mulliken: Qtot =       59.976

Mulliken Atomic Populations:
Atom #   charge [q] valence [e]      Sz [e]  Species
     1    -0.000695   15.000695    0.041693  Mn
     2    -0.000696   15.000696    0.041691  Mn
     3    -0.000693   15.000693    0.041691  Mn
     4    -0.000696   15.000696    0.041693  Mn
     5     0.000707   14.999293   -0.029519  Mn
     6     0.000683   14.999317   -0.029524  Mn
     7     0.000685   14.999315   -0.029524  Mn
     8     0.000704   14.999296   -0.029519  Mn
-------------------------------------------
 Total     0.000000                0.048680

cite: Please indicate the Siesta version in published work: 5.2.2
cite: This calculation has made use of features in the following articles
cite: which we encourage you to cite in published work.
cite: (Please see "hea.bib" for a BibTeX file.)
        Primary SIESTA paper
          DOI: www.doi.org/10.1088/0953-8984/14/11/302
        PSML pseudopotential format
          DOI: www.doi.org/10.1016/j.cpc.2018.02.011


>> End of run:  16-JUN-2025  19:33:54
Job completed
