Executable      : /home/users/felipegc/woltsoft/SIESTA/siesta-5.2.2/build/bin/siesta
Version         : 5.2.2
Architecture    : x86_64
Compiler version: GNU-9.3.0
Compiler flags  : -O3 -march=native
Parallelisations: MPI
Lua support
Native ELPA support
ELSI support. Solvers:
   ELPA (internal) 
   NTPoly
   OMM
DFT-D3 support
Wannier90 wrapper support

Runtime information:
* Directory : /home/users/felipegc/MnGaNi/top/structure_calc_53
* Running on 36 nodes in parallel.
>> Start of run:  16-JUN-2025  10:40:10

                           *********************** 
                           *  WELCOME TO SIESTA  * 
                           *********************** 

 NOTE: Siesta V5 introduces some new defaults for basis-set generation
 NOTE: which might lead to slightly different numerical results.
 NOTE: Please see the manual for full details and compatibility measures.


reinit: Reading from standard input
reinit: Dumping input in INPUT_TMP.66161
************************** Dump of input data file ****************************
SystemName          hea
SystemLabel         hea
Reparametrize.Pseudos T
Restricted.Radial.Grid F
%include atoms.fdf
MaxSCFIterations     20000
SCF.Mix              Hamiltonian
SCF.Mixer.Method     Broyden
#SCF.Mixer.Variant    original #Pulay original
SCF.Mixer.History    8
SCF.Mixer.Weight     0.07
SCF.H.Converge       False
SCF.DM.Converge      True
SCF.DM.Tolerance     5.d-4
SCF.H.Tolerance      5.d-3 eV
MeshCutoff 300.0 Ry
MD.UseSaveCG         False
DM.UseSaveDM         False
NumberOfEigenStates -20
ElectronicTemperature 300 K
WriteCoorXmol        True
XC.Functional     GGA
XC.authors        PBEsol
SpinPolarized      True
SolutionMethod       diagon
#Diag.Algorithm        MRRR
###################################
###################################
# Full template for Basis param.
###################################
###################################
Basis.Pressure 0.3 GPa
PAO.SoftDefault T
PAO.SoftPotential 50.0 Ry
PAO.SoftInnerRadius 0.70
PAO.BasisType split
PAO.EnergyShift 0.0019 eV
PAO.BasisSize TZP
PAO.SplitTailNorm T
            %block kgrid_Monkhorst_Pack
            6  0  0  0.
            0  2  0  0.
            0  0  4  0.
            %endblock kgrid_Monkhorst_Pack
            MD.TypeOfRun CG
            MD.Steps         500
            MD.VariableCell true
            MD.MaxForceTol 0.05 eV/Ang
            WriteMDHistory true
            WriteForces true
            Write.OrbitalIndex true
            Charge.Mulliken end
            COOP.Write true
            %block ProjectedDensityOfStates
            -20.00 20.00 0.1 1000 eV
            %endblock ProjectedDensityOfStates
************************** End of input data file *****************************

reinit: -----------------------------------------------------------------------
reinit: System Name: hea
reinit: -----------------------------------------------------------------------
reinit: System Label: hea
reinit: -----------------------------------------------------------------------

NOTE on units for spin output: 
{S} is the spin magnetic moment, in units of the Bohr magneton,
assuming a g-factor for the electron spin of exactly 2.
The spin magnetic moment is then numerically equal to the charge inbalance,
in units of electrons, between the spin-up and -down channels.


initatom: Reading input for the pseudopotentials and atomic orbitals ----------
Species number:   1 Atomic number:   28 Label: Ni

Ground state valence configuration (from tables):   4s02  4p00  3d08  4f00

---- Processing specs for species: Ni
Reading pseudopotential information in PSML from:
  Ni.psml
PSML file version: 1.1
Using libxc ids:  101 130
GGA--PBE XC_GGA_X_PBE--XC_GGA_C_PBE pb
PSML uuid: 020bdba0-be42-11e7-6ded-a592ddfb3399
Semicore shell(s) with  8 electrons included in the valence for Ni

---- Pseudopotential check for Ni

Pseudized shells:
3s( 2.00) rc: 1.26
3p( 6.00) rc: 1.35
3d( 8.00) rc: 1.66
Valence configuration for ps generation: 3s:3p:3d:4s: Total charge:  18.000000
Semicore shell(s): 3s 3p
Fallback to non-perturbative polarization scheme for Ni
Please see the manual if this is not desired in principle
For Ni, standard SIESTA heuristics set lmxkb to 3
 (one more than the basis l, including polarization orbitals).
Use PS.lmax or PS.KBprojectors blocks to override.
Ni pseudopotential only contains V_ls up to l=2 -- lmxkb reset.

<basis_specs>
===============================================================================
Ni                   Z=  28    Mass=  58.693        Charge= 0.17977+309
Lmxo=2 Lmxkb= 2    BasisType=split      Semic=T
L=0  Nsemic=1  Cnfigmx=4
          i=1  nzeta=1  polorb=0  (3s)  (semicore shell)
            splnorm:   0.15000    
               vcte:    50.000    
               rinn:  -0.70000    
               qcoe:    0.0000    
               qyuk:    0.0000    
               qwid:   0.10000E-01
                rcs:    0.0000    
            lambdas:    1.0000    
          i=2  nzeta=3  polorb=0  (4s)  (to be polarized non-perturbatively)
            splnorm:   0.15000    
               vcte:    50.000    
               rinn:  -0.70000    
               qcoe:    0.0000    
               qyuk:    0.0000    
               qwid:   0.10000E-01
                rcs:    0.0000      0.0000      0.0000    
            lambdas:    1.0000      1.0000      1.0000    
L=1  Nsemic=1  Cnfigmx=4
          i=1  nzeta=1  polorb=0  (3p)  (semicore shell)
            splnorm:   0.15000    
               vcte:    50.000    
               rinn:  -0.70000    
               qcoe:    0.0000    
               qyuk:    0.0000    
               qwid:   0.10000E-01
                rcs:    0.0000    
            lambdas:    1.0000    
          i=2  nzeta=1  polorb=0  (4p)  (non-perturbative polarization shell)
            splnorm:   0.15000    
               vcte:    50.000    
               rinn:  -0.70000    
               qcoe:   0.49229-315
               qyuk:    0.0000    
               qwid:   0.69531-309
                rcs:    0.0000    
            lambdas:    1.0000    
L=2  Nsemic=0  Cnfigmx=3
          i=1  nzeta=3  polorb=0  (3d)
            splnorm:   0.15000    
               vcte:    50.000    
               rinn:  -0.70000    
               qcoe:    0.0000    
               qyuk:    0.0000    
               qwid:   0.10000E-01
                rcs:    0.0000      0.0000      0.0000    
            lambdas:    1.0000      1.0000      1.0000    
-------------------------------------------------------------------------------
L=0  Nkbl=2  erefs: 0.17977+309 0.17977+309
L=1  Nkbl=2  erefs: 0.17977+309 0.17977+309
L=2  Nkbl=1  erefs: 0.17977+309
===============================================================================
</basis_specs>

Using PAO.SplitTailNorm
atom: Called for Ni                    (Z =  28)
Maximum radius (at nrval) set to   50.00000 8518

read_vps: Pseudopotential generation method:
read_vps: ONCVPSP-3.Hamann's oncvpsp                        
Valence charge in pseudo generation:   18.00000

read_vps: Pseudopotential includes a core correction:
read_vps: Pseudo-core for xc-correction

xc_check: Exchange-correlation functional:
xc_check: GGA PBEsol
xc_check: WARNING: Pseudopotential generated with GGA PBE functional
Got Vlocal (oncv-fit) from psml data
Choosing vlocal chloc cutoff:  3.188973
qtot up to nchloc:   17.99992641
atom: Maximum radius for chlocal:    3.18897
atom: Maximum radius for r*vlocal+2*Zval:    3.18897
Reading KB projs from Ni psml data
Using scalar-relativistic projectors in PSML file

PSML: Kleinman-Bylander projectors: 
   l= 0   rc=  1.276377   Ekb= 12.509070
   l= 0   rc=  1.276377   Ekb= -0.503495
   l= 1   rc=  1.371030   Ekb= -5.680418
   l= 1   rc=  1.371030   Ekb= -0.775211
   l= 2   rc=  1.680171   Ekb=-14.446879
   l= 2   rc=  1.680171   Ekb= -5.088878

PSML: Total number of  Kleinman-Bylander projectors:  18
atom: -------------------------------------------------------------------------

atom: SANKEY-TYPE ORBITALS:
atom: Selected multiple-zeta basis: split     

SPLIT: Orbitals with angular momentum L= 0

SPLIT: Basis orbitals for state 3s

SPLIT: PAO cut-off radius determined from an
SPLIT: energy shift=  0.000140 Ry
Split based on tail norm

   izeta = 1
                 lambda =    1.000000
                     rc =    2.999668
                 energy =   -8.139209
                kinetic =    3.776111
    potential(screened) =  -11.915319
       potential(ionic) =  -45.801861

SPLIT: Basis orbitals for state 4s

SPLIT: PAO cut-off radius determined from an
SPLIT: energy shift=  0.000140 Ry
Split based on tail norm

   izeta = 1
                 lambda =    1.000000
                     rc =    9.316220
                 energy =   -0.512978
                kinetic =    1.389681
    potential(screened) =   -1.902658
       potential(ionic) =  -17.770111

   izeta = 2
                 rmatch =    4.957068
              splitnorm =    0.150000
                 energy =   -0.410487
                kinetic =    2.329090
    potential(screened) =   -2.739576
       potential(ionic) =  -21.501560

   izeta = 3
                 rmatch =    5.824741
              splitnorm =    0.075000
                 energy =   -0.473172
                kinetic =    1.899833
    potential(screened) =   -2.373005
       potential(ionic) =  -19.995099

SPLIT: Orbitals with angular momentum L= 1

SPLIT: Basis orbitals for state 3p

SPLIT: PAO cut-off radius determined from an
SPLIT: energy shift=  0.000140 Ry
Split based on tail norm

   izeta = 1
                 lambda =    1.000000
                     rc =    3.414070
                 energy =   -5.225411
                kinetic =    9.244220
    potential(screened) =  -14.469631
       potential(ionic) =  -47.296381

SPLIT: Basis orbitals for state 4p
SPLIT: Non-perturbative polarization orbs for state 4s
SPLIT: rc(1st zeta) (re)set to: 9.3162 (expansion factor: 1.0000)
Split based on tail norm

   izeta = 1
                 lambda =    1.000000
                     rc =    9.316220
                 energy =   -0.065208
                kinetic =    0.825147
    potential(screened) =   -0.890355
       potential(ionic) =  -12.014212

SPLIT: Orbitals with angular momentum L= 2

SPLIT: Basis orbitals for state 3d

SPLIT: PAO cut-off radius determined from an
SPLIT: energy shift=  0.000140 Ry
Split based on tail norm

   izeta = 1
                 lambda =    1.000000
                     rc =    6.323353
                 energy =   -0.639566
                kinetic =   11.441999
    potential(screened) =  -12.081565
       potential(ionic) =  -40.678115

   izeta = 2
                 rmatch =    2.624859
              splitnorm =    0.150000
                 energy =   -0.513226
                kinetic =   13.528651
    potential(screened) =  -14.041878
       potential(ionic) =  -44.582092

   izeta = 3
                 rmatch =    3.356353
              splitnorm =    0.075000
                 energy =   -0.605538
                kinetic =   12.372939
    potential(screened) =  -12.978477
       potential(ionic) =  -42.595740
atom: Total number of Sankey-type orbitals: 25

atm_pop: Valence configuration (for local Pseudopot. screening):
 3s( 2.00) 4s( 2.00)                                                  
 3p( 6.00) 4p( 0.00)                                                  
 3d( 8.00)                                                            
Vna: chval, zval:   18.00000  18.00000

Vna:  Cut-off radius for the neutral-atom potential:   9.316220
comcore: Pseudo-core radius Rcore=  1.817282

atom: _________________________________________________________________________

prinput: Basis input 

PAO.BasisType split     

%block ChemicalSpeciesLabel
    1   28 Ni                      # Species index, atomic number, species label
%endblock ChemicalSpeciesLabel

%block PAO.Basis                 # Define Basis set
# WARNING: This information might be incomplete!
Ni                    5                    # Species label, number of l-shells
 n=3   0   1                         # n, l, Nzeta 
   3.000   
   1.000   
 n=4   0   3                         # n, l, Nzeta 
   9.316      4.957      5.825   
   1.000      1.000      1.000   
 n=3   1   1                         # n, l, Nzeta 
   3.414   
   1.000   
 n=4   1   1                         # n, l, Nzeta 
   9.316   
   1.000   
 n=3   2   3                         # n, l, Nzeta 
   6.323      2.625      3.356   
   1.000      1.000      1.000   
%endblock PAO.Basis

prinput: ----------------------------------------------------------------------

coor:   Atomic-coordinates input format  =     Fractional

siesta: Atomic coordinates (Bohr) and species
siesta:      0.00000   0.00000   0.00000  1        1
siesta:      0.00000   4.70356   0.00000  1        2
siesta:      0.00000   9.40712   0.00000  1        3
siesta:      0.00000  14.11067   0.00000  1        4
siesta:      0.00000  18.81423   0.00000  1        5
siesta:      2.35178   2.35178   3.32592  1        6
siesta:      2.35178   7.05534   3.32592  1        7
siesta:      2.35178  11.75890   3.32592  1        8
siesta:      2.35178  16.46245   3.32592  1        9
siesta:      2.35178  21.16601   3.32592  1       10

siesta: System type = bulk      

initatomlists: Number of atoms, orbitals, and projectors:     10   250   180

coxmol: Writing XMOL coordinates into file hea.xyz                                                                                                                                                                                                                             

siesta: ******************** Simulation parameters ****************************
siesta:
siesta: The following are some of the parameters of the simulation.
siesta: A complete list of the parameters used, including default values,
siesta: can be found in file out.fdf
siesta:
redata: Spin configuration                          = collinear
redata: Number of spin components                   = 2
redata: Time-Reversal Symmetry                      = T
redata: Spin spiral                                 = F
redata: Long output                                 =   F
redata: Number of Atomic Species                    =        1
redata: Charge density info will appear in .RHO file
redata: Write Mulliken charges (when)               = end
redata: Write Mulliken Pop.                         = Atomic and Orbital charges
redata: Write Hirshfeld charges (when)              = none
redata: Write Voronoi charges (when)                = none
redata: Write spin charge (when)                    = scf
redata: Matel table size (NRTAB)                    =     1024
redata: Mesh Cutoff                                 =   300.0000 Ry
redata: Net charge of the system                    =     0.0000 |e|
redata: Min. number of SCF Iter                     =        0
redata: Max. number of SCF Iter                     =    20000
redata: SCF convergence failure will abort job
redata: SCF mix quantity                            = Hamiltonian
redata: Mix DM or H after convergence               =   F
redata: Recompute H after scf cycle                 =   F
redata: Mix DM in first SCF step                    =   T
redata: Write Pulay info on disk                    =   F
redata: New DM Occupancy tolerance                  = 0.000000000001
redata: No kicks to SCF
redata: DM Mixing Weight for Kicks                  =     0.5000
redata: Require Harris convergence for SCF          =   F
redata: Harris energy tolerance for SCF             =     0.000100 eV
redata: Require DM convergence for SCF              =   T
redata: DM tolerance for SCF                        =     0.000500
redata: Require EDM convergence for SCF             =   F
redata: EDM tolerance for SCF                       =     0.001000 eV
redata: Require H convergence for SCF               =   F
redata: Hamiltonian tolerance for SCF               =     0.005000 eV
redata: Require (free) Energy convergence for SCF   =   F
redata: (free) Energy tolerance for SCF             =     0.000100 eV
redata: Antiferro initial spin density              =   F
redata: Using DFT-D3 dispersion                     =   F
redata: Using Saved Data (generic)                  =   F
redata: Use continuation files for DM               =   F
redata: Neglect nonoverlap interactions             =   F
redata: Method of Calculation                       = Diagonalization
redata: Electronic Temperature                      =   300.0000 K
redata: Fix the spin of the system                  =   F
redata: Max. number of TDED Iter                    =        1
redata: Number of TDED substeps                     =        3
redata: Dynamics option                             = CG coord. optimization
redata: Variable cell                               =   T
redata: Use continuation files for CG               =   F
redata: Max atomic displ per move                   =     0.1058 Ang
redata: Maximum number of optimization moves        =      500
redata: Force tolerance                             =     0.0500 eV/Ang
redata: Stress tolerance                            =     1.0000 GPa
mix.SCF: Broyden mixing                          = Broyden
mix.SCF:    History steps                        = 8
mix.SCF:    Linear mixing weight                 =     0.070000
mix.SCF:    Inverse Jacobian weight              =     0.070000
mix.SCF:    Weight prime                         =     0.070000
mix.SCF:    SVD condition                        = 0.1000E-07
mix.SCF: Spin-component mixing                   all
redata: ***********************************************************************

%block SCF.Mixers
  Broyden
%endblock SCF.Mixers

%block SCF.Mixer.Broyden
  # Mixing method
  method broyden

  # Mixing options
  weight 0.0700
  weight.linear 0.0700
  weight.prime 0.0700
  history 8
%endblock SCF.Mixer.Broyden

DM_history_depth set to one: no extrapolation allowed by default for geometry relaxation
Size of DM history Fstack: 1
Total number of electrons:   180.000000
Total ionic charge:   180.000000

* ProcessorY, Blocksize:    9   7


* Orbital distribution balance (max,min):     7     5

k-point displ. along   1 input, could be:     0.00    0.50
k-point displ. along   2 input, could be:     0.00    0.50
k-point displ. along   3 input, could be:     0.00    0.50
 Kpoints in:           32 . Kpoints trimmed:           31

siesta: k-grid: Number of k-points = 31
siesta: k-points from Monkhorst-Pack grid
siesta: k-cutoff (effective) =     7.040 Ang
siesta: k-point supercell and displacements
siesta: k-grid:     6     0     0      0.000
siesta: k-grid:     0     2     0      0.000
siesta: k-grid:     0     0     4      0.000
k-point displ. along   1 input, could be:     0.00    0.50
k-point displ. along   2 input, could be:     0.00    0.50
k-point displ. along   3 input, could be:     0.00    0.50
 Kpoints in:           32 . Kpoints trimmed:           31

siesta: PDOS k-grid: Number of k-points = 31
siesta: PDOS k-points from Monkhorst-Pack grid
siesta: PDOS k-cutoff (effective) =     0.000 Ang
siesta: PDOS k-point supercell and displacements
siesta: k-grid:     6     0     0      0.000
siesta: k-grid:     0     2     0      0.000
siesta: k-grid:     0     0     4      0.000

diag: Algorithm                                     = D&C
diag: Parallel over k                               =   F
diag: Use parallel 2D distribution                  =   T
diag: Parallel block-size                           = 7
diag: Parallel distribution                         =     6 x     6
diag: Used triangular part                          = Lower
diag: Absolute tolerance                            =  0.100E-15
diag: Orthogonalization factor                      =  0.100E-05
diag: Memory factor                                 =  1.0000
diag: The diagonalization method chosen cannot compute a reduced number of eigenvectors.
diag: Resetting neigwanted 112 to 250

superc: Internal auxiliary supercell:     9 x     3 x     7  =     189
superc: Number of atoms, orbitals, and projectors:   1890  47250  34020


ts: **************************************************************
ts: Save H and S matrices                           =    F
ts: Save DM and EDM matrices                        =    F
ts: Only save the overlap matrix S                  =    F
ts: **************************************************************

************************ Begin: TS CHECKS AND WARNINGS ************************
************************ End: TS CHECKS AND WARNINGS **************************


                     ====================================
                        Begin CG opt. move =      0
                     ====================================

superc: Internal auxiliary supercell:     9 x     3 x     7  =     189
superc: Number of atoms, orbitals, and projectors:   1890  47250  34020

outcell: Unit cell vectors (Ang):
        2.489016    0.000000    0.000000
        0.000000   12.445079    0.000000
        0.000000    0.000000    3.520000

outcell: Cell vector modules (Ang)   :    2.489016   12.445079    3.520000
outcell: Cell angles (23,13,12) (deg):     90.0000     90.0000     90.0000
outcell: Cell volume (Ang**3)        :    109.0355
<dSpData1D:S at geom step 0
  <sparsity:sparsity for geom step 0
    nrows_g=250 nrows=7 sparsity=.2610 nnzs=16311, refcount: 7>
  <dData1D:(new from dSpData1D) n=16311, refcount: 1>
refcount: 1>
new_DM -- step:     1
Initializing Density Matrix...
DM filled with atomic data:
<dSpData2D:DM initialized from atoms
  <sparsity:sparsity for geom step 0
    nrows_g=250 nrows=7 sparsity=.2610 nnzs=16311, refcount: 8>
  <dData2D:DM n=16311 m=2, refcount: 1>
refcount: 1>
No. of atoms with KB's overlaping orbs in proc 0. Max # of overlaps:      79     553

InitMesh: MESH = 30 x 144 x 40 = 172800
InitMesh: Mesh cutoff (required, used) =   300.000   356.892 Ry
New grid distribution [1]: sub = 2
New grid distribution [2]: sub = 2
New grid distribution [3]: sub = 2
Setting up quadratic distribution...

stepf: Fermi-Dirac step function

siesta: Program's energy decomposition (eV):
siesta: Ebs     =     -7640.952064
siesta: Eions   =     57876.703030
siesta: Ena     =      3693.447152
siesta: Ekin    =     21043.630675
siesta: Enl     =     -7031.608614
siesta: Eso     =         0.000000
siesta: Edftu   =         0.000000
siesta: DEna    =       281.542686
siesta: DUscf   =         7.470712
siesta: DUext   =         0.000000
siesta: Ex      =     -5387.666136
siesta: Ec      =      -325.814366
siesta: Exc     =     -5713.480502
siesta: EbV     =         0.000000
siesta: eta*DQ  =         0.000000
siesta: Emadel  =         0.000000
siesta: Emeta   =         0.000000
siesta: Emolmec =         0.000000
siesta: Ekinion =         0.000000
siesta: Eharris =    -45534.852979
siesta: Etot    =    -45595.700921
siesta: FreeEng =    -45595.731185

        iscf     Eharris(eV)        E_KS(eV)     FreeEng(eV)     dDmax    Ef(eV) dHmax(eV)
   scf:    1   -45534.852979   -45595.700921   -45595.731185  6.904837 -4.905476  4.894575
     spin moment: {S} , |S| = {        0.0        0.0   10.20152 }    10.20152
timer: Routine,Calls,Time,% = IterSCF        1       3.374  43.79
   scf:    2   -45599.811013   -45597.850220   -45597.880977  0.428626 -5.115634  3.795018
     spin moment: {S} , |S| = {        0.0        0.0    9.56270 }     9.56270
   scf:    3   -45601.878404   -45600.660623   -45600.692080  1.138193 -5.832505  0.527138
     spin moment: {S} , |S| = {        0.0        0.0    8.45573 }     8.45573
   scf:    4   -45600.869553   -45600.801670   -45600.835327  0.299303 -6.092883  0.774062
     spin moment: {S} , |S| = {        0.0        0.0    7.64440 }     7.64440
   scf:    5   -45601.077318   -45600.950957   -45600.987472  0.196996 -6.142441  0.201550
     spin moment: {S} , |S| = {        0.0        0.0    7.07036 }     7.07036
   scf:    6   -45600.954713   -45600.952829   -45600.988978  0.003287 -6.145452  0.199703
     spin moment: {S} , |S| = {        0.0        0.0    7.04979 }     7.04979
   scf:    7   -45600.955579   -45600.954203   -45600.990121  0.002536 -6.147000  0.206011
     spin moment: {S} , |S| = {        0.0        0.0    7.03769 }     7.03769
   scf:    8   -45600.958915   -45600.956563   -45600.992129  0.005888 -6.149220  0.208908
     spin moment: {S} , |S| = {        0.0        0.0    7.02004 }     7.02004
   scf:    9   -45600.989714   -45600.972632   -45601.009414  0.114069 -6.175331  0.062341
     spin moment: {S} , |S| = {        0.0        0.0    6.83211 }     6.83211
   scf:   10   -45600.976625   -45600.974155   -45601.011386  0.033327 -6.189479  0.063439
     spin moment: {S} , |S| = {        0.0        0.0    6.72047 }     6.72047
   scf:   11   -45600.975914   -45600.975204   -45601.012204  0.024389 -6.205607  0.048328
     spin moment: {S} , |S| = {        0.0        0.0    6.68733 }     6.68733
   scf:   12   -45600.975845   -45600.975494   -45601.012113  0.012129 -6.213151  0.021862
     spin moment: {S} , |S| = {        0.0        0.0    6.65961 }     6.65961
   scf:   13   -45600.974827   -45600.975082   -45601.012293  0.015554 -6.202562  0.008070
     spin moment: {S} , |S| = {        0.0        0.0    6.70493 }     6.70493
   scf:   14   -45600.975319   -45600.975200   -45601.012320  0.002929 -6.203135  0.004350
     spin moment: {S} , |S| = {        0.0        0.0    6.69640 }     6.69640
   scf:   15   -45600.975259   -45600.975230   -45601.012324  0.000873 -6.203727  0.004104
     spin moment: {S} , |S| = {        0.0        0.0    6.69371 }     6.69371
   scf:   16   -45600.975228   -45600.975229   -45601.012325  0.000233 -6.203706  0.004339
     spin moment: {S} , |S| = {        0.0        0.0    6.69373 }     6.69373

SCF Convergence by DM criterion
max |DM_out - DM_in|         :     0.0002327787
max |H_out - H_in|      (eV) :     0.0043394285
SCF cycle converged after 16 iterations

Using DM_out to compute the final energy and forces
No. of atoms with KB's overlaping orbs in proc 0. Max # of overlaps:      79     553

siesta: E_KS(eV) =           -45600.9752

siesta: E_KS - E_eggbox =    -45600.9752

siesta: Atomic forces (eV/Ang):
     1    0.000000    0.000093    0.000000
     2   -0.000000    0.000431    0.000000
     3   -0.000000    0.000258    0.000000
     4    0.000000   -0.000298    0.000000
     5   -0.000000   -0.000485    0.000000
     6    0.000000   -0.000301    0.000000
     7   -0.000000   -0.000631    0.000000
     8    0.000000    0.000007   -0.000000
     9   -0.000000    0.000523   -0.000000
    10   -0.000000    0.000403    0.000000
----------------------------------------
   Tot   -0.000000    0.000000    0.000000
----------------------------------------
   Max    0.000631
   Res    0.000224    sqrt( Sum f_i^2 / 3N )
----------------------------------------
   Max    0.000631    constrained

Stress tensor Voigt[x,y,z,yz,xz,xy] (kbar):      117.62      106.10      113.13       -0.00        0.00        0.00
(Free)E + p*V (eV/cell)   -45608.6535
Target enthalpy (eV/cell)   -45601.0123

siesta: Stress tensor (static) (eV/Ang**3):
         0.073410    0.000000    0.000000
         0.000000    0.066220   -0.000000
         0.000000   -0.000000    0.070607

siesta: Pressure (static):       -112.27939202  kBar

siesta: Stress tensor (total) (eV/Ang**3):
         0.073410    0.000000    0.000000
         0.000000    0.066220   -0.000000
         0.000000   -0.000000    0.070607

siesta: Pressure (total):       -112.27939202  kBar

cgvc: No target stress found, assuming hydrostatic MD.TargetPressure.

cgvc: Target stress (kBar)
cgvc:        -0.000       0.000       0.000
cgvc:         0.000      -0.000       0.000
cgvc:         0.000       0.000      -0.000

                     ====================================
                        Begin CG opt. move =      1
                     ====================================
k-point displ. along   1 input, could be:     0.00    0.50
k-point displ. along   2 input, could be:     0.00    0.50
k-point displ. along   3 input, could be:     0.00    0.50
 Kpoints in:           32 . Kpoints trimmed:           31

siesta: k-grid: Number of k-points = 31
siesta: k-points from Monkhorst-Pack grid
siesta: k-cutoff (effective) =     6.953 Ang
siesta: k-point supercell and displacements
siesta: k-grid:     6     0     0      0.000
siesta: k-grid:     0     2     0      0.000
siesta: k-grid:     0     0     4      0.000

superc: Internal auxiliary supercell:     9 x     3 x     7  =     189
superc: Number of atoms, orbitals, and projectors:   1890  47250  34020

outcell: Unit cell vectors (Ang):
        2.457181   -0.000000   -0.000000
       -0.000000   12.301494    0.000000
       -0.000000    0.000000    3.476697

outcell: Cell vector modules (Ang)   :    2.457181   12.301494    3.476697
outcell: Cell angles (23,13,12) (deg):     90.0000     90.0000     90.0000
outcell: Cell volume (Ang**3)        :    105.0901
<dSpData1D:S at geom step 1
  <sparsity:sparsity for geom step 1
    nrows_g=250 nrows=7 sparsity=.2914 nnzs=18213, refcount: 7>
  <dData1D:(new from dSpData1D) n=18213, refcount: 1>
refcount: 1>
new_DM -- step:     2
Re-using DM from previous geometries...
Number of DMs in history: 1
 DM extrapolation coefficients: 
1   1.00000
New DM after history re-use:
<dSpData2D:SpM extrapolated using coords
  <sparsity:sparsity for geom step 1
    nrows_g=250 nrows=7 sparsity=.2914 nnzs=18213, refcount: 9>
  <dData2D:(temp array for extrapolation) n=18213 m=2, refcount: 1>
refcount: 1>
No. of atoms with KB's overlaping orbs in proc 0. Max # of overlaps:      79     571

InitMesh: MESH = 30 x 144 x 40 = 172800
InitMesh: Mesh cutoff (required, used) =   300.000   365.838 Ry
New grid distribution [1]: sub = 2
New grid distribution [2]: sub = 2
New grid distribution [3]: sub = 2
Setting up quadratic distribution...

        iscf     Eharris(eV)        E_KS(eV)     FreeEng(eV)     dDmax    Ef(eV) dHmax(eV)
   scf:    1   -45598.077529   -45601.140789   -45601.174835  0.590623 -6.226611  0.300743
     spin moment: {S} , |S| = {        0.0        0.0    6.64386 }     6.64386
   scf:    2   -45561.258272   -45587.888051   -45587.923403  0.144802 -6.329237 21.469225
     spin moment: {S} , |S| = {        0.0        0.0    6.62682 }     6.62682
   scf:    3   -45601.225074   -45601.143089   -45601.177144  0.142564 -6.233339  0.103465
     spin moment: {S} , |S| = {        0.0        0.0    6.64311 }     6.64311
   scf:    4   -45601.144157   -45601.143985   -45601.178052  0.011147 -6.242271  0.110273
     spin moment: {S} , |S| = {        0.0        0.0    6.64207 }     6.64207
   scf:    5   -45601.144906   -45601.144789   -45601.178875  0.014138 -6.254088  0.032325
     spin moment: {S} , |S| = {        0.0        0.0    6.64071 }     6.64071
   scf:    6   -45601.144813   -45601.144807   -45601.178892  0.000366 -6.254406  0.017657
     spin moment: {S} , |S| = {        0.0        0.0    6.64057 }     6.64057

SCF Convergence by DM criterion
max |DM_out - DM_in|         :     0.0003657457
max |H_out - H_in|      (eV) :     0.0176569112
SCF cycle converged after 6 iterations

Using DM_out to compute the final energy and forces
No. of atoms with KB's overlaping orbs in proc 0. Max # of overlaps:      79     571

siesta: E_KS(eV) =           -45601.1448

siesta: Atomic forces (eV/Ang):
     1   -0.000000   -0.000311   -0.000000
     2   -0.000000    0.000634   -0.000000
     3    0.000000    0.000605   -0.000000
     4    0.000000   -0.000116   -0.000000
     5    0.000000   -0.000848   -0.000000
     6    0.000000   -0.001416   -0.000000
     7   -0.000000   -0.001957   -0.000000
     8    0.000000    0.000294    0.000000
     9   -0.000000    0.002140   -0.000000
    10    0.000000    0.000929   -0.000000
----------------------------------------
   Tot    0.000000   -0.000045   -0.000000
----------------------------------------
   Max    0.002140
   Res    0.000657    sqrt( Sum f_i^2 / 3N )
----------------------------------------
   Max    0.002140    constrained

Stress tensor Voigt[x,y,z,yz,xz,xy] (kbar):       24.81       17.63       23.35       -0.00        0.00        0.00
(Free)E + p*V (eV/cell)   -45602.6172
Target enthalpy (eV/cell)   -45601.1789

siesta: Stress tensor (static) (eV/Ang**3):
         0.015484    0.000000    0.000000
         0.000000    0.011003   -0.000000
         0.000000   -0.000000    0.014574

siesta: Pressure (static):        -21.92866648  kBar

siesta: Stress tensor (total) (eV/Ang**3):
         0.015484    0.000000    0.000000
         0.000000    0.011003   -0.000000
         0.000000   -0.000000    0.014574

siesta: Pressure (total):        -21.92866648  kBar

                     ====================================
                        Begin CG opt. move =      2
                     ====================================
k-point displ. along   1 input, could be:     0.00    0.50
k-point displ. along   2 input, could be:     0.00    0.50
k-point displ. along   3 input, could be:     0.00    0.50
 Kpoints in:           32 . Kpoints trimmed:           31

siesta: k-grid: Number of k-points = 31
siesta: k-points from Monkhorst-Pack grid
siesta: k-cutoff (effective) =     6.815 Ang
siesta: k-point supercell and displacements
siesta: k-grid:     6     0     0      0.000
siesta: k-grid:     0     2     0      0.000
siesta: k-grid:     0     0     4      0.000

superc: Internal auxiliary supercell:     9 x     3 x     7  =     189
superc: Number of atoms, orbitals, and projectors:   1890  47250  34020

outcell: Unit cell vectors (Ang):
        2.406244   -0.000000   -0.000000
       -0.000000   12.071757    0.000000
       -0.000000    0.000000    3.407412

outcell: Cell vector modules (Ang)   :    2.406244   12.071757    3.407412
outcell: Cell angles (23,13,12) (deg):     90.0000     90.0000     90.0000
outcell: Cell volume (Ang**3)        :     98.9771
<dSpData1D:S at geom step 2
  <sparsity:sparsity for geom step 2
    nrows_g=250 nrows=7 sparsity=.3330 nnzs=20813, refcount: 7>
  <dData1D:(new from dSpData1D) n=20813, refcount: 1>
refcount: 1>
new_DM -- step:     3
Re-using DM from previous geometries...
Number of DMs in history: 1
 DM extrapolation coefficients: 
1   1.00000
New DM after history re-use:
<dSpData2D:SpM extrapolated using coords
  <sparsity:sparsity for geom step 2
    nrows_g=250 nrows=7 sparsity=.3330 nnzs=20813, refcount: 9>
  <dData2D:(temp array for extrapolation) n=20813 m=2, refcount: 1>
refcount: 1>
No. of atoms with KB's overlaping orbs in proc 0. Max # of overlaps:      79     691

InitMesh: MESH = 30 x 128 x 36 = 138240
InitMesh: Mesh cutoff (required, used) =   300.000   308.502 Ry
New grid distribution [1]: sub = 2
New grid distribution [2]: sub = 2
New grid distribution [3]: sub = 2
Setting up quadratic distribution...

        iscf     Eharris(eV)        E_KS(eV)     FreeEng(eV)     dDmax    Ef(eV) dHmax(eV)
   scf:    1   -45593.702613   -45600.950826   -45600.981156  0.992360 -6.266809  1.285728
     spin moment: {S} , |S| = {        0.0        0.0    6.62335 }     6.62335
   scf:    2   -44963.248058   -45389.365562   -45389.394420  0.586424 -6.379039 84.874036
     spin moment: {S} , |S| = {        0.0        0.0    5.51194 }     5.51194
   scf:    3   -45603.892050   -45600.989090   -45601.019472  0.579067 -6.286175  0.443530
     spin moment: {S} , |S| = {        0.0        0.0    6.62276 }     6.62276
   scf:    4   -45600.993889   -45600.994766   -45601.025183  0.009345 -6.294026  0.314640
     spin moment: {S} , |S| = {        0.0        0.0    6.62251 }     6.62251
   scf:    5   -45600.960114   -45600.987444   -45601.017976  0.019561 -6.312789  0.682243
     spin moment: {S} , |S| = {        0.0        0.0    6.62184 }     6.62184
   scf:    6   -45600.996847   -45601.000338   -45601.031034  0.032085 -6.345069  0.458639
     spin moment: {S} , |S| = {        0.0        0.0    6.62048 }     6.62048
   scf:    7   -45601.008180   -45601.005802   -45601.036492  0.002871 -6.345319  0.123388
     spin moment: {S} , |S| = {        0.0        0.0    6.62046 }     6.62046
   scf:    8   -45601.005903   -45601.006202   -45601.036894  0.001468 -6.345572  0.046726
     spin moment: {S} , |S| = {        0.0        0.0    6.62043 }     6.62043
   scf:    9   -45601.006257   -45601.006241   -45601.036933  0.000300 -6.345773  0.017276
     spin moment: {S} , |S| = {        0.0        0.0    6.62041 }     6.62041

SCF Convergence by DM criterion
max |DM_out - DM_in|         :     0.0002997126
max |H_out - H_in|      (eV) :     0.0172756972
SCF cycle converged after 9 iterations

Using DM_out to compute the final energy and forces
No. of atoms with KB's overlaping orbs in proc 0. Max # of overlaps:      79     691

siesta: E_KS(eV) =           -45601.0062

siesta: Atomic forces (eV/Ang):
     1    0.000000   -0.000692   -0.000000
     2    0.000000   -0.001382   -0.000000
     3   -0.000000   -0.002526   -0.000000
     4   -0.000000    0.002901   -0.000000
     5    0.000000    0.001598   -0.000000
     6    0.000000    0.001541   -0.000000
     7    0.000000    0.000456    0.000000
     8    0.000000    0.000070    0.000000
     9   -0.000000    0.000167    0.000000
    10    0.000000   -0.002233   -0.000000
----------------------------------------
   Tot   -0.000000   -0.000100   -0.000000
----------------------------------------
   Max    0.002901
   Res    0.000955    sqrt( Sum f_i^2 / 3N )
----------------------------------------
   Max    0.002901    constrained

Stress tensor Voigt[x,y,z,yz,xz,xy] (kbar):     -126.79     -123.18     -123.70       -0.00        0.00        0.00
(Free)E + p*V (eV/cell)   -45593.3424
Target enthalpy (eV/cell)   -45601.0369

siesta: Stress tensor (static) (eV/Ang**3):
        -0.079136    0.000000    0.000000
         0.000000   -0.076882   -0.000000
         0.000000   -0.000000   -0.077205

siesta: Pressure (static):        124.55422339  kBar

siesta: Stress tensor (total) (eV/Ang**3):
        -0.079136    0.000000    0.000000
         0.000000   -0.076882   -0.000000
         0.000000   -0.000000   -0.077205

siesta: Pressure (total):        124.55422339  kBar

                     ====================================
                        Begin CG opt. move =      3
                     ====================================
k-point displ. along   1 input, could be:     0.00    0.50
k-point displ. along   2 input, could be:     0.00    0.50
k-point displ. along   3 input, could be:     0.00    0.50
 Kpoints in:           32 . Kpoints trimmed:           31

siesta: k-grid: Number of k-points = 31
siesta: k-points from Monkhorst-Pack grid
siesta: k-cutoff (effective) =     6.931 Ang
siesta: k-point supercell and displacements
siesta: k-grid:     6     0     0      0.000
siesta: k-grid:     0     2     0      0.000
siesta: k-grid:     0     0     4      0.000

superc: Internal auxiliary supercell:     9 x     3 x     7  =     189
superc: Number of atoms, orbitals, and projectors:   1890  47250  34020

outcell: Unit cell vectors (Ang):
        2.449122   -0.000000   -0.000000
       -0.000000   12.265148    0.000000
       -0.000000    0.000000    3.465736

outcell: Cell vector modules (Ang)   :    2.449122   12.265148    3.465736
outcell: Cell angles (23,13,12) (deg):     90.0000     90.0000     90.0000
outcell: Cell volume (Ang**3)        :    104.1067
<dSpData1D:S at geom step 3
  <sparsity:sparsity for geom step 3
    nrows_g=250 nrows=7 sparsity=.2914 nnzs=18213, refcount: 7>
  <dData1D:(new from dSpData1D) n=18213, refcount: 1>
refcount: 1>
new_DM -- step:     4
Re-using DM from previous geometries...
Number of DMs in history: 1
 DM extrapolation coefficients: 
1   1.00000
New DM after history re-use:
<dSpData2D:SpM extrapolated using coords
  <sparsity:sparsity for geom step 3
    nrows_g=250 nrows=7 sparsity=.2914 nnzs=18213, refcount: 9>
  <dData2D:(temp array for extrapolation) n=18213 m=2, refcount: 1>
refcount: 1>
No. of atoms with KB's overlaping orbs in proc 0. Max # of overlaps:      79     571

InitMesh: MESH = 30 x 128 x 40 = 153600
InitMesh: Mesh cutoff (required, used) =   300.000   301.007 Ry
New grid distribution [1]: sub = 2
New grid distribution [2]: sub = 2
New grid distribution [3]: sub = 2
Setting up quadratic distribution...

        iscf     Eharris(eV)        E_KS(eV)     FreeEng(eV)     dDmax    Ef(eV) dHmax(eV)
   scf:    1   -45607.168442   -45601.110572   -45601.144357  0.800715 -6.358682  0.973086
     spin moment: {S} , |S| = {        0.0        0.0    6.62834 }     6.62834
   scf:    2   -45228.178150   -45477.347561   -45477.376682  0.600237 -6.093486 61.815959
     spin moment: {S} , |S| = {        0.0        0.0    6.54160 }     6.54160
   scf:    3   -45602.593915   -45601.137921   -45601.171593  0.572051 -6.337385  0.548687
     spin moment: {S} , |S| = {        0.0        0.0    6.62944 }     6.62944
   scf:    4   -45601.134125   -45601.141634   -45601.175269  0.013581 -6.328191  0.646284
     spin moment: {S} , |S| = {        0.0        0.0    6.62990 }     6.62990
   scf:    5   -45601.121714   -45601.141484   -45601.175082  0.014926 -6.317576  0.806275
     spin moment: {S} , |S| = {        0.0        0.0    6.63042 }     6.63042
   scf:    6   -45601.157821   -45601.156806   -45601.190243  0.050226 -6.275069  0.281730
     spin moment: {S} , |S| = {        0.0        0.0    6.63248 }     6.63248
   scf:    7   -45601.159005   -45601.158172   -45601.191607  0.001503 -6.274649  0.125992
     spin moment: {S} , |S| = {        0.0        0.0    6.63250 }     6.63250
   scf:    8   -45601.158528   -45601.158494   -45601.191929  0.001018 -6.274355  0.012730
     spin moment: {S} , |S| = {        0.0        0.0    6.63251 }     6.63251
   scf:    9   -45601.158226   -45601.158414   -45601.191852  0.000720 -6.273573  0.061368
     spin moment: {S} , |S| = {        0.0        0.0    6.63256 }     6.63256
   scf:   10   -45601.158450   -45601.158508   -45601.191947  0.000677 -6.273318  0.020812
     spin moment: {S} , |S| = {        0.0        0.0    6.63257 }     6.63257
   scf:   11   -45601.158524   -45601.158520   -45601.191961  0.000826 -6.272382  0.000770
     spin moment: {S} , |S| = {        0.0        0.0    6.63263 }     6.63263
   scf:   12   -45601.158521   -45601.158521   -45601.191961  0.000076 -6.272301  0.000610
     spin moment: {S} , |S| = {        0.0        0.0    6.63264 }     6.63264

SCF Convergence by DM criterion
max |DM_out - DM_in|         :     0.0000764657
max |H_out - H_in|      (eV) :     0.0006101579
SCF cycle converged after 12 iterations

Using DM_out to compute the final energy and forces
No. of atoms with KB's overlaping orbs in proc 0. Max # of overlaps:      79     571

siesta: E_KS(eV) =           -45601.1585

siesta: Atomic forces (eV/Ang):
     1    0.000000   -0.000087   -0.000000
     2   -0.000000   -0.000465    0.000000
     3    0.000000   -0.000670    0.000000
     4    0.000000    0.000676   -0.000000
     5    0.000000    0.000504   -0.000000
     6   -0.000000    0.000657   -0.000000
     7    0.000000    0.000521   -0.000000
     8   -0.000000   -0.000014   -0.000000
     9   -0.000000   -0.000467    0.000000
    10   -0.000000   -0.000695   -0.000000
----------------------------------------
   Tot    0.000000   -0.000039   -0.000000
----------------------------------------
   Max    0.000695
   Res    0.000305    sqrt( Sum f_i^2 / 3N )
----------------------------------------
   Max    0.000695    constrained

Stress tensor Voigt[x,y,z,yz,xz,xy] (kbar):        4.40       -3.32        2.91       -0.00       -0.00        0.00
(Free)E + p*V (eV/cell)   -45601.2782
Target enthalpy (eV/cell)   -45601.1920

siesta: Stress tensor (static) (eV/Ang**3):
         0.002743    0.000000   -0.000000
         0.000000   -0.002073   -0.000000
        -0.000000   -0.000000    0.001815

siesta: Pressure (static):         -1.32778129  kBar

siesta: Stress tensor (total) (eV/Ang**3):
         0.002743    0.000000   -0.000000
         0.000000   -0.002073   -0.000000
        -0.000000   -0.000000    0.001815

siesta: Pressure (total):         -1.32778129  kBar

outcoor: Relaxed atomic coordinates (fractional):           
    0.00000000    0.00000037    0.00000000   1       1  Ni
   -0.00000000    0.20000173    0.00000000   1       2  Ni
   -0.00000000    0.40000104    0.00000000   1       3  Ni
    0.00000000    0.59999880    0.00000000   1       4  Ni
   -0.00000000    0.79999805    0.00000000   1       5  Ni
    0.50000000    0.09999879    0.50000000   1       6  Ni
    0.50000000    0.29999746    0.50000000   1       7  Ni
    0.50000000    0.50000003    0.50000000   1       8  Ni
    0.50000000    0.70000210    0.50000000   1       9  Ni
    0.50000000    0.90000162    0.50000000   1      10  Ni

outcell: Unit cell vectors (Ang):
        2.449122   -0.000000   -0.000000
       -0.000000   12.265148    0.000000
       -0.000000    0.000000    3.465736

outcell: Cell vector modules (Ang)   :    2.449122   12.265148    3.465736
outcell: Cell angles (23,13,12) (deg):     90.0000     90.0000     90.0000
outcell: Cell volume (Ang**3)        :    104.1067

coxmol: Writing XMOL coordinates into file hea.xyz                                                                                                                                                                                                                             
Writing WFSX for COOP/COHP in hea.fullBZ.WFSX

diag: Algorithm                                     = D&C
diag: Parallel over k                               =   F
diag: Use parallel 2D distribution                  =   T
diag: Parallel block-size                           = 7
diag: Parallel distribution                         =     6 x     6
diag: Used triangular part                          = Lower
diag: Absolute tolerance                            =  0.100E-15
diag: Orthogonalization factor                      =  0.100E-05
diag: Memory factor                                 =  1.0000

diag: Algorithm                                     = D&C
diag: Parallel over k                               =   F
diag: Use parallel 2D distribution                  =   T
diag: Parallel block-size                           = 7
diag: Parallel distribution                         =     6 x     6
diag: Used triangular part                          = Lower
diag: Absolute tolerance                            =  0.100E-15
diag: Orthogonalization factor                      =  0.100E-05
diag: Memory factor                                 =  1.0000

siesta: PDOS info
siesta: E1 -- E2, sigma [eV], nhist:  -20.000 --   20.000    0.100 1000

diag: Algorithm                                     = D&C
diag: Parallel over k                               =   F
diag: Use parallel 2D distribution                  =   T
diag: Parallel block-size                           = 7
diag: Parallel distribution                         =     6 x     6
diag: Used triangular part                          = Lower
diag: Absolute tolerance                            =  0.100E-15
diag: Orthogonalization factor                      =  0.100E-05
diag: Memory factor                                 =  1.0000

siesta: Program's energy decomposition (eV):
siesta: Ebs     =     -7263.035970
siesta: Eions   =     57876.703030
siesta: Ena     =      3686.073901
siesta: Ekin    =     21473.278764
siesta: Enl     =     -7200.238822
siesta: Eso     =         0.000000
siesta: Edftu   =         0.000000
siesta: DEna    =        88.551114
siesta: DUscf   =         1.094710
siesta: DUext   =         0.000000
siesta: Ex      =     -5446.084807
siesta: Ec      =      -327.130352
siesta: Exc     =     -5773.215158
siesta: EbV     =         0.000000
siesta: eta*DQ  =         0.000000
siesta: Emadel  =         0.000000
siesta: Emeta   =         0.000000
siesta: Emolmec =         0.000000
siesta: Ekinion =         0.000000
siesta: Eharris =    -45601.158521
siesta: Etot    =    -45601.158521
siesta: FreeEng =    -45601.191961

siesta: Final energy (eV):
siesta:  Band Struct. =   -7263.035970
siesta:       Kinetic =   21473.278764
siesta:       Hartree =   12363.487970
siesta:         Edftu =       0.000000
siesta:       Eso     =       0.000000
siesta:    Ext. field =       0.000000
siesta:         Exch. =   -5446.084807
siesta:         Corr. =    -327.130352
siesta:     Bulk bias =       0.000000
siesta:   Exch.-corr. =   -5773.215158
siesta:  Ion-electron =  -47455.106653
siesta:       Ion-ion =  -26209.603444
siesta:       Ekinion =       0.000000
siesta: D3 dispersion =       0.000000
siesta:         Total =  -45601.158521
siesta:         Fermi =      -6.272301

siesta: Stress tensor (static) (eV/Ang**3):
siesta:     0.002743    0.000000   -0.000000
siesta:     0.000000   -0.002073   -0.000000
siesta:    -0.000000   -0.000000    0.001815

siesta: Constrained stress tensor (static) (eV/Ang**3):
siesta:     0.002743    0.000000   -0.000000
siesta:     0.000000   -0.002073   -0.000000
siesta:    -0.000000   -0.000000    0.001815

siesta: Cell volume =        104.106721 Ang**3

siesta: Pressure (static):
siesta:                Solid            Molecule  Units
siesta:          -0.00000903         -0.00000891  Ry/Bohr**3
siesta:          -0.00082874         -0.00081808  eV/Ang**3
siesta:          -1.32778129         -1.31071472  kBar
(Free)E+ p_basis*V_orbitals  =      -45574.319481
(Free)Eharris+ p_basis*V_orbitals  =      -45574.319481

mulliken: Atomic and Orbital Populations:

mulliken: Spin UP 

Species: Ni                  
Atom  Qatom  Qorb
               3s      4s      4s      4s      3py     3pz     3px     4py     
               4pz     4px     3dxy    3dyz    3dz2    3dxz    3dx2-y2 3dxy    
               3dyz    3dz2    3dxz    3dx2-y2 3dxy    3dyz    3dz2    3dxz    
               3dx2-y2 
   1  9.332   0.990   0.002   0.049   0.087   0.998   0.999   0.999   0.174
              0.172   0.170   1.185   1.256   1.193   1.258   1.263  -0.050

             -0.054  -0.051  -0.053  -0.054  -0.195  -0.268  -0.199  -0.269

             -0.272
   2  9.331   0.990   0.002   0.050   0.087   0.999   0.999   0.999   0.174
              0.172   0.169   1.185   1.257   1.193   1.258   1.262  -0.050

             -0.054  -0.051  -0.053  -0.054  -0.195  -0.268  -0.199  -0.269

             -0.271
   3  9.332   0.990   0.002   0.049   0.087   0.998   0.999   0.999   0.174
              0.172   0.169   1.185   1.256   1.193   1.258   1.262  -0.050

             -0.054  -0.051  -0.053  -0.054  -0.195  -0.268  -0.199  -0.269

             -0.271
   4  9.332   0.990   0.002   0.049   0.087   0.998   0.999   0.999   0.174
              0.172   0.169   1.185   1.256   1.193   1.258   1.263  -0.050

             -0.054  -0.051  -0.053  -0.054  -0.195  -0.268  -0.199  -0.269

             -0.271
   5  9.331   0.990   0.002   0.050   0.087   0.999   0.999   0.999   0.174
              0.172   0.169   1.185   1.256   1.193   1.258   1.262  -0.050

             -0.054  -0.051  -0.053  -0.054  -0.195  -0.268  -0.199  -0.269

             -0.271
   6  9.332   0.990   0.002   0.049   0.087   0.998   0.999   0.999   0.174
              0.172   0.169   1.185   1.256   1.193   1.258   1.263  -0.050

             -0.054  -0.051  -0.053  -0.054  -0.195  -0.268  -0.199  -0.269

             -0.271
   7  9.331   0.990   0.002   0.050   0.087   0.999   0.999   0.999   0.174
              0.172   0.169   1.185   1.256   1.193   1.258   1.262  -0.050

             -0.054  -0.051  -0.053  -0.054  -0.195  -0.268  -0.199  -0.269

             -0.271
   8  9.332   0.990   0.002   0.049   0.087   0.998   0.999   0.999   0.174
              0.172   0.170   1.185   1.256   1.193   1.258   1.263  -0.050

             -0.054  -0.051  -0.053  -0.054  -0.195  -0.268  -0.199  -0.269

             -0.272
   9  9.331   0.990   0.002   0.050   0.087   0.999   0.999   0.999   0.174
              0.172   0.169   1.185   1.256   1.193   1.258   1.262  -0.050

             -0.054  -0.051  -0.053  -0.054  -0.195  -0.268  -0.199  -0.269

             -0.271
  10  9.332   0.990   0.002   0.049   0.087   0.998   0.999   0.999   0.174
              0.172   0.169   1.185   1.256   1.193   1.258   1.262  -0.050

             -0.054  -0.051  -0.053  -0.054  -0.195  -0.268  -0.199  -0.269

             -0.271

mulliken: Qtot =       93.316

mulliken: Spin DOWN 

Species: Ni                  
Atom  Qatom  Qorb
               3s      4s      4s      4s      3py     3pz     3px     4py     
               4pz     4px     3dxy    3dyz    3dz2    3dxz    3dx2-y2 3dxy    
               3dyz    3dz2    3dxz    3dx2-y2 3dxy    3dyz    3dz2    3dxz    
               3dx2-y2 
   1  8.669   0.983  -0.012   0.078   0.076   0.998   0.999   0.999   0.181
              0.185   0.184   1.114   1.083   1.133   1.074   1.105  -0.073

             -0.071  -0.073  -0.071  -0.073  -0.196  -0.249  -0.202  -0.247

             -0.256
   2  8.668   0.983  -0.012   0.079   0.076   0.999   0.999   0.999   0.181
              0.185   0.184   1.114   1.083   1.132   1.074   1.104  -0.073

             -0.071  -0.073  -0.071  -0.073  -0.196  -0.249  -0.202  -0.247

             -0.255
   3  8.668   0.983  -0.012   0.078   0.076   0.999   0.999   0.999   0.181
              0.185   0.184   1.114   1.083   1.132   1.074   1.105  -0.073

             -0.071  -0.073  -0.071  -0.073  -0.196  -0.249  -0.202  -0.247

             -0.256
   4  8.668   0.983  -0.012   0.078   0.076   0.999   0.999   0.999   0.181
              0.185   0.184   1.114   1.083   1.132   1.074   1.105  -0.073

             -0.071  -0.073  -0.071  -0.073  -0.196  -0.249  -0.202  -0.247

             -0.256
   5  8.668   0.983  -0.012   0.079   0.076   0.999   0.999   0.999   0.181
              0.185   0.184   1.114   1.083   1.132   1.074   1.104  -0.073

             -0.071  -0.073  -0.071  -0.073  -0.196  -0.249  -0.202  -0.247

             -0.255
   6  8.668   0.983  -0.012   0.078   0.076   0.999   0.999   0.999   0.181
              0.185   0.184   1.114   1.083   1.132   1.074   1.105  -0.073

             -0.071  -0.073  -0.071  -0.073  -0.196  -0.249  -0.202  -0.247

             -0.256
   7  8.668   0.983  -0.012   0.079   0.076   0.999   0.999   0.999   0.181
              0.185   0.184   1.114   1.083   1.132   1.074   1.104  -0.073

             -0.071  -0.073  -0.071  -0.073  -0.196  -0.249  -0.202  -0.247

             -0.255
   8  8.669   0.983  -0.012   0.078   0.076   0.998   0.999   0.999   0.181
              0.185   0.184   1.114   1.083   1.133   1.074   1.105  -0.073

             -0.071  -0.073  -0.071  -0.073  -0.196  -0.249  -0.202  -0.247

             -0.256
   9  8.668   0.983  -0.012   0.079   0.076   0.999   0.999   0.999   0.181
              0.185   0.184   1.114   1.083   1.132   1.074   1.104  -0.073

             -0.071  -0.073  -0.071  -0.073  -0.196  -0.249  -0.202  -0.247

             -0.255
  10  8.668   0.983  -0.012   0.078   0.076   0.999   0.999   0.999   0.181
              0.185   0.184   1.114   1.083   1.132   1.074   1.105  -0.073

             -0.071  -0.073  -0.071  -0.073  -0.196  -0.249  -0.202  -0.247

             -0.256

mulliken: Qtot =       86.684

Mulliken Atomic Populations:
Atom #   charge [q] valence [e]      Sz [e]  Species
     1    -0.000605   18.000605    0.663253  Ni
     2     0.000380   17.999620    0.663277  Ni
     3    -0.000071   18.000071    0.663250  Ni
     4    -0.000080   18.000080    0.663258  Ni
     5     0.000380   17.999620    0.663281  Ni
     6    -0.000084   18.000084    0.663259  Ni
     7     0.000381   17.999619    0.663279  Ni
     8    -0.000603   18.000603    0.663240  Ni
     9     0.000378   17.999622    0.663279  Ni
    10    -0.000077   18.000077    0.663265  Ni
-------------------------------------------
 Total    -0.000000                6.632641

cite: Please indicate the Siesta version in published work: 5.2.2
cite: This calculation has made use of features in the following articles
cite: which we encourage you to cite in published work.
cite: (Please see "hea.bib" for a BibTeX file.)
        Primary SIESTA paper
          DOI: www.doi.org/10.1088/0953-8984/14/11/302
        PSML pseudopotential format
          DOI: www.doi.org/10.1016/j.cpc.2018.02.011


>> End of run:  16-JUN-2025  10:43:15
Job completed
