Executable      : /home/users/felipegc/woltsoft/SIESTA/siesta-5.2.2/build/bin/siesta
Version         : 5.2.2
Architecture    : x86_64
Compiler version: GNU-9.3.0
Compiler flags  : -O3 -march=native
Parallelisations: MPI
Lua support
Native ELPA support
ELSI support. Solvers:
   ELPA (internal) 
   NTPoly
   OMM
DFT-D3 support
Wannier90 wrapper support

Runtime information:
* Directory : /home/users/felipegc/MnGaNi/top/structure_calc_228
* Running on 36 nodes in parallel.
>> Start of run:  19-JUN-2025   9:10:11

                           *********************** 
                           *  WELCOME TO SIESTA  * 
                           *********************** 

 NOTE: Siesta V5 introduces some new defaults for basis-set generation
 NOTE: which might lead to slightly different numerical results.
 NOTE: Please see the manual for full details and compatibility measures.


reinit: Reading from standard input
reinit: Dumping input in INPUT_TMP.65979
************************** Dump of input data file ****************************
SystemName          hea
SystemLabel         hea
Reparametrize.Pseudos T
Restricted.Radial.Grid F
%include atoms.fdf
MaxSCFIterations     20000
SCF.Mix              Hamiltonian
SCF.Mixer.Method     Broyden
#SCF.Mixer.Variant    original #Pulay original
SCF.Mixer.History    8
SCF.Mixer.Weight     0.07
SCF.H.Converge       False
SCF.DM.Converge      True
SCF.DM.Tolerance     5.d-4
SCF.H.Tolerance      5.d-3 eV
MeshCutoff 300.0 Ry
MD.UseSaveCG         False
DM.UseSaveDM         False
NumberOfEigenStates -20
ElectronicTemperature 300 K
WriteCoorXmol        True
XC.Functional     GGA
XC.authors        PBEsol
SpinPolarized      True
SolutionMethod       diagon
#Diag.Algorithm        MRRR
###################################
###################################
# Full template for Basis param.
###################################
###################################
Basis.Pressure 0.3 GPa
PAO.SoftDefault T
PAO.SoftPotential 50.0 Ry
PAO.SoftInnerRadius 0.70
PAO.BasisType split
PAO.EnergyShift 0.0019 eV
PAO.BasisSize TZP
PAO.SplitTailNorm T
            %block kgrid_Monkhorst_Pack
            2  0  0  0.
            0  6  0  0.
            0  0  4  0.
            %endblock kgrid_Monkhorst_Pack
            MD.TypeOfRun CG
            MD.Steps         500
            MD.VariableCell true
            MD.MaxForceTol 0.05 eV/Ang
            WriteMDHistory true
            WriteForces true
            Write.OrbitalIndex true
            Charge.Mulliken end
            COOP.Write true
            %block ProjectedDensityOfStates
            -20.00 20.00 0.1 1000 eV
            %endblock ProjectedDensityOfStates
************************** End of input data file *****************************

reinit: -----------------------------------------------------------------------
reinit: System Name: hea
reinit: -----------------------------------------------------------------------
reinit: System Label: hea
reinit: -----------------------------------------------------------------------

NOTE on units for spin output: 
{S} is the spin magnetic moment, in units of the Bohr magneton,
assuming a g-factor for the electron spin of exactly 2.
The spin magnetic moment is then numerically equal to the charge inbalance,
in units of electrons, between the spin-up and -down channels.


initatom: Reading input for the pseudopotentials and atomic orbitals ----------
Species number:   1 Atomic number:   28 Label: Ni
Species number:   2 Atomic number:   25 Label: Mn

Ground state valence configuration (from tables):   4s02  4p00  3d08  4f00
Ground state valence configuration (from tables):   4s02  4p00  3d05  4f00

---- Processing specs for species: Ni
Reading pseudopotential information in PSML from:
  Ni.psml
PSML file version: 1.1
Using libxc ids:  101 130
GGA--PBE XC_GGA_X_PBE--XC_GGA_C_PBE pb
PSML uuid: 020bdba0-be42-11e7-6ded-a592ddfb3399
Semicore shell(s) with  8 electrons included in the valence for Ni

---- Processing specs for species: Mn
Reading pseudopotential information in PSML from:
  Mn.psml
PSML file version: 1.1
Using libxc ids:  101 130
GGA--PBE XC_GGA_X_PBE--XC_GGA_C_PBE pb
PSML uuid: e5ebd880-be41-11e7-659b-074ddfc7bd15
Semicore shell(s) with  8 electrons included in the valence for Mn

---- Pseudopotential check for Ni

Pseudized shells:
3s( 2.00) rc: 1.26
3p( 6.00) rc: 1.35
3d( 8.00) rc: 1.66
Valence configuration for ps generation: 3s:3p:3d:4s: Total charge:  18.000000
Semicore shell(s): 3s 3p
Fallback to non-perturbative polarization scheme for Ni
Please see the manual if this is not desired in principle

---- Pseudopotential check for Mn

Pseudized shells:
3s( 2.00) rc: 1.41
3p( 6.00) rc: 1.21
3d( 5.00) rc: 1.61
Valence configuration for ps generation: 3s:3p:3d:4s: Total charge:  15.000000
Semicore shell(s): 3s 3p
Fallback to non-perturbative polarization scheme for Mn
Please see the manual if this is not desired in principle
For Ni, standard SIESTA heuristics set lmxkb to 3
 (one more than the basis l, including polarization orbitals).
Use PS.lmax or PS.KBprojectors blocks to override.
For Mn, standard SIESTA heuristics set lmxkb to 3
 (one more than the basis l, including polarization orbitals).
Use PS.lmax or PS.KBprojectors blocks to override.
Ni pseudopotential only contains V_ls up to l=2 -- lmxkb reset.
Mn pseudopotential only contains V_ls up to l=2 -- lmxkb reset.

<basis_specs>
===============================================================================
Ni                   Z=  28    Mass=  58.693        Charge= 0.17977+309
Lmxo=2 Lmxkb= 2    BasisType=split      Semic=T
L=0  Nsemic=1  Cnfigmx=4
          i=1  nzeta=1  polorb=0  (3s)  (semicore shell)
            splnorm:   0.15000    
               vcte:    50.000    
               rinn:  -0.70000    
               qcoe:    0.0000    
               qyuk:    0.0000    
               qwid:   0.10000E-01
                rcs:    0.0000    
            lambdas:    1.0000    
          i=2  nzeta=3  polorb=0  (4s)  (to be polarized non-perturbatively)
            splnorm:   0.15000    
               vcte:    50.000    
               rinn:  -0.70000    
               qcoe:    0.0000    
               qyuk:    0.0000    
               qwid:   0.10000E-01
                rcs:    0.0000      0.0000      0.0000    
            lambdas:    1.0000      1.0000      1.0000    
L=1  Nsemic=1  Cnfigmx=4
          i=1  nzeta=1  polorb=0  (3p)  (semicore shell)
            splnorm:   0.15000    
               vcte:    50.000    
               rinn:  -0.70000    
               qcoe:    0.0000    
               qyuk:    0.0000    
               qwid:   0.10000E-01
                rcs:    0.0000    
            lambdas:    1.0000    
          i=2  nzeta=1  polorb=0  (4p)  (non-perturbative polarization shell)
            splnorm:   0.15000    
               vcte:    50.000    
               rinn:  -0.70000    
               qcoe:   0.41797-315
               qyuk:    0.0000    
               qwid:   0.69528-309
                rcs:    0.0000    
            lambdas:    1.0000    
L=2  Nsemic=0  Cnfigmx=3
          i=1  nzeta=3  polorb=0  (3d)
            splnorm:   0.15000    
               vcte:    50.000    
               rinn:  -0.70000    
               qcoe:    0.0000    
               qyuk:    0.0000    
               qwid:   0.10000E-01
                rcs:    0.0000      0.0000      0.0000    
            lambdas:    1.0000      1.0000      1.0000    
-------------------------------------------------------------------------------
L=0  Nkbl=2  erefs: 0.17977+309 0.17977+309
L=1  Nkbl=2  erefs: 0.17977+309 0.17977+309
L=2  Nkbl=1  erefs: 0.17977+309
===============================================================================
</basis_specs>

Using PAO.SplitTailNorm
atom: Called for Ni                    (Z =  28)
Maximum radius (at nrval) set to   50.00000 8518

read_vps: Pseudopotential generation method:
read_vps: ONCVPSP-3.Hamann's oncvpsp                        
Valence charge in pseudo generation:   18.00000

read_vps: Pseudopotential includes a core correction:
read_vps: Pseudo-core for xc-correction

xc_check: Exchange-correlation functional:
xc_check: GGA PBEsol
xc_check: WARNING: Pseudopotential generated with GGA PBE functional
Got Vlocal (oncv-fit) from psml data
Choosing vlocal chloc cutoff:  3.188973
qtot up to nchloc:   17.99992641
atom: Maximum radius for chlocal:    3.18897
atom: Maximum radius for r*vlocal+2*Zval:    3.18897
Reading KB projs from Ni psml data
Using scalar-relativistic projectors in PSML file

PSML: Kleinman-Bylander projectors: 
   l= 0   rc=  1.276377   Ekb= 12.509070
   l= 0   rc=  1.276377   Ekb= -0.503495
   l= 1   rc=  1.371030   Ekb= -5.680418
   l= 1   rc=  1.371030   Ekb= -0.775211
   l= 2   rc=  1.680171   Ekb=-14.446879
   l= 2   rc=  1.680171   Ekb= -5.088878

PSML: Total number of  Kleinman-Bylander projectors:  18
atom: -------------------------------------------------------------------------

atom: SANKEY-TYPE ORBITALS:
atom: Selected multiple-zeta basis: split     

SPLIT: Orbitals with angular momentum L= 0

SPLIT: Basis orbitals for state 3s

SPLIT: PAO cut-off radius determined from an
SPLIT: energy shift=  0.000140 Ry
Split based on tail norm

   izeta = 1
                 lambda =    1.000000
                     rc =    2.999668
                 energy =   -8.139209
                kinetic =    3.776111
    potential(screened) =  -11.915319
       potential(ionic) =  -45.801861

SPLIT: Basis orbitals for state 4s

SPLIT: PAO cut-off radius determined from an
SPLIT: energy shift=  0.000140 Ry
Split based on tail norm

   izeta = 1
                 lambda =    1.000000
                     rc =    9.316220
                 energy =   -0.512978
                kinetic =    1.389681
    potential(screened) =   -1.902658
       potential(ionic) =  -17.770111

   izeta = 2
                 rmatch =    4.957068
              splitnorm =    0.150000
                 energy =   -0.410487
                kinetic =    2.329090
    potential(screened) =   -2.739576
       potential(ionic) =  -21.501560

   izeta = 3
                 rmatch =    5.824741
              splitnorm =    0.075000
                 energy =   -0.473172
                kinetic =    1.899833
    potential(screened) =   -2.373005
       potential(ionic) =  -19.995099

SPLIT: Orbitals with angular momentum L= 1

SPLIT: Basis orbitals for state 3p

SPLIT: PAO cut-off radius determined from an
SPLIT: energy shift=  0.000140 Ry
Split based on tail norm

   izeta = 1
                 lambda =    1.000000
                     rc =    3.414070
                 energy =   -5.225411
                kinetic =    9.244220
    potential(screened) =  -14.469631
       potential(ionic) =  -47.296381

SPLIT: Basis orbitals for state 4p
SPLIT: Non-perturbative polarization orbs for state 4s
SPLIT: rc(1st zeta) (re)set to: 9.3162 (expansion factor: 1.0000)
Split based on tail norm

   izeta = 1
                 lambda =    1.000000
                     rc =    9.316220
                 energy =   -0.065208
                kinetic =    0.825147
    potential(screened) =   -0.890355
       potential(ionic) =  -12.014212

SPLIT: Orbitals with angular momentum L= 2

SPLIT: Basis orbitals for state 3d

SPLIT: PAO cut-off radius determined from an
SPLIT: energy shift=  0.000140 Ry
Split based on tail norm

   izeta = 1
                 lambda =    1.000000
                     rc =    6.323353
                 energy =   -0.639566
                kinetic =   11.441999
    potential(screened) =  -12.081565
       potential(ionic) =  -40.678115

   izeta = 2
                 rmatch =    2.624859
              splitnorm =    0.150000
                 energy =   -0.513226
                kinetic =   13.528651
    potential(screened) =  -14.041878
       potential(ionic) =  -44.582092

   izeta = 3
                 rmatch =    3.356353
              splitnorm =    0.075000
                 energy =   -0.605538
                kinetic =   12.372939
    potential(screened) =  -12.978477
       potential(ionic) =  -42.595740
atom: Total number of Sankey-type orbitals: 25

atm_pop: Valence configuration (for local Pseudopot. screening):
 3s( 2.00) 4s( 2.00)                                                  
 3p( 6.00) 4p( 0.00)                                                  
 3d( 8.00)                                                            
Vna: chval, zval:   18.00000  18.00000

Vna:  Cut-off radius for the neutral-atom potential:   9.316220
comcore: Pseudo-core radius Rcore=  1.817282

atom: _________________________________________________________________________

<basis_specs>
===============================================================================
Mn                   Z=  25    Mass=  54.938        Charge= 0.17977+309
Lmxo=2 Lmxkb= 2    BasisType=split      Semic=T
L=0  Nsemic=1  Cnfigmx=4
          i=1  nzeta=1  polorb=0  (3s)  (semicore shell)
            splnorm:   0.15000    
               vcte:    50.000    
               rinn:  -0.70000    
               qcoe:    0.0000    
               qyuk:    0.0000    
               qwid:   0.10000E-01
                rcs:    0.0000    
            lambdas:    1.0000    
          i=2  nzeta=3  polorb=0  (4s)  (to be polarized non-perturbatively)
            splnorm:   0.15000    
               vcte:    50.000    
               rinn:  -0.70000    
               qcoe:    0.0000    
               qyuk:    0.0000    
               qwid:   0.10000E-01
                rcs:    0.0000      0.0000      0.0000    
            lambdas:    1.0000      1.0000      1.0000    
L=1  Nsemic=1  Cnfigmx=4
          i=1  nzeta=1  polorb=0  (3p)  (semicore shell)
            splnorm:   0.15000    
               vcte:    50.000    
               rinn:  -0.70000    
               qcoe:    0.0000    
               qyuk:    0.0000    
               qwid:   0.10000E-01
                rcs:    0.0000    
            lambdas:    1.0000    
          i=2  nzeta=1  polorb=0  (4p)  (non-perturbative polarization shell)
            splnorm:   0.15000    
               vcte:    50.000    
               rinn:  -0.70000    
               qcoe:   0.41797-315
               qyuk:    0.0000    
               qwid:   0.69528-309
                rcs:    0.0000    
            lambdas:    1.0000    
L=2  Nsemic=0  Cnfigmx=3
          i=1  nzeta=3  polorb=0  (3d)
            splnorm:   0.15000    
               vcte:    50.000    
               rinn:  -0.70000    
               qcoe:    0.0000    
               qyuk:    0.0000    
               qwid:   0.10000E-01
                rcs:    0.0000      0.0000      0.0000    
            lambdas:    1.0000      1.0000      1.0000    
-------------------------------------------------------------------------------
L=0  Nkbl=2  erefs: 0.17977+309 0.17977+309
L=1  Nkbl=2  erefs: 0.17977+309 0.17977+309
L=2  Nkbl=1  erefs: 0.17977+309
===============================================================================
</basis_specs>

Using PAO.SplitTailNorm
atom: Called for Mn                    (Z =  25)
Maximum radius (at nrval) set to   50.00000 8518

read_vps: Pseudopotential generation method:
read_vps: ONCVPSP-3.Hamann's oncvpsp                        
Valence charge in pseudo generation:   15.00000

read_vps: Pseudopotential includes a core correction:
read_vps: Pseudo-core for xc-correction

xc_check: Exchange-correlation functional:
xc_check: GGA PBEsol
xc_check: WARNING: Pseudopotential generated with GGA PBE functional
Got Vlocal (oncv-fit) from psml data
Choosing vlocal chloc cutoff:  3.504263
qtot up to nchloc:   15.00032895
atom: Maximum radius for chlocal:    3.50426
atom: Maximum radius for r*vlocal+2*Zval:    3.50426
Reading KB projs from Mn psml data
Using scalar-relativistic projectors in PSML file

PSML: Kleinman-Bylander projectors: 
   l= 0   rc=  1.427391   Ekb= 18.471374
   l= 0   rc=  1.430269   Ekb=  3.121111
   l= 1   rc=  1.224702   Ekb=  3.156115
   l= 1   rc=  1.224702   Ekb= -1.424352
   l= 2   rc=  1.630219   Ekb=-13.224142
   l= 2   rc=  1.630219   Ekb= -4.330632

PSML: Total number of  Kleinman-Bylander projectors:  18
atom: -------------------------------------------------------------------------

atom: SANKEY-TYPE ORBITALS:
atom: Selected multiple-zeta basis: split     

SPLIT: Orbitals with angular momentum L= 0

SPLIT: Basis orbitals for state 3s

SPLIT: PAO cut-off radius determined from an
SPLIT: energy shift=  0.000140 Ry
Split based on tail norm

   izeta = 1
                 lambda =    1.000000
                     rc =    3.380000
                 energy =   -6.293298
                kinetic =    2.848567
    potential(screened) =   -9.141865
       potential(ionic) =  -33.519753

SPLIT: Basis orbitals for state 4s

SPLIT: PAO cut-off radius determined from an
SPLIT: energy shift=  0.000140 Ry
Split based on tail norm

   izeta = 1
                 lambda =    1.000000
                     rc =   10.002455
                 energy =   -0.450676
                kinetic =    1.112603
    potential(screened) =   -1.563278
       potential(ionic) =  -13.199632

   izeta = 2
                 rmatch =    5.430276
              splitnorm =    0.150000
                 energy =   -0.360834
                kinetic =    1.875764
    potential(screened) =   -2.236598
       potential(ionic) =  -15.982656

   izeta = 3
                 rmatch =    6.342382
              splitnorm =    0.075000
                 energy =   -0.415048
                kinetic =    1.529261
    potential(screened) =   -1.944310
       potential(ionic) =  -14.865309

SPLIT: Orbitals with angular momentum L= 1

SPLIT: Basis orbitals for state 3p

SPLIT: PAO cut-off radius determined from an
SPLIT: energy shift=  0.000140 Ry
Split based on tail norm

   izeta = 1
                 lambda =    1.000000
                     rc =    3.873861
                 energy =   -3.996757
                kinetic =    6.976018
    potential(screened) =  -10.972775
       potential(ionic) =  -34.563053

SPLIT: Basis orbitals for state 4p
SPLIT: Non-perturbative polarization orbs for state 4s
SPLIT: rc(1st zeta) (re)set to: 10.0025 (expansion factor: 1.0000)
Split based on tail norm

   izeta = 1
                 lambda =    1.000000
                     rc =   10.002455
                 energy =   -0.085879
                kinetic =    0.770317
    potential(screened) =   -0.856196
       potential(ionic) =   -9.409918

SPLIT: Orbitals with angular momentum L= 2

SPLIT: Basis orbitals for state 3d

SPLIT: PAO cut-off radius determined from an
SPLIT: energy shift=  0.000140 Ry
Split based on tail norm

   izeta = 1
                 lambda =    1.000000
                     rc =    7.238756
                 energy =   -0.490123
                kinetic =    9.261574
    potential(screened) =   -9.751697
       potential(ionic) =  -30.334327

   izeta = 2
                 rmatch =    3.144499
              splitnorm =    0.150000
                 energy =   -0.401801
                kinetic =   11.021778
    potential(screened) =  -11.423579
       potential(ionic) =  -33.555539

   izeta = 3
                 rmatch =    3.972182
              splitnorm =    0.075000
                 energy =   -0.464167
                kinetic =   10.072383
    potential(screened) =  -10.536551
       potential(ionic) =  -31.940836
atom: Total number of Sankey-type orbitals: 25

atm_pop: Valence configuration (for local Pseudopot. screening):
 3s( 2.00) 4s( 2.00)                                                  
 3p( 6.00) 4p( 0.00)                                                  
 3d( 5.00)                                                            
Vna: chval, zval:   15.00000  15.00000

Vna:  Cut-off radius for the neutral-atom potential:  10.002455
comcore: Pseudo-core radius Rcore=  2.115123

atom: _________________________________________________________________________

prinput: Basis input 

PAO.BasisType split     

%block ChemicalSpeciesLabel
    1   28 Ni                      # Species index, atomic number, species label
    2   25 Mn                      # Species index, atomic number, species label
%endblock ChemicalSpeciesLabel

%block PAO.Basis                 # Define Basis set
# WARNING: This information might be incomplete!
Ni                    5                    # Species label, number of l-shells
 n=3   0   1                         # n, l, Nzeta 
   3.000   
   1.000   
 n=4   0   3                         # n, l, Nzeta 
   9.316      4.957      5.825   
   1.000      1.000      1.000   
 n=3   1   1                         # n, l, Nzeta 
   3.414   
   1.000   
 n=4   1   1                         # n, l, Nzeta 
   9.316   
   1.000   
 n=3   2   3                         # n, l, Nzeta 
   6.323      2.625      3.356   
   1.000      1.000      1.000   
Mn                    5                    # Species label, number of l-shells
 n=3   0   1                         # n, l, Nzeta 
   3.380   
   1.000   
 n=4   0   3                         # n, l, Nzeta 
  10.002      5.430      6.342   
   1.000      1.000      1.000   
 n=3   1   1                         # n, l, Nzeta 
   3.874   
   1.000   
 n=4   1   1                         # n, l, Nzeta 
  10.002   
   1.000   
 n=3   2   3                         # n, l, Nzeta 
   7.239      3.144      3.972   
   1.000      1.000      1.000   
%endblock PAO.Basis

prinput: ----------------------------------------------------------------------

coor:   Atomic-coordinates input format  =     Fractional

siesta: Atomic coordinates (Bohr) and species
siesta:      9.40712   0.00000   0.00000  1        1
siesta:      0.00000   0.00000   0.00000  2        2
siesta:      4.70356   0.00000   0.00000  2        3
siesta:      2.35178   2.35178   3.32592  2        4
siesta:      7.05534   2.35178   3.32592  2        5
siesta:     11.75890   2.35178   3.32592  2        6

siesta: System type = bulk      

initatomlists: Number of atoms, orbitals, and projectors:      6   150   108

coxmol: Writing XMOL coordinates into file hea.xyz                                                                                                                                                                                                                             

siesta: ******************** Simulation parameters ****************************
siesta:
siesta: The following are some of the parameters of the simulation.
siesta: A complete list of the parameters used, including default values,
siesta: can be found in file out.fdf
siesta:
redata: Spin configuration                          = collinear
redata: Number of spin components                   = 2
redata: Time-Reversal Symmetry                      = T
redata: Spin spiral                                 = F
redata: Long output                                 =   F
redata: Number of Atomic Species                    =        2
redata: Charge density info will appear in .RHO file
redata: Write Mulliken charges (when)               = end
redata: Write Mulliken Pop.                         = Atomic and Orbital charges
redata: Write Hirshfeld charges (when)              = none
redata: Write Voronoi charges (when)                = none
redata: Write spin charge (when)                    = scf
redata: Matel table size (NRTAB)                    =     1024
redata: Mesh Cutoff                                 =   300.0000 Ry
redata: Net charge of the system                    =     0.0000 |e|
redata: Min. number of SCF Iter                     =        0
redata: Max. number of SCF Iter                     =    20000
redata: SCF convergence failure will abort job
redata: SCF mix quantity                            = Hamiltonian
redata: Mix DM or H after convergence               =   F
redata: Recompute H after scf cycle                 =   F
redata: Mix DM in first SCF step                    =   T
redata: Write Pulay info on disk                    =   F
redata: New DM Occupancy tolerance                  = 0.000000000001
redata: No kicks to SCF
redata: DM Mixing Weight for Kicks                  =     0.5000
redata: Require Harris convergence for SCF          =   F
redata: Harris energy tolerance for SCF             =     0.000100 eV
redata: Require DM convergence for SCF              =   T
redata: DM tolerance for SCF                        =     0.000500
redata: Require EDM convergence for SCF             =   F
redata: EDM tolerance for SCF                       =     0.001000 eV
redata: Require H convergence for SCF               =   F
redata: Hamiltonian tolerance for SCF               =     0.005000 eV
redata: Require (free) Energy convergence for SCF   =   F
redata: (free) Energy tolerance for SCF             =     0.000100 eV
redata: Antiferro initial spin density              =   F
redata: Using DFT-D3 dispersion                     =   F
redata: Using Saved Data (generic)                  =   F
redata: Use continuation files for DM               =   F
redata: Neglect nonoverlap interactions             =   F
redata: Method of Calculation                       = Diagonalization
redata: Electronic Temperature                      =   300.0000 K
redata: Fix the spin of the system                  =   F
redata: Max. number of TDED Iter                    =        1
redata: Number of TDED substeps                     =        3
redata: Dynamics option                             = CG coord. optimization
redata: Variable cell                               =   T
redata: Use continuation files for CG               =   F
redata: Max atomic displ per move                   =     0.1058 Ang
redata: Maximum number of optimization moves        =      500
redata: Force tolerance                             =     0.0500 eV/Ang
redata: Stress tolerance                            =     1.0000 GPa
mix.SCF: Broyden mixing                          = Broyden
mix.SCF:    History steps                        = 8
mix.SCF:    Linear mixing weight                 =     0.070000
mix.SCF:    Inverse Jacobian weight              =     0.070000
mix.SCF:    Weight prime                         =     0.070000
mix.SCF:    SVD condition                        = 0.1000E-07
mix.SCF: Spin-component mixing                   all
redata: ***********************************************************************

%block SCF.Mixers
  Broyden
%endblock SCF.Mixers

%block SCF.Mixer.Broyden
  # Mixing method
  method broyden

  # Mixing options
  weight 0.0700
  weight.linear 0.0700
  weight.prime 0.0700
  history 8
%endblock SCF.Mixer.Broyden

DM_history_depth set to one: no extrapolation allowed by default for geometry relaxation
Size of DM history Fstack: 1
Total number of electrons:    93.000000
Total ionic charge:    93.000000

* ProcessorY, Blocksize:    4   4


* Orbital distribution balance (max,min):     8     4

k-point displ. along   1 input, could be:     0.00    0.50
k-point displ. along   2 input, could be:     0.00    0.50
k-point displ. along   3 input, could be:     0.00    0.50
 Kpoints in:           32 . Kpoints trimmed:           31

siesta: k-grid: Number of k-points = 31
siesta: k-points from Monkhorst-Pack grid
siesta: k-cutoff (effective) =     7.040 Ang
siesta: k-point supercell and displacements
siesta: k-grid:     2     0     0      0.000
siesta: k-grid:     0     6     0      0.000
siesta: k-grid:     0     0     4      0.000
k-point displ. along   1 input, could be:     0.00    0.50
k-point displ. along   2 input, could be:     0.00    0.50
k-point displ. along   3 input, could be:     0.00    0.50
 Kpoints in:           32 . Kpoints trimmed:           31

siesta: PDOS k-grid: Number of k-points = 31
siesta: PDOS k-points from Monkhorst-Pack grid
siesta: PDOS k-cutoff (effective) =     0.000 Ang
siesta: PDOS k-point supercell and displacements
siesta: k-grid:     2     0     0      0.000
siesta: k-grid:     0     6     0      0.000
siesta: k-grid:     0     0     4      0.000

diag: Algorithm                                     = D&C
diag: Parallel over k                               =   F
diag: Use parallel 2D distribution                  =   T
diag: Parallel block-size                           = 4
diag: Parallel distribution                         =     6 x     6
diag: Used triangular part                          = Lower
diag: Absolute tolerance                            =  0.100E-15
diag: Orthogonalization factor                      =  0.100E-05
diag: Memory factor                                 =  1.0000
diag: The diagonalization method chosen cannot compute a reduced number of eigenvectors.
diag: Resetting neigwanted 69 to 150

superc: Internal auxiliary supercell:     5 x     9 x     7  =     315
superc: Number of atoms, orbitals, and projectors:   1890  47250  34020


ts: **************************************************************
ts: Save H and S matrices                           =    F
ts: Save DM and EDM matrices                        =    F
ts: Only save the overlap matrix S                  =    F
ts: **************************************************************

************************ Begin: TS CHECKS AND WARNINGS ************************
************************ End: TS CHECKS AND WARNINGS **************************


                     ====================================
                        Begin CG opt. move =      0
                     ====================================

superc: Internal auxiliary supercell:     5 x     9 x     7  =     315
superc: Number of atoms, orbitals, and projectors:   1890  47250  34020

outcell: Unit cell vectors (Ang):
        7.467048    0.000000    0.000000
        0.000000    2.489016    0.000000
        0.000000    0.000000    3.520000

outcell: Cell vector modules (Ang)   :    7.467048    2.489016    3.520000
outcell: Cell angles (23,13,12) (deg):     90.0000     90.0000     90.0000
outcell: Cell volume (Ang**3)        :     65.4213
<dSpData1D:S at geom step 0
  <sparsity:sparsity for geom step 0
    nrows_g=150 nrows=8 sparsity=1.0316 nnzs=23212, refcount: 7>
  <dData1D:(new from dSpData1D) n=23212, refcount: 1>
refcount: 1>
new_DM -- step:     1
Initializing Density Matrix...
DM filled with atomic data:
<dSpData2D:DM initialized from atoms
  <sparsity:sparsity for geom step 0
    nrows_g=150 nrows=8 sparsity=1.0316 nnzs=23212, refcount: 8>
  <dData2D:DM n=23212 m=2, refcount: 1>
refcount: 1>
No. of atoms with KB's overlaping orbs in proc 0. Max # of overlaps:      79     757

InitMesh: MESH = 80 x 30 x 40 = 96000
InitMesh: Mesh cutoff (required, used) =   300.000   317.237 Ry
New grid distribution [1]: sub = 2
New grid distribution [2]: sub = 2
New grid distribution [3]: sub = 2
Setting up quadratic distribution...

stepf: Fermi-Dirac step function

siesta: Program's energy decomposition (eV):
siesta: Ebs     =     -3719.845038
siesta: Eions   =     25845.996357
siesta: Ena     =      2449.582108
siesta: Ekin    =      8557.552118
siesta: Enl     =     -1634.030832
siesta: Eso     =         0.000000
siesta: Edftu   =         0.000000
siesta: DEna    =       151.837488
siesta: DUscf   =         6.660595
siesta: DUext   =         0.000000
siesta: Ex      =     -2854.789213
siesta: Ec      =      -176.552437
siesta: Exc     =     -3031.341650
siesta: EbV     =         0.000000
siesta: eta*DQ  =         0.000000
siesta: Emadel  =         0.000000
siesta: Emeta   =         0.000000
siesta: Emolmec =         0.000000
siesta: Ekinion =         0.000000
siesta: Eharris =    -19254.403750
siesta: Etot    =    -19345.736530
siesta: FreeEng =    -19345.755720

        iscf     Eharris(eV)        E_KS(eV)     FreeEng(eV)     dDmax    Ef(eV) dHmax(eV)
   scf:    1   -19254.403750   -19345.736530   -19345.755720  3.578577 -6.165703 14.666166
     spin moment: {S} , |S| = {        0.0        0.0   17.28309 }    17.28309
timer: Routine,Calls,Time,% = IterSCF        1       2.387  17.54
   scf:    2   -19338.661052   -19347.372100   -19347.393104  0.313095 -6.197698 11.763613
     spin moment: {S} , |S| = {        0.0        0.0   16.33741 }    16.33741
   scf:    3   -19350.264236   -19349.889259   -19349.908924  0.244910 -6.324983  3.685965
     spin moment: {S} , |S| = {        0.0        0.0   16.66790 }    16.66790
   scf:    4   -19351.253648   -19350.613266   -19350.633861  0.571742 -6.545050  2.620614
     spin moment: {S} , |S| = {        0.0        0.0   16.43039 }    16.43039
   scf:    5   -19352.244204   -19351.498029   -19351.522538  0.800316 -6.937548  1.449666
     spin moment: {S} , |S| = {        0.0        0.0   15.30388 }    15.30388
   scf:    6   -19351.826536   -19351.663773   -19351.684623  0.074757 -6.969682  0.942020
     spin moment: {S} , |S| = {        0.0        0.0   14.98751 }    14.98751
   scf:    7   -19329.374885   -19344.057557   -19344.078267  0.979115 -7.523241 19.165946
     spin moment: {S} , |S| = {        0.0        0.0    6.85920 }     6.85920
   scf:    8   -19348.528032   -19346.370504   -19346.391539  0.032709 -7.496211 16.911394
     spin moment: {S} , |S| = {        0.0        0.0    7.03488 }     7.03488
   scf:    9   -19355.610497   -19352.624254   -19352.647114  0.388863 -7.194119  5.161957
     spin moment: {S} , |S| = {        0.0        0.0    9.65699 }     9.65699
   scf:   10   -19343.025897   -19348.775203   -19348.799284  0.240150 -7.309235 12.118905
     spin moment: {S} , |S| = {        0.0        0.0    8.36839 }     8.36839
   scf:   11   -19353.824242   -19351.579114   -19351.598985  0.280754 -7.448921  7.104356
     spin moment: {S} , |S| = {        0.0        0.0    6.67302 }     6.67302
   scf:   12   -19350.967634   -19351.241384   -19351.264986  0.158174 -7.353434  7.719001
     spin moment: {S} , |S| = {        0.0        0.0    8.06059 }     8.06059
   scf:   13   -19352.825440   -19352.195670   -19352.220427  0.085986 -7.270824  7.342101
     spin moment: {S} , |S| = {        0.0        0.0    8.35326 }     8.35326
   scf:   14   -19354.258865   -19353.869572   -19353.892967  0.215722 -7.247580  1.331290
     spin moment: {S} , |S| = {        0.0        0.0    7.04722 }     7.04722
   scf:   15   -19354.304907   -19354.094432   -19354.113925  0.158493 -7.260027  1.619526
     spin moment: {S} , |S| = {        0.0        0.0    5.76726 }     5.76726
   scf:   16   -19354.314775   -19354.274078   -19354.296772  0.145511 -7.304037  0.772730
     spin moment: {S} , |S| = {        0.0        0.0    4.91409 }     4.91409
   scf:   17   -19354.430183   -19354.355006   -19354.377667  0.081639 -7.281835  0.504741
     spin moment: {S} , |S| = {        0.0        0.0    4.44733 }     4.44733
   scf:   18   -19354.551542   -19354.445661   -19354.465409  0.123973 -7.297131  0.581917
     spin moment: {S} , |S| = {        0.0        0.0    3.71169 }     3.71169
   scf:   19   -19354.496740   -19354.478816   -19354.498593  0.026026 -7.296775  0.257427
     spin moment: {S} , |S| = {        0.0        0.0    3.58516 }     3.58516
   scf:   20   -19354.550451   -19354.513244   -19354.534582  0.057919 -7.306640  0.476286
     spin moment: {S} , |S| = {        0.0        0.0    3.19468 }     3.19468
   scf:   21   -19354.592570   -19354.550290   -19354.571276  0.041540 -7.315885  0.311486
     spin moment: {S} , |S| = {        0.0        0.0    2.81845 }     2.81845
   scf:   22   -19354.576483   -19354.563275   -19354.583562  0.011505 -7.316496  0.242503
     spin moment: {S} , |S| = {        0.0        0.0    2.70182 }     2.70182
   scf:   23   -19354.616575   -19354.588739   -19354.607147  0.026113 -7.307821  0.220681
     spin moment: {S} , |S| = {        0.0        0.0    2.46141 }     2.46141
   scf:   24   -19354.621975   -19354.604713   -19354.622891  0.033150 -7.302067  0.273478
     spin moment: {S} , |S| = {        0.0        0.0    2.24431 }     2.24431
   scf:   25   -19354.663152   -19354.629585   -19354.651107  0.053483 -7.289086  0.232579
     spin moment: {S} , |S| = {        0.0        0.0    1.88831 }     1.88831
   scf:   26   -19354.661353   -19354.644606   -19354.666969  0.046608 -7.279326  0.209946
     spin moment: {S} , |S| = {        0.0        0.0    1.61292 }     1.61292
   scf:   27   -19354.648437   -19354.646800   -19354.669068  0.004197 -7.279699  0.158853
     spin moment: {S} , |S| = {        0.0        0.0    1.61321 }     1.61321
   scf:   28   -19354.670376   -19354.657572   -19354.679282  0.032584 -7.275702  0.116916
     spin moment: {S} , |S| = {        0.0        0.0    1.45230 }     1.45230
   scf:   29   -19354.676762   -19354.666379   -19354.687531  0.038043 -7.272547  0.228158
     spin moment: {S} , |S| = {        0.0        0.0    1.26593 }     1.26593
   scf:   30   -19354.677834   -19354.671586   -19354.692699  0.030228 -7.269474  0.245190
     spin moment: {S} , |S| = {        0.0        0.0    1.13960 }     1.13960
   scf:   31   -19354.672191   -19354.671951   -19354.692976  0.009370 -7.270954  0.201455
     spin moment: {S} , |S| = {        0.0        0.0    1.19006 }     1.19006
   scf:   32   -19354.672538   -19354.671850   -19354.692663  0.026296 -7.276821  0.166072
     spin moment: {S} , |S| = {        0.0        0.0    1.33267 }     1.33267
   scf:   33   -19354.672173   -19354.672001   -19354.692774  0.005915 -7.277642  0.136601
     spin moment: {S} , |S| = {        0.0        0.0    1.37193 }     1.37193
   scf:   34   -19354.674084   -19354.673080   -19354.693762  0.004905 -7.278147  0.111754
     spin moment: {S} , |S| = {        0.0        0.0    1.38724 }     1.38724
   scf:   35   -19354.687440   -19354.679855   -19354.700108  0.024267 -7.276825  0.097656
     spin moment: {S} , |S| = {        0.0        0.0    1.34109 }     1.34109
   scf:   36   -19354.680634   -19354.680271   -19354.700528  0.001970 -7.276426  0.109824
     spin moment: {S} , |S| = {        0.0        0.0    1.33428 }     1.33428
   scf:   37   -19354.677720   -19354.678988   -19354.699298  0.004869 -7.276495  0.100794
     spin moment: {S} , |S| = {        0.0        0.0    1.34824 }     1.34824
   scf:   38   -19354.680006   -19354.679494   -19354.699790  0.002134 -7.276545  0.103599
     spin moment: {S} , |S| = {        0.0        0.0    1.34154 }     1.34154
   scf:   39   -19354.681160   -19354.680329   -19354.700575  0.003299 -7.276679  0.102386
     spin moment: {S} , |S| = {        0.0        0.0    1.33375 }     1.33375
   scf:   40   -19354.686382   -19354.683257   -19354.703351  0.010656 -7.276696  0.105415
     spin moment: {S} , |S| = {        0.0        0.0    1.30849 }     1.30849
   scf:   41   -19354.683166   -19354.683212   -19354.703302  0.000568 -7.276841  0.105042
     spin moment: {S} , |S| = {        0.0        0.0    1.31257 }     1.31257
   scf:   42   -19354.684722   -19354.683959   -19354.704016  0.002893 -7.276666  0.106084
     spin moment: {S} , |S| = {        0.0        0.0    1.30240 }     1.30240
   scf:   43   -19354.683510   -19354.683734   -19354.703810  0.001151 -7.276471  0.103050
     spin moment: {S} , |S| = {        0.0        0.0    1.29780 }     1.29780
   scf:   44   -19354.684250   -19354.683991   -19354.704054  0.000953 -7.276410  0.103243
     spin moment: {S} , |S| = {        0.0        0.0    1.29602 }     1.29602
   scf:   45   -19354.682386   -19354.683181   -19354.703291  0.003113 -7.276127  0.103760
     spin moment: {S} , |S| = {        0.0        0.0    1.30221 }     1.30221
   scf:   46   -19354.686340   -19354.684732   -19354.704759  0.005671 -7.276270  0.103146
     spin moment: {S} , |S| = {        0.0        0.0    1.28783 }     1.28783
   scf:   47   -19354.684440   -19354.684586   -19354.704621  0.000512 -7.276282  0.103213
     spin moment: {S} , |S| = {        0.0        0.0    1.28913 }     1.28913
   scf:   48   -19354.685957   -19354.685266   -19354.705253  0.002346 -7.276626  0.104989
     spin moment: {S} , |S| = {        0.0        0.0    1.28840 }     1.28840
   scf:   49   -19354.688858   -19354.687016   -19354.706949  0.006940 -7.275985  0.106948
     spin moment: {S} , |S| = {        0.0        0.0    1.25796 }     1.25796
   scf:   50   -19354.687138   -19354.687077   -19354.707013  0.000364 -7.275923  0.105958
     spin moment: {S} , |S| = {        0.0        0.0    1.25505 }     1.25505

SCF Convergence by DM criterion
max |DM_out - DM_in|         :     0.0003643741
max |H_out - H_in|      (eV) :     0.1059576849
SCF cycle converged after 50 iterations

Using DM_out to compute the final energy and forces
No. of atoms with KB's overlaping orbs in proc 0. Max # of overlaps:      79     757

siesta: E_KS(eV) =           -19354.6871

siesta: E_KS - E_eggbox =    -19354.6871

siesta: Atomic forces (eV/Ang):
     1    0.000158   -0.000000   -0.000000
     2   -0.019146    0.000000    0.000000
     3    0.028734   -0.000000    0.000000
     4   -0.006751   -0.000000   -0.000000
     5   -0.671998    0.000000    0.000000
     6    0.678435    0.000000    0.000000
----------------------------------------
   Tot    0.009433   -0.000000    0.000000
----------------------------------------
   Max    0.678435
   Res    0.225227    sqrt( Sum f_i^2 / 3N )
----------------------------------------
   Max    0.678435    constrained

Stress tensor Voigt[x,y,z,yz,xz,xy] (kbar):      133.11      146.46      110.22        0.00       -0.00        0.00
(Free)E + p*V (eV/cell)   -19360.0125
Target enthalpy (eV/cell)   -19354.7070

siesta: Stress tensor (static) (eV/Ang**3):
         0.083083    0.000000   -0.000000
         0.000000    0.091411    0.000000
        -0.000000    0.000000    0.068796

siesta: Pressure (static):       -129.93121719  kBar

siesta: Stress tensor (total) (eV/Ang**3):
         0.083083    0.000000   -0.000000
         0.000000    0.091411    0.000000
        -0.000000    0.000000    0.068796

siesta: Pressure (total):       -129.93121719  kBar

cgvc: No target stress found, assuming hydrostatic MD.TargetPressure.

cgvc: Target stress (kBar)
cgvc:        -0.000       0.000       0.000
cgvc:         0.000      -0.000       0.000
cgvc:         0.000       0.000      -0.000

                     ====================================
                        Begin CG opt. move =      1
                     ====================================
k-point displ. along   1 input, could be:     0.00    0.50
k-point displ. along   2 input, could be:     0.00    0.50
k-point displ. along   3 input, could be:     0.00    0.50
 Kpoints in:           32 . Kpoints trimmed:           31

siesta: k-grid: Number of k-points = 31
siesta: k-points from Monkhorst-Pack grid
siesta: k-cutoff (effective) =     6.976 Ang
siesta: k-point supercell and displacements
siesta: k-grid:     2     0     0      0.000
siesta: k-grid:     0     6     0      0.000
siesta: k-grid:     0     0     4      0.000

superc: Internal auxiliary supercell:     5 x     9 x     7  =     315
superc: Number of atoms, orbitals, and projectors:   1890  47250  34020

outcell: Unit cell vectors (Ang):
        7.384530   -0.000000    0.000000
       -0.000000    2.458753   -0.000000
        0.000000   -0.000000    3.487790

outcell: Cell vector modules (Ang)   :    7.384530    2.458753    3.487790
outcell: Cell angles (23,13,12) (deg):     90.0000     90.0000     90.0000
outcell: Cell volume (Ang**3)        :     63.3269
<dSpData1D:S at geom step 1
  <sparsity:sparsity for geom step 1
    nrows_g=150 nrows=8 sparsity=1.0749 nnzs=24185, refcount: 7>
  <dData1D:(new from dSpData1D) n=24185, refcount: 1>
refcount: 1>
new_DM -- step:     2
Re-using DM from previous geometries...
Number of DMs in history: 1
 DM extrapolation coefficients: 
1   1.00000
New DM after history re-use:
<dSpData2D:SpM extrapolated using coords
  <sparsity:sparsity for geom step 1
    nrows_g=150 nrows=8 sparsity=1.0749 nnzs=24185, refcount: 9>
  <dData2D:(temp array for extrapolation) n=24185 m=2, refcount: 1>
refcount: 1>
No. of atoms with KB's overlaping orbs in proc 0. Max # of overlaps:      79     759

InitMesh: MESH = 80 x 30 x 40 = 96000
InitMesh: Mesh cutoff (required, used) =   300.000   324.367 Ry
New grid distribution [1]: sub = 2
New grid distribution [2]: sub = 2
New grid distribution [3]: sub = 2
Setting up quadratic distribution...

        iscf     Eharris(eV)        E_KS(eV)     FreeEng(eV)     dDmax    Ef(eV) dHmax(eV)
   scf:    1   -19348.700835   -19354.139827   -19354.157747  0.229677 -7.336370  5.157501
     spin moment: {S} , |S| = {        0.0        0.0    1.02820 }     1.02820
   scf:    2   -17845.308982   -18858.009071   -18858.029178  2.066901 -6.831364 91.277581
     spin moment: {S} , |S| = {        0.0        0.0    0.24160 }     0.24160
   scf:    3   -19376.308189   -19354.746114   -19354.764779  2.039722 -7.340090  2.072043
     spin moment: {S} , |S| = {        0.0        0.0    1.06661 }     1.06661
   scf:    4   -19354.883374   -19354.837106   -19354.855308  0.016612 -7.347907  0.578019
     spin moment: {S} , |S| = {        0.0        0.0    1.06550 }     1.06550
   scf:    5   -19354.841616   -19354.849870   -19354.867879  0.013022 -7.357285  0.341561
     spin moment: {S} , |S| = {        0.0        0.0    1.05662 }     1.05662
   scf:    6   -19354.743383   -19354.812389   -19354.830001  0.019552 -7.375210  1.434847
     spin moment: {S} , |S| = {        0.0        0.0    1.03959 }     1.03959
   scf:    7   -19354.866790   -19354.843817   -19354.861366  0.008430 -7.377728  0.794880
     spin moment: {S} , |S| = {        0.0        0.0    1.03324 }     1.03324
   scf:    8   -19354.861654   -19354.859691   -19354.877102  0.010032 -7.380700  0.067890
     spin moment: {S} , |S| = {        0.0        0.0    1.02549 }     1.02549
   scf:    9   -19354.871530   -19354.865075   -19354.882098  0.024808 -7.380090  0.062710
     spin moment: {S} , |S| = {        0.0        0.0    0.98570 }     0.98570
   scf:   10   -19354.870075   -19354.867466   -19354.884307  0.012083 -7.380163  0.068007
     spin moment: {S} , |S| = {        0.0        0.0    0.96781 }     0.96781
   scf:   11   -19354.882554   -19354.873926   -19354.890278  0.032871 -7.380156  0.078678
     spin moment: {S} , |S| = {        0.0        0.0    0.92443 }     0.92443
   scf:   12   -19354.878538   -19354.876133   -19354.892318  0.011375 -7.380270  0.050008
     spin moment: {S} , |S| = {        0.0        0.0    0.90957 }     0.90957
   scf:   13   -19354.892628   -19354.882825   -19354.898409  0.039767 -7.381175  0.047845
     spin moment: {S} , |S| = {        0.0        0.0    0.86000 }     0.86000
   scf:   14   -19354.887364   -19354.884928   -19354.900271  0.012331 -7.381706  0.052119
     spin moment: {S} , |S| = {        0.0        0.0    0.84735 }     0.84735
   scf:   15   -19354.890815   -19354.887579   -19354.902596  0.015864 -7.382001  0.047031
     spin moment: {S} , |S| = {        0.0        0.0    0.83218 }     0.83218
   scf:   16   -19354.901968   -19354.893087   -19354.907291  0.037944 -7.383202  0.056968
     spin moment: {S} , |S| = {        0.0        0.0    0.79238 }     0.79238
   scf:   17   -19354.908438   -19354.898323   -19354.911597  0.037896 -7.383598  0.075927
     spin moment: {S} , |S| = {        0.0        0.0    0.76633 }     0.76633
   scf:   18   -19354.898649   -19354.898532   -19354.911810  0.001278 -7.384263  0.068987
     spin moment: {S} , |S| = {        0.0        0.0    0.76724 }     0.76724
   scf:   19   -19354.897485   -19354.897997   -19354.911393  0.005637 -7.384045  0.052520
     spin moment: {S} , |S| = {        0.0        0.0    0.77279 }     0.77279
   scf:   20   -19354.896122   -19354.896989   -19354.910627  0.009034 -7.384729  0.033410
     spin moment: {S} , |S| = {        0.0        0.0    0.78464 }     0.78464
   scf:   21   -19354.905685   -19354.900200   -19354.913236  0.024884 -7.385192  0.050998
     spin moment: {S} , |S| = {        0.0        0.0    0.77424 }     0.77424
   scf:   22   -19354.899907   -19354.900164   -19354.913374  0.005131 -7.387087  0.044837
     spin moment: {S} , |S| = {        0.0        0.0    0.79629 }     0.79629
   scf:   23   -19354.902800   -19354.901341   -19354.914312  0.010250 -7.387199  0.018866
     spin moment: {S} , |S| = {        0.0        0.0    0.79193 }     0.79193
   scf:   24   -19354.902872   -19354.901995   -19354.914933  0.007489 -7.389237  0.024126
     spin moment: {S} , |S| = {        0.0        0.0    0.80443 }     0.80443
   scf:   25   -19354.902515   -19354.902235   -19354.915167  0.002828 -7.390104  0.019687
     spin moment: {S} , |S| = {        0.0        0.0    0.80972 }     0.80972
   scf:   26   -19354.904259   -19354.903047   -19354.915815  0.009471 -7.391624  0.018683
     spin moment: {S} , |S| = {        0.0        0.0    0.81186 }     0.81186
   scf:   27   -19354.905783   -19354.904012   -19354.916492  0.014747 -7.392743  0.015598
     spin moment: {S} , |S| = {        0.0        0.0    0.80754 }     0.80754
   scf:   28   -19354.904227   -19354.904112   -19354.916569  0.001918 -7.392899  0.013676
     spin moment: {S} , |S| = {        0.0        0.0    0.80847 }     0.80847
   scf:   29   -19354.904962   -19354.904444   -19354.916781  0.007042 -7.393025  0.011863
     spin moment: {S} , |S| = {        0.0        0.0    0.80599 }     0.80599
   scf:   30   -19354.905442   -19354.904790   -19354.916978  0.009240 -7.392684  0.008072
     spin moment: {S} , |S| = {        0.0        0.0    0.80044 }     0.80044
   scf:   31   -19354.904945   -19354.904862   -19354.917018  0.001947 -7.392449  0.006097
     spin moment: {S} , |S| = {        0.0        0.0    0.79741 }     0.79741
   scf:   32   -19354.904889   -19354.904875   -19354.917033  0.001193 -7.392327  0.005412
     spin moment: {S} , |S| = {        0.0        0.0    0.79641 }     0.79641
   scf:   33   -19354.904858   -19354.904864   -19354.917034  0.001564 -7.392225  0.004870
     spin moment: {S} , |S| = {        0.0        0.0    0.79604 }     0.79604
   scf:   34   -19354.904908   -19354.904885   -19354.917047  0.000747 -7.392205  0.004377
     spin moment: {S} , |S| = {        0.0        0.0    0.79566 }     0.79566
   scf:   35   -19354.905093   -19354.904962   -19354.917087  0.003595 -7.392540  0.003715
     spin moment: {S} , |S| = {        0.0        0.0    0.79594 }     0.79594
   scf:   36   -19354.905001   -19354.904980   -19354.917090  0.000922 -7.392549  0.003810
     spin moment: {S} , |S| = {        0.0        0.0    0.79541 }     0.79541
   scf:   37   -19354.905097   -19354.905026   -19354.917114  0.002353 -7.392699  0.003707
     spin moment: {S} , |S| = {        0.0        0.0    0.79529 }     0.79529
   scf:   38   -19354.905078   -19354.905048   -19354.917121  0.001376 -7.392781  0.004106
     spin moment: {S} , |S| = {        0.0        0.0    0.79525 }     0.79525
   scf:   39   -19354.905063   -19354.905055   -19354.917129  0.001083 -7.392679  0.003025
     spin moment: {S} , |S| = {        0.0        0.0    0.79501 }     0.79501
   scf:   40   -19354.905067   -19354.905060   -19354.917133  0.000602 -7.392633  0.002652
     spin moment: {S} , |S| = {        0.0        0.0    0.79501 }     0.79501
   scf:   41   -19354.905077   -19354.905068   -19354.917139  0.000675 -7.392578  0.002086
     spin moment: {S} , |S| = {        0.0        0.0    0.79491 }     0.79491
   scf:   42   -19354.905096   -19354.905081   -19354.917145  0.000659 -7.392563  0.001991
     spin moment: {S} , |S| = {        0.0        0.0    0.79488 }     0.79488
   scf:   43   -19354.905107   -19354.905092   -19354.917151  0.000711 -7.392572  0.001964
     spin moment: {S} , |S| = {        0.0        0.0    0.79496 }     0.79496
   scf:   44   -19354.905118   -19354.905103   -19354.917155  0.000773 -7.392632  0.001695
     spin moment: {S} , |S| = {        0.0        0.0    0.79514 }     0.79514
   scf:   45   -19354.905111   -19354.905107   -19354.917157  0.000348 -7.392673  0.001646
     spin moment: {S} , |S| = {        0.0        0.0    0.79536 }     0.79536

SCF Convergence by DM criterion
max |DM_out - DM_in|         :     0.0003479896
max |H_out - H_in|      (eV) :     0.0016456470
SCF cycle converged after 45 iterations

Using DM_out to compute the final energy and forces
No. of atoms with KB's overlaping orbs in proc 0. Max # of overlaps:      79     759

siesta: E_KS(eV) =           -19354.9051

siesta: Atomic forces (eV/Ang):
     1    0.003768    0.000000    0.000000
     2   -0.109247   -0.000000   -0.000000
     3    0.096617    0.000000    0.000000
     4    0.016120    0.000000    0.000000
     5   -0.109374   -0.000000    0.000000
     6    0.094762   -0.000000    0.000000
----------------------------------------
   Tot   -0.007355   -0.000000    0.000000
----------------------------------------
   Max    0.109374
   Res    0.048583    sqrt( Sum f_i^2 / 3N )
----------------------------------------
   Max    0.109374    constrained

Stress tensor Voigt[x,y,z,yz,xz,xy] (kbar):       12.98       26.26       14.60        0.00       -0.00        0.00
(Free)E + p*V (eV/cell)   -19355.6266
Target enthalpy (eV/cell)   -19354.9172

siesta: Stress tensor (static) (eV/Ang**3):
         0.008102    0.000000   -0.000000
         0.000000    0.016393    0.000000
        -0.000000    0.000000    0.009113

siesta: Pressure (static):        -17.94853176  kBar

siesta: Stress tensor (total) (eV/Ang**3):
         0.008102    0.000000   -0.000000
         0.000000    0.016393    0.000000
        -0.000000    0.000000    0.009113

siesta: Pressure (total):        -17.94853176  kBar

                     ====================================
                        Begin CG opt. move =      2
                     ====================================
k-point displ. along   1 input, could be:     0.00    0.50
k-point displ. along   2 input, could be:     0.00    0.50
k-point displ. along   3 input, could be:     0.00    0.50
 Kpoints in:           32 . Kpoints trimmed:           31

siesta: k-grid: Number of k-points = 31
siesta: k-points from Monkhorst-Pack grid
siesta: k-cutoff (effective) =     6.873 Ang
siesta: k-point supercell and displacements
siesta: k-grid:     2     0     0      0.000
siesta: k-grid:     0     6     0      0.000
siesta: k-grid:     0     0     4      0.000

superc: Internal auxiliary supercell:     5 x     9 x     7  =     315
superc: Number of atoms, orbitals, and projectors:   1890  47250  34020

outcell: Unit cell vectors (Ang):
        7.252501   -0.000000    0.000000
       -0.000000    2.410333   -0.000000
        0.000000   -0.000000    3.436254

outcell: Cell vector modules (Ang)   :    7.252501    2.410333    3.436254
outcell: Cell angles (23,13,12) (deg):     90.0000     90.0000     90.0000
outcell: Cell volume (Ang**3)        :     60.0690
<dSpData1D:S at geom step 2
  <sparsity:sparsity for geom step 2
    nrows_g=150 nrows=8 sparsity=1.1272 nnzs=25362, refcount: 7>
  <dData1D:(new from dSpData1D) n=25362, refcount: 1>
refcount: 1>
new_DM -- step:     3
Re-using DM from previous geometries...
Number of DMs in history: 1
 DM extrapolation coefficients: 
1   1.00000
New DM after history re-use:
<dSpData2D:SpM extrapolated using coords
  <sparsity:sparsity for geom step 2
    nrows_g=150 nrows=8 sparsity=1.1272 nnzs=25362, refcount: 9>
  <dData2D:(temp array for extrapolation) n=25362 m=2, refcount: 1>
refcount: 1>
Note: For starting DM, Qtot, Tr[D*S] =         93.00000000         92.82581580
No. of atoms with KB's overlaping orbs in proc 0. Max # of overlaps:      79     799

InitMesh: MESH = 80 x 30 x 36 = 86400
InitMesh: Mesh cutoff (required, used) =   300.000   303.345 Ry
New grid distribution [1]: sub = 2
New grid distribution [2]: sub = 2
New grid distribution [3]: sub = 2
Setting up quadratic distribution...

        iscf     Eharris(eV)        E_KS(eV)     FreeEng(eV)     dDmax    Ef(eV) dHmax(eV)
   scf:    1   -19331.650802   -19349.853070   -19349.867258  0.392249 -7.461771 13.317885
     spin moment: {S} , |S| = {        0.0        0.0    0.72192 }     0.72192
   scf:    2   -15335.800534   -18044.527579   -18044.535320 25.513283 -5.088718163.410682
     spin moment: {S} , |S| = {        0.0        0.0   -0.67739 }    -0.67739
   scf:    3   -19514.007674   -19351.277940   -19351.289606 25.413610 -7.482633 10.836457
     spin moment: {S} , |S| = {        0.0        0.0    0.72707 }     0.72707
   scf:    4   -19355.348906   -19354.684605   -19354.696417  0.119124 -7.503634  0.940393
     spin moment: {S} , |S| = {        0.0        0.0    0.72508 }     0.72508
   scf:    5   -19354.723478   -19354.708907   -19354.720767  0.014244 -7.518242  0.872055
     spin moment: {S} , |S| = {        0.0        0.0    0.72772 }     0.72772
   scf:    6   -19354.669994   -19354.718973   -19354.731056  0.024929 -7.545348  0.982649
     spin moment: {S} , |S| = {        0.0        0.0    0.72951 }     0.72951
   scf:    7   -19354.413764   -19354.602054   -19354.614408  0.028208 -7.577347  2.342531
     spin moment: {S} , |S| = {        0.0        0.0    0.72991 }     0.72991
   scf:    8   -19354.714120   -19354.740281   -19354.752400  0.024753 -7.574309  0.335504
     spin moment: {S} , |S| = {        0.0        0.0    0.73829 }     0.73829
   scf:    9   -19354.738169   -19354.740718   -19354.752868  0.006672 -7.575224  0.262264
     spin moment: {S} , |S| = {        0.0        0.0    0.74073 }     0.74073
   scf:   10   -19354.709549   -19354.734576   -19354.747045  0.013952 -7.575970  0.734133
     spin moment: {S} , |S| = {        0.0        0.0    0.73931 }     0.73931
   scf:   11   -19354.750610   -19354.744698   -19354.757203  0.004395 -7.575213  0.304020
     spin moment: {S} , |S| = {        0.0        0.0    0.74052 }     0.74052
   scf:   12   -19354.748105   -19354.747255   -19354.759850  0.005060 -7.574630  0.035308
     spin moment: {S} , |S| = {        0.0        0.0    0.74079 }     0.74079
   scf:   13   -19354.753351   -19354.749870   -19354.762780  0.014665 -7.574446  0.034711
     spin moment: {S} , |S| = {        0.0        0.0    0.74205 }     0.74205
   scf:   14   -19354.759638   -19354.753427   -19354.766894  0.026524 -7.573614  0.034183
     spin moment: {S} , |S| = {        0.0        0.0    0.74331 }     0.74331
   scf:   15   -19354.754552   -19354.753951   -19354.767509  0.004567 -7.573471  0.028549
     spin moment: {S} , |S| = {        0.0        0.0    0.74331 }     0.74331
   scf:   16   -19354.757949   -19354.755503   -19354.769354  0.014968 -7.572549  0.045460
     spin moment: {S} , |S| = {        0.0        0.0    0.74308 }     0.74308
   scf:   17   -19354.757743   -19354.756381   -19354.770503  0.014342 -7.571659  0.025755
     spin moment: {S} , |S| = {        0.0        0.0    0.74217 }     0.74217
   scf:   18   -19354.762390   -19354.757762   -19354.772404  0.030323 -7.568860  0.022231
     spin moment: {S} , |S| = {        0.0        0.0    0.73966 }     0.73966
   scf:   19   -19354.758070   -19354.757883   -19354.772588  0.004763 -7.568025  0.021801
     spin moment: {S} , |S| = {        0.0        0.0    0.73876 }     0.73876
   scf:   20   -19354.758697   -19354.758097   -19354.772951  0.009894 -7.565554  0.019823
     spin moment: {S} , |S| = {        0.0        0.0    0.73660 }     0.73660
   scf:   21   -19354.758224   -19354.758133   -19354.773039  0.004301 -7.564404  0.017383
     spin moment: {S} , |S| = {        0.0        0.0    0.73557 }     0.73557
   scf:   22   -19354.758287   -19354.758143   -19354.773135  0.006422 -7.563143  0.013625
     spin moment: {S} , |S| = {        0.0        0.0    0.73461 }     0.73461
   scf:   23   -19354.758145   -19354.758136   -19354.773161  0.002971 -7.562735  0.004908
     spin moment: {S} , |S| = {        0.0        0.0    0.73405 }     0.73405
   scf:   24   -19354.758185   -19354.758161   -19354.773176  0.001543 -7.562464  0.008281
     spin moment: {S} , |S| = {        0.0        0.0    0.73228 }     0.73228
   scf:   25   -19354.758154   -19354.758156   -19354.773187  0.001480 -7.562325  0.003696
     spin moment: {S} , |S| = {        0.0        0.0    0.73181 }     0.73181
   scf:   26   -19354.758170   -19354.758163   -19354.773192  0.000723 -7.562160  0.002961
     spin moment: {S} , |S| = {        0.0        0.0    0.73102 }     0.73102
   scf:   27   -19354.758173   -19354.758168   -19354.773195  0.000427 -7.562087  0.002589
     spin moment: {S} , |S| = {        0.0        0.0    0.73042 }     0.73042

SCF Convergence by DM criterion
max |DM_out - DM_in|         :     0.0004265963
max |H_out - H_in|      (eV) :     0.0025886091
SCF cycle converged after 27 iterations

Using DM_out to compute the final energy and forces
No. of atoms with KB's overlaping orbs in proc 0. Max # of overlaps:      79     799

siesta: E_KS(eV) =           -19354.7582

siesta: Atomic forces (eV/Ang):
     1    0.007515    0.000000    0.000000
     2    0.091964    0.000000   -0.000000
     3   -0.095543   -0.000000    0.000000
     4    0.015345   -0.000000    0.000000
     5    0.804794   -0.000000    0.000000
     6   -0.822670   -0.000000   -0.000000
----------------------------------------
   Tot    0.001405   -0.000000    0.000000
----------------------------------------
   Max    0.822670
   Res    0.273085    sqrt( Sum f_i^2 / 3N )
----------------------------------------
   Max    0.822670    constrained

Stress tensor Voigt[x,y,z,yz,xz,xy] (kbar):     -145.76     -128.84     -143.21        0.00       -0.00       -0.00
(Free)E + p*V (eV/cell)   -19349.5516
Target enthalpy (eV/cell)   -19354.7732

siesta: Stress tensor (static) (eV/Ang**3):
        -0.090976   -0.000000   -0.000000
        -0.000000   -0.080416    0.000000
        -0.000000    0.000000   -0.089388

siesta: Pressure (static):        139.27140373  kBar

siesta: Stress tensor (total) (eV/Ang**3):
        -0.090976   -0.000000   -0.000000
        -0.000000   -0.080416    0.000000
        -0.000000    0.000000   -0.089388

siesta: Pressure (total):        139.27140373  kBar

                     ====================================
                        Begin CG opt. move =      3
                     ====================================
k-point displ. along   1 input, could be:     0.00    0.50
k-point displ. along   2 input, could be:     0.00    0.50
k-point displ. along   3 input, could be:     0.00    0.50
 Kpoints in:           32 . Kpoints trimmed:           31

siesta: k-grid: Number of k-points = 31
siesta: k-points from Monkhorst-Pack grid
siesta: k-cutoff (effective) =     6.963 Ang
siesta: k-point supercell and displacements
siesta: k-grid:     2     0     0      0.000
siesta: k-grid:     0     6     0      0.000
siesta: k-grid:     0     0     4      0.000

superc: Internal auxiliary supercell:     5 x     9 x     7  =     315
superc: Number of atoms, orbitals, and projectors:   1890  47250  34020

outcell: Unit cell vectors (Ang):
        7.368519   -0.000000    0.000000
       -0.000000    2.452881   -0.000000
        0.000000   -0.000000    3.481540

outcell: Cell vector modules (Ang)   :    7.368519    2.452881    3.481540
outcell: Cell angles (23,13,12) (deg):     90.0000     90.0000     90.0000
outcell: Cell volume (Ang**3)        :     62.9257
<dSpData1D:S at geom step 3
  <sparsity:sparsity for geom step 3
    nrows_g=150 nrows=8 sparsity=1.0749 nnzs=24185, refcount: 7>
  <dData1D:(new from dSpData1D) n=24185, refcount: 1>
refcount: 1>
new_DM -- step:     4
Re-using DM from previous geometries...
Number of DMs in history: 1
 DM extrapolation coefficients: 
1   1.00000
New DM after history re-use:
<dSpData2D:SpM extrapolated using coords
  <sparsity:sparsity for geom step 3
    nrows_g=150 nrows=8 sparsity=1.0749 nnzs=24185, refcount: 9>
  <dData2D:(temp array for extrapolation) n=24185 m=2, refcount: 1>
refcount: 1>
Note: For starting DM, Qtot, Tr[D*S] =         93.00000000         93.18719669
No. of atoms with KB's overlaping orbs in proc 0. Max # of overlaps:      79     759

InitMesh: MESH = 80 x 30 x 40 = 96000
InitMesh: Mesh cutoff (required, used) =   300.000   325.778 Ry
New grid distribution [1]: sub = 2
New grid distribution [2]: sub = 2
New grid distribution [3]: sub = 2
Setting up quadratic distribution...

        iscf     Eharris(eV)        E_KS(eV)     FreeEng(eV)     dDmax    Ef(eV) dHmax(eV)
   scf:    1   -19336.118361   -19346.223414   -19346.238313  0.334325 -7.511539 15.457981
     spin moment: {S} , |S| = {        0.0        0.0    0.87033 }     0.87033
   scf:    2   -10090.100639   -16336.441930   -16336.449511 31.063574 -3.664328293.572419
     spin moment: {S} , |S| = {        0.0        0.0    1.03956 }     1.03956
   scf:    3   -19712.307644   -19345.924461   -19345.939338 31.046674 -7.455145 14.084659
     spin moment: {S} , |S| = {        0.0        0.0    0.57299 }     0.57299
   scf:    4   -19353.916857   -19350.269825   -19350.284628  0.079326 -7.458100 10.101069
     spin moment: {S} , |S| = {        0.0        0.0    0.62662 }     0.62662
   scf:    5   -19355.229072   -19354.852372   -19354.868478  0.174543 -7.454840  1.015520
     spin moment: {S} , |S| = {        0.0        0.0    0.79612 }     0.79612
   scf:    6   -19352.239183   -19354.028175   -19354.044203  0.090900 -7.446106  3.661532
     spin moment: {S} , |S| = {        0.0        0.0    0.88784 }     0.88784
   scf:    7   -19353.158367   -19353.615647   -19353.631472  0.020248 -7.437436  4.831787
     spin moment: {S} , |S| = {        0.0        0.0    0.90099 }     0.90099
   scf:    8   -19355.156421   -19354.841540   -19354.857437  0.098271 -7.371169  1.431863
     spin moment: {S} , |S| = {        0.0        0.0    0.79870 }     0.79870
   scf:    9   -19354.857336   -19354.884627   -19354.900407  0.024359 -7.387446  0.335767
     spin moment: {S} , |S| = {        0.0        0.0    0.79121 }     0.79121
   scf:   10   -19354.891967   -19354.890233   -19354.906047  0.005311 -7.390092  0.105410
     spin moment: {S} , |S| = {        0.0        0.0    0.79771 }     0.79771
   scf:   11   -19354.893615   -19354.891897   -19354.907534  0.007565 -7.391922  0.079391
     spin moment: {S} , |S| = {        0.0        0.0    0.80337 }     0.80337
   scf:   12   -19354.894473   -19354.893270   -19354.908751  0.006510 -7.396935  0.028648
     spin moment: {S} , |S| = {        0.0        0.0    0.80899 }     0.80899
   scf:   13   -19354.894271   -19354.893761   -19354.909161  0.002406 -7.397839  0.030932
     spin moment: {S} , |S| = {        0.0        0.0    0.81014 }     0.81014
   scf:   14   -19354.897944   -19354.895673   -19354.910755  0.009245 -7.400222  0.042880
     spin moment: {S} , |S| = {        0.0        0.0    0.81447 }     0.81447
   scf:   15   -19354.899288   -19354.897329   -19354.912144  0.009640 -7.401564  0.030596
     spin moment: {S} , |S| = {        0.0        0.0    0.81636 }     0.81636
   scf:   16   -19354.900726   -19354.898857   -19354.913425  0.009302 -7.403267  0.025730
     spin moment: {S} , |S| = {        0.0        0.0    0.81847 }     0.81847
   scf:   17   -19354.901043   -19354.899866   -19354.914270  0.006892 -7.403979  0.023435
     spin moment: {S} , |S| = {        0.0        0.0    0.81834 }     0.81834
   scf:   18   -19354.920974   -19354.905480   -19354.918897  0.049170 -7.412207  0.030253
     spin moment: {S} , |S| = {        0.0        0.0    0.81805 }     0.81805
   scf:   19   -19354.907053   -19354.906138   -19354.919400  0.008612 -7.413068  0.021912
     spin moment: {S} , |S| = {        0.0        0.0    0.81636 }     0.81636
   scf:   20   -19354.907127   -19354.906565   -19354.919706  0.006339 -7.413795  0.012428
     spin moment: {S} , |S| = {        0.0        0.0    0.81454 }     0.81454
   scf:   21   -19354.907245   -19354.906864   -19354.919909  0.004699 -7.414038  0.012418
     spin moment: {S} , |S| = {        0.0        0.0    0.81292 }     0.81292
   scf:   22   -19354.909877   -19354.907739   -19354.920413  0.017745 -7.415129  0.011025
     spin moment: {S} , |S| = {        0.0        0.0    0.80819 }     0.80819
   scf:   23   -19354.907963   -19354.907835   -19354.920453  0.002910 -7.415195  0.010269
     spin moment: {S} , |S| = {        0.0        0.0    0.80742 }     0.80742
   scf:   24   -19354.907947   -19354.907887   -19354.920473  0.001771 -7.414991  0.009359
     spin moment: {S} , |S| = {        0.0        0.0    0.80680 }     0.80680
   scf:   25   -19354.908026   -19354.907951   -19354.920496  0.002024 -7.414710  0.009239
     spin moment: {S} , |S| = {        0.0        0.0    0.80520 }     0.80520
   scf:   26   -19354.907934   -19354.907939   -19354.920496  0.001283 -7.414281  0.007803
     spin moment: {S} , |S| = {        0.0        0.0    0.80382 }     0.80382
   scf:   27   -19354.907954   -19354.907943   -19354.920500  0.001432 -7.413897  0.005242
     spin moment: {S} , |S| = {        0.0        0.0    0.80133 }     0.80133
   scf:   28   -19354.908051   -19354.907996   -19354.920517  0.001229 -7.413428  0.003928
     spin moment: {S} , |S| = {        0.0        0.0    0.79732 }     0.79732
   scf:   29   -19354.908239   -19354.908099   -19354.920547  0.003337 -7.413236  0.002613
     spin moment: {S} , |S| = {        0.0        0.0    0.79437 }     0.79437
   scf:   30   -19354.908206   -19354.908147   -19354.920556  0.001913 -7.413025  0.001893
     spin moment: {S} , |S| = {        0.0        0.0    0.79271 }     0.79271
   scf:   31   -19354.908197   -19354.908169   -19354.920558  0.001175 -7.413042  0.001141
     spin moment: {S} , |S| = {        0.0        0.0    0.79259 }     0.79259
   scf:   32   -19354.908178   -19354.908174   -19354.920558  0.000173 -7.413006  0.001105
     spin moment: {S} , |S| = {        0.0        0.0    0.79244 }     0.79244

SCF Convergence by DM criterion
max |DM_out - DM_in|         :     0.0001727193
max |H_out - H_in|      (eV) :     0.0011049046
SCF cycle converged after 32 iterations

Using DM_out to compute the final energy and forces
No. of atoms with KB's overlaping orbs in proc 0. Max # of overlaps:      79     759

siesta: E_KS(eV) =           -19354.9082

siesta: Atomic forces (eV/Ang):
     1    0.003656    0.000000    0.000000
     2   -0.067384   -0.000000   -0.000000
     3    0.052014   -0.000000   -0.000000
     4    0.018156    0.000000    0.000000
     5   -0.004526    0.000000    0.000000
     6    0.001975   -0.000000    0.000000
----------------------------------------
   Tot    0.003891   -0.000000    0.000000
----------------------------------------
   Max    0.067384
   Res    0.020566    sqrt( Sum f_i^2 / 3N )
----------------------------------------
   Max    0.067384    constrained

Stress tensor Voigt[x,y,z,yz,xz,xy] (kbar):       -3.00       11.09       -1.99        0.00       -0.00       -0.00
(Free)E + p*V (eV/cell)   -19355.0006
Target enthalpy (eV/cell)   -19354.9206

siesta: Stress tensor (static) (eV/Ang**3):
        -0.001870   -0.000000   -0.000000
        -0.000000    0.006923    0.000000
        -0.000000    0.000000   -0.001239

siesta: Pressure (static):         -2.03671150  kBar

siesta: Stress tensor (total) (eV/Ang**3):
        -0.001870   -0.000000   -0.000000
        -0.000000    0.006923    0.000000
        -0.000000    0.000000   -0.001239

siesta: Pressure (total):         -2.03671150  kBar

cgvc: Finished line minimization    1.  Mean atomic displacement =    0.0975

                     ====================================
                        Begin CG opt. move =      4
                     ====================================
k-point displ. along   1 input, could be:     0.00    0.50
k-point displ. along   2 input, could be:     0.00    0.50
k-point displ. along   3 input, could be:     0.00    0.50
 Kpoints in:           32 . Kpoints trimmed:           31

siesta: k-grid: Number of k-points = 31
siesta: k-points from Monkhorst-Pack grid
siesta: k-cutoff (effective) =     7.003 Ang
siesta: k-point supercell and displacements
siesta: k-grid:     2     0     0      0.000
siesta: k-grid:     0     6     0      0.000
siesta: k-grid:     0     0     4      0.000

superc: Internal auxiliary supercell:     5 x     9 x     7  =     315
superc: Number of atoms, orbitals, and projectors:   1890  47250  34020

outcell: Unit cell vectors (Ang):
        7.426948    0.000000    0.000000
        0.000000    2.415626   -0.000000
        0.000000   -0.000000    3.501488

outcell: Cell vector modules (Ang)   :    7.426948    2.415626    3.501488
outcell: Cell angles (23,13,12) (deg):     90.0000     90.0000     90.0000
outcell: Cell volume (Ang**3)        :     62.8192
<dSpData1D:S at geom step 4
  <sparsity:sparsity for geom step 4
    nrows_g=150 nrows=8 sparsity=1.0913 nnzs=24555, refcount: 7>
  <dData1D:(new from dSpData1D) n=24555, refcount: 1>
refcount: 1>
new_DM -- step:     5
Re-using DM from previous geometries...
Number of DMs in history: 1
 DM extrapolation coefficients: 
1   1.00000
New DM after history re-use:
<dSpData2D:SpM extrapolated using coords
  <sparsity:sparsity for geom step 4
    nrows_g=150 nrows=8 sparsity=1.0913 nnzs=24555, refcount: 9>
  <dData2D:(temp array for extrapolation) n=24555 m=2, refcount: 1>
refcount: 1>
No. of atoms with KB's overlaping orbs in proc 0. Max # of overlaps:      79     759

InitMesh: MESH = 80 x 30 x 40 = 96000
InitMesh: Mesh cutoff (required, used) =   300.000   320.672 Ry
New grid distribution [1]: sub = 2
New grid distribution [2]: sub = 2
New grid distribution [3]: sub = 2
Setting up quadratic distribution...

        iscf     Eharris(eV)        E_KS(eV)     FreeEng(eV)     dDmax    Ef(eV) dHmax(eV)
   scf:    1   -19332.826859   -19347.746722   -19347.760278  0.416579 -7.400147 14.681159
     spin moment: {S} , |S| = {        0.0        0.0    0.77883 }     0.77883
   scf:    2   -11121.169512   -16664.070201   -16664.078334 30.401093 -3.817882272.375370
     spin moment: {S} , |S| = {        0.0        0.0    0.91621 }     0.91621
   scf:    3   -19640.372734   -19346.482867   -19346.498705 30.388611 -7.400700 17.176174
     spin moment: {S} , |S| = {        0.0        0.0    0.56493 }     0.56493
   scf:    4   -19357.675380   -19354.043773   -19354.057509  0.257378 -7.404500  5.100384
     spin moment: {S} , |S| = {        0.0        0.0    0.63366 }     0.63366
   scf:    5   -19354.567618   -19354.321728   -19354.335553  0.019647 -7.405985  4.123244
     spin moment: {S} , |S| = {        0.0        0.0    0.64110 }     0.64110
   scf:    6   -19354.533627   -19354.430891   -19354.444775  0.009266 -7.406802  3.661503
     spin moment: {S} , |S| = {        0.0        0.0    0.64489 }     0.64489
   scf:    7   -19354.963867   -19354.767411   -19354.781657  0.045509 -7.411961  1.444395
     spin moment: {S} , |S| = {        0.0        0.0    0.66159 }     0.66159
   scf:    8   -19354.521511   -19354.770023   -19354.784684  0.058408 -7.424664  1.473901
     spin moment: {S} , |S| = {        0.0        0.0    0.67862 }     0.67862
   scf:    9   -19354.858505   -19354.830529   -19354.845102  0.021621 -7.422629  0.429219
     spin moment: {S} , |S| = {        0.0        0.0    0.66385 }     0.66385
   scf:   10   -19354.838087   -19354.836058   -19354.850582  0.008437 -7.421155  0.080246
     spin moment: {S} , |S| = {        0.0        0.0    0.65526 }     0.65526
   scf:   11   -19354.836926   -19354.836543   -19354.851066  0.003539 -7.420039  0.030498
     spin moment: {S} , |S| = {        0.0        0.0    0.64794 }     0.64794
   scf:   12   -19354.837086   -19354.836817   -19354.851349  0.002961 -7.419231  0.023776
     spin moment: {S} , |S| = {        0.0        0.0    0.64023 }     0.64023
   scf:   13   -19354.837101   -19354.836974   -19354.851516  0.003006 -7.418877  0.049845
     spin moment: {S} , |S| = {        0.0        0.0    0.63243 }     0.63243
   scf:   14   -19354.837644   -19354.837287   -19354.851850  0.004104 -7.418779  0.035407
     spin moment: {S} , |S| = {        0.0        0.0    0.62241 }     0.62241
   scf:   15   -19354.837606   -19354.837445   -19354.852020  0.002439 -7.418589  0.017761
     spin moment: {S} , |S| = {        0.0        0.0    0.61704 }     0.61704
   scf:   16   -19354.837796   -19354.837606   -19354.852193  0.002606 -7.418204  0.015617
     spin moment: {S} , |S| = {        0.0        0.0    0.61036 }     0.61036
   scf:   17   -19354.838384   -19354.837918   -19354.852530  0.006173 -7.417161  0.015947
     spin moment: {S} , |S| = {        0.0        0.0    0.59584 }     0.59584
   scf:   18   -19354.838470   -19354.838132   -19354.852767  0.005346 -7.416260  0.013842
     spin moment: {S} , |S| = {        0.0        0.0    0.58367 }     0.58367
   scf:   19   -19354.838688   -19354.838316   -19354.852973  0.006854 -7.415224  0.009619
     spin moment: {S} , |S| = {        0.0        0.0    0.56995 }     0.56995
   scf:   20   -19354.838369   -19354.838339   -19354.853002  0.001298 -7.415083  0.007881
     spin moment: {S} , |S| = {        0.0        0.0    0.56764 }     0.56764
   scf:   21   -19354.838433   -19354.838378   -19354.853047  0.002370 -7.414946  0.008187
     spin moment: {S} , |S| = {        0.0        0.0    0.56536 }     0.56536
   scf:   22   -19354.838472   -19354.838412   -19354.853090  0.002838 -7.414843  0.006149
     spin moment: {S} , |S| = {        0.0        0.0    0.56312 }     0.56312
   scf:   23   -19354.838452   -19354.838428   -19354.853109  0.001602 -7.414776  0.004546
     spin moment: {S} , |S| = {        0.0        0.0    0.56242 }     0.56242
   scf:   24   -19354.838448   -19354.838437   -19354.853120  0.001009 -7.414784  0.004622
     spin moment: {S} , |S| = {        0.0        0.0    0.56227 }     0.56227
   scf:   25   -19354.838490   -19354.838455   -19354.853141  0.002611 -7.414657  0.004261
     spin moment: {S} , |S| = {        0.0        0.0    0.56109 }     0.56109
   scf:   26   -19354.838486   -19354.838466   -19354.853152  0.001951 -7.414552  0.004208
     spin moment: {S} , |S| = {        0.0        0.0    0.56111 }     0.56111
   scf:   27   -19354.838481   -19354.838470   -19354.853158  0.001632 -7.414466  0.003760
     spin moment: {S} , |S| = {        0.0        0.0    0.56062 }     0.56062
   scf:   28   -19354.838478   -19354.838473   -19354.853160  0.000605 -7.414431  0.003691
     spin moment: {S} , |S| = {        0.0        0.0    0.56111 }     0.56111
   scf:   29   -19354.838481   -19354.838477   -19354.853163  0.000668 -7.414393  0.003563
     spin moment: {S} , |S| = {        0.0        0.0    0.56172 }     0.56172
   scf:   30   -19354.838488   -19354.838482   -19354.853166  0.000576 -7.414376  0.003211
     spin moment: {S} , |S| = {        0.0        0.0    0.56301 }     0.56301
   scf:   31   -19354.838496   -19354.838489   -19354.853170  0.000633 -7.414371  0.002532
     spin moment: {S} , |S| = {        0.0        0.0    0.56482 }     0.56482
   scf:   32   -19354.838502   -19354.838495   -19354.853173  0.000516 -7.414378  0.002224
     spin moment: {S} , |S| = {        0.0        0.0    0.56660 }     0.56660
   scf:   33   -19354.838504   -19354.838499   -19354.853175  0.000407 -7.414399  0.001960
     spin moment: {S} , |S| = {        0.0        0.0    0.56796 }     0.56796

SCF Convergence by DM criterion
max |DM_out - DM_in|         :     0.0004071809
max |H_out - H_in|      (eV) :     0.0019600803
SCF cycle converged after 33 iterations

Using DM_out to compute the final energy and forces
No. of atoms with KB's overlaping orbs in proc 0. Max # of overlaps:      79     759

siesta: E_KS(eV) =           -19354.8385

siesta: Atomic forces (eV/Ang):
     1   -0.136480    0.000000   -0.000001
     2    0.948139   -0.000000    0.000000
     3   -0.702567   -0.000000   -0.000000
     4   -0.224184    0.000000    0.000000
     5    0.077838    0.000000   -0.000001
     6    0.033744    0.000000   -0.000000
----------------------------------------
   Tot   -0.003511    0.000000   -0.000003
----------------------------------------
   Max    0.948139
   Res    0.285643    sqrt( Sum f_i^2 / 3N )
----------------------------------------
   Max    0.948139    constrained

Stress tensor Voigt[x,y,z,yz,xz,xy] (kbar):       29.84      -49.91       -0.97       -0.00       -0.00       -0.00
(Free)E + p*V (eV/cell)   -19354.5782
Target enthalpy (eV/cell)   -19354.8532

siesta: Stress tensor (static) (eV/Ang**3):
         0.018622   -0.000000    0.000000
        -0.000000   -0.031151   -0.000000
        -0.000000   -0.000000   -0.000604

siesta: Pressure (static):          7.01378965  kBar

siesta: Stress tensor (total) (eV/Ang**3):
         0.018622   -0.000000    0.000000
        -0.000000   -0.031151   -0.000000
        -0.000000   -0.000000   -0.000604

siesta: Pressure (total):          7.01378965  kBar

                     ====================================
                        Begin CG opt. move =      5
                     ====================================
k-point displ. along   1 input, could be:     0.00    0.50
k-point displ. along   2 input, could be:     0.00    0.50
k-point displ. along   3 input, could be:     0.00    0.50
 Kpoints in:           32 . Kpoints trimmed:           31

siesta: k-grid: Number of k-points = 31
siesta: k-points from Monkhorst-Pack grid
siesta: k-cutoff (effective) =     6.967 Ang
siesta: k-point supercell and displacements
siesta: k-grid:     2     0     0      0.000
siesta: k-grid:     0     6     0      0.000
siesta: k-grid:     0     0     4      0.000

superc: Internal auxiliary supercell:     5 x     9 x     7  =     315
superc: Number of atoms, orbitals, and projectors:   1890  47250  34020

outcell: Unit cell vectors (Ang):
        7.374165    0.000000    0.000000
        0.000000    2.449282   -0.000000
        0.000000   -0.000000    3.483468

outcell: Cell vector modules (Ang)   :    7.374165    2.449282    3.483468
outcell: Cell angles (23,13,12) (deg):     90.0000     90.0000     90.0000
outcell: Cell volume (Ang**3)        :     62.9163
<dSpData1D:S at geom step 5
  <sparsity:sparsity for geom step 5
    nrows_g=150 nrows=8 sparsity=1.0814 nnzs=24331, refcount: 7>
  <dData1D:(new from dSpData1D) n=24331, refcount: 1>
refcount: 1>
new_DM -- step:     6
Re-using DM from previous geometries...
Number of DMs in history: 1
 DM extrapolation coefficients: 
1   1.00000
New DM after history re-use:
<dSpData2D:SpM extrapolated using coords
  <sparsity:sparsity for geom step 5
    nrows_g=150 nrows=8 sparsity=1.0814 nnzs=24331, refcount: 9>
  <dData2D:(temp array for extrapolation) n=24331 m=2, refcount: 1>
refcount: 1>
No. of atoms with KB's overlaping orbs in proc 0. Max # of overlaps:      79     760

InitMesh: MESH = 80 x 30 x 40 = 96000
InitMesh: Mesh cutoff (required, used) =   300.000   325.279 Ry
New grid distribution [1]: sub = 2
New grid distribution [2]: sub = 2
New grid distribution [3]: sub = 2
Setting up quadratic distribution...

        iscf     Eharris(eV)        E_KS(eV)     FreeEng(eV)     dDmax    Ef(eV) dHmax(eV)
   scf:    1   -19336.492894   -19348.807331   -19348.821754  0.282164 -7.397394 12.455998
     spin moment: {S} , |S| = {        0.0        0.0    0.54632 }     0.54632
   scf:    2   -14400.312154   -17744.873315   -17744.883373 32.445224 -4.831034185.615839
     spin moment: {S} , |S| = {        0.0        0.0   -1.24031 }    -1.24031
   scf:    3   -19611.853549   -19346.166680   -19346.179950 32.323560 -7.406850 15.347009
     spin moment: {S} , |S| = {        0.0        0.0    0.75194 }     0.75194
   scf:    4   -19357.707352   -19353.484473   -19353.496379  0.167248 -7.405866  6.112033
     spin moment: {S} , |S| = {        0.0        0.0    0.74664 }     0.74664
   scf:    5   -19355.286843   -19354.575148   -19354.586942  0.060525 -7.404190  2.927633
     spin moment: {S} , |S| = {        0.0        0.0    0.72169 }     0.72169
   scf:    6   -19354.860378   -19354.729956   -19354.741806  0.013574 -7.403717  2.170719
     spin moment: {S} , |S| = {        0.0        0.0    0.71584 }     0.71584
   scf:    7   -19354.931848   -19354.901451   -19354.913542  0.035580 -7.402037  0.252419
     spin moment: {S} , |S| = {        0.0        0.0    0.70614 }     0.70614
   scf:    8   -19354.841418   -19354.881776   -19354.893713  0.016555 -7.402524  1.095495
     spin moment: {S} , |S| = {        0.0        0.0    0.71300 }     0.71300
   scf:    9   -19354.906468   -19354.906164   -19354.918386  0.010586 -7.402989  0.115483
     spin moment: {S} , |S| = {        0.0        0.0    0.71497 }     0.71497
   scf:   10   -19354.861240   -19354.893123   -19354.905328  0.014689 -7.405576  0.605747
     spin moment: {S} , |S| = {        0.0        0.0    0.72744 }     0.72744
   scf:   11   -19354.909045   -19354.905740   -19354.918028  0.008567 -7.406097  0.160803
     spin moment: {S} , |S| = {        0.0        0.0    0.73077 }     0.73077
   scf:   12   -19354.907746   -19354.907514   -19354.919794  0.005368 -7.407109  0.032393
     spin moment: {S} , |S| = {        0.0        0.0    0.73522 }     0.73522
   scf:   13   -19354.907692   -19354.907619   -19354.919909  0.001389 -7.407401  0.024848
     spin moment: {S} , |S| = {        0.0        0.0    0.73817 }     0.73817
   scf:   14   -19354.908231   -19354.907900   -19354.920204  0.004011 -7.408145  0.018257
     spin moment: {S} , |S| = {        0.0        0.0    0.74657 }     0.74657
   scf:   15   -19354.908376   -19354.908115   -19354.920441  0.003713 -7.408929  0.016095
     spin moment: {S} , |S| = {        0.0        0.0    0.75443 }     0.75443
   scf:   16   -19354.908272   -19354.908189   -19354.920527  0.001516 -7.409358  0.016997
     spin moment: {S} , |S| = {        0.0        0.0    0.75728 }     0.75728
   scf:   17   -19354.908384   -19354.908280   -19354.920633  0.001994 -7.409888  0.017186
     spin moment: {S} , |S| = {        0.0        0.0    0.76088 }     0.76088
   scf:   18   -19354.908794   -19354.908477   -19354.920880  0.005651 -7.411638  0.014073
     spin moment: {S} , |S| = {        0.0        0.0    0.77032 }     0.77032
   scf:   19   -19354.908661   -19354.908551   -19354.920984  0.003160 -7.412451  0.011983
     spin moment: {S} , |S| = {        0.0        0.0    0.77508 }     0.77508
   scf:   20   -19354.908671   -19354.908601   -19354.921054  0.002492 -7.412771  0.008886
     spin moment: {S} , |S| = {        0.0        0.0    0.77753 }     0.77753
   scf:   21   -19354.908726   -19354.908649   -19354.921124  0.003264 -7.412908  0.008567
     spin moment: {S} , |S| = {        0.0        0.0    0.77956 }     0.77956
   scf:   22   -19354.908791   -19354.908690   -19354.921194  0.004645 -7.412986  0.005662
     spin moment: {S} , |S| = {        0.0        0.0    0.78185 }     0.78185
   scf:   23   -19354.908702   -19354.908695   -19354.921203  0.000821 -7.412922  0.005373
     spin moment: {S} , |S| = {        0.0        0.0    0.78178 }     0.78178
   scf:   24   -19354.908713   -19354.908702   -19354.921217  0.001455 -7.412875  0.004678
     spin moment: {S} , |S| = {        0.0        0.0    0.78171 }     0.78171
   scf:   25   -19354.908729   -19354.908704   -19354.921237  0.003032 -7.412978  0.003764
     spin moment: {S} , |S| = {        0.0        0.0    0.78254 }     0.78254
   scf:   26   -19354.908713   -19354.908704   -19354.921245  0.002007 -7.412825  0.001887
     spin moment: {S} , |S| = {        0.0        0.0    0.78191 }     0.78191
   scf:   27   -19354.908704   -19354.908704   -19354.921247  0.000562 -7.412810  0.002093
     spin moment: {S} , |S| = {        0.0        0.0    0.78175 }     0.78175
   scf:   28   -19354.908705   -19354.908704   -19354.921248  0.000355 -7.412788  0.001967
     spin moment: {S} , |S| = {        0.0        0.0    0.78163 }     0.78163

SCF Convergence by DM criterion
max |DM_out - DM_in|         :     0.0003553062
max |H_out - H_in|      (eV) :     0.0019667085
SCF cycle converged after 28 iterations

Using DM_out to compute the final energy and forces
No. of atoms with KB's overlaping orbs in proc 0. Max # of overlaps:      79     760

siesta: E_KS(eV) =           -19354.9087

siesta: Atomic forces (eV/Ang):
     1   -0.012331   -0.000000    0.000000
     2    0.035075   -0.000000    0.000000
     3   -0.031423    0.000000    0.000000
     4   -0.000124   -0.000000    0.000000
     5   -0.000709    0.000000    0.000001
     6    0.002165    0.000000   -0.000000
----------------------------------------
   Tot   -0.007346    0.000000    0.000002
----------------------------------------
   Max    0.035075
   Res    0.011487    sqrt( Sum f_i^2 / 3N )
----------------------------------------
   Max    0.035075    constrained

Stress tensor Voigt[x,y,z,yz,xz,xy] (kbar):        0.32        4.68       -1.45        0.00       -0.00       -0.00
(Free)E + p*V (eV/cell)   -19354.9678
Target enthalpy (eV/cell)   -19354.9212

siesta: Stress tensor (static) (eV/Ang**3):
         0.000203   -0.000000   -0.000000
        -0.000000    0.002919   -0.000000
        -0.000000    0.000000   -0.000903

siesta: Pressure (static):         -1.18529418  kBar

siesta: Stress tensor (total) (eV/Ang**3):
         0.000203   -0.000000   -0.000000
        -0.000000    0.002919   -0.000000
        -0.000000    0.000000   -0.000903

siesta: Pressure (total):         -1.18529418  kBar

outcoor: Relaxed atomic coordinates (fractional):           
    0.66671661    0.00000000    0.00000000   1       1  Ni
   -0.00104973   -0.00000000   -0.00000000   2       2  Mn
    0.33425464   -0.00000000   -0.00000000   2       3  Mn
    0.16685477    0.50000000    0.50000000   2       4  Mn
    0.49459447    0.50000000    0.50000000   2       5  Mn
    0.83875610    0.50000000    0.50000000   2       6  Mn

outcell: Unit cell vectors (Ang):
        7.374165    0.000000    0.000000
        0.000000    2.449282   -0.000000
        0.000000   -0.000000    3.483468

outcell: Cell vector modules (Ang)   :    7.374165    2.449282    3.483468
outcell: Cell angles (23,13,12) (deg):     90.0000     90.0000     90.0000
outcell: Cell volume (Ang**3)        :     62.9163

coxmol: Writing XMOL coordinates into file hea.xyz                                                                                                                                                                                                                             
Writing WFSX for COOP/COHP in hea.fullBZ.WFSX

diag: Algorithm                                     = D&C
diag: Parallel over k                               =   F
diag: Use parallel 2D distribution                  =   T
diag: Parallel block-size                           = 4
diag: Parallel distribution                         =     6 x     6
diag: Used triangular part                          = Lower
diag: Absolute tolerance                            =  0.100E-15
diag: Orthogonalization factor                      =  0.100E-05
diag: Memory factor                                 =  1.0000

diag: Algorithm                                     = D&C
diag: Parallel over k                               =   F
diag: Use parallel 2D distribution                  =   T
diag: Parallel block-size                           = 4
diag: Parallel distribution                         =     6 x     6
diag: Used triangular part                          = Lower
diag: Absolute tolerance                            =  0.100E-15
diag: Orthogonalization factor                      =  0.100E-05
diag: Memory factor                                 =  1.0000

siesta: PDOS info
siesta: E1 -- E2, sigma [eV], nhist:  -20.000 --   20.000    0.100 1000

diag: Algorithm                                     = D&C
diag: Parallel over k                               =   F
diag: Use parallel 2D distribution                  =   T
diag: Parallel block-size                           = 4
diag: Parallel distribution                         =     6 x     6
diag: Used triangular part                          = Lower
diag: Absolute tolerance                            =  0.100E-15
diag: Orthogonalization factor                      =  0.100E-05
diag: Memory factor                                 =  1.0000

siesta: Program's energy decomposition (eV):
siesta: Ebs     =     -3620.261012
siesta: Eions   =     25845.996357
siesta: Ena     =      2444.163997
siesta: Ekin    =      8649.948327
siesta: Enl     =     -1660.592910
siesta: Eso     =         0.000000
siesta: Edftu   =         0.000000
siesta: DEna    =        94.388616
siesta: DUscf   =         1.485655
siesta: DUext   =         0.000000
siesta: Ex      =     -2859.657318
siesta: Ec      =      -178.648714
siesta: Exc     =     -3038.306032
siesta: EbV     =         0.000000
siesta: eta*DQ  =         0.000000
siesta: Emadel  =         0.000000
siesta: Emeta   =         0.000000
siesta: Emolmec =         0.000000
siesta: Ekinion =         0.000000
siesta: Eharris =    -19354.908705
siesta: Etot    =    -19354.908704
siesta: FreeEng =    -19354.921248

siesta: Final energy (eV):
siesta:  Band Struct. =   -3620.261012
siesta:       Kinetic =    8649.948327
siesta:       Hartree =    4375.434405
siesta:         Edftu =       0.000000
siesta:       Eso     =       0.000000
siesta:    Ext. field =       0.000000
siesta:         Exch. =   -2859.657318
siesta:         Corr. =    -178.648714
siesta:     Bulk bias =       0.000000
siesta:   Exch.-corr. =   -3038.306032
siesta:  Ion-electron =  -18235.516746
siesta:       Ion-ion =  -11106.468658
siesta:       Ekinion =       0.000000
siesta: D3 dispersion =       0.000000
siesta:         Total =  -19354.908704
siesta:         Fermi =      -7.412788

siesta: Stress tensor (static) (eV/Ang**3):
siesta:     0.000203   -0.000000   -0.000000
siesta:    -0.000000    0.002919   -0.000000
siesta:    -0.000000    0.000000   -0.000903

siesta: Constrained stress tensor (static) (eV/Ang**3):
siesta:     0.000203   -0.000000   -0.000000
siesta:    -0.000000    0.002919   -0.000000
siesta:    -0.000000   -0.000000   -0.000903

siesta: Cell volume =         62.916326 Ang**3

siesta: Pressure (static):
siesta:                Solid            Molecule  Units
siesta:          -0.00000806         -0.00000199  Ry/Bohr**3
siesta:          -0.00073980         -0.00018285  eV/Ang**3
siesta:          -1.18529418         -0.29295166  kBar
(Free)E+ p_basis*V_orbitals  =      -19334.878272
(Free)Eharris+ p_basis*V_orbitals  =      -19334.878273

mulliken: Atomic and Orbital Populations:

mulliken: Spin UP 

Species: Ni                  
Atom  Qatom  Qorb
               3s      4s      4s      4s      3py     3pz     3px     4py     
               4pz     4px     3dxy    3dyz    3dz2    3dxz    3dx2-y2 3dxy    
               3dyz    3dz2    3dxz    3dx2-y2 3dxy    3dyz    3dz2    3dxz    
               3dx2-y2 
   1  8.976   0.986  -0.126   0.054   0.162   0.998   0.997   0.997   0.192
              0.186   0.194   1.155   1.124   1.178   1.120   1.151  -0.056

             -0.059  -0.054  -0.055  -0.053  -0.204  -0.221  -0.215  -0.228

             -0.245

Species: Mn                  
Atom  Qatom  Qorb
               3s      4s      4s      4s      3py     3pz     3px     4py     
               4pz     4px     3dxy    3dyz    3dz2    3dxz    3dx2-y2 3dxy    
               3dyz    3dz2    3dxz    3dx2-y2 3dxy    3dyz    3dz2    3dxz    
               3dx2-y2 
   2  6.931   0.978   0.014   0.085  -0.031   0.990   0.989   0.990   0.153
              0.154   0.149   0.561   0.873   0.628   0.882   0.933  -0.049

             -0.092  -0.056  -0.095  -0.097  -0.107  -0.250  -0.148  -0.241

             -0.284
   3  6.941   0.979   0.013   0.086  -0.031   0.989   0.989   0.990   0.154
              0.154   0.150   0.565   0.877   0.633   0.885   0.938  -0.049

             -0.093  -0.056  -0.096  -0.097  -0.107  -0.252  -0.150  -0.241

             -0.287
   4  7.918   0.989   0.025   0.080  -0.016   0.990   0.990   0.990   0.189
              0.182   0.181   1.007   1.129   0.913   1.206   1.010  -0.084

             -0.115  -0.075  -0.125  -0.103  -0.270  -0.322  -0.221  -0.356

             -0.276
   5  8.058   0.993   0.059   0.062  -0.008   0.991   0.992   0.991   0.173
              0.168   0.174   0.976   1.193   1.017   1.135   1.076  -0.074

             -0.113  -0.081  -0.107  -0.107  -0.247  -0.359  -0.231  -0.332

             -0.284
   6  8.068   0.993   0.061   0.062  -0.010   0.991   0.992   0.991   0.173
              0.168   0.175   0.981   1.198   1.018   1.136   1.073  -0.075

             -0.113  -0.081  -0.107  -0.106  -0.248  -0.360  -0.230  -0.332

             -0.282

mulliken: Qtot =       46.891

mulliken: Spin DOWN 

Species: Ni                  
Atom  Qatom  Qorb
               3s      4s      4s      4s      3py     3pz     3px     4py     
               4pz     4px     3dxy    3dyz    3dz2    3dxz    3dx2-y2 3dxy    
               3dyz    3dz2    3dxz    3dx2-y2 3dxy    3dyz    3dz2    3dxz    
               3dx2-y2 
   1  8.935   0.985  -0.206   0.080   0.184   0.998   0.997   0.997   0.203
              0.206   0.212   1.170   1.162   1.092   1.178   1.073  -0.060

             -0.065  -0.060  -0.062  -0.057  -0.206  -0.236  -0.183  -0.249

             -0.218

Species: Mn                  
Atom  Qatom  Qorb
               3s      4s      4s      4s      3py     3pz     3px     4py     
               4pz     4px     3dxy    3dyz    3dz2    3dxz    3dx2-y2 3dxy    
               3dyz    3dz2    3dxz    3dx2-y2 3dxy    3dyz    3dz2    3dxz    
               3dx2-y2 
   2  8.020   0.990  -0.055   0.108  -0.003   0.991   0.990   0.991   0.187
              0.187   0.185   1.024   1.198   0.938   1.193   1.075  -0.089

             -0.131  -0.077  -0.130  -0.101  -0.244  -0.338  -0.234  -0.325

             -0.312
   3  8.012   0.990  -0.055   0.108  -0.004   0.991   0.990   0.991   0.187
              0.187   0.185   1.020   1.197   0.937   1.191   1.077  -0.089

             -0.131  -0.077  -0.129  -0.101  -0.242  -0.338  -0.234  -0.324

             -0.314
   4  7.134   0.981   0.097   0.060  -0.039   0.989   0.988   0.989   0.164
              0.157   0.159   0.575   0.913   0.661   0.883   1.051  -0.045

             -0.090  -0.057  -0.084  -0.125  -0.128  -0.258  -0.149  -0.263

             -0.295
   5  7.011   0.981   0.131   0.053  -0.051   0.990   0.991   0.990   0.155
              0.145   0.155   0.556   0.895   0.572   0.875   1.017  -0.047

             -0.084  -0.052  -0.085  -0.119  -0.119  -0.283  -0.109  -0.265

             -0.280
   6  6.997   0.980   0.135   0.053  -0.053   0.990   0.991   0.989   0.154
              0.145   0.155   0.552   0.891   0.566   0.872   1.009  -0.047

             -0.084  -0.051  -0.085  -0.118  -0.118  -0.282  -0.107  -0.264

             -0.276

mulliken: Qtot =       46.109

Mulliken Atomic Populations:
Atom #   charge [q] valence [e]      Sz [e]  Species
     1     0.089564   17.910436    0.041022  Ni
     2     0.049379   14.950621   -1.089621  Mn
     3     0.047237   14.952763   -1.071386  Mn
     4    -0.052220   15.052220    0.784429  Mn
     5    -0.068892   15.068892    1.046375  Mn
     6    -0.065069   15.065069    1.070807  Mn
-------------------------------------------
 Total     0.000000                0.781627

cite: Please indicate the Siesta version in published work: 5.2.2
cite: This calculation has made use of features in the following articles
cite: which we encourage you to cite in published work.
cite: (Please see "hea.bib" for a BibTeX file.)
        Primary SIESTA paper
          DOI: www.doi.org/10.1088/0953-8984/14/11/302
        PSML pseudopotential format
          DOI: www.doi.org/10.1016/j.cpc.2018.02.011


>> End of run:  19-JUN-2025   9:20:44
Job completed
