Executable      : /home/users/felipegc/woltsoft/SIESTA/siesta-5.2.2/build/bin/siesta
Version         : 5.2.2
Architecture    : x86_64
Compiler version: GNU-9.3.0
Compiler flags  : -O3 -march=native
Parallelisations: MPI
Lua support
Native ELPA support
ELSI support. Solvers:
   ELPA (internal) 
   NTPoly
   OMM
DFT-D3 support
Wannier90 wrapper support

Runtime information:
* Directory : /home/users/felipegc/MnNiGa/optimizations_afm/top/structure_calc_45
* Running on 48 nodes in parallel.
>> Start of run:  30-JUL-2025  21:07:51

                           *********************** 
                           *  WELCOME TO SIESTA  * 
                           *********************** 

 NOTE: Siesta V5 introduces some new defaults for basis-set generation
 NOTE: which might lead to slightly different numerical results.
 NOTE: Please see the manual for full details and compatibility measures.


reinit: Reading from standard input
reinit: Dumping input in INPUT_TMP.55727
************************** Dump of input data file ****************************
SystemName          hea
SystemLabel         hea
Reparametrize.Pseudos T
Restricted.Radial.Grid F
%include atoms.fdf
MaxSCFIterations     20000
SCF.Mix              Hamiltonian
SCF.Mixer.Method     Broyden
#SCF.Mixer.Variant    original #Pulay original
SCF.Mixer.History    8
SCF.Mixer.Weight     0.07
SCF.H.Converge       False
SCF.DM.Converge      True
SCF.DM.Tolerance     5.d-4
SCF.H.Tolerance      5.d-3 eV
MeshCutoff 300.0 Ry
MD.UseSaveCG         False
DM.UseSaveDM         False
NumberOfEigenStates -20
ElectronicTemperature 300 K
WriteCoorXmol        True
XC.Functional     GGA
XC.authors        PBEsol
Spin polarized
DM.InitSpin.AF true
SolutionMethod       diagon
#Diag.Algorithm        MRRR
###################################
###################################
# Full template for Basis param.
###################################
###################################
Basis.Pressure 0.3 GPa
PAO.SoftDefault T
PAO.SoftPotential 50.0 Ry
PAO.SoftInnerRadius 0.70
PAO.BasisType split
PAO.EnergyShift 0.0019 eV
PAO.BasisSize TZP
PAO.SplitTailNorm T
            %block kgrid_Monkhorst_Pack
            3  0  0  0.
            0  6  0  0.
            0  0  4  0.
            %endblock kgrid_Monkhorst_Pack
            MD.TypeOfRun CG
            MD.Steps         500
            MD.VariableCell true
            MD.MaxForceTol 0.05 eV/Ang
            WriteMDHistory true
            WriteForces true
            Write.OrbitalIndex true
            Charge.Mulliken end
            COOP.Write true
            %block ProjectedDensityOfStates
            -20.00 20.00 0.1 1000 eV
            %endblock ProjectedDensityOfStates
************************** End of input data file *****************************

reinit: -----------------------------------------------------------------------
reinit: System Name: hea
reinit: -----------------------------------------------------------------------
reinit: System Label: hea
reinit: -----------------------------------------------------------------------

NOTE on units for spin output: 
{S} is the spin magnetic moment, in units of the Bohr magneton,
assuming a g-factor for the electron spin of exactly 2.
The spin magnetic moment is then numerically equal to the charge inbalance,
in units of electrons, between the spin-up and -down channels.


initatom: Reading input for the pseudopotentials and atomic orbitals ----------
Species number:   1 Atomic number:   28 Label: Ni
Species number:   2 Atomic number:   25 Label: Mn

Ground state valence configuration (from tables):   4s02  4p00  3d08  4f00
Ground state valence configuration (from tables):   4s02  4p00  3d05  4f00

---- Processing specs for species: Ni
Reading pseudopotential information in PSML from:
  Ni.psml
PSML file version: 1.1
Using libxc ids:  101 130
GGA--PBE XC_GGA_X_PBE--XC_GGA_C_PBE pb
PSML uuid: 020bdba0-be42-11e7-6ded-a592ddfb3399
Semicore shell(s) with  8 electrons included in the valence for Ni

---- Processing specs for species: Mn
Reading pseudopotential information in PSML from:
  Mn.psml
PSML file version: 1.1
Using libxc ids:  101 130
GGA--PBE XC_GGA_X_PBE--XC_GGA_C_PBE pb
PSML uuid: e5ebd880-be41-11e7-659b-074ddfc7bd15
Semicore shell(s) with  8 electrons included in the valence for Mn

---- Pseudopotential check for Ni

Pseudized shells:
3s( 2.00) rc: 1.26
3p( 6.00) rc: 1.35
3d( 8.00) rc: 1.66
Valence configuration for ps generation: 3s:3p:3d:4s: Total charge:  18.000000
Semicore shell(s): 3s 3p
Fallback to non-perturbative polarization scheme for Ni
Please see the manual if this is not desired in principle

---- Pseudopotential check for Mn

Pseudized shells:
3s( 2.00) rc: 1.41
3p( 6.00) rc: 1.21
3d( 5.00) rc: 1.61
Valence configuration for ps generation: 3s:3p:3d:4s: Total charge:  15.000000
Semicore shell(s): 3s 3p
Fallback to non-perturbative polarization scheme for Mn
Please see the manual if this is not desired in principle
For Ni, standard SIESTA heuristics set lmxkb to 3
 (one more than the basis l, including polarization orbitals).
Use PS.lmax or PS.KBprojectors blocks to override.
For Mn, standard SIESTA heuristics set lmxkb to 3
 (one more than the basis l, including polarization orbitals).
Use PS.lmax or PS.KBprojectors blocks to override.
Ni pseudopotential only contains V_ls up to l=2 -- lmxkb reset.
Mn pseudopotential only contains V_ls up to l=2 -- lmxkb reset.

<basis_specs>
===============================================================================
Ni                   Z=  28    Mass=  58.693        Charge= 0.17977+309
Lmxo=2 Lmxkb= 2    BasisType=split      Semic=T
L=0  Nsemic=1  Cnfigmx=4
          i=1  nzeta=1  polorb=0  (3s)  (semicore shell)
            splnorm:   0.15000    
               vcte:    50.000    
               rinn:  -0.70000    
               qcoe:    0.0000    
               qyuk:    0.0000    
               qwid:   0.10000E-01
                rcs:    0.0000    
            lambdas:    1.0000    
          i=2  nzeta=3  polorb=0  (4s)  (to be polarized non-perturbatively)
            splnorm:   0.15000    
               vcte:    50.000    
               rinn:  -0.70000    
               qcoe:    0.0000    
               qyuk:    0.0000    
               qwid:   0.10000E-01
                rcs:    0.0000      0.0000      0.0000    
            lambdas:    1.0000      1.0000      1.0000    
L=1  Nsemic=1  Cnfigmx=4
          i=1  nzeta=1  polorb=0  (3p)  (semicore shell)
            splnorm:   0.15000    
               vcte:    50.000    
               rinn:  -0.70000    
               qcoe:    0.0000    
               qyuk:    0.0000    
               qwid:   0.10000E-01
                rcs:    0.0000    
            lambdas:    1.0000    
          i=2  nzeta=1  polorb=0  (4p)  (non-perturbative polarization shell)
            splnorm:   0.15000    
               vcte:    50.000    
               rinn:  -0.70000    
               qcoe:   0.48974-315
               qyuk:    0.0000    
               qwid:   0.69533-309
                rcs:    0.0000    
            lambdas:    1.0000    
L=2  Nsemic=0  Cnfigmx=3
          i=1  nzeta=3  polorb=0  (3d)
            splnorm:   0.15000    
               vcte:    50.000    
               rinn:  -0.70000    
               qcoe:    0.0000    
               qyuk:    0.0000    
               qwid:   0.10000E-01
                rcs:    0.0000      0.0000      0.0000    
            lambdas:    1.0000      1.0000      1.0000    
-------------------------------------------------------------------------------
L=0  Nkbl=2  erefs: 0.17977+309 0.17977+309
L=1  Nkbl=2  erefs: 0.17977+309 0.17977+309
L=2  Nkbl=1  erefs: 0.17977+309
===============================================================================
</basis_specs>

Using PAO.SplitTailNorm
atom: Called for Ni                    (Z =  28)
Maximum radius (at nrval) set to   50.00000 8518

read_vps: Pseudopotential generation method:
read_vps: ONCVPSP-3.Hamann's oncvpsp                        
Valence charge in pseudo generation:   18.00000

read_vps: Pseudopotential includes a core correction:
read_vps: Pseudo-core for xc-correction

xc_check: Exchange-correlation functional:
xc_check: GGA PBEsol
xc_check: WARNING: Pseudopotential generated with GGA PBE functional
Got Vlocal (oncv-fit) from psml data
Choosing vlocal chloc cutoff:  3.188973
qtot up to nchloc:   17.99992641
atom: Maximum radius for chlocal:    3.18897
atom: Maximum radius for r*vlocal+2*Zval:    3.18897
Reading KB projs from Ni psml data
Using scalar-relativistic projectors in PSML file

PSML: Kleinman-Bylander projectors: 
   l= 0   rc=  1.276377   Ekb= 12.509070
   l= 0   rc=  1.276377   Ekb= -0.503495
   l= 1   rc=  1.371030   Ekb= -5.680418
   l= 1   rc=  1.371030   Ekb= -0.775211
   l= 2   rc=  1.680171   Ekb=-14.446879
   l= 2   rc=  1.680171   Ekb= -5.088878

PSML: Total number of  Kleinman-Bylander projectors:  18
atom: -------------------------------------------------------------------------

atom: SANKEY-TYPE ORBITALS:
atom: Selected multiple-zeta basis: split     

SPLIT: Orbitals with angular momentum L= 0

SPLIT: Basis orbitals for state 3s

SPLIT: PAO cut-off radius determined from an
SPLIT: energy shift=  0.000140 Ry
Split based on tail norm

   izeta = 1
                 lambda =    1.000000
                     rc =    2.999668
                 energy =   -8.139209
                kinetic =    3.776111
    potential(screened) =  -11.915319
       potential(ionic) =  -45.801861

SPLIT: Basis orbitals for state 4s

SPLIT: PAO cut-off radius determined from an
SPLIT: energy shift=  0.000140 Ry
Split based on tail norm

   izeta = 1
                 lambda =    1.000000
                     rc =    9.316220
                 energy =   -0.512978
                kinetic =    1.389681
    potential(screened) =   -1.902658
       potential(ionic) =  -17.770111

   izeta = 2
                 rmatch =    4.957068
              splitnorm =    0.150000
                 energy =   -0.410487
                kinetic =    2.329090
    potential(screened) =   -2.739576
       potential(ionic) =  -21.501560

   izeta = 3
                 rmatch =    5.824741
              splitnorm =    0.075000
                 energy =   -0.473172
                kinetic =    1.899833
    potential(screened) =   -2.373005
       potential(ionic) =  -19.995099

SPLIT: Orbitals with angular momentum L= 1

SPLIT: Basis orbitals for state 3p

SPLIT: PAO cut-off radius determined from an
SPLIT: energy shift=  0.000140 Ry
Split based on tail norm

   izeta = 1
                 lambda =    1.000000
                     rc =    3.414070
                 energy =   -5.225411
                kinetic =    9.244220
    potential(screened) =  -14.469631
       potential(ionic) =  -47.296381

SPLIT: Basis orbitals for state 4p
SPLIT: Non-perturbative polarization orbs for state 4s
SPLIT: rc(1st zeta) (re)set to: 9.3162 (expansion factor: 1.0000)
Split based on tail norm

   izeta = 1
                 lambda =    1.000000
                     rc =    9.316220
                 energy =   -0.065208
                kinetic =    0.825147
    potential(screened) =   -0.890355
       potential(ionic) =  -12.014212

SPLIT: Orbitals with angular momentum L= 2

SPLIT: Basis orbitals for state 3d

SPLIT: PAO cut-off radius determined from an
SPLIT: energy shift=  0.000140 Ry
Split based on tail norm

   izeta = 1
                 lambda =    1.000000
                     rc =    6.323353
                 energy =   -0.639566
                kinetic =   11.441999
    potential(screened) =  -12.081565
       potential(ionic) =  -40.678115

   izeta = 2
                 rmatch =    2.624859
              splitnorm =    0.150000
                 energy =   -0.513226
                kinetic =   13.528651
    potential(screened) =  -14.041878
       potential(ionic) =  -44.582092

   izeta = 3
                 rmatch =    3.356353
              splitnorm =    0.075000
                 energy =   -0.605538
                kinetic =   12.372939
    potential(screened) =  -12.978477
       potential(ionic) =  -42.595740
atom: Total number of Sankey-type orbitals: 25

atm_pop: Valence configuration (for local Pseudopot. screening):
 3s( 2.00) 4s( 2.00)                                                  
 3p( 6.00) 4p( 0.00)                                                  
 3d( 8.00)                                                            
Vna: chval, zval:   18.00000  18.00000

Vna:  Cut-off radius for the neutral-atom potential:   9.316220
comcore: Pseudo-core radius Rcore=  1.817282

atom: _________________________________________________________________________

<basis_specs>
===============================================================================
Mn                   Z=  25    Mass=  54.938        Charge= 0.17977+309
Lmxo=2 Lmxkb= 2    BasisType=split      Semic=T
L=0  Nsemic=1  Cnfigmx=4
          i=1  nzeta=1  polorb=0  (3s)  (semicore shell)
            splnorm:   0.15000    
               vcte:    50.000    
               rinn:  -0.70000    
               qcoe:    0.0000    
               qyuk:    0.0000    
               qwid:   0.10000E-01
                rcs:    0.0000    
            lambdas:    1.0000    
          i=2  nzeta=3  polorb=0  (4s)  (to be polarized non-perturbatively)
            splnorm:   0.15000    
               vcte:    50.000    
               rinn:  -0.70000    
               qcoe:    0.0000    
               qyuk:    0.0000    
               qwid:   0.10000E-01
                rcs:    0.0000      0.0000      0.0000    
            lambdas:    1.0000      1.0000      1.0000    
L=1  Nsemic=1  Cnfigmx=4
          i=1  nzeta=1  polorb=0  (3p)  (semicore shell)
            splnorm:   0.15000    
               vcte:    50.000    
               rinn:  -0.70000    
               qcoe:    0.0000    
               qyuk:    0.0000    
               qwid:   0.10000E-01
                rcs:    0.0000    
            lambdas:    1.0000    
          i=2  nzeta=1  polorb=0  (4p)  (non-perturbative polarization shell)
            splnorm:   0.15000    
               vcte:    50.000    
               rinn:  -0.70000    
               qcoe:   0.48974-315
               qyuk:    0.0000    
               qwid:   0.69533-309
                rcs:    0.0000    
            lambdas:    1.0000    
L=2  Nsemic=0  Cnfigmx=3
          i=1  nzeta=3  polorb=0  (3d)
            splnorm:   0.15000    
               vcte:    50.000    
               rinn:  -0.70000    
               qcoe:    0.0000    
               qyuk:    0.0000    
               qwid:   0.10000E-01
                rcs:    0.0000      0.0000      0.0000    
            lambdas:    1.0000      1.0000      1.0000    
-------------------------------------------------------------------------------
L=0  Nkbl=2  erefs: 0.17977+309 0.17977+309
L=1  Nkbl=2  erefs: 0.17977+309 0.17977+309
L=2  Nkbl=1  erefs: 0.17977+309
===============================================================================
</basis_specs>

Using PAO.SplitTailNorm
atom: Called for Mn                    (Z =  25)
Maximum radius (at nrval) set to   50.00000 8518

read_vps: Pseudopotential generation method:
read_vps: ONCVPSP-3.Hamann's oncvpsp                        
Valence charge in pseudo generation:   15.00000

read_vps: Pseudopotential includes a core correction:
read_vps: Pseudo-core for xc-correction

xc_check: Exchange-correlation functional:
xc_check: GGA PBEsol
xc_check: WARNING: Pseudopotential generated with GGA PBE functional
Got Vlocal (oncv-fit) from psml data
Choosing vlocal chloc cutoff:  3.504263
qtot up to nchloc:   15.00032895
atom: Maximum radius for chlocal:    3.50426
atom: Maximum radius for r*vlocal+2*Zval:    3.50426
Reading KB projs from Mn psml data
Using scalar-relativistic projectors in PSML file

PSML: Kleinman-Bylander projectors: 
   l= 0   rc=  1.427391   Ekb= 18.471374
   l= 0   rc=  1.430269   Ekb=  3.121111
   l= 1   rc=  1.224702   Ekb=  3.156115
   l= 1   rc=  1.224702   Ekb= -1.424352
   l= 2   rc=  1.630219   Ekb=-13.224142
   l= 2   rc=  1.630219   Ekb= -4.330632

PSML: Total number of  Kleinman-Bylander projectors:  18
atom: -------------------------------------------------------------------------

atom: SANKEY-TYPE ORBITALS:
atom: Selected multiple-zeta basis: split     

SPLIT: Orbitals with angular momentum L= 0

SPLIT: Basis orbitals for state 3s

SPLIT: PAO cut-off radius determined from an
SPLIT: energy shift=  0.000140 Ry
Split based on tail norm

   izeta = 1
                 lambda =    1.000000
                     rc =    3.380000
                 energy =   -6.293298
                kinetic =    2.848567
    potential(screened) =   -9.141865
       potential(ionic) =  -33.519753

SPLIT: Basis orbitals for state 4s

SPLIT: PAO cut-off radius determined from an
SPLIT: energy shift=  0.000140 Ry
Split based on tail norm

   izeta = 1
                 lambda =    1.000000
                     rc =   10.002455
                 energy =   -0.450676
                kinetic =    1.112603
    potential(screened) =   -1.563278
       potential(ionic) =  -13.199632

   izeta = 2
                 rmatch =    5.430276
              splitnorm =    0.150000
                 energy =   -0.360834
                kinetic =    1.875764
    potential(screened) =   -2.236598
       potential(ionic) =  -15.982656

   izeta = 3
                 rmatch =    6.342382
              splitnorm =    0.075000
                 energy =   -0.415048
                kinetic =    1.529261
    potential(screened) =   -1.944310
       potential(ionic) =  -14.865309

SPLIT: Orbitals with angular momentum L= 1

SPLIT: Basis orbitals for state 3p

SPLIT: PAO cut-off radius determined from an
SPLIT: energy shift=  0.000140 Ry
Split based on tail norm

   izeta = 1
                 lambda =    1.000000
                     rc =    3.873861
                 energy =   -3.996757
                kinetic =    6.976018
    potential(screened) =  -10.972775
       potential(ionic) =  -34.563053

SPLIT: Basis orbitals for state 4p
SPLIT: Non-perturbative polarization orbs for state 4s
SPLIT: rc(1st zeta) (re)set to: 10.0025 (expansion factor: 1.0000)
Split based on tail norm

   izeta = 1
                 lambda =    1.000000
                     rc =   10.002455
                 energy =   -0.085879
                kinetic =    0.770317
    potential(screened) =   -0.856196
       potential(ionic) =   -9.409918

SPLIT: Orbitals with angular momentum L= 2

SPLIT: Basis orbitals for state 3d

SPLIT: PAO cut-off radius determined from an
SPLIT: energy shift=  0.000140 Ry
Split based on tail norm

   izeta = 1
                 lambda =    1.000000
                     rc =    7.238756
                 energy =   -0.490123
                kinetic =    9.261574
    potential(screened) =   -9.751697
       potential(ionic) =  -30.334327

   izeta = 2
                 rmatch =    3.144499
              splitnorm =    0.150000
                 energy =   -0.401801
                kinetic =   11.021778
    potential(screened) =  -11.423579
       potential(ionic) =  -33.555539

   izeta = 3
                 rmatch =    3.972182
              splitnorm =    0.075000
                 energy =   -0.464167
                kinetic =   10.072383
    potential(screened) =  -10.536551
       potential(ionic) =  -31.940836
atom: Total number of Sankey-type orbitals: 25

atm_pop: Valence configuration (for local Pseudopot. screening):
 3s( 2.00) 4s( 2.00)                                                  
 3p( 6.00) 4p( 0.00)                                                  
 3d( 5.00)                                                            
Vna: chval, zval:   15.00000  15.00000

Vna:  Cut-off radius for the neutral-atom potential:  10.002455
comcore: Pseudo-core radius Rcore=  2.115123

atom: _________________________________________________________________________

prinput: Basis input 

PAO.BasisType split     

%block ChemicalSpeciesLabel
    1   28 Ni                      # Species index, atomic number, species label
    2   25 Mn                      # Species index, atomic number, species label
%endblock ChemicalSpeciesLabel

%block PAO.Basis                 # Define Basis set
# WARNING: This information might be incomplete!
Ni                    5                    # Species label, number of l-shells
 n=3   0   1                         # n, l, Nzeta 
   3.000   
   1.000   
 n=4   0   3                         # n, l, Nzeta 
   9.316      4.957      5.825   
   1.000      1.000      1.000   
 n=3   1   1                         # n, l, Nzeta 
   3.414   
   1.000   
 n=4   1   1                         # n, l, Nzeta 
   9.316   
   1.000   
 n=3   2   3                         # n, l, Nzeta 
   6.323      2.625      3.356   
   1.000      1.000      1.000   
Mn                    5                    # Species label, number of l-shells
 n=3   0   1                         # n, l, Nzeta 
   3.380   
   1.000   
 n=4   0   3                         # n, l, Nzeta 
  10.002      5.430      6.342   
   1.000      1.000      1.000   
 n=3   1   1                         # n, l, Nzeta 
   3.874   
   1.000   
 n=4   1   1                         # n, l, Nzeta 
  10.002   
   1.000   
 n=3   2   3                         # n, l, Nzeta 
   7.239      3.144      3.972   
   1.000      1.000      1.000   
%endblock PAO.Basis

prinput: ----------------------------------------------------------------------

coor:   Atomic-coordinates input format  =     Fractional

siesta: Atomic coordinates (Bohr) and species
siesta:      0.00000   0.00000   0.00000  1        1
siesta:      4.70356   0.00000   0.00000  1        2
siesta:      2.35178   2.35178   3.32592  2        3
siesta:      7.05534   2.35178   3.32592  2        4

siesta: System type = bulk      

initatomlists: Number of atoms, orbitals, and projectors:      4   100    72

coxmol: Writing XMOL coordinates into file hea.xyz                                                                                                                                                                                                                             

siesta: ******************** Simulation parameters ****************************
siesta:
siesta: The following are some of the parameters of the simulation.
siesta: A complete list of the parameters used, including default values,
siesta: can be found in file out.fdf
siesta:
redata: Spin configuration                          = collinear
redata: Number of spin components                   = 2
redata: Time-Reversal Symmetry                      = T
redata: Spin spiral                                 = F
redata: Long output                                 =   F
redata: Number of Atomic Species                    =        2
redata: Charge density info will appear in .RHO file
redata: Write Mulliken charges (when)               = end
redata: Write Mulliken Pop.                         = Atomic and Orbital charges
redata: Write Hirshfeld charges (when)              = none
redata: Write Voronoi charges (when)                = none
redata: Write spin charge (when)                    = scf
redata: Matel table size (NRTAB)                    =     1024
redata: Mesh Cutoff                                 =   300.0000 Ry
redata: Net charge of the system                    =     0.0000 |e|
redata: Min. number of SCF Iter                     =        0
redata: Max. number of SCF Iter                     =    20000
redata: SCF convergence failure will abort job
redata: SCF mix quantity                            = Hamiltonian
redata: Mix DM or H after convergence               =   F
redata: Recompute H after scf cycle                 =   F
redata: Mix DM in first SCF step                    =   T
redata: Write Pulay info on disk                    =   F
redata: New DM Occupancy tolerance                  = 0.000000000001
redata: No kicks to SCF
redata: DM Mixing Weight for Kicks                  =     0.5000
redata: Require Harris convergence for SCF          =   F
redata: Harris energy tolerance for SCF             =     0.000100 eV
redata: Require DM convergence for SCF              =   T
redata: DM tolerance for SCF                        =     0.000500
redata: Require EDM convergence for SCF             =   F
redata: EDM tolerance for SCF                       =     0.001000 eV
redata: Require H convergence for SCF               =   F
redata: Hamiltonian tolerance for SCF               =     0.005000 eV
redata: Require (free) Energy convergence for SCF   =   F
redata: (free) Energy tolerance for SCF             =     0.000100 eV
redata: Antiferro initial spin density              =   T
redata: Using DFT-D3 dispersion                     =   F
redata: Using Saved Data (generic)                  =   F
redata: Use continuation files for DM               =   F
redata: Neglect nonoverlap interactions             =   F
redata: Method of Calculation                       = Diagonalization
redata: Electronic Temperature                      =   300.0000 K
redata: Fix the spin of the system                  =   F
redata: Max. number of TDED Iter                    =        1
redata: Number of TDED substeps                     =        3
redata: Dynamics option                             = CG coord. optimization
redata: Variable cell                               =   T
redata: Use continuation files for CG               =   F
redata: Max atomic displ per move                   =     0.1058 Ang
redata: Maximum number of optimization moves        =      500
redata: Force tolerance                             =     0.0500 eV/Ang
redata: Stress tolerance                            =     1.0000 GPa
mix.SCF: Broyden mixing                          = Broyden
mix.SCF:    History steps                        = 8
mix.SCF:    Linear mixing weight                 =     0.070000
mix.SCF:    Inverse Jacobian weight              =     0.070000
mix.SCF:    Weight prime                         =     0.070000
mix.SCF:    SVD condition                        = 0.1000E-07
mix.SCF: Spin-component mixing                   all
redata: ***********************************************************************

%block SCF.Mixers
  Broyden
%endblock SCF.Mixers

%block SCF.Mixer.Broyden
  # Mixing method
  method broyden

  # Mixing options
  weight 0.0700
  weight.linear 0.0700
  weight.prime 0.0700
  history 8
%endblock SCF.Mixer.Broyden

DM_history_depth set to one: no extrapolation allowed by default for geometry relaxation
Size of DM history Fstack: 1
Total number of electrons:    66.000000
Total ionic charge:    66.000000

* ProcessorY, Blocksize:    6   2


* Orbital distribution balance (max,min):     4     2

k-point displ. along   2 input, could be:     0.00    0.50
k-point displ. along   3 input, could be:     0.00    0.50
 Kpoints in:           48 . Kpoints trimmed:           44

siesta: k-grid: Number of k-points = 44
siesta: k-points from Monkhorst-Pack grid
siesta: k-cutoff (effective) =     7.040 Ang
siesta: k-point supercell and displacements
siesta: k-grid:     3     0     0      0.000
siesta: k-grid:     0     6     0      0.000
siesta: k-grid:     0     0     4      0.000
k-point displ. along   2 input, could be:     0.00    0.50
k-point displ. along   3 input, could be:     0.00    0.50
 Kpoints in:           48 . Kpoints trimmed:           44

siesta: PDOS k-grid: Number of k-points = 44
siesta: PDOS k-points from Monkhorst-Pack grid
siesta: PDOS k-cutoff (effective) =     0.000 Ang
siesta: PDOS k-point supercell and displacements
siesta: k-grid:     3     0     0      0.000
siesta: k-grid:     0     6     0      0.000
siesta: k-grid:     0     0     4      0.000

diag: Algorithm                                     = D&C
diag: Parallel over k                               =   F
diag: Use parallel 2D distribution                  =   T
diag: Parallel block-size                           = 2
diag: Parallel distribution                         =     6 x     8
diag: Used triangular part                          = Lower
diag: Absolute tolerance                            =  0.100E-15
diag: Orthogonalization factor                      =  0.100E-05
diag: Memory factor                                 =  1.0000
diag: The diagonalization method chosen cannot compute a reduced number of eigenvectors.
diag: Resetting neigwanted 55 to 100

superc: Internal auxiliary supercell:     5 x     9 x     7  =     315
superc: Number of atoms, orbitals, and projectors:   1260  31500  22680


ts: **************************************************************
ts: Save H and S matrices                           =    F
ts: Save DM and EDM matrices                        =    F
ts: Only save the overlap matrix S                  =    F
ts: **************************************************************

************************ Begin: TS CHECKS AND WARNINGS ************************
************************ End: TS CHECKS AND WARNINGS **************************


                     ====================================
                        Begin CG opt. move =      0
                     ====================================

superc: Internal auxiliary supercell:     5 x     9 x     7  =     315
superc: Number of atoms, orbitals, and projectors:   1260  31500  22680

outcell: Unit cell vectors (Ang):
        4.978032    0.000000    0.000000
        0.000000    2.489016    0.000000
        0.000000    0.000000    3.520000

outcell: Cell vector modules (Ang)   :    4.978032    2.489016    3.520000
outcell: Cell angles (23,13,12) (deg):     90.0000     90.0000     90.0000
outcell: Cell volume (Ang**3)        :     43.6142
<dSpData1D:S at geom step 0
  <sparsity:sparsity for geom step 0
    nrows_g=100 nrows=4 sparsity=1.1802 nnzs=11802, refcount: 7>
  <dData1D:(new from dSpData1D) n=11802, refcount: 1>
refcount: 1>
new_DM -- step:     1
Initializing Density Matrix...
DM filled with atomic data:
<dSpData2D:DM initialized from atoms
  <sparsity:sparsity for geom step 0
    nrows_g=100 nrows=4 sparsity=1.1802 nnzs=11802, refcount: 8>
  <dData2D:DM n=11802 m=2, refcount: 1>
refcount: 1>
No. of atoms with KB's overlaping orbs in proc 0. Max # of overlaps:      82     681

InitMesh: MESH = 54 x 30 x 40 = 64800
InitMesh: Mesh cutoff (required, used) =   300.000   325.218 Ry
New grid distribution [1]: sub = 2
New grid distribution [2]: sub = 2
New grid distribution [3]: sub = 2
Setting up quadratic distribution...

stepf: Fermi-Dirac step function

siesta: Program's energy decomposition (eV):
siesta: Ebs     =     -2693.118877
siesta: Eions   =     19598.671028
siesta: Ena     =      1571.228947
siesta: Ekin    =      6784.596587
siesta: Enl     =     -1780.003435
siesta: Eso     =         0.000000
siesta: Edftu   =         0.000000
siesta: DEna    =       110.651102
siesta: DUscf   =         3.005909
siesta: DUext   =         0.000000
siesta: Ex      =     -2004.120089
siesta: Ec      =      -122.685179
siesta: Exc     =     -2126.805267
siesta: EbV     =         0.000000
siesta: eta*DQ  =         0.000000
siesta: Emadel  =         0.000000
siesta: Emeta   =         0.000000
siesta: Emolmec =         0.000000
siesta: Ekinion =         0.000000
siesta: Eharris =    -14993.331150
siesta: Etot    =    -15035.997184
siesta: FreeEng =    -15036.004093

        iscf     Eharris(eV)        E_KS(eV)     FreeEng(eV)     dDmax    Ef(eV) dHmax(eV)
   scf:    1   -14993.331150   -15035.997184   -15036.004093  4.581623 -5.624620  5.879925
     spin moment: {S} , |S| = {        0.0        0.0    0.00000 }     0.00000
timer: Routine,Calls,Time,% = IterSCF        1       3.097  25.02
   scf:    2   -15037.179321   -15036.618553   -15036.625823  0.326061 -5.789870  4.506950
     spin moment: {S} , |S| = {        0.0        0.0    0.00000 }     0.00000
   scf:    3   -15038.311792   -15037.676230   -15037.682164  0.767218 -6.309667  1.678539
     spin moment: {S} , |S| = {        0.0        0.0    0.00000 }     0.00000
   scf:    4   -15037.911201   -15037.822548   -15037.828438  0.233576 -6.494982  0.631886
     spin moment: {S} , |S| = {        0.0        0.0    0.00000 }     0.00000
   scf:    5   -15036.377799   -15037.412531   -15037.420815  0.388207 -6.626817  3.103403
     spin moment: {S} , |S| = {        0.0        0.0    0.00000 }     0.00000
   scf:    6   -15038.112168   -15038.145859   -15038.154732  0.113801 -6.637321  0.471849
     spin moment: {S} , |S| = {        0.0        0.0   -0.00000 }    -0.00000
   scf:    7   -15036.403401   -15037.608661   -15037.616497  0.100817 -6.697762  2.575105
     spin moment: {S} , |S| = {        0.0        0.0   -0.00000 }    -0.00000
   scf:    8   -15038.376041   -15038.147349   -15038.156219  0.065307 -6.693421  0.583638
     spin moment: {S} , |S| = {        0.0        0.0   -0.00000 }    -0.00000
   scf:    9   -15038.176117   -15038.177649   -15038.186595  0.035416 -6.661891  0.157245
     spin moment: {S} , |S| = {        0.0        0.0   -0.00000 }    -0.00000
   scf:   10   -15038.180981   -15038.179718   -15038.188304  0.015524 -6.675263  0.058924
     spin moment: {S} , |S| = {        0.0        0.0    0.00000 }     0.00000
   scf:   11   -15038.185126   -15038.182034   -15038.190371  0.009976 -6.669561  0.026845
     spin moment: {S} , |S| = {        0.0        0.0   -0.00000 }    -0.00000
   scf:   12   -15038.182756   -15038.182332   -15038.190676  0.010817 -6.673893  0.061698
     spin moment: {S} , |S| = {        0.0        0.0    0.00000 }     0.00000
   scf:   13   -15038.182782   -15038.182526   -15038.190899  0.004733 -6.676051  0.040024
     spin moment: {S} , |S| = {        0.0        0.0   -0.00000 }    -0.00000
   scf:   14   -15038.182855   -15038.182711   -15038.191028  0.004576 -6.673387  0.007537
     spin moment: {S} , |S| = {        0.0        0.0    0.00000 }     0.00000
   scf:   15   -15038.182733   -15038.182723   -15038.191031  0.000555 -6.673567  0.013115
     spin moment: {S} , |S| = {        0.0        0.0   -0.00000 }    -0.00000
   scf:   16   -15038.182760   -15038.182741   -15038.191051  0.001034 -6.673702  0.005914
     spin moment: {S} , |S| = {        0.0        0.0    0.00000 }     0.00000
   scf:   17   -15038.182807   -15038.182769   -15038.191072  0.001895 -6.673548  0.002454
     spin moment: {S} , |S| = {        0.0        0.0   -0.00000 }    -0.00000
   scf:   18   -15038.182780   -15038.182774   -15038.191075  0.000661 -6.673544  0.002531
     spin moment: {S} , |S| = {        0.0        0.0    0.00000 }     0.00000
   scf:   19   -15038.182777   -15038.182776   -15038.191076  0.000134 -6.673543  0.002459
     spin moment: {S} , |S| = {        0.0        0.0   -0.00000 }    -0.00000

SCF Convergence by DM criterion
max |DM_out - DM_in|         :     0.0001339027
max |H_out - H_in|      (eV) :     0.0024589721
SCF cycle converged after 19 iterations

Using DM_out to compute the final energy and forces
No. of atoms with KB's overlaping orbs in proc 0. Max # of overlaps:      82     681

siesta: E_KS(eV) =           -15038.1828

siesta: E_KS - E_eggbox =    -15038.1828

siesta: Atomic forces (eV/Ang):
     1    0.000791   -0.000000   -0.000000
     2    0.000791   -0.000000   -0.000000
     3   -0.000793    0.000000    0.000000
     4   -0.000793    0.000000    0.000000
----------------------------------------
   Tot   -0.000003   -0.000000    0.000000
----------------------------------------
   Max    0.000793
   Res    0.000457    sqrt( Sum f_i^2 / 3N )
----------------------------------------
   Max    0.000793    constrained

Stress tensor Voigt[x,y,z,yz,xz,xy] (kbar):      -24.43      -61.02      -31.41       -0.00        0.00        0.00
(Free)E + p*V (eV/cell)   -15037.1307
Target enthalpy (eV/cell)   -15038.1911

siesta: Stress tensor (static) (eV/Ang**3):
        -0.015247   -0.000000    0.000000
         0.000000   -0.038083    0.000000
         0.000000   -0.000000   -0.019606

siesta: Pressure (static):         38.95210500  kBar

siesta: Stress tensor (total) (eV/Ang**3):
        -0.015247   -0.000000    0.000000
         0.000000   -0.038083    0.000000
         0.000000   -0.000000   -0.019606

siesta: Pressure (total):         38.95210500  kBar

cgvc: No target stress found, assuming hydrostatic MD.TargetPressure.

cgvc: Target stress (kBar)
cgvc:        -0.000       0.000       0.000
cgvc:         0.000      -0.000       0.000
cgvc:         0.000       0.000      -0.000

                     ====================================
                        Begin CG opt. move =      1
                     ====================================
k-point displ. along   2 input, could be:     0.00    0.50
k-point displ. along   3 input, could be:     0.00    0.50
 Kpoints in:           48 . Kpoints trimmed:           44

siesta: k-grid: Number of k-points = 44
siesta: k-points from Monkhorst-Pack grid
siesta: k-cutoff (effective) =     7.104 Ang
siesta: k-point supercell and displacements
siesta: k-grid:     3     0     0      0.000
siesta: k-grid:     0     6     0      0.000
siesta: k-grid:     0     0     4      0.000

superc: Internal auxiliary supercell:     5 x     9 x     7  =     315
superc: Number of atoms, orbitals, and projectors:   1260  31500  22680

outcell: Unit cell vectors (Ang):
        5.013368    0.000000   -0.000000
        0.000000    2.533145    0.000000
       -0.000000    0.000000    3.552129

outcell: Cell vector modules (Ang)   :    5.013368    2.533145    3.552129
outcell: Cell angles (23,13,12) (deg):     90.0000     90.0000     90.0000
outcell: Cell volume (Ang**3)        :     45.1106
<dSpData1D:S at geom step 1
  <sparsity:sparsity for geom step 1
    nrows_g=100 nrows=4 sparsity=1.1598 nnzs=11598, refcount: 7>
  <dData1D:(new from dSpData1D) n=11598, refcount: 1>
refcount: 1>
new_DM -- step:     2
Re-using DM from previous geometries...
Number of DMs in history: 1
 DM extrapolation coefficients: 
1   1.00000
New DM after history re-use:
<dSpData2D:SpM extrapolated using coords
  <sparsity:sparsity for geom step 1
    nrows_g=100 nrows=4 sparsity=1.1598 nnzs=11598, refcount: 9>
  <dData2D:(temp array for extrapolation) n=11598 m=2, refcount: 1>
refcount: 1>
No. of atoms with KB's overlaping orbs in proc 0. Max # of overlaps:      82     681

InitMesh: MESH = 54 x 30 x 40 = 64800
InitMesh: Mesh cutoff (required, used) =   300.000   320.649 Ry
New grid distribution [1]: sub = 2
New grid distribution [2]: sub = 2
New grid distribution [3]: sub = 2
Setting up quadratic distribution...

        iscf     Eharris(eV)        E_KS(eV)     FreeEng(eV)     dDmax    Ef(eV) dHmax(eV)
   scf:    1   -15039.418309   -15038.037443   -15038.048053  0.421935 -6.631596  1.694655
     spin moment: {S} , |S| = {        0.0        0.0    0.00000 }     0.00000
   scf:    2   -14898.762273   -14992.479486   -14992.496188  0.903403 -6.185902 25.854312
     spin moment: {S} , |S| = {        0.0        0.0    0.00000 }     0.00000
   scf:    3   -15039.516310   -15038.181910   -15038.191632  0.864572 -6.620552  0.510558
     spin moment: {S} , |S| = {        0.0        0.0    0.00000 }     0.00000
   scf:    4   -15038.148220   -15038.183969   -15038.193499  0.029142 -6.603164  0.364197
     spin moment: {S} , |S| = {        0.0        0.0    0.00000 }     0.00000
   scf:    5   -15038.162931   -15038.188712   -15038.198427  0.029308 -6.586968  0.299367
     spin moment: {S} , |S| = {        0.0        0.0    0.00000 }     0.00000
   scf:    6   -15038.176019   -15038.182807   -15038.192636  0.015090 -6.577661  0.419340
     spin moment: {S} , |S| = {        0.0        0.0    0.00000 }     0.00000
   scf:    7   -15038.203355   -15038.194216   -15038.203924  0.019421 -6.575327  0.217802
     spin moment: {S} , |S| = {        0.0        0.0    0.00000 }     0.00000
   scf:    8   -15038.196471   -15038.195398   -15038.205075  0.001887 -6.576343  0.179462
     spin moment: {S} , |S| = {        0.0        0.0    0.00000 }     0.00000
   scf:    9   -15038.198756   -15038.197416   -15038.207021  0.004712 -6.576073  0.075419
     spin moment: {S} , |S| = {        0.0        0.0    0.00000 }     0.00000
   scf:   10   -15038.197626   -15038.197813   -15038.207388  0.004332 -6.575337  0.023239
     spin moment: {S} , |S| = {        0.0        0.0    0.00000 }     0.00000
   scf:   11   -15038.197865   -15038.197856   -15038.207431  0.000670 -6.575532  0.002528
     spin moment: {S} , |S| = {        0.0        0.0    0.00000 }     0.00000
   scf:   12   -15038.197853   -15038.197855   -15038.207431  0.000439 -6.575343  0.002738
     spin moment: {S} , |S| = {        0.0        0.0    0.00000 }     0.00000

SCF Convergence by DM criterion
max |DM_out - DM_in|         :     0.0004393077
max |H_out - H_in|      (eV) :     0.0027382149
SCF cycle converged after 12 iterations

Using DM_out to compute the final energy and forces
No. of atoms with KB's overlaping orbs in proc 0. Max # of overlaps:      82     681

siesta: E_KS(eV) =           -15038.1979

siesta: Atomic forces (eV/Ang):
     1   -0.004236    0.000000    0.000000
     2   -0.004238   -0.000000    0.000000
     3    0.002197    0.000000   -0.000000
     4    0.002196    0.000000   -0.000000
----------------------------------------
   Tot   -0.004081    0.000000   -0.000000
----------------------------------------
   Max    0.004238
   Res    0.001948    sqrt( Sum f_i^2 / 3N )
----------------------------------------
   Max    0.004238    constrained

Stress tensor Voigt[x,y,z,yz,xz,xy] (kbar):        5.96      -10.57       36.36        0.00        0.00       -0.00
(Free)E + p*V (eV/cell)   -15038.5054
Target enthalpy (eV/cell)   -15038.2074

siesta: Stress tensor (static) (eV/Ang**3):
         0.003721   -0.000000    0.000000
        -0.000000   -0.006596    0.000000
         0.000000    0.000000    0.022693

siesta: Pressure (static):        -10.58358986  kBar

siesta: Stress tensor (total) (eV/Ang**3):
         0.003721   -0.000000    0.000000
        -0.000000   -0.006596    0.000000
         0.000000    0.000000    0.022693

siesta: Pressure (total):        -10.58358986  kBar

                     ====================================
                        Begin CG opt. move =      2
                     ====================================
k-point displ. along   2 input, could be:     0.00    0.50
k-point displ. along   3 input, could be:     0.00    0.50
 Kpoints in:           48 . Kpoints trimmed:           44

siesta: k-grid: Number of k-points = 44
siesta: k-points from Monkhorst-Pack grid
siesta: k-cutoff (effective) =     7.097 Ang
siesta: k-point supercell and displacements
siesta: k-grid:     3     0     0      0.000
siesta: k-grid:     0     6     0      0.000
siesta: k-grid:     0     0     4      0.000

superc: Internal auxiliary supercell:     5 x     9 x     7  =     315
superc: Number of atoms, orbitals, and projectors:   1260  31500  22680

outcell: Unit cell vectors (Ang):
        5.009432    0.000000   -0.000000
        0.000000    2.528229    0.000000
       -0.000000    0.000000    3.548550

outcell: Cell vector modules (Ang)   :    5.009432    2.528229    3.548550
outcell: Cell angles (23,13,12) (deg):     90.0000     90.0000     90.0000
outcell: Cell volume (Ang**3)        :     44.9423
<dSpData1D:S at geom step 2
  <sparsity:sparsity for geom step 2
    nrows_g=100 nrows=4 sparsity=1.1598 nnzs=11598, refcount: 7>
  <dData1D:(new from dSpData1D) n=11598, refcount: 1>
refcount: 1>
new_DM -- step:     3
Re-using DM from previous geometries...
Number of DMs in history: 1
 DM extrapolation coefficients: 
1   1.00000
New DM after history re-use:
<dSpData2D:SpM extrapolated using coords
  <sparsity:sparsity for geom step 2
    nrows_g=100 nrows=4 sparsity=1.1598 nnzs=11598, refcount: 9>
  <dData2D:(temp array for extrapolation) n=11598 m=2, refcount: 1>
refcount: 1>
No. of atoms with KB's overlaping orbs in proc 0. Max # of overlaps:      82     681

InitMesh: MESH = 54 x 30 x 40 = 64800
InitMesh: Mesh cutoff (required, used) =   300.000   321.153 Ry
New grid distribution [1]: sub = 2
New grid distribution [2]: sub = 2
New grid distribution [3]: sub = 2
Setting up quadratic distribution...

        iscf     Eharris(eV)        E_KS(eV)     FreeEng(eV)     dDmax    Ef(eV) dHmax(eV)
   scf:    1   -15038.014234   -15038.195591   -15038.205021  0.050878 -6.581790  0.215226
     spin moment: {S} , |S| = {        0.0        0.0    0.00000 }     0.00000
   scf:    2   -15036.975738   -15037.800053   -15037.811512  0.109981 -6.581990  2.467568
     spin moment: {S} , |S| = {        0.0        0.0   -0.00000 }    -0.00000
   scf:    3   -15038.233301   -15038.198212   -15038.207665  0.102587 -6.583110  0.024852
     spin moment: {S} , |S| = {        0.0        0.0    0.00000 }     0.00000
   scf:    4   -15038.198178   -15038.198222   -15038.207667  0.001313 -6.584397  0.023412
     spin moment: {S} , |S| = {        0.0        0.0    0.00000 }     0.00000
   scf:    5   -15038.198256   -15038.198250   -15038.207699  0.001351 -6.586043  0.004629
     spin moment: {S} , |S| = {        0.0        0.0    0.00000 }     0.00000
   scf:    6   -15038.198257   -15038.198254   -15038.207703  0.000341 -6.586199  0.004241
     spin moment: {S} , |S| = {        0.0        0.0    0.00000 }     0.00000

SCF Convergence by DM criterion
max |DM_out - DM_in|         :     0.0003405955
max |H_out - H_in|      (eV) :     0.0042414953
SCF cycle converged after 6 iterations

Using DM_out to compute the final energy and forces
No. of atoms with KB's overlaping orbs in proc 0. Max # of overlaps:      82     681

siesta: E_KS(eV) =           -15038.1983

siesta: Atomic forces (eV/Ang):
     1   -0.003798   -0.000000    0.000000
     2   -0.003795    0.000000    0.000000
     3    0.001990    0.000000   -0.000000
     4    0.001990   -0.000000    0.000000
----------------------------------------
   Tot   -0.003614    0.000000   -0.000000
----------------------------------------
   Max    0.003798
   Res    0.001750    sqrt( Sum f_i^2 / 3N )
----------------------------------------
   Max    0.003798    constrained

Stress tensor Voigt[x,y,z,yz,xz,xy] (kbar):        1.44      -17.56       29.16        0.00        0.00       -0.00
(Free)E + p*V (eV/cell)   -15038.3295
Target enthalpy (eV/cell)   -15038.2077

siesta: Stress tensor (static) (eV/Ang**3):
         0.000897   -0.000000    0.000000
        -0.000000   -0.010962    0.000000
         0.000000    0.000000    0.018199

siesta: Pressure (static):         -4.34367274  kBar

siesta: Stress tensor (total) (eV/Ang**3):
         0.000897   -0.000000    0.000000
        -0.000000   -0.010962    0.000000
         0.000000    0.000000    0.018199

siesta: Pressure (total):         -4.34367274  kBar

cgvc: Finished line minimization    1.  Mean atomic displacement =    0.0889

                     ====================================
                        Begin CG opt. move =      3
                     ====================================
k-point displ. along   2 input, could be:     0.00    0.50
k-point displ. along   3 input, could be:     0.00    0.50
 Kpoints in:           48 . Kpoints trimmed:           44

siesta: k-grid: Number of k-points = 44
siesta: k-points from Monkhorst-Pack grid
siesta: k-cutoff (effective) =     7.017 Ang
siesta: k-point supercell and displacements
siesta: k-grid:     3     0     0      0.000
siesta: k-grid:     0     6     0      0.000
siesta: k-grid:     0     0     4      0.000

superc: Internal auxiliary supercell:     5 x     9 x     7  =     315
superc: Number of atoms, orbitals, and projectors:   1260  31500  22680

outcell: Unit cell vectors (Ang):
        5.018153    0.000000   -0.000000
        0.000000    2.565312   -0.000000
       -0.000000   -0.000000    3.508652

outcell: Cell vector modules (Ang)   :    5.018153    2.565312    3.508652
outcell: Cell angles (23,13,12) (deg):     90.0000     90.0000     90.0000
outcell: Cell volume (Ang**3)        :     45.1673
<dSpData1D:S at geom step 3
  <sparsity:sparsity for geom step 3
    nrows_g=100 nrows=4 sparsity=1.1614 nnzs=11614, refcount: 7>
  <dData1D:(new from dSpData1D) n=11614, refcount: 1>
refcount: 1>
new_DM -- step:     4
Re-using DM from previous geometries...
Number of DMs in history: 1
 DM extrapolation coefficients: 
1   1.00000
New DM after history re-use:
<dSpData2D:SpM extrapolated using coords
  <sparsity:sparsity for geom step 3
    nrows_g=100 nrows=4 sparsity=1.1614 nnzs=11614, refcount: 9>
  <dData2D:(temp array for extrapolation) n=11614 m=2, refcount: 1>
refcount: 1>
No. of atoms with KB's overlaping orbs in proc 0. Max # of overlaps:      82     683

InitMesh: MESH = 54 x 30 x 40 = 64800
InitMesh: Mesh cutoff (required, used) =   300.000   320.038 Ry
New grid distribution [1]: sub = 2
New grid distribution [2]: sub = 2
New grid distribution [3]: sub = 2
Setting up quadratic distribution...

        iscf     Eharris(eV)        E_KS(eV)     FreeEng(eV)     dDmax    Ef(eV) dHmax(eV)
   scf:    1   -15038.465162   -15038.195742   -15038.205309  0.157265 -6.560557  0.507279
     spin moment: {S} , |S| = {        0.0        0.0    0.00000 }     0.00000
   scf:    2   -15028.577600   -15035.063684   -15035.073044  0.246692 -6.485007  6.855543
     spin moment: {S} , |S| = {        0.0        0.0    0.00002 }     0.00002
   scf:    3   -15038.356440   -15038.210316   -15038.219760  0.235744 -6.555525  0.109307
     spin moment: {S} , |S| = {        0.0        0.0    0.00000 }     0.00000
   scf:    4   -15038.210555   -15038.210818   -15038.220171  0.004371 -6.551349  0.074661
     spin moment: {S} , |S| = {        0.0        0.0    0.00000 }     0.00000
   scf:    5   -15038.211206   -15038.211397   -15038.220465  0.009197 -6.542551  0.075444
     spin moment: {S} , |S| = {        0.0        0.0    0.00000 }     0.00000
   scf:    6   -15038.211991   -15038.211687   -15038.220529  0.006239 -6.539674  0.084683
     spin moment: {S} , |S| = {        0.0        0.0    0.00000 }     0.00000
   scf:    7   -15038.212860   -15038.212338   -15038.221026  0.003421 -6.537803  0.040448
     spin moment: {S} , |S| = {        0.0        0.0    0.00000 }     0.00000
   scf:    8   -15038.212798   -15038.212572   -15038.221146  0.003250 -6.536541  0.023820
     spin moment: {S} , |S| = {        0.0        0.0   -0.00000 }    -0.00000
   scf:    9   -15038.213312   -15038.212930   -15038.221235  0.007674 -6.533639  0.002386
     spin moment: {S} , |S| = {        0.0        0.0    0.00000 }     0.00000
   scf:   10   -15038.213002   -15038.212966   -15038.221236  0.001025 -6.533284  0.002039
     spin moment: {S} , |S| = {        0.0        0.0    0.00000 }     0.00000
   scf:   11   -15038.212965   -15038.212965   -15038.221236  0.000103 -6.533300  0.001822
     spin moment: {S} , |S| = {        0.0        0.0    0.00000 }     0.00000

SCF Convergence by DM criterion
max |DM_out - DM_in|         :     0.0001032892
max |H_out - H_in|      (eV) :     0.0018218660
SCF cycle converged after 11 iterations

Using DM_out to compute the final energy and forces
No. of atoms with KB's overlaping orbs in proc 0. Max # of overlaps:      82     683

siesta: E_KS(eV) =           -15038.2130

siesta: Atomic forces (eV/Ang):
     1    0.020323    0.000000    0.000000
     2    0.020293   -0.000000   -0.000000
     3   -0.011118   -0.000000   -0.000000
     4   -0.011115    0.000000   -0.000001
----------------------------------------
   Tot    0.018383    0.000000   -0.000001
----------------------------------------
   Max    0.020323
   Res    0.009452    sqrt( Sum f_i^2 / 3N )
----------------------------------------
   Max    0.020323    constrained

Stress tensor Voigt[x,y,z,yz,xz,xy] (kbar):       -7.40       -4.07       25.13        0.00       -0.00        0.00
(Free)E + p*V (eV/cell)   -15038.3495
Target enthalpy (eV/cell)   -15038.2212

siesta: Stress tensor (static) (eV/Ang**3):
        -0.004619    0.000000   -0.000000
         0.000000   -0.002543    0.000000
        -0.000000    0.000000    0.015683

siesta: Pressure (static):         -4.55055445  kBar

siesta: Stress tensor (total) (eV/Ang**3):
        -0.004619    0.000000   -0.000000
         0.000000   -0.002543    0.000000
        -0.000000    0.000000    0.015683

siesta: Pressure (total):         -4.55055445  kBar

                     ====================================
                        Begin CG opt. move =      4
                     ====================================
k-point displ. along   2 input, could be:     0.00    0.50
k-point displ. along   3 input, could be:     0.00    0.50
 Kpoints in:           48 . Kpoints trimmed:           44

siesta: k-grid: Number of k-points = 44
siesta: k-points from Monkhorst-Pack grid
siesta: k-cutoff (effective) =     6.904 Ang
siesta: k-point supercell and displacements
siesta: k-grid:     3     0     0      0.000
siesta: k-grid:     0     6     0      0.000
siesta: k-grid:     0     0     4      0.000

superc: Internal auxiliary supercell:     5 x     9 x     7  =     315
superc: Number of atoms, orbitals, and projectors:   1260  31500  22680

outcell: Unit cell vectors (Ang):
        5.030544    0.000000   -0.000000
        0.000000    2.617997   -0.000000
       -0.000000   -0.000000    3.451968

outcell: Cell vector modules (Ang)   :    5.030544    2.617997    3.451968
outcell: Cell angles (23,13,12) (deg):     90.0000     90.0000     90.0000
outcell: Cell volume (Ang**3)        :     45.4622
<dSpData1D:S at geom step 4
  <sparsity:sparsity for geom step 4
    nrows_g=100 nrows=4 sparsity=1.1582 nnzs=11582, refcount: 7>
  <dData1D:(new from dSpData1D) n=11582, refcount: 1>
refcount: 1>
new_DM -- step:     5
Re-using DM from previous geometries...
Number of DMs in history: 1
 DM extrapolation coefficients: 
1   1.00000
New DM after history re-use:
<dSpData2D:SpM extrapolated using coords
  <sparsity:sparsity for geom step 4
    nrows_g=100 nrows=4 sparsity=1.1582 nnzs=11582, refcount: 9>
  <dData2D:(temp array for extrapolation) n=11582 m=2, refcount: 1>
refcount: 1>
No. of atoms with KB's overlaping orbs in proc 0. Max # of overlaps:      82     683

InitMesh: MESH = 54 x 30 x 36 = 58320
InitMesh: Mesh cutoff (required, used) =   300.000   300.589 Ry
New grid distribution [1]: sub = 2
New grid distribution [2]: sub = 2
New grid distribution [3]: sub = 2
Setting up quadratic distribution...

        iscf     Eharris(eV)        E_KS(eV)     FreeEng(eV)     dDmax    Ef(eV) dHmax(eV)
   scf:    1   -15038.480828   -15038.192686   -15038.201798  0.182629 -6.548431  0.652159
     spin moment: {S} , |S| = {        0.0        0.0    0.00001 }     0.00001
   scf:    2   -15025.196893   -15033.963860   -15033.974371  0.285467 -6.367372  8.094274
     spin moment: {S} , |S| = {        0.0        0.0   -0.00022 }    -0.00022
   scf:    3   -15038.451908   -15038.215398   -15038.224030  0.269126 -6.534075  0.117133
     spin moment: {S} , |S| = {        0.0        0.0    0.00001 }     0.00001
   scf:    4   -15038.215193   -15038.215901   -15038.224340  0.006856 -6.524935  0.087532
     spin moment: {S} , |S| = {        0.0        0.0    0.00001 }     0.00001
   scf:    5   -15038.214350   -15038.215910   -15038.224379  0.006554 -6.519591  0.081648
     spin moment: {S} , |S| = {        0.0        0.0    0.00001 }     0.00001
   scf:    6   -15038.216282   -15038.216098   -15038.224493  0.002256 -6.518697  0.072711
     spin moment: {S} , |S| = {        0.0        0.0    0.00001 }     0.00001
   scf:    7   -15038.216767   -15038.216475   -15038.224807  0.001045 -6.518502  0.039552
     spin moment: {S} , |S| = {        0.0        0.0    0.00001 }     0.00001
   scf:    8   -15038.216619   -15038.216551   -15038.224866  0.000401 -6.518461  0.029028
     spin moment: {S} , |S| = {        0.0        0.0    0.00001 }     0.00001

SCF Convergence by DM criterion
max |DM_out - DM_in|         :     0.0004007344
max |H_out - H_in|      (eV) :     0.0290284777
SCF cycle converged after 8 iterations

Using DM_out to compute the final energy and forces
No. of atoms with KB's overlaping orbs in proc 0. Max # of overlaps:      82     683

siesta: E_KS(eV) =           -15038.2166

siesta: Atomic forces (eV/Ang):
     1    0.032287    0.000002    0.000000
     2    0.032302   -0.000001   -0.000001
     3   -0.031122    0.000001    0.000001
     4   -0.031122   -0.000000    0.000001
----------------------------------------
   Tot    0.002344    0.000001    0.000001
----------------------------------------
   Max    0.032302
   Res    0.018310    sqrt( Sum f_i^2 / 3N )
----------------------------------------
   Max    0.032302    constrained

Stress tensor Voigt[x,y,z,yz,xz,xy] (kbar):       -9.11       33.49       12.05       -0.00        0.00       -0.00
(Free)E + p*V (eV/cell)   -15038.5694
Target enthalpy (eV/cell)   -15038.2249

siesta: Stress tensor (static) (eV/Ang**3):
        -0.005683   -0.000000    0.000000
        -0.000000    0.020900   -0.000000
         0.000000   -0.000000    0.007521

siesta: Pressure (static):        -12.14319899  kBar

siesta: Stress tensor (total) (eV/Ang**3):
        -0.005683   -0.000000    0.000000
        -0.000000    0.020900   -0.000000
         0.000000   -0.000000    0.007521

siesta: Pressure (total):        -12.14319899  kBar

                     ====================================
                        Begin CG opt. move =      5
                     ====================================
k-point displ. along   2 input, could be:     0.00    0.50
k-point displ. along   3 input, could be:     0.00    0.50
 Kpoints in:           48 . Kpoints trimmed:           44

siesta: k-grid: Number of k-points = 44
siesta: k-points from Monkhorst-Pack grid
siesta: k-cutoff (effective) =     6.961 Ang
siesta: k-point supercell and displacements
siesta: k-grid:     3     0     0      0.000
siesta: k-grid:     0     6     0      0.000
siesta: k-grid:     0     0     4      0.000

superc: Internal auxiliary supercell:     5 x     9 x     7  =     315
superc: Number of atoms, orbitals, and projectors:   1260  31500  22680

outcell: Unit cell vectors (Ang):
        5.024360    0.000000   -0.000000
        0.000000    2.591702   -0.000000
       -0.000000   -0.000000    3.480259

outcell: Cell vector modules (Ang)   :    5.024360    2.591702    3.480259
outcell: Cell angles (23,13,12) (deg):     90.0000     90.0000     90.0000
outcell: Cell volume (Ang**3)        :     45.3187
<dSpData1D:S at geom step 5
  <sparsity:sparsity for geom step 5
    nrows_g=100 nrows=4 sparsity=1.1622 nnzs=11622, refcount: 7>
  <dData1D:(new from dSpData1D) n=11622, refcount: 1>
refcount: 1>
new_DM -- step:     6
Re-using DM from previous geometries...
Number of DMs in history: 1
 DM extrapolation coefficients: 
1   1.00000
New DM after history re-use:
<dSpData2D:SpM extrapolated using coords
  <sparsity:sparsity for geom step 5
    nrows_g=100 nrows=4 sparsity=1.1622 nnzs=11622, refcount: 9>
  <dData2D:(temp array for extrapolation) n=11622 m=2, refcount: 1>
refcount: 1>
No. of atoms with KB's overlaping orbs in proc 0. Max # of overlaps:      82     683

InitMesh: MESH = 54 x 30 x 40 = 64800
InitMesh: Mesh cutoff (required, used) =   300.000   319.248 Ry
New grid distribution [1]: sub = 2
New grid distribution [2]: sub = 2
New grid distribution [3]: sub = 2
Setting up quadratic distribution...

        iscf     Eharris(eV)        E_KS(eV)     FreeEng(eV)     dDmax    Ef(eV) dHmax(eV)
   scf:    1   -15037.927111   -15038.193842   -15038.200905  0.077711 -6.499525  0.652471
     spin moment: {S} , |S| = {        0.0        0.0    0.00001 }     0.00001
   scf:    2   -15028.384699   -15035.028735   -15035.037906  0.222517 -6.589189  7.040080
     spin moment: {S} , |S| = {        0.0        0.0   -0.00092 }    -0.00092
   scf:    3   -15038.498759   -15038.218595   -15038.225751  0.200981 -6.510743  0.059360
     spin moment: {S} , |S| = {        0.0        0.0    0.00001 }     0.00001
   scf:    4   -15038.218511   -15038.218675   -15038.225831  0.002390 -6.512579  0.046901
     spin moment: {S} , |S| = {        0.0        0.0    0.00000 }     0.00000
   scf:    5   -15038.218735   -15038.218747   -15038.225940  0.004008 -6.517453  0.006424
     spin moment: {S} , |S| = {        0.0        0.0    0.00001 }     0.00001
   scf:    6   -15038.218734   -15038.218741   -15038.225941  0.000213 -6.517575  0.009538
     spin moment: {S} , |S| = {        0.0        0.0    0.00001 }     0.00001

SCF Convergence by DM criterion
max |DM_out - DM_in|         :     0.0002129918
max |H_out - H_in|      (eV) :     0.0095379959
SCF cycle converged after 6 iterations

Using DM_out to compute the final energy and forces
No. of atoms with KB's overlaping orbs in proc 0. Max # of overlaps:      82     683

siesta: E_KS(eV) =           -15038.2187

siesta: Atomic forces (eV/Ang):
     1    0.028713    0.000000    0.000000
     2    0.028723   -0.000001   -0.000002
     3   -0.020350    0.000000    0.000000
     4   -0.020332   -0.000000    0.000000
----------------------------------------
   Tot    0.016753   -0.000000   -0.000001
----------------------------------------
   Max    0.028723
   Res    0.014367    sqrt( Sum f_i^2 / 3N )
----------------------------------------
   Max    0.028723    constrained

Stress tensor Voigt[x,y,z,yz,xz,xy] (kbar):      -10.46       10.39       19.06       -0.00       -0.00       -0.00
(Free)E + p*V (eV/cell)   -15038.4050
Target enthalpy (eV/cell)   -15038.2259

siesta: Stress tensor (static) (eV/Ang**3):
        -0.006526   -0.000000   -0.000000
        -0.000000    0.006482   -0.000000
        -0.000000   -0.000000    0.011896

siesta: Pressure (static):         -6.32964830  kBar

siesta: Stress tensor (total) (eV/Ang**3):
        -0.006526   -0.000000   -0.000000
        -0.000000    0.006482   -0.000000
        -0.000000   -0.000000    0.011896

siesta: Pressure (total):         -6.32964830  kBar

cgvc: Finished line minimization    2.  Mean atomic displacement =    0.1152

                     ====================================
                        Begin CG opt. move =      6
                     ====================================
k-point displ. along   2 input, could be:     0.00    0.50
k-point displ. along   3 input, could be:     0.00    0.50
 Kpoints in:           48 . Kpoints trimmed:           44

siesta: k-grid: Number of k-points = 44
siesta: k-points from Monkhorst-Pack grid
siesta: k-cutoff (effective) =     6.812 Ang
siesta: k-point supercell and displacements
siesta: k-grid:     3     0     0      0.000
siesta: k-grid:     0     6     0      0.000
siesta: k-grid:     0     0     4      0.000

superc: Internal auxiliary supercell:     5 x     9 x     7  =     315
superc: Number of atoms, orbitals, and projectors:   1260  31500  22680

outcell: Unit cell vectors (Ang):
        5.071978    0.000000    0.000000
        0.000000    2.587032    0.000000
        0.000000    0.000000    3.405751

outcell: Cell vector modules (Ang)   :    5.071978    2.587032    3.405751
outcell: Cell angles (23,13,12) (deg):     90.0000     90.0000     90.0000
outcell: Cell volume (Ang**3)        :     44.6881
<dSpData1D:S at geom step 6
  <sparsity:sparsity for geom step 6
    nrows_g=100 nrows=4 sparsity=1.1622 nnzs=11622, refcount: 7>
  <dData1D:(new from dSpData1D) n=11622, refcount: 1>
refcount: 1>
new_DM -- step:     7
Re-using DM from previous geometries...
Number of DMs in history: 1
 DM extrapolation coefficients: 
1   1.00000
New DM after history re-use:
<dSpData2D:SpM extrapolated using coords
  <sparsity:sparsity for geom step 6
    nrows_g=100 nrows=4 sparsity=1.1622 nnzs=11622, refcount: 9>
  <dData2D:(temp array for extrapolation) n=11622 m=2, refcount: 1>
refcount: 1>
No. of atoms with KB's overlaping orbs in proc 0. Max # of overlaps:      82     683

InitMesh: MESH = 54 x 30 x 36 = 58320
InitMesh: Mesh cutoff (required, used) =   300.000   308.803 Ry
New grid distribution [1]: sub = 2
New grid distribution [2]: sub = 2
New grid distribution [3]: sub = 2
Setting up quadratic distribution...

        iscf     Eharris(eV)        E_KS(eV)     FreeEng(eV)     dDmax    Ef(eV) dHmax(eV)
   scf:    1   -15037.431116   -15038.174467   -15038.181780  0.250339 -6.539979  0.771260
     spin moment: {S} , |S| = {        0.0        0.0    0.00003 }     0.00003
   scf:    2   -15024.821018   -15033.872936   -15033.883532  0.284220 -6.588696  8.084729
     spin moment: {S} , |S| = {        0.0        0.0   -0.00034 }    -0.00034
   scf:    3   -15038.612299   -15038.210527   -15038.218203  0.264500 -6.552002  0.060276
     spin moment: {S} , |S| = {        0.0        0.0    0.00003 }     0.00003
   scf:    4   -15038.210583   -15038.210765   -15038.218398  0.002771 -6.551980  0.055712
     spin moment: {S} , |S| = {        0.0        0.0    0.00002 }     0.00002
   scf:    5   -15038.211174   -15038.211042   -15038.218731  0.007516 -6.556397  0.028801
     spin moment: {S} , |S| = {        0.0        0.0    0.00003 }     0.00003
   scf:    6   -15038.211091   -15038.211066   -15038.218773  0.001264 -6.556665  0.032450
     spin moment: {S} , |S| = {        0.0        0.0    0.00003 }     0.00003
   scf:    7   -15038.211205   -15038.211163   -15038.218909  0.003852 -6.555345  0.023136
     spin moment: {S} , |S| = {        0.0        0.0    0.00003 }     0.00003
   scf:    8   -15038.211152   -15038.211157   -15038.218919  0.000667 -6.555132  0.028717
     spin moment: {S} , |S| = {        0.0        0.0    0.00003 }     0.00003
   scf:    9   -15038.211206   -15038.211180   -15038.218987  0.001207 -6.555609  0.015012
     spin moment: {S} , |S| = {        0.0        0.0    0.00003 }     0.00003
   scf:   10   -15038.211154   -15038.211161   -15038.219026  0.001495 -6.556123  0.003301
     spin moment: {S} , |S| = {        0.0        0.0    0.00004 }     0.00004
   scf:   11   -15038.211162   -15038.211161   -15038.219028  0.000142 -6.556102  0.002694
     spin moment: {S} , |S| = {        0.0        0.0    0.00004 }     0.00004

SCF Convergence by DM criterion
max |DM_out - DM_in|         :     0.0001417074
max |H_out - H_in|      (eV) :     0.0026936515
SCF cycle converged after 11 iterations

Using DM_out to compute the final energy and forces
No. of atoms with KB's overlaping orbs in proc 0. Max # of overlaps:      82     683

siesta: E_KS(eV) =           -15038.2112

siesta: Atomic forces (eV/Ang):
     1   -0.213997   -0.000002    0.000000
     2   -0.214142    0.000004    0.000011
     3    0.210138   -0.000002   -0.000005
     4    0.209998   -0.000001   -0.000006
----------------------------------------
   Tot   -0.008003   -0.000001    0.000000
----------------------------------------
   Max    0.214142
   Res    0.122443    sqrt( Sum f_i^2 / 3N )
----------------------------------------
   Max    0.214142    constrained

Stress tensor Voigt[x,y,z,yz,xz,xy] (kbar):      -11.03      -24.27      -36.21        0.00        0.00        0.00
(Free)E + p*V (eV/cell)   -15037.5542
Target enthalpy (eV/cell)   -15038.2190

siesta: Stress tensor (static) (eV/Ang**3):
        -0.006887    0.000000    0.000000
         0.000000   -0.015145    0.000000
         0.000000    0.000000   -0.022603

siesta: Pressure (static):         23.83740943  kBar

siesta: Stress tensor (total) (eV/Ang**3):
        -0.006887    0.000000    0.000000
         0.000000   -0.015145    0.000000
         0.000000    0.000000   -0.022603

siesta: Pressure (total):         23.83740943  kBar

                     ====================================
                        Begin CG opt. move =      7
                     ====================================
k-point displ. along   2 input, could be:     0.00    0.50
k-point displ. along   3 input, could be:     0.00    0.50
 Kpoints in:           48 . Kpoints trimmed:           44

siesta: k-grid: Number of k-points = 44
siesta: k-points from Monkhorst-Pack grid
siesta: k-cutoff (effective) =     6.913 Ang
siesta: k-point supercell and displacements
siesta: k-grid:     3     0     0      0.000
siesta: k-grid:     0     6     0      0.000
siesta: k-grid:     0     0     4      0.000

superc: Internal auxiliary supercell:     5 x     9 x     7  =     315
superc: Number of atoms, orbitals, and projectors:   1260  31500  22680

outcell: Unit cell vectors (Ang):
        5.039652    0.000000    0.000000
        0.000000    2.590202    0.000000
        0.000000    0.000000    3.456332

outcell: Cell vector modules (Ang)   :    5.039652    2.590202    3.456332
outcell: Cell angles (23,13,12) (deg):     90.0000     90.0000     90.0000
outcell: Cell volume (Ang**3)        :     45.1180
<dSpData1D:S at geom step 7
  <sparsity:sparsity for geom step 7
    nrows_g=100 nrows=4 sparsity=1.1622 nnzs=11622, refcount: 7>
  <dData1D:(new from dSpData1D) n=11622, refcount: 1>
refcount: 1>
new_DM -- step:     8
Re-using DM from previous geometries...
Number of DMs in history: 1
 DM extrapolation coefficients: 
1   1.00000
New DM after history re-use:
<dSpData2D:SpM extrapolated using coords
  <sparsity:sparsity for geom step 7
    nrows_g=100 nrows=4 sparsity=1.1622 nnzs=11622, refcount: 9>
  <dData2D:(temp array for extrapolation) n=11622 m=2, refcount: 1>
refcount: 1>
No. of atoms with KB's overlaping orbs in proc 0. Max # of overlaps:      82     683

InitMesh: MESH = 54 x 30 x 40 = 64800
InitMesh: Mesh cutoff (required, used) =   300.000   317.313 Ry
New grid distribution [1]: sub = 2
New grid distribution [2]: sub = 2
New grid distribution [3]: sub = 2
Setting up quadratic distribution...

        iscf     Eharris(eV)        E_KS(eV)     FreeEng(eV)     dDmax    Ef(eV) dHmax(eV)
   scf:    1   -15038.557104   -15038.208407   -15038.216147  0.161849 -6.537522  0.439036
     spin moment: {S} , |S| = {        0.0        0.0    0.00003 }     0.00003
   scf:    2   -15030.910070   -15035.831592   -15035.842569  0.201212 -6.467647  5.922342
     spin moment: {S} , |S| = {        0.0        0.0    0.00016 }     0.00016
   scf:    3   -15038.352631   -15038.220714   -15038.228273  0.189854 -6.532817  0.064605
     spin moment: {S} , |S| = {        0.0        0.0    0.00003 }     0.00003
   scf:    4   -15038.221067   -15038.220967   -15038.228501  0.001325 -6.532037  0.018448
     spin moment: {S} , |S| = {        0.0        0.0    0.00003 }     0.00003
   scf:    5   -15038.221360   -15038.221163   -15038.228643  0.004272 -6.530615  0.010040
     spin moment: {S} , |S| = {        0.0        0.0    0.00003 }     0.00003
   scf:    6   -15038.221219   -15038.221192   -15038.228657  0.001014 -6.530460  0.014407
     spin moment: {S} , |S| = {        0.0        0.0    0.00003 }     0.00003
   scf:    7   -15038.221307   -15038.221251   -15038.228686  0.000944 -6.530453  0.005746
     spin moment: {S} , |S| = {        0.0        0.0    0.00002 }     0.00002
   scf:    8   -15038.221364   -15038.221309   -15038.228700  0.001186 -6.530446  0.011990
     spin moment: {S} , |S| = {        0.0        0.0    0.00002 }     0.00002
   scf:    9   -15038.221361   -15038.221334   -15038.228708  0.000439 -6.530398  0.012032
     spin moment: {S} , |S| = {        0.0        0.0    0.00002 }     0.00002

SCF Convergence by DM criterion
max |DM_out - DM_in|         :     0.0004389215
max |H_out - H_in|      (eV) :     0.0120322844
SCF cycle converged after 9 iterations

Using DM_out to compute the final energy and forces
No. of atoms with KB's overlaping orbs in proc 0. Max # of overlaps:      82     683

siesta: E_KS(eV) =           -15038.2213

siesta: Atomic forces (eV/Ang):
     1   -0.036967   -0.000001    0.000002
     2   -0.036992    0.000002    0.000003
     3    0.037131    0.000001   -0.000000
     4    0.037058    0.000000   -0.000003
----------------------------------------
   Tot    0.000230    0.000002    0.000002
----------------------------------------
   Max    0.037131
   Res    0.021383    sqrt( Sum f_i^2 / 3N )
----------------------------------------
   Max    0.037131    constrained

Stress tensor Voigt[x,y,z,yz,xz,xy] (kbar):      -10.25        0.37        2.30       -0.00        0.00        0.00
(Free)E + p*V (eV/cell)   -15038.1575
Target enthalpy (eV/cell)   -15038.2287

siesta: Stress tensor (static) (eV/Ang**3):
        -0.006401    0.000000    0.000000
         0.000000    0.000232   -0.000000
         0.000000   -0.000000    0.001434

siesta: Pressure (static):          2.52807224  kBar

siesta: Stress tensor (total) (eV/Ang**3):
        -0.006401    0.000000    0.000000
         0.000000    0.000232   -0.000000
         0.000000   -0.000000    0.001434

siesta: Pressure (total):          2.52807224  kBar

cgvc: Finished line minimization    3.  Mean atomic displacement =    0.0370

                     ====================================
                        Begin CG opt. move =      8
                     ====================================
k-point displ. along   2 input, could be:     0.00    0.50
k-point displ. along   3 input, could be:     0.00    0.50
 Kpoints in:           48 . Kpoints trimmed:           44

siesta: k-grid: Number of k-points = 44
siesta: k-points from Monkhorst-Pack grid
siesta: k-cutoff (effective) =     6.882 Ang
siesta: k-point supercell and displacements
siesta: k-grid:     3     0     0      0.000
siesta: k-grid:     0     6     0      0.000
siesta: k-grid:     0     0     4      0.000

superc: Internal auxiliary supercell:     5 x     9 x     7  =     315
superc: Number of atoms, orbitals, and projectors:   1260  31500  22680

outcell: Unit cell vectors (Ang):
        5.066245    0.000000   -0.000000
        0.000000    2.589092    0.000000
       -0.000000    0.000000    3.441075

outcell: Cell vector modules (Ang)   :    5.066245    2.589092    3.441075
outcell: Cell angles (23,13,12) (deg):     90.0000     90.0000     90.0000
outcell: Cell volume (Ang**3)        :     45.1365
<dSpData1D:S at geom step 8
  <sparsity:sparsity for geom step 8
    nrows_g=100 nrows=4 sparsity=1.1602 nnzs=11602, refcount: 7>
  <dData1D:(new from dSpData1D) n=11602, refcount: 1>
refcount: 1>
new_DM -- step:     9
Re-using DM from previous geometries...
Number of DMs in history: 1
 DM extrapolation coefficients: 
1   1.00000
New DM after history re-use:
<dSpData2D:SpM extrapolated using coords
  <sparsity:sparsity for geom step 8
    nrows_g=100 nrows=4 sparsity=1.1602 nnzs=11602, refcount: 9>
  <dData2D:(temp array for extrapolation) n=11602 m=2, refcount: 1>
refcount: 1>
No. of atoms with KB's overlaping orbs in proc 0. Max # of overlaps:      82     683

InitMesh: MESH = 54 x 30 x 36 = 58320
InitMesh: Mesh cutoff (required, used) =   300.000   302.495 Ry
New grid distribution [1]: sub = 2
New grid distribution [2]: sub = 2
New grid distribution [3]: sub = 2
Setting up quadratic distribution...

        iscf     Eharris(eV)        E_KS(eV)     FreeEng(eV)     dDmax    Ef(eV) dHmax(eV)
   scf:    1   -15038.272333   -15038.222605   -15038.229797  0.070801 -6.533605  0.100990
     spin moment: {S} , |S| = {        0.0        0.0    0.00001 }     0.00001
   scf:    2   -15038.058402   -15038.169646   -15038.176661  0.035154 -6.512142  0.949622
     spin moment: {S} , |S| = {        0.0        0.0   -0.00002 }    -0.00002
   scf:    3   -15038.226884   -15038.223081   -15038.230245  0.032255 -6.531317  0.020742
     spin moment: {S} , |S| = {        0.0        0.0    0.00001 }     0.00001
   scf:    4   -15038.223261   -15038.223174   -15038.230332  0.003875 -6.529233  0.010296
     spin moment: {S} , |S| = {        0.0        0.0    0.00001 }     0.00001
   scf:    5   -15038.223227   -15038.223200   -15038.230357  0.001223 -6.528761  0.008524
     spin moment: {S} , |S| = {        0.0        0.0    0.00000 }     0.00000
   scf:    6   -15038.223290   -15038.223244   -15038.230395  0.001272 -6.528803  0.008024
     spin moment: {S} , |S| = {        0.0        0.0    0.00000 }     0.00000
   scf:    7   -15038.223371   -15038.223302   -15038.230440  0.002359 -6.528834  0.004949
     spin moment: {S} , |S| = {        0.0        0.0    0.00000 }     0.00000
   scf:    8   -15038.223326   -15038.223313   -15038.230449  0.000293 -6.528787  0.004554
     spin moment: {S} , |S| = {        0.0        0.0    0.00000 }     0.00000

SCF Convergence by DM criterion
max |DM_out - DM_in|         :     0.0002933497
max |H_out - H_in|      (eV) :     0.0045543778
SCF cycle converged after 8 iterations

Using DM_out to compute the final energy and forces
No. of atoms with KB's overlaping orbs in proc 0. Max # of overlaps:      82     683

siesta: E_KS(eV) =           -15038.2233

siesta: Atomic forces (eV/Ang):
     1    0.068515   -0.000000   -0.000007
     2    0.068552    0.000001   -0.000010
     3   -0.070010   -0.000001    0.000008
     4   -0.069798   -0.000000    0.000013
----------------------------------------
   Tot   -0.002741   -0.000001    0.000004
----------------------------------------
   Max    0.070010
   Res    0.039965    sqrt( Sum f_i^2 / 3N )
----------------------------------------
   Max    0.070010    constrained

Stress tensor Voigt[x,y,z,yz,xz,xy] (kbar):       -0.02       -4.89       -3.83        0.00        0.00        0.00
(Free)E + p*V (eV/cell)   -15038.1484
Target enthalpy (eV/cell)   -15038.2304

siesta: Stress tensor (static) (eV/Ang**3):
        -0.000015    0.000000   -0.000000
         0.000000   -0.003051    0.000000
         0.000000    0.000000   -0.002388

siesta: Pressure (static):          2.91296296  kBar

siesta: Stress tensor (total) (eV/Ang**3):
        -0.000015    0.000000   -0.000000
         0.000000   -0.003051    0.000000
         0.000000    0.000000   -0.002388

siesta: Pressure (total):          2.91296296  kBar

                     ====================================
                        Begin CG opt. move =      9
                     ====================================
k-point displ. along   2 input, could be:     0.00    0.50
k-point displ. along   3 input, could be:     0.00    0.50
 Kpoints in:           48 . Kpoints trimmed:           44

siesta: k-grid: Number of k-points = 44
siesta: k-points from Monkhorst-Pack grid
siesta: k-cutoff (effective) =     6.897 Ang
siesta: k-point supercell and displacements
siesta: k-grid:     3     0     0      0.000
siesta: k-grid:     0     6     0      0.000
siesta: k-grid:     0     0     4      0.000

superc: Internal auxiliary supercell:     5 x     9 x     7  =     315
superc: Number of atoms, orbitals, and projectors:   1260  31500  22680

outcell: Unit cell vectors (Ang):
        5.053110    0.000000   -0.000000
        0.000000    2.589640    0.000000
       -0.000000    0.000000    3.448611

outcell: Cell vector modules (Ang)   :    5.053110    2.589640    3.448611
outcell: Cell angles (23,13,12) (deg):     90.0000     90.0000     90.0000
outcell: Cell volume (Ang**3)        :     45.1276
<dSpData1D:S at geom step 9
  <sparsity:sparsity for geom step 9
    nrows_g=100 nrows=4 sparsity=1.1622 nnzs=11622, refcount: 7>
  <dData1D:(new from dSpData1D) n=11622, refcount: 1>
refcount: 1>
new_DM -- step:    10
Re-using DM from previous geometries...
Number of DMs in history: 1
 DM extrapolation coefficients: 
1   1.00000
New DM after history re-use:
<dSpData2D:SpM extrapolated using coords
  <sparsity:sparsity for geom step 9
    nrows_g=100 nrows=4 sparsity=1.1622 nnzs=11622, refcount: 9>
  <dData2D:(temp array for extrapolation) n=11622 m=2, refcount: 1>
refcount: 1>
No. of atoms with KB's overlaping orbs in proc 0. Max # of overlaps:      82     683

InitMesh: MESH = 54 x 30 x 36 = 58320
InitMesh: Mesh cutoff (required, used) =   300.000   301.175 Ry
New grid distribution [1]: sub = 2
New grid distribution [2]: sub = 2
New grid distribution [3]: sub = 2
Setting up quadratic distribution...

        iscf     Eharris(eV)        E_KS(eV)     FreeEng(eV)     dDmax    Ef(eV) dHmax(eV)
   scf:    1   -15038.199187   -15038.223874   -15038.231096  0.034917 -6.527509  0.032817
     spin moment: {S} , |S| = {        0.0        0.0    0.00000 }     0.00000
   scf:    2   -15038.199095   -15038.215907   -15038.223037  0.011029 -6.529526  0.339232
     spin moment: {S} , |S| = {        0.0        0.0    0.00002 }     0.00002
   scf:    3   -15038.224473   -15038.223951   -15038.231165  0.010155 -6.527994  0.008153
     spin moment: {S} , |S| = {        0.0        0.0    0.00000 }     0.00000
   scf:    4   -15038.223967   -15038.223960   -15038.231174  0.001695 -6.529063  0.003906
     spin moment: {S} , |S| = {        0.0        0.0    0.00000 }     0.00000
   scf:    5   -15038.223962   -15038.223961   -15038.231176  0.000490 -6.529296  0.002427
     spin moment: {S} , |S| = {        0.0        0.0    0.00000 }     0.00000

SCF Convergence by DM criterion
max |DM_out - DM_in|         :     0.0004904005
max |H_out - H_in|      (eV) :     0.0024268633
SCF cycle converged after 5 iterations

Using DM_out to compute the final energy and forces
No. of atoms with KB's overlaping orbs in proc 0. Max # of overlaps:      82     683

siesta: E_KS(eV) =           -15038.2240

siesta: Atomic forces (eV/Ang):
     1    0.013750   -0.000000   -0.000010
     2    0.013719    0.000001   -0.000003
     3   -0.009263   -0.000002    0.000002
     4   -0.009159    0.000001    0.000006
----------------------------------------
   Tot    0.009047   -0.000000   -0.000005
----------------------------------------
   Max    0.013750
   Res    0.006751    sqrt( Sum f_i^2 / 3N )
----------------------------------------
   Max    0.013750    constrained

Stress tensor Voigt[x,y,z,yz,xz,xy] (kbar):       -5.50       -2.33       -0.82       -0.00        0.00        0.00
(Free)E + p*V (eV/cell)   -15038.1500
Target enthalpy (eV/cell)   -15038.2312

siesta: Stress tensor (static) (eV/Ang**3):
        -0.003432    0.000000    0.000000
         0.000000   -0.001452   -0.000000
         0.000000   -0.000000   -0.000509

siesta: Pressure (static):          2.88044228  kBar

siesta: Stress tensor (total) (eV/Ang**3):
        -0.003432    0.000000    0.000000
         0.000000   -0.001452   -0.000000
         0.000000   -0.000000   -0.000509

siesta: Pressure (total):          2.88044228  kBar

outcoor: Relaxed atomic coordinates (fractional):           
   -0.00007552    0.00000000    0.00000012   1       1  Ni
    0.49992474    0.00000001    0.00000002   1       2  Ni
    0.25028154    0.50000010    0.49999999   2       3  Mn
    0.75028014    0.49999999    0.49999989   2       4  Mn

outcell: Unit cell vectors (Ang):
        5.053110    0.000000   -0.000000
        0.000000    2.589640    0.000000
       -0.000000    0.000000    3.448611

outcell: Cell vector modules (Ang)   :    5.053110    2.589640    3.448611
outcell: Cell angles (23,13,12) (deg):     90.0000     90.0000     90.0000
outcell: Cell volume (Ang**3)        :     45.1276

coxmol: Writing XMOL coordinates into file hea.xyz                                                                                                                                                                                                                             
Writing WFSX for COOP/COHP in hea.fullBZ.WFSX

diag: Algorithm                                     = D&C
diag: Parallel over k                               =   F
diag: Use parallel 2D distribution                  =   T
diag: Parallel block-size                           = 2
diag: Parallel distribution                         =     6 x     8
diag: Used triangular part                          = Lower
diag: Absolute tolerance                            =  0.100E-15
diag: Orthogonalization factor                      =  0.100E-05
diag: Memory factor                                 =  1.0000

diag: Algorithm                                     = D&C
diag: Parallel over k                               =   F
diag: Use parallel 2D distribution                  =   T
diag: Parallel block-size                           = 2
diag: Parallel distribution                         =     6 x     8
diag: Used triangular part                          = Lower
diag: Absolute tolerance                            =  0.100E-15
diag: Orthogonalization factor                      =  0.100E-05
diag: Memory factor                                 =  1.0000

siesta: PDOS info
siesta: E1 -- E2, sigma [eV], nhist:  -20.000 --   20.000    0.100 1000

diag: Algorithm                                     = D&C
diag: Parallel over k                               =   F
diag: Use parallel 2D distribution                  =   T
diag: Parallel block-size                           = 2
diag: Parallel distribution                         =     6 x     8
diag: Used triangular part                          = Lower
diag: Absolute tolerance                            =  0.100E-15
diag: Orthogonalization factor                      =  0.100E-05
diag: Memory factor                                 =  1.0000

siesta: Program's energy decomposition (eV):
siesta: Ebs     =     -2579.395733
siesta: Eions   =     19598.671028
siesta: Ena     =      1573.750733
siesta: Ekin    =      6910.320848
siesta: Enl     =     -1825.564696
siesta: Eso     =         0.000000
siesta: Edftu   =         0.000000
siesta: DEna    =        42.933097
siesta: DUscf   =         0.539377
siesta: DUext   =         0.000000
siesta: Ex      =     -2018.810371
siesta: Ec      =      -122.721922
siesta: Exc     =     -2141.532293
siesta: EbV     =         0.000000
siesta: eta*DQ  =         0.000000
siesta: Emadel  =         0.000000
siesta: Emeta   =         0.000000
siesta: Emolmec =         0.000000
siesta: Ekinion =         0.000000
siesta: Eharris =    -15038.223962
siesta: Etot    =    -15038.223961
siesta: FreeEng =    -15038.231176

siesta: Final energy (eV):
siesta:  Band Struct. =   -2579.395733
siesta:       Kinetic =    6910.320848
siesta:       Hartree =    3919.850820
siesta:         Edftu =       0.000000
siesta:       Eso     =       0.000000
siesta:    Ext. field =       0.000000
siesta:         Exch. =   -2018.810371
siesta:         Corr. =    -122.721922
siesta:     Bulk bias =       0.000000
siesta:   Exch.-corr. =   -2141.532293
siesta:  Ion-electron =  -15250.572156
siesta:       Ion-ion =   -8476.291180
siesta:       Ekinion =       0.000000
siesta: D3 dispersion =       0.000000
siesta:         Total =  -15038.223961
siesta:         Fermi =      -6.529296

siesta: Stress tensor (static) (eV/Ang**3):
siesta:    -0.003432    0.000000    0.000000
siesta:     0.000000   -0.001452   -0.000000
siesta:     0.000000   -0.000000   -0.000509

siesta: Constrained stress tensor (static) (eV/Ang**3):
siesta:    -0.003432    0.000000    0.000000
siesta:     0.000000   -0.001452   -0.000000
siesta:     0.000000   -0.000000   -0.000509

siesta: Cell volume =         45.127612 Ang**3

siesta: Pressure (static):
siesta:                Solid            Molecule  Units
siesta:           0.00001958          0.00002191  Ry/Bohr**3
siesta:           0.00179783          0.00201145  eV/Ang**3
siesta:           2.88044228          3.22269452  kBar
(Free)E+ p_basis*V_orbitals  =      -15025.914389
(Free)Eharris+ p_basis*V_orbitals  =      -15025.914390

mulliken: Atomic and Orbital Populations:

mulliken: Spin UP 

Species: Ni                  
Atom  Qatom  Qorb
               3s      4s      4s      4s      3py     3pz     3px     4py     
               4pz     4px     3dxy    3dyz    3dz2    3dxz    3dx2-y2 3dxy    
               3dyz    3dz2    3dxz    3dx2-y2 3dxy    3dyz    3dz2    3dxz    
               3dx2-y2 
   1  8.889   0.983  -0.416   0.090   0.325   0.998   0.998   0.998   0.185
              0.192   0.200   1.151   1.189   1.112   1.160   1.097  -0.063

             -0.066  -0.061  -0.064  -0.051  -0.180  -0.242  -0.190  -0.237

             -0.217
   2  8.895   0.983  -0.414   0.090   0.324   0.998   0.998   0.998   0.184
              0.192   0.200   1.151   1.189   1.114   1.161   1.098  -0.063

             -0.066  -0.061  -0.064  -0.051  -0.180  -0.242  -0.190  -0.237

             -0.218

Species: Mn                  
Atom  Qatom  Qorb
               3s      4s      4s      4s      3py     3pz     3px     4py     
               4pz     4px     3dxy    3dyz    3dz2    3dxz    3dx2-y2 3dxy    
               3dyz    3dz2    3dxz    3dx2-y2 3dxy    3dyz    3dz2    3dxz    
               3dx2-y2 
   3  9.324   1.006   0.286   0.042  -0.083   0.995   0.995   0.995   0.201
              0.182   0.204   1.279   1.403   1.204   1.383   1.360  -0.066

             -0.088  -0.051  -0.090  -0.102  -0.322  -0.401  -0.248  -0.393

             -0.367
   4  5.891   0.974   0.492   0.018  -0.245   0.993   0.993   0.992   0.131
              0.131   0.116   0.336   0.668   0.189   0.571   0.443  -0.030

             -0.062  -0.025  -0.050  -0.041  -0.084  -0.248  -0.015  -0.215

             -0.138

mulliken: Qtot =       33.000

mulliken: Spin DOWN 

Species: Ni                  
Atom  Qatom  Qorb
               3s      4s      4s      4s      3py     3pz     3px     4py     
               4pz     4px     3dxy    3dyz    3dz2    3dxz    3dx2-y2 3dxy    
               3dyz    3dz2    3dxz    3dx2-y2 3dxy    3dyz    3dz2    3dxz    
               3dx2-y2 
   1  8.895   0.983  -0.414   0.089   0.324   0.998   0.998   0.998   0.184
              0.192   0.200   1.151   1.189   1.114   1.161   1.098  -0.063

             -0.066  -0.061  -0.064  -0.051  -0.180  -0.242  -0.190  -0.237

             -0.218
   2  8.889   0.983  -0.416   0.090   0.325   0.998   0.998   0.998   0.185
              0.192   0.200   1.151   1.189   1.112   1.160   1.097  -0.063

             -0.066  -0.061  -0.064  -0.051  -0.180  -0.242  -0.190  -0.237

             -0.217

Species: Mn                  
Atom  Qatom  Qorb
               3s      4s      4s      4s      3py     3pz     3px     4py     
               4pz     4px     3dxy    3dyz    3dz2    3dxz    3dx2-y2 3dxy    
               3dyz    3dz2    3dxz    3dx2-y2 3dxy    3dyz    3dz2    3dxz    
               3dx2-y2 
   3  5.891   0.974   0.492   0.018  -0.245   0.993   0.993   0.992   0.131
              0.131   0.116   0.336   0.668   0.189   0.571   0.443  -0.030

             -0.062  -0.025  -0.050  -0.041  -0.084  -0.248  -0.015  -0.215

             -0.138
   4  9.324   1.006   0.286   0.042  -0.083   0.995   0.995   0.995   0.201
              0.182   0.204   1.279   1.403   1.204   1.383   1.360  -0.066

             -0.088  -0.051  -0.090  -0.102  -0.322  -0.401  -0.248  -0.393

             -0.367

mulliken: Qtot =       33.000

Mulliken Atomic Populations:
Atom #   charge [q] valence [e]      Sz [e]  Species
     1     0.215430   17.784570   -0.005805  Ni
     2     0.215438   17.784562    0.005807  Ni
     3    -0.215434   15.215434    3.432841  Mn
     4    -0.215434   15.215434   -3.432839  Mn
-------------------------------------------
 Total    -0.000000                0.000003

cite: Please indicate the Siesta version in published work: 5.2.2
cite: This calculation has made use of features in the following articles
cite: which we encourage you to cite in published work.
cite: (Please see "hea.bib" for a BibTeX file.)
        Primary SIESTA paper
          DOI: www.doi.org/10.1088/0953-8984/14/11/302
        PSML pseudopotential format
          DOI: www.doi.org/10.1016/j.cpc.2018.02.011


>> End of run:  30-JUL-2025  21:13:44
Job completed
