Executable      : /home/users/felipegc/woltsoft/SIESTA/siesta-5.2.2/build/bin/siesta
Version         : 5.2.2
Architecture    : x86_64
Compiler version: GNU-9.3.0
Compiler flags  : -O3 -march=native
Parallelisations: MPI
Lua support
Native ELPA support
ELSI support. Solvers:
   ELPA (internal) 
   NTPoly
   OMM
DFT-D3 support
Wannier90 wrapper support

Runtime information:
* Directory : /home/users/felipegc/MnGaNi/top/structure_calc_156
* Running on 24 nodes in parallel.
>> Start of run:  18-JUN-2025  10:25:38

                           *********************** 
                           *  WELCOME TO SIESTA  * 
                           *********************** 

 NOTE: Siesta V5 introduces some new defaults for basis-set generation
 NOTE: which might lead to slightly different numerical results.
 NOTE: Please see the manual for full details and compatibility measures.


reinit: Reading from standard input
reinit: Dumping input in INPUT_TMP.90845
************************** Dump of input data file ****************************
SystemName          hea
SystemLabel         hea
Reparametrize.Pseudos T
Restricted.Radial.Grid F
%include atoms.fdf
MaxSCFIterations     20000
SCF.Mix              Hamiltonian
SCF.Mixer.Method     Broyden
#SCF.Mixer.Variant    original #Pulay original
SCF.Mixer.History    8
SCF.Mixer.Weight     0.07
SCF.H.Converge       False
SCF.DM.Converge      True
SCF.DM.Tolerance     5.d-4
SCF.H.Tolerance      5.d-3 eV
MeshCutoff 300.0 Ry
MD.UseSaveCG         False
DM.UseSaveDM         False
NumberOfEigenStates -20
ElectronicTemperature 300 K
WriteCoorXmol        True
XC.Functional     GGA
XC.authors        PBEsol
SpinPolarized      True
SolutionMethod       diagon
#Diag.Algorithm        MRRR
###################################
###################################
# Full template for Basis param.
###################################
###################################
Basis.Pressure 0.3 GPa
PAO.SoftDefault T
PAO.SoftPotential 50.0 Ry
PAO.SoftInnerRadius 0.70
PAO.BasisType split
PAO.EnergyShift 0.0019 eV
PAO.BasisSize TZP
PAO.SplitTailNorm T
            %block kgrid_Monkhorst_Pack
            6  0  0  0.
            0  3  0  0.
            0  0  2  0.
            %endblock kgrid_Monkhorst_Pack
            MD.TypeOfRun CG
            MD.Steps         500
            MD.VariableCell true
            MD.MaxForceTol 0.05 eV/Ang
            WriteMDHistory true
            WriteForces true
            Write.OrbitalIndex true
            Charge.Mulliken end
            COOP.Write true
            %block ProjectedDensityOfStates
            -20.00 20.00 0.1 1000 eV
            %endblock ProjectedDensityOfStates
************************** End of input data file *****************************

reinit: -----------------------------------------------------------------------
reinit: System Name: hea
reinit: -----------------------------------------------------------------------
reinit: System Label: hea
reinit: -----------------------------------------------------------------------

NOTE on units for spin output: 
{S} is the spin magnetic moment, in units of the Bohr magneton,
assuming a g-factor for the electron spin of exactly 2.
The spin magnetic moment is then numerically equal to the charge inbalance,
in units of electrons, between the spin-up and -down channels.


initatom: Reading input for the pseudopotentials and atomic orbitals ----------
Species number:   1 Atomic number:   25 Label: Mn

Ground state valence configuration (from tables):   4s02  4p00  3d05  4f00

---- Processing specs for species: Mn
Reading pseudopotential information in PSML from:
  Mn.psml
PSML file version: 1.1
Using libxc ids:  101 130
GGA--PBE XC_GGA_X_PBE--XC_GGA_C_PBE pb
PSML uuid: e5ebd880-be41-11e7-659b-074ddfc7bd15
Semicore shell(s) with  8 electrons included in the valence for Mn

---- Pseudopotential check for Mn

Pseudized shells:
3s( 2.00) rc: 1.41
3p( 6.00) rc: 1.21
3d( 5.00) rc: 1.61
Valence configuration for ps generation: 3s:3p:3d:4s: Total charge:  15.000000
Semicore shell(s): 3s 3p
Fallback to non-perturbative polarization scheme for Mn
Please see the manual if this is not desired in principle
For Mn, standard SIESTA heuristics set lmxkb to 3
 (one more than the basis l, including polarization orbitals).
Use PS.lmax or PS.KBprojectors blocks to override.
Mn pseudopotential only contains V_ls up to l=2 -- lmxkb reset.

<basis_specs>
===============================================================================
Mn                   Z=  25    Mass=  54.938        Charge= 0.17977+309
Lmxo=2 Lmxkb= 2    BasisType=split      Semic=T
L=0  Nsemic=1  Cnfigmx=4
          i=1  nzeta=1  polorb=0  (3s)  (semicore shell)
            splnorm:   0.15000    
               vcte:    50.000    
               rinn:  -0.70000    
               qcoe:    0.0000    
               qyuk:    0.0000    
               qwid:   0.10000E-01
                rcs:    0.0000    
            lambdas:    1.0000    
          i=2  nzeta=3  polorb=0  (4s)  (to be polarized non-perturbatively)
            splnorm:   0.15000    
               vcte:    50.000    
               rinn:  -0.70000    
               qcoe:    0.0000    
               qyuk:    0.0000    
               qwid:   0.10000E-01
                rcs:    0.0000      0.0000      0.0000    
            lambdas:    1.0000      1.0000      1.0000    
L=1  Nsemic=1  Cnfigmx=4
          i=1  nzeta=1  polorb=0  (3p)  (semicore shell)
            splnorm:   0.15000    
               vcte:    50.000    
               rinn:  -0.70000    
               qcoe:    0.0000    
               qyuk:    0.0000    
               qwid:   0.10000E-01
                rcs:    0.0000    
            lambdas:    1.0000    
          i=2  nzeta=1  polorb=0  (4p)  (non-perturbative polarization shell)
            splnorm:   0.15000    
               vcte:    50.000    
               rinn:  -0.70000    
               qcoe:   0.44166-315
               qyuk:    0.0000    
               qwid:   0.69529-309
                rcs:    0.0000    
            lambdas:    1.0000    
L=2  Nsemic=0  Cnfigmx=3
          i=1  nzeta=3  polorb=0  (3d)
            splnorm:   0.15000    
               vcte:    50.000    
               rinn:  -0.70000    
               qcoe:    0.0000    
               qyuk:    0.0000    
               qwid:   0.10000E-01
                rcs:    0.0000      0.0000      0.0000    
            lambdas:    1.0000      1.0000      1.0000    
-------------------------------------------------------------------------------
L=0  Nkbl=2  erefs: 0.17977+309 0.17977+309
L=1  Nkbl=2  erefs: 0.17977+309 0.17977+309
L=2  Nkbl=1  erefs: 0.17977+309
===============================================================================
</basis_specs>

Using PAO.SplitTailNorm
atom: Called for Mn                    (Z =  25)
Maximum radius (at nrval) set to   50.00000 8518

read_vps: Pseudopotential generation method:
read_vps: ONCVPSP-3.Hamann's oncvpsp                        
Valence charge in pseudo generation:   15.00000

read_vps: Pseudopotential includes a core correction:
read_vps: Pseudo-core for xc-correction

xc_check: Exchange-correlation functional:
xc_check: GGA PBEsol
xc_check: WARNING: Pseudopotential generated with GGA PBE functional
Got Vlocal (oncv-fit) from psml data
Choosing vlocal chloc cutoff:  3.504263
qtot up to nchloc:   15.00032895
atom: Maximum radius for chlocal:    3.50426
atom: Maximum radius for r*vlocal+2*Zval:    3.50426
Reading KB projs from Mn psml data
Using scalar-relativistic projectors in PSML file

PSML: Kleinman-Bylander projectors: 
   l= 0   rc=  1.427391   Ekb= 18.471374
   l= 0   rc=  1.430269   Ekb=  3.121111
   l= 1   rc=  1.224702   Ekb=  3.156115
   l= 1   rc=  1.224702   Ekb= -1.424352
   l= 2   rc=  1.630219   Ekb=-13.224142
   l= 2   rc=  1.630219   Ekb= -4.330632

PSML: Total number of  Kleinman-Bylander projectors:  18
atom: -------------------------------------------------------------------------

atom: SANKEY-TYPE ORBITALS:
atom: Selected multiple-zeta basis: split     

SPLIT: Orbitals with angular momentum L= 0

SPLIT: Basis orbitals for state 3s

SPLIT: PAO cut-off radius determined from an
SPLIT: energy shift=  0.000140 Ry
Split based on tail norm

   izeta = 1
                 lambda =    1.000000
                     rc =    3.380000
                 energy =   -6.293298
                kinetic =    2.848567
    potential(screened) =   -9.141865
       potential(ionic) =  -33.519753

SPLIT: Basis orbitals for state 4s

SPLIT: PAO cut-off radius determined from an
SPLIT: energy shift=  0.000140 Ry
Split based on tail norm

   izeta = 1
                 lambda =    1.000000
                     rc =   10.002455
                 energy =   -0.450676
                kinetic =    1.112603
    potential(screened) =   -1.563278
       potential(ionic) =  -13.199632

   izeta = 2
                 rmatch =    5.430276
              splitnorm =    0.150000
                 energy =   -0.360834
                kinetic =    1.875764
    potential(screened) =   -2.236598
       potential(ionic) =  -15.982656

   izeta = 3
                 rmatch =    6.342382
              splitnorm =    0.075000
                 energy =   -0.415048
                kinetic =    1.529261
    potential(screened) =   -1.944310
       potential(ionic) =  -14.865309

SPLIT: Orbitals with angular momentum L= 1

SPLIT: Basis orbitals for state 3p

SPLIT: PAO cut-off radius determined from an
SPLIT: energy shift=  0.000140 Ry
Split based on tail norm

   izeta = 1
                 lambda =    1.000000
                     rc =    3.873861
                 energy =   -3.996757
                kinetic =    6.976018
    potential(screened) =  -10.972775
       potential(ionic) =  -34.563053

SPLIT: Basis orbitals for state 4p
SPLIT: Non-perturbative polarization orbs for state 4s
SPLIT: rc(1st zeta) (re)set to: 10.0025 (expansion factor: 1.0000)
Split based on tail norm

   izeta = 1
                 lambda =    1.000000
                     rc =   10.002455
                 energy =   -0.085879
                kinetic =    0.770317
    potential(screened) =   -0.856196
       potential(ionic) =   -9.409918

SPLIT: Orbitals with angular momentum L= 2

SPLIT: Basis orbitals for state 3d

SPLIT: PAO cut-off radius determined from an
SPLIT: energy shift=  0.000140 Ry
Split based on tail norm

   izeta = 1
                 lambda =    1.000000
                     rc =    7.238756
                 energy =   -0.490123
                kinetic =    9.261574
    potential(screened) =   -9.751697
       potential(ionic) =  -30.334327

   izeta = 2
                 rmatch =    3.144499
              splitnorm =    0.150000
                 energy =   -0.401801
                kinetic =   11.021778
    potential(screened) =  -11.423579
       potential(ionic) =  -33.555539

   izeta = 3
                 rmatch =    3.972182
              splitnorm =    0.075000
                 energy =   -0.464167
                kinetic =   10.072383
    potential(screened) =  -10.536551
       potential(ionic) =  -31.940836
atom: Total number of Sankey-type orbitals: 25

atm_pop: Valence configuration (for local Pseudopot. screening):
 3s( 2.00) 4s( 2.00)                                                  
 3p( 6.00) 4p( 0.00)                                                  
 3d( 5.00)                                                            
Vna: chval, zval:   15.00000  15.00000

Vna:  Cut-off radius for the neutral-atom potential:  10.002455
comcore: Pseudo-core radius Rcore=  2.115123

atom: _________________________________________________________________________

prinput: Basis input 

PAO.BasisType split     

%block ChemicalSpeciesLabel
    1   25 Mn                      # Species index, atomic number, species label
%endblock ChemicalSpeciesLabel

%block PAO.Basis                 # Define Basis set
# WARNING: This information might be incomplete!
Mn                    5                    # Species label, number of l-shells
 n=3   0   1                         # n, l, Nzeta 
   3.380   
   1.000   
 n=4   0   3                         # n, l, Nzeta 
  10.002      5.430      6.342   
   1.000      1.000      1.000   
 n=3   1   1                         # n, l, Nzeta 
   3.874   
   1.000   
 n=4   1   1                         # n, l, Nzeta 
  10.002   
   1.000   
 n=3   2   3                         # n, l, Nzeta 
   7.239      3.144      3.972   
   1.000      1.000      1.000   
%endblock PAO.Basis

prinput: ----------------------------------------------------------------------

coor:   Atomic-coordinates input format  =     Fractional

siesta: Atomic coordinates (Bohr) and species
siesta:      0.00000   0.00000   0.00000  1        1
siesta:      0.00000   4.70356   0.00000  1        2
siesta:      2.35178   2.35178   3.32592  1        3
siesta:      2.35178   7.05534   3.32592  1        4
siesta:      0.00000   0.00000   6.65184  1        5
siesta:      0.00000   4.70356   6.65184  1        6
siesta:      2.35178   2.35178   9.97775  1        7
siesta:      2.35178   7.05534   9.97775  1        8

siesta: System type = bulk      

initatomlists: Number of atoms, orbitals, and projectors:      8   200   144

coxmol: Writing XMOL coordinates into file hea.xyz                                                                                                                                                                                                                             

siesta: ******************** Simulation parameters ****************************
siesta:
siesta: The following are some of the parameters of the simulation.
siesta: A complete list of the parameters used, including default values,
siesta: can be found in file out.fdf
siesta:
redata: Spin configuration                          = collinear
redata: Number of spin components                   = 2
redata: Time-Reversal Symmetry                      = T
redata: Spin spiral                                 = F
redata: Long output                                 =   F
redata: Number of Atomic Species                    =        1
redata: Charge density info will appear in .RHO file
redata: Write Mulliken charges (when)               = end
redata: Write Mulliken Pop.                         = Atomic and Orbital charges
redata: Write Hirshfeld charges (when)              = none
redata: Write Voronoi charges (when)                = none
redata: Write spin charge (when)                    = scf
redata: Matel table size (NRTAB)                    =     1024
redata: Mesh Cutoff                                 =   300.0000 Ry
redata: Net charge of the system                    =     0.0000 |e|
redata: Min. number of SCF Iter                     =        0
redata: Max. number of SCF Iter                     =    20000
redata: SCF convergence failure will abort job
redata: SCF mix quantity                            = Hamiltonian
redata: Mix DM or H after convergence               =   F
redata: Recompute H after scf cycle                 =   F
redata: Mix DM in first SCF step                    =   T
redata: Write Pulay info on disk                    =   F
redata: New DM Occupancy tolerance                  = 0.000000000001
redata: No kicks to SCF
redata: DM Mixing Weight for Kicks                  =     0.5000
redata: Require Harris convergence for SCF          =   F
redata: Harris energy tolerance for SCF             =     0.000100 eV
redata: Require DM convergence for SCF              =   T
redata: DM tolerance for SCF                        =     0.000500
redata: Require EDM convergence for SCF             =   F
redata: EDM tolerance for SCF                       =     0.001000 eV
redata: Require H convergence for SCF               =   F
redata: Hamiltonian tolerance for SCF               =     0.005000 eV
redata: Require (free) Energy convergence for SCF   =   F
redata: (free) Energy tolerance for SCF             =     0.000100 eV
redata: Antiferro initial spin density              =   F
redata: Using DFT-D3 dispersion                     =   F
redata: Using Saved Data (generic)                  =   F
redata: Use continuation files for DM               =   F
redata: Neglect nonoverlap interactions             =   F
redata: Method of Calculation                       = Diagonalization
redata: Electronic Temperature                      =   300.0000 K
redata: Fix the spin of the system                  =   F
redata: Max. number of TDED Iter                    =        1
redata: Number of TDED substeps                     =        3
redata: Dynamics option                             = CG coord. optimization
redata: Variable cell                               =   T
redata: Use continuation files for CG               =   F
redata: Max atomic displ per move                   =     0.1058 Ang
redata: Maximum number of optimization moves        =      500
redata: Force tolerance                             =     0.0500 eV/Ang
redata: Stress tolerance                            =     1.0000 GPa
mix.SCF: Broyden mixing                          = Broyden
mix.SCF:    History steps                        = 8
mix.SCF:    Linear mixing weight                 =     0.070000
mix.SCF:    Inverse Jacobian weight              =     0.070000
mix.SCF:    Weight prime                         =     0.070000
mix.SCF:    SVD condition                        = 0.1000E-07
mix.SCF: Spin-component mixing                   all
redata: ***********************************************************************

%block SCF.Mixers
  Broyden
%endblock SCF.Mixers

%block SCF.Mixer.Broyden
  # Mixing method
  method broyden

  # Mixing options
  weight 0.0700
  weight.linear 0.0700
  weight.prime 0.0700
  history 8
%endblock SCF.Mixer.Broyden

DM_history_depth set to one: no extrapolation allowed by default for geometry relaxation
Size of DM history Fstack: 1
Total number of electrons:   120.000000
Total ionic charge:   120.000000

* ProcessorY, Blocksize:    4   8


* Orbital distribution balance (max,min):    16     8

k-point displ. along   1 input, could be:     0.00    0.50
k-point displ. along   3 input, could be:     0.00    0.50
 Kpoints in:           24 . Kpoints trimmed:           22

siesta: k-grid: Number of k-points = 22
siesta: k-points from Monkhorst-Pack grid
siesta: k-cutoff (effective) =     7.040 Ang
siesta: k-point supercell and displacements
siesta: k-grid:     6     0     0      0.000
siesta: k-grid:     0     3     0      0.000
siesta: k-grid:     0     0     2      0.000
k-point displ. along   1 input, could be:     0.00    0.50
k-point displ. along   3 input, could be:     0.00    0.50
 Kpoints in:           24 . Kpoints trimmed:           22

siesta: PDOS k-grid: Number of k-points = 22
siesta: PDOS k-points from Monkhorst-Pack grid
siesta: PDOS k-cutoff (effective) =     0.000 Ang
siesta: PDOS k-point supercell and displacements
siesta: k-grid:     6     0     0      0.000
siesta: k-grid:     0     3     0      0.000
siesta: k-grid:     0     0     2      0.000

diag: Algorithm                                     = D&C
diag: Parallel over k                               =   F
diag: Use parallel 2D distribution                  =   T
diag: Parallel block-size                           = 8
diag: Parallel distribution                         =     4 x     6
diag: Used triangular part                          = Lower
diag: Absolute tolerance                            =  0.100E-15
diag: Orthogonalization factor                      =  0.100E-05
diag: Memory factor                                 =  1.0000
diag: The diagonalization method chosen cannot compute a reduced number of eigenvectors.
diag: Resetting neigwanted 82 to 200

superc: Internal auxiliary supercell:     9 x     5 x     5  =     225
superc: Number of atoms, orbitals, and projectors:   1800  45000  32400


ts: **************************************************************
ts: Save H and S matrices                           =    F
ts: Save DM and EDM matrices                        =    F
ts: Only save the overlap matrix S                  =    F
ts: **************************************************************

************************ Begin: TS CHECKS AND WARNINGS ************************
************************ End: TS CHECKS AND WARNINGS **************************


                     ====================================
                        Begin CG opt. move =      0
                     ====================================

superc: Internal auxiliary supercell:     9 x     5 x     5  =     225
superc: Number of atoms, orbitals, and projectors:   1800  45000  32400

outcell: Unit cell vectors (Ang):
        2.489016    0.000000    0.000000
        0.000000    4.978032    0.000000
        0.000000    0.000000    7.040000

outcell: Cell vector modules (Ang)   :    2.489016    4.978032    7.040000
outcell: Cell angles (23,13,12) (deg):     90.0000     90.0000     90.0000
outcell: Cell volume (Ang**3)        :     87.2284
<dSpData1D:S at geom step 0
  <sparsity:sparsity for geom step 0
    nrows_g=200 nrows=16 sparsity=1.3080 nnzs=52320, refcount: 7>
  <dData1D:(new from dSpData1D) n=52320, refcount: 1>
refcount: 1>
new_DM -- step:     1
Initializing Density Matrix...
DM filled with atomic data:
<dSpData2D:DM initialized from atoms
  <sparsity:sparsity for geom step 0
    nrows_g=200 nrows=16 sparsity=1.3080 nnzs=52320, refcount: 8>
  <dData2D:DM n=52320 m=2, refcount: 1>
refcount: 1>
No. of atoms with KB's overlaping orbs in proc 0. Max # of overlaps:      96     783

InitMesh: MESH = 30 x 54 x 80 = 129600
InitMesh: Mesh cutoff (required, used) =   300.000   325.218 Ry
New grid distribution [1]: sub = 2
New grid distribution [2]: sub = 2
New grid distribution [3]: sub = 2
Setting up quadratic distribution...

stepf: Fermi-Dirac step function

siesta: Program's energy decomposition (eV):
siesta: Ebs     =     -4688.134024
siesta: Eions   =     32093.321687
siesta: Ena     =      3327.723864
siesta: Ekin    =     10324.706796
siesta: Enl     =     -1495.392810
siesta: Eso     =         0.000000
siesta: Edftu   =         0.000000
siesta: DEna    =       204.173175
siesta: DUscf   =         4.485060
siesta: DUext   =         0.000000
siesta: Ex      =     -3703.703013
siesta: Ec      =      -230.616666
siesta: Exc     =     -3934.319680
siesta: EbV     =         0.000000
siesta: eta*DQ  =         0.000000
siesta: Emadel  =         0.000000
siesta: Emeta   =         0.000000
siesta: Emolmec =         0.000000
siesta: Ekinion =         0.000000
siesta: Eharris =    -23534.968880
siesta: Etot    =    -23661.945283
siesta: FreeEng =    -23661.987182

        iscf     Eharris(eV)        E_KS(eV)     FreeEng(eV)     dDmax    Ef(eV) dHmax(eV)
   scf:    1   -23534.968880   -23661.945283   -23661.987182  3.225792 -6.283486  4.301878
     spin moment: {S} , |S| = {        0.0        0.0   24.84072 }    24.84072
timer: Routine,Calls,Time,% = IterSCF        1       3.095  30.71
   scf:    2   -23663.475422   -23662.724283   -23662.766423  0.382234 -6.411348  3.714366
     spin moment: {S} , |S| = {        0.0        0.0   24.60796 }    24.60796
   scf:    3   -23668.388821   -23665.828922   -23665.863240  1.722207 -7.151173  0.721829
     spin moment: {S} , |S| = {        0.0        0.0   21.90042 }    21.90042
   scf:    4   -23659.342439   -23662.137112   -23662.168414  0.599223 -6.823221  1.473292
     spin moment: {S} , |S| = {        0.0        0.0   27.77427 }    27.77427
   scf:    5   -23688.187485   -23669.837851   -23669.874804  1.691477 -8.026900  1.934951
     spin moment: {S} , |S| = {        0.0        0.0    8.07641 }     8.07641
   scf:    6   -23670.015069   -23669.928324   -23669.971767  0.062966 -7.948690  1.621798
     spin moment: {S} , |S| = {        0.0        0.0    8.61801 }     8.61801
   scf:    7   -23669.853642   -23669.874875   -23669.915889  0.141623 -7.805055  1.236188
     spin moment: {S} , |S| = {        0.0        0.0    9.95540 }     9.95540
   scf:    8   -23669.913715   -23669.895959   -23669.933926  0.041847 -7.727726  1.007644
     spin moment: {S} , |S| = {        0.0        0.0   10.26564 }    10.26564
   scf:    9   -23670.358255   -23670.116370   -23670.158501  0.067778 -7.753557  0.882665
     spin moment: {S} , |S| = {        0.0        0.0    9.44595 }     9.44595
   scf:   10   -23671.437255   -23670.587727   -23670.617333  0.304011 -7.852594  1.275670
     spin moment: {S} , |S| = {        0.0        0.0    5.90740 }     5.90740
   scf:   11   -23670.523184   -23670.544151   -23670.572337  0.057861 -7.835003  1.188703
     spin moment: {S} , |S| = {        0.0        0.0    6.76576 }     6.76576
   scf:   12   -23671.245157   -23670.856585   -23670.886713  0.103256 -7.757934  0.853219
     spin moment: {S} , |S| = {        0.0        0.0    5.19628 }     5.19628
   scf:   13   -23670.965026   -23670.943723   -23670.970774  0.111269 -7.597253  0.271263
     spin moment: {S} , |S| = {        0.0        0.0    5.94995 }     5.94995
   scf:   14   -23671.417610   -23671.134828   -23671.167571  0.111690 -7.592014  0.183502
     spin moment: {S} , |S| = {        0.0        0.0    4.34676 }     4.34676
   scf:   15   -23672.034050   -23671.384233   -23671.407691  0.263488 -7.546268  0.248376
     spin moment: {S} , |S| = {        0.0        0.0    1.07960 }     1.07960
   scf:   16   -23671.390988   -23671.388140   -23671.412278  0.015441 -7.522363  0.177806
     spin moment: {S} , |S| = {        0.0        0.0    0.97831 }     0.97831
   scf:   17   -23671.393183   -23671.390524   -23671.414168  0.013168 -7.518534  0.146857
     spin moment: {S} , |S| = {        0.0        0.0    1.05500 }     1.05500
   scf:   18   -23671.408100   -23671.396357   -23671.416729  0.054157 -7.502349  0.088072
     spin moment: {S} , |S| = {        0.0        0.0    1.50191 }     1.50191
   scf:   19   -23671.417084   -23671.399888   -23671.423024  0.091966 -7.519476  0.106996
     spin moment: {S} , |S| = {        0.0        0.0    0.87497 }     0.87497
   scf:   20   -23671.401762   -23671.400175   -23671.423425  0.030798 -7.523015  0.081733
     spin moment: {S} , |S| = {        0.0        0.0    0.71343 }     0.71343
   scf:   21   -23671.399252   -23671.399682   -23671.422877  0.008302 -7.525295  0.089784
     spin moment: {S} , |S| = {        0.0        0.0    0.67786 }     0.67786
   scf:   22   -23671.405118   -23671.402064   -23671.425421  0.029559 -7.516458  0.046865
     spin moment: {S} , |S| = {        0.0        0.0    0.82899 }     0.82899
   scf:   23   -23671.405254   -23671.403244   -23671.425847  0.036056 -7.507932  0.032251
     spin moment: {S} , |S| = {        0.0        0.0    1.00466 }     1.00466
   scf:   24   -23671.403093   -23671.403144   -23671.425988  0.005733 -7.509407  0.032393
     spin moment: {S} , |S| = {        0.0        0.0    0.97180 }     0.97180
   scf:   25   -23671.403224   -23671.403165   -23671.426148  0.003925 -7.509502  0.022972
     spin moment: {S} , |S| = {        0.0        0.0    0.94425 }     0.94425
   scf:   26   -23671.403606   -23671.403389   -23671.426310  0.002889 -7.511015  0.020043
     spin moment: {S} , |S| = {        0.0        0.0    0.94557 }     0.94557
   scf:   27   -23671.403172   -23671.403095   -23671.426535  0.014567 -7.515446  0.013236
     spin moment: {S} , |S| = {        0.0        0.0    0.86281 }     0.86281
   scf:   28   -23671.403899   -23671.403457   -23671.426601  0.007003 -7.515453  0.005241
     spin moment: {S} , |S| = {        0.0        0.0    0.90268 }     0.90268
   scf:   29   -23671.403470   -23671.403464   -23671.426625  0.001595 -7.515740  0.006282
     spin moment: {S} , |S| = {        0.0        0.0    0.89824 }     0.89824
   scf:   30   -23671.403930   -23671.403680   -23671.426629  0.004573 -7.515597  0.003810
     spin moment: {S} , |S| = {        0.0        0.0    0.92379 }     0.92379
   scf:   31   -23671.403529   -23671.403600   -23671.426645  0.002742 -7.516032  0.001527
     spin moment: {S} , |S| = {        0.0        0.0    0.91025 }     0.91025
   scf:   32   -23671.403577   -23671.403589   -23671.426646  0.000447 -7.516121  0.001444
     spin moment: {S} , |S| = {        0.0        0.0    0.90862 }     0.90862

SCF Convergence by DM criterion
max |DM_out - DM_in|         :     0.0004474344
max |H_out - H_in|      (eV) :     0.0014437595
SCF cycle converged after 32 iterations

Using DM_out to compute the final energy and forces
No. of atoms with KB's overlaping orbs in proc 0. Max # of overlaps:      96     783

siesta: E_KS(eV) =           -23671.4036

siesta: E_KS - E_eggbox =    -23671.4036

siesta: Atomic forces (eV/Ang):
     1    0.000000   -0.000000   -0.000038
     2    0.000000    0.000000   -0.000038
     3    0.000000    0.000000    0.000007
     4   -0.000000   -0.000000    0.000007
     5   -0.000000   -0.000000    0.000038
     6    0.000000    0.000000    0.000038
     7   -0.000000    0.000000   -0.000007
     8   -0.000000   -0.000000   -0.000007
----------------------------------------
   Tot    0.000000    0.000000   -0.000000
----------------------------------------
   Max    0.000038
   Res    0.000016    sqrt( Sum f_i^2 / 3N )
----------------------------------------
   Max    0.000038    constrained

Stress tensor Voigt[x,y,z,yz,xz,xy] (kbar):      144.95      143.83      130.21       -0.00       -0.00        0.00
(Free)E + p*V (eV/cell)   -23679.0304
Target enthalpy (eV/cell)   -23671.4266

siesta: Stress tensor (static) (eV/Ang**3):
         0.090474    0.000000    0.000000
         0.000000    0.089770    0.000000
        -0.000000   -0.000000    0.081269

siesta: Pressure (static):       -139.66323805  kBar

siesta: Stress tensor (total) (eV/Ang**3):
         0.090474    0.000000    0.000000
         0.000000    0.089770    0.000000
        -0.000000   -0.000000    0.081269

siesta: Pressure (total):       -139.66323805  kBar

cgvc: No target stress found, assuming hydrostatic MD.TargetPressure.

cgvc: Target stress (kBar)
cgvc:        -0.000       0.000       0.000
cgvc:         0.000      -0.000       0.000
cgvc:         0.000       0.000      -0.000

                     ====================================
                        Begin CG opt. move =      1
                     ====================================
k-point displ. along   1 input, could be:     0.00    0.50
k-point displ. along   3 input, could be:     0.00    0.50
 Kpoints in:           24 . Kpoints trimmed:           22

siesta: k-grid: Number of k-points = 22
siesta: k-points from Monkhorst-Pack grid
siesta: k-cutoff (effective) =     6.960 Ang
siesta: k-point supercell and displacements
siesta: k-grid:     6     0     0      0.000
siesta: k-grid:     0     3     0      0.000
siesta: k-grid:     0     0     2      0.000

superc: Internal auxiliary supercell:     9 x     5 x     5  =     225
superc: Number of atoms, orbitals, and projectors:   1800  45000  32400

outcell: Unit cell vectors (Ang):
        2.457482   -0.000000    0.000000
       -0.000000    4.915454   -0.000000
        0.000000   -0.000000    6.959883

outcell: Cell vector modules (Ang)   :    2.457482    4.915454    6.959883
outcell: Cell angles (23,13,12) (deg):     90.0000     90.0000     90.0000
outcell: Cell volume (Ang**3)        :     84.0729
<dSpData1D:S at geom step 1
  <sparsity:sparsity for geom step 1
    nrows_g=200 nrows=16 sparsity=1.3080 nnzs=52320, refcount: 7>
  <dData1D:(new from dSpData1D) n=52320, refcount: 1>
refcount: 1>
new_DM -- step:     2
Re-using DM from previous geometries...
Number of DMs in history: 1
 DM extrapolation coefficients: 
1   1.00000
New DM after history re-use:
<dSpData2D:SpM extrapolated using coords
  <sparsity:sparsity for geom step 1
    nrows_g=200 nrows=16 sparsity=1.3080 nnzs=52320, refcount: 9>
  <dData2D:(temp array for extrapolation) n=52320 m=2, refcount: 1>
refcount: 1>
No. of atoms with KB's overlaping orbs in proc 0. Max # of overlaps:      96     783

InitMesh: MESH = 30 x 54 x 80 = 129600
InitMesh: Mesh cutoff (required, used) =   300.000   333.551 Ry
New grid distribution [1]: sub = 2
New grid distribution [2]: sub = 2
New grid distribution [3]: sub = 2
Setting up quadratic distribution...

        iscf     Eharris(eV)        E_KS(eV)     FreeEng(eV)     dDmax    Ef(eV) dHmax(eV)
   scf:    1   -23665.360271   -23671.573003   -23671.595531  0.108017 -7.597010  0.270817
     spin moment: {S} , |S| = {        0.0        0.0    0.85646 }     0.85646
   scf:    2   -23671.323605   -23671.502622   -23671.525237  0.079584 -7.761421  0.968823
     spin moment: {S} , |S| = {        0.0        0.0    0.81727 }     0.81727
   scf:    3   -23671.570457   -23671.583897   -23671.606365  0.058233 -7.640004  0.193089
     spin moment: {S} , |S| = {        0.0        0.0    0.84388 }     0.84388
   scf:    4   -23671.586987   -23671.586601   -23671.609090  0.009305 -7.657691  0.036312
     spin moment: {S} , |S| = {        0.0        0.0    0.83735 }     0.83735
   scf:    5   -23671.586649   -23671.586652   -23671.609150  0.000915 -7.657971  0.007759
     spin moment: {S} , |S| = {        0.0        0.0    0.83632 }     0.83632
   scf:    6   -23671.586570   -23671.586608   -23671.609206  0.002485 -7.658491  0.008229
     spin moment: {S} , |S| = {        0.0        0.0    0.82550 }     0.82550
   scf:    7   -23671.586429   -23671.586491   -23671.609355  0.007106 -7.659855  0.006909
     spin moment: {S} , |S| = {        0.0        0.0    0.79422 }     0.79422
   scf:    8   -23671.586437   -23671.586462   -23671.609393  0.001896 -7.660160  0.006459
     spin moment: {S} , |S| = {        0.0        0.0    0.78585 }     0.78585
   scf:    9   -23671.586438   -23671.586449   -23671.609410  0.000826 -7.660262  0.006226
     spin moment: {S} , |S| = {        0.0        0.0    0.78213 }     0.78213
   scf:   10   -23671.586419   -23671.586434   -23671.609431  0.001049 -7.660350  0.006187
     spin moment: {S} , |S| = {        0.0        0.0    0.77738 }     0.77738
   scf:   11   -23671.586381   -23671.586404   -23671.609474  0.002093 -7.660511  0.006181
     spin moment: {S} , |S| = {        0.0        0.0    0.76786 }     0.76786
   scf:   12   -23671.586313   -23671.586332   -23671.609604  0.006494 -7.661066  0.005960
     spin moment: {S} , |S| = {        0.0        0.0    0.73813 }     0.73813
   scf:   13   -23671.587692   -23671.586423   -23671.610207  0.029864 -7.663902  0.006007
     spin moment: {S} , |S| = {        0.0        0.0    0.59815 }     0.59815
   scf:   14   -23671.588718   -23671.587069   -23671.610758  0.025752 -7.667188  0.008419
     spin moment: {S} , |S| = {        0.0        0.0    0.47008 }     0.47008
   scf:   15   -23671.587042   -23671.587056   -23671.610749  0.000422 -7.667103  0.008358
     spin moment: {S} , |S| = {        0.0        0.0    0.47225 }     0.47225

SCF Convergence by DM criterion
max |DM_out - DM_in|         :     0.0004217486
max |H_out - H_in|      (eV) :     0.0083577864
SCF cycle converged after 15 iterations

Using DM_out to compute the final energy and forces
No. of atoms with KB's overlaping orbs in proc 0. Max # of overlaps:      96     783

siesta: E_KS(eV) =           -23671.5871

siesta: Atomic forces (eV/Ang):
     1   -0.000000   -0.000000   -0.000081
     2   -0.000000   -0.000000   -0.000081
     3   -0.000000   -0.000010   -0.000026
     4    0.000000    0.000010   -0.000025
     5    0.000000    0.000000    0.000081
     6   -0.000000   -0.000000    0.000081
     7    0.000000   -0.000010    0.000027
     8    0.000000    0.000010    0.000027
----------------------------------------
   Tot   -0.000000    0.000000    0.000002
----------------------------------------
   Max    0.000081
   Res    0.000035    sqrt( Sum f_i^2 / 3N )
----------------------------------------
   Max    0.000081    constrained

Stress tensor Voigt[x,y,z,yz,xz,xy] (kbar):       43.82       47.06       36.16        0.00       -0.00       -0.00
(Free)E + p*V (eV/cell)   -23673.8330
Target enthalpy (eV/cell)   -23671.6107

siesta: Stress tensor (static) (eV/Ang**3):
         0.027352   -0.000000   -0.000000
        -0.000000    0.029374    0.000000
        -0.000000    0.000000    0.022572

siesta: Pressure (static):        -42.34955225  kBar

siesta: Stress tensor (total) (eV/Ang**3):
         0.027352   -0.000000   -0.000000
        -0.000000    0.029374    0.000000
        -0.000000    0.000000    0.022572

siesta: Pressure (total):        -42.34955225  kBar

                     ====================================
                        Begin CG opt. move =      2
                     ====================================
k-point displ. along   1 input, could be:     0.00    0.50
k-point displ. along   3 input, could be:     0.00    0.50
 Kpoints in:           24 . Kpoints trimmed:           22

siesta: k-grid: Number of k-points = 22
siesta: k-points from Monkhorst-Pack grid
siesta: k-cutoff (effective) =     6.832 Ang
siesta: k-point supercell and displacements
siesta: k-grid:     6     0     0      0.000
siesta: k-grid:     0     3     0      0.000
siesta: k-grid:     0     0     2      0.000

superc: Internal auxiliary supercell:     9 x     5 x     5  =     225
superc: Number of atoms, orbitals, and projectors:   1800  45000  32400

outcell: Unit cell vectors (Ang):
        2.407028   -0.000000    0.000000
       -0.000000    4.815330   -0.000000
        0.000000   -0.000000    6.831695

outcell: Cell vector modules (Ang)   :    2.407028    4.815330    6.831695
outcell: Cell angles (23,13,12) (deg):     90.0000     90.0000     90.0000
outcell: Cell volume (Ang**3)        :     79.1837
<dSpData1D:S at geom step 2
  <sparsity:sparsity for geom step 2
    nrows_g=200 nrows=16 sparsity=1.3792 nnzs=55168, refcount: 7>
  <dData1D:(new from dSpData1D) n=55168, refcount: 1>
refcount: 1>
new_DM -- step:     3
Re-using DM from previous geometries...
Number of DMs in history: 1
 DM extrapolation coefficients: 
1   1.00000
New DM after history re-use:
<dSpData2D:SpM extrapolated using coords
  <sparsity:sparsity for geom step 2
    nrows_g=200 nrows=16 sparsity=1.3792 nnzs=55168, refcount: 9>
  <dData2D:(temp array for extrapolation) n=55168 m=2, refcount: 1>
refcount: 1>
Note: For starting DM, Qtot, Tr[D*S] =        120.00000000        119.73819078
No. of atoms with KB's overlaping orbs in proc 0. Max # of overlaps:      96     807

InitMesh: MESH = 30 x 54 x 72 = 116640
InitMesh: Mesh cutoff (required, used) =   300.000   306.980 Ry
New grid distribution [1]: sub = 2
New grid distribution [2]: sub = 2
New grid distribution [3]: sub = 2
Setting up quadratic distribution...

        iscf     Eharris(eV)        E_KS(eV)     FreeEng(eV)     dDmax    Ef(eV) dHmax(eV)
   scf:    1   -23658.867503   -23671.354837   -23671.376337  0.245449 -7.789696  0.574341
     spin moment: {S} , |S| = {        0.0        0.0    0.39264 }     0.39264
   scf:    2   -23669.876943   -23670.915504   -23670.938096  0.221392 -8.122713  2.467425
     spin moment: {S} , |S| = {        0.0        0.0    0.32356 }     0.32356
   scf:    3   -23671.314220   -23671.396069   -23671.417546  0.160926 -7.861923  0.463743
     spin moment: {S} , |S| = {        0.0        0.0    0.37727 }     0.37727
   scf:    4   -23671.413782   -23671.410653   -23671.432126  0.039700 -7.914299  0.133077
     spin moment: {S} , |S| = {        0.0        0.0    0.36295 }     0.36295
   scf:    5   -23671.411559   -23671.411497   -23671.432964  0.003207 -7.917043  0.013511
     spin moment: {S} , |S| = {        0.0        0.0    0.36057 }     0.36057
   scf:    6   -23671.411971   -23671.411735   -23671.433105  0.003772 -7.918348  0.017879
     spin moment: {S} , |S| = {        0.0        0.0    0.34286 }     0.34286
   scf:    7   -23671.413170   -23671.412369   -23671.433506  0.009647 -7.921304  0.013034
     spin moment: {S} , |S| = {        0.0        0.0    0.28986 }     0.28986
   scf:    8   -23671.412755   -23671.412553   -23671.433631  0.003413 -7.922155  0.007447
     spin moment: {S} , |S| = {        0.0        0.0    0.27049 }     0.27049
   scf:    9   -23671.412691   -23671.412620   -23671.433678  0.001375 -7.922391  0.008483
     spin moment: {S} , |S| = {        0.0        0.0    0.26234 }     0.26234
   scf:   10   -23671.413038   -23671.412809   -23671.433822  0.004115 -7.922981  0.007841
     spin moment: {S} , |S| = {        0.0        0.0    0.23619 }     0.23619
   scf:   11   -23671.414638   -23671.413238   -23671.434272  0.018935 -7.925350  0.004899
     spin moment: {S} , |S| = {        0.0        0.0    0.10648 }     0.10648
   scf:   12   -23671.413287   -23671.413252   -23671.434306  0.002799 -7.925434  0.005134
     spin moment: {S} , |S| = {        0.0        0.0    0.08679 }     0.08679
   scf:   13   -23671.413252   -23671.413252   -23671.434305  0.000080 -7.925429  0.005041
     spin moment: {S} , |S| = {        0.0        0.0    0.08728 }     0.08728

SCF Convergence by DM criterion
max |DM_out - DM_in|         :     0.0000796061
max |H_out - H_in|      (eV) :     0.0050410688
SCF cycle converged after 13 iterations

Using DM_out to compute the final energy and forces
No. of atoms with KB's overlaping orbs in proc 0. Max # of overlaps:      96     807

siesta: E_KS(eV) =           -23671.4133

siesta: Atomic forces (eV/Ang):
     1   -0.000000    0.000001    0.000014
     2   -0.000000   -0.000001    0.000014
     3   -0.000000   -0.000012    0.000007
     4    0.000000    0.000012    0.000006
     5    0.000000    0.000001   -0.000015
     6   -0.000000   -0.000002   -0.000016
     7    0.000000   -0.000012   -0.000006
     8    0.000000    0.000012   -0.000005
----------------------------------------
   Tot   -0.000000   -0.000001   -0.000002
----------------------------------------
   Max    0.000016
   Res    0.000008    sqrt( Sum f_i^2 / 3N )
----------------------------------------
   Max    0.000016    constrained

Stress tensor Voigt[x,y,z,yz,xz,xy] (kbar):     -161.89     -162.43     -173.12        0.00        0.00        0.00
(Free)E + p*V (eV/cell)   -23663.2394
Target enthalpy (eV/cell)   -23671.4343

siesta: Stress tensor (static) (eV/Ang**3):
        -0.101047    0.000000    0.000000
         0.000000   -0.101378    0.000000
         0.000000    0.000000   -0.108054

siesta: Pressure (static):        165.81406445  kBar

siesta: Stress tensor (total) (eV/Ang**3):
        -0.101047    0.000000    0.000000
         0.000000   -0.101378    0.000000
         0.000000    0.000000   -0.108054

siesta: Pressure (total):        165.81406445  kBar

                     ====================================
                        Begin CG opt. move =      3
                     ====================================
k-point displ. along   1 input, could be:     0.00    0.50
k-point displ. along   3 input, could be:     0.00    0.50
 Kpoints in:           24 . Kpoints trimmed:           22

siesta: k-grid: Number of k-points = 22
siesta: k-points from Monkhorst-Pack grid
siesta: k-cutoff (effective) =     6.932 Ang
siesta: k-point supercell and displacements
siesta: k-grid:     6     0     0      0.000
siesta: k-grid:     0     3     0      0.000
siesta: k-grid:     0     0     2      0.000

superc: Internal auxiliary supercell:     9 x     5 x     5  =     225
superc: Number of atoms, orbitals, and projectors:   1800  45000  32400

outcell: Unit cell vectors (Ang):
        2.446665   -0.000000    0.000000
       -0.000000    4.893988   -0.000000
        0.000000   -0.000000    6.932401

outcell: Cell vector modules (Ang)   :    2.446665    4.893988    6.932401
outcell: Cell angles (23,13,12) (deg):     90.0000     90.0000     90.0000
outcell: Cell volume (Ang**3)        :     83.0082
<dSpData1D:S at geom step 3
  <sparsity:sparsity for geom step 3
    nrows_g=200 nrows=16 sparsity=1.3080 nnzs=52320, refcount: 7>
  <dData1D:(new from dSpData1D) n=52320, refcount: 1>
refcount: 1>
new_DM -- step:     4
Re-using DM from previous geometries...
Number of DMs in history: 1
 DM extrapolation coefficients: 
1   1.00000
New DM after history re-use:
<dSpData2D:SpM extrapolated using coords
  <sparsity:sparsity for geom step 3
    nrows_g=200 nrows=16 sparsity=1.3080 nnzs=52320, refcount: 9>
  <dData2D:(temp array for extrapolation) n=52320 m=2, refcount: 1>
refcount: 1>
Note: For starting DM, Qtot, Tr[D*S] =        120.00000000        120.27544320
No. of atoms with KB's overlaping orbs in proc 0. Max # of overlaps:      96     783

InitMesh: MESH = 30 x 54 x 80 = 129600
InitMesh: Mesh cutoff (required, used) =   300.000   336.483 Ry
New grid distribution [1]: sub = 2
New grid distribution [2]: sub = 2
New grid distribution [3]: sub = 2
Setting up quadratic distribution...

        iscf     Eharris(eV)        E_KS(eV)     FreeEng(eV)     dDmax    Ef(eV) dHmax(eV)
   scf:    1   -23682.254768   -23671.527607   -23671.550191  0.179419 -7.870672  0.644631
     spin moment: {S} , |S| = {        0.0        0.0    0.08057 }     0.08057
   scf:    2   -23670.162211   -23671.144099   -23671.167674  0.241380 -7.489332  2.251776
     spin moment: {S} , |S| = {        0.0        0.0    0.07102 }     0.07102
   scf:    3   -23671.522442   -23671.589908   -23671.612509  0.200908 -7.769109  0.419318
     spin moment: {S} , |S| = {        0.0        0.0    0.07940 }     0.07940
   scf:    4   -23671.605787   -23671.604162   -23671.626848  0.022075 -7.728232  0.053184
     spin moment: {S} , |S| = {        0.0        0.0    0.07840 }     0.07840
   scf:    5   -23671.604391   -23671.604393   -23671.627082  0.001533 -7.727711  0.007573
     spin moment: {S} , |S| = {        0.0        0.0    0.07823 }     0.07823
   scf:    6   -23671.604387   -23671.604393   -23671.627089  0.000550 -7.727688  0.005768
     spin moment: {S} , |S| = {        0.0        0.0    0.07770 }     0.07770
   scf:    7   -23671.604344   -23671.604371   -23671.627092  0.001282 -7.727429  0.010983
     spin moment: {S} , |S| = {        0.0        0.0    0.07567 }     0.07567
   scf:    8   -23671.604379   -23671.604380   -23671.627111  0.000886 -7.727170  0.003107
     spin moment: {S} , |S| = {        0.0        0.0    0.07438 }     0.07438
   scf:    9   -23671.604381   -23671.604381   -23671.627114  0.000197 -7.727125  0.002743
     spin moment: {S} , |S| = {        0.0        0.0    0.07397 }     0.07397

SCF Convergence by DM criterion
max |DM_out - DM_in|         :     0.0001970795
max |H_out - H_in|      (eV) :     0.0027433927
SCF cycle converged after 9 iterations

Using DM_out to compute the final energy and forces
No. of atoms with KB's overlaping orbs in proc 0. Max # of overlaps:      96     783

siesta: E_KS(eV) =           -23671.6044

siesta: Atomic forces (eV/Ang):
     1   -0.000000    0.000000    0.000008
     2    0.000000   -0.000000    0.000008
     3   -0.000000   -0.000006    0.000030
     4    0.000000    0.000006    0.000030
     5   -0.000000    0.000000   -0.000008
     6    0.000000   -0.000000   -0.000008
     7    0.000000   -0.000006   -0.000030
     8   -0.000000    0.000006   -0.000030
----------------------------------------
   Tot    0.000000    0.000000    0.000000
----------------------------------------
   Max    0.000030
   Res    0.000013    sqrt( Sum f_i^2 / 3N )
----------------------------------------
   Max    0.000030    constrained

Stress tensor Voigt[x,y,z,yz,xz,xy] (kbar):        3.65        6.42       -4.01        0.00       -0.00       -0.00
(Free)E + p*V (eV/cell)   -23671.7319
Target enthalpy (eV/cell)   -23671.6271

siesta: Stress tensor (static) (eV/Ang**3):
         0.002280   -0.000000    0.000000
        -0.000000    0.004006    0.000000
        -0.000000    0.000000   -0.002501

siesta: Pressure (static):         -2.02155906  kBar

siesta: Stress tensor (total) (eV/Ang**3):
         0.002280   -0.000000    0.000000
        -0.000000    0.004006    0.000000
        -0.000000    0.000000   -0.002501

siesta: Pressure (total):         -2.02155906  kBar

outcoor: Relaxed atomic coordinates (fractional):           
    0.00000000   -0.00000000   -0.00000029   1       1  Mn
    0.00000000    0.50000000   -0.00000029   1       2  Mn
    0.50000000    0.25000000    0.25000006   1       3  Mn
    0.50000000    0.75000000    0.25000006   1       4  Mn
   -0.00000000   -0.00000000    0.50000029   1       5  Mn
    0.00000000    0.50000000    0.50000029   1       6  Mn
    0.50000000    0.25000000    0.74999994   1       7  Mn
    0.50000000    0.75000000    0.74999994   1       8  Mn

outcell: Unit cell vectors (Ang):
        2.446665   -0.000000    0.000000
       -0.000000    4.893988   -0.000000
        0.000000   -0.000000    6.932401

outcell: Cell vector modules (Ang)   :    2.446665    4.893988    6.932401
outcell: Cell angles (23,13,12) (deg):     90.0000     90.0000     90.0000
outcell: Cell volume (Ang**3)        :     83.0082

coxmol: Writing XMOL coordinates into file hea.xyz                                                                                                                                                                                                                             
Writing WFSX for COOP/COHP in hea.fullBZ.WFSX

diag: Algorithm                                     = D&C
diag: Parallel over k                               =   F
diag: Use parallel 2D distribution                  =   T
diag: Parallel block-size                           = 8
diag: Parallel distribution                         =     4 x     6
diag: Used triangular part                          = Lower
diag: Absolute tolerance                            =  0.100E-15
diag: Orthogonalization factor                      =  0.100E-05
diag: Memory factor                                 =  1.0000

diag: Algorithm                                     = D&C
diag: Parallel over k                               =   F
diag: Use parallel 2D distribution                  =   T
diag: Parallel block-size                           = 8
diag: Parallel distribution                         =     4 x     6
diag: Used triangular part                          = Lower
diag: Absolute tolerance                            =  0.100E-15
diag: Orthogonalization factor                      =  0.100E-05
diag: Memory factor                                 =  1.0000

siesta: PDOS info
siesta: E1 -- E2, sigma [eV], nhist:  -20.000 --   20.000    0.100 1000

diag: Algorithm                                     = D&C
diag: Parallel over k                               =   F
diag: Use parallel 2D distribution                  =   T
diag: Parallel block-size                           = 8
diag: Parallel distribution                         =     4 x     6
diag: Used triangular part                          = Lower
diag: Absolute tolerance                            =  0.100E-15
diag: Orthogonalization factor                      =  0.100E-05
diag: Memory factor                                 =  1.0000

siesta: Program's energy decomposition (eV):
siesta: Ebs     =     -4630.941810
siesta: Eions   =     32093.321687
siesta: Ena     =      3318.190660
siesta: Ekin    =     10404.903347
siesta: Enl     =     -1504.550926
siesta: Eso     =         0.000000
siesta: Edftu   =         0.000000
siesta: DEna    =       138.247548
siesta: DUscf   =         2.233685
siesta: DUext   =         0.000000
siesta: Ex      =     -3703.419287
siesta: Ec      =      -233.887720
siesta: Exc     =     -3937.307006
siesta: EbV     =         0.000000
siesta: eta*DQ  =         0.000000
siesta: Emadel  =         0.000000
siesta: Emeta   =         0.000000
siesta: Emolmec =         0.000000
siesta: Ekinion =         0.000000
siesta: Eharris =    -23671.604381
siesta: Etot    =    -23671.604381
siesta: FreeEng =    -23671.627114

siesta: Final energy (eV):
siesta:  Band Struct. =   -4630.941810
siesta:       Kinetic =   10404.903347
siesta:       Hartree =    4901.962390
siesta:         Edftu =       0.000000
siesta:       Eso     =       0.000000
siesta:    Ext. field =       0.000000
siesta:         Exch. =   -3703.419287
siesta:         Corr. =    -233.887720
siesta:     Bulk bias =       0.000000
siesta:   Exch.-corr. =   -3937.307006
siesta:  Ion-electron =  -21344.535417
siesta:       Ion-ion =  -13696.627693
siesta:       Ekinion =       0.000000
siesta: D3 dispersion =       0.000000
siesta:         Total =  -23671.604381
siesta:         Fermi =      -7.727125

siesta: Stress tensor (static) (eV/Ang**3):
siesta:     0.002280   -0.000000    0.000000
siesta:    -0.000000    0.004006    0.000000
siesta:    -0.000000    0.000000   -0.002501

siesta: Constrained stress tensor (static) (eV/Ang**3):
siesta:     0.002280   -0.000000   -0.000000
siesta:    -0.000000    0.004006    0.000000
siesta:    -0.000000    0.000000   -0.002501

siesta: Cell volume =         83.008222 Ang**3

siesta: Pressure (static):
siesta:                Solid            Molecule  Units
siesta:          -0.00001374         -0.00001373  Ry/Bohr**3
siesta:          -0.00126176         -0.00126082  eV/Ang**3
siesta:          -2.02155906         -2.02005341  kBar
(Free)E+ p_basis*V_orbitals  =      -23643.857950
(Free)Eharris+ p_basis*V_orbitals  =      -23643.857950

mulliken: Atomic and Orbital Populations:

mulliken: Spin UP 

Species: Mn                  
Atom  Qatom  Qorb
               3s      4s      4s      4s      3py     3pz     3px     4py     
               4pz     4px     3dxy    3dyz    3dz2    3dxz    3dx2-y2 3dxy    
               3dyz    3dz2    3dxz    3dx2-y2 3dxy    3dyz    3dz2    3dxz    
               3dx2-y2 
   1  7.512   0.984   0.015   0.074  -0.012   0.989   0.989   0.990   0.170
              0.173   0.169   0.813   1.033   0.769   1.033   1.017  -0.071

             -0.110  -0.065  -0.110  -0.107  -0.194  -0.288  -0.179  -0.288

             -0.283
   2  7.512   0.984   0.015   0.074  -0.012   0.989   0.989   0.990   0.170
              0.173   0.169   0.813   1.033   0.769   1.033   1.017  -0.071

             -0.110  -0.065  -0.110  -0.107  -0.194  -0.288  -0.179  -0.288

             -0.283
   3  7.498   0.984   0.015   0.074  -0.012   0.990   0.989   0.990   0.169
              0.173   0.169   0.803   1.030   0.763   1.030   1.016  -0.070

             -0.109  -0.065  -0.109  -0.108  -0.191  -0.287  -0.177  -0.287

             -0.282
   4  7.498   0.984   0.015   0.074  -0.012   0.990   0.989   0.990   0.169
              0.173   0.169   0.803   1.030   0.763   1.030   1.016  -0.070

             -0.109  -0.065  -0.109  -0.108  -0.191  -0.287  -0.177  -0.287

             -0.282
   5  7.512   0.984   0.015   0.074  -0.012   0.989   0.989   0.990   0.170
              0.173   0.169   0.813   1.033   0.769   1.033   1.017  -0.071

             -0.110  -0.065  -0.110  -0.107  -0.194  -0.288  -0.179  -0.288

             -0.283
   6  7.512   0.984   0.015   0.074  -0.012   0.989   0.989   0.990   0.170
              0.173   0.169   0.813   1.033   0.769   1.033   1.017  -0.071

             -0.110  -0.065  -0.110  -0.107  -0.194  -0.288  -0.179  -0.288

             -0.283
   7  7.498   0.984   0.015   0.074  -0.012   0.990   0.989   0.990   0.169
              0.173   0.169   0.803   1.030   0.763   1.030   1.016  -0.070

             -0.109  -0.065  -0.109  -0.108  -0.191  -0.287  -0.177  -0.287

             -0.282
   8  7.498   0.984   0.015   0.074  -0.012   0.990   0.989   0.990   0.169
              0.173   0.169   0.803   1.030   0.763   1.030   1.016  -0.070

             -0.109  -0.065  -0.109  -0.108  -0.191  -0.287  -0.177  -0.287

             -0.282

mulliken: Qtot =       60.037

mulliken: Spin DOWN 

Species: Mn                  
Atom  Qatom  Qorb
               3s      4s      4s      4s      3py     3pz     3px     4py     
               4pz     4px     3dxy    3dyz    3dz2    3dxz    3dx2-y2 3dxy    
               3dyz    3dz2    3dxz    3dx2-y2 3dxy    3dyz    3dz2    3dxz    
               3dx2-y2 
   1  7.489   0.984   0.016   0.074  -0.013   0.989   0.989   0.990   0.170
              0.173   0.169   0.795   1.031   0.755   1.031   1.018  -0.070

             -0.110  -0.064  -0.110  -0.108  -0.188  -0.287  -0.174  -0.287

             -0.284
   2  7.489   0.984   0.016   0.074  -0.013   0.989   0.989   0.990   0.170
              0.173   0.169   0.795   1.031   0.755   1.031   1.018  -0.070

             -0.110  -0.064  -0.110  -0.108  -0.188  -0.287  -0.174  -0.287

             -0.284
   3  7.502   0.984   0.014   0.074  -0.012   0.990   0.989   0.990   0.170
              0.173   0.170   0.804   1.034   0.759   1.034   1.017  -0.071

             -0.110  -0.065  -0.110  -0.108  -0.191  -0.288  -0.175  -0.288

             -0.282
   4  7.502   0.984   0.014   0.074  -0.012   0.990   0.989   0.990   0.170
              0.173   0.170   0.804   1.034   0.759   1.034   1.017  -0.071

             -0.110  -0.065  -0.110  -0.108  -0.191  -0.288  -0.175  -0.288

             -0.282
   5  7.489   0.984   0.016   0.074  -0.013   0.989   0.989   0.990   0.170
              0.173   0.169   0.795   1.031   0.755   1.031   1.018  -0.070

             -0.110  -0.064  -0.110  -0.108  -0.188  -0.287  -0.174  -0.287

             -0.284
   6  7.489   0.984   0.016   0.074  -0.013   0.989   0.989   0.990   0.170
              0.173   0.169   0.795   1.031   0.755   1.031   1.018  -0.070

             -0.110  -0.064  -0.110  -0.108  -0.188  -0.287  -0.174  -0.287

             -0.284
   7  7.502   0.984   0.014   0.074  -0.012   0.990   0.989   0.990   0.170
              0.173   0.170   0.804   1.034   0.759   1.034   1.017  -0.071

             -0.110  -0.065  -0.110  -0.108  -0.191  -0.288  -0.175  -0.288

             -0.282
   8  7.502   0.984   0.014   0.074  -0.012   0.990   0.989   0.990   0.170
              0.173   0.170   0.804   1.034   0.759   1.034   1.017  -0.071

             -0.110  -0.065  -0.110  -0.108  -0.191  -0.288  -0.175  -0.288

             -0.282

mulliken: Qtot =       59.963

Mulliken Atomic Populations:
Atom #   charge [q] valence [e]      Sz [e]  Species
     1    -0.000606   15.000606    0.022807  Mn
     2    -0.000600   15.000600    0.022807  Mn
     3     0.000615   14.999385   -0.004309  Mn
     4     0.000613   14.999387   -0.004309  Mn
     5    -0.000610   15.000610    0.022806  Mn
     6    -0.000615   15.000615    0.022805  Mn
     7     0.000601   14.999399   -0.004319  Mn
     8     0.000603   14.999397   -0.004319  Mn
-------------------------------------------
 Total     0.000000                0.073968

cite: Please indicate the Siesta version in published work: 5.2.2
cite: This calculation has made use of features in the following articles
cite: which we encourage you to cite in published work.
cite: (Please see "hea.bib" for a BibTeX file.)
        Primary SIESTA paper
          DOI: www.doi.org/10.1088/0953-8984/14/11/302
        PSML pseudopotential format
          DOI: www.doi.org/10.1016/j.cpc.2018.02.011


>> End of run:  18-JUN-2025  10:30:00
Job completed
