Executable      : /home/users/felipegc/woltsoft/SIESTA/siesta-5.2.2/build/bin/siesta
Version         : 5.2.2
Architecture    : x86_64
Compiler version: GNU-9.3.0
Compiler flags  : -O3 -march=native
Parallelisations: MPI
Lua support
Native ELPA support
ELSI support. Solvers:
   ELPA (internal) 
   NTPoly
   OMM
DFT-D3 support
Wannier90 wrapper support

Runtime information:
* Directory : /home/users/felipegc/MnGaNi/top/structure_calc_141
* Running on 36 nodes in parallel.
>> Start of run:  18-JUN-2025   1:55:06

                           *********************** 
                           *  WELCOME TO SIESTA  * 
                           *********************** 

 NOTE: Siesta V5 introduces some new defaults for basis-set generation
 NOTE: which might lead to slightly different numerical results.
 NOTE: Please see the manual for full details and compatibility measures.


reinit: Reading from standard input
reinit: Dumping input in INPUT_TMP.61486
************************** Dump of input data file ****************************
SystemName          hea
SystemLabel         hea
Reparametrize.Pseudos T
Restricted.Radial.Grid F
%include atoms.fdf
MaxSCFIterations     20000
SCF.Mix              Hamiltonian
SCF.Mixer.Method     Broyden
#SCF.Mixer.Variant    original #Pulay original
SCF.Mixer.History    8
SCF.Mixer.Weight     0.07
SCF.H.Converge       False
SCF.DM.Converge      True
SCF.DM.Tolerance     5.d-4
SCF.H.Tolerance      5.d-3 eV
MeshCutoff 300.0 Ry
MD.UseSaveCG         False
DM.UseSaveDM         False
NumberOfEigenStates -20
ElectronicTemperature 300 K
WriteCoorXmol        True
XC.Functional     GGA
XC.authors        PBEsol
SpinPolarized      True
SolutionMethod       diagon
#Diag.Algorithm        MRRR
###################################
###################################
# Full template for Basis param.
###################################
###################################
Basis.Pressure 0.3 GPa
PAO.SoftDefault T
PAO.SoftPotential 50.0 Ry
PAO.SoftInnerRadius 0.70
PAO.BasisType split
PAO.EnergyShift 0.0019 eV
PAO.BasisSize TZP
PAO.SplitTailNorm T
            %block kgrid_Monkhorst_Pack
            6  0  0  0.
            0  6  0  0.
            0  0  2  0.
            %endblock kgrid_Monkhorst_Pack
            MD.TypeOfRun CG
            MD.Steps         500
            MD.VariableCell true
            MD.MaxForceTol 0.05 eV/Ang
            WriteMDHistory true
            WriteForces true
            Write.OrbitalIndex true
            Charge.Mulliken end
            COOP.Write true
            %block ProjectedDensityOfStates
            -20.00 20.00 0.1 1000 eV
            %endblock ProjectedDensityOfStates
************************** End of input data file *****************************

reinit: -----------------------------------------------------------------------
reinit: System Name: hea
reinit: -----------------------------------------------------------------------
reinit: System Label: hea
reinit: -----------------------------------------------------------------------

NOTE on units for spin output: 
{S} is the spin magnetic moment, in units of the Bohr magneton,
assuming a g-factor for the electron spin of exactly 2.
The spin magnetic moment is then numerically equal to the charge inbalance,
in units of electrons, between the spin-up and -down channels.


initatom: Reading input for the pseudopotentials and atomic orbitals ----------
Species number:   1 Atomic number:   25 Label: Mn

Ground state valence configuration (from tables):   4s02  4p00  3d05  4f00

---- Processing specs for species: Mn
Reading pseudopotential information in PSML from:
  Mn.psml
PSML file version: 1.1
Using libxc ids:  101 130
GGA--PBE XC_GGA_X_PBE--XC_GGA_C_PBE pb
PSML uuid: e5ebd880-be41-11e7-659b-074ddfc7bd15
Semicore shell(s) with  8 electrons included in the valence for Mn

---- Pseudopotential check for Mn

Pseudized shells:
3s( 2.00) rc: 1.41
3p( 6.00) rc: 1.21
3d( 5.00) rc: 1.61
Valence configuration for ps generation: 3s:3p:3d:4s: Total charge:  15.000000
Semicore shell(s): 3s 3p
Fallback to non-perturbative polarization scheme for Mn
Please see the manual if this is not desired in principle
For Mn, standard SIESTA heuristics set lmxkb to 3
 (one more than the basis l, including polarization orbitals).
Use PS.lmax or PS.KBprojectors blocks to override.
Mn pseudopotential only contains V_ls up to l=2 -- lmxkb reset.

<basis_specs>
===============================================================================
Mn                   Z=  25    Mass=  54.938        Charge= 0.17977+309
Lmxo=2 Lmxkb= 2    BasisType=split      Semic=T
L=0  Nsemic=1  Cnfigmx=4
          i=1  nzeta=1  polorb=0  (3s)  (semicore shell)
            splnorm:   0.15000    
               vcte:    50.000    
               rinn:  -0.70000    
               qcoe:    0.0000    
               qyuk:    0.0000    
               qwid:   0.10000E-01
                rcs:    0.0000    
            lambdas:    1.0000    
          i=2  nzeta=3  polorb=0  (4s)  (to be polarized non-perturbatively)
            splnorm:   0.15000    
               vcte:    50.000    
               rinn:  -0.70000    
               qcoe:    0.0000    
               qyuk:    0.0000    
               qwid:   0.10000E-01
                rcs:    0.0000      0.0000      0.0000    
            lambdas:    1.0000      1.0000      1.0000    
L=1  Nsemic=1  Cnfigmx=4
          i=1  nzeta=1  polorb=0  (3p)  (semicore shell)
            splnorm:   0.15000    
               vcte:    50.000    
               rinn:  -0.70000    
               qcoe:    0.0000    
               qyuk:    0.0000    
               qwid:   0.10000E-01
                rcs:    0.0000    
            lambdas:    1.0000    
          i=2  nzeta=1  polorb=0  (4p)  (non-perturbative polarization shell)
            splnorm:   0.15000    
               vcte:    50.000    
               rinn:  -0.70000    
               qcoe:   0.48511-315
               qyuk:    0.0000    
               qwid:   0.69526-309
                rcs:    0.0000    
            lambdas:    1.0000    
L=2  Nsemic=0  Cnfigmx=3
          i=1  nzeta=3  polorb=0  (3d)
            splnorm:   0.15000    
               vcte:    50.000    
               rinn:  -0.70000    
               qcoe:    0.0000    
               qyuk:    0.0000    
               qwid:   0.10000E-01
                rcs:    0.0000      0.0000      0.0000    
            lambdas:    1.0000      1.0000      1.0000    
-------------------------------------------------------------------------------
L=0  Nkbl=2  erefs: 0.17977+309 0.17977+309
L=1  Nkbl=2  erefs: 0.17977+309 0.17977+309
L=2  Nkbl=1  erefs: 0.17977+309
===============================================================================
</basis_specs>

Using PAO.SplitTailNorm
atom: Called for Mn                    (Z =  25)
Maximum radius (at nrval) set to   50.00000 8518

read_vps: Pseudopotential generation method:
read_vps: ONCVPSP-3.Hamann's oncvpsp                        
Valence charge in pseudo generation:   15.00000

read_vps: Pseudopotential includes a core correction:
read_vps: Pseudo-core for xc-correction

xc_check: Exchange-correlation functional:
xc_check: GGA PBEsol
xc_check: WARNING: Pseudopotential generated with GGA PBE functional
Got Vlocal (oncv-fit) from psml data
Choosing vlocal chloc cutoff:  3.504263
qtot up to nchloc:   15.00032895
atom: Maximum radius for chlocal:    3.50426
atom: Maximum radius for r*vlocal+2*Zval:    3.50426
Reading KB projs from Mn psml data
Using scalar-relativistic projectors in PSML file

PSML: Kleinman-Bylander projectors: 
   l= 0   rc=  1.427391   Ekb= 18.471374
   l= 0   rc=  1.430269   Ekb=  3.121111
   l= 1   rc=  1.224702   Ekb=  3.156115
   l= 1   rc=  1.224702   Ekb= -1.424352
   l= 2   rc=  1.630219   Ekb=-13.224142
   l= 2   rc=  1.630219   Ekb= -4.330632

PSML: Total number of  Kleinman-Bylander projectors:  18
atom: -------------------------------------------------------------------------

atom: SANKEY-TYPE ORBITALS:
atom: Selected multiple-zeta basis: split     

SPLIT: Orbitals with angular momentum L= 0

SPLIT: Basis orbitals for state 3s

SPLIT: PAO cut-off radius determined from an
SPLIT: energy shift=  0.000140 Ry
Split based on tail norm

   izeta = 1
                 lambda =    1.000000
                     rc =    3.380000
                 energy =   -6.293298
                kinetic =    2.848567
    potential(screened) =   -9.141865
       potential(ionic) =  -33.519753

SPLIT: Basis orbitals for state 4s

SPLIT: PAO cut-off radius determined from an
SPLIT: energy shift=  0.000140 Ry
Split based on tail norm

   izeta = 1
                 lambda =    1.000000
                     rc =   10.002455
                 energy =   -0.450676
                kinetic =    1.112603
    potential(screened) =   -1.563278
       potential(ionic) =  -13.199632

   izeta = 2
                 rmatch =    5.430276
              splitnorm =    0.150000
                 energy =   -0.360834
                kinetic =    1.875764
    potential(screened) =   -2.236598
       potential(ionic) =  -15.982656

   izeta = 3
                 rmatch =    6.342382
              splitnorm =    0.075000
                 energy =   -0.415048
                kinetic =    1.529261
    potential(screened) =   -1.944310
       potential(ionic) =  -14.865309

SPLIT: Orbitals with angular momentum L= 1

SPLIT: Basis orbitals for state 3p

SPLIT: PAO cut-off radius determined from an
SPLIT: energy shift=  0.000140 Ry
Split based on tail norm

   izeta = 1
                 lambda =    1.000000
                     rc =    3.873861
                 energy =   -3.996757
                kinetic =    6.976018
    potential(screened) =  -10.972775
       potential(ionic) =  -34.563053

SPLIT: Basis orbitals for state 4p
SPLIT: Non-perturbative polarization orbs for state 4s
SPLIT: rc(1st zeta) (re)set to: 10.0025 (expansion factor: 1.0000)
Split based on tail norm

   izeta = 1
                 lambda =    1.000000
                     rc =   10.002455
                 energy =   -0.085879
                kinetic =    0.770317
    potential(screened) =   -0.856196
       potential(ionic) =   -9.409918

SPLIT: Orbitals with angular momentum L= 2

SPLIT: Basis orbitals for state 3d

SPLIT: PAO cut-off radius determined from an
SPLIT: energy shift=  0.000140 Ry
Split based on tail norm

   izeta = 1
                 lambda =    1.000000
                     rc =    7.238756
                 energy =   -0.490123
                kinetic =    9.261574
    potential(screened) =   -9.751697
       potential(ionic) =  -30.334327

   izeta = 2
                 rmatch =    3.144499
              splitnorm =    0.150000
                 energy =   -0.401801
                kinetic =   11.021778
    potential(screened) =  -11.423579
       potential(ionic) =  -33.555539

   izeta = 3
                 rmatch =    3.972182
              splitnorm =    0.075000
                 energy =   -0.464167
                kinetic =   10.072383
    potential(screened) =  -10.536551
       potential(ionic) =  -31.940836
atom: Total number of Sankey-type orbitals: 25

atm_pop: Valence configuration (for local Pseudopot. screening):
 3s( 2.00) 4s( 2.00)                                                  
 3p( 6.00) 4p( 0.00)                                                  
 3d( 5.00)                                                            
Vna: chval, zval:   15.00000  15.00000

Vna:  Cut-off radius for the neutral-atom potential:  10.002455
comcore: Pseudo-core radius Rcore=  2.115123

atom: _________________________________________________________________________

prinput: Basis input 

PAO.BasisType split     

%block ChemicalSpeciesLabel
    1   25 Mn                      # Species index, atomic number, species label
%endblock ChemicalSpeciesLabel

%block PAO.Basis                 # Define Basis set
# WARNING: This information might be incomplete!
Mn                    5                    # Species label, number of l-shells
 n=3   0   1                         # n, l, Nzeta 
   3.380   
   1.000   
 n=4   0   3                         # n, l, Nzeta 
  10.002      5.430      6.342   
   1.000      1.000      1.000   
 n=3   1   1                         # n, l, Nzeta 
   3.874   
   1.000   
 n=4   1   1                         # n, l, Nzeta 
  10.002   
   1.000   
 n=3   2   3                         # n, l, Nzeta 
   7.239      3.144      3.972   
   1.000      1.000      1.000   
%endblock PAO.Basis

prinput: ----------------------------------------------------------------------

coor:   Atomic-coordinates input format  =     Fractional

siesta: Atomic coordinates (Bohr) and species
siesta:      0.00000   0.00000   0.00000  1        1
siesta:      2.35178   2.35178   3.32592  1        2
siesta:      0.00000   0.00000   6.65184  1        3
siesta:      2.35178   2.35178   9.97775  1        4
siesta:      0.00000   0.00000  13.30367  1        5
siesta:      2.35178   2.35178  16.62959  1        6

siesta: System type = bulk      

initatomlists: Number of atoms, orbitals, and projectors:      6   150   108

coxmol: Writing XMOL coordinates into file hea.xyz                                                                                                                                                                                                                             

siesta: ******************** Simulation parameters ****************************
siesta:
siesta: The following are some of the parameters of the simulation.
siesta: A complete list of the parameters used, including default values,
siesta: can be found in file out.fdf
siesta:
redata: Spin configuration                          = collinear
redata: Number of spin components                   = 2
redata: Time-Reversal Symmetry                      = T
redata: Spin spiral                                 = F
redata: Long output                                 =   F
redata: Number of Atomic Species                    =        1
redata: Charge density info will appear in .RHO file
redata: Write Mulliken charges (when)               = end
redata: Write Mulliken Pop.                         = Atomic and Orbital charges
redata: Write Hirshfeld charges (when)              = none
redata: Write Voronoi charges (when)                = none
redata: Write spin charge (when)                    = scf
redata: Matel table size (NRTAB)                    =     1024
redata: Mesh Cutoff                                 =   300.0000 Ry
redata: Net charge of the system                    =     0.0000 |e|
redata: Min. number of SCF Iter                     =        0
redata: Max. number of SCF Iter                     =    20000
redata: SCF convergence failure will abort job
redata: SCF mix quantity                            = Hamiltonian
redata: Mix DM or H after convergence               =   F
redata: Recompute H after scf cycle                 =   F
redata: Mix DM in first SCF step                    =   T
redata: Write Pulay info on disk                    =   F
redata: New DM Occupancy tolerance                  = 0.000000000001
redata: No kicks to SCF
redata: DM Mixing Weight for Kicks                  =     0.5000
redata: Require Harris convergence for SCF          =   F
redata: Harris energy tolerance for SCF             =     0.000100 eV
redata: Require DM convergence for SCF              =   T
redata: DM tolerance for SCF                        =     0.000500
redata: Require EDM convergence for SCF             =   F
redata: EDM tolerance for SCF                       =     0.001000 eV
redata: Require H convergence for SCF               =   F
redata: Hamiltonian tolerance for SCF               =     0.005000 eV
redata: Require (free) Energy convergence for SCF   =   F
redata: (free) Energy tolerance for SCF             =     0.000100 eV
redata: Antiferro initial spin density              =   F
redata: Using DFT-D3 dispersion                     =   F
redata: Using Saved Data (generic)                  =   F
redata: Use continuation files for DM               =   F
redata: Neglect nonoverlap interactions             =   F
redata: Method of Calculation                       = Diagonalization
redata: Electronic Temperature                      =   300.0000 K
redata: Fix the spin of the system                  =   F
redata: Max. number of TDED Iter                    =        1
redata: Number of TDED substeps                     =        3
redata: Dynamics option                             = CG coord. optimization
redata: Variable cell                               =   T
redata: Use continuation files for CG               =   F
redata: Max atomic displ per move                   =     0.1058 Ang
redata: Maximum number of optimization moves        =      500
redata: Force tolerance                             =     0.0500 eV/Ang
redata: Stress tolerance                            =     1.0000 GPa
mix.SCF: Broyden mixing                          = Broyden
mix.SCF:    History steps                        = 8
mix.SCF:    Linear mixing weight                 =     0.070000
mix.SCF:    Inverse Jacobian weight              =     0.070000
mix.SCF:    Weight prime                         =     0.070000
mix.SCF:    SVD condition                        = 0.1000E-07
mix.SCF: Spin-component mixing                   all
redata: ***********************************************************************

%block SCF.Mixers
  Broyden
%endblock SCF.Mixers

%block SCF.Mixer.Broyden
  # Mixing method
  method broyden

  # Mixing options
  weight 0.0700
  weight.linear 0.0700
  weight.prime 0.0700
  history 8
%endblock SCF.Mixer.Broyden

DM_history_depth set to one: no extrapolation allowed by default for geometry relaxation
Size of DM history Fstack: 1
Total number of electrons:    90.000000
Total ionic charge:    90.000000

* ProcessorY, Blocksize:    3   4


* Orbital distribution balance (max,min):     8     4

k-point displ. along   1 input, could be:     0.00    0.50
k-point displ. along   2 input, could be:     0.00    0.50
k-point displ. along   3 input, could be:     0.00    0.50
 Kpoints in:           48 . Kpoints trimmed:           46

siesta: k-grid: Number of k-points = 46
siesta: k-points from Monkhorst-Pack grid
siesta: k-cutoff (effective) =     7.467 Ang
siesta: k-point supercell and displacements
siesta: k-grid:     6     0     0      0.000
siesta: k-grid:     0     6     0      0.000
siesta: k-grid:     0     0     2      0.000
k-point displ. along   1 input, could be:     0.00    0.50
k-point displ. along   2 input, could be:     0.00    0.50
k-point displ. along   3 input, could be:     0.00    0.50
 Kpoints in:           48 . Kpoints trimmed:           46

siesta: PDOS k-grid: Number of k-points = 46
siesta: PDOS k-points from Monkhorst-Pack grid
siesta: PDOS k-cutoff (effective) =     0.000 Ang
siesta: PDOS k-point supercell and displacements
siesta: k-grid:     6     0     0      0.000
siesta: k-grid:     0     6     0      0.000
siesta: k-grid:     0     0     2      0.000

diag: Algorithm                                     = D&C
diag: Parallel over k                               =   F
diag: Use parallel 2D distribution                  =   T
diag: Parallel block-size                           = 4
diag: Parallel distribution                         =     6 x     6
diag: Used triangular part                          = Lower
diag: Absolute tolerance                            =  0.100E-15
diag: Orthogonalization factor                      =  0.100E-05
diag: Memory factor                                 =  1.0000
diag: The diagonalization method chosen cannot compute a reduced number of eigenvectors.
diag: Resetting neigwanted 67 to 150

superc: Internal auxiliary supercell:     9 x     9 x     3  =     243
superc: Number of atoms, orbitals, and projectors:   1458  36450  26244


ts: **************************************************************
ts: Save H and S matrices                           =    F
ts: Save DM and EDM matrices                        =    F
ts: Only save the overlap matrix S                  =    F
ts: **************************************************************

************************ Begin: TS CHECKS AND WARNINGS ************************
************************ End: TS CHECKS AND WARNINGS **************************


                     ====================================
                        Begin CG opt. move =      0
                     ====================================

superc: Internal auxiliary supercell:     9 x     9 x     3  =     243
superc: Number of atoms, orbitals, and projectors:   1458  36450  26244

outcell: Unit cell vectors (Ang):
        2.489016    0.000000    0.000000
        0.000000    2.489016    0.000000
        0.000000    0.000000   10.560000

outcell: Cell vector modules (Ang)   :    2.489016    2.489016   10.560000
outcell: Cell angles (23,13,12) (deg):     90.0000     90.0000     90.0000
outcell: Cell volume (Ang**3)        :     65.4213
<dSpData1D:S at geom step 0
  <sparsity:sparsity for geom step 0
    nrows_g=150 nrows=8 sparsity=1.1949 nnzs=26886, refcount: 7>
  <dData1D:(new from dSpData1D) n=26886, refcount: 1>
refcount: 1>
new_DM -- step:     1
Initializing Density Matrix...
DM filled with atomic data:
<dSpData2D:DM initialized from atoms
  <sparsity:sparsity for geom step 0
    nrows_g=150 nrows=8 sparsity=1.1949 nnzs=26886, refcount: 8>
  <dData2D:DM n=26886 m=2, refcount: 1>
refcount: 1>
No. of atoms with KB's overlaping orbs in proc 0. Max # of overlaps:     100     783

InitMesh: MESH = 30 x 30 x 120 = 108000
InitMesh: Mesh cutoff (required, used) =   300.000   356.892 Ry
New grid distribution [1]: sub = 2
New grid distribution [2]: sub = 2
New grid distribution [3]: sub = 2
Setting up quadratic distribution...

stepf: Fermi-Dirac step function

siesta: Program's energy decomposition (eV):
siesta: Ebs     =     -3514.701712
siesta: Eions   =     24069.991265
siesta: Ena     =      2495.792901
siesta: Ekin    =      7745.599939
siesta: Enl     =     -1122.326800
siesta: Eso     =         0.000000
siesta: Edftu   =         0.000000
siesta: DEna    =       152.149583
siesta: DUscf   =         3.320929
siesta: DUext   =         0.000000
siesta: Ex      =     -2778.055460
siesta: Ec      =      -172.961964
siesta: Exc     =     -2951.017424
siesta: EbV     =         0.000000
siesta: eta*DQ  =         0.000000
siesta: Emadel  =         0.000000
siesta: Emeta   =         0.000000
siesta: Emolmec =         0.000000
siesta: Ekinion =         0.000000
siesta: Eharris =    -17651.277119
siesta: Etot    =    -17746.472138
siesta: FreeEng =    -17746.506001

        iscf     Eharris(eV)        E_KS(eV)     FreeEng(eV)     dDmax    Ef(eV) dHmax(eV)
   scf:    1   -17651.277119   -17746.472138   -17746.506001  3.291614 -6.264731  4.276277
     spin moment: {S} , |S| = {        0.0        0.0   18.61661 }    18.61661
timer: Routine,Calls,Time,% = IterSCF        1       3.546  38.64
   scf:    2   -17747.703343   -17747.095442   -17747.129746  0.390048 -6.396140  3.726028
     spin moment: {S} , |S| = {        0.0        0.0   18.34090 }    18.34090
   scf:    3   -17750.990771   -17749.347888   -17749.372684  1.841900 -7.180820  0.742819
     spin moment: {S} , |S| = {        0.0        0.0   16.52476 }    16.52476
   scf:    4   -17750.823391   -17750.253422   -17750.275295  0.414612 -6.897444  2.319374
     spin moment: {S} , |S| = {        0.0        0.0   13.54829 }    13.54829
   scf:    5   -17755.703118   -17752.291326   -17752.304610  1.509083 -8.080515  2.242225
     spin moment: {S} , |S| = {        0.0        0.0    5.62453 }     5.62453
   scf:    6   -17752.289833   -17752.289275   -17752.301239  0.025248 -8.054147  2.217741
     spin moment: {S} , |S| = {        0.0        0.0    5.87183 }     5.87183
   scf:    7   -17752.807073   -17752.646306   -17752.667184  0.263499 -7.619484  0.703851
     spin moment: {S} , |S| = {        0.0        0.0    7.22954 }     7.22954
   scf:    8   -17752.714123   -17752.680543   -17752.699669  0.009887 -7.599449  0.553620
     spin moment: {S} , |S| = {        0.0        0.0    7.14704 }     7.14704
   scf:    9   -17750.239681   -17751.240323   -17751.267202  0.712883 -7.106836  1.780707
     spin moment: {S} , |S| = {        0.0        0.0   11.18675 }    11.18675
   scf:   10   -17752.326926   -17751.816637   -17751.848369  0.415464 -7.340204  0.673296
     spin moment: {S} , |S| = {        0.0        0.0   10.25475 }    10.25475
   scf:   11   -17752.117700   -17751.963152   -17751.993013  0.065611 -7.375542  0.546224
     spin moment: {S} , |S| = {        0.0        0.0    9.77691 }     9.77691
   scf:   12   -17753.166608   -17752.499313   -17752.523901  0.253956 -7.575671  0.615584
     spin moment: {S} , |S| = {        0.0        0.0    7.79099 }     7.79099
   scf:   13   -17750.871537   -17751.484819   -17751.510970  0.485740 -7.268992  1.060855
     spin moment: {S} , |S| = {        0.0        0.0   11.17722 }    11.17722
   scf:   14   -17745.567125   -17747.261461   -17747.276479  1.311784 -6.922382  1.534274
     spin moment: {S} , |S| = {        0.0        0.0   19.55733 }    19.55733
   scf:   15   -17772.611705   -17753.179687   -17753.188921  2.045808 -7.864982  1.363299
     spin moment: {S} , |S| = {        0.0        0.0    1.34936 }     1.34936
   scf:   16   -17753.369219   -17753.277537   -17753.286555  0.025946 -7.820021  1.142792
     spin moment: {S} , |S| = {        0.0        0.0    1.41565 }     1.41565
   scf:   17   -17753.040226   -17753.148660   -17753.165815  0.056145 -7.891932  1.360667
     spin moment: {S} , |S| = {        0.0        0.0    2.01183 }     2.01183
   scf:   18   -17753.206215   -17753.138486   -17753.165690  0.125303 -7.791033  0.993510
     spin moment: {S} , |S| = {        0.0        0.0    3.53260 }     3.53260
   scf:   19   -17752.840568   -17752.907485   -17752.921282  0.235939 -7.984205  1.932615
     spin moment: {S} , |S| = {        0.0        0.0    1.16281 }     1.16281
   scf:   20   -17753.555135   -17753.222081   -17753.248547  0.194552 -7.785950  1.019016
     spin moment: {S} , |S| = {        0.0        0.0    2.67536 }     2.67536
   scf:   21   -17753.217628   -17753.205622   -17753.236186  0.099697 -7.709223  0.604467
     spin moment: {S} , |S| = {        0.0        0.0    3.74375 }     3.74375
   scf:   22   -17753.260233   -17753.273060   -17753.297664  0.115888 -7.506806  0.593260
     spin moment: {S} , |S| = {        0.0        0.0    3.50854 }     3.50854
   scf:   23   -17753.689223   -17753.438128   -17753.457255  0.114742 -7.568041  0.178908
     spin moment: {S} , |S| = {        0.0        0.0    1.94169 }     1.94169
   scf:   24   -17753.591518   -17753.487919   -17753.504534  0.119136 -7.582044  0.271775
     spin moment: {S} , |S| = {        0.0        0.0    0.96286 }     0.96286
   scf:   25   -17753.495602   -17753.491524   -17753.506417  0.014578 -7.569227  0.219927
     spin moment: {S} , |S| = {        0.0        0.0    1.06669 }     1.06669
   scf:   26   -17753.525744   -17753.495799   -17753.512571  0.121453 -7.591751  0.262636
     spin moment: {S} , |S| = {        0.0        0.0    0.32192 }     0.32192
   scf:   27   -17753.538230   -17753.495896   -17753.507268  0.137467 -7.554586  0.205832
     spin moment: {S} , |S| = {        0.0        0.0    1.23255 }     1.23255
   scf:   28   -17753.495346   -17753.495761   -17753.508190  0.012682 -7.569396  0.260883
     spin moment: {S} , |S| = {        0.0        0.0    1.17099 }     1.17099
   scf:   29   -17753.495777   -17753.494682   -17753.504321  0.021177 -7.563214  0.124965
     spin moment: {S} , |S| = {        0.0        0.0    1.34956 }     1.34956
   scf:   30   -17753.493813   -17753.494218   -17753.504311  0.005659 -7.567649  0.127557
     spin moment: {S} , |S| = {        0.0        0.0    1.39335 }     1.39335
   scf:   31   -17753.491528   -17753.492933   -17753.504440  0.008296 -7.565104  0.146014
     spin moment: {S} , |S| = {        0.0        0.0    1.42558 }     1.42558
   scf:   32   -17753.504630   -17753.498514   -17753.508489  0.010667 -7.550732  0.097382
     spin moment: {S} , |S| = {        0.0        0.0    1.34679 }     1.34679
   scf:   33   -17753.490318   -17753.494279   -17753.504526  0.009785 -7.555735  0.109530
     spin moment: {S} , |S| = {        0.0        0.0    1.39929 }     1.39929
   scf:   34   -17753.511101   -17753.501987   -17753.512368  0.020413 -7.550154  0.091998
     spin moment: {S} , |S| = {        0.0        0.0    1.28915 }     1.28915
   scf:   35   -17753.506272   -17753.504056   -17753.514960  0.008087 -7.549453  0.083610
     spin moment: {S} , |S| = {        0.0        0.0    1.24596 }     1.24596
   scf:   36   -17753.518907   -17753.510658   -17753.524278  0.036803 -7.551722  0.089597
     spin moment: {S} , |S| = {        0.0        0.0    1.10992 }     1.10992
   scf:   37   -17753.513772   -17753.512142   -17753.526933  0.011781 -7.552278  0.083257
     spin moment: {S} , |S| = {        0.0        0.0    1.06131 }     1.06131
   scf:   38   -17753.513231   -17753.512709   -17753.528081  0.009641 -7.555544  0.075554
     spin moment: {S} , |S| = {        0.0        0.0    1.02925 }     1.02925
   scf:   39   -17753.543411   -17753.523706   -17753.541272  0.059687 -7.562970  0.043143
     spin moment: {S} , |S| = {        0.0        0.0    0.70403 }     0.70403
   scf:   40   -17753.527960   -17753.525725   -17753.542940  0.011653 -7.564854  0.044623
     spin moment: {S} , |S| = {        0.0        0.0    0.63826 }     0.63826
   scf:   41   -17753.519761   -17753.507524   -17753.518095  0.100534 -7.553004  0.081169
     spin moment: {S} , |S| = {        0.0        0.0    1.28510 }     1.28510
   scf:   42   -17753.644834   -17753.539684   -17753.553542  0.171955 -7.572664  0.034821
     spin moment: {S} , |S| = {        0.0        0.0    0.29463 }     0.29463
   scf:   43   -17753.534511   -17753.536677   -17753.551270  0.021927 -7.566353  0.045574
     spin moment: {S} , |S| = {        0.0        0.0    0.41450 }     0.41450
   scf:   44   -17753.549369   -17753.541296   -17753.555189  0.040704 -7.573596  0.020715
     spin moment: {S} , |S| = {        0.0        0.0    0.20095 }     0.20095
   scf:   45   -17753.539645   -17753.540208   -17753.554109  0.017302 -7.571385  0.026565
     spin moment: {S} , |S| = {        0.0        0.0    0.28916 }     0.28916
   scf:   46   -17753.550405   -17753.542208   -17753.556365  0.043698 -7.574656  0.027220
     spin moment: {S} , |S| = {        0.0        0.0    0.00615 }     0.00615
   scf:   47   -17753.542886   -17753.541944   -17753.556070  0.016528 -7.573580  0.015810
     spin moment: {S} , |S| = {        0.0        0.0   -0.11953 }    -0.11953
   scf:   48   -17753.545783   -17753.542268   -17753.556231  0.029308 -7.572997  0.013250
     spin moment: {S} , |S| = {        0.0        0.0    0.08831 }     0.08831
   scf:   49   -17753.542462   -17753.542352   -17753.556308  0.003005 -7.573160  0.006580
     spin moment: {S} , |S| = {        0.0        0.0    0.06882 }     0.06882
   scf:   50   -17753.542640   -17753.542382   -17753.556428  0.007932 -7.573165  0.003801
     spin moment: {S} , |S| = {        0.0        0.0    0.01514 }     0.01514
   scf:   51   -17753.542386   -17753.542379   -17753.556439  0.002181 -7.572991  0.002222
     spin moment: {S} , |S| = {        0.0        0.0    0.00493 }     0.00493
   scf:   52   -17753.542386   -17753.542382   -17753.556440  0.000383 -7.572936  0.002012
     spin moment: {S} , |S| = {        0.0        0.0    0.00352 }     0.00352

SCF Convergence by DM criterion
max |DM_out - DM_in|         :     0.0003833170
max |H_out - H_in|      (eV) :     0.0020121632
SCF cycle converged after 52 iterations

Using DM_out to compute the final energy and forces
No. of atoms with KB's overlaping orbs in proc 0. Max # of overlaps:     100     783

siesta: E_KS(eV) =           -17753.5424

siesta: E_KS - E_eggbox =    -17753.5424

siesta: Atomic forces (eV/Ang):
     1   -0.000000    0.000000    0.000047
     2    0.000000    0.000000    0.000098
     3    0.000000    0.000000    0.000002
     4    0.000000   -0.000000   -0.000057
     5    0.000000   -0.000000   -0.000049
     6   -0.000000   -0.000000   -0.000041
----------------------------------------
   Tot   -0.000000    0.000000   -0.000000
----------------------------------------
   Max    0.000098
   Res    0.000033    sqrt( Sum f_i^2 / 3N )
----------------------------------------
   Max    0.000098    constrained

Stress tensor Voigt[x,y,z,yz,xz,xy] (kbar):      144.23      144.23      125.46       -0.00       -0.00       -0.00
(Free)E + p*V (eV/cell)   -17759.1902
Target enthalpy (eV/cell)   -17753.5564

siesta: Stress tensor (static) (eV/Ang**3):
         0.090020    0.000000   -0.000000
        -0.000000    0.090020    0.000000
        -0.000000   -0.000000    0.078304

siesta: Pressure (static):       -137.97042029  kBar

siesta: Stress tensor (total) (eV/Ang**3):
         0.090020    0.000000   -0.000000
        -0.000000    0.090020    0.000000
        -0.000000   -0.000000    0.078304

siesta: Pressure (total):       -137.97042029  kBar

cgvc: No target stress found, assuming hydrostatic MD.TargetPressure.

cgvc: Target stress (kBar)
cgvc:        -0.000       0.000       0.000
cgvc:         0.000      -0.000       0.000
cgvc:         0.000       0.000      -0.000

                     ====================================
                        Begin CG opt. move =      1
                     ====================================
k-point displ. along   1 input, could be:     0.00    0.50
k-point displ. along   2 input, could be:     0.00    0.50
k-point displ. along   3 input, could be:     0.00    0.50
 Kpoints in:           48 . Kpoints trimmed:           46

siesta: k-grid: Number of k-points = 46
siesta: k-points from Monkhorst-Pack grid
siesta: k-cutoff (effective) =     7.372 Ang
siesta: k-point supercell and displacements
siesta: k-grid:     6     0     0      0.000
siesta: k-grid:     0     6     0      0.000
siesta: k-grid:     0     0     2      0.000

superc: Internal auxiliary supercell:     9 x     9 x     3  =     243
superc: Number of atoms, orbitals, and projectors:   1458  36450  26244

outcell: Unit cell vectors (Ang):
        2.457284   -0.000000    0.000000
       -0.000000    2.457284    0.000000
        0.000000    0.000000   10.442894

outcell: Cell vector modules (Ang)   :    2.457284    2.457284   10.442894
outcell: Cell angles (23,13,12) (deg):     90.0000     90.0000     90.0000
outcell: Cell volume (Ang**3)        :     63.0567
<dSpData1D:S at geom step 1
  <sparsity:sparsity for geom step 1
    nrows_g=150 nrows=8 sparsity=1.1949 nnzs=26886, refcount: 7>
  <dData1D:(new from dSpData1D) n=26886, refcount: 1>
refcount: 1>
new_DM -- step:     2
Re-using DM from previous geometries...
Number of DMs in history: 1
 DM extrapolation coefficients: 
1   1.00000
New DM after history re-use:
<dSpData2D:SpM extrapolated using coords
  <sparsity:sparsity for geom step 1
    nrows_g=150 nrows=8 sparsity=1.1949 nnzs=26886, refcount: 9>
  <dData2D:(temp array for extrapolation) n=26886 m=2, refcount: 1>
refcount: 1>
No. of atoms with KB's overlaping orbs in proc 0. Max # of overlaps:     100     783

InitMesh: MESH = 30 x 30 x 120 = 108000
InitMesh: Mesh cutoff (required, used) =   300.000   364.941 Ry
New grid distribution [1]: sub = 2
New grid distribution [2]: sub = 2
New grid distribution [3]: sub = 2
Setting up quadratic distribution...

        iscf     Eharris(eV)        E_KS(eV)     FreeEng(eV)     dDmax    Ef(eV) dHmax(eV)
   scf:    1   -17748.959465   -17753.665452   -17753.678874  0.107738 -7.652299  0.273133
     spin moment: {S} , |S| = {        0.0        0.0    0.00244 }     0.00244
   scf:    2   -17753.244485   -17753.535011   -17753.548346  0.077751 -7.817510  2.312628
     spin moment: {S} , |S| = {        0.0        0.0    0.00177 }     0.00177
   scf:    3   -17753.630175   -17753.669015   -17753.682431  0.068643 -7.668850  0.396489
     spin moment: {S} , |S| = {        0.0        0.0    0.00237 }     0.00237
   scf:    4   -17753.677664   -17753.675700   -17753.689114  0.022666 -7.712363  0.038807
     spin moment: {S} , |S| = {        0.0        0.0    0.00216 }     0.00216
   scf:    5   -17753.675788   -17753.675786   -17753.689201  0.001623 -7.713338  0.008325
     spin moment: {S} , |S| = {        0.0        0.0    0.00213 }     0.00213
   scf:    6   -17753.675787   -17753.675787   -17753.689201  0.000091 -7.713368  0.004504
     spin moment: {S} , |S| = {        0.0        0.0    0.00212 }     0.00212

SCF Convergence by DM criterion
max |DM_out - DM_in|         :     0.0000914418
max |H_out - H_in|      (eV) :     0.0045036007
SCF cycle converged after 6 iterations

Using DM_out to compute the final energy and forces
No. of atoms with KB's overlaping orbs in proc 0. Max # of overlaps:     100     783

siesta: E_KS(eV) =           -17753.6758

siesta: Atomic forces (eV/Ang):
     1    0.000000   -0.000000    0.000049
     2    0.000000   -0.000000   -0.000196
     3   -0.000000   -0.000000   -0.000711
     4   -0.000000   -0.000000   -0.000179
     5   -0.000000    0.000000    0.000660
     6   -0.000000    0.000000    0.000367
----------------------------------------
   Tot   -0.000000    0.000000   -0.000009
----------------------------------------
   Max    0.000711
   Res    0.000253    sqrt( Sum f_i^2 / 3N )
----------------------------------------
   Max    0.000711    constrained

Stress tensor Voigt[x,y,z,yz,xz,xy] (kbar):       41.66       41.66       29.34       -0.00        0.00       -0.00
(Free)E + p*V (eV/cell)   -17755.1671
Target enthalpy (eV/cell)   -17753.6892

siesta: Stress tensor (static) (eV/Ang**3):
         0.026000   -0.000000    0.000000
        -0.000000    0.026000   -0.000000
         0.000000   -0.000000    0.018315

siesta: Pressure (static):        -37.55193920  kBar

siesta: Stress tensor (total) (eV/Ang**3):
         0.026000   -0.000000    0.000000
        -0.000000    0.026000   -0.000000
         0.000000   -0.000000    0.018315

siesta: Pressure (total):        -37.55193920  kBar

                     ====================================
                        Begin CG opt. move =      2
                     ====================================
k-point displ. along   1 input, could be:     0.00    0.50
k-point displ. along   2 input, could be:     0.00    0.50
k-point displ. along   3 input, could be:     0.00    0.50
 Kpoints in:           48 . Kpoints trimmed:           46

siesta: k-grid: Number of k-points = 46
siesta: k-points from Monkhorst-Pack grid
siesta: k-cutoff (effective) =     7.220 Ang
siesta: k-point supercell and displacements
siesta: k-grid:     6     0     0      0.000
siesta: k-grid:     0     6     0      0.000
siesta: k-grid:     0     0     2      0.000

superc: Internal auxiliary supercell:     9 x     9 x     3  =     243
superc: Number of atoms, orbitals, and projectors:   1458  36450  26244

outcell: Unit cell vectors (Ang):
        2.406512   -0.000000    0.000000
       -0.000000    2.406512    0.000000
        0.000000    0.000000   10.255524

outcell: Cell vector modules (Ang)   :    2.406512    2.406512   10.255524
outcell: Cell angles (23,13,12) (deg):     90.0000     90.0000     90.0000
outcell: Cell volume (Ang**3)        :     59.3928
<dSpData1D:S at geom step 2
  <sparsity:sparsity for geom step 2
    nrows_g=150 nrows=8 sparsity=1.2988 nnzs=29222, refcount: 7>
  <dData1D:(new from dSpData1D) n=29222, refcount: 1>
refcount: 1>
new_DM -- step:     3
Re-using DM from previous geometries...
Number of DMs in history: 1
 DM extrapolation coefficients: 
1   1.00000
New DM after history re-use:
<dSpData2D:SpM extrapolated using coords
  <sparsity:sparsity for geom step 2
    nrows_g=150 nrows=8 sparsity=1.2988 nnzs=29222, refcount: 9>
  <dData2D:(temp array for extrapolation) n=29222 m=2, refcount: 1>
refcount: 1>
Note: For starting DM, Qtot, Tr[D*S] =         90.00000000         89.80665268
No. of atoms with KB's overlaping orbs in proc 0. Max # of overlaps:     100     807

InitMesh: MESH = 30 x 30 x 108 = 97200
InitMesh: Mesh cutoff (required, used) =   300.000   306.502 Ry
New grid distribution [1]: sub = 2
New grid distribution [2]: sub = 2
New grid distribution [3]: sub = 2
Setting up quadratic distribution...

        iscf     Eharris(eV)        E_KS(eV)     FreeEng(eV)     dDmax    Ef(eV) dHmax(eV)
   scf:    1   -17744.161741   -17753.490692   -17753.503228  0.204549 -7.835435  0.649712
     spin moment: {S} , |S| = {        0.0        0.0    0.00146 }     0.00146
   scf:    2   -17742.837129   -17749.993459   -17750.005095  0.229387 -8.164304 11.568985
     spin moment: {S} , |S| = {        0.0        0.0    0.00085 }     0.00085
   scf:    3   -17753.409577   -17753.507187   -17753.519726  0.220137 -7.862847  0.536710
     spin moment: {S} , |S| = {        0.0        0.0    0.00142 }     0.00142
   scf:    4   -17753.541530   -17753.531528   -17753.544090  0.067774 -7.950014  0.127065
     spin moment: {S} , |S| = {        0.0        0.0    0.00128 }     0.00128
   scf:    5   -17753.532777   -17753.532778   -17753.545348  0.007374 -7.960357  0.045899
     spin moment: {S} , |S| = {        0.0        0.0    0.00125 }     0.00125
   scf:    6   -17753.532818   -17753.532821   -17753.545390  0.000550 -7.960450  0.008425
     spin moment: {S} , |S| = {        0.0        0.0    0.00124 }     0.00124
   scf:    7   -17753.532826   -17753.532824   -17753.545392  0.000152 -7.960500  0.004131
     spin moment: {S} , |S| = {        0.0        0.0    0.00123 }     0.00123

SCF Convergence by DM criterion
max |DM_out - DM_in|         :     0.0001524904
max |H_out - H_in|      (eV) :     0.0041305569
SCF cycle converged after 7 iterations

Using DM_out to compute the final energy and forces
No. of atoms with KB's overlaping orbs in proc 0. Max # of overlaps:     100     807

siesta: E_KS(eV) =           -17753.5328

siesta: Atomic forces (eV/Ang):
     1    0.000000    0.000000   -0.000068
     2   -0.000000   -0.000000   -0.000252
     3   -0.000000   -0.000000   -0.000111
     4   -0.000000    0.000000    0.000068
     5    0.000000    0.000000    0.000192
     6    0.000000   -0.000000    0.000170
----------------------------------------
   Tot    0.000000    0.000000   -0.000000
----------------------------------------
   Max    0.000252
   Res    0.000092    sqrt( Sum f_i^2 / 3N )
----------------------------------------
   Max    0.000252    constrained

Stress tensor Voigt[x,y,z,yz,xz,xy] (kbar):     -166.93     -166.93     -179.67       -0.00        0.00        0.00
(Free)E + p*V (eV/cell)   -17747.1999
Target enthalpy (eV/cell)   -17753.5454

siesta: Stress tensor (static) (eV/Ang**3):
        -0.104188    0.000000    0.000000
         0.000000   -0.104188    0.000000
         0.000000   -0.000000   -0.112139

siesta: Pressure (static):        171.17438013  kBar

siesta: Stress tensor (total) (eV/Ang**3):
        -0.104188    0.000000    0.000000
         0.000000   -0.104188    0.000000
         0.000000   -0.000000   -0.112139

siesta: Pressure (total):        171.17438013  kBar

                     ====================================
                        Begin CG opt. move =      3
                     ====================================
k-point displ. along   1 input, could be:     0.00    0.50
k-point displ. along   2 input, could be:     0.00    0.50
k-point displ. along   3 input, could be:     0.00    0.50
 Kpoints in:           48 . Kpoints trimmed:           46

siesta: k-grid: Number of k-points = 46
siesta: k-points from Monkhorst-Pack grid
siesta: k-cutoff (effective) =     7.343 Ang
siesta: k-point supercell and displacements
siesta: k-grid:     6     0     0      0.000
siesta: k-grid:     0     6     0      0.000
siesta: k-grid:     0     0     2      0.000

superc: Internal auxiliary supercell:     9 x     9 x     3  =     243
superc: Number of atoms, orbitals, and projectors:   1458  36450  26244

outcell: Unit cell vectors (Ang):
        2.447598   -0.000000    0.000000
       -0.000000    2.447598    0.000000
        0.000000    0.000000   10.407148

outcell: Cell vector modules (Ang)   :    2.447598    2.447598   10.407148
outcell: Cell angles (23,13,12) (deg):     90.0000     90.0000     90.0000
outcell: Cell volume (Ang**3)        :     62.3465
<dSpData1D:S at geom step 3
  <sparsity:sparsity for geom step 3
    nrows_g=150 nrows=8 sparsity=1.1949 nnzs=26886, refcount: 7>
  <dData1D:(new from dSpData1D) n=26886, refcount: 1>
refcount: 1>
new_DM -- step:     4
Re-using DM from previous geometries...
Number of DMs in history: 1
 DM extrapolation coefficients: 
1   1.00000
New DM after history re-use:
<dSpData2D:SpM extrapolated using coords
  <sparsity:sparsity for geom step 3
    nrows_g=150 nrows=8 sparsity=1.1949 nnzs=26886, refcount: 9>
  <dData2D:(temp array for extrapolation) n=26886 m=2, refcount: 1>
refcount: 1>
Note: For starting DM, Qtot, Tr[D*S] =         90.00000000         90.20896822
No. of atoms with KB's overlaping orbs in proc 0. Max # of overlaps:     100     783

InitMesh: MESH = 30 x 30 x 120 = 108000
InitMesh: Mesh cutoff (required, used) =   300.000   367.452 Ry
New grid distribution [1]: sub = 2
New grid distribution [2]: sub = 2
New grid distribution [3]: sub = 2
Setting up quadratic distribution...

        iscf     Eharris(eV)        E_KS(eV)     FreeEng(eV)     dDmax    Ef(eV) dHmax(eV)
   scf:    1   -17761.862362   -17753.625564   -17753.638838  0.153390 -7.905783  0.632432
     spin moment: {S} , |S| = {        0.0        0.0    0.00091 }     0.00091
   scf:    2   -17752.897338   -17753.436567   -17753.450021  0.238914 -7.516112  2.686615
     spin moment: {S} , |S| = {        0.0        0.0    0.00065 }     0.00065
   scf:    3   -17753.485717   -17753.644783   -17753.657987  0.211334 -7.831665  1.172984
     spin moment: {S} , |S| = {        0.0        0.0    0.00085 }     0.00085
   scf:    4   -17753.689295   -17753.684797   -17753.698013  0.035059 -7.760997  0.040980
     spin moment: {S} , |S| = {        0.0        0.0    0.00079 }     0.00079
   scf:    5   -17753.684880   -17753.684881   -17753.698098  0.001299 -7.760639  0.011571
     spin moment: {S} , |S| = {        0.0        0.0    0.00079 }     0.00079
   scf:    6   -17753.684882   -17753.684882   -17753.698101  0.000098 -7.760638  0.006499
     spin moment: {S} , |S| = {        0.0        0.0    0.00078 }     0.00078

SCF Convergence by DM criterion
max |DM_out - DM_in|         :     0.0000982300
max |H_out - H_in|      (eV) :     0.0064988707
SCF cycle converged after 6 iterations

Using DM_out to compute the final energy and forces
No. of atoms with KB's overlaping orbs in proc 0. Max # of overlaps:     100     783

siesta: E_KS(eV) =           -17753.6849

siesta: Atomic forces (eV/Ang):
     1    0.000000    0.000000    0.000406
     2    0.000000    0.000000   -0.000333
     3    0.000000   -0.000000   -0.000900
     4   -0.000000    0.000000   -0.000455
     5   -0.000000    0.000000    0.000495
     6    0.000000    0.000000    0.000791
----------------------------------------
   Tot    0.000000    0.000000    0.000004
----------------------------------------
   Max    0.000900
   Res    0.000347    sqrt( Sum f_i^2 / 3N )
----------------------------------------
   Max    0.000900    constrained

Stress tensor Voigt[x,y,z,yz,xz,xy] (kbar):        4.90        4.90       -6.37       -0.00       -0.00       -0.00
(Free)E + p*V (eV/cell)   -17753.7425
Target enthalpy (eV/cell)   -17753.6981

siesta: Stress tensor (static) (eV/Ang**3):
         0.003056    0.000000   -0.000000
        -0.000000    0.003056    0.000000
        -0.000000   -0.000000   -0.003975

siesta: Pressure (static):         -1.14150672  kBar

siesta: Stress tensor (total) (eV/Ang**3):
         0.003056    0.000000   -0.000000
        -0.000000    0.003056    0.000000
        -0.000000   -0.000000   -0.003975

siesta: Pressure (total):         -1.14150672  kBar

outcoor: Relaxed atomic coordinates (fractional):           
   -0.00000000    0.00000000    0.00000031   1       1  Mn
    0.50000000    0.50000000    0.16666732   1       2  Mn
    0.00000000    0.00000000    0.33333335   1       3  Mn
    0.50000000    0.50000000    0.49999962   1       4  Mn
    0.00000000   -0.00000000    0.66666634   1       5  Mn
    0.50000000    0.50000000    0.83333306   1       6  Mn

outcell: Unit cell vectors (Ang):
        2.447598   -0.000000    0.000000
       -0.000000    2.447598    0.000000
        0.000000    0.000000   10.407148

outcell: Cell vector modules (Ang)   :    2.447598    2.447598   10.407148
outcell: Cell angles (23,13,12) (deg):     90.0000     90.0000     90.0000
outcell: Cell volume (Ang**3)        :     62.3465

coxmol: Writing XMOL coordinates into file hea.xyz                                                                                                                                                                                                                             
Writing WFSX for COOP/COHP in hea.fullBZ.WFSX

diag: Algorithm                                     = D&C
diag: Parallel over k                               =   F
diag: Use parallel 2D distribution                  =   T
diag: Parallel block-size                           = 4
diag: Parallel distribution                         =     6 x     6
diag: Used triangular part                          = Lower
diag: Absolute tolerance                            =  0.100E-15
diag: Orthogonalization factor                      =  0.100E-05
diag: Memory factor                                 =  1.0000

diag: Algorithm                                     = D&C
diag: Parallel over k                               =   F
diag: Use parallel 2D distribution                  =   T
diag: Parallel block-size                           = 4
diag: Parallel distribution                         =     6 x     6
diag: Used triangular part                          = Lower
diag: Absolute tolerance                            =  0.100E-15
diag: Orthogonalization factor                      =  0.100E-05
diag: Memory factor                                 =  1.0000

siesta: PDOS info
siesta: E1 -- E2, sigma [eV], nhist:  -20.000 --   20.000    0.100 1000

diag: Algorithm                                     = D&C
diag: Parallel over k                               =   F
diag: Use parallel 2D distribution                  =   T
diag: Parallel block-size                           = 4
diag: Parallel distribution                         =     6 x     6
diag: Used triangular part                          = Lower
diag: Absolute tolerance                            =  0.100E-15
diag: Orthogonalization factor                      =  0.100E-05
diag: Memory factor                                 =  1.0000

siesta: Program's energy decomposition (eV):
siesta: Ebs     =     -3474.886891
siesta: Eions   =     24069.991265
siesta: Ena     =      2488.859590
siesta: Ekin    =      7800.179483
siesta: Enl     =     -1127.032155
siesta: Eso     =         0.000000
siesta: Edftu   =         0.000000
siesta: DEna    =       105.035279
siesta: DUscf   =         1.763232
siesta: DUext   =         0.000000
siesta: Ex      =     -2777.098562
siesta: Ec      =      -175.400485
siesta: Exc     =     -2952.499046
siesta: EbV     =         0.000000
siesta: eta*DQ  =         0.000000
siesta: Emadel  =         0.000000
siesta: Emeta   =         0.000000
siesta: Emolmec =         0.000000
siesta: Ekinion =         0.000000
siesta: Eharris =    -17753.684882
siesta: Etot    =    -17753.684882
siesta: FreeEng =    -17753.698101

siesta: Final energy (eV):
siesta:  Band Struct. =   -3474.886891
siesta:       Kinetic =    7800.179483
siesta:       Hartree =    3677.066152
siesta:         Edftu =       0.000000
siesta:       Eso     =       0.000000
siesta:    Ext. field =       0.000000
siesta:         Exch. =   -2777.098562
siesta:         Corr. =    -175.400485
siesta:     Bulk bias =       0.000000
siesta:   Exch.-corr. =   -2952.499046
siesta:  Ion-electron =  -16008.414587
siesta:       Ion-ion =  -10270.016883
siesta:       Ekinion =       0.000000
siesta: D3 dispersion =       0.000000
siesta:         Total =  -17753.684882
siesta:         Fermi =      -7.760638

siesta: Stress tensor (static) (eV/Ang**3):
siesta:     0.003056    0.000000   -0.000000
siesta:    -0.000000    0.003056    0.000000
siesta:    -0.000000   -0.000000   -0.003975

siesta: Constrained stress tensor (static) (eV/Ang**3):
siesta:     0.003056   -0.000000   -0.000000
siesta:    -0.000000    0.003056    0.000000
siesta:    -0.000000    0.000000   -0.003975

siesta: Cell volume =         62.346473 Ang**3

siesta: Pressure (static):
siesta:                Solid            Molecule  Units
siesta:          -0.00000776         -0.00000800  Ry/Bohr**3
siesta:          -0.00071247         -0.00073498  eV/Ang**3
siesta:          -1.14150672         -1.17756443  kBar
(Free)E+ p_basis*V_orbitals  =      -17732.871228
(Free)Eharris+ p_basis*V_orbitals  =      -17732.871228

mulliken: Atomic and Orbital Populations:

mulliken: Spin UP 

Species: Mn                  
Atom  Qatom  Qorb
               3s      4s      4s      4s      3py     3pz     3px     4py     
               4pz     4px     3dxy    3dyz    3dz2    3dxz    3dx2-y2 3dxy    
               3dyz    3dz2    3dxz    3dx2-y2 3dxy    3dyz    3dz2    3dxz    
               3dx2-y2 
   1  7.500   0.984   0.001   0.074   0.002   0.990   0.989   0.990   0.172
              0.174   0.172   0.772   1.033   0.750   1.033   1.028  -0.065

             -0.108  -0.062  -0.108  -0.109  -0.179  -0.288  -0.171  -0.288

             -0.283
   2  7.500   0.984   0.001   0.074   0.002   0.990   0.989   0.990   0.172
              0.174   0.172   0.772   1.033   0.750   1.033   1.028  -0.065

             -0.108  -0.062  -0.108  -0.109  -0.179  -0.288  -0.171  -0.288

             -0.284
   3  7.500   0.984   0.001   0.074   0.002   0.990   0.989   0.990   0.172
              0.174   0.172   0.772   1.033   0.750   1.033   1.028  -0.065

             -0.108  -0.062  -0.108  -0.109  -0.179  -0.288  -0.171  -0.288

             -0.284
   4  7.500   0.984   0.001   0.074   0.002   0.990   0.989   0.990   0.172
              0.174   0.172   0.772   1.033   0.750   1.033   1.028  -0.065

             -0.108  -0.062  -0.108  -0.109  -0.179  -0.288  -0.171  -0.288

             -0.284
   5  7.500   0.984   0.001   0.074   0.002   0.990   0.989   0.990   0.172
              0.174   0.172   0.772   1.033   0.750   1.033   1.028  -0.065

             -0.108  -0.062  -0.108  -0.109  -0.179  -0.288  -0.171  -0.288

             -0.284
   6  7.500   0.984   0.001   0.074   0.002   0.990   0.989   0.990   0.172
              0.174   0.172   0.772   1.033   0.750   1.033   1.028  -0.065

             -0.108  -0.062  -0.108  -0.109  -0.179  -0.288  -0.171  -0.288

             -0.284

mulliken: Qtot =       45.000

mulliken: Spin DOWN 

Species: Mn                  
Atom  Qatom  Qorb
               3s      4s      4s      4s      3py     3pz     3px     4py     
               4pz     4px     3dxy    3dyz    3dz2    3dxz    3dx2-y2 3dxy    
               3dyz    3dz2    3dxz    3dx2-y2 3dxy    3dyz    3dz2    3dxz    
               3dx2-y2 
   1  7.500   0.984   0.001   0.074   0.002   0.990   0.989   0.990   0.172
              0.174   0.172   0.772   1.033   0.750   1.033   1.028  -0.065

             -0.108  -0.062  -0.108  -0.109  -0.179  -0.288  -0.171  -0.288

             -0.284
   2  7.500   0.984   0.001   0.074   0.002   0.990   0.989   0.990   0.172
              0.174   0.172   0.772   1.033   0.750   1.033   1.028  -0.065

             -0.108  -0.062  -0.108  -0.109  -0.179  -0.288  -0.171  -0.288

             -0.284
   3  7.500   0.984   0.001   0.074   0.002   0.990   0.989   0.990   0.172
              0.174   0.172   0.772   1.033   0.750   1.033   1.028  -0.065

             -0.108  -0.062  -0.108  -0.109  -0.179  -0.288  -0.171  -0.288

             -0.284
   4  7.500   0.984   0.001   0.074   0.002   0.990   0.989   0.990   0.172
              0.174   0.172   0.772   1.033   0.749   1.033   1.028  -0.065

             -0.108  -0.062  -0.108  -0.109  -0.179  -0.288  -0.171  -0.288

             -0.284
   5  7.500   0.984   0.001   0.074   0.002   0.990   0.989   0.990   0.172
              0.174   0.172   0.772   1.033   0.749   1.033   1.028  -0.065

             -0.108  -0.062  -0.108  -0.109  -0.179  -0.288  -0.171  -0.288

             -0.284
   6  7.500   0.984   0.001   0.074   0.002   0.990   0.989   0.990   0.172
              0.174   0.172   0.772   1.033   0.749   1.033   1.028  -0.065

             -0.108  -0.062  -0.108  -0.109  -0.179  -0.288  -0.171  -0.288

             -0.284

mulliken: Qtot =       45.000

Mulliken Atomic Populations:
Atom #   charge [q] valence [e]      Sz [e]  Species
     1    -0.000044   15.000044    0.000118  Mn
     2    -0.000044   15.000044    0.000123  Mn
     3    -0.000053   15.000053    0.000135  Mn
     4     0.000106   14.999894    0.000141  Mn
     5     0.000029   14.999971    0.000137  Mn
     6     0.000006   14.999994    0.000123  Mn
-------------------------------------------
 Total     0.000000                0.000778

cite: Please indicate the Siesta version in published work: 5.2.2
cite: This calculation has made use of features in the following articles
cite: which we encourage you to cite in published work.
cite: (Please see "hea.bib" for a BibTeX file.)
        Primary SIESTA paper
          DOI: www.doi.org/10.1088/0953-8984/14/11/302
        PSML pseudopotential format
          DOI: www.doi.org/10.1016/j.cpc.2018.02.011


>> End of run:  18-JUN-2025   2:00:00
Job completed
