Executable      : /home/users/felipegc/woltsoft/SIESTA/siesta-5.2.2/build/bin/siesta
Version         : 5.2.2
Architecture    : x86_64
Compiler version: GNU-9.3.0
Compiler flags  : -O3 -march=native
Parallelisations: MPI
Lua support
Native ELPA support
ELSI support. Solvers:
   ELPA (internal) 
   NTPoly
   OMM
DFT-D3 support
Wannier90 wrapper support

Runtime information:
* Directory : /home/users/felipegc/MnGaNi/top/structure_calc_234
* Running on 36 nodes in parallel.
>> Start of run:  19-JUN-2025  14:15:31

                           *********************** 
                           *  WELCOME TO SIESTA  * 
                           *********************** 

 NOTE: Siesta V5 introduces some new defaults for basis-set generation
 NOTE: which might lead to slightly different numerical results.
 NOTE: Please see the manual for full details and compatibility measures.


reinit: Reading from standard input
reinit: Dumping input in INPUT_TMP.85848
************************** Dump of input data file ****************************
SystemName          hea
SystemLabel         hea
Reparametrize.Pseudos T
Restricted.Radial.Grid F
%include atoms.fdf
MaxSCFIterations     20000
SCF.Mix              Hamiltonian
SCF.Mixer.Method     Broyden
#SCF.Mixer.Variant    original #Pulay original
SCF.Mixer.History    8
SCF.Mixer.Weight     0.07
SCF.H.Converge       False
SCF.DM.Converge      True
SCF.DM.Tolerance     5.d-4
SCF.H.Tolerance      5.d-3 eV
MeshCutoff 300.0 Ry
MD.UseSaveCG         False
DM.UseSaveDM         False
NumberOfEigenStates -20
ElectronicTemperature 300 K
WriteCoorXmol        True
XC.Functional     GGA
XC.authors        PBEsol
SpinPolarized      True
SolutionMethod       diagon
#Diag.Algorithm        MRRR
###################################
###################################
# Full template for Basis param.
###################################
###################################
Basis.Pressure 0.3 GPa
PAO.SoftDefault T
PAO.SoftPotential 50.0 Ry
PAO.SoftInnerRadius 0.70
PAO.BasisType split
PAO.EnergyShift 0.0019 eV
PAO.BasisSize TZP
PAO.SplitTailNorm T
            %block kgrid_Monkhorst_Pack
            6  0  0  0.
            0  3  0  0.
            0  0  4  0.
            %endblock kgrid_Monkhorst_Pack
            MD.TypeOfRun CG
            MD.Steps         500
            MD.VariableCell true
            MD.MaxForceTol 0.05 eV/Ang
            WriteMDHistory true
            WriteForces true
            Write.OrbitalIndex true
            Charge.Mulliken end
            COOP.Write true
            %block ProjectedDensityOfStates
            -20.00 20.00 0.1 1000 eV
            %endblock ProjectedDensityOfStates
************************** End of input data file *****************************

reinit: -----------------------------------------------------------------------
reinit: System Name: hea
reinit: -----------------------------------------------------------------------
reinit: System Label: hea
reinit: -----------------------------------------------------------------------

NOTE on units for spin output: 
{S} is the spin magnetic moment, in units of the Bohr magneton,
assuming a g-factor for the electron spin of exactly 2.
The spin magnetic moment is then numerically equal to the charge inbalance,
in units of electrons, between the spin-up and -down channels.


initatom: Reading input for the pseudopotentials and atomic orbitals ----------
Species number:   1 Atomic number:   25 Label: Mn

Ground state valence configuration (from tables):   4s02  4p00  3d05  4f00

---- Processing specs for species: Mn
Reading pseudopotential information in PSML from:
  Mn.psml
PSML file version: 1.1
Using libxc ids:  101 130
GGA--PBE XC_GGA_X_PBE--XC_GGA_C_PBE pb
PSML uuid: e5ebd880-be41-11e7-659b-074ddfc7bd15
Semicore shell(s) with  8 electrons included in the valence for Mn

---- Pseudopotential check for Mn

Pseudized shells:
3s( 2.00) rc: 1.41
3p( 6.00) rc: 1.21
3d( 5.00) rc: 1.61
Valence configuration for ps generation: 3s:3p:3d:4s: Total charge:  15.000000
Semicore shell(s): 3s 3p
Fallback to non-perturbative polarization scheme for Mn
Please see the manual if this is not desired in principle
For Mn, standard SIESTA heuristics set lmxkb to 3
 (one more than the basis l, including polarization orbitals).
Use PS.lmax or PS.KBprojectors blocks to override.
Mn pseudopotential only contains V_ls up to l=2 -- lmxkb reset.

<basis_specs>
===============================================================================
Mn                   Z=  25    Mass=  54.938        Charge= 0.17977+309
Lmxo=2 Lmxkb= 2    BasisType=split      Semic=T
L=0  Nsemic=1  Cnfigmx=4
          i=1  nzeta=1  polorb=0  (3s)  (semicore shell)
            splnorm:   0.15000    
               vcte:    50.000    
               rinn:  -0.70000    
               qcoe:    0.0000    
               qyuk:    0.0000    
               qwid:   0.10000E-01
                rcs:    0.0000    
            lambdas:    1.0000    
          i=2  nzeta=3  polorb=0  (4s)  (to be polarized non-perturbatively)
            splnorm:   0.15000    
               vcte:    50.000    
               rinn:  -0.70000    
               qcoe:    0.0000    
               qyuk:    0.0000    
               qwid:   0.10000E-01
                rcs:    0.0000      0.0000      0.0000    
            lambdas:    1.0000      1.0000      1.0000    
L=1  Nsemic=1  Cnfigmx=4
          i=1  nzeta=1  polorb=0  (3p)  (semicore shell)
            splnorm:   0.15000    
               vcte:    50.000    
               rinn:  -0.70000    
               qcoe:    0.0000    
               qyuk:    0.0000    
               qwid:   0.10000E-01
                rcs:    0.0000    
            lambdas:    1.0000    
          i=2  nzeta=1  polorb=0  (4p)  (non-perturbative polarization shell)
            splnorm:   0.15000    
               vcte:    50.000    
               rinn:  -0.70000    
               qcoe:   0.33473-315
               qyuk:    0.0000    
               qwid:   0.69532-309
                rcs:    0.0000    
            lambdas:    1.0000    
L=2  Nsemic=0  Cnfigmx=3
          i=1  nzeta=3  polorb=0  (3d)
            splnorm:   0.15000    
               vcte:    50.000    
               rinn:  -0.70000    
               qcoe:    0.0000    
               qyuk:    0.0000    
               qwid:   0.10000E-01
                rcs:    0.0000      0.0000      0.0000    
            lambdas:    1.0000      1.0000      1.0000    
-------------------------------------------------------------------------------
L=0  Nkbl=2  erefs: 0.17977+309 0.17977+309
L=1  Nkbl=2  erefs: 0.17977+309 0.17977+309
L=2  Nkbl=1  erefs: 0.17977+309
===============================================================================
</basis_specs>

Using PAO.SplitTailNorm
atom: Called for Mn                    (Z =  25)
Maximum radius (at nrval) set to   50.00000 8518

read_vps: Pseudopotential generation method:
read_vps: ONCVPSP-3.Hamann's oncvpsp                        
Valence charge in pseudo generation:   15.00000

read_vps: Pseudopotential includes a core correction:
read_vps: Pseudo-core for xc-correction

xc_check: Exchange-correlation functional:
xc_check: GGA PBEsol
xc_check: WARNING: Pseudopotential generated with GGA PBE functional
Got Vlocal (oncv-fit) from psml data
Choosing vlocal chloc cutoff:  3.504263
qtot up to nchloc:   15.00032895
atom: Maximum radius for chlocal:    3.50426
atom: Maximum radius for r*vlocal+2*Zval:    3.50426
Reading KB projs from Mn psml data
Using scalar-relativistic projectors in PSML file

PSML: Kleinman-Bylander projectors: 
   l= 0   rc=  1.427391   Ekb= 18.471374
   l= 0   rc=  1.430269   Ekb=  3.121111
   l= 1   rc=  1.224702   Ekb=  3.156115
   l= 1   rc=  1.224702   Ekb= -1.424352
   l= 2   rc=  1.630219   Ekb=-13.224142
   l= 2   rc=  1.630219   Ekb= -4.330632

PSML: Total number of  Kleinman-Bylander projectors:  18
atom: -------------------------------------------------------------------------

atom: SANKEY-TYPE ORBITALS:
atom: Selected multiple-zeta basis: split     

SPLIT: Orbitals with angular momentum L= 0

SPLIT: Basis orbitals for state 3s

SPLIT: PAO cut-off radius determined from an
SPLIT: energy shift=  0.000140 Ry
Split based on tail norm

   izeta = 1
                 lambda =    1.000000
                     rc =    3.380000
                 energy =   -6.293298
                kinetic =    2.848567
    potential(screened) =   -9.141865
       potential(ionic) =  -33.519753

SPLIT: Basis orbitals for state 4s

SPLIT: PAO cut-off radius determined from an
SPLIT: energy shift=  0.000140 Ry
Split based on tail norm

   izeta = 1
                 lambda =    1.000000
                     rc =   10.002455
                 energy =   -0.450676
                kinetic =    1.112603
    potential(screened) =   -1.563278
       potential(ionic) =  -13.199632

   izeta = 2
                 rmatch =    5.430276
              splitnorm =    0.150000
                 energy =   -0.360834
                kinetic =    1.875764
    potential(screened) =   -2.236598
       potential(ionic) =  -15.982656

   izeta = 3
                 rmatch =    6.342382
              splitnorm =    0.075000
                 energy =   -0.415048
                kinetic =    1.529261
    potential(screened) =   -1.944310
       potential(ionic) =  -14.865309

SPLIT: Orbitals with angular momentum L= 1

SPLIT: Basis orbitals for state 3p

SPLIT: PAO cut-off radius determined from an
SPLIT: energy shift=  0.000140 Ry
Split based on tail norm

   izeta = 1
                 lambda =    1.000000
                     rc =    3.873861
                 energy =   -3.996757
                kinetic =    6.976018
    potential(screened) =  -10.972775
       potential(ionic) =  -34.563053

SPLIT: Basis orbitals for state 4p
SPLIT: Non-perturbative polarization orbs for state 4s
SPLIT: rc(1st zeta) (re)set to: 10.0025 (expansion factor: 1.0000)
Split based on tail norm

   izeta = 1
                 lambda =    1.000000
                     rc =   10.002455
                 energy =   -0.085879
                kinetic =    0.770317
    potential(screened) =   -0.856196
       potential(ionic) =   -9.409918

SPLIT: Orbitals with angular momentum L= 2

SPLIT: Basis orbitals for state 3d

SPLIT: PAO cut-off radius determined from an
SPLIT: energy shift=  0.000140 Ry
Split based on tail norm

   izeta = 1
                 lambda =    1.000000
                     rc =    7.238756
                 energy =   -0.490123
                kinetic =    9.261574
    potential(screened) =   -9.751697
       potential(ionic) =  -30.334327

   izeta = 2
                 rmatch =    3.144499
              splitnorm =    0.150000
                 energy =   -0.401801
                kinetic =   11.021778
    potential(screened) =  -11.423579
       potential(ionic) =  -33.555539

   izeta = 3
                 rmatch =    3.972182
              splitnorm =    0.075000
                 energy =   -0.464167
                kinetic =   10.072383
    potential(screened) =  -10.536551
       potential(ionic) =  -31.940836
atom: Total number of Sankey-type orbitals: 25

atm_pop: Valence configuration (for local Pseudopot. screening):
 3s( 2.00) 4s( 2.00)                                                  
 3p( 6.00) 4p( 0.00)                                                  
 3d( 5.00)                                                            
Vna: chval, zval:   15.00000  15.00000

Vna:  Cut-off radius for the neutral-atom potential:  10.002455
comcore: Pseudo-core radius Rcore=  2.115123

atom: _________________________________________________________________________

prinput: Basis input 

PAO.BasisType split     

%block ChemicalSpeciesLabel
    1   25 Mn                      # Species index, atomic number, species label
%endblock ChemicalSpeciesLabel

%block PAO.Basis                 # Define Basis set
# WARNING: This information might be incomplete!
Mn                    5                    # Species label, number of l-shells
 n=3   0   1                         # n, l, Nzeta 
   3.380   
   1.000   
 n=4   0   3                         # n, l, Nzeta 
  10.002      5.430      6.342   
   1.000      1.000      1.000   
 n=3   1   1                         # n, l, Nzeta 
   3.874   
   1.000   
 n=4   1   1                         # n, l, Nzeta 
  10.002   
   1.000   
 n=3   2   3                         # n, l, Nzeta 
   7.239      3.144      3.972   
   1.000      1.000      1.000   
%endblock PAO.Basis

prinput: ----------------------------------------------------------------------

coor:   Atomic-coordinates input format  =     Fractional

siesta: Atomic coordinates (Bohr) and species
siesta:      0.00000   0.00000   0.00000  1        1
siesta:      0.00000   4.70356   0.00000  1        2
siesta:      2.35178   2.35178   3.32592  1        3
siesta:      2.35178   7.05534   3.32592  1        4

siesta: System type = bulk      

initatomlists: Number of atoms, orbitals, and projectors:      4   100    72

coxmol: Writing XMOL coordinates into file hea.xyz                                                                                                                                                                                                                             

siesta: ******************** Simulation parameters ****************************
siesta:
siesta: The following are some of the parameters of the simulation.
siesta: A complete list of the parameters used, including default values,
siesta: can be found in file out.fdf
siesta:
redata: Spin configuration                          = collinear
redata: Number of spin components                   = 2
redata: Time-Reversal Symmetry                      = T
redata: Spin spiral                                 = F
redata: Long output                                 =   F
redata: Number of Atomic Species                    =        1
redata: Charge density info will appear in .RHO file
redata: Write Mulliken charges (when)               = end
redata: Write Mulliken Pop.                         = Atomic and Orbital charges
redata: Write Hirshfeld charges (when)              = none
redata: Write Voronoi charges (when)                = none
redata: Write spin charge (when)                    = scf
redata: Matel table size (NRTAB)                    =     1024
redata: Mesh Cutoff                                 =   300.0000 Ry
redata: Net charge of the system                    =     0.0000 |e|
redata: Min. number of SCF Iter                     =        0
redata: Max. number of SCF Iter                     =    20000
redata: SCF convergence failure will abort job
redata: SCF mix quantity                            = Hamiltonian
redata: Mix DM or H after convergence               =   F
redata: Recompute H after scf cycle                 =   F
redata: Mix DM in first SCF step                    =   T
redata: Write Pulay info on disk                    =   F
redata: New DM Occupancy tolerance                  = 0.000000000001
redata: No kicks to SCF
redata: DM Mixing Weight for Kicks                  =     0.5000
redata: Require Harris convergence for SCF          =   F
redata: Harris energy tolerance for SCF             =     0.000100 eV
redata: Require DM convergence for SCF              =   T
redata: DM tolerance for SCF                        =     0.000500
redata: Require EDM convergence for SCF             =   F
redata: EDM tolerance for SCF                       =     0.001000 eV
redata: Require H convergence for SCF               =   F
redata: Hamiltonian tolerance for SCF               =     0.005000 eV
redata: Require (free) Energy convergence for SCF   =   F
redata: (free) Energy tolerance for SCF             =     0.000100 eV
redata: Antiferro initial spin density              =   F
redata: Using DFT-D3 dispersion                     =   F
redata: Using Saved Data (generic)                  =   F
redata: Use continuation files for DM               =   F
redata: Neglect nonoverlap interactions             =   F
redata: Method of Calculation                       = Diagonalization
redata: Electronic Temperature                      =   300.0000 K
redata: Fix the spin of the system                  =   F
redata: Max. number of TDED Iter                    =        1
redata: Number of TDED substeps                     =        3
redata: Dynamics option                             = CG coord. optimization
redata: Variable cell                               =   T
redata: Use continuation files for CG               =   F
redata: Max atomic displ per move                   =     0.1058 Ang
redata: Maximum number of optimization moves        =      500
redata: Force tolerance                             =     0.0500 eV/Ang
redata: Stress tolerance                            =     1.0000 GPa
mix.SCF: Broyden mixing                          = Broyden
mix.SCF:    History steps                        = 8
mix.SCF:    Linear mixing weight                 =     0.070000
mix.SCF:    Inverse Jacobian weight              =     0.070000
mix.SCF:    Weight prime                         =     0.070000
mix.SCF:    SVD condition                        = 0.1000E-07
mix.SCF: Spin-component mixing                   all
redata: ***********************************************************************

%block SCF.Mixers
  Broyden
%endblock SCF.Mixers

%block SCF.Mixer.Broyden
  # Mixing method
  method broyden

  # Mixing options
  weight 0.0700
  weight.linear 0.0700
  weight.prime 0.0700
  history 8
%endblock SCF.Mixer.Broyden

DM_history_depth set to one: no extrapolation allowed by default for geometry relaxation
Size of DM history Fstack: 1
Total number of electrons:    60.000000
Total ionic charge:    60.000000

* ProcessorY, Blocksize:    6   2


* Orbital distribution balance (max,min):     4     2

k-point displ. along   1 input, could be:     0.00    0.50
k-point displ. along   3 input, could be:     0.00    0.50
 Kpoints in:           48 . Kpoints trimmed:           41

siesta: k-grid: Number of k-points = 41
siesta: k-points from Monkhorst-Pack grid
siesta: k-cutoff (effective) =     7.040 Ang
siesta: k-point supercell and displacements
siesta: k-grid:     6     0     0      0.000
siesta: k-grid:     0     3     0      0.000
siesta: k-grid:     0     0     4      0.000
k-point displ. along   1 input, could be:     0.00    0.50
k-point displ. along   3 input, could be:     0.00    0.50
 Kpoints in:           48 . Kpoints trimmed:           41

siesta: PDOS k-grid: Number of k-points = 41
siesta: PDOS k-points from Monkhorst-Pack grid
siesta: PDOS k-cutoff (effective) =     0.000 Ang
siesta: PDOS k-point supercell and displacements
siesta: k-grid:     6     0     0      0.000
siesta: k-grid:     0     3     0      0.000
siesta: k-grid:     0     0     4      0.000

diag: Algorithm                                     = D&C
diag: Parallel over k                               =   F
diag: Use parallel 2D distribution                  =   T
diag: Parallel block-size                           = 2
diag: Parallel distribution                         =     6 x     6
diag: Used triangular part                          = Lower
diag: Absolute tolerance                            =  0.100E-15
diag: Orthogonalization factor                      =  0.100E-05
diag: Memory factor                                 =  1.0000
diag: The diagonalization method chosen cannot compute a reduced number of eigenvectors.
diag: Resetting neigwanted 52 to 100

superc: Internal auxiliary supercell:     9 x     5 x     7  =     315
superc: Number of atoms, orbitals, and projectors:   1260  31500  22680


ts: **************************************************************
ts: Save H and S matrices                           =    F
ts: Save DM and EDM matrices                        =    F
ts: Only save the overlap matrix S                  =    F
ts: **************************************************************

************************ Begin: TS CHECKS AND WARNINGS ************************
************************ End: TS CHECKS AND WARNINGS **************************


                     ====================================
                        Begin CG opt. move =      0
                     ====================================

superc: Internal auxiliary supercell:     9 x     5 x     7  =     315
superc: Number of atoms, orbitals, and projectors:   1260  31500  22680

outcell: Unit cell vectors (Ang):
        2.489016    0.000000    0.000000
        0.000000    4.978032    0.000000
        0.000000    0.000000    3.520000

outcell: Cell vector modules (Ang)   :    2.489016    4.978032    3.520000
outcell: Cell angles (23,13,12) (deg):     90.0000     90.0000     90.0000
outcell: Cell volume (Ang**3)        :     43.6142
<dSpData1D:S at geom step 0
  <sparsity:sparsity for geom step 0
    nrows_g=100 nrows=4 sparsity=1.5422 nnzs=15422, refcount: 7>
  <dData1D:(new from dSpData1D) n=15422, refcount: 1>
refcount: 1>
new_DM -- step:     1
Initializing Density Matrix...
DM filled with atomic data:
<dSpData2D:DM initialized from atoms
  <sparsity:sparsity for geom step 0
    nrows_g=100 nrows=4 sparsity=1.5422 nnzs=15422, refcount: 8>
  <dData2D:DM n=15422 m=2, refcount: 1>
refcount: 1>
No. of atoms with KB's overlaping orbs in proc 0. Max # of overlaps:      87     783

InitMesh: MESH = 30 x 54 x 40 = 64800
InitMesh: Mesh cutoff (required, used) =   300.000   325.218 Ry
New grid distribution [1]: sub = 2
New grid distribution [2]: sub = 2
New grid distribution [3]: sub = 2
Setting up quadratic distribution...

stepf: Fermi-Dirac step function

siesta: Program's energy decomposition (eV):
siesta: Ebs     =     -2344.067011
siesta: Eions   =     16046.660843
siesta: Ena     =      1663.861932
siesta: Ekin    =      5162.353399
siesta: Enl     =      -747.696405
siesta: Eso     =         0.000000
siesta: Edftu   =         0.000000
siesta: DEna    =       102.086587
siesta: DUscf   =         2.242530
siesta: DUext   =         0.000000
siesta: Ex      =     -1851.851507
siesta: Ec      =      -115.308333
siesta: Exc     =     -1967.159840
siesta: EbV     =         0.000000
siesta: eta*DQ  =         0.000000
siesta: Emadel  =         0.000000
siesta: Emeta   =         0.000000
siesta: Emolmec =         0.000000
siesta: Ekinion =         0.000000
siesta: Eharris =    -11767.484440
siesta: Etot    =    -11830.972641
siesta: FreeEng =    -11830.993591

        iscf     Eharris(eV)        E_KS(eV)     FreeEng(eV)     dDmax    Ef(eV) dHmax(eV)
   scf:    1   -11767.484440   -11830.972641   -11830.993591  3.225797 -6.283486  4.301878
     spin moment: {S} , |S| = {        0.0        0.0   12.42036 }    12.42036
timer: Routine,Calls,Time,% = IterSCF        1       2.411  33.36
   scf:    2   -11831.737711   -11831.362141   -11831.383211  0.382234 -6.411348  3.714366
     spin moment: {S} , |S| = {        0.0        0.0   12.30398 }    12.30398
   scf:    3   -11834.194377   -11832.914413   -11832.931574  1.722089 -7.151106  0.722068
     spin moment: {S} , |S| = {        0.0        0.0   10.95029 }    10.95029
   scf:    4   -11830.619106   -11831.645446   -11831.659201  0.436046 -6.949635  1.186942
     spin moment: {S} , |S| = {        0.0        0.0   13.11818 }    13.11818
   scf:    5   -11842.735793   -11834.902337   -11834.920429  1.533705 -8.040869  1.990692
     spin moment: {S} , |S| = {        0.0        0.0    4.01337 }     4.01337
   scf:    6   -11834.971801   -11834.937563   -11834.957571  0.033636 -7.993607  1.800929
     spin moment: {S} , |S| = {        0.0        0.0    4.15764 }     4.15764
   scf:    7   -11834.980248   -11834.955094   -11834.976480  0.146542 -7.851590  1.326652
     spin moment: {S} , |S| = {        0.0        0.0    4.78393 }     4.78393
   scf:    8   -11834.960964   -11834.958012   -11834.978740  0.033262 -7.811138  1.213133
     spin moment: {S} , |S| = {        0.0        0.0    4.89983 }     4.89983
   scf:    9   -11835.441881   -11835.172751   -11835.191580  0.157790 -7.845924  1.125196
     spin moment: {S} , |S| = {        0.0        0.0    3.97507 }     3.97507
   scf:   10   -11835.498641   -11835.297762   -11835.312295  0.162296 -7.855367  1.298622
     spin moment: {S} , |S| = {        0.0        0.0    2.89854 }     2.89854
   scf:   11   -11835.296125   -11835.294510   -11835.309561  0.037127 -7.827428  1.177519
     spin moment: {S} , |S| = {        0.0        0.0    3.20792 }     3.20792
   scf:   12   -11835.449526   -11835.408923   -11835.421534  0.129100 -7.579141  0.229485
     spin moment: {S} , |S| = {        0.0        0.0    3.40681 }     3.40681
   scf:   13   -11835.495542   -11835.450300   -11835.462601  0.049844 -7.558637  0.283580
     spin moment: {S} , |S| = {        0.0        0.0    3.16447 }     3.16447
   scf:   14   -11835.462577   -11835.456384   -11835.468538  0.005954 -7.561168  0.278964
     spin moment: {S} , |S| = {        0.0        0.0    3.12885 }     3.12885
   scf:   15   -11835.582222   -11835.513008   -11835.526458  0.061112 -7.572813  0.232492
     spin moment: {S} , |S| = {        0.0        0.0    2.71460 }     2.71460
   scf:   16   -11835.490761   -11835.501579   -11835.514825  0.012912 -7.573386  0.236490
     spin moment: {S} , |S| = {        0.0        0.0    2.80710 }     2.80710
   scf:   17   -11835.946892   -11835.649703   -11835.663556  0.154072 -7.577690  0.271890
     spin moment: {S} , |S| = {        0.0        0.0    1.27397 }     1.27397
   scf:   18   -11835.587308   -11835.616616   -11835.633464  0.057484 -7.601235  0.355138
     spin moment: {S} , |S| = {        0.0        0.0    1.52508 }     1.52508
   scf:   19   -11835.674209   -11835.643535   -11835.658300  0.032998 -7.590266  0.317239
     spin moment: {S} , |S| = {        0.0        0.0    1.29784 }     1.29784
   scf:   20   -11835.696696   -11835.668722   -11835.679634  0.041971 -7.559906  0.248747
     spin moment: {S} , |S| = {        0.0        0.0    1.09745 }     1.09745
   scf:   21   -11835.658209   -11835.664464   -11835.674615  0.052412 -7.532523  0.203506
     spin moment: {S} , |S| = {        0.0        0.0    1.13263 }     1.13263
   scf:   22   -11835.781121   -11835.687902   -11835.699732  0.222060 -7.530923  0.146853
     spin moment: {S} , |S| = {        0.0        0.0    0.31656 }     0.31656
   scf:   23   -11835.648257   -11835.666247   -11835.678787  0.055700 -7.556057  0.284970
     spin moment: {S} , |S| = {        0.0        0.0    0.07934 }     0.07934
   scf:   24   -11835.755939   -11835.697645   -11835.708134  0.150361 -7.517943  0.130411
     spin moment: {S} , |S| = {        0.0        0.0    0.68701 }     0.68701
   scf:   25   -11835.699502   -11835.698498   -11835.707958  0.030839 -7.518743  0.064542
     spin moment: {S} , |S| = {        0.0        0.0    0.76603 }     0.76603
   scf:   26   -11835.710932   -11835.701522   -11835.712590  0.074515 -7.528070  0.044516
     spin moment: {S} , |S| = {        0.0        0.0    0.46477 }     0.46477
   scf:   27   -11835.701538   -11835.701489   -11835.712723  0.009763 -7.530058  0.036276
     spin moment: {S} , |S| = {        0.0        0.0    0.43428 }     0.43428
   scf:   28   -11835.700431   -11835.700928   -11835.712307  0.014031 -7.531890  0.047765
     spin moment: {S} , |S| = {        0.0        0.0    0.40048 }     0.40048
   scf:   29   -11835.704692   -11835.702422   -11835.712984  0.045593 -7.523942  0.019826
     spin moment: {S} , |S| = {        0.0        0.0    0.50918 }     0.50918
   scf:   30   -11835.702185   -11835.702304   -11835.713027  0.008473 -7.519872  0.026225
     spin moment: {S} , |S| = {        0.0        0.0    0.49148 }     0.49148
   scf:   31   -11835.702674   -11835.702485   -11835.713163  0.014173 -7.513751  0.009073
     spin moment: {S} , |S| = {        0.0        0.0    0.52669 }     0.52669
   scf:   32   -11835.702188   -11835.702302   -11835.713261  0.011425 -7.514685  0.005154
     spin moment: {S} , |S| = {        0.0        0.0    0.49734 }     0.49734
   scf:   33   -11835.702272   -11835.702287   -11835.713264  0.000308 -7.514673  0.004962
     spin moment: {S} , |S| = {        0.0        0.0    0.49666 }     0.49666

SCF Convergence by DM criterion
max |DM_out - DM_in|         :     0.0003083131
max |H_out - H_in|      (eV) :     0.0049624167
SCF cycle converged after 33 iterations

Using DM_out to compute the final energy and forces
No. of atoms with KB's overlaping orbs in proc 0. Max # of overlaps:      87     783

siesta: E_KS(eV) =           -11835.7023

siesta: E_KS - E_eggbox =    -11835.7023

siesta: Atomic forces (eV/Ang):
     1    0.000000    0.000006    0.000000
     2    0.000000   -0.000006    0.000000
     3    0.000000   -0.000032    0.000000
     4    0.000000    0.000032    0.000000
----------------------------------------
   Tot    0.000000   -0.000000    0.000000
----------------------------------------
   Max    0.000032
   Res    0.000013    sqrt( Sum f_i^2 / 3N )
----------------------------------------
   Max    0.000032    constrained

Stress tensor Voigt[x,y,z,yz,xz,xy] (kbar):      144.96      143.83      129.56        0.00        0.00       -0.00
(Free)E + p*V (eV/cell)   -11839.5093
Target enthalpy (eV/cell)   -11835.7133

siesta: Stress tensor (static) (eV/Ang**3):
         0.090476   -0.000000    0.000000
        -0.000000    0.089770   -0.000000
         0.000000    0.000000    0.080865

siesta: Pressure (static):       -139.44884803  kBar

siesta: Stress tensor (total) (eV/Ang**3):
         0.090476   -0.000000    0.000000
        -0.000000    0.089770   -0.000000
         0.000000    0.000000    0.080865

siesta: Pressure (total):       -139.44884803  kBar

cgvc: No target stress found, assuming hydrostatic MD.TargetPressure.

cgvc: Target stress (kBar)
cgvc:        -0.000       0.000       0.000
cgvc:         0.000      -0.000       0.000
cgvc:         0.000       0.000      -0.000

                     ====================================
                        Begin CG opt. move =      1
                     ====================================
k-point displ. along   1 input, could be:     0.00    0.50
k-point displ. along   3 input, could be:     0.00    0.50
 Kpoints in:           48 . Kpoints trimmed:           41

siesta: k-grid: Number of k-points = 41
siesta: k-points from Monkhorst-Pack grid
siesta: k-cutoff (effective) =     6.960 Ang
siesta: k-point supercell and displacements
siesta: k-grid:     6     0     0      0.000
siesta: k-grid:     0     3     0      0.000
siesta: k-grid:     0     0     4      0.000

superc: Internal auxiliary supercell:     9 x     5 x     7  =     315
superc: Number of atoms, orbitals, and projectors:   1260  31500  22680

outcell: Unit cell vectors (Ang):
        2.457436    0.000000   -0.000000
        0.000000    4.915365   -0.000000
       -0.000000   -0.000000    3.480083

outcell: Cell vector modules (Ang)   :    2.457436    4.915365    3.480083
outcell: Cell angles (23,13,12) (deg):     90.0000     90.0000     90.0000
outcell: Cell volume (Ang**3)        :     42.0366
<dSpData1D:S at geom step 1
  <sparsity:sparsity for geom step 1
    nrows_g=100 nrows=4 sparsity=1.5422 nnzs=15422, refcount: 7>
  <dData1D:(new from dSpData1D) n=15422, refcount: 1>
refcount: 1>
new_DM -- step:     2
Re-using DM from previous geometries...
Number of DMs in history: 1
 DM extrapolation coefficients: 
1   1.00000
New DM after history re-use:
<dSpData2D:SpM extrapolated using coords
  <sparsity:sparsity for geom step 1
    nrows_g=100 nrows=4 sparsity=1.5422 nnzs=15422, refcount: 9>
  <dData2D:(temp array for extrapolation) n=15422 m=2, refcount: 1>
refcount: 1>
No. of atoms with KB's overlaping orbs in proc 0. Max # of overlaps:      87     783

InitMesh: MESH = 30 x 54 x 40 = 64800
InitMesh: Mesh cutoff (required, used) =   300.000   333.563 Ry
New grid distribution [1]: sub = 2
New grid distribution [2]: sub = 2
New grid distribution [3]: sub = 2
Setting up quadratic distribution...

        iscf     Eharris(eV)        E_KS(eV)     FreeEng(eV)     dDmax    Ef(eV) dHmax(eV)
   scf:    1   -11832.681383   -11835.786783   -11835.797637  0.108223 -7.596349  0.271297
     spin moment: {S} , |S| = {        0.0        0.0    0.46629 }     0.46629
   scf:    2   -11835.642961   -11835.745225   -11835.756155  0.079555 -7.759421  0.972821
     spin moment: {S} , |S| = {        0.0        0.0    0.44222 }     0.44222
   scf:    3   -11835.783584   -11835.791995   -11835.802830  0.065079 -7.636130  0.175189
     spin moment: {S} , |S| = {        0.0        0.0    0.45922 }     0.45922
   scf:    4   -11835.793845   -11835.793529   -11835.804384  0.010856 -7.656741  0.009101
     spin moment: {S} , |S| = {        0.0        0.0    0.45477 }     0.45477
   scf:    5   -11835.793514   -11835.793522   -11835.804393  0.000674 -7.656867  0.008307
     spin moment: {S} , |S| = {        0.0        0.0    0.45338 }     0.45338
   scf:    6   -11835.793435   -11835.793475   -11835.804442  0.003870 -7.657591  0.009939
     spin moment: {S} , |S| = {        0.0        0.0    0.44479 }     0.44479
   scf:    7   -11835.793315   -11835.793374   -11835.804545  0.008855 -7.659094  0.007214
     spin moment: {S} , |S| = {        0.0        0.0    0.42526 }     0.42526
   scf:    8   -11835.793320   -11835.793345   -11835.804574  0.002596 -7.659469  0.006890
     spin moment: {S} , |S| = {        0.0        0.0    0.41940 }     0.41940
   scf:    9   -11835.793306   -11835.793325   -11835.804594  0.001768 -7.659629  0.006714
     spin moment: {S} , |S| = {        0.0        0.0    0.41532 }     0.41532
   scf:   10   -11835.793239   -11835.793275   -11835.804647  0.004750 -7.660019  0.006369
     spin moment: {S} , |S| = {        0.0        0.0    0.40433 }     0.40433
   scf:   11   -11835.793286   -11835.793140   -11835.804862  0.020739 -7.661827  0.005153
     spin moment: {S} , |S| = {        0.0        0.0    0.35579 }     0.35579
   scf:   12   -11835.794528   -11835.793331   -11835.805251  0.037383 -7.665897  0.007815
     spin moment: {S} , |S| = {        0.0        0.0    0.26475 }     0.26475
   scf:   13   -11835.793250   -11835.793287   -11835.805218  0.003220 -7.665497  0.008406
     spin moment: {S} , |S| = {        0.0        0.0    0.27246 }     0.27246
   scf:   14   -11835.793173   -11835.793217   -11835.805153  0.006167 -7.664787  0.008217
     spin moment: {S} , |S| = {        0.0        0.0    0.28740 }     0.28740
   scf:   15   -11835.793136   -11835.793165   -11835.805093  0.005796 -7.664155  0.008193
     spin moment: {S} , |S| = {        0.0        0.0    0.30126 }     0.30126
   scf:   16   -11835.793113   -11835.793125   -11835.805027  0.006561 -7.663385  0.007912
     spin moment: {S} , |S| = {        0.0        0.0    0.31686 }     0.31686
   scf:   17   -11835.793106   -11835.793110   -11835.804989  0.003745 -7.662932  0.007781
     spin moment: {S} , |S| = {        0.0        0.0    0.32573 }     0.32573
   scf:   18   -11835.793112   -11835.793111   -11835.804987  0.000245 -7.662851  0.007551
     spin moment: {S} , |S| = {        0.0        0.0    0.32632 }     0.32632

SCF Convergence by DM criterion
max |DM_out - DM_in|         :     0.0002447003
max |H_out - H_in|      (eV) :     0.0075509789
SCF cycle converged after 18 iterations

Using DM_out to compute the final energy and forces
No. of atoms with KB's overlaping orbs in proc 0. Max # of overlaps:      87     783

siesta: E_KS(eV) =           -11835.7931

siesta: Atomic forces (eV/Ang):
     1   -0.000000   -0.000018   -0.000000
     2    0.000000    0.000018   -0.000000
     3   -0.000000    0.000036   -0.000000
     4   -0.000000   -0.000036    0.000000
----------------------------------------
   Tot   -0.000000    0.000000    0.000000
----------------------------------------
   Max    0.000036
   Res    0.000017    sqrt( Sum f_i^2 / 3N )
----------------------------------------
   Max    0.000036    constrained

Stress tensor Voigt[x,y,z,yz,xz,xy] (kbar):       43.58       46.81       35.70       -0.00        0.00        0.00
(Free)E + p*V (eV/cell)   -11836.9078
Target enthalpy (eV/cell)   -11835.8050

siesta: Stress tensor (static) (eV/Ang**3):
         0.027203    0.000000    0.000000
         0.000000    0.029216    0.000000
         0.000000   -0.000000    0.022282

siesta: Pressure (static):        -42.03097867  kBar

siesta: Stress tensor (total) (eV/Ang**3):
         0.027203    0.000000    0.000000
         0.000000    0.029216    0.000000
         0.000000   -0.000000    0.022282

siesta: Pressure (total):        -42.03097867  kBar

                     ====================================
                        Begin CG opt. move =      2
                     ====================================
k-point displ. along   1 input, could be:     0.00    0.50
k-point displ. along   3 input, could be:     0.00    0.50
 Kpoints in:           48 . Kpoints trimmed:           41

siesta: k-grid: Number of k-points = 41
siesta: k-points from Monkhorst-Pack grid
siesta: k-cutoff (effective) =     6.832 Ang
siesta: k-point supercell and displacements
siesta: k-grid:     6     0     0      0.000
siesta: k-grid:     0     3     0      0.000
siesta: k-grid:     0     0     4      0.000

superc: Internal auxiliary supercell:     9 x     5 x     7  =     315
superc: Number of atoms, orbitals, and projectors:   1260  31500  22680

outcell: Unit cell vectors (Ang):
        2.406908    0.000000   -0.000000
        0.000000    4.815099   -0.000000
       -0.000000   -0.000000    3.416217

outcell: Cell vector modules (Ang)   :    2.406908    4.815099    3.416217
outcell: Cell angles (23,13,12) (deg):     90.0000     90.0000     90.0000
outcell: Cell volume (Ang**3)        :     39.5922
<dSpData1D:S at geom step 2
  <sparsity:sparsity for geom step 2
    nrows_g=100 nrows=4 sparsity=1.5710 nnzs=15710, refcount: 7>
  <dData1D:(new from dSpData1D) n=15710, refcount: 1>
refcount: 1>
new_DM -- step:     3
Re-using DM from previous geometries...
Number of DMs in history: 1
 DM extrapolation coefficients: 
1   1.00000
New DM after history re-use:
<dSpData2D:SpM extrapolated using coords
  <sparsity:sparsity for geom step 2
    nrows_g=100 nrows=4 sparsity=1.5710 nnzs=15710, refcount: 9>
  <dData2D:(temp array for extrapolation) n=15710 m=2, refcount: 1>
refcount: 1>
Note: For starting DM, Qtot, Tr[D*S] =         60.00000000         59.86923193
No. of atoms with KB's overlaping orbs in proc 0. Max # of overlaps:      87     807

InitMesh: MESH = 30 x 54 x 36 = 58320
InitMesh: Mesh cutoff (required, used) =   300.000   306.914 Ry
New grid distribution [1]: sub = 2
New grid distribution [2]: sub = 2
New grid distribution [3]: sub = 2
Setting up quadratic distribution...

        iscf     Eharris(eV)        E_KS(eV)     FreeEng(eV)     dDmax    Ef(eV) dHmax(eV)
   scf:    1   -11829.436107   -11835.676423   -11835.687522  0.248192 -7.785219  0.562981
     spin moment: {S} , |S| = {        0.0        0.0    0.27599 }     0.27599
   scf:    2   -11835.035331   -11835.488916   -11835.500569  0.222448 -8.118635  2.041284
     spin moment: {S} , |S| = {        0.0        0.0    0.23820 }     0.23820
   scf:    3   -11835.663678   -11835.698084   -11835.709183  0.156957 -7.863320  0.357535
     spin moment: {S} , |S| = {        0.0        0.0    0.26538 }     0.26538
   scf:    4   -11835.706477   -11835.704687   -11835.715805  0.037323 -7.912634  0.017145
     spin moment: {S} , |S| = {        0.0        0.0    0.25657 }     0.25657
   scf:    5   -11835.704762   -11835.704724   -11835.715834  0.001199 -7.912945  0.014696
     spin moment: {S} , |S| = {        0.0        0.0    0.25407 }     0.25407
   scf:    6   -11835.705084   -11835.704896   -11835.715958  0.005061 -7.914068  0.015519
     spin moment: {S} , |S| = {        0.0        0.0    0.24255 }     0.24255
   scf:    7   -11835.706190   -11835.705462   -11835.716330  0.015353 -7.917122  0.016257
     spin moment: {S} , |S| = {        0.0        0.0    0.20544 }     0.20544
   scf:    8   -11835.706247   -11835.705818   -11835.716551  0.009676 -7.919396  0.011132
     spin moment: {S} , |S| = {        0.0        0.0    0.18082 }     0.18082
   scf:    9   -11835.706676   -11835.706192   -11835.716785  0.010637 -7.920865  0.009255
     spin moment: {S} , |S| = {        0.0        0.0    0.15073 }     0.15073
   scf:   10   -11835.708342   -11835.706644   -11835.717189  0.030990 -7.925403  0.007998
     spin moment: {S} , |S| = {        0.0        0.0    0.04752 }     0.04752
   scf:   11   -11835.706639   -11835.706642   -11835.717189  0.000153 -7.925468  0.008820
     spin moment: {S} , |S| = {        0.0        0.0    0.04722 }     0.04722

SCF Convergence by DM criterion
max |DM_out - DM_in|         :     0.0001534482
max |H_out - H_in|      (eV) :     0.0088203779
SCF cycle converged after 11 iterations

Using DM_out to compute the final energy and forces
No. of atoms with KB's overlaping orbs in proc 0. Max # of overlaps:      87     807

siesta: E_KS(eV) =           -11835.7066

siesta: Atomic forces (eV/Ang):
     1   -0.000000    0.000102    0.000000
     2   -0.000000   -0.000102    0.000000
     3   -0.000000    0.000028   -0.000000
     4   -0.000000   -0.000028    0.000000
----------------------------------------
   Tot   -0.000000    0.000000    0.000000
----------------------------------------
   Max    0.000102
   Res    0.000043    sqrt( Sum f_i^2 / 3N )
----------------------------------------
   Max    0.000102    constrained

Stress tensor Voigt[x,y,z,yz,xz,xy] (kbar):     -161.89     -162.39     -172.99       -0.00        0.00       -0.00
(Free)E + p*V (eV/cell)   -11831.6211
Target enthalpy (eV/cell)   -11835.7172

siesta: Stress tensor (static) (eV/Ang**3):
        -0.101043   -0.000000    0.000000
        -0.000000   -0.101357   -0.000000
         0.000000   -0.000000   -0.107971

siesta: Pressure (static):        165.75590976  kBar

siesta: Stress tensor (total) (eV/Ang**3):
        -0.101043   -0.000000    0.000000
        -0.000000   -0.101357   -0.000000
         0.000000   -0.000000   -0.107971

siesta: Pressure (total):        165.75590976  kBar

                     ====================================
                        Begin CG opt. move =      3
                     ====================================
k-point displ. along   1 input, could be:     0.00    0.50
k-point displ. along   3 input, could be:     0.00    0.50
 Kpoints in:           48 . Kpoints trimmed:           41

siesta: k-grid: Number of k-points = 41
siesta: k-points from Monkhorst-Pack grid
siesta: k-cutoff (effective) =     6.933 Ang
siesta: k-point supercell and displacements
siesta: k-grid:     6     0     0      0.000
siesta: k-grid:     0     3     0      0.000
siesta: k-grid:     0     0     4      0.000

superc: Internal auxiliary supercell:     9 x     5 x     7  =     315
superc: Number of atoms, orbitals, and projectors:   1260  31500  22680

outcell: Unit cell vectors (Ang):
        2.446661    0.000000   -0.000000
        0.000000    4.893983   -0.000000
       -0.000000   -0.000000    3.466464

outcell: Cell vector modules (Ang)   :    2.446661    4.893983    3.466464
outcell: Cell angles (23,13,12) (deg):     90.0000     90.0000     90.0000
outcell: Cell volume (Ang**3)        :     41.5071
<dSpData1D:S at geom step 3
  <sparsity:sparsity for geom step 3
    nrows_g=100 nrows=4 sparsity=1.5422 nnzs=15422, refcount: 7>
  <dData1D:(new from dSpData1D) n=15422, refcount: 1>
refcount: 1>
new_DM -- step:     4
Re-using DM from previous geometries...
Number of DMs in history: 1
 DM extrapolation coefficients: 
1   1.00000
New DM after history re-use:
<dSpData2D:SpM extrapolated using coords
  <sparsity:sparsity for geom step 3
    nrows_g=100 nrows=4 sparsity=1.5422 nnzs=15422, refcount: 9>
  <dData2D:(temp array for extrapolation) n=15422 m=2, refcount: 1>
refcount: 1>
Note: For starting DM, Qtot, Tr[D*S] =         60.00000000         60.13786970
No. of atoms with KB's overlaping orbs in proc 0. Max # of overlaps:      87     783

InitMesh: MESH = 30 x 54 x 40 = 64800
InitMesh: Mesh cutoff (required, used) =   300.000   336.484 Ry
New grid distribution [1]: sub = 2
New grid distribution [2]: sub = 2
New grid distribution [3]: sub = 2
Setting up quadratic distribution...

        iscf     Eharris(eV)        E_KS(eV)     FreeEng(eV)     dDmax    Ef(eV) dHmax(eV)
   scf:    1   -11841.134058   -11835.763974   -11835.775231  0.179167 -7.870161  0.629009
     spin moment: {S} , |S| = {        0.0        0.0    0.04347 }     0.04347
   scf:    2   -11835.289374   -11835.640532   -11835.652510  0.238772 -7.488571  1.837294
     spin moment: {S} , |S| = {        0.0        0.0    0.04090 }     0.04090
   scf:    3   -11835.797808   -11835.798389   -11835.809693  0.189335 -7.750888  0.286185
     spin moment: {S} , |S| = {        0.0        0.0    0.04268 }     0.04268
   scf:    4   -11835.802490   -11835.802189   -11835.813528  0.014134 -7.727333  0.009216
     spin moment: {S} , |S| = {        0.0        0.0    0.04240 }     0.04240
   scf:    5   -11835.802189   -11835.802190   -11835.813531  0.000285 -7.727331  0.005405
     spin moment: {S} , |S| = {        0.0        0.0    0.04229 }     0.04229

SCF Convergence by DM criterion
max |DM_out - DM_in|         :     0.0002851901
max |H_out - H_in|      (eV) :     0.0054047312
SCF cycle converged after 5 iterations

Using DM_out to compute the final energy and forces
No. of atoms with KB's overlaping orbs in proc 0. Max # of overlaps:      87     783

siesta: E_KS(eV) =           -11835.8022

siesta: Atomic forces (eV/Ang):
     1   -0.000000    0.000142   -0.000000
     2   -0.000000   -0.000142    0.000000
     3   -0.000000   -0.000007    0.000000
     4    0.000000    0.000007   -0.000000
----------------------------------------
   Tot   -0.000000   -0.000000   -0.000000
----------------------------------------
   Max    0.000142
   Res    0.000058    sqrt( Sum f_i^2 / 3N )
----------------------------------------
   Max    0.000142    constrained

Stress tensor Voigt[x,y,z,yz,xz,xy] (kbar):        3.67        6.44       -3.58        0.00        0.00        0.00
(Free)E + p*V (eV/cell)   -11835.8700
Target enthalpy (eV/cell)   -11835.8135

siesta: Stress tensor (static) (eV/Ang**3):
         0.002293    0.000000    0.000000
         0.000000    0.004022    0.000000
         0.000000    0.000000   -0.002237

siesta: Pressure (static):         -2.17794066  kBar

siesta: Stress tensor (total) (eV/Ang**3):
         0.002293    0.000000    0.000000
         0.000000    0.004022    0.000000
         0.000000    0.000000   -0.002237

siesta: Pressure (total):         -2.17794066  kBar

outcoor: Relaxed atomic coordinates (fractional):           
    0.00000000    0.00000014    0.00000000   1       1  Mn
    0.00000000    0.49999986    0.00000000   1       2  Mn
    0.50000000    0.24999930    0.50000000   1       3  Mn
    0.50000000    0.75000070    0.50000000   1       4  Mn

outcell: Unit cell vectors (Ang):
        2.446661    0.000000   -0.000000
        0.000000    4.893983   -0.000000
       -0.000000   -0.000000    3.466464

outcell: Cell vector modules (Ang)   :    2.446661    4.893983    3.466464
outcell: Cell angles (23,13,12) (deg):     90.0000     90.0000     90.0000
outcell: Cell volume (Ang**3)        :     41.5071

coxmol: Writing XMOL coordinates into file hea.xyz                                                                                                                                                                                                                             
Writing WFSX for COOP/COHP in hea.fullBZ.WFSX

diag: Algorithm                                     = D&C
diag: Parallel over k                               =   F
diag: Use parallel 2D distribution                  =   T
diag: Parallel block-size                           = 2
diag: Parallel distribution                         =     6 x     6
diag: Used triangular part                          = Lower
diag: Absolute tolerance                            =  0.100E-15
diag: Orthogonalization factor                      =  0.100E-05
diag: Memory factor                                 =  1.0000

diag: Algorithm                                     = D&C
diag: Parallel over k                               =   F
diag: Use parallel 2D distribution                  =   T
diag: Parallel block-size                           = 2
diag: Parallel distribution                         =     6 x     6
diag: Used triangular part                          = Lower
diag: Absolute tolerance                            =  0.100E-15
diag: Orthogonalization factor                      =  0.100E-05
diag: Memory factor                                 =  1.0000

siesta: PDOS info
siesta: E1 -- E2, sigma [eV], nhist:  -20.000 --   20.000    0.100 1000

diag: Algorithm                                     = D&C
diag: Parallel over k                               =   F
diag: Use parallel 2D distribution                  =   T
diag: Parallel block-size                           = 2
diag: Parallel distribution                         =     6 x     6
diag: Used triangular part                          = Lower
diag: Absolute tolerance                            =  0.100E-15
diag: Orthogonalization factor                      =  0.100E-05
diag: Memory factor                                 =  1.0000

siesta: Program's energy decomposition (eV):
siesta: Ebs     =     -2315.476989
siesta: Eions   =     16046.660843
siesta: Ena     =      1659.102621
siesta: Ekin    =      5202.412638
siesta: Enl     =      -752.298608
siesta: Eso     =         0.000000
siesta: Edftu   =         0.000000
siesta: DEna    =        69.165323
siesta: DUscf   =         1.117475
siesta: DUext   =         0.000000
siesta: Ex      =     -1851.697611
siesta: Ec      =      -116.943184
siesta: Exc     =     -1968.640795
siesta: EbV     =         0.000000
siesta: eta*DQ  =         0.000000
siesta: Emadel  =         0.000000
siesta: Emeta   =         0.000000
siesta: Emolmec =         0.000000
siesta: Ekinion =         0.000000
siesta: Eharris =    -11835.802189
siesta: Etot    =    -11835.802190
siesta: FreeEng =    -11835.813531

siesta: Final energy (eV):
siesta:  Band Struct. =   -2315.476989
siesta:       Kinetic =    5202.412638
siesta:       Hartree =    2451.056454
siesta:         Edftu =       0.000000
siesta:       Eso     =       0.000000
siesta:    Ext. field =       0.000000
siesta:         Exch. =   -1851.697611
siesta:         Corr. =    -116.943184
siesta:     Bulk bias =       0.000000
siesta:   Exch.-corr. =   -1968.640795
siesta:  Ion-electron =  -10672.399139
siesta:       Ion-ion =   -6848.231348
siesta:       Ekinion =       0.000000
siesta: D3 dispersion =       0.000000
siesta:         Total =  -11835.802190
siesta:         Fermi =      -7.727331

siesta: Stress tensor (static) (eV/Ang**3):
siesta:     0.002293    0.000000    0.000000
siesta:     0.000000    0.004022    0.000000
siesta:     0.000000    0.000000   -0.002237

siesta: Constrained stress tensor (static) (eV/Ang**3):
siesta:     0.002293    0.000000    0.000000
siesta:     0.000000    0.004022    0.000000
siesta:     0.000000    0.000000   -0.002237

siesta: Cell volume =         41.507146 Ang**3

siesta: Pressure (static):
siesta:                Solid            Molecule  Units
siesta:          -0.00001481         -0.00001478  Ry/Bohr**3
siesta:          -0.00135936         -0.00135671  eV/Ang**3
siesta:          -2.17794066         -2.17369101  kBar
(Free)E+ p_basis*V_orbitals  =      -11821.928949
(Free)Eharris+ p_basis*V_orbitals  =      -11821.928948

mulliken: Atomic and Orbital Populations:

mulliken: Spin UP 

Species: Mn                  
Atom  Qatom  Qorb
               3s      4s      4s      4s      3py     3pz     3px     4py     
               4pz     4px     3dxy    3dyz    3dz2    3dxz    3dx2-y2 3dxy    
               3dyz    3dz2    3dxz    3dx2-y2 3dxy    3dyz    3dz2    3dxz    
               3dx2-y2 
   1  7.508   0.984   0.015   0.074  -0.012   0.989   0.990   0.990   0.170
              0.173   0.169   0.811   1.032   0.767   1.032   1.017  -0.071

             -0.110  -0.065  -0.110  -0.107  -0.193  -0.288  -0.178  -0.287

             -0.283
   2  7.508   0.984   0.015   0.074  -0.012   0.989   0.990   0.990   0.170
              0.173   0.169   0.811   1.032   0.767   1.032   1.017  -0.071

             -0.110  -0.065  -0.110  -0.107  -0.193  -0.288  -0.178  -0.287

             -0.283
   3  7.502   0.984   0.014   0.074  -0.012   0.990   0.989   0.990   0.169
              0.173   0.169   0.807   1.031   0.765   1.031   1.016  -0.071

             -0.109  -0.065  -0.110  -0.108  -0.192  -0.287  -0.177  -0.287

             -0.282
   4  7.502   0.984   0.014   0.074  -0.012   0.990   0.989   0.990   0.169
              0.173   0.169   0.807   1.031   0.765   1.031   1.016  -0.071

             -0.109  -0.065  -0.110  -0.108  -0.192  -0.287  -0.177  -0.287

             -0.282

mulliken: Qtot =       30.021

mulliken: Spin DOWN 

Species: Mn                  
Atom  Qatom  Qorb
               3s      4s      4s      4s      3py     3pz     3px     4py     
               4pz     4px     3dxy    3dyz    3dz2    3dxz    3dx2-y2 3dxy    
               3dyz    3dz2    3dxz    3dx2-y2 3dxy    3dyz    3dz2    3dxz    
               3dx2-y2 
   1  7.492   0.984   0.016   0.074  -0.013   0.989   0.990   0.990   0.170
              0.173   0.169   0.797   1.032   0.755   1.032   1.018  -0.070

             -0.110  -0.064  -0.110  -0.108  -0.189  -0.288  -0.174  -0.288

             -0.284
   2  7.492   0.984   0.016   0.074  -0.013   0.989   0.990   0.990   0.170
              0.173   0.169   0.797   1.032   0.755   1.032   1.018  -0.070

             -0.110  -0.064  -0.110  -0.108  -0.189  -0.288  -0.174  -0.288

             -0.284
   3  7.497   0.984   0.014   0.074  -0.012   0.990   0.989   0.990   0.170
              0.173   0.169   0.801   1.033   0.757   1.033   1.017  -0.070

             -0.110  -0.064  -0.110  -0.108  -0.190  -0.288  -0.174  -0.288

             -0.282
   4  7.497   0.984   0.014   0.074  -0.012   0.990   0.989   0.990   0.170
              0.173   0.169   0.801   1.033   0.757   1.033   1.017  -0.070

             -0.110  -0.064  -0.110  -0.108  -0.190  -0.288  -0.174  -0.288

             -0.282

mulliken: Qtot =       29.979

Mulliken Atomic Populations:
Atom #   charge [q] valence [e]      Sz [e]  Species
     1    -0.000513   15.000513    0.016259  Mn
     2    -0.000471   15.000471    0.016260  Mn
     3     0.000450   14.999550    0.004887  Mn
     4     0.000535   14.999465    0.004887  Mn
-------------------------------------------
 Total    -0.000000                0.042292

cite: Please indicate the Siesta version in published work: 5.2.2
cite: This calculation has made use of features in the following articles
cite: which we encourage you to cite in published work.
cite: (Please see "hea.bib" for a BibTeX file.)
        Primary SIESTA paper
          DOI: www.doi.org/10.1088/0953-8984/14/11/302
        PSML pseudopotential format
          DOI: www.doi.org/10.1016/j.cpc.2018.02.011


>> End of run:  19-JUN-2025  14:18:54
Job completed
