Executable      : /home/users/felipegc/woltsoft/SIESTA/siesta-5.2.2/build/bin/siesta
Version         : 5.2.2
Architecture    : x86_64
Compiler version: GNU-9.3.0
Compiler flags  : -O3 -march=native
Parallelisations: MPI
Lua support
Native ELPA support
ELSI support. Solvers:
   ELPA (internal) 
   NTPoly
   OMM
DFT-D3 support
Wannier90 wrapper support

Runtime information:
* Directory : /home/users/felipegc/MnNiGa/optimizations_afm/top/structure_calc_137
* Running on 36 nodes in parallel.
>> Start of run:  30-JUL-2025   9:02:45

                           *********************** 
                           *  WELCOME TO SIESTA  * 
                           *********************** 

 NOTE: Siesta V5 introduces some new defaults for basis-set generation
 NOTE: which might lead to slightly different numerical results.
 NOTE: Please see the manual for full details and compatibility measures.


reinit: Reading from standard input
reinit: Dumping input in INPUT_TMP.51726
************************** Dump of input data file ****************************
SystemName          hea
SystemLabel         hea
Reparametrize.Pseudos T
Restricted.Radial.Grid F
%include atoms.fdf
MaxSCFIterations     20000
SCF.Mix              Hamiltonian
SCF.Mixer.Method     Broyden
#SCF.Mixer.Variant    original #Pulay original
SCF.Mixer.History    8
SCF.Mixer.Weight     0.07
SCF.H.Converge       False
SCF.DM.Converge      True
SCF.DM.Tolerance     5.d-4
SCF.H.Tolerance      5.d-3 eV
MeshCutoff 300.0 Ry
MD.UseSaveCG         False
DM.UseSaveDM         False
NumberOfEigenStates -20
ElectronicTemperature 300 K
WriteCoorXmol        True
XC.Functional     GGA
XC.authors        PBEsol
Spin polarized
DM.InitSpin.AF true
SolutionMethod       diagon
#Diag.Algorithm        MRRR
###################################
###################################
# Full template for Basis param.
###################################
###################################
Basis.Pressure 0.3 GPa
PAO.SoftDefault T
PAO.SoftPotential 50.0 Ry
PAO.SoftInnerRadius 0.70
PAO.BasisType split
PAO.EnergyShift 0.0019 eV
PAO.BasisSize TZP
PAO.SplitTailNorm T
            %block kgrid_Monkhorst_Pack
            6  0  0  0.
            0  2  0  0.
            0  0  4  0.
            %endblock kgrid_Monkhorst_Pack
            MD.TypeOfRun CG
            MD.Steps         500
            MD.VariableCell true
            MD.MaxForceTol 0.05 eV/Ang
            WriteMDHistory true
            WriteForces true
            Write.OrbitalIndex true
            Charge.Mulliken end
            COOP.Write true
            %block ProjectedDensityOfStates
            -20.00 20.00 0.1 1000 eV
            %endblock ProjectedDensityOfStates
************************** End of input data file *****************************

reinit: -----------------------------------------------------------------------
reinit: System Name: hea
reinit: -----------------------------------------------------------------------
reinit: System Label: hea
reinit: -----------------------------------------------------------------------

NOTE on units for spin output: 
{S} is the spin magnetic moment, in units of the Bohr magneton,
assuming a g-factor for the electron spin of exactly 2.
The spin magnetic moment is then numerically equal to the charge inbalance,
in units of electrons, between the spin-up and -down channels.


initatom: Reading input for the pseudopotentials and atomic orbitals ----------
Species number:   1 Atomic number:   28 Label: Ni
Species number:   2 Atomic number:   25 Label: Mn

Ground state valence configuration (from tables):   4s02  4p00  3d08  4f00
Ground state valence configuration (from tables):   4s02  4p00  3d05  4f00

---- Processing specs for species: Ni
Reading pseudopotential information in PSML from:
  Ni.psml
PSML file version: 1.1
Using libxc ids:  101 130
GGA--PBE XC_GGA_X_PBE--XC_GGA_C_PBE pb
PSML uuid: 020bdba0-be42-11e7-6ded-a592ddfb3399
Semicore shell(s) with  8 electrons included in the valence for Ni

---- Processing specs for species: Mn
Reading pseudopotential information in PSML from:
  Mn.psml
PSML file version: 1.1
Using libxc ids:  101 130
GGA--PBE XC_GGA_X_PBE--XC_GGA_C_PBE pb
PSML uuid: e5ebd880-be41-11e7-659b-074ddfc7bd15
Semicore shell(s) with  8 electrons included in the valence for Mn

---- Pseudopotential check for Ni

Pseudized shells:
3s( 2.00) rc: 1.26
3p( 6.00) rc: 1.35
3d( 8.00) rc: 1.66
Valence configuration for ps generation: 3s:3p:3d:4s: Total charge:  18.000000
Semicore shell(s): 3s 3p
Fallback to non-perturbative polarization scheme for Ni
Please see the manual if this is not desired in principle

---- Pseudopotential check for Mn

Pseudized shells:
3s( 2.00) rc: 1.41
3p( 6.00) rc: 1.21
3d( 5.00) rc: 1.61
Valence configuration for ps generation: 3s:3p:3d:4s: Total charge:  15.000000
Semicore shell(s): 3s 3p
Fallback to non-perturbative polarization scheme for Mn
Please see the manual if this is not desired in principle
For Ni, standard SIESTA heuristics set lmxkb to 3
 (one more than the basis l, including polarization orbitals).
Use PS.lmax or PS.KBprojectors blocks to override.
For Mn, standard SIESTA heuristics set lmxkb to 3
 (one more than the basis l, including polarization orbitals).
Use PS.lmax or PS.KBprojectors blocks to override.
Ni pseudopotential only contains V_ls up to l=2 -- lmxkb reset.
Mn pseudopotential only contains V_ls up to l=2 -- lmxkb reset.

<basis_specs>
===============================================================================
Ni                   Z=  28    Mass=  58.693        Charge= 0.17977+309
Lmxo=2 Lmxkb= 2    BasisType=split      Semic=T
L=0  Nsemic=1  Cnfigmx=4
          i=1  nzeta=1  polorb=0  (3s)  (semicore shell)
            splnorm:   0.15000    
               vcte:    50.000    
               rinn:  -0.70000    
               qcoe:    0.0000    
               qyuk:    0.0000    
               qwid:   0.10000E-01
                rcs:    0.0000    
            lambdas:    1.0000    
          i=2  nzeta=3  polorb=0  (4s)  (to be polarized non-perturbatively)
            splnorm:   0.15000    
               vcte:    50.000    
               rinn:  -0.70000    
               qcoe:    0.0000    
               qyuk:    0.0000    
               qwid:   0.10000E-01
                rcs:    0.0000      0.0000      0.0000    
            lambdas:    1.0000      1.0000      1.0000    
L=1  Nsemic=1  Cnfigmx=4
          i=1  nzeta=1  polorb=0  (3p)  (semicore shell)
            splnorm:   0.15000    
               vcte:    50.000    
               rinn:  -0.70000    
               qcoe:    0.0000    
               qyuk:    0.0000    
               qwid:   0.10000E-01
                rcs:    0.0000    
            lambdas:    1.0000    
          i=2  nzeta=1  polorb=0  (4p)  (non-perturbative polarization shell)
            splnorm:   0.15000    
               vcte:    50.000    
               rinn:  -0.70000    
               qcoe:   0.40514-315
               qyuk:    0.0000    
               qwid:   0.69531-309
                rcs:    0.0000    
            lambdas:    1.0000    
L=2  Nsemic=0  Cnfigmx=3
          i=1  nzeta=3  polorb=0  (3d)
            splnorm:   0.15000    
               vcte:    50.000    
               rinn:  -0.70000    
               qcoe:    0.0000    
               qyuk:    0.0000    
               qwid:   0.10000E-01
                rcs:    0.0000      0.0000      0.0000    
            lambdas:    1.0000      1.0000      1.0000    
-------------------------------------------------------------------------------
L=0  Nkbl=2  erefs: 0.17977+309 0.17977+309
L=1  Nkbl=2  erefs: 0.17977+309 0.17977+309
L=2  Nkbl=1  erefs: 0.17977+309
===============================================================================
</basis_specs>

Using PAO.SplitTailNorm
atom: Called for Ni                    (Z =  28)
Maximum radius (at nrval) set to   50.00000 8518

read_vps: Pseudopotential generation method:
read_vps: ONCVPSP-3.Hamann's oncvpsp                        
Valence charge in pseudo generation:   18.00000

read_vps: Pseudopotential includes a core correction:
read_vps: Pseudo-core for xc-correction

xc_check: Exchange-correlation functional:
xc_check: GGA PBEsol
xc_check: WARNING: Pseudopotential generated with GGA PBE functional
Got Vlocal (oncv-fit) from psml data
Choosing vlocal chloc cutoff:  3.188973
qtot up to nchloc:   17.99992641
atom: Maximum radius for chlocal:    3.18897
atom: Maximum radius for r*vlocal+2*Zval:    3.18897
Reading KB projs from Ni psml data
Using scalar-relativistic projectors in PSML file

PSML: Kleinman-Bylander projectors: 
   l= 0   rc=  1.276377   Ekb= 12.509070
   l= 0   rc=  1.276377   Ekb= -0.503495
   l= 1   rc=  1.371030   Ekb= -5.680418
   l= 1   rc=  1.371030   Ekb= -0.775211
   l= 2   rc=  1.680171   Ekb=-14.446879
   l= 2   rc=  1.680171   Ekb= -5.088878

PSML: Total number of  Kleinman-Bylander projectors:  18
atom: -------------------------------------------------------------------------

atom: SANKEY-TYPE ORBITALS:
atom: Selected multiple-zeta basis: split     

SPLIT: Orbitals with angular momentum L= 0

SPLIT: Basis orbitals for state 3s

SPLIT: PAO cut-off radius determined from an
SPLIT: energy shift=  0.000140 Ry
Split based on tail norm

   izeta = 1
                 lambda =    1.000000
                     rc =    2.999668
                 energy =   -8.139209
                kinetic =    3.776111
    potential(screened) =  -11.915319
       potential(ionic) =  -45.801861

SPLIT: Basis orbitals for state 4s

SPLIT: PAO cut-off radius determined from an
SPLIT: energy shift=  0.000140 Ry
Split based on tail norm

   izeta = 1
                 lambda =    1.000000
                     rc =    9.316220
                 energy =   -0.512978
                kinetic =    1.389681
    potential(screened) =   -1.902658
       potential(ionic) =  -17.770111

   izeta = 2
                 rmatch =    4.957068
              splitnorm =    0.150000
                 energy =   -0.410487
                kinetic =    2.329090
    potential(screened) =   -2.739576
       potential(ionic) =  -21.501560

   izeta = 3
                 rmatch =    5.824741
              splitnorm =    0.075000
                 energy =   -0.473172
                kinetic =    1.899833
    potential(screened) =   -2.373005
       potential(ionic) =  -19.995099

SPLIT: Orbitals with angular momentum L= 1

SPLIT: Basis orbitals for state 3p

SPLIT: PAO cut-off radius determined from an
SPLIT: energy shift=  0.000140 Ry
Split based on tail norm

   izeta = 1
                 lambda =    1.000000
                     rc =    3.414070
                 energy =   -5.225411
                kinetic =    9.244220
    potential(screened) =  -14.469631
       potential(ionic) =  -47.296381

SPLIT: Basis orbitals for state 4p
SPLIT: Non-perturbative polarization orbs for state 4s
SPLIT: rc(1st zeta) (re)set to: 9.3162 (expansion factor: 1.0000)
Split based on tail norm

   izeta = 1
                 lambda =    1.000000
                     rc =    9.316220
                 energy =   -0.065208
                kinetic =    0.825147
    potential(screened) =   -0.890355
       potential(ionic) =  -12.014212

SPLIT: Orbitals with angular momentum L= 2

SPLIT: Basis orbitals for state 3d

SPLIT: PAO cut-off radius determined from an
SPLIT: energy shift=  0.000140 Ry
Split based on tail norm

   izeta = 1
                 lambda =    1.000000
                     rc =    6.323353
                 energy =   -0.639566
                kinetic =   11.441999
    potential(screened) =  -12.081565
       potential(ionic) =  -40.678115

   izeta = 2
                 rmatch =    2.624859
              splitnorm =    0.150000
                 energy =   -0.513226
                kinetic =   13.528651
    potential(screened) =  -14.041878
       potential(ionic) =  -44.582092

   izeta = 3
                 rmatch =    3.356353
              splitnorm =    0.075000
                 energy =   -0.605538
                kinetic =   12.372939
    potential(screened) =  -12.978477
       potential(ionic) =  -42.595740
atom: Total number of Sankey-type orbitals: 25

atm_pop: Valence configuration (for local Pseudopot. screening):
 3s( 2.00) 4s( 2.00)                                                  
 3p( 6.00) 4p( 0.00)                                                  
 3d( 8.00)                                                            
Vna: chval, zval:   18.00000  18.00000

Vna:  Cut-off radius for the neutral-atom potential:   9.316220
comcore: Pseudo-core radius Rcore=  1.817282

atom: _________________________________________________________________________

<basis_specs>
===============================================================================
Mn                   Z=  25    Mass=  54.938        Charge= 0.17977+309
Lmxo=2 Lmxkb= 2    BasisType=split      Semic=T
L=0  Nsemic=1  Cnfigmx=4
          i=1  nzeta=1  polorb=0  (3s)  (semicore shell)
            splnorm:   0.15000    
               vcte:    50.000    
               rinn:  -0.70000    
               qcoe:    0.0000    
               qyuk:    0.0000    
               qwid:   0.10000E-01
                rcs:    0.0000    
            lambdas:    1.0000    
          i=2  nzeta=3  polorb=0  (4s)  (to be polarized non-perturbatively)
            splnorm:   0.15000    
               vcte:    50.000    
               rinn:  -0.70000    
               qcoe:    0.0000    
               qyuk:    0.0000    
               qwid:   0.10000E-01
                rcs:    0.0000      0.0000      0.0000    
            lambdas:    1.0000      1.0000      1.0000    
L=1  Nsemic=1  Cnfigmx=4
          i=1  nzeta=1  polorb=0  (3p)  (semicore shell)
            splnorm:   0.15000    
               vcte:    50.000    
               rinn:  -0.70000    
               qcoe:    0.0000    
               qyuk:    0.0000    
               qwid:   0.10000E-01
                rcs:    0.0000    
            lambdas:    1.0000    
          i=2  nzeta=1  polorb=0  (4p)  (non-perturbative polarization shell)
            splnorm:   0.15000    
               vcte:    50.000    
               rinn:  -0.70000    
               qcoe:   0.40514-315
               qyuk:    0.0000    
               qwid:   0.69531-309
                rcs:    0.0000    
            lambdas:    1.0000    
L=2  Nsemic=0  Cnfigmx=3
          i=1  nzeta=3  polorb=0  (3d)
            splnorm:   0.15000    
               vcte:    50.000    
               rinn:  -0.70000    
               qcoe:    0.0000    
               qyuk:    0.0000    
               qwid:   0.10000E-01
                rcs:    0.0000      0.0000      0.0000    
            lambdas:    1.0000      1.0000      1.0000    
-------------------------------------------------------------------------------
L=0  Nkbl=2  erefs: 0.17977+309 0.17977+309
L=1  Nkbl=2  erefs: 0.17977+309 0.17977+309
L=2  Nkbl=1  erefs: 0.17977+309
===============================================================================
</basis_specs>

Using PAO.SplitTailNorm
atom: Called for Mn                    (Z =  25)
Maximum radius (at nrval) set to   50.00000 8518

read_vps: Pseudopotential generation method:
read_vps: ONCVPSP-3.Hamann's oncvpsp                        
Valence charge in pseudo generation:   15.00000

read_vps: Pseudopotential includes a core correction:
read_vps: Pseudo-core for xc-correction

xc_check: Exchange-correlation functional:
xc_check: GGA PBEsol
xc_check: WARNING: Pseudopotential generated with GGA PBE functional
Got Vlocal (oncv-fit) from psml data
Choosing vlocal chloc cutoff:  3.504263
qtot up to nchloc:   15.00032895
atom: Maximum radius for chlocal:    3.50426
atom: Maximum radius for r*vlocal+2*Zval:    3.50426
Reading KB projs from Mn psml data
Using scalar-relativistic projectors in PSML file

PSML: Kleinman-Bylander projectors: 
   l= 0   rc=  1.427391   Ekb= 18.471374
   l= 0   rc=  1.430269   Ekb=  3.121111
   l= 1   rc=  1.224702   Ekb=  3.156115
   l= 1   rc=  1.224702   Ekb= -1.424352
   l= 2   rc=  1.630219   Ekb=-13.224142
   l= 2   rc=  1.630219   Ekb= -4.330632

PSML: Total number of  Kleinman-Bylander projectors:  18
atom: -------------------------------------------------------------------------

atom: SANKEY-TYPE ORBITALS:
atom: Selected multiple-zeta basis: split     

SPLIT: Orbitals with angular momentum L= 0

SPLIT: Basis orbitals for state 3s

SPLIT: PAO cut-off radius determined from an
SPLIT: energy shift=  0.000140 Ry
Split based on tail norm

   izeta = 1
                 lambda =    1.000000
                     rc =    3.380000
                 energy =   -6.293298
                kinetic =    2.848567
    potential(screened) =   -9.141865
       potential(ionic) =  -33.519753

SPLIT: Basis orbitals for state 4s

SPLIT: PAO cut-off radius determined from an
SPLIT: energy shift=  0.000140 Ry
Split based on tail norm

   izeta = 1
                 lambda =    1.000000
                     rc =   10.002455
                 energy =   -0.450676
                kinetic =    1.112603
    potential(screened) =   -1.563278
       potential(ionic) =  -13.199632

   izeta = 2
                 rmatch =    5.430276
              splitnorm =    0.150000
                 energy =   -0.360834
                kinetic =    1.875764
    potential(screened) =   -2.236598
       potential(ionic) =  -15.982656

   izeta = 3
                 rmatch =    6.342382
              splitnorm =    0.075000
                 energy =   -0.415048
                kinetic =    1.529261
    potential(screened) =   -1.944310
       potential(ionic) =  -14.865309

SPLIT: Orbitals with angular momentum L= 1

SPLIT: Basis orbitals for state 3p

SPLIT: PAO cut-off radius determined from an
SPLIT: energy shift=  0.000140 Ry
Split based on tail norm

   izeta = 1
                 lambda =    1.000000
                     rc =    3.873861
                 energy =   -3.996757
                kinetic =    6.976018
    potential(screened) =  -10.972775
       potential(ionic) =  -34.563053

SPLIT: Basis orbitals for state 4p
SPLIT: Non-perturbative polarization orbs for state 4s
SPLIT: rc(1st zeta) (re)set to: 10.0025 (expansion factor: 1.0000)
Split based on tail norm

   izeta = 1
                 lambda =    1.000000
                     rc =   10.002455
                 energy =   -0.085879
                kinetic =    0.770317
    potential(screened) =   -0.856196
       potential(ionic) =   -9.409918

SPLIT: Orbitals with angular momentum L= 2

SPLIT: Basis orbitals for state 3d

SPLIT: PAO cut-off radius determined from an
SPLIT: energy shift=  0.000140 Ry
Split based on tail norm

   izeta = 1
                 lambda =    1.000000
                     rc =    7.238756
                 energy =   -0.490123
                kinetic =    9.261574
    potential(screened) =   -9.751697
       potential(ionic) =  -30.334327

   izeta = 2
                 rmatch =    3.144499
              splitnorm =    0.150000
                 energy =   -0.401801
                kinetic =   11.021778
    potential(screened) =  -11.423579
       potential(ionic) =  -33.555539

   izeta = 3
                 rmatch =    3.972182
              splitnorm =    0.075000
                 energy =   -0.464167
                kinetic =   10.072383
    potential(screened) =  -10.536551
       potential(ionic) =  -31.940836
atom: Total number of Sankey-type orbitals: 25

atm_pop: Valence configuration (for local Pseudopot. screening):
 3s( 2.00) 4s( 2.00)                                                  
 3p( 6.00) 4p( 0.00)                                                  
 3d( 5.00)                                                            
Vna: chval, zval:   15.00000  15.00000

Vna:  Cut-off radius for the neutral-atom potential:  10.002455
comcore: Pseudo-core radius Rcore=  2.115123

atom: _________________________________________________________________________

prinput: Basis input 

PAO.BasisType split     

%block ChemicalSpeciesLabel
    1   28 Ni                      # Species index, atomic number, species label
    2   25 Mn                      # Species index, atomic number, species label
%endblock ChemicalSpeciesLabel

%block PAO.Basis                 # Define Basis set
# WARNING: This information might be incomplete!
Ni                    5                    # Species label, number of l-shells
 n=3   0   1                         # n, l, Nzeta 
   3.000   
   1.000   
 n=4   0   3                         # n, l, Nzeta 
   9.316      4.957      5.825   
   1.000      1.000      1.000   
 n=3   1   1                         # n, l, Nzeta 
   3.414   
   1.000   
 n=4   1   1                         # n, l, Nzeta 
   9.316   
   1.000   
 n=3   2   3                         # n, l, Nzeta 
   6.323      2.625      3.356   
   1.000      1.000      1.000   
Mn                    5                    # Species label, number of l-shells
 n=3   0   1                         # n, l, Nzeta 
   3.380   
   1.000   
 n=4   0   3                         # n, l, Nzeta 
  10.002      5.430      6.342   
   1.000      1.000      1.000   
 n=3   1   1                         # n, l, Nzeta 
   3.874   
   1.000   
 n=4   1   1                         # n, l, Nzeta 
  10.002   
   1.000   
 n=3   2   3                         # n, l, Nzeta 
   7.239      3.144      3.972   
   1.000      1.000      1.000   
%endblock PAO.Basis

prinput: ----------------------------------------------------------------------

coor:   Atomic-coordinates input format  =     Fractional

siesta: Atomic coordinates (Bohr) and species
siesta:      0.00000   9.40712   0.00000  1        1
siesta:      2.35178   2.35178   3.32592  1        2
siesta:      2.35178  16.46245   3.32592  1        3
siesta:      2.35178  21.16601   3.32592  1        4
siesta:      0.00000   0.00000   0.00000  2        5
siesta:      0.00000   4.70356   0.00000  2        6
siesta:      0.00000  14.11067   0.00000  2        7
siesta:      0.00000  18.81423   0.00000  2        8
siesta:      2.35178   7.05534   3.32592  2        9
siesta:      2.35178  11.75890   3.32592  2       10

siesta: System type = bulk      

initatomlists: Number of atoms, orbitals, and projectors:     10   250   180

coxmol: Writing XMOL coordinates into file hea.xyz                                                                                                                                                                                                                             

siesta: ******************** Simulation parameters ****************************
siesta:
siesta: The following are some of the parameters of the simulation.
siesta: A complete list of the parameters used, including default values,
siesta: can be found in file out.fdf
siesta:
redata: Spin configuration                          = collinear
redata: Number of spin components                   = 2
redata: Time-Reversal Symmetry                      = T
redata: Spin spiral                                 = F
redata: Long output                                 =   F
redata: Number of Atomic Species                    =        2
redata: Charge density info will appear in .RHO file
redata: Write Mulliken charges (when)               = end
redata: Write Mulliken Pop.                         = Atomic and Orbital charges
redata: Write Hirshfeld charges (when)              = none
redata: Write Voronoi charges (when)                = none
redata: Write spin charge (when)                    = scf
redata: Matel table size (NRTAB)                    =     1024
redata: Mesh Cutoff                                 =   300.0000 Ry
redata: Net charge of the system                    =     0.0000 |e|
redata: Min. number of SCF Iter                     =        0
redata: Max. number of SCF Iter                     =    20000
redata: SCF convergence failure will abort job
redata: SCF mix quantity                            = Hamiltonian
redata: Mix DM or H after convergence               =   F
redata: Recompute H after scf cycle                 =   F
redata: Mix DM in first SCF step                    =   T
redata: Write Pulay info on disk                    =   F
redata: New DM Occupancy tolerance                  = 0.000000000001
redata: No kicks to SCF
redata: DM Mixing Weight for Kicks                  =     0.5000
redata: Require Harris convergence for SCF          =   F
redata: Harris energy tolerance for SCF             =     0.000100 eV
redata: Require DM convergence for SCF              =   T
redata: DM tolerance for SCF                        =     0.000500
redata: Require EDM convergence for SCF             =   F
redata: EDM tolerance for SCF                       =     0.001000 eV
redata: Require H convergence for SCF               =   F
redata: Hamiltonian tolerance for SCF               =     0.005000 eV
redata: Require (free) Energy convergence for SCF   =   F
redata: (free) Energy tolerance for SCF             =     0.000100 eV
redata: Antiferro initial spin density              =   T
redata: Using DFT-D3 dispersion                     =   F
redata: Using Saved Data (generic)                  =   F
redata: Use continuation files for DM               =   F
redata: Neglect nonoverlap interactions             =   F
redata: Method of Calculation                       = Diagonalization
redata: Electronic Temperature                      =   300.0000 K
redata: Fix the spin of the system                  =   F
redata: Max. number of TDED Iter                    =        1
redata: Number of TDED substeps                     =        3
redata: Dynamics option                             = CG coord. optimization
redata: Variable cell                               =   T
redata: Use continuation files for CG               =   F
redata: Max atomic displ per move                   =     0.1058 Ang
redata: Maximum number of optimization moves        =      500
redata: Force tolerance                             =     0.0500 eV/Ang
redata: Stress tolerance                            =     1.0000 GPa
mix.SCF: Broyden mixing                          = Broyden
mix.SCF:    History steps                        = 8
mix.SCF:    Linear mixing weight                 =     0.070000
mix.SCF:    Inverse Jacobian weight              =     0.070000
mix.SCF:    Weight prime                         =     0.070000
mix.SCF:    SVD condition                        = 0.1000E-07
mix.SCF: Spin-component mixing                   all
redata: ***********************************************************************

%block SCF.Mixers
  Broyden
%endblock SCF.Mixers

%block SCF.Mixer.Broyden
  # Mixing method
  method broyden

  # Mixing options
  weight 0.0700
  weight.linear 0.0700
  weight.prime 0.0700
  history 8
%endblock SCF.Mixer.Broyden

DM_history_depth set to one: no extrapolation allowed by default for geometry relaxation
Size of DM history Fstack: 1
Total number of electrons:   162.000000
Total ionic charge:   162.000000

* ProcessorY, Blocksize:    9   7


* Orbital distribution balance (max,min):     7     5

k-point displ. along   1 input, could be:     0.00    0.50
k-point displ. along   2 input, could be:     0.00    0.50
k-point displ. along   3 input, could be:     0.00    0.50
 Kpoints in:           32 . Kpoints trimmed:           31

siesta: k-grid: Number of k-points = 31
siesta: k-points from Monkhorst-Pack grid
siesta: k-cutoff (effective) =     7.040 Ang
siesta: k-point supercell and displacements
siesta: k-grid:     6     0     0      0.000
siesta: k-grid:     0     2     0      0.000
siesta: k-grid:     0     0     4      0.000
k-point displ. along   1 input, could be:     0.00    0.50
k-point displ. along   2 input, could be:     0.00    0.50
k-point displ. along   3 input, could be:     0.00    0.50
 Kpoints in:           32 . Kpoints trimmed:           31

siesta: PDOS k-grid: Number of k-points = 31
siesta: PDOS k-points from Monkhorst-Pack grid
siesta: PDOS k-cutoff (effective) =     0.000 Ang
siesta: PDOS k-point supercell and displacements
siesta: k-grid:     6     0     0      0.000
siesta: k-grid:     0     2     0      0.000
siesta: k-grid:     0     0     4      0.000

diag: Algorithm                                     = D&C
diag: Parallel over k                               =   F
diag: Use parallel 2D distribution                  =   T
diag: Parallel block-size                           = 7
diag: Parallel distribution                         =     6 x     6
diag: Used triangular part                          = Lower
diag: Absolute tolerance                            =  0.100E-15
diag: Orthogonalization factor                      =  0.100E-05
diag: Memory factor                                 =  1.0000
diag: The diagonalization method chosen cannot compute a reduced number of eigenvectors.
diag: Resetting neigwanted 103 to 250

superc: Internal auxiliary supercell:     9 x     3 x     7  =     189
superc: Number of atoms, orbitals, and projectors:   1890  47250  34020


ts: **************************************************************
ts: Save H and S matrices                           =    F
ts: Save DM and EDM matrices                        =    F
ts: Only save the overlap matrix S                  =    F
ts: **************************************************************

************************ Begin: TS CHECKS AND WARNINGS ************************
************************ End: TS CHECKS AND WARNINGS **************************


                     ====================================
                        Begin CG opt. move =      0
                     ====================================

superc: Internal auxiliary supercell:     9 x     3 x     7  =     189
superc: Number of atoms, orbitals, and projectors:   1890  47250  34020

outcell: Unit cell vectors (Ang):
        2.489016    0.000000    0.000000
        0.000000   12.445079    0.000000
        0.000000    0.000000    3.520000

outcell: Cell vector modules (Ang)   :    2.489016   12.445079    3.520000
outcell: Cell angles (23,13,12) (deg):     90.0000     90.0000     90.0000
outcell: Cell volume (Ang**3)        :    109.0355
<dSpData1D:S at geom step 0
  <sparsity:sparsity for geom step 0
    nrows_g=250 nrows=7 sparsity=.3130 nnzs=19565, refcount: 7>
  <dData1D:(new from dSpData1D) n=19565, refcount: 1>
refcount: 1>
new_DM -- step:     1
Initializing Density Matrix...
DM filled with atomic data:
<dSpData2D:DM initialized from atoms
  <sparsity:sparsity for geom step 0
    nrows_g=250 nrows=7 sparsity=.3130 nnzs=19565, refcount: 8>
  <dData2D:DM n=19565 m=2, refcount: 1>
refcount: 1>
No. of atoms with KB's overlaping orbs in proc 0. Max # of overlaps:      79     705

InitMesh: MESH = 30 x 144 x 40 = 172800
InitMesh: Mesh cutoff (required, used) =   300.000   356.892 Ry
New grid distribution [1]: sub = 2
New grid distribution [2]: sub = 2
New grid distribution [3]: sub = 2
Setting up quadratic distribution...

stepf: Fermi-Dirac step function

siesta: Program's energy decomposition (eV):
siesta: Ebs     =     -6600.122818
siesta: Eions   =     47220.672477
siesta: Ena     =      3974.581077
siesta: Ekin    =     16105.428771
siesta: Enl     =     -3916.621428
siesta: Eso     =         0.000000
siesta: Edftu   =         0.000000
siesta: DEna    =       292.641586
siesta: DUscf   =         9.844878
siesta: DUext   =         0.000000
siesta: Ex      =     -4928.814668
siesta: Ec      =      -303.000185
siesta: Exc     =     -5231.814853
siesta: EbV     =         0.000000
siesta: eta*DQ  =         0.000000
siesta: Emadel  =         0.000000
siesta: Emeta   =         0.000000
siesta: Emolmec =         0.000000
siesta: Ekinion =         0.000000
siesta: Eharris =    -35866.464711
siesta: Etot    =    -35986.612446
siesta: FreeEng =    -35986.628375

        iscf     Eharris(eV)        E_KS(eV)     FreeEng(eV)     dDmax    Ef(eV) dHmax(eV)
   scf:    1   -35866.464711   -35986.612446   -35986.628375  4.213324 -5.609826 13.534313
     spin moment: {S} , |S| = {        0.0        0.0   -0.26595 }    -0.26595
timer: Routine,Calls,Time,% = IterSCF        1       3.793  24.18
   scf:    2   -35936.723531   -35974.632423   -35974.647746  0.536674 -5.769225 26.259402
     spin moment: {S} , |S| = {        0.0        0.0    0.23899 }     0.23899
   scf:    3   -35989.142367   -35990.075815   -35990.090908  0.448586 -5.833291  5.961041
     spin moment: {S} , |S| = {        0.0        0.0   -0.12223 }    -0.12223
   scf:    4   -35991.274716   -35990.873782   -35990.889708  0.208262 -5.944478  5.225739
     spin moment: {S} , |S| = {        0.0        0.0   -0.11784 }    -0.11784
   scf:    5   -35992.873595   -35992.199366   -35992.212560  0.415858 -6.200184  3.912664
     spin moment: {S} , |S| = {        0.0        0.0   -0.09079 }    -0.09079
   scf:    6   -35993.595839   -35993.064012   -35993.077493  0.351657 -6.495791  1.993480
     spin moment: {S} , |S| = {        0.0        0.0   -0.08089 }    -0.08089
   scf:    7   -35993.444671   -35993.291804   -35993.305029  0.108998 -6.585390  0.719812
     spin moment: {S} , |S| = {        0.0        0.0   -0.08765 }    -0.08765
   scf:    8   -35993.467188   -35993.381422   -35993.395030  0.046079 -6.619338  0.668064
     spin moment: {S} , |S| = {        0.0        0.0   -0.08892 }    -0.08892
   scf:    9   -35994.158887   -35993.796290   -35993.813681  0.229411 -6.714078  2.431598
     spin moment: {S} , |S| = {        0.0        0.0   -0.17742 }    -0.17742
   scf:   10   -35994.303123   -35994.076567   -35994.095310  0.085097 -6.764609  0.745506
     spin moment: {S} , |S| = {        0.0        0.0   -0.14639 }    -0.14639
   scf:   11   -35994.363139   -35994.214648   -35994.238790  0.130114 -6.831060  1.423803
     spin moment: {S} , |S| = {        0.0        0.0   -0.09560 }    -0.09560
   scf:   12   -35993.874398   -35994.070057   -35994.095134  0.020949 -6.831287  2.695321
     spin moment: {S} , |S| = {        0.0        0.0   -0.09999 }    -0.09999
   scf:   13   -35994.343811   -35994.218810   -35994.245022  0.035573 -6.852007  1.746707
     spin moment: {S} , |S| = {        0.0        0.0   -0.08499 }    -0.08499
   scf:   14   -35994.336700   -35994.319487   -35994.346113  0.031580 -6.873184  0.251631
     spin moment: {S} , |S| = {        0.0        0.0   -0.07636 }    -0.07636
   scf:   15   -35994.334835   -35994.327497   -35994.354496  0.012670 -6.873265  0.268169
     spin moment: {S} , |S| = {        0.0        0.0   -0.07235 }    -0.07235
   scf:   16   -35994.330528   -35994.336062   -35994.363356  0.026659 -6.881505  0.613498
     spin moment: {S} , |S| = {        0.0        0.0   -0.06465 }    -0.06465
   scf:   17   -35994.352654   -35994.345704   -35994.373478  0.012522 -6.884657  0.346232
     spin moment: {S} , |S| = {        0.0        0.0   -0.06129 }    -0.06129
   scf:   18   -35994.351514   -35994.348742   -35994.376516  0.012107 -6.887375  0.410290
     spin moment: {S} , |S| = {        0.0        0.0   -0.06048 }    -0.06048
   scf:   19   -35994.363439   -35994.358406   -35994.386366  0.021859 -6.893107  0.154327
     spin moment: {S} , |S| = {        0.0        0.0   -0.05345 }    -0.05345
   scf:   20   -35994.363480   -35994.361064   -35994.388654  0.014033 -6.893571  0.080050
     spin moment: {S} , |S| = {        0.0        0.0   -0.04945 }    -0.04945
   scf:   21   -35994.361613   -35994.361339   -35994.388680  0.007455 -6.892392  0.088991
     spin moment: {S} , |S| = {        0.0        0.0   -0.04726 }    -0.04726
   scf:   22   -35994.364182   -35994.362745   -35994.389918  0.008337 -6.892052  0.063426
     spin moment: {S} , |S| = {        0.0        0.0   -0.04275 }    -0.04275
   scf:   23   -35994.364767   -35994.363717   -35994.390841  0.004212 -6.892659  0.056976
     spin moment: {S} , |S| = {        0.0        0.0   -0.03895 }    -0.03895
   scf:   24   -35994.367359   -35994.365166   -35994.392500  0.010173 -6.896885  0.041217
     spin moment: {S} , |S| = {        0.0        0.0   -0.03172 }    -0.03172
   scf:   25   -35994.366106   -35994.365547   -35994.393000  0.004828 -6.899271  0.027290
     spin moment: {S} , |S| = {        0.0        0.0   -0.02829 }    -0.02829
   scf:   26   -35994.366282   -35994.365723   -35994.393367  0.006970 -6.903076  0.022186
     spin moment: {S} , |S| = {        0.0        0.0   -0.02212 }    -0.02212
   scf:   27   -35994.365770   -35994.365745   -35994.393417  0.001726 -6.903590  0.016012
     spin moment: {S} , |S| = {        0.0        0.0   -0.01991 }    -0.01991
   scf:   28   -35994.365699   -35994.365723   -35994.393435  0.001364 -6.904232  0.015438
     spin moment: {S} , |S| = {        0.0        0.0   -0.01932 }    -0.01932
   scf:   29   -35994.365937   -35994.365814   -35994.393468  0.001843 -6.903668  0.014560
     spin moment: {S} , |S| = {        0.0        0.0   -0.01858 }    -0.01858
   scf:   30   -35994.365902   -35994.365858   -35994.393506  0.001117 -6.903957  0.010022
     spin moment: {S} , |S| = {        0.0        0.0   -0.01704 }    -0.01704
   scf:   31   -35994.365953   -35994.365903   -35994.393515  0.001127 -6.903635  0.010773
     spin moment: {S} , |S| = {        0.0        0.0   -0.01659 }    -0.01659
   scf:   32   -35994.366062   -35994.365971   -35994.393601  0.003045 -6.904617  0.009284
     spin moment: {S} , |S| = {        0.0        0.0   -0.01262 }    -0.01262
   scf:   33   -35994.366100   -35994.366027   -35994.393648  0.002649 -6.905189  0.006325
     spin moment: {S} , |S| = {        0.0        0.0   -0.00914 }    -0.00914
   scf:   34   -35994.366034   -35994.366026   -35994.393665  0.001654 -6.905682  0.004793
     spin moment: {S} , |S| = {        0.0        0.0   -0.00727 }    -0.00727
   scf:   35   -35994.366023   -35994.366022   -35994.393674  0.001187 -6.905971  0.003054
     spin moment: {S} , |S| = {        0.0        0.0   -0.00579 }    -0.00579
   scf:   36   -35994.366029   -35994.366025   -35994.393680  0.000483 -6.906020  0.002992
     spin moment: {S} , |S| = {        0.0        0.0   -0.00495 }    -0.00495

SCF Convergence by DM criterion
max |DM_out - DM_in|         :     0.0004825573
max |H_out - H_in|      (eV) :     0.0029922511
SCF cycle converged after 36 iterations

Using DM_out to compute the final energy and forces
No. of atoms with KB's overlaping orbs in proc 0. Max # of overlaps:      79     705

siesta: E_KS(eV) =           -35994.3660

siesta: E_KS - E_eggbox =    -35994.3660

siesta: Atomic forces (eV/Ang):
     1   -0.000000   -0.000224   -0.000000
     2    0.000000   -0.345043   -0.000000
     3   -0.000000    0.343365   -0.000000
     4    0.000000    0.002873   -0.000000
     5    0.000000    0.103582    0.000000
     6   -0.000000    0.172036    0.000000
     7    0.000000   -0.167675    0.000000
     8   -0.000000   -0.108805    0.000000
     9    0.000000   -0.103812    0.000000
    10    0.000000    0.093978    0.000000
----------------------------------------
   Tot   -0.000000   -0.009725    0.000000
----------------------------------------
   Max    0.345043
   Res    0.105964    sqrt( Sum f_i^2 / 3N )
----------------------------------------
   Max    0.345043    constrained

Stress tensor Voigt[x,y,z,yz,xz,xy] (kbar):      -31.57      -31.64       -4.91       -0.00       -0.00        0.00
(Free)E + p*V (eV/cell)   -35992.8481
Target enthalpy (eV/cell)   -35994.3937

siesta: Stress tensor (static) (eV/Ang**3):
        -0.019707    0.000000    0.000000
         0.000000   -0.019750   -0.000000
        -0.000000   -0.000000   -0.003068

siesta: Pressure (static):         22.71069606  kBar

siesta: Stress tensor (total) (eV/Ang**3):
        -0.019707    0.000000    0.000000
         0.000000   -0.019750   -0.000000
        -0.000000   -0.000000   -0.003068

siesta: Pressure (total):         22.71069606  kBar

cgvc: No target stress found, assuming hydrostatic MD.TargetPressure.

cgvc: Target stress (kBar)
cgvc:        -0.000       0.000       0.000
cgvc:         0.000      -0.000       0.000
cgvc:         0.000       0.000      -0.000

                     ====================================
                        Begin CG opt. move =      1
                     ====================================
k-point displ. along   1 input, could be:     0.00    0.50
k-point displ. along   2 input, could be:     0.00    0.50
k-point displ. along   3 input, could be:     0.00    0.50
 Kpoints in:           32 . Kpoints trimmed:           31

siesta: k-grid: Number of k-points = 31
siesta: k-points from Monkhorst-Pack grid
siesta: k-cutoff (effective) =     7.052 Ang
siesta: k-point supercell and displacements
siesta: k-grid:     6     0     0      0.000
siesta: k-grid:     0     2     0      0.000
siesta: k-grid:     0     0     4      0.000

superc: Internal auxiliary supercell:     9 x     3 x     7  =     189
superc: Number of atoms, orbitals, and projectors:   1890  47250  34020

outcell: Unit cell vectors (Ang):
        2.515858   -0.000000   -0.000000
       -0.000000   12.579582    0.000000
       -0.000000    0.000000    3.525909

outcell: Cell vector modules (Ang)   :    2.515858   12.579582    3.525909
outcell: Cell angles (23,13,12) (deg):     90.0000     90.0000     90.0000
outcell: Cell volume (Ang**3)        :    111.5895
<dSpData1D:S at geom step 1
  <sparsity:sparsity for geom step 1
    nrows_g=250 nrows=7 sparsity=.3086 nnzs=19287, refcount: 7>
  <dData1D:(new from dSpData1D) n=19287, refcount: 1>
refcount: 1>
new_DM -- step:     2
Re-using DM from previous geometries...
Number of DMs in history: 1
 DM extrapolation coefficients: 
1   1.00000
New DM after history re-use:
<dSpData2D:SpM extrapolated using coords
  <sparsity:sparsity for geom step 1
    nrows_g=250 nrows=7 sparsity=.3086 nnzs=19287, refcount: 9>
  <dData2D:(temp array for extrapolation) n=19287 m=2, refcount: 1>
refcount: 1>
No. of atoms with KB's overlaping orbs in proc 0. Max # of overlaps:      79     700

InitMesh: MESH = 30 x 144 x 40 = 172800
InitMesh: Mesh cutoff (required, used) =   300.000   355.697 Ry
New grid distribution [1]: sub = 2
New grid distribution [2]: sub = 2
New grid distribution [3]: sub = 2
Setting up quadratic distribution...

        iscf     Eharris(eV)        E_KS(eV)     FreeEng(eV)     dDmax    Ef(eV) dHmax(eV)
   scf:    1   -35995.358103   -35993.650534   -35993.676366  0.386684 -6.860200  5.258239
     spin moment: {S} , |S| = {        0.0        0.0   -0.00205 }    -0.00205
   scf:    2   -23112.693983   -31717.749834   -31717.775239  2.320325 -6.060600421.032820
     spin moment: {S} , |S| = {        0.0        0.0   -0.68350 }    -0.68350
   scf:    3   -36032.488708   -35994.359019   -35994.386236  2.311217 -6.847538  0.844179
     spin moment: {S} , |S| = {        0.0        0.0    0.00185 }     0.00185
   scf:    4   -35994.373503   -35994.372911   -35994.399926  0.008963 -6.843457  0.329439
     spin moment: {S} , |S| = {        0.0        0.0   -0.00863 }    -0.00863
   scf:    5   -35994.364133   -35994.372431   -35994.399428  0.007957 -6.840138  0.405804
     spin moment: {S} , |S| = {        0.0        0.0    0.00235 }     0.00235
   scf:    6   -35994.377037   -35994.376832   -35994.403809  0.004093 -6.838415  0.145512
     spin moment: {S} , |S| = {        0.0        0.0   -0.00182 }    -0.00182
   scf:    7   -35994.379520   -35994.378330   -35994.405279  0.002835 -6.835409  0.095948
     spin moment: {S} , |S| = {        0.0        0.0   -0.00433 }    -0.00433
   scf:    8   -35994.383906   -35994.381489   -35994.408277  0.009213 -6.825671  0.066082
     spin moment: {S} , |S| = {        0.0        0.0   -0.00170 }    -0.00170
   scf:    9   -35994.382504   -35994.382033   -35994.408776  0.002530 -6.823672  0.047928
     spin moment: {S} , |S| = {        0.0        0.0   -0.00312 }    -0.00312
   scf:   10   -35994.383154   -35994.382600   -35994.409299  0.002284 -6.822759  0.049427
     spin moment: {S} , |S| = {        0.0        0.0   -0.00270 }    -0.00270
   scf:   11   -35994.384470   -35994.383516   -35994.410124  0.003743 -6.822143  0.036501
     spin moment: {S} , |S| = {        0.0        0.0   -0.00261 }    -0.00261
   scf:   12   -35994.384080   -35994.383793   -35994.410367  0.001463 -6.821744  0.033533
     spin moment: {S} , |S| = {        0.0        0.0   -0.00250 }    -0.00250
   scf:   13   -35994.385380   -35994.384532   -35994.411006  0.004265 -6.820212  0.025266
     spin moment: {S} , |S| = {        0.0        0.0   -0.00218 }    -0.00218
   scf:   14   -35994.386346   -35994.385339   -35994.411664  0.005858 -6.817447  0.026977
     spin moment: {S} , |S| = {        0.0        0.0   -0.00187 }    -0.00187
   scf:   15   -35994.387366   -35994.386113   -35994.412220  0.008936 -6.814007  0.013133
     spin moment: {S} , |S| = {        0.0        0.0   -0.00129 }    -0.00129
   scf:   16   -35994.386124   -35994.386119   -35994.412230  0.000386 -6.814195  0.014243
     spin moment: {S} , |S| = {        0.0        0.0   -0.00114 }    -0.00114

SCF Convergence by DM criterion
max |DM_out - DM_in|         :     0.0003864571
max |H_out - H_in|      (eV) :     0.0142434611
SCF cycle converged after 16 iterations

Using DM_out to compute the final energy and forces
No. of atoms with KB's overlaping orbs in proc 0. Max # of overlaps:      79     700

siesta: E_KS(eV) =           -35994.3861

siesta: Atomic forces (eV/Ang):
     1   -0.000000   -0.002097   -0.000000
     2   -0.000000    0.253111   -0.000000
     3   -0.000000   -0.253769    0.000000
     4   -0.000000   -0.006633   -0.000000
     5    0.000000   -0.144318   -0.000000
     6    0.000000   -0.237195   -0.000000
     7   -0.000000    0.229500   -0.000000
     8   -0.000000    0.153226   -0.000000
     9   -0.000000    0.042567   -0.000000
    10   -0.000000   -0.030483   -0.000000
----------------------------------------
   Tot   -0.000000    0.003907   -0.000000
----------------------------------------
   Max    0.253769
   Res    0.097381    sqrt( Sum f_i^2 / 3N )
----------------------------------------
   Max    0.253769    constrained

Stress tensor Voigt[x,y,z,yz,xz,xy] (kbar):        5.81        8.89       31.15        0.00        0.00       -0.00
(Free)E + p*V (eV/cell)   -35995.4766
Target enthalpy (eV/cell)   -35994.4122

siesta: Stress tensor (static) (eV/Ang**3):
         0.003624    0.000000    0.000000
        -0.000000    0.005546   -0.000000
         0.000000    0.000000    0.019445

siesta: Pressure (static):        -15.28177102  kBar

siesta: Stress tensor (total) (eV/Ang**3):
         0.003624    0.000000    0.000000
        -0.000000    0.005546   -0.000000
         0.000000    0.000000    0.019445

siesta: Pressure (total):        -15.28177102  kBar

                     ====================================
                        Begin CG opt. move =      2
                     ====================================
k-point displ. along   1 input, could be:     0.00    0.50
k-point displ. along   2 input, could be:     0.00    0.50
k-point displ. along   3 input, could be:     0.00    0.50
 Kpoints in:           32 . Kpoints trimmed:           31

siesta: k-grid: Number of k-points = 31
siesta: k-points from Monkhorst-Pack grid
siesta: k-cutoff (effective) =     7.047 Ang
siesta: k-point supercell and displacements
siesta: k-grid:     6     0     0      0.000
siesta: k-grid:     0     2     0      0.000
siesta: k-grid:     0     0     4      0.000

superc: Internal auxiliary supercell:     9 x     3 x     7  =     189
superc: Number of atoms, orbitals, and projectors:   1890  47250  34020

outcell: Unit cell vectors (Ang):
        2.506001   -0.000000   -0.000000
       -0.000000   12.530188    0.000000
       -0.000000    0.000000    3.523739

outcell: Cell vector modules (Ang)   :    2.506001   12.530188    3.523739
outcell: Cell angles (23,13,12) (deg):     90.0000     90.0000     90.0000
outcell: Cell volume (Ang**3)        :    110.6477
<dSpData1D:S at geom step 2
  <sparsity:sparsity for geom step 2
    nrows_g=250 nrows=7 sparsity=.3119 nnzs=19493, refcount: 7>
  <dData1D:(new from dSpData1D) n=19493, refcount: 1>
refcount: 1>
new_DM -- step:     3
Re-using DM from previous geometries...
Number of DMs in history: 1
 DM extrapolation coefficients: 
1   1.00000
New DM after history re-use:
<dSpData2D:SpM extrapolated using coords
  <sparsity:sparsity for geom step 2
    nrows_g=250 nrows=7 sparsity=.3119 nnzs=19493, refcount: 9>
  <dData2D:(temp array for extrapolation) n=19493 m=2, refcount: 1>
refcount: 1>
No. of atoms with KB's overlaping orbs in proc 0. Max # of overlaps:      79     705

InitMesh: MESH = 30 x 144 x 40 = 172800
InitMesh: Mesh cutoff (required, used) =   300.000   356.135 Ry
New grid distribution [1]: sub = 2
New grid distribution [2]: sub = 2
New grid distribution [3]: sub = 2
Setting up quadratic distribution...

        iscf     Eharris(eV)        E_KS(eV)     FreeEng(eV)     dDmax    Ef(eV) dHmax(eV)
   scf:    1   -35992.983096   -35994.320020   -35994.345593  0.161364 -6.831813  1.686601
     spin moment: {S} , |S| = {        0.0        0.0   -0.00480 }    -0.00480
   scf:    2   -35382.282825   -35791.461864   -35791.488835  0.914540 -6.674386 78.056976
     spin moment: {S} , |S| = {        0.0        0.0   -0.11515 }    -0.11515
   scf:    3   -35998.544238   -35994.388257   -35994.413709  0.900978 -6.836243  0.428587
     spin moment: {S} , |S| = {        0.0        0.0    0.00163 }     0.00163
   scf:    4   -35994.389370   -35994.393225   -35994.418712  0.008151 -6.836824  0.227019
     spin moment: {S} , |S| = {        0.0        0.0   -0.00026 }    -0.00026
   scf:    5   -35994.391342   -35994.394068   -35994.419558  0.003191 -6.837466  0.158232
     spin moment: {S} , |S| = {        0.0        0.0   -0.00326 }    -0.00326
   scf:    6   -35994.395095   -35994.394969   -35994.420499  0.002292 -6.838683  0.043993
     spin moment: {S} , |S| = {        0.0        0.0   -0.00097 }    -0.00097
   scf:    7   -35994.395564   -35994.395319   -35994.420930  0.003599 -6.842205  0.032303
     spin moment: {S} , |S| = {        0.0        0.0   -0.00199 }    -0.00199
   scf:    8   -35994.395519   -35994.395455   -35994.421135  0.002905 -6.845050  0.013750
     spin moment: {S} , |S| = {        0.0        0.0   -0.00077 }    -0.00077
   scf:    9   -35994.395482   -35994.395471   -35994.421163  0.000474 -6.845329  0.010635
     spin moment: {S} , |S| = {        0.0        0.0   -0.00109 }    -0.00109

SCF Convergence by DM criterion
max |DM_out - DM_in|         :     0.0004741375
max |H_out - H_in|      (eV) :     0.0106350231
SCF cycle converged after 9 iterations

Using DM_out to compute the final energy and forces
No. of atoms with KB's overlaping orbs in proc 0. Max # of overlaps:      79     705

siesta: E_KS(eV) =           -35994.3955

siesta: Atomic forces (eV/Ang):
     1    0.000000   -0.001956   -0.000000
     2   -0.000000    0.053607   -0.000000
     3    0.000000   -0.047876    0.000000
     4   -0.000000   -0.004675   -0.000000
     5    0.000000   -0.071275   -0.000000
     6    0.000000   -0.097791   -0.000000
     7   -0.000000    0.093940   -0.000000
     8    0.000000    0.076316    0.000000
     9    0.000000    0.002604    0.000000
    10    0.000000    0.002532   -0.000000
----------------------------------------
   Tot    0.000000    0.005426   -0.000000
----------------------------------------
   Max    0.097791
   Res    0.033910    sqrt( Sum f_i^2 / 3N )
----------------------------------------
   Max    0.097791    constrained

Stress tensor Voigt[x,y,z,yz,xz,xy] (kbar):      -11.26       -8.74       17.01        0.00        0.00       -0.00
(Free)E + p*V (eV/cell)   -35994.3523
Target enthalpy (eV/cell)   -35994.4212

siesta: Stress tensor (static) (eV/Ang**3):
        -0.007027   -0.000000    0.000000
        -0.000000   -0.005456    0.000000
         0.000000    0.000000    0.010616

siesta: Pressure (static):          0.99706140  kBar

siesta: Stress tensor (total) (eV/Ang**3):
        -0.007027   -0.000000    0.000000
        -0.000000   -0.005456    0.000000
         0.000000    0.000000    0.010616

siesta: Pressure (total):          0.99706140  kBar

cgvc: Finished line minimization    1.  Mean atomic displacement =    0.0400

                     ====================================
                        Begin CG opt. move =      3
                     ====================================
k-point displ. along   1 input, could be:     0.00    0.50
k-point displ. along   2 input, could be:     0.00    0.50
k-point displ. along   3 input, could be:     0.00    0.50
 Kpoints in:           32 . Kpoints trimmed:           31

siesta: k-grid: Number of k-points = 31
siesta: k-points from Monkhorst-Pack grid
siesta: k-cutoff (effective) =     6.993 Ang
siesta: k-point supercell and displacements
siesta: k-grid:     6     0     0      0.000
siesta: k-grid:     0     2     0      0.000
siesta: k-grid:     0     0     4      0.000

superc: Internal auxiliary supercell:     9 x     3 x     7  =     189
superc: Number of atoms, orbitals, and projectors:   1890  47250  34020

outcell: Unit cell vectors (Ang):
        2.524974    0.000000   -0.000000
        0.000000   12.610243   -0.000000
       -0.000000   -0.000000    3.496555

outcell: Cell vector modules (Ang)   :    2.524974   12.610243    3.496555
outcell: Cell angles (23,13,12) (deg):     90.0000     90.0000     90.0000
outcell: Cell volume (Ang**3)        :    111.3322
<dSpData1D:S at geom step 3
  <sparsity:sparsity for geom step 3
    nrows_g=250 nrows=7 sparsity=.3150 nnzs=19689, refcount: 7>
  <dData1D:(new from dSpData1D) n=19689, refcount: 1>
refcount: 1>
new_DM -- step:     4
Re-using DM from previous geometries...
Number of DMs in history: 1
 DM extrapolation coefficients: 
1   1.00000
New DM after history re-use:
<dSpData2D:SpM extrapolated using coords
  <sparsity:sparsity for geom step 3
    nrows_g=250 nrows=7 sparsity=.3150 nnzs=19689, refcount: 9>
  <dData2D:(temp array for extrapolation) n=19689 m=2, refcount: 1>
refcount: 1>
No. of atoms with KB's overlaping orbs in proc 0. Max # of overlaps:      79     701

InitMesh: MESH = 30 x 144 x 40 = 172800
InitMesh: Mesh cutoff (required, used) =   300.000   360.396 Ry
New grid distribution [1]: sub = 2
New grid distribution [2]: sub = 2
New grid distribution [3]: sub = 2
Setting up quadratic distribution...

        iscf     Eharris(eV)        E_KS(eV)     FreeEng(eV)     dDmax    Ef(eV) dHmax(eV)
   scf:    1   -35984.076108   -35990.583775   -35990.603203  0.133373 -6.835509 11.037797
     spin moment: {S} , |S| = {        0.0        0.0    0.00052 }     0.00052
   scf:    2    -8259.695860   -26827.045345   -26827.068346 38.015480 -4.271974591.921505
     spin moment: {S} , |S| = {        0.0        0.0   -0.03617 }    -0.03617
   scf:    3   -36324.314453   -35992.430425   -35992.457789 37.933957 -6.809969  8.676713
     spin moment: {S} , |S| = {        0.0        0.0   -0.00157 }    -0.00157
   scf:    4   -35994.991517   -35994.048144   -35994.075000  0.050346 -6.813457  3.776132
     spin moment: {S} , |S| = {        0.0        0.0    0.00463 }     0.00463
   scf:    5   -35994.248177   -35994.155677   -35994.182380  0.007331 -6.813853  3.200303
     spin moment: {S} , |S| = {        0.0        0.0    0.00119 }     0.00119
   scf:    6   -35994.117896   -35994.373940   -35994.398944  0.033199 -6.816176  1.168210
     spin moment: {S} , |S| = {        0.0        0.0    0.00101 }     0.00101
   scf:    7   -35994.422785   -35994.406766   -35994.432114  0.005929 -6.814543  0.361449
     spin moment: {S} , |S| = {        0.0        0.0    0.00155 }     0.00155
   scf:    8   -35994.412380   -35994.410731   -35994.436129  0.006769 -6.811854  0.094994
     spin moment: {S} , |S| = {        0.0        0.0    0.00086 }     0.00086
   scf:    9   -35994.411668   -35994.411278   -35994.436617  0.005762 -6.809453  0.034131
     spin moment: {S} , |S| = {        0.0        0.0    0.00193 }     0.00193
   scf:   10   -35994.411516   -35994.411401   -35994.436716  0.001004 -6.809002  0.020506
     spin moment: {S} , |S| = {        0.0        0.0    0.00187 }     0.00187
   scf:   11   -35994.411688   -35994.411543   -35994.436821  0.000888 -6.808639  0.016547
     spin moment: {S} , |S| = {        0.0        0.0    0.00201 }     0.00201
   scf:   12   -35994.413383   -35994.412371   -35994.437380  0.005940 -6.806429  0.016407
     spin moment: {S} , |S| = {        0.0        0.0    0.00286 }     0.00286
   scf:   13   -35994.412765   -35994.412561   -35994.437489  0.001668 -6.805737  0.014744
     spin moment: {S} , |S| = {        0.0        0.0    0.00310 }     0.00310
   scf:   14   -35994.413651   -35994.413057   -35994.437727  0.004719 -6.803474  0.008570
     spin moment: {S} , |S| = {        0.0        0.0    0.00376 }     0.00376
   scf:   15   -35994.414005   -35994.413478   -35994.437864  0.005058 -6.801222  0.004730
     spin moment: {S} , |S| = {        0.0        0.0    0.00441 }     0.00441
   scf:   16   -35994.413667   -35994.413569   -35994.437882  0.001346 -6.800729  0.004079
     spin moment: {S} , |S| = {        0.0        0.0    0.00456 }     0.00456
   scf:   17   -35994.413689   -35994.413628   -35994.437893  0.001021 -6.800492  0.004725
     spin moment: {S} , |S| = {        0.0        0.0    0.00467 }     0.00467
   scf:   18   -35994.413726   -35994.413676   -35994.437899  0.000975 -6.800267  0.003698
     spin moment: {S} , |S| = {        0.0        0.0    0.00473 }     0.00473
   scf:   19   -35994.413764   -35994.413719   -35994.437904  0.000902 -6.800024  0.002345
     spin moment: {S} , |S| = {        0.0        0.0    0.00485 }     0.00485
   scf:   20   -35994.413717   -35994.413718   -35994.437904  0.000087 -6.800051  0.002375
     spin moment: {S} , |S| = {        0.0        0.0    0.00485 }     0.00485

SCF Convergence by DM criterion
max |DM_out - DM_in|         :     0.0000873981
max |H_out - H_in|      (eV) :     0.0023745456
SCF cycle converged after 20 iterations

Using DM_out to compute the final energy and forces
No. of atoms with KB's overlaping orbs in proc 0. Max # of overlaps:      79     701

siesta: E_KS(eV) =           -35994.4137

siesta: Atomic forces (eV/Ang):
     1   -0.000000    0.003362   -0.000000
     2    0.000000    0.037521   -0.000001
     3   -0.000000   -0.044453   -0.000000
     4    0.000000    0.006035   -0.000000
     5   -0.000000    0.001492   -0.000001
     6   -0.000000   -0.001358    0.000000
     7    0.000000    0.003569    0.000000
     8    0.000000    0.000160    0.000000
     9   -0.000000   -0.023071   -0.000000
    10    0.000000    0.032734   -0.000000
----------------------------------------
   Tot   -0.000000    0.015991   -0.000002
----------------------------------------
   Max    0.044453
   Res    0.012977    sqrt( Sum f_i^2 / 3N )
----------------------------------------
   Max    0.044453    constrained

Stress tensor Voigt[x,y,z,yz,xz,xy] (kbar):       -6.29       -0.34       16.94       -0.00       -0.00        0.00
(Free)E + p*V (eV/cell)   -35994.6765
Target enthalpy (eV/cell)   -35994.4379

siesta: Stress tensor (static) (eV/Ang**3):
        -0.003926    0.000000    0.000000
         0.000000   -0.000215   -0.000000
        -0.000000   -0.000000    0.010571

siesta: Pressure (static):         -3.43385575  kBar

siesta: Stress tensor (total) (eV/Ang**3):
        -0.003926    0.000000    0.000000
         0.000000   -0.000215   -0.000000
        -0.000000   -0.000000    0.010571

siesta: Pressure (total):         -3.43385575  kBar

                     ====================================
                        Begin CG opt. move =      4
                     ====================================
k-point displ. along   1 input, could be:     0.00    0.50
k-point displ. along   2 input, could be:     0.00    0.50
k-point displ. along   3 input, could be:     0.00    0.50
 Kpoints in:           32 . Kpoints trimmed:           31

siesta: k-grid: Number of k-points = 31
siesta: k-points from Monkhorst-Pack grid
siesta: k-cutoff (effective) =     6.906 Ang
siesta: k-point supercell and displacements
siesta: k-grid:     6     0     0      0.000
siesta: k-grid:     0     2     0      0.000
siesta: k-grid:     0     0     4      0.000

superc: Internal auxiliary supercell:     9 x     3 x     7  =     189
superc: Number of atoms, orbitals, and projectors:   1890  47250  34020

outcell: Unit cell vectors (Ang):
        2.555331    0.000000   -0.000000
        0.000000   12.738332   -0.000000
       -0.000000   -0.000000    3.453059

outcell: Cell vector modules (Ang)   :    2.555331   12.738332    3.453059
outcell: Cell angles (23,13,12) (deg):     90.0000     90.0000     90.0000
outcell: Cell volume (Ang**3)        :    112.3994
<dSpData1D:S at geom step 4
  <sparsity:sparsity for geom step 4
    nrows_g=250 nrows=7 sparsity=.3086 nnzs=19287, refcount: 7>
  <dData1D:(new from dSpData1D) n=19287, refcount: 1>
refcount: 1>
new_DM -- step:     5
Re-using DM from previous geometries...
Number of DMs in history: 1
 DM extrapolation coefficients: 
1   1.00000
New DM after history re-use:
<dSpData2D:SpM extrapolated using coords
  <sparsity:sparsity for geom step 4
    nrows_g=250 nrows=7 sparsity=.3086 nnzs=19287, refcount: 9>
  <dData2D:(temp array for extrapolation) n=19287 m=2, refcount: 1>
refcount: 1>
No. of atoms with KB's overlaping orbs in proc 0. Max # of overlaps:      79     685

InitMesh: MESH = 30 x 144 x 36 = 155520
InitMesh: Mesh cutoff (required, used) =   300.000   300.399 Ry
New grid distribution [1]: sub = 2
New grid distribution [2]: sub = 2
New grid distribution [3]: sub = 2
Setting up quadratic distribution...

        iscf     Eharris(eV)        E_KS(eV)     FreeEng(eV)     dDmax    Ef(eV) dHmax(eV)
   scf:    1   -35975.635135   -35987.625018   -35987.638992  0.236530 -6.799208 15.151696
     spin moment: {S} , |S| = {        0.0        0.0    0.00374 }     0.00374
   scf:    2     1320.301335   -23677.316348   -23677.343235102.226875 -3.392556665.163111
     spin moment: {S} , |S| = {        0.0        0.0   -0.06238 }    -0.06238
   scf:    3   -36540.056783   -35990.755928   -35990.780852102.112119 -6.753743 11.487796
     spin moment: {S} , |S| = {        0.0        0.0   -0.01297 }    -0.01297
   scf:    4   -35994.811434   -35993.244795   -35993.267931  0.057193 -6.755178  6.716285
     spin moment: {S} , |S| = {        0.0        0.0    0.01683 }     0.01683
   scf:    5   -35994.489851   -35993.958499   -35993.980581  0.025925 -6.755940  4.304365
     spin moment: {S} , |S| = {        0.0        0.0    0.00856 }     0.00856
   scf:    6   -35994.377538   -35994.419222   -35994.439112  0.030005 -6.755430  0.315912
     spin moment: {S} , |S| = {        0.0        0.0    0.00673 }     0.00673
   scf:    7   -35994.396399   -35994.410411   -35994.429978  0.003454 -6.752731  0.641395
     spin moment: {S} , |S| = {        0.0        0.0    0.00716 }     0.00716
   scf:    8   -35994.426181   -35994.422804   -35994.442445  0.010940 -6.747756  0.148680
     spin moment: {S} , |S| = {        0.0        0.0    0.00661 }     0.00661
   scf:    9   -35994.400379   -35994.416570   -35994.436289  0.012943 -6.741560  0.560356
     spin moment: {S} , |S| = {        0.0        0.0    0.00730 }     0.00730
   scf:   10   -35994.426704   -35994.424375   -35994.443796  0.003180 -6.740455  0.083792
     spin moment: {S} , |S| = {        0.0        0.0    0.00690 }     0.00690
   scf:   11   -35994.424948   -35994.424732   -35994.444062  0.000943 -6.739981  0.029784
     spin moment: {S} , |S| = {        0.0        0.0    0.00694 }     0.00694
   scf:   12   -35994.426362   -35994.425543   -35994.444601  0.004251 -6.738338  0.057961
     spin moment: {S} , |S| = {        0.0        0.0    0.00676 }     0.00676
   scf:   13   -35994.427261   -35994.426407   -35994.445212  0.006534 -6.736165  0.036615
     spin moment: {S} , |S| = {        0.0        0.0    0.00669 }     0.00669
   scf:   14   -35994.427991   -35994.427141   -35994.445652  0.006674 -6.733540  0.020595
     spin moment: {S} , |S| = {        0.0        0.0    0.00657 }     0.00657
   scf:   15   -35994.427390   -35994.427265   -35994.445719  0.001015 -6.732998  0.011145
     spin moment: {S} , |S| = {        0.0        0.0    0.00654 }     0.00654
   scf:   16   -35994.428101   -35994.427670   -35994.445899  0.003793 -6.730760  0.038179
     spin moment: {S} , |S| = {        0.0        0.0    0.00637 }     0.00637
   scf:   17   -35994.428003   -35994.427842   -35994.445984  0.002774 -6.729496  0.004143
     spin moment: {S} , |S| = {        0.0        0.0    0.00630 }     0.00630
   scf:   18   -35994.427905   -35994.427873   -35994.445993  0.000511 -6.729184  0.007196
     spin moment: {S} , |S| = {        0.0        0.0    0.00627 }     0.00627
   scf:   19   -35994.427918   -35994.427896   -35994.445999  0.000530 -6.728845  0.004507
     spin moment: {S} , |S| = {        0.0        0.0    0.00622 }     0.00622
   scf:   20   -35994.427938   -35994.427917   -35994.446009  0.000815 -6.728435  0.003277
     spin moment: {S} , |S| = {        0.0        0.0    0.00610 }     0.00610
   scf:   21   -35994.427927   -35994.427922   -35994.446012  0.000428 -6.728231  0.001892
     spin moment: {S} , |S| = {        0.0        0.0    0.00603 }     0.00603

SCF Convergence by DM criterion
max |DM_out - DM_in|         :     0.0004276570
max |H_out - H_in|      (eV) :     0.0018915890
SCF cycle converged after 21 iterations

Using DM_out to compute the final energy and forces
No. of atoms with KB's overlaping orbs in proc 0. Max # of overlaps:      79     685

siesta: E_KS(eV) =           -35994.4279

siesta: Atomic forces (eV/Ang):
     1    0.000000    0.010412    0.000000
     2    0.000000   -0.005390   -0.000001
     3    0.000000   -0.016789   -0.000000
     4    0.000000    0.024538   -0.000000
     5    0.000000    0.122950    0.000001
     6    0.000000    0.190606   -0.000001
     7   -0.000000   -0.178145    0.000000
     8    0.000000   -0.141268   -0.000000
     9    0.000000   -0.070423   -0.000001
    10   -0.000000    0.060639   -0.000000
----------------------------------------
   Tot    0.000001   -0.002869   -0.000003
----------------------------------------
   Max    0.190606
   Res    0.061318    sqrt( Sum f_i^2 / 3N )
----------------------------------------
   Max    0.190606    constrained

Stress tensor Voigt[x,y,z,yz,xz,xy] (kbar):        7.73       15.18       12.69       -0.00       -0.00       -0.00
(Free)E + p*V (eV/cell)   -35995.2783
Target enthalpy (eV/cell)   -35994.4460

siesta: Stress tensor (static) (eV/Ang**3):
         0.004823   -0.000000   -0.000000
        -0.000000    0.009472   -0.000000
        -0.000000   -0.000000    0.007919

siesta: Pressure (static):        -11.86324732  kBar

siesta: Stress tensor (total) (eV/Ang**3):
         0.004823   -0.000000   -0.000000
        -0.000000    0.009472   -0.000000
        -0.000000   -0.000000    0.007919

siesta: Pressure (total):        -11.86324732  kBar

                     ====================================
                        Begin CG opt. move =      5
                     ====================================
k-point displ. along   1 input, could be:     0.00    0.50
k-point displ. along   2 input, could be:     0.00    0.50
k-point displ. along   3 input, could be:     0.00    0.50
 Kpoints in:           32 . Kpoints trimmed:           31

siesta: k-grid: Number of k-points = 31
siesta: k-points from Monkhorst-Pack grid
siesta: k-cutoff (effective) =     6.947 Ang
siesta: k-point supercell and displacements
siesta: k-grid:     6     0     0      0.000
siesta: k-grid:     0     2     0      0.000
siesta: k-grid:     0     0     4      0.000

superc: Internal auxiliary supercell:     9 x     3 x     7  =     189
superc: Number of atoms, orbitals, and projectors:   1890  47250  34020

outcell: Unit cell vectors (Ang):
        2.541218    0.000000   -0.000000
        0.000000   12.678783   -0.000000
       -0.000000   -0.000000    3.473280

outcell: Cell vector modules (Ang)   :    2.541218   12.678783    3.473280
outcell: Cell angles (23,13,12) (deg):     90.0000     90.0000     90.0000
outcell: Cell volume (Ang**3)        :    111.9075
<dSpData1D:S at geom step 5
  <sparsity:sparsity for geom step 5
    nrows_g=250 nrows=7 sparsity=.3087 nnzs=19291, refcount: 7>
  <dData1D:(new from dSpData1D) n=19291, refcount: 1>
refcount: 1>
new_DM -- step:     6
Re-using DM from previous geometries...
Number of DMs in history: 1
 DM extrapolation coefficients: 
1   1.00000
New DM after history re-use:
<dSpData2D:SpM extrapolated using coords
  <sparsity:sparsity for geom step 5
    nrows_g=250 nrows=7 sparsity=.3087 nnzs=19291, refcount: 9>
  <dData2D:(temp array for extrapolation) n=19291 m=2, refcount: 1>
refcount: 1>
No. of atoms with KB's overlaping orbs in proc 0. Max # of overlaps:      79     695

InitMesh: MESH = 30 x 144 x 40 = 172800
InitMesh: Mesh cutoff (required, used) =   300.000   356.510 Ry
New grid distribution [1]: sub = 2
New grid distribution [2]: sub = 2
New grid distribution [3]: sub = 2
Setting up quadratic distribution...

        iscf     Eharris(eV)        E_KS(eV)     FreeEng(eV)     dDmax    Ef(eV) dHmax(eV)
   scf:    1   -35987.626905   -35992.470366   -35992.492826  0.119617 -6.736777  8.132040
     spin moment: {S} , |S| = {        0.0        0.0    0.01094 }     0.01094
   scf:    2   -18076.859068   -30062.555431   -30062.568114 26.950618 -4.157521492.848915
     spin moment: {S} , |S| = {        0.0        0.0   -0.17835 }    -0.17835
   scf:    3   -36143.438725   -35993.802294   -35993.819294 26.847486 -6.745265  5.215400
     spin moment: {S} , |S| = {        0.0        0.0    0.00496 }     0.00496
   scf:    4   -35994.609681   -35994.323904   -35994.341910  0.034868 -6.743596  2.048401
     spin moment: {S} , |S| = {        0.0        0.0    0.00465 }     0.00465
   scf:    5   -35994.416768   -35994.379669   -35994.398062  0.008569 -6.743943  1.336353
     spin moment: {S} , |S| = {        0.0        0.0    0.00401 }     0.00401
   scf:    6   -35994.437172   -35994.415102   -35994.433886  0.006440 -6.744565  0.653855
     spin moment: {S} , |S| = {        0.0        0.0    0.00462 }     0.00462
   scf:    7   -35994.386388   -35994.418283   -35994.437754  0.012065 -6.748180  0.579503
     spin moment: {S} , |S| = {        0.0        0.0    0.00516 }     0.00516
   scf:    8   -35994.421750   -35994.425761   -35994.444907  0.008071 -6.753016  0.143733
     spin moment: {S} , |S| = {        0.0        0.0    0.00486 }     0.00486
   scf:    9   -35994.426308   -35994.426177   -35994.445393  0.001216 -6.753568  0.033480
     spin moment: {S} , |S| = {        0.0        0.0    0.00479 }     0.00479
   scf:   10   -35994.426133   -35994.426182   -35994.445435  0.000613 -6.753823  0.016797
     spin moment: {S} , |S| = {        0.0        0.0    0.00484 }     0.00484
   scf:   11   -35994.426220   -35994.426209   -35994.445462  0.000475 -6.754095  0.014422
     spin moment: {S} , |S| = {        0.0        0.0    0.00477 }     0.00477

SCF Convergence by DM criterion
max |DM_out - DM_in|         :     0.0004745078
max |H_out - H_in|      (eV) :     0.0144220571
SCF cycle converged after 11 iterations

Using DM_out to compute the final energy and forces
No. of atoms with KB's overlaping orbs in proc 0. Max # of overlaps:      79     695

siesta: E_KS(eV) =           -35994.4262

siesta: Atomic forces (eV/Ang):
     1    0.000000    0.007533   -0.000000
     2    0.000000    0.023959    0.000001
     3   -0.000000   -0.039629   -0.000001
     4    0.000000    0.014387    0.000003
     5   -0.000000    0.056044   -0.000001
     6    0.000000    0.085342    0.000000
     7   -0.000000   -0.079315    0.000000
     8   -0.000000   -0.067603    0.000000
     9   -0.000000   -0.042705   -0.000000
    10    0.000000    0.048041   -0.000000
----------------------------------------
   Tot    0.000001    0.006054    0.000001
----------------------------------------
   Max    0.085342
   Res    0.030455    sqrt( Sum f_i^2 / 3N )
----------------------------------------
   Max    0.085342    constrained

Stress tensor Voigt[x,y,z,yz,xz,xy] (kbar):       -4.78        5.58       13.95       -0.00       -0.00       -0.00
(Free)E + p*V (eV/cell)   -35994.7889
Target enthalpy (eV/cell)   -35994.4455

siesta: Stress tensor (static) (eV/Ang**3):
        -0.002984   -0.000000    0.000000
        -0.000000    0.003482   -0.000000
        -0.000000   -0.000000    0.008709

siesta: Pressure (static):         -4.91716013  kBar

siesta: Stress tensor (total) (eV/Ang**3):
        -0.002984   -0.000000    0.000000
        -0.000000    0.003482   -0.000000
        -0.000000   -0.000000    0.008709

siesta: Pressure (total):         -4.91716013  kBar

cgvc: Finished line minimization    2.  Mean atomic displacement =    0.0743

                     ====================================
                        Begin CG opt. move =      6
                     ====================================
k-point displ. along   1 input, could be:     0.00    0.50
k-point displ. along   2 input, could be:     0.00    0.50
k-point displ. along   3 input, could be:     0.00    0.50
 Kpoints in:           32 . Kpoints trimmed:           31

siesta: k-grid: Number of k-points = 31
siesta: k-points from Monkhorst-Pack grid
siesta: k-cutoff (effective) =     6.804 Ang
siesta: k-point supercell and displacements
siesta: k-grid:     6     0     0      0.000
siesta: k-grid:     0     2     0      0.000
siesta: k-grid:     0     0     4      0.000

superc: Internal auxiliary supercell:     9 x     3 x     7  =     189
superc: Number of atoms, orbitals, and projectors:   1890  47250  34020

outcell: Unit cell vectors (Ang):
        2.568926    0.000000   -0.000000
        0.000000   12.677945    0.000000
       -0.000000    0.000000    3.402024

outcell: Cell vector modules (Ang)   :    2.568926   12.677945    3.402024
outcell: Cell angles (23,13,12) (deg):     90.0000     90.0000     90.0000
outcell: Cell volume (Ang**3)        :    110.7995
<dSpData1D:S at geom step 6
  <sparsity:sparsity for geom step 6
    nrows_g=250 nrows=7 sparsity=.3099 nnzs=19369, refcount: 7>
  <dData1D:(new from dSpData1D) n=19369, refcount: 1>
refcount: 1>
new_DM -- step:     7
Re-using DM from previous geometries...
Number of DMs in history: 1
 DM extrapolation coefficients: 
1   1.00000
New DM after history re-use:
<dSpData2D:SpM extrapolated using coords
  <sparsity:sparsity for geom step 6
    nrows_g=250 nrows=7 sparsity=.3099 nnzs=19369, refcount: 9>
  <dData2D:(temp array for extrapolation) n=19369 m=2, refcount: 1>
refcount: 1>
No. of atoms with KB's overlaping orbs in proc 0. Max # of overlaps:      79     701

InitMesh: MESH = 30 x 144 x 36 = 155520
InitMesh: Mesh cutoff (required, used) =   300.000   309.480 Ry
New grid distribution [1]: sub = 2
New grid distribution [2]: sub = 2
New grid distribution [3]: sub = 2
Setting up quadratic distribution...

        iscf     Eharris(eV)        E_KS(eV)     FreeEng(eV)     dDmax    Ef(eV) dHmax(eV)
   scf:    1   -35962.717882   -35984.483176   -35984.511869  0.184036 -6.729059 18.886032
     spin moment: {S} , |S| = {        0.0        0.0   -0.00497 }    -0.00497
   scf:    2     6091.057642   -22109.655325   -22109.665140214.821502 -2.267195690.000971
     spin moment: {S} , |S| = {        0.0        0.0   -1.29315 }    -1.29315
   scf:    3   -36861.828031   -35985.754879   -35985.766764214.531473 -6.765690 18.987797
     spin moment: {S} , |S| = {        0.0        0.0   -0.00041 }    -0.00041
   scf:    4   -35995.779816   -35991.936910   -35991.951602  0.107785 -6.773472 10.023794
     spin moment: {S} , |S| = {        0.0        0.0   -0.00736 }    -0.00736
   scf:    5   -35994.863105   -35993.688586   -35993.705413  0.045746 -6.770497  5.413690
     spin moment: {S} , |S| = {        0.0        0.0   -0.00527 }    -0.00527
   scf:    6   -35994.541232   -35994.411466   -35994.430150  0.041516 -6.763629  0.466726
     spin moment: {S} , |S| = {        0.0        0.0   -0.00781 }    -0.00781
   scf:    7   -35994.419184   -35994.419012   -35994.437933  0.003612 -6.763796  0.117642
     spin moment: {S} , |S| = {        0.0        0.0   -0.00832 }    -0.00832
   scf:    8   -35994.416331   -35994.419544   -35994.438651  0.017565 -6.769409  0.335729
     spin moment: {S} , |S| = {        0.0        0.0   -0.00875 }    -0.00875
   scf:    9   -35994.419247   -35994.420816   -35994.439977  0.004083 -6.769092  0.163106
     spin moment: {S} , |S| = {        0.0        0.0   -0.00906 }    -0.00906
   scf:   10   -35994.419887   -35994.421519   -35994.440573  0.006632 -6.771018  0.159211
     spin moment: {S} , |S| = {        0.0        0.0   -0.00905 }    -0.00905
   scf:   11   -35994.422156   -35994.422125   -35994.441218  0.001528 -6.771141  0.023299
     spin moment: {S} , |S| = {        0.0        0.0   -0.00933 }    -0.00933
   scf:   12   -35994.422436   -35994.422280   -35994.441351  0.000828 -6.771425  0.019181
     spin moment: {S} , |S| = {        0.0        0.0   -0.00969 }    -0.00969
   scf:   13   -35994.423209   -35994.422721   -35994.441718  0.003320 -6.772541  0.014606
     spin moment: {S} , |S| = {        0.0        0.0   -0.01109 }    -0.01109
   scf:   14   -35994.422806   -35994.422764   -35994.441753  0.000458 -6.772744  0.013782
     spin moment: {S} , |S| = {        0.0        0.0   -0.01129 }    -0.01129

SCF Convergence by DM criterion
max |DM_out - DM_in|         :     0.0004579872
max |H_out - H_in|      (eV) :     0.0137822347
SCF cycle converged after 14 iterations

Using DM_out to compute the final energy and forces
No. of atoms with KB's overlaping orbs in proc 0. Max # of overlaps:      79     701

siesta: E_KS(eV) =           -35994.4228

siesta: Atomic forces (eV/Ang):
     1   -0.000000   -0.008837    0.000000
     2   -0.000001    0.022777   -0.000006
     3    0.000001    0.029549    0.000005
     4    0.000000   -0.045779   -0.000010
     5    0.000000   -0.055519    0.000013
     6    0.000000   -0.066207    0.000002
     7    0.000000    0.061263   -0.000000
     8   -0.000000    0.097677    0.000001
     9    0.000002    0.188157    0.000001
    10    0.000001   -0.213474    0.000001
----------------------------------------
   Tot    0.000002    0.009608    0.000007
----------------------------------------
   Max    0.213474
   Res    0.059245    sqrt( Sum f_i^2 / 3N )
----------------------------------------
   Max    0.213474    constrained

Stress tensor Voigt[x,y,z,yz,xz,xy] (kbar):        0.02      -20.65      -24.34        0.00        0.00        0.00
(Free)E + p*V (eV/cell)   -35993.4053
Target enthalpy (eV/cell)   -35994.4418

siesta: Stress tensor (static) (eV/Ang**3):
         0.000014    0.000000    0.000000
         0.000000   -0.012886    0.000000
         0.000000    0.000000   -0.015191

siesta: Pressure (static):         14.98666086  kBar

siesta: Stress tensor (total) (eV/Ang**3):
         0.000014    0.000000    0.000000
         0.000000   -0.012886    0.000000
         0.000000    0.000000   -0.015191

siesta: Pressure (total):         14.98666086  kBar

                     ====================================
                        Begin CG opt. move =      7
                     ====================================
k-point displ. along   1 input, could be:     0.00    0.50
k-point displ. along   2 input, could be:     0.00    0.50
k-point displ. along   3 input, could be:     0.00    0.50
 Kpoints in:           32 . Kpoints trimmed:           31

siesta: k-grid: Number of k-points = 31
siesta: k-points from Monkhorst-Pack grid
siesta: k-cutoff (effective) =     6.890 Ang
siesta: k-point supercell and displacements
siesta: k-grid:     6     0     0      0.000
siesta: k-grid:     0     2     0      0.000
siesta: k-grid:     0     0     4      0.000

superc: Internal auxiliary supercell:     9 x     3 x     7  =     189
superc: Number of atoms, orbitals, and projectors:   1890  47250  34020

outcell: Unit cell vectors (Ang):
        2.552245    0.000000   -0.000000
        0.000000   12.678450    0.000000
       -0.000000    0.000000    3.444924

outcell: Cell vector modules (Ang)   :    2.552245   12.678450    3.444924
outcell: Cell angles (23,13,12) (deg):     90.0000     90.0000     90.0000
outcell: Cell volume (Ang**3)        :    111.4726
<dSpData1D:S at geom step 7
  <sparsity:sparsity for geom step 7
    nrows_g=250 nrows=7 sparsity=.3087 nnzs=19291, refcount: 7>
  <dData1D:(new from dSpData1D) n=19291, refcount: 1>
refcount: 1>
new_DM -- step:     8
Re-using DM from previous geometries...
Number of DMs in history: 1
 DM extrapolation coefficients: 
1   1.00000
New DM after history re-use:
<dSpData2D:SpM extrapolated using coords
  <sparsity:sparsity for geom step 7
    nrows_g=250 nrows=7 sparsity=.3087 nnzs=19291, refcount: 9>
  <dData2D:(temp array for extrapolation) n=19291 m=2, refcount: 1>
refcount: 1>
No. of atoms with KB's overlaping orbs in proc 0. Max # of overlaps:      79     695

InitMesh: MESH = 30 x 144 x 36 = 155520
InitMesh: Mesh cutoff (required, used) =   300.000   301.820 Ry
New grid distribution [1]: sub = 2
New grid distribution [2]: sub = 2
New grid distribution [3]: sub = 2
Setting up quadratic distribution...

        iscf     Eharris(eV)        E_KS(eV)     FreeEng(eV)     dDmax    Ef(eV) dHmax(eV)
   scf:    1   -35989.847123   -35992.631362   -35992.647471  0.118863 -6.776591  8.178359
     spin moment: {S} , |S| = {        0.0        0.0   -0.00038 }    -0.00038
   scf:    2   -14034.937028   -28719.564447   -28719.573316  6.832258 -5.058475542.117989
     spin moment: {S} , |S| = {        0.0        0.0   -0.12713 }    -0.12713
   scf:    3   -36084.293446   -35994.294860   -35994.313804  6.799261 -6.767635  1.932176
     spin moment: {S} , |S| = {        0.0        0.0   -0.00488 }    -0.00488
   scf:    4   -35994.442525   -35994.393390   -35994.412216  0.015845 -6.767419  1.116482
     spin moment: {S} , |S| = {        0.0        0.0   -0.00357 }    -0.00357
   scf:    5   -35994.415982   -35994.405768   -35994.424551  0.003215 -6.767352  0.928269
     spin moment: {S} , |S| = {        0.0        0.0   -0.00417 }    -0.00417
   scf:    6   -35994.444034   -35994.435024   -35994.453637  0.011110 -6.767140  0.124409
     spin moment: {S} , |S| = {        0.0        0.0   -0.00436 }    -0.00436
   scf:    7   -35994.436140   -35994.436046   -35994.454604  0.004034 -6.767063  0.062660
     spin moment: {S} , |S| = {        0.0        0.0   -0.00432 }    -0.00432
   scf:    8   -35994.436554   -35994.436445   -35994.454975  0.006883 -6.766955  0.048882
     spin moment: {S} , |S| = {        0.0        0.0   -0.00435 }    -0.00435
   scf:    9   -35994.436689   -35994.436641   -35994.455141  0.003408 -6.766852  0.014895
     spin moment: {S} , |S| = {        0.0        0.0   -0.00408 }    -0.00408
   scf:   10   -35994.436718   -35994.436680   -35994.455178  0.000592 -6.766712  0.016102
     spin moment: {S} , |S| = {        0.0        0.0   -0.00389 }    -0.00389
   scf:   11   -35994.436758   -35994.436721   -35994.455218  0.000933 -6.766474  0.006807
     spin moment: {S} , |S| = {        0.0        0.0   -0.00347 }    -0.00347
   scf:   12   -35994.436759   -35994.436740   -35994.455234  0.000527 -6.766286  0.005192
     spin moment: {S} , |S| = {        0.0        0.0   -0.00322 }    -0.00322
   scf:   13   -35994.436752   -35994.436746   -35994.455239  0.000215 -6.766198  0.004803
     spin moment: {S} , |S| = {        0.0        0.0   -0.00308 }    -0.00308

SCF Convergence by DM criterion
max |DM_out - DM_in|         :     0.0002154003
max |H_out - H_in|      (eV) :     0.0048034088
SCF cycle converged after 13 iterations

Using DM_out to compute the final energy and forces
No. of atoms with KB's overlaping orbs in proc 0. Max # of overlaps:      79     695

siesta: E_KS(eV) =           -35994.4367

siesta: Atomic forces (eV/Ang):
     1    0.000000    0.002157   -0.000001
     2    0.000000    0.029805   -0.000002
     3    0.000001   -0.022358    0.000001
     4    0.000001   -0.005448   -0.000003
     5    0.000000    0.013156    0.000004
     6    0.000001    0.042189    0.000001
     7   -0.000001   -0.041946   -0.000002
     8    0.000000   -0.003809    0.000001
     9    0.000000    0.041051    0.000001
    10    0.000001   -0.039688    0.000000
----------------------------------------
   Tot    0.000005    0.015108    0.000001
----------------------------------------
   Max    0.042189
   Res    0.016743    sqrt( Sum f_i^2 / 3N )
----------------------------------------
   Max    0.042189    constrained

Stress tensor Voigt[x,y,z,yz,xz,xy] (kbar):        0.87       -2.43        0.68        0.00       -0.00       -0.00
(Free)E + p*V (eV/cell)   -35994.4350
Target enthalpy (eV/cell)   -35994.4552

siesta: Stress tensor (static) (eV/Ang**3):
         0.000545    0.000000   -0.000000
        -0.000000   -0.001514    0.000000
        -0.000000    0.000000    0.000422

siesta: Pressure (static):          0.29153206  kBar

siesta: Stress tensor (total) (eV/Ang**3):
         0.000545    0.000000   -0.000000
        -0.000000   -0.001514    0.000000
        -0.000000    0.000000    0.000422

siesta: Pressure (total):          0.29153206  kBar

outcoor: Relaxed atomic coordinates (fractional):           
    0.00000001    0.40002434   -0.00000001   1       1  Ni
    0.50000003    0.09809840    0.50000004   1       2  Ni
    0.49999999    0.70187796    0.49999997   1       3  Ni
    0.50000000    0.90005431    0.50000011   1       4  Ni
   -0.00000000   -0.00038555   -0.00000004   2       5  Mn
    0.00000000    0.19989840   -0.00000000   2       6  Mn
   -0.00000001    0.60010155    0.00000000   2       7  Mn
   -0.00000000    0.80034886    0.00000001   2       8  Mn
    0.50000000    0.29844288    0.49999999   2       9  Mn
    0.50000000    0.50166631    0.49999999   2      10  Mn

outcell: Unit cell vectors (Ang):
        2.552245    0.000000   -0.000000
        0.000000   12.678450    0.000000
       -0.000000    0.000000    3.444924

outcell: Cell vector modules (Ang)   :    2.552245   12.678450    3.444924
outcell: Cell angles (23,13,12) (deg):     90.0000     90.0000     90.0000
outcell: Cell volume (Ang**3)        :    111.4726

coxmol: Writing XMOL coordinates into file hea.xyz                                                                                                                                                                                                                             
Writing WFSX for COOP/COHP in hea.fullBZ.WFSX

diag: Algorithm                                     = D&C
diag: Parallel over k                               =   F
diag: Use parallel 2D distribution                  =   T
diag: Parallel block-size                           = 7
diag: Parallel distribution                         =     6 x     6
diag: Used triangular part                          = Lower
diag: Absolute tolerance                            =  0.100E-15
diag: Orthogonalization factor                      =  0.100E-05
diag: Memory factor                                 =  1.0000

diag: Algorithm                                     = D&C
diag: Parallel over k                               =   F
diag: Use parallel 2D distribution                  =   T
diag: Parallel block-size                           = 7
diag: Parallel distribution                         =     6 x     6
diag: Used triangular part                          = Lower
diag: Absolute tolerance                            =  0.100E-15
diag: Orthogonalization factor                      =  0.100E-05
diag: Memory factor                                 =  1.0000

siesta: PDOS info
siesta: E1 -- E2, sigma [eV], nhist:  -20.000 --   20.000    0.100 1000

diag: Algorithm                                     = D&C
diag: Parallel over k                               =   F
diag: Use parallel 2D distribution                  =   T
diag: Parallel block-size                           = 7
diag: Parallel distribution                         =     6 x     6
diag: Used triangular part                          = Lower
diag: Absolute tolerance                            =  0.100E-15
diag: Orthogonalization factor                      =  0.100E-05
diag: Memory factor                                 =  1.0000

siesta: Program's energy decomposition (eV):
siesta: Ebs     =     -6316.244340
siesta: Eions   =     47220.672477
siesta: Ena     =      3978.880639
siesta: Ekin    =     16419.087944
siesta: Enl     =     -4026.783987
siesta: Eso     =         0.000000
siesta: Edftu   =         0.000000
siesta: DEna    =       120.622163
siesta: DUscf   =         1.602806
siesta: DUext   =         0.000000
siesta: Ex      =     -4963.487244
siesta: Ec      =      -303.686590
siesta: Exc     =     -5267.173835
siesta: EbV     =         0.000000
siesta: eta*DQ  =         0.000000
siesta: Emadel  =         0.000000
siesta: Emeta   =         0.000000
siesta: Emolmec =         0.000000
siesta: Ekinion =         0.000000
siesta: Eharris =    -35994.436752
siesta: Etot    =    -35994.436746
siesta: FreeEng =    -35994.455239

siesta: Final energy (eV):
siesta:  Band Struct. =   -6316.244340
siesta:       Kinetic =   16419.087944
siesta:       Hartree =    9125.034730
siesta:         Edftu =       0.000000
siesta:       Eso     =       0.000000
siesta:    Ext. field =       0.000000
siesta:         Exch. =   -4963.487244
siesta:         Corr. =    -303.686590
siesta:     Bulk bias =       0.000000
siesta:   Exch.-corr. =   -5267.173835
siesta:  Ion-electron =  -35954.189667
siesta:       Ion-ion =  -20317.195919
siesta:       Ekinion =       0.000000
siesta: D3 dispersion =       0.000000
siesta:         Total =  -35994.436746
siesta:         Fermi =      -6.766198

siesta: Stress tensor (static) (eV/Ang**3):
siesta:     0.000545    0.000000   -0.000000
siesta:    -0.000000   -0.001514    0.000000
siesta:    -0.000000    0.000000    0.000422

siesta: Constrained stress tensor (static) (eV/Ang**3):
siesta:     0.000545    0.000000   -0.000000
siesta:     0.000000   -0.001514    0.000000
siesta:    -0.000000    0.000000    0.000422

siesta: Cell volume =        111.472591 Ang**3

siesta: Pressure (static):
siesta:                Solid            Molecule  Units
siesta:           0.00000198          0.00002307  Ry/Bohr**3
siesta:           0.00018196          0.00211773  eV/Ang**3
siesta:           0.29153206          3.39298510  kBar
(Free)E+ p_basis*V_orbitals  =      -35962.879374
(Free)Eharris+ p_basis*V_orbitals  =      -35962.879381

mulliken: Atomic and Orbital Populations:

mulliken: Spin UP 

Species: Ni                  
Atom  Qatom  Qorb
               3s      4s      4s      4s      3py     3pz     3px     4py     
               4pz     4px     3dxy    3dyz    3dz2    3dxz    3dx2-y2 3dxy    
               3dyz    3dz2    3dxz    3dx2-y2 3dxy    3dyz    3dz2    3dxz    
               3dx2-y2 
   1  8.980   0.984  -0.145   0.049   0.192   0.998   0.998   0.998   0.198
              0.190   0.195   1.145   1.154   1.087   1.169   1.117  -0.060

             -0.060  -0.054  -0.063  -0.050  -0.189  -0.236  -0.176  -0.235

             -0.225
   2  8.941   0.984  -0.275   0.075   0.246   0.998   0.998   0.998   0.192
              0.192   0.184   1.152   1.162   1.115   1.185   1.109  -0.061

             -0.061  -0.058  -0.064  -0.049  -0.188  -0.241  -0.187  -0.242

             -0.224
   3  8.926   0.983  -0.326   0.083   0.279   0.998   0.998   0.998   0.206
              0.196   0.199   1.154   1.161   1.094   1.182   1.114  -0.065

             -0.066  -0.059  -0.066  -0.052  -0.189  -0.239  -0.186  -0.243

             -0.226
   4  8.884   0.983  -0.446   0.105   0.332   0.998   0.998   0.998   0.198
              0.194   0.188   1.152   1.163   1.121   1.193   1.100  -0.063

             -0.064  -0.061  -0.066  -0.051  -0.184  -0.241  -0.194  -0.246

             -0.224

Species: Mn                  
Atom  Qatom  Qorb
               3s      4s      4s      4s      3py     3pz     3px     4py     
               4pz     4px     3dxy    3dyz    3dz2    3dxz    3dx2-y2 3dxy    
               3dyz    3dz2    3dxz    3dx2-y2 3dxy    3dyz    3dz2    3dxz    
               3dx2-y2 
   5  9.224   1.006   0.266   0.044  -0.079   0.995   0.995   0.995   0.198
              0.174   0.197   1.271   1.356   1.217   1.402   1.359  -0.071

             -0.094  -0.060  -0.095  -0.109  -0.319  -0.387  -0.258  -0.409

             -0.371
   6  6.117   0.973   0.251   0.050  -0.131   0.992   0.991   0.991   0.122
              0.136   0.132   0.356   0.642   0.286   0.688   0.637  -0.030

             -0.061  -0.027  -0.063  -0.056  -0.071  -0.205  -0.048  -0.224

             -0.212
   7  8.921   1.000  -0.000   0.100   0.004   0.994   0.994   0.994   0.214
              0.200   0.208   1.265   1.328   1.116   1.372   1.280  -0.081

             -0.108  -0.061  -0.109  -0.094  -0.309  -0.374  -0.244  -0.396

             -0.371
   8  5.981   0.973   0.469   0.025  -0.234   0.992   0.993   0.993   0.120
              0.126   0.131   0.335   0.600   0.213   0.669   0.543  -0.031

             -0.055  -0.027  -0.060  -0.055  -0.080  -0.220  -0.023  -0.249

             -0.166
   9  8.887   1.000  -0.000   0.096  -0.000   0.994   0.993   0.994   0.210
              0.196   0.206   1.255   1.313   1.108   1.370   1.256  -0.079

             -0.106  -0.060  -0.109  -0.089  -0.299  -0.365  -0.239  -0.396

             -0.362
  10  6.138   0.973   0.246   0.051  -0.126   0.992   0.991   0.991   0.127
              0.133   0.130   0.335   0.652   0.272   0.690   0.664  -0.029

             -0.064  -0.026  -0.062  -0.059  -0.061  -0.201  -0.042  -0.223

             -0.215

mulliken: Qtot =       80.998

mulliken: Spin DOWN 

Species: Ni                  
Atom  Qatom  Qorb
               3s      4s      4s      4s      3py     3pz     3px     4py     
               4pz     4px     3dxy    3dyz    3dz2    3dxz    3dx2-y2 3dxy    
               3dyz    3dz2    3dxz    3dx2-y2 3dxy    3dyz    3dz2    3dxz    
               3dx2-y2 
   1  8.979   0.984  -0.145   0.049   0.192   0.998   0.998   0.998   0.198
              0.190   0.195   1.145   1.154   1.086   1.169   1.117  -0.060

             -0.060  -0.055  -0.063  -0.050  -0.189  -0.236  -0.176  -0.235

             -0.225
   2  8.927   0.984  -0.326   0.083   0.279   0.998   0.998   0.998   0.206
              0.196   0.199   1.154   1.161   1.094   1.182   1.115  -0.065

             -0.066  -0.059  -0.066  -0.052  -0.189  -0.239  -0.186  -0.243

             -0.227
   3  8.942   0.984  -0.275   0.075   0.246   0.998   0.998   0.998   0.192
              0.192   0.184   1.152   1.162   1.115   1.186   1.109  -0.061

             -0.061  -0.058  -0.064  -0.049  -0.188  -0.241  -0.187  -0.242

             -0.224
   4  8.884   0.983  -0.447   0.105   0.333   0.998   0.998   0.998   0.198
              0.194   0.189   1.152   1.163   1.120   1.193   1.101  -0.063

             -0.064  -0.061  -0.066  -0.051  -0.184  -0.241  -0.194  -0.246

             -0.224

Species: Mn                  
Atom  Qatom  Qorb
               3s      4s      4s      4s      3py     3pz     3px     4py     
               4pz     4px     3dxy    3dyz    3dz2    3dxz    3dx2-y2 3dxy    
               3dyz    3dz2    3dxz    3dx2-y2 3dxy    3dyz    3dz2    3dxz    
               3dx2-y2 
   5  5.982   0.973   0.469   0.025  -0.234   0.992   0.993   0.993   0.120
              0.126   0.131   0.335   0.601   0.213   0.670   0.541  -0.031

             -0.055  -0.027  -0.061  -0.055  -0.080  -0.221  -0.023  -0.250

             -0.165
   6  8.922   1.001  -0.001   0.100   0.004   0.994   0.994   0.994   0.214
              0.200   0.208   1.265   1.328   1.116   1.372   1.279  -0.081

             -0.108  -0.061  -0.109  -0.094  -0.309  -0.374  -0.244  -0.396

             -0.371
   7  6.120   0.973   0.252   0.050  -0.131   0.991   0.991   0.991   0.122
              0.136   0.132   0.356   0.642   0.287   0.689   0.639  -0.030

             -0.061  -0.027  -0.063  -0.056  -0.071  -0.205  -0.049  -0.225

             -0.214
   8  9.226   1.006   0.267   0.044  -0.079   0.995   0.995   0.995   0.197
              0.174   0.197   1.271   1.357   1.218   1.401   1.360  -0.071

             -0.094  -0.060  -0.095  -0.109  -0.319  -0.387  -0.258  -0.409

             -0.372
   9  6.135   0.973   0.245   0.052  -0.126   0.992   0.991   0.991   0.127
              0.133   0.130   0.334   0.651   0.271   0.690   0.662  -0.029

             -0.063  -0.026  -0.062  -0.059  -0.061  -0.201  -0.042  -0.223

             -0.213
  10  8.886   1.000   0.000   0.096  -0.001   0.994   0.993   0.994   0.210
              0.196   0.206   1.255   1.313   1.108   1.370   1.257  -0.079

             -0.106  -0.060  -0.109  -0.089  -0.299  -0.365  -0.239  -0.396

             -0.363

mulliken: Qtot =       81.002

Mulliken Atomic Populations:
Atom #   charge [q] valence [e]      Sz [e]  Species
     1     0.041749   17.958251    0.001223  Ni
     2     0.131677   17.868323    0.013984  Ni
     3     0.132575   17.867425   -0.016002  Ni
     4     0.232362   17.767638    0.000371  Ni
     5    -0.206063   15.206063    3.242275  Mn
     6    -0.039709   15.039709   -2.804855  Mn
     7    -0.040618   15.040618    2.801054  Mn
     8    -0.206538   15.206538   -3.244493  Mn
     9    -0.021867   15.021867    2.751852  Mn
    10    -0.023568   15.023568   -2.748493  Mn
-------------------------------------------
 Total     0.000000               -0.003083

cite: Please indicate the Siesta version in published work: 5.2.2
cite: This calculation has made use of features in the following articles
cite: which we encourage you to cite in published work.
cite: (Please see "hea.bib" for a BibTeX file.)
        Primary SIESTA paper
          DOI: www.doi.org/10.1088/0953-8984/14/11/302
        PSML pseudopotential format
          DOI: www.doi.org/10.1016/j.cpc.2018.02.011


>> End of run:  30-JUL-2025   9:13:32
Job completed
