Executable      : /home/users/felipegc/woltsoft/SIESTA/siesta-5.2.2/build/bin/siesta
Version         : 5.2.2
Architecture    : x86_64
Compiler version: GNU-9.3.0
Compiler flags  : -O3 -march=native
Parallelisations: MPI
Lua support
Native ELPA support
ELSI support. Solvers:
   ELPA (internal) 
   NTPoly
   OMM
DFT-D3 support
Wannier90 wrapper support

Runtime information:
* Directory : /home/users/felipegc/MnNiGa/optimizations_afm/top/structure_calc_251
* Running on 36 nodes in parallel.
>> Start of run:  30-JUL-2025  21:37:20

                           *********************** 
                           *  WELCOME TO SIESTA  * 
                           *********************** 

 NOTE: Siesta V5 introduces some new defaults for basis-set generation
 NOTE: which might lead to slightly different numerical results.
 NOTE: Please see the manual for full details and compatibility measures.


reinit: Reading from standard input
reinit: Dumping input in INPUT_TMP.16133
************************** Dump of input data file ****************************
SystemName          hea
SystemLabel         hea
Reparametrize.Pseudos T
Restricted.Radial.Grid F
%include atoms.fdf
MaxSCFIterations     20000
SCF.Mix              Hamiltonian
SCF.Mixer.Method     Broyden
#SCF.Mixer.Variant    original #Pulay original
SCF.Mixer.History    8
SCF.Mixer.Weight     0.07
SCF.H.Converge       False
SCF.DM.Converge      True
SCF.DM.Tolerance     5.d-4
SCF.H.Tolerance      5.d-3 eV
MeshCutoff 300.0 Ry
MD.UseSaveCG         False
DM.UseSaveDM         False
NumberOfEigenStates -20
ElectronicTemperature 300 K
WriteCoorXmol        True
XC.Functional     GGA
XC.authors        PBEsol
Spin polarized
DM.InitSpin.AF true
SolutionMethod       diagon
#Diag.Algorithm        MRRR
###################################
###################################
# Full template for Basis param.
###################################
###################################
Basis.Pressure 0.3 GPa
PAO.SoftDefault T
PAO.SoftPotential 50.0 Ry
PAO.SoftInnerRadius 0.70
PAO.BasisType split
PAO.EnergyShift 0.0019 eV
PAO.BasisSize TZP
PAO.SplitTailNorm T
            %block kgrid_Monkhorst_Pack
            6  0  0  0.
            0  2  0  0.
            0  0  4  0.
            %endblock kgrid_Monkhorst_Pack
            MD.TypeOfRun CG
            MD.Steps         500
            MD.VariableCell true
            MD.MaxForceTol 0.05 eV/Ang
            WriteMDHistory true
            WriteForces true
            Write.OrbitalIndex true
            Charge.Mulliken end
            COOP.Write true
            %block ProjectedDensityOfStates
            -20.00 20.00 0.1 1000 eV
            %endblock ProjectedDensityOfStates
************************** End of input data file *****************************

reinit: -----------------------------------------------------------------------
reinit: System Name: hea
reinit: -----------------------------------------------------------------------
reinit: System Label: hea
reinit: -----------------------------------------------------------------------

NOTE on units for spin output: 
{S} is the spin magnetic moment, in units of the Bohr magneton,
assuming a g-factor for the electron spin of exactly 2.
The spin magnetic moment is then numerically equal to the charge inbalance,
in units of electrons, between the spin-up and -down channels.


initatom: Reading input for the pseudopotentials and atomic orbitals ----------
Species number:   1 Atomic number:   25 Label: Mn

Ground state valence configuration (from tables):   4s02  4p00  3d05  4f00

---- Processing specs for species: Mn
Reading pseudopotential information in PSML from:
  Mn.psml
PSML file version: 1.1
Using libxc ids:  101 130
GGA--PBE XC_GGA_X_PBE--XC_GGA_C_PBE pb
PSML uuid: e5ebd880-be41-11e7-659b-074ddfc7bd15
Semicore shell(s) with  8 electrons included in the valence for Mn

---- Pseudopotential check for Mn

Pseudized shells:
3s( 2.00) rc: 1.41
3p( 6.00) rc: 1.21
3d( 5.00) rc: 1.61
Valence configuration for ps generation: 3s:3p:3d:4s: Total charge:  15.000000
Semicore shell(s): 3s 3p
Fallback to non-perturbative polarization scheme for Mn
Please see the manual if this is not desired in principle
For Mn, standard SIESTA heuristics set lmxkb to 3
 (one more than the basis l, including polarization orbitals).
Use PS.lmax or PS.KBprojectors blocks to override.
Mn pseudopotential only contains V_ls up to l=2 -- lmxkb reset.

<basis_specs>
===============================================================================
Mn                   Z=  25    Mass=  54.938        Charge= 0.17977+309
Lmxo=2 Lmxkb= 2    BasisType=split      Semic=T
L=0  Nsemic=1  Cnfigmx=4
          i=1  nzeta=1  polorb=0  (3s)  (semicore shell)
            splnorm:   0.15000    
               vcte:    50.000    
               rinn:  -0.70000    
               qcoe:    0.0000    
               qyuk:    0.0000    
               qwid:   0.10000E-01
                rcs:    0.0000    
            lambdas:    1.0000    
          i=2  nzeta=3  polorb=0  (4s)  (to be polarized non-perturbatively)
            splnorm:   0.15000    
               vcte:    50.000    
               rinn:  -0.70000    
               qcoe:    0.0000    
               qyuk:    0.0000    
               qwid:   0.10000E-01
                rcs:    0.0000      0.0000      0.0000    
            lambdas:    1.0000      1.0000      1.0000    
L=1  Nsemic=1  Cnfigmx=4
          i=1  nzeta=1  polorb=0  (3p)  (semicore shell)
            splnorm:   0.15000    
               vcte:    50.000    
               rinn:  -0.70000    
               qcoe:    0.0000    
               qyuk:    0.0000    
               qwid:   0.10000E-01
                rcs:    0.0000    
            lambdas:    1.0000    
          i=2  nzeta=1  polorb=0  (4p)  (non-perturbative polarization shell)
            splnorm:   0.15000    
               vcte:    50.000    
               rinn:  -0.70000    
               qcoe:   0.48153-315
               qyuk:    0.0000    
               qwid:   0.69530-309
                rcs:    0.0000    
            lambdas:    1.0000    
L=2  Nsemic=0  Cnfigmx=3
          i=1  nzeta=3  polorb=0  (3d)
            splnorm:   0.15000    
               vcte:    50.000    
               rinn:  -0.70000    
               qcoe:    0.0000    
               qyuk:    0.0000    
               qwid:   0.10000E-01
                rcs:    0.0000      0.0000      0.0000    
            lambdas:    1.0000      1.0000      1.0000    
-------------------------------------------------------------------------------
L=0  Nkbl=2  erefs: 0.17977+309 0.17977+309
L=1  Nkbl=2  erefs: 0.17977+309 0.17977+309
L=2  Nkbl=1  erefs: 0.17977+309
===============================================================================
</basis_specs>

Using PAO.SplitTailNorm
atom: Called for Mn                    (Z =  25)
Maximum radius (at nrval) set to   50.00000 8518

read_vps: Pseudopotential generation method:
read_vps: ONCVPSP-3.Hamann's oncvpsp                        
Valence charge in pseudo generation:   15.00000

read_vps: Pseudopotential includes a core correction:
read_vps: Pseudo-core for xc-correction

xc_check: Exchange-correlation functional:
xc_check: GGA PBEsol
xc_check: WARNING: Pseudopotential generated with GGA PBE functional
Got Vlocal (oncv-fit) from psml data
Choosing vlocal chloc cutoff:  3.504263
qtot up to nchloc:   15.00032895
atom: Maximum radius for chlocal:    3.50426
atom: Maximum radius for r*vlocal+2*Zval:    3.50426
Reading KB projs from Mn psml data
Using scalar-relativistic projectors in PSML file

PSML: Kleinman-Bylander projectors: 
   l= 0   rc=  1.427391   Ekb= 18.471374
   l= 0   rc=  1.430269   Ekb=  3.121111
   l= 1   rc=  1.224702   Ekb=  3.156115
   l= 1   rc=  1.224702   Ekb= -1.424352
   l= 2   rc=  1.630219   Ekb=-13.224142
   l= 2   rc=  1.630219   Ekb= -4.330632

PSML: Total number of  Kleinman-Bylander projectors:  18
atom: -------------------------------------------------------------------------

atom: SANKEY-TYPE ORBITALS:
atom: Selected multiple-zeta basis: split     

SPLIT: Orbitals with angular momentum L= 0

SPLIT: Basis orbitals for state 3s

SPLIT: PAO cut-off radius determined from an
SPLIT: energy shift=  0.000140 Ry
Split based on tail norm

   izeta = 1
                 lambda =    1.000000
                     rc =    3.380000
                 energy =   -6.293298
                kinetic =    2.848567
    potential(screened) =   -9.141865
       potential(ionic) =  -33.519753

SPLIT: Basis orbitals for state 4s

SPLIT: PAO cut-off radius determined from an
SPLIT: energy shift=  0.000140 Ry
Split based on tail norm

   izeta = 1
                 lambda =    1.000000
                     rc =   10.002455
                 energy =   -0.450676
                kinetic =    1.112603
    potential(screened) =   -1.563278
       potential(ionic) =  -13.199632

   izeta = 2
                 rmatch =    5.430276
              splitnorm =    0.150000
                 energy =   -0.360834
                kinetic =    1.875764
    potential(screened) =   -2.236598
       potential(ionic) =  -15.982656

   izeta = 3
                 rmatch =    6.342382
              splitnorm =    0.075000
                 energy =   -0.415048
                kinetic =    1.529261
    potential(screened) =   -1.944310
       potential(ionic) =  -14.865309

SPLIT: Orbitals with angular momentum L= 1

SPLIT: Basis orbitals for state 3p

SPLIT: PAO cut-off radius determined from an
SPLIT: energy shift=  0.000140 Ry
Split based on tail norm

   izeta = 1
                 lambda =    1.000000
                     rc =    3.873861
                 energy =   -3.996757
                kinetic =    6.976018
    potential(screened) =  -10.972775
       potential(ionic) =  -34.563053

SPLIT: Basis orbitals for state 4p
SPLIT: Non-perturbative polarization orbs for state 4s
SPLIT: rc(1st zeta) (re)set to: 10.0025 (expansion factor: 1.0000)
Split based on tail norm

   izeta = 1
                 lambda =    1.000000
                     rc =   10.002455
                 energy =   -0.085879
                kinetic =    0.770317
    potential(screened) =   -0.856196
       potential(ionic) =   -9.409918

SPLIT: Orbitals with angular momentum L= 2

SPLIT: Basis orbitals for state 3d

SPLIT: PAO cut-off radius determined from an
SPLIT: energy shift=  0.000140 Ry
Split based on tail norm

   izeta = 1
                 lambda =    1.000000
                     rc =    7.238756
                 energy =   -0.490123
                kinetic =    9.261574
    potential(screened) =   -9.751697
       potential(ionic) =  -30.334327

   izeta = 2
                 rmatch =    3.144499
              splitnorm =    0.150000
                 energy =   -0.401801
                kinetic =   11.021778
    potential(screened) =  -11.423579
       potential(ionic) =  -33.555539

   izeta = 3
                 rmatch =    3.972182
              splitnorm =    0.075000
                 energy =   -0.464167
                kinetic =   10.072383
    potential(screened) =  -10.536551
       potential(ionic) =  -31.940836
atom: Total number of Sankey-type orbitals: 25

atm_pop: Valence configuration (for local Pseudopot. screening):
 3s( 2.00) 4s( 2.00)                                                  
 3p( 6.00) 4p( 0.00)                                                  
 3d( 5.00)                                                            
Vna: chval, zval:   15.00000  15.00000

Vna:  Cut-off radius for the neutral-atom potential:  10.002455
comcore: Pseudo-core radius Rcore=  2.115123

atom: _________________________________________________________________________

prinput: Basis input 

PAO.BasisType split     

%block ChemicalSpeciesLabel
    1   25 Mn                      # Species index, atomic number, species label
%endblock ChemicalSpeciesLabel

%block PAO.Basis                 # Define Basis set
# WARNING: This information might be incomplete!
Mn                    5                    # Species label, number of l-shells
 n=3   0   1                         # n, l, Nzeta 
   3.380   
   1.000   
 n=4   0   3                         # n, l, Nzeta 
  10.002      5.430      6.342   
   1.000      1.000      1.000   
 n=3   1   1                         # n, l, Nzeta 
   3.874   
   1.000   
 n=4   1   1                         # n, l, Nzeta 
  10.002   
   1.000   
 n=3   2   3                         # n, l, Nzeta 
   7.239      3.144      3.972   
   1.000      1.000      1.000   
%endblock PAO.Basis

prinput: ----------------------------------------------------------------------

coor:   Atomic-coordinates input format  =     Fractional

siesta: Atomic coordinates (Bohr) and species
siesta:      0.00000   0.00000   0.00000  1        1
siesta:      0.00000   4.70356   0.00000  1        2
siesta:      0.00000   9.40712   0.00000  1        3
siesta:      2.35178   2.35178   3.32592  1        4
siesta:      2.35178   7.05534   3.32592  1        5
siesta:      2.35178  11.75890   3.32592  1        6

siesta: System type = bulk      

initatomlists: Number of atoms, orbitals, and projectors:      6   150   108

coxmol: Writing XMOL coordinates into file hea.xyz                                                                                                                                                                                                                             

siesta: ******************** Simulation parameters ****************************
siesta:
siesta: The following are some of the parameters of the simulation.
siesta: A complete list of the parameters used, including default values,
siesta: can be found in file out.fdf
siesta:
redata: Spin configuration                          = collinear
redata: Number of spin components                   = 2
redata: Time-Reversal Symmetry                      = T
redata: Spin spiral                                 = F
redata: Long output                                 =   F
redata: Number of Atomic Species                    =        1
redata: Charge density info will appear in .RHO file
redata: Write Mulliken charges (when)               = end
redata: Write Mulliken Pop.                         = Atomic and Orbital charges
redata: Write Hirshfeld charges (when)              = none
redata: Write Voronoi charges (when)                = none
redata: Write spin charge (when)                    = scf
redata: Matel table size (NRTAB)                    =     1024
redata: Mesh Cutoff                                 =   300.0000 Ry
redata: Net charge of the system                    =     0.0000 |e|
redata: Min. number of SCF Iter                     =        0
redata: Max. number of SCF Iter                     =    20000
redata: SCF convergence failure will abort job
redata: SCF mix quantity                            = Hamiltonian
redata: Mix DM or H after convergence               =   F
redata: Recompute H after scf cycle                 =   F
redata: Mix DM in first SCF step                    =   T
redata: Write Pulay info on disk                    =   F
redata: New DM Occupancy tolerance                  = 0.000000000001
redata: No kicks to SCF
redata: DM Mixing Weight for Kicks                  =     0.5000
redata: Require Harris convergence for SCF          =   F
redata: Harris energy tolerance for SCF             =     0.000100 eV
redata: Require DM convergence for SCF              =   T
redata: DM tolerance for SCF                        =     0.000500
redata: Require EDM convergence for SCF             =   F
redata: EDM tolerance for SCF                       =     0.001000 eV
redata: Require H convergence for SCF               =   F
redata: Hamiltonian tolerance for SCF               =     0.005000 eV
redata: Require (free) Energy convergence for SCF   =   F
redata: (free) Energy tolerance for SCF             =     0.000100 eV
redata: Antiferro initial spin density              =   T
redata: Using DFT-D3 dispersion                     =   F
redata: Using Saved Data (generic)                  =   F
redata: Use continuation files for DM               =   F
redata: Neglect nonoverlap interactions             =   F
redata: Method of Calculation                       = Diagonalization
redata: Electronic Temperature                      =   300.0000 K
redata: Fix the spin of the system                  =   F
redata: Max. number of TDED Iter                    =        1
redata: Number of TDED substeps                     =        3
redata: Dynamics option                             = CG coord. optimization
redata: Variable cell                               =   T
redata: Use continuation files for CG               =   F
redata: Max atomic displ per move                   =     0.1058 Ang
redata: Maximum number of optimization moves        =      500
redata: Force tolerance                             =     0.0500 eV/Ang
redata: Stress tolerance                            =     1.0000 GPa
mix.SCF: Broyden mixing                          = Broyden
mix.SCF:    History steps                        = 8
mix.SCF:    Linear mixing weight                 =     0.070000
mix.SCF:    Inverse Jacobian weight              =     0.070000
mix.SCF:    Weight prime                         =     0.070000
mix.SCF:    SVD condition                        = 0.1000E-07
mix.SCF: Spin-component mixing                   all
redata: ***********************************************************************

%block SCF.Mixers
  Broyden
%endblock SCF.Mixers

%block SCF.Mixer.Broyden
  # Mixing method
  method broyden

  # Mixing options
  weight 0.0700
  weight.linear 0.0700
  weight.prime 0.0700
  history 8
%endblock SCF.Mixer.Broyden

DM_history_depth set to one: no extrapolation allowed by default for geometry relaxation
Size of DM history Fstack: 1
Total number of electrons:    90.000000
Total ionic charge:    90.000000

* ProcessorY, Blocksize:    9   4


* Orbital distribution balance (max,min):     8     4

k-point displ. along   1 input, could be:     0.00    0.50
k-point displ. along   2 input, could be:     0.00    0.50
k-point displ. along   3 input, could be:     0.00    0.50
 Kpoints in:           32 . Kpoints trimmed:           31

siesta: k-grid: Number of k-points = 31
siesta: k-points from Monkhorst-Pack grid
siesta: k-cutoff (effective) =     7.040 Ang
siesta: k-point supercell and displacements
siesta: k-grid:     6     0     0      0.000
siesta: k-grid:     0     2     0      0.000
siesta: k-grid:     0     0     4      0.000
k-point displ. along   1 input, could be:     0.00    0.50
k-point displ. along   2 input, could be:     0.00    0.50
k-point displ. along   3 input, could be:     0.00    0.50
 Kpoints in:           32 . Kpoints trimmed:           31

siesta: PDOS k-grid: Number of k-points = 31
siesta: PDOS k-points from Monkhorst-Pack grid
siesta: PDOS k-cutoff (effective) =     0.000 Ang
siesta: PDOS k-point supercell and displacements
siesta: k-grid:     6     0     0      0.000
siesta: k-grid:     0     2     0      0.000
siesta: k-grid:     0     0     4      0.000

diag: Algorithm                                     = D&C
diag: Parallel over k                               =   F
diag: Use parallel 2D distribution                  =   T
diag: Parallel block-size                           = 4
diag: Parallel distribution                         =     6 x     6
diag: Used triangular part                          = Lower
diag: Absolute tolerance                            =  0.100E-15
diag: Orthogonalization factor                      =  0.100E-05
diag: Memory factor                                 =  1.0000
diag: The diagonalization method chosen cannot compute a reduced number of eigenvectors.
diag: Resetting neigwanted 67 to 150

superc: Internal auxiliary supercell:     9 x     5 x     7  =     315
superc: Number of atoms, orbitals, and projectors:   1890  47250  34020


ts: **************************************************************
ts: Save H and S matrices                           =    F
ts: Save DM and EDM matrices                        =    F
ts: Only save the overlap matrix S                  =    F
ts: **************************************************************

************************ Begin: TS CHECKS AND WARNINGS ************************
************************ End: TS CHECKS AND WARNINGS **************************


                     ====================================
                        Begin CG opt. move =      0
                     ====================================

superc: Internal auxiliary supercell:     9 x     5 x     7  =     315
superc: Number of atoms, orbitals, and projectors:   1890  47250  34020

outcell: Unit cell vectors (Ang):
        2.489016    0.000000    0.000000
        0.000000    7.467048    0.000000
        0.000000    0.000000    3.520000

outcell: Cell vector modules (Ang)   :    2.489016    7.467048    3.520000
outcell: Cell angles (23,13,12) (deg):     90.0000     90.0000     90.0000
outcell: Cell volume (Ang**3)        :     65.4213
<dSpData1D:S at geom step 0
  <sparsity:sparsity for geom step 0
    nrows_g=150 nrows=8 sparsity=1.1949 nnzs=26886, refcount: 7>
  <dData1D:(new from dSpData1D) n=26886, refcount: 1>
refcount: 1>
new_DM -- step:     1
Initializing Density Matrix...
DM filled with atomic data:
<dSpData2D:DM initialized from atoms
  <sparsity:sparsity for geom step 0
    nrows_g=150 nrows=8 sparsity=1.1949 nnzs=26886, refcount: 8>
  <dData2D:DM n=26886 m=2, refcount: 1>
refcount: 1>
No. of atoms with KB's overlaping orbs in proc 0. Max # of overlaps:      96     783

InitMesh: MESH = 30 x 80 x 40 = 96000
InitMesh: Mesh cutoff (required, used) =   300.000   317.237 Ry
New grid distribution [1]: sub = 2
New grid distribution [2]: sub = 2
New grid distribution [3]: sub = 2
Setting up quadratic distribution...

stepf: Fermi-Dirac step function

siesta: Program's energy decomposition (eV):
siesta: Ebs     =     -3565.339551
siesta: Eions   =     24069.991265
siesta: Ena     =      2495.792899
siesta: Ekin    =      7671.730741
siesta: Enl     =     -1095.521232
siesta: Eso     =         0.000000
siesta: Edftu   =         0.000000
siesta: DEna    =       186.828205
siesta: DUscf   =         6.090595
siesta: DUext   =         0.000000
siesta: Ex      =     -2769.020317
siesta: Ec      =      -172.982023
siesta: Exc     =     -2942.002340
siesta: EbV     =         0.000000
siesta: eta*DQ  =         0.000000
siesta: Emadel  =         0.000000
siesta: Emeta   =         0.000000
siesta: Emolmec =         0.000000
siesta: Ekinion =         0.000000
siesta: Eharris =    -17650.809189
siesta: Etot    =    -17747.072397
siesta: FreeEng =    -17747.089124

        iscf     Eharris(eV)        E_KS(eV)     FreeEng(eV)     dDmax    Ef(eV) dHmax(eV)
   scf:    1   -17650.809189   -17747.072397   -17747.089124  3.074837 -5.930336  9.309966
     spin moment: {S} , |S| = {        0.0        0.0    0.00011 }     0.00011
timer: Routine,Calls,Time,% = IterSCF        1       2.478  31.31
   scf:    2   -17747.486779   -17748.398411   -17748.414556  0.466198 -6.081734  7.189990
     spin moment: {S} , |S| = {        0.0        0.0    0.00006 }     0.00006
   scf:    3   -17749.553263   -17749.215259   -17749.231050  0.198565 -6.179947  4.252005
     spin moment: {S} , |S| = {        0.0        0.0    0.00007 }     0.00007
   scf:    4   -17751.934326   -17750.786620   -17750.804966  0.923414 -6.709519  2.291624
     spin moment: {S} , |S| = {        0.0        0.0    0.00011 }     0.00011
   scf:    5   -17751.695831   -17751.311749   -17751.329839  0.393462 -7.016277  0.764846
     spin moment: {S} , |S| = {        0.0        0.0    0.00005 }     0.00005
   scf:    6   -17748.131220   -17750.529143   -17750.551448  0.368711 -7.163806  5.667899
     spin moment: {S} , |S| = {        0.0        0.0   -0.00089 }    -0.00089
   scf:    7   -17754.105214   -17752.920698   -17752.944210  0.409986 -7.392816  2.463604
     spin moment: {S} , |S| = {        0.0        0.0    0.00336 }     0.00336
   scf:    8   -17753.295124   -17753.124474   -17753.148685  0.069423 -7.448522  1.414134
     spin moment: {S} , |S| = {        0.0        0.0   -0.00001 }    -0.00001
   scf:    9   -17753.383578   -17753.266195   -17753.289021  0.097212 -7.490511  0.441744
     spin moment: {S} , |S| = {        0.0        0.0    0.00036 }     0.00036
   scf:   10   -17753.094397   -17753.213634   -17753.233975  0.065571 -7.495848  1.492750
     spin moment: {S} , |S| = {        0.0        0.0    0.00009 }     0.00009
   scf:   11   -17753.207029   -17753.210346   -17753.230668  0.000677 -7.495791  1.515464
     spin moment: {S} , |S| = {        0.0        0.0    0.00009 }     0.00009
   scf:   12   -17753.394440   -17753.346675   -17753.366484  0.077253 -7.535460  0.387834
     spin moment: {S} , |S| = {        0.0        0.0    0.00008 }     0.00008
   scf:   13   -17752.131024   -17752.954437   -17752.974151  0.090730 -7.474195  2.608592
     spin moment: {S} , |S| = {        0.0        0.0    0.00030 }     0.00030
   scf:   14   -17753.159116   -17753.103779   -17753.126970  0.109879 -7.481887  1.927754
     spin moment: {S} , |S| = {        0.0        0.0    0.00025 }     0.00025
   scf:   15   -17752.650684   -17752.913763   -17752.934206  0.059578 -7.465958  2.933354
     spin moment: {S} , |S| = {        0.0        0.0    0.00031 }     0.00031
   scf:   16   -17753.677391   -17753.386308   -17753.406005  0.140381 -7.530284  0.607990
     spin moment: {S} , |S| = {        0.0        0.0   -0.00018 }    -0.00018
   scf:   17   -17753.536641   -17753.449158   -17753.469933  0.074341 -7.547240  0.147111
     spin moment: {S} , |S| = {        0.0        0.0   -0.00081 }    -0.00081
   scf:   18   -17753.582055   -17753.492511   -17753.515280  0.075712 -7.548364  0.199968
     spin moment: {S} , |S| = {        0.0        0.0   -0.00151 }    -0.00151
   scf:   19   -17753.499620   -17753.497569   -17753.520291  0.018166 -7.538967  0.244996
     spin moment: {S} , |S| = {        0.0        0.0   -0.00130 }    -0.00130
   scf:   20   -17753.508632   -17753.503312   -17753.526299  0.017164 -7.543651  0.124478
     spin moment: {S} , |S| = {        0.0        0.0   -0.00171 }    -0.00171
   scf:   21   -17753.546557   -17753.513074   -17753.536327  0.096654 -7.556580  0.582210
     spin moment: {S} , |S| = {        0.0        0.0   -0.00191 }    -0.00191
   scf:   22   -17753.517677   -17753.519533   -17753.543177  0.036068 -7.543440  0.139300
     spin moment: {S} , |S| = {        0.0        0.0   -0.00174 }    -0.00174
   scf:   23   -17753.532137   -17753.525142   -17753.548597  0.020703 -7.540829  0.169416
     spin moment: {S} , |S| = {        0.0        0.0   -0.00220 }    -0.00220
   scf:   24   -17753.557810   -17753.537395   -17753.559242  0.040901 -7.535368  0.118115
     spin moment: {S} , |S| = {        0.0        0.0   -0.00185 }    -0.00185
   scf:   25   -17753.556121   -17753.545094   -17753.565681  0.026593 -7.533520  0.115803
     spin moment: {S} , |S| = {        0.0        0.0   -0.00204 }    -0.00204
   scf:   26   -17753.546169   -17753.545651   -17753.566565  0.007730 -7.530725  0.093767
     spin moment: {S} , |S| = {        0.0        0.0   -0.00214 }    -0.00214
   scf:   27   -17753.563537   -17753.553077   -17753.573072  0.032245 -7.532006  0.068866
     spin moment: {S} , |S| = {        0.0        0.0   -0.00181 }    -0.00181
   scf:   28   -17753.564829   -17753.557943   -17753.577315  0.022106 -7.534243  0.077419
     spin moment: {S} , |S| = {        0.0        0.0   -0.00217 }    -0.00217
   scf:   29   -17753.566862   -17753.561679   -17753.580963  0.025278 -7.535640  0.072949
     spin moment: {S} , |S| = {        0.0        0.0   -0.00186 }    -0.00186
   scf:   30   -17753.564375   -17753.562929   -17753.582098  0.007012 -7.536785  0.058335
     spin moment: {S} , |S| = {        0.0        0.0   -0.00186 }    -0.00186
   scf:   31   -17753.565031   -17753.563923   -17753.583157  0.007758 -7.537508  0.058861
     spin moment: {S} , |S| = {        0.0        0.0   -0.00192 }    -0.00192
   scf:   32   -17753.566552   -17753.565151   -17753.584618  0.010507 -7.538733  0.063831
     spin moment: {S} , |S| = {        0.0        0.0   -0.00182 }    -0.00182
   scf:   33   -17753.571430   -17753.567805   -17753.587588  0.020045 -7.540690  0.067162
     spin moment: {S} , |S| = {        0.0        0.0   -0.00192 }    -0.00192
   scf:   34   -17753.566315   -17753.566951   -17753.586745  0.008091 -7.539273  0.063081
     spin moment: {S} , |S| = {        0.0        0.0   -0.00191 }    -0.00191
   scf:   35   -17753.572230   -17753.569218   -17753.589391  0.018689 -7.540926  0.055598
     spin moment: {S} , |S| = {        0.0        0.0   -0.00191 }    -0.00191
   scf:   36   -17753.568283   -17753.568733   -17753.588779  0.004369 -7.540845  0.058396
     spin moment: {S} , |S| = {        0.0        0.0   -0.00191 }    -0.00191
   scf:   37   -17753.569669   -17753.569188   -17753.589310  0.003368 -7.541225  0.058134
     spin moment: {S} , |S| = {        0.0        0.0   -0.00190 }    -0.00190
   scf:   38   -17753.571266   -17753.570156   -17753.590497  0.007030 -7.541927  0.054368
     spin moment: {S} , |S| = {        0.0        0.0   -0.00196 }    -0.00196
   scf:   39   -17753.572399   -17753.571199   -17753.591768  0.009410 -7.542826  0.058862
     spin moment: {S} , |S| = {        0.0        0.0   -0.00198 }    -0.00198
   scf:   40   -17753.567776   -17753.569178   -17753.589328  0.018308 -7.540920  0.051526
     spin moment: {S} , |S| = {        0.0        0.0   -0.00195 }    -0.00195
   scf:   41   -17753.563818   -17753.565767   -17753.585316  0.027357 -7.538014  0.066300
     spin moment: {S} , |S| = {        0.0        0.0   -0.00195 }    -0.00195
   scf:   42   -17753.570768   -17753.567936   -17753.587813  0.017832 -7.540057  0.072220
     spin moment: {S} , |S| = {        0.0        0.0   -0.00200 }    -0.00200
   scf:   43   -17753.574619   -17753.570567   -17753.590905  0.024664 -7.542680  0.100698
     spin moment: {S} , |S| = {        0.0        0.0   -0.00204 }    -0.00204
   scf:   44   -17753.568822   -17753.569598   -17753.589592  0.011343 -7.542303  0.093845
     spin moment: {S} , |S| = {        0.0        0.0   -0.00214 }    -0.00214
   scf:   45   -17753.569981   -17753.569788   -17753.589829  0.001953 -7.542463  0.087947
     spin moment: {S} , |S| = {        0.0        0.0   -0.00212 }    -0.00212
   scf:   46   -17753.573399   -17753.571399   -17753.591820  0.012852 -7.543882  0.108001
     spin moment: {S} , |S| = {        0.0        0.0   -0.00211 }    -0.00211
   scf:   47   -17753.567347   -17753.568894   -17753.588925  0.021769 -7.541169  0.063742
     spin moment: {S} , |S| = {        0.0        0.0   -0.00184 }    -0.00184
   scf:   48   -17753.572130   -17753.570362   -17753.590714  0.012623 -7.542544  0.059700
     spin moment: {S} , |S| = {        0.0        0.0   -0.00198 }    -0.00198
   scf:   49   -17753.566177   -17753.567837   -17753.587702  0.020856 -7.540323  0.053578
     spin moment: {S} , |S| = {        0.0        0.0   -0.00190 }    -0.00190
   scf:   50   -17753.564224   -17753.565758   -17753.585298  0.016365 -7.538678  0.059918
     spin moment: {S} , |S| = {        0.0        0.0   -0.00188 }    -0.00188
   scf:   51   -17753.576774   -17753.570048   -17753.590295  0.034090 -7.542218  0.063366
     spin moment: {S} , |S| = {        0.0        0.0   -0.00204 }    -0.00204
   scf:   52   -17753.574648   -17753.572043   -17753.592669  0.017571 -7.543549  0.081908
     spin moment: {S} , |S| = {        0.0        0.0   -0.00215 }    -0.00215
   scf:   53   -17753.568188   -17753.569712   -17753.589815  0.020817 -7.542194  0.075801
     spin moment: {S} , |S| = {        0.0        0.0   -0.00206 }    -0.00206
   scf:   54   -17753.569952   -17753.569826   -17753.589939  0.001476 -7.542363  0.076828
     spin moment: {S} , |S| = {        0.0        0.0   -0.00208 }    -0.00208
   scf:   55   -17753.571378   -17753.570564   -17753.590876  0.006949 -7.542723  0.067523
     spin moment: {S} , |S| = {        0.0        0.0   -0.00207 }    -0.00207
   scf:   56   -17753.567615   -17753.568840   -17753.588798  0.015639 -7.541618  0.067081
     spin moment: {S} , |S| = {        0.0        0.0   -0.00188 }    -0.00188
   scf:   57   -17753.571582   -17753.570099   -17753.590360  0.011354 -7.542874  0.065716
     spin moment: {S} , |S| = {        0.0        0.0   -0.00196 }    -0.00196
   scf:   58   -17753.564860   -17753.566733   -17753.586405  0.027214 -7.539611  0.058680
     spin moment: {S} , |S| = {        0.0        0.0   -0.00183 }    -0.00183
   scf:   59   -17753.564377   -17753.565453   -17753.584960  0.009848 -7.538647  0.061747
     spin moment: {S} , |S| = {        0.0        0.0   -0.00183 }    -0.00183
   scf:   60   -17753.577115   -17753.569967   -17753.590204  0.035709 -7.542565  0.062593
     spin moment: {S} , |S| = {        0.0        0.0   -0.00203 }    -0.00203
   scf:   61   -17753.570404   -17753.570181   -17753.590469  0.001500 -7.542622  0.061839
     spin moment: {S} , |S| = {        0.0        0.0   -0.00203 }    -0.00203
   scf:   62   -17753.569565   -17753.569866   -17753.590082  0.002379 -7.542410  0.061186
     spin moment: {S} , |S| = {        0.0        0.0   -0.00202 }    -0.00202
   scf:   63   -17753.568877   -17753.569319   -17753.589377  0.005138 -7.542202  0.062617
     spin moment: {S} , |S| = {        0.0        0.0   -0.00201 }    -0.00201
   scf:   64   -17753.571289   -17753.570237   -17753.590477  0.008007 -7.542889  0.064463
     spin moment: {S} , |S| = {        0.0        0.0   -0.00206 }    -0.00206
   scf:   65   -17753.567977   -17753.568938   -17753.588981  0.011759 -7.541812  0.060104
     spin moment: {S} , |S| = {        0.0        0.0   -0.00190 }    -0.00190
   scf:   66   -17753.568111   -17753.568513   -17753.588482  0.003016 -7.541520  0.060677
     spin moment: {S} , |S| = {        0.0        0.0   -0.00190 }    -0.00190
   scf:   67   -17753.564363   -17753.566006   -17753.585433  0.020796 -7.539819  0.065827
     spin moment: {S} , |S| = {        0.0        0.0   -0.00179 }    -0.00179
   scf:   68   -17753.568517   -17753.567168   -17753.586848  0.009922 -7.540522  0.065366
     spin moment: {S} , |S| = {        0.0        0.0   -0.00178 }    -0.00178
   scf:   69   -17753.572389   -17753.569399   -17753.589683  0.019271 -7.541954  0.068760
     spin moment: {S} , |S| = {        0.0        0.0   -0.00189 }    -0.00189
   scf:   70   -17753.569893   -17753.569609   -17753.589753  0.003506 -7.542321  0.063299
     spin moment: {S} , |S| = {        0.0        0.0   -0.00195 }    -0.00195
   scf:   71   -17753.570892   -17753.570182   -17753.590273  0.005023 -7.542995  0.062968
     spin moment: {S} , |S| = {        0.0        0.0   -0.00203 }    -0.00203
   scf:   72   -17753.570006   -17753.570009   -17753.589854  0.006016 -7.543205  0.053608
     spin moment: {S} , |S| = {        0.0        0.0   -0.00207 }    -0.00207
   scf:   73   -17753.570431   -17753.570214   -17753.590094  0.002016 -7.543386  0.053231
     spin moment: {S} , |S| = {        0.0        0.0   -0.00208 }    -0.00208
   scf:   74   -17753.569789   -17753.569982   -17753.589753  0.002926 -7.543278  0.050298
     spin moment: {S} , |S| = {        0.0        0.0   -0.00207 }    -0.00207
   scf:   75   -17753.568269   -17753.568951   -17753.588371  0.008316 -7.542512  0.044805
     spin moment: {S} , |S| = {        0.0        0.0   -0.00207 }    -0.00207
   scf:   76   -17753.566970   -17753.567676   -17753.586738  0.010437 -7.541409  0.048782
     spin moment: {S} , |S| = {        0.0        0.0   -0.00195 }    -0.00195
   scf:   77   -17753.568903   -17753.561064   -17753.579044  0.053327 -7.538545  0.084540
     spin moment: {S} , |S| = {        0.0        0.0   -0.00222 }    -0.00222
   scf:   78   -17753.566205   -17753.563237   -17753.581350  0.011775 -7.539489  0.075416
     spin moment: {S} , |S| = {        0.0        0.0   -0.00220 }    -0.00220
   scf:   79   -17753.560861   -17753.561851   -17753.579941  0.010100 -7.538841  0.081983
     spin moment: {S} , |S| = {        0.0        0.0   -0.00210 }    -0.00210
   scf:   80   -17753.568031   -17753.563741   -17753.581977  0.021757 -7.538916  0.067669
     spin moment: {S} , |S| = {        0.0        0.0   -0.00192 }    -0.00192
   scf:   81   -17753.567086   -17753.564712   -17753.583087  0.016658 -7.540873  0.049671
     spin moment: {S} , |S| = {        0.0        0.0   -0.00217 }    -0.00217
   scf:   82   -17753.567635   -17753.565803   -17753.584576  0.016940 -7.542421  0.055008
     spin moment: {S} , |S| = {        0.0        0.0   -0.00228 }    -0.00228
   scf:   83   -17753.570791   -17753.567518   -17753.586602  0.017299 -7.542803  0.065175
     spin moment: {S} , |S| = {        0.0        0.0   -0.00216 }    -0.00216
   scf:   84   -17753.570691   -17753.568909   -17753.588431  0.011814 -7.544175  0.061383
     spin moment: {S} , |S| = {        0.0        0.0   -0.00221 }    -0.00221
   scf:   85   -17753.566533   -17753.567524   -17753.586853  0.010474 -7.543026  0.074007
     spin moment: {S} , |S| = {        0.0        0.0   -0.00212 }    -0.00212
   scf:   86   -17753.570500   -17753.568827   -17753.588552  0.012621 -7.544668  0.057593
     spin moment: {S} , |S| = {        0.0        0.0   -0.00230 }    -0.00230
   scf:   87   -17753.567125   -17753.567867   -17753.587293  0.006932 -7.543835  0.057153
     spin moment: {S} , |S| = {        0.0        0.0   -0.00218 }    -0.00218
   scf:   88   -17753.564441   -17753.563634   -17753.582060  0.034390 -7.540638  0.065741
     spin moment: {S} , |S| = {        0.0        0.0   -0.00231 }    -0.00231
   scf:   89   -17753.562434   -17753.562959   -17753.581184  0.008799 -7.540001  0.055609
     spin moment: {S} , |S| = {        0.0        0.0   -0.00229 }    -0.00229
   scf:   90   -17753.558968   -17753.560240   -17753.578250  0.025165 -7.537593  0.076001
     spin moment: {S} , |S| = {        0.0        0.0   -0.00219 }    -0.00219
   scf:   91   -17753.561352   -17753.560401   -17753.578526  0.012101 -7.538235  0.083166
     spin moment: {S} , |S| = {        0.0        0.0   -0.00227 }    -0.00227
   scf:   92   -17753.575134   -17753.564746   -17753.583515  0.048043 -7.543477  0.068270
     spin moment: {S} , |S| = {        0.0        0.0   -0.00269 }    -0.00269
   scf:   93   -17753.562433   -17753.563365   -17753.581753  0.011896 -7.542141  0.061509
     spin moment: {S} , |S| = {        0.0        0.0   -0.00265 }    -0.00265
   scf:   94   -17753.565994   -17753.564330   -17753.583048  0.016357 -7.543602  0.064408
     spin moment: {S} , |S| = {        0.0        0.0   -0.00277 }    -0.00277
   scf:   95   -17753.569119   -17753.566249   -17753.585508  0.014706 -7.545479  0.057989
     spin moment: {S} , |S| = {        0.0        0.0   -0.00266 }    -0.00266
   scf:   96   -17753.565466   -17753.565838   -17753.584978  0.003003 -7.545033  0.061040
     spin moment: {S} , |S| = {        0.0        0.0   -0.00261 }    -0.00261
   scf:   97   -17753.563986   -17753.564748   -17753.583596  0.009269 -7.543986  0.069843
     spin moment: {S} , |S| = {        0.0        0.0   -0.00264 }    -0.00264
   scf:   98   -17753.560888   -17753.561330   -17753.579433  0.024978 -7.540686  0.054440
     spin moment: {S} , |S| = {        0.0        0.0   -0.00267 }    -0.00267
   scf:   99   -17753.575815   -17753.553747   -17753.571729  0.087905 -7.536137  0.077239
     spin moment: {S} , |S| = {        0.0        0.0   -0.00339 }    -0.00339
   scf:  100   -17753.580710   -17753.560903   -17753.578971  0.053811 -7.540961  0.077396
     spin moment: {S} , |S| = {        0.0        0.0   -0.00324 }    -0.00324
   scf:  101   -17753.560666   -17753.560472   -17753.578251  0.011131 -7.540397  0.080635
     spin moment: {S} , |S| = {        0.0        0.0   -0.00324 }    -0.00324
   scf:  102   -17753.556990   -17753.555829   -17753.573481  0.040394 -7.536857  0.039904
     spin moment: {S} , |S| = {        0.0        0.0   -0.00345 }    -0.00345
   scf:  103   -17753.551780   -17753.553089   -17753.571179  0.020009 -7.535790  0.055830
     spin moment: {S} , |S| = {        0.0        0.0   -0.00367 }    -0.00367
   scf:  104   -17753.553617   -17753.553352   -17753.571433  0.005739 -7.534357  0.027657
     spin moment: {S} , |S| = {        0.0        0.0   -0.00354 }    -0.00354
   scf:  105   -17753.548664   -17753.549327   -17753.568419  0.032832 -7.533261  0.064443
     spin moment: {S} , |S| = {        0.0        0.0   -0.00400 }    -0.00400
   scf:  106   -17753.554282   -17753.551244   -17753.569895  0.016036 -7.532262  0.025046
     spin moment: {S} , |S| = {        0.0        0.0   -0.00381 }    -0.00381
   scf:  107   -17753.551114   -17753.550723   -17753.569606  0.019618 -7.531478  0.025191
     spin moment: {S} , |S| = {        0.0        0.0   -0.00383 }    -0.00383
   scf:  108   -17753.552701   -17753.551479   -17753.570211  0.008949 -7.531619  0.026452
     spin moment: {S} , |S| = {        0.0        0.0   -0.00386 }    -0.00386
   scf:  109   -17753.550596   -17753.550559   -17753.569578  0.019606 -7.530910  0.043131
     spin moment: {S} , |S| = {        0.0        0.0   -0.00410 }    -0.00410
   scf:  110   -17753.550499   -17753.550034   -17753.569228  0.018598 -7.531481  0.017490
     spin moment: {S} , |S| = {        0.0        0.0   -0.00440 }    -0.00440
   scf:  111   -17753.550257   -17753.550139   -17753.569299  0.002159 -7.531844  0.015864
     spin moment: {S} , |S| = {        0.0        0.0   -0.00445 }    -0.00445
   scf:  112   -17753.550036   -17753.550050   -17753.569239  0.005092 -7.531941  0.012934
     spin moment: {S} , |S| = {        0.0        0.0   -0.00452 }    -0.00452
   scf:  113   -17753.550368   -17753.550109   -17753.569280  0.008720 -7.531822  0.011948
     spin moment: {S} , |S| = {        0.0        0.0   -0.00456 }    -0.00456
   scf:  114   -17753.550635   -17753.550307   -17753.569418  0.007750 -7.531992  0.014463
     spin moment: {S} , |S| = {        0.0        0.0   -0.00463 }    -0.00463
   scf:  115   -17753.550431   -17753.550368   -17753.569456  0.001185 -7.532291  0.011023
     spin moment: {S} , |S| = {        0.0        0.0   -0.00469 }    -0.00469
   scf:  116   -17753.550614   -17753.550474   -17753.569526  0.002793 -7.532348  0.010581
     spin moment: {S} , |S| = {        0.0        0.0   -0.00470 }    -0.00470
   scf:  117   -17753.550768   -17753.550606   -17753.569611  0.002978 -7.532484  0.009365
     spin moment: {S} , |S| = {        0.0        0.0   -0.00474 }    -0.00474
   scf:  118   -17753.550931   -17753.550756   -17753.569702  0.003395 -7.532644  0.009265
     spin moment: {S} , |S| = {        0.0        0.0   -0.00482 }    -0.00482
   scf:  119   -17753.551103   -17753.550917   -17753.569795  0.003434 -7.532702  0.007495
     spin moment: {S} , |S| = {        0.0        0.0   -0.00494 }    -0.00494
   scf:  120   -17753.551270   -17753.551077   -17753.569887  0.004342 -7.532783  0.007227
     spin moment: {S} , |S| = {        0.0        0.0   -0.00506 }    -0.00506
   scf:  121   -17753.551257   -17753.551160   -17753.569936  0.002877 -7.532771  0.006519
     spin moment: {S} , |S| = {        0.0        0.0   -0.00513 }    -0.00513
   scf:  122   -17753.551364   -17753.551247   -17753.569996  0.003674 -7.532623  0.006462
     spin moment: {S} , |S| = {        0.0        0.0   -0.00519 }    -0.00519
   scf:  123   -17753.551518   -17753.551356   -17753.570076  0.004557 -7.532478  0.006034
     spin moment: {S} , |S| = {        0.0        0.0   -0.00525 }    -0.00525
   scf:  124   -17753.551469   -17753.551408   -17753.570114  0.002267 -7.532389  0.006821
     spin moment: {S} , |S| = {        0.0        0.0   -0.00529 }    -0.00529
   scf:  125   -17753.551515   -17753.551457   -17753.570147  0.002176 -7.532362  0.006335
     spin moment: {S} , |S| = {        0.0        0.0   -0.00536 }    -0.00536
   scf:  126   -17753.551527   -17753.551488   -17753.570174  0.001643 -7.532350  0.006214
     spin moment: {S} , |S| = {        0.0        0.0   -0.00540 }    -0.00540
   scf:  127   -17753.551621   -17753.551544   -17753.570211  0.002981 -7.532360  0.005109
     spin moment: {S} , |S| = {        0.0        0.0   -0.00550 }    -0.00550
   scf:  128   -17753.551602   -17753.551569   -17753.570230  0.001525 -7.532382  0.004673
     spin moment: {S} , |S| = {        0.0        0.0   -0.00556 }    -0.00556
   scf:  129   -17753.551616   -17753.551590   -17753.570246  0.001074 -7.532426  0.004732
     spin moment: {S} , |S| = {        0.0        0.0   -0.00560 }    -0.00560
   scf:  130   -17753.551654   -17753.551617   -17753.570265  0.001538 -7.532474  0.004125
     spin moment: {S} , |S| = {        0.0        0.0   -0.00567 }    -0.00567
   scf:  131   -17753.551660   -17753.551636   -17753.570278  0.001180 -7.532526  0.003860
     spin moment: {S} , |S| = {        0.0        0.0   -0.00572 }    -0.00572
   scf:  132   -17753.551691   -17753.551658   -17753.570292  0.001617 -7.532570  0.003341
     spin moment: {S} , |S| = {        0.0        0.0   -0.00580 }    -0.00580
   scf:  133   -17753.551687   -17753.551671   -17753.570300  0.000975 -7.532589  0.003254
     spin moment: {S} , |S| = {        0.0        0.0   -0.00584 }    -0.00584
   scf:  134   -17753.551702   -17753.551684   -17753.570309  0.001194 -7.532599  0.003001
     spin moment: {S} , |S| = {        0.0        0.0   -0.00590 }    -0.00590
   scf:  135   -17753.551708   -17753.551695   -17753.570316  0.000930 -7.532604  0.002960
     spin moment: {S} , |S| = {        0.0        0.0   -0.00594 }    -0.00594
   scf:  136   -17753.551706   -17753.551700   -17753.570320  0.000507 -7.532609  0.003002
     spin moment: {S} , |S| = {        0.0        0.0   -0.00596 }    -0.00596
   scf:  137   -17753.551711   -17753.551705   -17753.570324  0.000509 -7.532612  0.002845
     spin moment: {S} , |S| = {        0.0        0.0   -0.00598 }    -0.00598
   scf:  138   -17753.551709   -17753.551707   -17753.570325  0.000185 -7.532614  0.002820
     spin moment: {S} , |S| = {        0.0        0.0   -0.00599 }    -0.00599

SCF Convergence by DM criterion
max |DM_out - DM_in|         :     0.0001847001
max |H_out - H_in|      (eV) :     0.0028199272
SCF cycle converged after 138 iterations

Using DM_out to compute the final energy and forces
No. of atoms with KB's overlaping orbs in proc 0. Max # of overlaps:      96     783

siesta: E_KS(eV) =           -17753.5517

siesta: E_KS - E_eggbox =    -17753.5517

siesta: Atomic forces (eV/Ang):
     1    0.000000   -0.000115    0.000000
     2    0.000000    0.006961    0.000000
     3    0.000000   -0.006994    0.000000
     4    0.000000   -0.006730    0.000000
     5    0.000000   -0.000071    0.000000
     6   -0.000000    0.006950   -0.000000
----------------------------------------
   Tot    0.000000    0.000001    0.000000
----------------------------------------
   Max    0.006994
   Res    0.003257    sqrt( Sum f_i^2 / 3N )
----------------------------------------
   Max    0.006994    constrained

Stress tensor Voigt[x,y,z,yz,xz,xy] (kbar):      145.74      144.82      132.48        0.00        0.00        0.00
(Free)E + p*V (eV/cell)   -17759.3283
Target enthalpy (eV/cell)   -17753.5703

siesta: Stress tensor (static) (eV/Ang**3):
         0.090966   -0.000000    0.000000
         0.000000    0.090390   -0.000000
         0.000000    0.000000    0.082686

siesta: Pressure (static):       -141.01387655  kBar

siesta: Stress tensor (total) (eV/Ang**3):
         0.090966   -0.000000    0.000000
         0.000000    0.090390   -0.000000
         0.000000    0.000000    0.082686

siesta: Pressure (total):       -141.01387655  kBar

cgvc: No target stress found, assuming hydrostatic MD.TargetPressure.

cgvc: Target stress (kBar)
cgvc:        -0.000       0.000       0.000
cgvc:         0.000      -0.000       0.000
cgvc:         0.000       0.000      -0.000

                     ====================================
                        Begin CG opt. move =      1
                     ====================================
k-point displ. along   1 input, could be:     0.00    0.50
k-point displ. along   2 input, could be:     0.00    0.50
k-point displ. along   3 input, could be:     0.00    0.50
 Kpoints in:           32 . Kpoints trimmed:           31

siesta: k-grid: Number of k-points = 31
siesta: k-points from Monkhorst-Pack grid
siesta: k-cutoff (effective) =     6.959 Ang
siesta: k-point supercell and displacements
siesta: k-grid:     6     0     0      0.000
siesta: k-grid:     0     2     0      0.000
siesta: k-grid:     0     0     4      0.000

superc: Internal auxiliary supercell:     9 x     5 x     7  =     315
superc: Number of atoms, orbitals, and projectors:   1890  47250  34020

outcell: Unit cell vectors (Ang):
        2.457607    0.000000   -0.000000
        0.000000    7.373419    0.000000
       -0.000000    0.000000    3.479625

outcell: Cell vector modules (Ang)   :    2.457607    7.373419    3.479625
outcell: Cell angles (23,13,12) (deg):     90.0000     90.0000     90.0000
outcell: Cell volume (Ang**3)        :     63.0542
<dSpData1D:S at geom step 1
  <sparsity:sparsity for geom step 1
    nrows_g=150 nrows=8 sparsity=1.1949 nnzs=26886, refcount: 7>
  <dData1D:(new from dSpData1D) n=26886, refcount: 1>
refcount: 1>
new_DM -- step:     2
Re-using DM from previous geometries...
Number of DMs in history: 1
 DM extrapolation coefficients: 
1   1.00000
New DM after history re-use:
<dSpData2D:SpM extrapolated using coords
  <sparsity:sparsity for geom step 1
    nrows_g=150 nrows=8 sparsity=1.1949 nnzs=26886, refcount: 9>
  <dData2D:(temp array for extrapolation) n=26886 m=2, refcount: 1>
refcount: 1>
No. of atoms with KB's overlaping orbs in proc 0. Max # of overlaps:      96     783

InitMesh: MESH = 30 x 80 x 40 = 96000
InitMesh: Mesh cutoff (required, used) =   300.000   325.345 Ry
New grid distribution [1]: sub = 2
New grid distribution [2]: sub = 2
New grid distribution [3]: sub = 2
Setting up quadratic distribution...

        iscf     Eharris(eV)        E_KS(eV)     FreeEng(eV)     dDmax    Ef(eV) dHmax(eV)
   scf:    1   -17749.015868   -17753.681024   -17753.698628  0.107348 -7.614223  0.273324
     spin moment: {S} , |S| = {        0.0        0.0   -0.00569 }    -0.00569
   scf:    2   -17753.440046   -17753.610737   -17753.628215  0.073634 -7.777285  0.973414
     spin moment: {S} , |S| = {        0.0        0.0   -0.00548 }    -0.00548
   scf:    3   -17753.682714   -17753.689516   -17753.707019  0.061336 -7.652148  0.172955
     spin moment: {S} , |S| = {        0.0        0.0   -0.00560 }    -0.00560
   scf:    4   -17753.691232   -17753.691184   -17753.708641  0.010315 -7.672903  0.077663
     spin moment: {S} , |S| = {        0.0        0.0   -0.00553 }    -0.00553
   scf:    5   -17753.691451   -17753.691437   -17753.708889  0.001382 -7.674867  0.004715
     spin moment: {S} , |S| = {        0.0        0.0   -0.00553 }    -0.00553
   scf:    6   -17753.691462   -17753.691449   -17753.708896  0.000433 -7.675046  0.004821
     spin moment: {S} , |S| = {        0.0        0.0   -0.00549 }    -0.00549

SCF Convergence by DM criterion
max |DM_out - DM_in|         :     0.0004325462
max |H_out - H_in|      (eV) :     0.0048210494
SCF cycle converged after 6 iterations

Using DM_out to compute the final energy and forces
No. of atoms with KB's overlaping orbs in proc 0. Max # of overlaps:      96     783

siesta: E_KS(eV) =           -17753.6914

siesta: Atomic forces (eV/Ang):
     1   -0.000000    0.000088    0.000000
     2    0.000000   -0.016622    0.000000
     3   -0.000000    0.016610    0.000000
     4   -0.000000    0.016647   -0.000000
     5    0.000000    0.000028    0.000000
     6   -0.000000   -0.016721   -0.000000
----------------------------------------
   Tot   -0.000000    0.000030    0.000000
----------------------------------------
   Max    0.016721
   Res    0.007849    sqrt( Sum f_i^2 / 3N )
----------------------------------------
   Max    0.016721    constrained

Stress tensor Voigt[x,y,z,yz,xz,xy] (kbar):       44.62       47.49       35.93       -0.00       -0.00        0.00
(Free)E + p*V (eV/cell)   -17755.3887
Target enthalpy (eV/cell)   -17753.7089

siesta: Stress tensor (static) (eV/Ang**3):
         0.027848   -0.000000   -0.000000
         0.000000    0.029644    0.000000
        -0.000000   -0.000000    0.022429

siesta: Pressure (static):        -42.68234301  kBar

siesta: Stress tensor (total) (eV/Ang**3):
         0.027848   -0.000000   -0.000000
         0.000000    0.029644    0.000000
        -0.000000   -0.000000    0.022429

siesta: Pressure (total):        -42.68234301  kBar

                     ====================================
                        Begin CG opt. move =      2
                     ====================================
k-point displ. along   1 input, could be:     0.00    0.50
k-point displ. along   2 input, could be:     0.00    0.50
k-point displ. along   3 input, could be:     0.00    0.50
 Kpoints in:           32 . Kpoints trimmed:           31

siesta: k-grid: Number of k-points = 31
siesta: k-points from Monkhorst-Pack grid
siesta: k-cutoff (effective) =     6.830 Ang
siesta: k-point supercell and displacements
siesta: k-grid:     6     0     0      0.000
siesta: k-grid:     0     2     0      0.000
siesta: k-grid:     0     0     4      0.000

superc: Internal auxiliary supercell:     9 x     5 x     7  =     315
superc: Number of atoms, orbitals, and projectors:   1890  47250  34020

outcell: Unit cell vectors (Ang):
        2.407354    0.000000   -0.000000
        0.000000    7.223614    0.000000
       -0.000000    0.000000    3.415025

outcell: Cell vector modules (Ang)   :    2.407354    7.223614    3.415025
outcell: Cell angles (23,13,12) (deg):     90.0000     90.0000     90.0000
outcell: Cell volume (Ang**3)        :     59.3866
<dSpData1D:S at geom step 2
  <sparsity:sparsity for geom step 2
    nrows_g=150 nrows=8 sparsity=1.2988 nnzs=29222, refcount: 7>
  <dData1D:(new from dSpData1D) n=29222, refcount: 1>
refcount: 1>
new_DM -- step:     3
Re-using DM from previous geometries...
Number of DMs in history: 1
 DM extrapolation coefficients: 
1   1.00000
New DM after history re-use:
<dSpData2D:SpM extrapolated using coords
  <sparsity:sparsity for geom step 2
    nrows_g=150 nrows=8 sparsity=1.2988 nnzs=29222, refcount: 9>
  <dData2D:(temp array for extrapolation) n=29222 m=2, refcount: 1>
refcount: 1>
Note: For starting DM, Qtot, Tr[D*S] =         90.00000000         89.80387840
No. of atoms with KB's overlaping orbs in proc 0. Max # of overlaps:      96     807

InitMesh: MESH = 30 x 80 x 36 = 86400
InitMesh: Mesh cutoff (required, used) =   300.000   307.128 Ry
New grid distribution [1]: sub = 2
New grid distribution [2]: sub = 2
New grid distribution [3]: sub = 2
Setting up quadratic distribution...

        iscf     Eharris(eV)        E_KS(eV)     FreeEng(eV)     dDmax    Ef(eV) dHmax(eV)
   scf:    1   -17744.151851   -17753.517770   -17753.533665  0.248741 -7.798670  0.537478
     spin moment: {S} , |S| = {        0.0        0.0   -0.00465 }    -0.00465
   scf:    2   -17753.095793   -17753.414294   -17753.430337  0.210427 -8.125631  1.539630
     spin moment: {S} , |S| = {        0.0        0.0   -0.00508 }    -0.00508
   scf:    3   -17753.576694   -17753.557949   -17753.573745  0.122019 -7.908115  0.263868
     spin moment: {S} , |S| = {        0.0        0.0   -0.00418 }    -0.00418
   scf:    4   -17753.559319   -17753.559757   -17753.575548  0.010624 -7.922632  0.076459
     spin moment: {S} , |S| = {        0.0        0.0   -0.00429 }    -0.00429
   scf:    5   -17753.559972   -17753.559976   -17753.575763  0.001932 -7.924496  0.011850
     spin moment: {S} , |S| = {        0.0        0.0   -0.00429 }    -0.00429
   scf:    6   -17753.559986   -17753.559982   -17753.575768  0.000367 -7.924616  0.005124
     spin moment: {S} , |S| = {        0.0        0.0   -0.00424 }    -0.00424

SCF Convergence by DM criterion
max |DM_out - DM_in|         :     0.0003669689
max |H_out - H_in|      (eV) :     0.0051235071
SCF cycle converged after 6 iterations

Using DM_out to compute the final energy and forces
No. of atoms with KB's overlaping orbs in proc 0. Max # of overlaps:      96     807

siesta: E_KS(eV) =           -17753.5600

siesta: Atomic forces (eV/Ang):
     1    0.000000    0.000370    0.000000
     2    0.000000   -0.007394   -0.000000
     3   -0.000000    0.007278   -0.000000
     4   -0.000000    0.007182    0.000000
     5   -0.000000    0.000123   -0.000000
     6    0.000000   -0.007432    0.000000
----------------------------------------
   Tot    0.000000    0.000127   -0.000000
----------------------------------------
   Max    0.007432
   Res    0.003453    sqrt( Sum f_i^2 / 3N )
----------------------------------------
   Max    0.007432    constrained

Stress tensor Voigt[x,y,z,yz,xz,xy] (kbar):     -161.31     -162.83     -173.73        0.00        0.00       -0.00
(Free)E + p*V (eV/cell)   -17747.4244
Target enthalpy (eV/cell)   -17753.5758

siesta: Stress tensor (static) (eV/Ang**3):
        -0.100682   -0.000000    0.000000
        -0.000000   -0.101632    0.000000
         0.000000    0.000000   -0.108433

siesta: Pressure (static):        165.95767412  kBar

siesta: Stress tensor (total) (eV/Ang**3):
        -0.100682   -0.000000    0.000000
        -0.000000   -0.101632    0.000000
         0.000000    0.000000   -0.108433

siesta: Pressure (total):        165.95767412  kBar

                     ====================================
                        Begin CG opt. move =      3
                     ====================================
k-point displ. along   1 input, could be:     0.00    0.50
k-point displ. along   2 input, could be:     0.00    0.50
k-point displ. along   3 input, could be:     0.00    0.50
 Kpoints in:           32 . Kpoints trimmed:           31

siesta: k-grid: Number of k-points = 31
siesta: k-points from Monkhorst-Pack grid
siesta: k-cutoff (effective) =     6.931 Ang
siesta: k-point supercell and displacements
siesta: k-grid:     6     0     0      0.000
siesta: k-grid:     0     2     0      0.000
siesta: k-grid:     0     0     4      0.000

superc: Internal auxiliary supercell:     9 x     5 x     7  =     315
superc: Number of atoms, orbitals, and projectors:   1890  47250  34020

outcell: Unit cell vectors (Ang):
        2.446780    0.000000   -0.000000
        0.000000    7.341142    0.000000
       -0.000000    0.000000    3.465706

outcell: Cell vector modules (Ang)   :    2.446780    7.341142    3.465706
outcell: Cell angles (23,13,12) (deg):     90.0000     90.0000     90.0000
outcell: Cell volume (Ang**3)        :     62.2516
<dSpData1D:S at geom step 3
  <sparsity:sparsity for geom step 3
    nrows_g=150 nrows=8 sparsity=1.1949 nnzs=26886, refcount: 7>
  <dData1D:(new from dSpData1D) n=26886, refcount: 1>
refcount: 1>
new_DM -- step:     4
Re-using DM from previous geometries...
Number of DMs in history: 1
 DM extrapolation coefficients: 
1   1.00000
New DM after history re-use:
<dSpData2D:SpM extrapolated using coords
  <sparsity:sparsity for geom step 3
    nrows_g=150 nrows=8 sparsity=1.1949 nnzs=26886, refcount: 9>
  <dData2D:(temp array for extrapolation) n=26886 m=2, refcount: 1>
refcount: 1>
Note: For starting DM, Qtot, Tr[D*S] =         90.00000000         90.20600925
No. of atoms with KB's overlaping orbs in proc 0. Max # of overlaps:      96     783

InitMesh: MESH = 30 x 80 x 40 = 96000
InitMesh: Mesh cutoff (required, used) =   300.000   328.212 Ry
New grid distribution [1]: sub = 2
New grid distribution [2]: sub = 2
New grid distribution [3]: sub = 2
Setting up quadratic distribution...

        iscf     Eharris(eV)        E_KS(eV)     FreeEng(eV)     dDmax    Ef(eV) dHmax(eV)
   scf:    1   -17761.685585   -17753.647068   -17753.663981  0.184554 -7.870381  0.618938
     spin moment: {S} , |S| = {        0.0        0.0   -0.00393 }    -0.00393
   scf:    2   -17753.095111   -17753.513760   -17753.531769  0.232859 -7.491016  1.743609
     spin moment: {S} , |S| = {        0.0        0.0   -0.00351 }    -0.00351
   scf:    3   -17753.730096   -17753.700118   -17753.717069  0.178791 -7.742731  0.344519
     spin moment: {S} , |S| = {        0.0        0.0   -0.00394 }    -0.00394
   scf:    4   -17753.702685   -17753.703332   -17753.720292  0.007628 -7.730072  0.069732
     spin moment: {S} , |S| = {        0.0        0.0   -0.00383 }    -0.00383
   scf:    5   -17753.703517   -17753.703519   -17753.720481  0.002418 -7.728488  0.008558
     spin moment: {S} , |S| = {        0.0        0.0   -0.00377 }    -0.00377
   scf:    6   -17753.703529   -17753.703525   -17753.720487  0.000299 -7.728461  0.005360
     spin moment: {S} , |S| = {        0.0        0.0   -0.00377 }    -0.00377

SCF Convergence by DM criterion
max |DM_out - DM_in|         :     0.0002989607
max |H_out - H_in|      (eV) :     0.0053596725
SCF cycle converged after 6 iterations

Using DM_out to compute the final energy and forces
No. of atoms with KB's overlaping orbs in proc 0. Max # of overlaps:      96     783

siesta: E_KS(eV) =           -17753.7035

siesta: Atomic forces (eV/Ang):
     1   -0.000000    0.000227   -0.000000
     2    0.000000   -0.020163   -0.000000
     3   -0.000000    0.020083   -0.000000
     4   -0.000000    0.020102    0.000000
     5   -0.000000    0.000035   -0.000000
     6    0.000000   -0.020246    0.000000
----------------------------------------
   Tot   -0.000000    0.000038   -0.000000
----------------------------------------
   Max    0.020246
   Res    0.009498    sqrt( Sum f_i^2 / 3N )
----------------------------------------
   Max    0.020246    constrained

Stress tensor Voigt[x,y,z,yz,xz,xy] (kbar):        3.54        5.83       -4.73       -0.00        0.00        0.00
(Free)E + p*V (eV/cell)   -17753.7806
Target enthalpy (eV/cell)   -17753.7205

siesta: Stress tensor (static) (eV/Ang**3):
         0.002211    0.000000    0.000000
         0.000000    0.003639   -0.000000
         0.000000   -0.000000   -0.002952

siesta: Pressure (static):         -1.54757200  kBar

siesta: Stress tensor (total) (eV/Ang**3):
         0.002211    0.000000    0.000000
         0.000000    0.003639   -0.000000
         0.000000   -0.000000   -0.002952

siesta: Pressure (total):         -1.54757200  kBar

outcoor: Relaxed atomic coordinates (fractional):           
    0.00000000   -0.00000110    0.00000000   1       1  Mn
    0.00000000    0.33339979    0.00000000   1       2  Mn
    0.00000000    0.66659990    0.00000000   1       3  Mn
    0.50000000    0.16660242    0.50000000   1       4  Mn
    0.50000000    0.49999933    0.50000000   1       5  Mn
    0.50000000    0.83339968    0.50000000   1       6  Mn

outcell: Unit cell vectors (Ang):
        2.446780    0.000000   -0.000000
        0.000000    7.341142    0.000000
       -0.000000    0.000000    3.465706

outcell: Cell vector modules (Ang)   :    2.446780    7.341142    3.465706
outcell: Cell angles (23,13,12) (deg):     90.0000     90.0000     90.0000
outcell: Cell volume (Ang**3)        :     62.2516

coxmol: Writing XMOL coordinates into file hea.xyz                                                                                                                                                                                                                             
Writing WFSX for COOP/COHP in hea.fullBZ.WFSX

diag: Algorithm                                     = D&C
diag: Parallel over k                               =   F
diag: Use parallel 2D distribution                  =   T
diag: Parallel block-size                           = 4
diag: Parallel distribution                         =     6 x     6
diag: Used triangular part                          = Lower
diag: Absolute tolerance                            =  0.100E-15
diag: Orthogonalization factor                      =  0.100E-05
diag: Memory factor                                 =  1.0000

diag: Algorithm                                     = D&C
diag: Parallel over k                               =   F
diag: Use parallel 2D distribution                  =   T
diag: Parallel block-size                           = 4
diag: Parallel distribution                         =     6 x     6
diag: Used triangular part                          = Lower
diag: Absolute tolerance                            =  0.100E-15
diag: Orthogonalization factor                      =  0.100E-05
diag: Memory factor                                 =  1.0000

siesta: PDOS info
siesta: E1 -- E2, sigma [eV], nhist:  -20.000 --   20.000    0.100 1000

diag: Algorithm                                     = D&C
diag: Parallel over k                               =   F
diag: Use parallel 2D distribution                  =   T
diag: Parallel block-size                           = 4
diag: Parallel distribution                         =     6 x     6
diag: Used triangular part                          = Lower
diag: Absolute tolerance                            =  0.100E-15
diag: Orthogonalization factor                      =  0.100E-05
diag: Memory factor                                 =  1.0000

siesta: Program's energy decomposition (eV):
siesta: Ebs     =     -3473.283920
siesta: Eions   =     24069.991265
siesta: Ena     =      2488.631924
siesta: Ekin    =      7803.656522
siesta: Enl     =     -1128.447989
siesta: Eso     =         0.000000
siesta: Edftu   =         0.000000
siesta: DEna    =       103.747016
siesta: DUscf   =         1.676099
siesta: DUext   =         0.000000
siesta: Ex      =     -2777.559427
siesta: Ec      =      -175.416404
siesta: Exc     =     -2952.975831
siesta: EbV     =         0.000000
siesta: eta*DQ  =         0.000000
siesta: Emadel  =         0.000000
siesta: Emeta   =         0.000000
siesta: Emolmec =         0.000000
siesta: Ekinion =         0.000000
siesta: Eharris =    -17753.703529
siesta: Etot    =    -17753.703525
siesta: FreeEng =    -17753.720487

siesta: Final energy (eV):
siesta:  Band Struct. =   -3473.283920
siesta:       Kinetic =    7803.656522
siesta:       Hartree =    3676.273235
siesta:         Edftu =       0.000000
siesta:       Eso     =       0.000000
siesta:    Ext. field =       0.000000
siesta:         Exch. =   -2777.559427
siesta:         Corr. =    -175.416404
siesta:     Bulk bias =       0.000000
siesta:   Exch.-corr. =   -2952.975831
siesta:  Ion-electron =  -16008.062370
siesta:       Ion-ion =  -10272.595081
siesta:       Ekinion =       0.000000
siesta: D3 dispersion =       0.000000
siesta:         Total =  -17753.703525
siesta:         Fermi =      -7.728461

siesta: Stress tensor (static) (eV/Ang**3):
siesta:     0.002211    0.000000    0.000000
siesta:     0.000000    0.003639   -0.000000
siesta:     0.000000   -0.000000   -0.002952

siesta: Constrained stress tensor (static) (eV/Ang**3):
siesta:     0.002211    0.000000    0.000000
siesta:     0.000000    0.003639   -0.000000
siesta:     0.000000   -0.000000   -0.002952

siesta: Cell volume =         62.251566 Ang**3

siesta: Pressure (static):
siesta:                Solid            Molecule  Units
siesta:          -0.00001052         -0.00000758  Ry/Bohr**3
siesta:          -0.00096592         -0.00069636  eV/Ang**3
siesta:          -1.54757200         -1.11568668  kBar
(Free)E+ p_basis*V_orbitals  =      -17732.893614
(Free)Eharris+ p_basis*V_orbitals  =      -17732.893617

mulliken: Atomic and Orbital Populations:

mulliken: Spin UP 

Species: Mn                  
Atom  Qatom  Qorb
               3s      4s      4s      4s      3py     3pz     3px     4py     
               4pz     4px     3dxy    3dyz    3dz2    3dxz    3dx2-y2 3dxy    
               3dyz    3dz2    3dxz    3dx2-y2 3dxy    3dyz    3dz2    3dxz    
               3dx2-y2 
   1  7.515   0.984   0.016   0.074  -0.013   0.989   0.990   0.990   0.170
              0.173   0.170   0.814   1.036   0.766   1.036   1.014  -0.072

             -0.110  -0.065  -0.110  -0.107  -0.194  -0.288  -0.177  -0.289

             -0.280
   2  7.512   0.985   0.013   0.075  -0.012   0.990   0.990   0.990   0.170
              0.173   0.170   0.812   1.035   0.766   1.035   1.019  -0.071

             -0.110  -0.065  -0.110  -0.108  -0.194  -0.288  -0.178  -0.288

             -0.284
   3  7.512   0.985   0.013   0.075  -0.012   0.990   0.990   0.990   0.170
              0.173   0.170   0.812   1.035   0.766   1.035   1.019  -0.071

             -0.110  -0.065  -0.110  -0.108  -0.194  -0.288  -0.178  -0.288

             -0.284
   4  7.488   0.984   0.014   0.074  -0.012   0.990   0.989   0.990   0.169
              0.172   0.169   0.795   1.029   0.757   1.029   1.019  -0.069

             -0.109  -0.064  -0.109  -0.108  -0.188  -0.287  -0.175  -0.287

             -0.284
   5  7.487   0.984   0.017   0.073  -0.013   0.989   0.990   0.990   0.170
              0.173   0.169   0.795   1.030   0.755   1.030   1.013  -0.070

             -0.110  -0.064  -0.110  -0.107  -0.188  -0.287  -0.173  -0.287

             -0.280
   6  7.484   0.984   0.014   0.074  -0.012   0.990   0.989   0.990   0.169
              0.172   0.169   0.793   1.028   0.755   1.028   1.018  -0.069

             -0.109  -0.064  -0.109  -0.108  -0.188  -0.286  -0.174  -0.286

             -0.284

mulliken: Qtot =       44.998

mulliken: Spin DOWN 

Species: Mn                  
Atom  Qatom  Qorb
               3s      4s      4s      4s      3py     3pz     3px     4py     
               4pz     4px     3dxy    3dyz    3dz2    3dxz    3dx2-y2 3dxy    
               3dyz    3dz2    3dxz    3dx2-y2 3dxy    3dyz    3dz2    3dxz    
               3dx2-y2 
   1  7.483   0.984   0.017   0.073  -0.014   0.989   0.990   0.990   0.169
              0.172   0.169   0.794   1.029   0.754   1.028   1.012  -0.069

             -0.110  -0.064  -0.109  -0.107  -0.188  -0.286  -0.173  -0.286

             -0.280
   2  7.489   0.984   0.014   0.074  -0.012   0.990   0.989   0.990   0.169
              0.173   0.169   0.796   1.029   0.757   1.029   1.019  -0.070

             -0.109  -0.064  -0.109  -0.108  -0.189  -0.287  -0.175  -0.287

             -0.284
   3  7.489   0.984   0.014   0.074  -0.012   0.990   0.989   0.990   0.169
              0.172   0.169   0.796   1.029   0.758   1.029   1.019  -0.070

             -0.109  -0.064  -0.109  -0.108  -0.188  -0.287  -0.175  -0.287

             -0.284
   4  7.513   0.985   0.013   0.075  -0.012   0.990   0.990   0.990   0.170
              0.173   0.170   0.813   1.035   0.767   1.035   1.019  -0.071

             -0.110  -0.065  -0.110  -0.108  -0.194  -0.288  -0.178  -0.288

             -0.284
   5  7.511   0.984   0.016   0.074  -0.013   0.989   0.990   0.990   0.170
              0.173   0.169   0.812   1.035   0.765   1.035   1.013  -0.071

             -0.110  -0.065  -0.110  -0.107  -0.194  -0.288  -0.177  -0.288

             -0.280
   6  7.517   0.985   0.013   0.075  -0.012   0.990   0.990   0.990   0.170
              0.173   0.170   0.815   1.036   0.768   1.036   1.019  -0.072

             -0.110  -0.065  -0.110  -0.108  -0.194  -0.288  -0.178  -0.288

             -0.284

mulliken: Qtot =       45.002

Mulliken Atomic Populations:
Atom #   charge [q] valence [e]      Sz [e]  Species
     1     0.001896   14.998104    0.031547  Mn
     2    -0.000966   15.000966    0.023181  Mn
     3    -0.000959   15.000959    0.023655  Mn
     4    -0.000943   15.000943   -0.024896  Mn
     5     0.001890   14.998110   -0.024468  Mn
     6    -0.000917   15.000917   -0.032792  Mn
-------------------------------------------
 Total     0.000000               -0.003773

cite: Please indicate the Siesta version in published work: 5.2.2
cite: This calculation has made use of features in the following articles
cite: which we encourage you to cite in published work.
cite: (Please see "hea.bib" for a BibTeX file.)
        Primary SIESTA paper
          DOI: www.doi.org/10.1088/0953-8984/14/11/302
        PSML pseudopotential format
          DOI: www.doi.org/10.1016/j.cpc.2018.02.011


>> End of run:  30-JUL-2025  21:45:01
Job completed
