Executable      : /home/users/felipegc/woltsoft/SIESTA/siesta-5.2.2/build/bin/siesta
Version         : 5.2.2
Architecture    : x86_64
Compiler version: GNU-9.3.0
Compiler flags  : -O3 -march=native
Parallelisations: MPI
Lua support
Native ELPA support
ELSI support. Solvers:
   ELPA (internal) 
   NTPoly
   OMM
DFT-D3 support
Wannier90 wrapper support

Runtime information:
* Directory : /home/users/felipegc/MnNiGa/optimizations_afm/top/structure_calc_111
* Running on 36 nodes in parallel.
>> Start of run:  29-JUL-2025  19:26:52

                           *********************** 
                           *  WELCOME TO SIESTA  * 
                           *********************** 

 NOTE: Siesta V5 introduces some new defaults for basis-set generation
 NOTE: which might lead to slightly different numerical results.
 NOTE: Please see the manual for full details and compatibility measures.


reinit: Reading from standard input
reinit: Dumping input in INPUT_TMP.98736
************************** Dump of input data file ****************************
SystemName          hea
SystemLabel         hea
Reparametrize.Pseudos T
Restricted.Radial.Grid F
%include atoms.fdf
MaxSCFIterations     20000
SCF.Mix              Hamiltonian
SCF.Mixer.Method     Broyden
#SCF.Mixer.Variant    original #Pulay original
SCF.Mixer.History    8
SCF.Mixer.Weight     0.07
SCF.H.Converge       False
SCF.DM.Converge      True
SCF.DM.Tolerance     5.d-4
SCF.H.Tolerance      5.d-3 eV
MeshCutoff 300.0 Ry
MD.UseSaveCG         False
DM.UseSaveDM         False
NumberOfEigenStates -20
ElectronicTemperature 300 K
WriteCoorXmol        True
XC.Functional     GGA
XC.authors        PBEsol
Spin polarized
DM.InitSpin.AF true
SolutionMethod       diagon
#Diag.Algorithm        MRRR
###################################
###################################
# Full template for Basis param.
###################################
###################################
Basis.Pressure 0.3 GPa
PAO.SoftDefault T
PAO.SoftPotential 50.0 Ry
PAO.SoftInnerRadius 0.70
PAO.BasisType split
PAO.EnergyShift 0.0019 eV
PAO.BasisSize TZP
PAO.SplitTailNorm T
            %block kgrid_Monkhorst_Pack
            2  0  0  0.
            0  6  0  0.
            0  0  4  0.
            %endblock kgrid_Monkhorst_Pack
            MD.TypeOfRun CG
            MD.Steps         500
            MD.VariableCell true
            MD.MaxForceTol 0.05 eV/Ang
            WriteMDHistory true
            WriteForces true
            Write.OrbitalIndex true
            Charge.Mulliken end
            COOP.Write true
            %block ProjectedDensityOfStates
            -20.00 20.00 0.1 1000 eV
            %endblock ProjectedDensityOfStates
************************** End of input data file *****************************

reinit: -----------------------------------------------------------------------
reinit: System Name: hea
reinit: -----------------------------------------------------------------------
reinit: System Label: hea
reinit: -----------------------------------------------------------------------

NOTE on units for spin output: 
{S} is the spin magnetic moment, in units of the Bohr magneton,
assuming a g-factor for the electron spin of exactly 2.
The spin magnetic moment is then numerically equal to the charge inbalance,
in units of electrons, between the spin-up and -down channels.


initatom: Reading input for the pseudopotentials and atomic orbitals ----------
Species number:   1 Atomic number:   28 Label: Ni
Species number:   2 Atomic number:   25 Label: Mn

Ground state valence configuration (from tables):   4s02  4p00  3d08  4f00
Ground state valence configuration (from tables):   4s02  4p00  3d05  4f00

---- Processing specs for species: Ni
Reading pseudopotential information in PSML from:
  Ni.psml
PSML file version: 1.1
Using libxc ids:  101 130
GGA--PBE XC_GGA_X_PBE--XC_GGA_C_PBE pb
PSML uuid: 020bdba0-be42-11e7-6ded-a592ddfb3399
Semicore shell(s) with  8 electrons included in the valence for Ni

---- Processing specs for species: Mn
Reading pseudopotential information in PSML from:
  Mn.psml
PSML file version: 1.1
Using libxc ids:  101 130
GGA--PBE XC_GGA_X_PBE--XC_GGA_C_PBE pb
PSML uuid: e5ebd880-be41-11e7-659b-074ddfc7bd15
Semicore shell(s) with  8 electrons included in the valence for Mn

---- Pseudopotential check for Ni

Pseudized shells:
3s( 2.00) rc: 1.26
3p( 6.00) rc: 1.35
3d( 8.00) rc: 1.66
Valence configuration for ps generation: 3s:3p:3d:4s: Total charge:  18.000000
Semicore shell(s): 3s 3p
Fallback to non-perturbative polarization scheme for Ni
Please see the manual if this is not desired in principle

---- Pseudopotential check for Mn

Pseudized shells:
3s( 2.00) rc: 1.41
3p( 6.00) rc: 1.21
3d( 5.00) rc: 1.61
Valence configuration for ps generation: 3s:3p:3d:4s: Total charge:  15.000000
Semicore shell(s): 3s 3p
Fallback to non-perturbative polarization scheme for Mn
Please see the manual if this is not desired in principle
For Ni, standard SIESTA heuristics set lmxkb to 3
 (one more than the basis l, including polarization orbitals).
Use PS.lmax or PS.KBprojectors blocks to override.
For Mn, standard SIESTA heuristics set lmxkb to 3
 (one more than the basis l, including polarization orbitals).
Use PS.lmax or PS.KBprojectors blocks to override.
Ni pseudopotential only contains V_ls up to l=2 -- lmxkb reset.
Mn pseudopotential only contains V_ls up to l=2 -- lmxkb reset.

<basis_specs>
===============================================================================
Ni                   Z=  28    Mass=  58.693        Charge= 0.17977+309
Lmxo=2 Lmxkb= 2    BasisType=split      Semic=T
L=0  Nsemic=1  Cnfigmx=4
          i=1  nzeta=1  polorb=0  (3s)  (semicore shell)
            splnorm:   0.15000    
               vcte:    50.000    
               rinn:  -0.70000    
               qcoe:    0.0000    
               qyuk:    0.0000    
               qwid:   0.10000E-01
                rcs:    0.0000    
            lambdas:    1.0000    
          i=2  nzeta=3  polorb=0  (4s)  (to be polarized non-perturbatively)
            splnorm:   0.15000    
               vcte:    50.000    
               rinn:  -0.70000    
               qcoe:    0.0000    
               qyuk:    0.0000    
               qwid:   0.10000E-01
                rcs:    0.0000      0.0000      0.0000    
            lambdas:    1.0000      1.0000      1.0000    
L=1  Nsemic=1  Cnfigmx=4
          i=1  nzeta=1  polorb=0  (3p)  (semicore shell)
            splnorm:   0.15000    
               vcte:    50.000    
               rinn:  -0.70000    
               qcoe:    0.0000    
               qyuk:    0.0000    
               qwid:   0.10000E-01
                rcs:    0.0000    
            lambdas:    1.0000    
          i=2  nzeta=1  polorb=0  (4p)  (non-perturbative polarization shell)
            splnorm:   0.15000    
               vcte:    50.000    
               rinn:  -0.70000    
               qcoe:   0.38819-315
               qyuk:    0.0000    
               qwid:   0.69529-309
                rcs:    0.0000    
            lambdas:    1.0000    
L=2  Nsemic=0  Cnfigmx=3
          i=1  nzeta=3  polorb=0  (3d)
            splnorm:   0.15000    
               vcte:    50.000    
               rinn:  -0.70000    
               qcoe:    0.0000    
               qyuk:    0.0000    
               qwid:   0.10000E-01
                rcs:    0.0000      0.0000      0.0000    
            lambdas:    1.0000      1.0000      1.0000    
-------------------------------------------------------------------------------
L=0  Nkbl=2  erefs: 0.17977+309 0.17977+309
L=1  Nkbl=2  erefs: 0.17977+309 0.17977+309
L=2  Nkbl=1  erefs: 0.17977+309
===============================================================================
</basis_specs>

Using PAO.SplitTailNorm
atom: Called for Ni                    (Z =  28)
Maximum radius (at nrval) set to   50.00000 8518

read_vps: Pseudopotential generation method:
read_vps: ONCVPSP-3.Hamann's oncvpsp                        
Valence charge in pseudo generation:   18.00000

read_vps: Pseudopotential includes a core correction:
read_vps: Pseudo-core for xc-correction

xc_check: Exchange-correlation functional:
xc_check: GGA PBEsol
xc_check: WARNING: Pseudopotential generated with GGA PBE functional
Got Vlocal (oncv-fit) from psml data
Choosing vlocal chloc cutoff:  3.188973
qtot up to nchloc:   17.99992641
atom: Maximum radius for chlocal:    3.18897
atom: Maximum radius for r*vlocal+2*Zval:    3.18897
Reading KB projs from Ni psml data
Using scalar-relativistic projectors in PSML file

PSML: Kleinman-Bylander projectors: 
   l= 0   rc=  1.276377   Ekb= 12.509070
   l= 0   rc=  1.276377   Ekb= -0.503495
   l= 1   rc=  1.371030   Ekb= -5.680418
   l= 1   rc=  1.371030   Ekb= -0.775211
   l= 2   rc=  1.680171   Ekb=-14.446879
   l= 2   rc=  1.680171   Ekb= -5.088878

PSML: Total number of  Kleinman-Bylander projectors:  18
atom: -------------------------------------------------------------------------

atom: SANKEY-TYPE ORBITALS:
atom: Selected multiple-zeta basis: split     

SPLIT: Orbitals with angular momentum L= 0

SPLIT: Basis orbitals for state 3s

SPLIT: PAO cut-off radius determined from an
SPLIT: energy shift=  0.000140 Ry
Split based on tail norm

   izeta = 1
                 lambda =    1.000000
                     rc =    2.999668
                 energy =   -8.139209
                kinetic =    3.776111
    potential(screened) =  -11.915319
       potential(ionic) =  -45.801861

SPLIT: Basis orbitals for state 4s

SPLIT: PAO cut-off radius determined from an
SPLIT: energy shift=  0.000140 Ry
Split based on tail norm

   izeta = 1
                 lambda =    1.000000
                     rc =    9.316220
                 energy =   -0.512978
                kinetic =    1.389681
    potential(screened) =   -1.902658
       potential(ionic) =  -17.770111

   izeta = 2
                 rmatch =    4.957068
              splitnorm =    0.150000
                 energy =   -0.410487
                kinetic =    2.329090
    potential(screened) =   -2.739576
       potential(ionic) =  -21.501560

   izeta = 3
                 rmatch =    5.824741
              splitnorm =    0.075000
                 energy =   -0.473172
                kinetic =    1.899833
    potential(screened) =   -2.373005
       potential(ionic) =  -19.995099

SPLIT: Orbitals with angular momentum L= 1

SPLIT: Basis orbitals for state 3p

SPLIT: PAO cut-off radius determined from an
SPLIT: energy shift=  0.000140 Ry
Split based on tail norm

   izeta = 1
                 lambda =    1.000000
                     rc =    3.414070
                 energy =   -5.225411
                kinetic =    9.244220
    potential(screened) =  -14.469631
       potential(ionic) =  -47.296381

SPLIT: Basis orbitals for state 4p
SPLIT: Non-perturbative polarization orbs for state 4s
SPLIT: rc(1st zeta) (re)set to: 9.3162 (expansion factor: 1.0000)
Split based on tail norm

   izeta = 1
                 lambda =    1.000000
                     rc =    9.316220
                 energy =   -0.065208
                kinetic =    0.825147
    potential(screened) =   -0.890355
       potential(ionic) =  -12.014212

SPLIT: Orbitals with angular momentum L= 2

SPLIT: Basis orbitals for state 3d

SPLIT: PAO cut-off radius determined from an
SPLIT: energy shift=  0.000140 Ry
Split based on tail norm

   izeta = 1
                 lambda =    1.000000
                     rc =    6.323353
                 energy =   -0.639566
                kinetic =   11.441999
    potential(screened) =  -12.081565
       potential(ionic) =  -40.678115

   izeta = 2
                 rmatch =    2.624859
              splitnorm =    0.150000
                 energy =   -0.513226
                kinetic =   13.528651
    potential(screened) =  -14.041878
       potential(ionic) =  -44.582092

   izeta = 3
                 rmatch =    3.356353
              splitnorm =    0.075000
                 energy =   -0.605538
                kinetic =   12.372939
    potential(screened) =  -12.978477
       potential(ionic) =  -42.595740
atom: Total number of Sankey-type orbitals: 25

atm_pop: Valence configuration (for local Pseudopot. screening):
 3s( 2.00) 4s( 2.00)                                                  
 3p( 6.00) 4p( 0.00)                                                  
 3d( 8.00)                                                            
Vna: chval, zval:   18.00000  18.00000

Vna:  Cut-off radius for the neutral-atom potential:   9.316220
comcore: Pseudo-core radius Rcore=  1.817282

atom: _________________________________________________________________________

<basis_specs>
===============================================================================
Mn                   Z=  25    Mass=  54.938        Charge= 0.17977+309
Lmxo=2 Lmxkb= 2    BasisType=split      Semic=T
L=0  Nsemic=1  Cnfigmx=4
          i=1  nzeta=1  polorb=0  (3s)  (semicore shell)
            splnorm:   0.15000    
               vcte:    50.000    
               rinn:  -0.70000    
               qcoe:    0.0000    
               qyuk:    0.0000    
               qwid:   0.10000E-01
                rcs:    0.0000    
            lambdas:    1.0000    
          i=2  nzeta=3  polorb=0  (4s)  (to be polarized non-perturbatively)
            splnorm:   0.15000    
               vcte:    50.000    
               rinn:  -0.70000    
               qcoe:    0.0000    
               qyuk:    0.0000    
               qwid:   0.10000E-01
                rcs:    0.0000      0.0000      0.0000    
            lambdas:    1.0000      1.0000      1.0000    
L=1  Nsemic=1  Cnfigmx=4
          i=1  nzeta=1  polorb=0  (3p)  (semicore shell)
            splnorm:   0.15000    
               vcte:    50.000    
               rinn:  -0.70000    
               qcoe:    0.0000    
               qyuk:    0.0000    
               qwid:   0.10000E-01
                rcs:    0.0000    
            lambdas:    1.0000    
          i=2  nzeta=1  polorb=0  (4p)  (non-perturbative polarization shell)
            splnorm:   0.15000    
               vcte:    50.000    
               rinn:  -0.70000    
               qcoe:   0.38819-315
               qyuk:    0.0000    
               qwid:   0.69529-309
                rcs:    0.0000    
            lambdas:    1.0000    
L=2  Nsemic=0  Cnfigmx=3
          i=1  nzeta=3  polorb=0  (3d)
            splnorm:   0.15000    
               vcte:    50.000    
               rinn:  -0.70000    
               qcoe:    0.0000    
               qyuk:    0.0000    
               qwid:   0.10000E-01
                rcs:    0.0000      0.0000      0.0000    
            lambdas:    1.0000      1.0000      1.0000    
-------------------------------------------------------------------------------
L=0  Nkbl=2  erefs: 0.17977+309 0.17977+309
L=1  Nkbl=2  erefs: 0.17977+309 0.17977+309
L=2  Nkbl=1  erefs: 0.17977+309
===============================================================================
</basis_specs>

Using PAO.SplitTailNorm
atom: Called for Mn                    (Z =  25)
Maximum radius (at nrval) set to   50.00000 8518

read_vps: Pseudopotential generation method:
read_vps: ONCVPSP-3.Hamann's oncvpsp                        
Valence charge in pseudo generation:   15.00000

read_vps: Pseudopotential includes a core correction:
read_vps: Pseudo-core for xc-correction

xc_check: Exchange-correlation functional:
xc_check: GGA PBEsol
xc_check: WARNING: Pseudopotential generated with GGA PBE functional
Got Vlocal (oncv-fit) from psml data
Choosing vlocal chloc cutoff:  3.504263
qtot up to nchloc:   15.00032895
atom: Maximum radius for chlocal:    3.50426
atom: Maximum radius for r*vlocal+2*Zval:    3.50426
Reading KB projs from Mn psml data
Using scalar-relativistic projectors in PSML file

PSML: Kleinman-Bylander projectors: 
   l= 0   rc=  1.427391   Ekb= 18.471374
   l= 0   rc=  1.430269   Ekb=  3.121111
   l= 1   rc=  1.224702   Ekb=  3.156115
   l= 1   rc=  1.224702   Ekb= -1.424352
   l= 2   rc=  1.630219   Ekb=-13.224142
   l= 2   rc=  1.630219   Ekb= -4.330632

PSML: Total number of  Kleinman-Bylander projectors:  18
atom: -------------------------------------------------------------------------

atom: SANKEY-TYPE ORBITALS:
atom: Selected multiple-zeta basis: split     

SPLIT: Orbitals with angular momentum L= 0

SPLIT: Basis orbitals for state 3s

SPLIT: PAO cut-off radius determined from an
SPLIT: energy shift=  0.000140 Ry
Split based on tail norm

   izeta = 1
                 lambda =    1.000000
                     rc =    3.380000
                 energy =   -6.293298
                kinetic =    2.848567
    potential(screened) =   -9.141865
       potential(ionic) =  -33.519753

SPLIT: Basis orbitals for state 4s

SPLIT: PAO cut-off radius determined from an
SPLIT: energy shift=  0.000140 Ry
Split based on tail norm

   izeta = 1
                 lambda =    1.000000
                     rc =   10.002455
                 energy =   -0.450676
                kinetic =    1.112603
    potential(screened) =   -1.563278
       potential(ionic) =  -13.199632

   izeta = 2
                 rmatch =    5.430276
              splitnorm =    0.150000
                 energy =   -0.360834
                kinetic =    1.875764
    potential(screened) =   -2.236598
       potential(ionic) =  -15.982656

   izeta = 3
                 rmatch =    6.342382
              splitnorm =    0.075000
                 energy =   -0.415048
                kinetic =    1.529261
    potential(screened) =   -1.944310
       potential(ionic) =  -14.865309

SPLIT: Orbitals with angular momentum L= 1

SPLIT: Basis orbitals for state 3p

SPLIT: PAO cut-off radius determined from an
SPLIT: energy shift=  0.000140 Ry
Split based on tail norm

   izeta = 1
                 lambda =    1.000000
                     rc =    3.873861
                 energy =   -3.996757
                kinetic =    6.976018
    potential(screened) =  -10.972775
       potential(ionic) =  -34.563053

SPLIT: Basis orbitals for state 4p
SPLIT: Non-perturbative polarization orbs for state 4s
SPLIT: rc(1st zeta) (re)set to: 10.0025 (expansion factor: 1.0000)
Split based on tail norm

   izeta = 1
                 lambda =    1.000000
                     rc =   10.002455
                 energy =   -0.085879
                kinetic =    0.770317
    potential(screened) =   -0.856196
       potential(ionic) =   -9.409918

SPLIT: Orbitals with angular momentum L= 2

SPLIT: Basis orbitals for state 3d

SPLIT: PAO cut-off radius determined from an
SPLIT: energy shift=  0.000140 Ry
Split based on tail norm

   izeta = 1
                 lambda =    1.000000
                     rc =    7.238756
                 energy =   -0.490123
                kinetic =    9.261574
    potential(screened) =   -9.751697
       potential(ionic) =  -30.334327

   izeta = 2
                 rmatch =    3.144499
              splitnorm =    0.150000
                 energy =   -0.401801
                kinetic =   11.021778
    potential(screened) =  -11.423579
       potential(ionic) =  -33.555539

   izeta = 3
                 rmatch =    3.972182
              splitnorm =    0.075000
                 energy =   -0.464167
                kinetic =   10.072383
    potential(screened) =  -10.536551
       potential(ionic) =  -31.940836
atom: Total number of Sankey-type orbitals: 25

atm_pop: Valence configuration (for local Pseudopot. screening):
 3s( 2.00) 4s( 2.00)                                                  
 3p( 6.00) 4p( 0.00)                                                  
 3d( 5.00)                                                            
Vna: chval, zval:   15.00000  15.00000

Vna:  Cut-off radius for the neutral-atom potential:  10.002455
comcore: Pseudo-core radius Rcore=  2.115123

atom: _________________________________________________________________________

prinput: Basis input 

PAO.BasisType split     

%block ChemicalSpeciesLabel
    1   28 Ni                      # Species index, atomic number, species label
    2   25 Mn                      # Species index, atomic number, species label
%endblock ChemicalSpeciesLabel

%block PAO.Basis                 # Define Basis set
# WARNING: This information might be incomplete!
Ni                    5                    # Species label, number of l-shells
 n=3   0   1                         # n, l, Nzeta 
   3.000   
   1.000   
 n=4   0   3                         # n, l, Nzeta 
   9.316      4.957      5.825   
   1.000      1.000      1.000   
 n=3   1   1                         # n, l, Nzeta 
   3.414   
   1.000   
 n=4   1   1                         # n, l, Nzeta 
   9.316   
   1.000   
 n=3   2   3                         # n, l, Nzeta 
   6.323      2.625      3.356   
   1.000      1.000      1.000   
Mn                    5                    # Species label, number of l-shells
 n=3   0   1                         # n, l, Nzeta 
   3.380   
   1.000   
 n=4   0   3                         # n, l, Nzeta 
  10.002      5.430      6.342   
   1.000      1.000      1.000   
 n=3   1   1                         # n, l, Nzeta 
   3.874   
   1.000   
 n=4   1   1                         # n, l, Nzeta 
  10.002   
   1.000   
 n=3   2   3                         # n, l, Nzeta 
   7.239      3.144      3.972   
   1.000      1.000      1.000   
%endblock PAO.Basis

prinput: ----------------------------------------------------------------------

coor:   Atomic-coordinates input format  =     Fractional

siesta: Atomic coordinates (Bohr) and species
siesta:      4.70356   0.00000   0.00000  1        1
siesta:      2.35178   2.35178   3.32592  1        2
siesta:      7.05534   2.35178   3.32592  1        3
siesta:     11.75890   2.35178   3.32592  1        4
siesta:      0.00000   0.00000   0.00000  2        5
siesta:      9.40712   0.00000   0.00000  2        6

siesta: System type = bulk      

initatomlists: Number of atoms, orbitals, and projectors:      6   150   108

coxmol: Writing XMOL coordinates into file hea.xyz                                                                                                                                                                                                                             

siesta: ******************** Simulation parameters ****************************
siesta:
siesta: The following are some of the parameters of the simulation.
siesta: A complete list of the parameters used, including default values,
siesta: can be found in file out.fdf
siesta:
redata: Spin configuration                          = collinear
redata: Number of spin components                   = 2
redata: Time-Reversal Symmetry                      = T
redata: Spin spiral                                 = F
redata: Long output                                 =   F
redata: Number of Atomic Species                    =        2
redata: Charge density info will appear in .RHO file
redata: Write Mulliken charges (when)               = end
redata: Write Mulliken Pop.                         = Atomic and Orbital charges
redata: Write Hirshfeld charges (when)              = none
redata: Write Voronoi charges (when)                = none
redata: Write spin charge (when)                    = scf
redata: Matel table size (NRTAB)                    =     1024
redata: Mesh Cutoff                                 =   300.0000 Ry
redata: Net charge of the system                    =     0.0000 |e|
redata: Min. number of SCF Iter                     =        0
redata: Max. number of SCF Iter                     =    20000
redata: SCF convergence failure will abort job
redata: SCF mix quantity                            = Hamiltonian
redata: Mix DM or H after convergence               =   F
redata: Recompute H after scf cycle                 =   F
redata: Mix DM in first SCF step                    =   T
redata: Write Pulay info on disk                    =   F
redata: New DM Occupancy tolerance                  = 0.000000000001
redata: No kicks to SCF
redata: DM Mixing Weight for Kicks                  =     0.5000
redata: Require Harris convergence for SCF          =   F
redata: Harris energy tolerance for SCF             =     0.000100 eV
redata: Require DM convergence for SCF              =   T
redata: DM tolerance for SCF                        =     0.000500
redata: Require EDM convergence for SCF             =   F
redata: EDM tolerance for SCF                       =     0.001000 eV
redata: Require H convergence for SCF               =   F
redata: Hamiltonian tolerance for SCF               =     0.005000 eV
redata: Require (free) Energy convergence for SCF   =   F
redata: (free) Energy tolerance for SCF             =     0.000100 eV
redata: Antiferro initial spin density              =   T
redata: Using DFT-D3 dispersion                     =   F
redata: Using Saved Data (generic)                  =   F
redata: Use continuation files for DM               =   F
redata: Neglect nonoverlap interactions             =   F
redata: Method of Calculation                       = Diagonalization
redata: Electronic Temperature                      =   300.0000 K
redata: Fix the spin of the system                  =   F
redata: Max. number of TDED Iter                    =        1
redata: Number of TDED substeps                     =        3
redata: Dynamics option                             = CG coord. optimization
redata: Variable cell                               =   T
redata: Use continuation files for CG               =   F
redata: Max atomic displ per move                   =     0.1058 Ang
redata: Maximum number of optimization moves        =      500
redata: Force tolerance                             =     0.0500 eV/Ang
redata: Stress tolerance                            =     1.0000 GPa
mix.SCF: Broyden mixing                          = Broyden
mix.SCF:    History steps                        = 8
mix.SCF:    Linear mixing weight                 =     0.070000
mix.SCF:    Inverse Jacobian weight              =     0.070000
mix.SCF:    Weight prime                         =     0.070000
mix.SCF:    SVD condition                        = 0.1000E-07
mix.SCF: Spin-component mixing                   all
redata: ***********************************************************************

%block SCF.Mixers
  Broyden
%endblock SCF.Mixers

%block SCF.Mixer.Broyden
  # Mixing method
  method broyden

  # Mixing options
  weight 0.0700
  weight.linear 0.0700
  weight.prime 0.0700
  history 8
%endblock SCF.Mixer.Broyden

DM_history_depth set to one: no extrapolation allowed by default for geometry relaxation
Size of DM history Fstack: 1
Total number of electrons:   102.000000
Total ionic charge:   102.000000

* ProcessorY, Blocksize:    4   4


* Orbital distribution balance (max,min):     8     4

k-point displ. along   1 input, could be:     0.00    0.50
k-point displ. along   2 input, could be:     0.00    0.50
k-point displ. along   3 input, could be:     0.00    0.50
 Kpoints in:           32 . Kpoints trimmed:           31

siesta: k-grid: Number of k-points = 31
siesta: k-points from Monkhorst-Pack grid
siesta: k-cutoff (effective) =     7.040 Ang
siesta: k-point supercell and displacements
siesta: k-grid:     2     0     0      0.000
siesta: k-grid:     0     6     0      0.000
siesta: k-grid:     0     0     4      0.000
k-point displ. along   1 input, could be:     0.00    0.50
k-point displ. along   2 input, could be:     0.00    0.50
k-point displ. along   3 input, could be:     0.00    0.50
 Kpoints in:           32 . Kpoints trimmed:           31

siesta: PDOS k-grid: Number of k-points = 31
siesta: PDOS k-points from Monkhorst-Pack grid
siesta: PDOS k-cutoff (effective) =     0.000 Ang
siesta: PDOS k-point supercell and displacements
siesta: k-grid:     2     0     0      0.000
siesta: k-grid:     0     6     0      0.000
siesta: k-grid:     0     0     4      0.000

diag: Algorithm                                     = D&C
diag: Parallel over k                               =   F
diag: Use parallel 2D distribution                  =   T
diag: Parallel block-size                           = 4
diag: Parallel distribution                         =     6 x     6
diag: Used triangular part                          = Lower
diag: Absolute tolerance                            =  0.100E-15
diag: Orthogonalization factor                      =  0.100E-05
diag: Memory factor                                 =  1.0000
diag: The diagonalization method chosen cannot compute a reduced number of eigenvectors.
diag: Resetting neigwanted 73 to 150

superc: Internal auxiliary supercell:     5 x     9 x     7  =     315
superc: Number of atoms, orbitals, and projectors:   1890  47250  34020


ts: **************************************************************
ts: Save H and S matrices                           =    F
ts: Save DM and EDM matrices                        =    F
ts: Only save the overlap matrix S                  =    F
ts: **************************************************************

************************ Begin: TS CHECKS AND WARNINGS ************************
************************ End: TS CHECKS AND WARNINGS **************************


                     ====================================
                        Begin CG opt. move =      0
                     ====================================

superc: Internal auxiliary supercell:     5 x     9 x     7  =     315
superc: Number of atoms, orbitals, and projectors:   1890  47250  34020

outcell: Unit cell vectors (Ang):
        7.467048    0.000000    0.000000
        0.000000    2.489016    0.000000
        0.000000    0.000000    3.520000

outcell: Cell vector modules (Ang)   :    7.467048    2.489016    3.520000
outcell: Cell angles (23,13,12) (deg):     90.0000     90.0000     90.0000
outcell: Cell volume (Ang**3)        :     65.4213
<dSpData1D:S at geom step 0
  <sparsity:sparsity for geom step 0
    nrows_g=150 nrows=8 sparsity=.8961 nnzs=20162, refcount: 7>
  <dData1D:(new from dSpData1D) n=20162, refcount: 1>
refcount: 1>
new_DM -- step:     1
Initializing Density Matrix...
DM filled with atomic data:
<dSpData2D:DM initialized from atoms
  <sparsity:sparsity for geom step 0
    nrows_g=150 nrows=8 sparsity=.8961 nnzs=20162, refcount: 8>
  <dData2D:DM n=20162 m=2, refcount: 1>
refcount: 1>
No. of atoms with KB's overlaping orbs in proc 0. Max # of overlaps:      79     641

InitMesh: MESH = 80 x 30 x 40 = 96000
InitMesh: Mesh cutoff (required, used) =   300.000   317.237 Ry
New grid distribution [1]: sub = 2
New grid distribution [2]: sub = 2
New grid distribution [3]: sub = 2
Setting up quadratic distribution...

stepf: Fermi-Dirac step function

siesta: Program's energy decomposition (eV):
siesta: Ebs     =     -4236.690776
siesta: Eions   =     31174.011634
siesta: Ena     =      2310.024080
siesta: Ekin    =     10987.785410
siesta: Enl     =     -3182.606731
siesta: Eso     =         0.000000
siesta: Edftu   =         0.000000
siesta: DEna    =       168.082724
siesta: DUscf   =         5.597854
siesta: DUext   =         0.000000
siesta: Ex      =     -3080.779997
siesta: Ec      =      -187.849697
siesta: Exc     =     -3268.629694
siesta: EbV     =         0.000000
siesta: eta*DQ  =         0.000000
siesta: Emadel  =         0.000000
siesta: Emeta   =         0.000000
siesta: Emolmec =         0.000000
siesta: Ekinion =         0.000000
siesta: Eharris =    -24096.610379
siesta: Etot    =    -24153.757991
siesta: FreeEng =    -24153.777428

        iscf     Eharris(eV)        E_KS(eV)     FreeEng(eV)     dDmax    Ef(eV) dHmax(eV)
   scf:    1   -24096.610379   -24153.757991   -24153.777428  4.873506 -5.286698 10.237260
     spin moment: {S} , |S| = {        0.0        0.0    0.61650 }     0.61650
timer: Routine,Calls,Time,% = IterSCF        1       2.226  16.76
   scf:    2   -24139.516480   -24151.509577   -24151.527982  0.553129 -5.512196 12.819768
     spin moment: {S} , |S| = {        0.0        0.0   -0.51063 }    -0.51063
   scf:    3   -24155.552779   -24156.091373   -24156.109250  0.265370 -5.570709  5.002367
     spin moment: {S} , |S| = {        0.0        0.0    0.32920 }     0.32920
   scf:    4   -24156.971841   -24156.687819   -24156.707016  0.280520 -5.726410  4.280326
     spin moment: {S} , |S| = {        0.0        0.0    0.16032 }     0.16032
   scf:    5   -24158.055510   -24157.615138   -24157.632295  0.600498 -6.180426  1.763725
     spin moment: {S} , |S| = {        0.0        0.0    0.24632 }     0.24632
   scf:    6   -24157.853401   -24157.755586   -24157.773269  0.148271 -6.292151  0.626993
     spin moment: {S} , |S| = {        0.0        0.0    0.27087 }     0.27087
   scf:    7   -24157.862699   -24157.809743   -24157.827491  0.047618 -6.320339  0.584642
     spin moment: {S} , |S| = {        0.0        0.0    0.27235 }     0.27235
   scf:    8   -24158.038702   -24157.922188   -24157.940489  0.084816 -6.360360  0.458325
     spin moment: {S} , |S| = {        0.0        0.0    0.30039 }     0.30039
   scf:    9   -24158.729582   -24158.257146   -24158.282223  0.336934 -6.509659  1.185566
     spin moment: {S} , |S| = {        0.0        0.0    0.37670 }     0.37670
   scf:   10   -24158.293541   -24158.276689   -24158.301742  0.010996 -6.518380  0.875000
     spin moment: {S} , |S| = {        0.0        0.0    0.38605 }     0.38605
   scf:   11   -24158.347897   -24158.314409   -24158.339651  0.040435 -6.551718  0.307999
     spin moment: {S} , |S| = {        0.0        0.0    0.42246 }     0.42246
   scf:   12   -24158.320466   -24158.318641   -24158.344007  0.009372 -6.549739  0.290363
     spin moment: {S} , |S| = {        0.0        0.0    0.42507 }     0.42507
   scf:   13   -24158.361282   -24158.338124   -24158.364438  0.034711 -6.573407  0.246985
     spin moment: {S} , |S| = {        0.0        0.0    0.44754 }     0.44754
   scf:   14   -24158.352984   -24158.345250   -24158.372085  0.020655 -6.581651  0.109952
     spin moment: {S} , |S| = {        0.0        0.0    0.46408 }     0.46408
   scf:   15   -24158.349037   -24158.347052   -24158.374131  0.006034 -6.584187  0.106584
     spin moment: {S} , |S| = {        0.0        0.0    0.47026 }     0.47026
   scf:   16   -24158.357552   -24158.351914   -24158.379365  0.025938 -6.583766  0.163950
     spin moment: {S} , |S| = {        0.0        0.0    0.51512 }     0.51512
   scf:   17   -24158.353785   -24158.353075   -24158.380597  0.003394 -6.583568  0.077785
     spin moment: {S} , |S| = {        0.0        0.0    0.52024 }     0.52024
   scf:   18   -24158.353773   -24158.353431   -24158.380842  0.004194 -6.582768  0.048965
     spin moment: {S} , |S| = {        0.0        0.0    0.52659 }     0.52659
   scf:   19   -24158.354087   -24158.353835   -24158.381252  0.004074 -6.582556  0.080470
     spin moment: {S} , |S| = {        0.0        0.0    0.53770 }     0.53770
   scf:   20   -24158.355707   -24158.354742   -24158.382015  0.006039 -6.583892  0.055880
     spin moment: {S} , |S| = {        0.0        0.0    0.55790 }     0.55790
   scf:   21   -24158.357272   -24158.355958   -24158.382828  0.006411 -6.584784  0.031940
     spin moment: {S} , |S| = {        0.0        0.0    0.58911 }     0.58911
   scf:   22   -24158.356654   -24158.356299   -24158.383043  0.002710 -6.584775  0.033908
     spin moment: {S} , |S| = {        0.0        0.0    0.60007 }     0.60007
   scf:   23   -24158.356538   -24158.356418   -24158.383098  0.000746 -6.584570  0.032548
     spin moment: {S} , |S| = {        0.0        0.0    0.60419 }     0.60419
   scf:   24   -24158.356721   -24158.356568   -24158.383174  0.001019 -6.584379  0.034223
     spin moment: {S} , |S| = {        0.0        0.0    0.60985 }     0.60985
   scf:   25   -24158.356777   -24158.356671   -24158.383213  0.000665 -6.584220  0.031647
     spin moment: {S} , |S| = {        0.0        0.0    0.61440 }     0.61440
   scf:   26   -24158.356776   -24158.356723   -24158.383228  0.000751 -6.583860  0.034422
     spin moment: {S} , |S| = {        0.0        0.0    0.61645 }     0.61645
   scf:   27   -24158.356684   -24158.356703   -24158.383190  0.000854 -6.583552  0.031972
     spin moment: {S} , |S| = {        0.0        0.0    0.61657 }     0.61657
   scf:   28   -24158.356875   -24158.356788   -24158.383249  0.001419 -6.583895  0.033996
     spin moment: {S} , |S| = {        0.0        0.0    0.62001 }     0.62001
   scf:   29   -24158.356741   -24158.356764   -24158.383244  0.000753 -6.583961  0.033287
     spin moment: {S} , |S| = {        0.0        0.0    0.61930 }     0.61930
   scf:   30   -24158.357245   -24158.357002   -24158.383384  0.001683 -6.583886  0.031202
     spin moment: {S} , |S| = {        0.0        0.0    0.62675 }     0.62675
   scf:   31   -24158.358467   -24158.357705   -24158.383783  0.005211 -6.583802  0.030070
     spin moment: {S} , |S| = {        0.0        0.0    0.65048 }     0.65048
   scf:   32   -24158.358635   -24158.358158   -24158.384002  0.003092 -6.583188  0.030627
     spin moment: {S} , |S| = {        0.0        0.0    0.66676 }     0.66676
   scf:   33   -24158.361540   -24158.359710   -24158.384728  0.010548 -6.581719  0.027099
     spin moment: {S} , |S| = {        0.0        0.0    0.72263 }     0.72263
   scf:   34   -24158.360019   -24158.359861   -24158.384755  0.001467 -6.581125  0.029926
     spin moment: {S} , |S| = {        0.0        0.0    0.73021 }     0.73021
   scf:   35   -24158.359573   -24158.359716   -24158.384694  0.000859 -6.581277  0.032404
     spin moment: {S} , |S| = {        0.0        0.0    0.72517 }     0.72517
   scf:   36   -24158.360393   -24158.360045   -24158.384882  0.003083 -6.581284  0.027609
     spin moment: {S} , |S| = {        0.0        0.0    0.73469 }     0.73469
   scf:   37   -24158.360735   -24158.360358   -24158.385106  0.004321 -6.581812  0.025965
     spin moment: {S} , |S| = {        0.0        0.0    0.74273 }     0.74273
   scf:   38   -24158.360269   -24158.360314   -24158.385081  0.000818 -6.581692  0.025259
     spin moment: {S} , |S| = {        0.0        0.0    0.74122 }     0.74122
   scf:   39   -24158.362016   -24158.361124   -24158.385423  0.005437 -6.581322  0.020103
     spin moment: {S} , |S| = {        0.0        0.0    0.77122 }     0.77122
   scf:   40   -24158.362382   -24158.361730   -24158.385639  0.003428 -6.580784  0.027195
     spin moment: {S} , |S| = {        0.0        0.0    0.79695 }     0.79695
   scf:   41   -24158.363931   -24158.362750   -24158.385970  0.007051 -6.579931  0.018654
     spin moment: {S} , |S| = {        0.0        0.0    0.83978 }     0.83978
   scf:   42   -24158.363521   -24158.363121   -24158.386081  0.002548 -6.579909  0.021574
     spin moment: {S} , |S| = {        0.0        0.0    0.85847 }     0.85847
   scf:   43   -24158.363435   -24158.363276   -24158.386114  0.001248 -6.579684  0.019076
     spin moment: {S} , |S| = {        0.0        0.0    0.86580 }     0.86580
   scf:   44   -24158.363458   -24158.363366   -24158.386132  0.000852 -6.579383  0.017487
     spin moment: {S} , |S| = {        0.0        0.0    0.86895 }     0.86895
   scf:   45   -24158.363238   -24158.363301   -24158.386118  0.000693 -6.579483  0.017566
     spin moment: {S} , |S| = {        0.0        0.0    0.86583 }     0.86583
   scf:   46   -24158.363213   -24158.363253   -24158.386106  0.001165 -6.579799  0.019698
     spin moment: {S} , |S| = {        0.0        0.0    0.86534 }     0.86534
   scf:   47   -24158.363374   -24158.363313   -24158.386117  0.000563 -6.579684  0.017929
     spin moment: {S} , |S| = {        0.0        0.0    0.86825 }     0.86825
   scf:   48   -24158.364256   -24158.363766   -24158.386201  0.002765 -6.578813  0.015337
     spin moment: {S} , |S| = {        0.0        0.0    0.88958 }     0.88958
   scf:   49   -24158.363996   -24158.363880   -24158.386228  0.001154 -6.578617  0.016359
     spin moment: {S} , |S| = {        0.0        0.0    0.89543 }     0.89543
   scf:   50   -24158.364397   -24158.364131   -24158.386268  0.001568 -6.578094  0.015539
     spin moment: {S} , |S| = {        0.0        0.0    0.90839 }     0.90839
   scf:   51   -24158.364667   -24158.364392   -24158.386317  0.001934 -6.577525  0.013000
     spin moment: {S} , |S| = {        0.0        0.0    0.92194 }     0.92194
   scf:   52   -24158.365034   -24158.364701   -24158.386371  0.002784 -6.576734  0.014184
     spin moment: {S} , |S| = {        0.0        0.0    0.93822 }     0.93822
   scf:   53   -24158.364850   -24158.364775   -24158.386382  0.000706 -6.576549  0.013698
     spin moment: {S} , |S| = {        0.0        0.0    0.94192 }     0.94192
   scf:   54   -24158.364666   -24158.364719   -24158.386390  0.001039 -6.576755  0.012605
     spin moment: {S} , |S| = {        0.0        0.0    0.93782 }     0.93782
   scf:   55   -24158.364697   -24158.364708   -24158.386388  0.000101 -6.576786  0.012418
     spin moment: {S} , |S| = {        0.0        0.0    0.93735 }     0.93735

SCF Convergence by DM criterion
max |DM_out - DM_in|         :     0.0001005779
max |H_out - H_in|      (eV) :     0.0124179550
SCF cycle converged after 55 iterations

Using DM_out to compute the final energy and forces
No. of atoms with KB's overlaping orbs in proc 0. Max # of overlaps:      79     641

siesta: E_KS(eV) =           -24158.3647

siesta: E_KS - E_eggbox =    -24158.3647

siesta: Atomic forces (eV/Ang):
     1    0.010731   -0.000000   -0.000000
     2    0.285013    0.000000   -0.000000
     3   -0.230336   -0.000000   -0.000000
     4   -0.118092    0.000000   -0.000000
     5    0.089191    0.000000    0.000000
     6   -0.045637   -0.000000    0.000000
----------------------------------------
   Tot   -0.009130    0.000000    0.000000
----------------------------------------
   Max    0.285013
   Res    0.093804    sqrt( Sum f_i^2 / 3N )
----------------------------------------
   Max    0.285013    constrained

Stress tensor Voigt[x,y,z,yz,xz,xy] (kbar):       27.57      -13.76       34.14        0.00        0.00       -0.00
(Free)E + p*V (eV/cell)   -24159.0389
Target enthalpy (eV/cell)   -24158.3864

siesta: Stress tensor (static) (eV/Ang**3):
         0.017205   -0.000000    0.000000
        -0.000000   -0.008588    0.000000
         0.000000    0.000000    0.021306

siesta: Pressure (static):        -15.98052549  kBar

siesta: Stress tensor (total) (eV/Ang**3):
         0.017205   -0.000000    0.000000
        -0.000000   -0.008588    0.000000
         0.000000    0.000000    0.021306

siesta: Pressure (total):        -15.98052549  kBar

cgvc: No target stress found, assuming hydrostatic MD.TargetPressure.

cgvc: Target stress (kBar)
cgvc:        -0.000       0.000       0.000
cgvc:         0.000      -0.000       0.000
cgvc:         0.000       0.000      -0.000

                     ====================================
                        Begin CG opt. move =      1
                     ====================================
k-point displ. along   1 input, could be:     0.00    0.50
k-point displ. along   2 input, could be:     0.00    0.50
k-point displ. along   3 input, could be:     0.00    0.50
 Kpoints in:           32 . Kpoints trimmed:           31

siesta: k-grid: Number of k-points = 31
siesta: k-points from Monkhorst-Pack grid
siesta: k-cutoff (effective) =     6.964 Ang
siesta: k-point supercell and displacements
siesta: k-grid:     2     0     0      0.000
siesta: k-grid:     0     6     0      0.000
siesta: k-grid:     0     0     4      0.000

superc: Internal auxiliary supercell:     5 x     9 x     7  =     315
superc: Number of atoms, orbitals, and projectors:   1890  47250  34020

outcell: Unit cell vectors (Ang):
        7.402022    0.000000   -0.000000
        0.000000    2.499835   -0.000000
       -0.000000   -0.000000    3.482040

outcell: Cell vector modules (Ang)   :    7.402022    2.499835    3.482040
outcell: Cell angles (23,13,12) (deg):     90.0000     90.0000     90.0000
outcell: Cell volume (Ang**3)        :     64.4311
<dSpData1D:S at geom step 1
  <sparsity:sparsity for geom step 1
    nrows_g=150 nrows=8 sparsity=.9588 nnzs=21572, refcount: 7>
  <dData1D:(new from dSpData1D) n=21572, refcount: 1>
refcount: 1>
new_DM -- step:     2
Re-using DM from previous geometries...
Number of DMs in history: 1
 DM extrapolation coefficients: 
1   1.00000
New DM after history re-use:
<dSpData2D:SpM extrapolated using coords
  <sparsity:sparsity for geom step 1
    nrows_g=150 nrows=8 sparsity=.9588 nnzs=21572, refcount: 9>
  <dData2D:(temp array for extrapolation) n=21572 m=2, refcount: 1>
refcount: 1>
No. of atoms with KB's overlaping orbs in proc 0. Max # of overlaps:      79     660

InitMesh: MESH = 80 x 30 x 40 = 96000
InitMesh: Mesh cutoff (required, used) =   300.000   322.835 Ry
New grid distribution [1]: sub = 2
New grid distribution [2]: sub = 2
New grid distribution [3]: sub = 2
Setting up quadratic distribution...

        iscf     Eharris(eV)        E_KS(eV)     FreeEng(eV)     dDmax    Ef(eV) dHmax(eV)
   scf:    1   -24150.659726   -24156.097625   -24156.120162  0.307250 -6.599227  7.572179
     spin moment: {S} , |S| = {        0.0        0.0    0.66303 }     0.66303
   scf:    2   -19464.957990   -22616.062260   -22616.080536 10.713043 -3.989166220.064418
     spin moment: {S} , |S| = {        0.0        0.0   -0.22535 }    -0.22535
   scf:    3   -24236.787803   -24157.690075   -24157.708631 10.587127 -6.573675  4.531750
     spin moment: {S} , |S| = {        0.0        0.0    1.03167 }     1.03167
   scf:    4   -24158.556829   -24158.226882   -24158.245969  0.041279 -6.582897  2.094256
     spin moment: {S} , |S| = {        0.0        0.0    0.99037 }     0.99037
   scf:    5   -24158.338601   -24158.288314   -24158.307401  0.010714 -6.584514  1.457061
     spin moment: {S} , |S| = {        0.0        0.0    0.98938 }     0.98938
   scf:    6   -24158.367505   -24158.358372   -24158.377830  0.021997 -6.589771  0.115348
     spin moment: {S} , |S| = {        0.0        0.0    0.96660 }     0.96660
   scf:    7   -24158.329117   -24158.349985   -24158.369408  0.031820 -6.591186  0.724275
     spin moment: {S} , |S| = {        0.0        0.0    0.98020 }     0.98020
   scf:    8   -24158.360997   -24158.362343   -24158.381952  0.011093 -6.593293  0.092627
     spin moment: {S} , |S| = {        0.0        0.0    0.97127 }     0.97127
   scf:    9   -24158.362402   -24158.362651   -24158.382172  0.003047 -6.592552  0.112595
     spin moment: {S} , |S| = {        0.0        0.0    0.97720 }     0.97720
   scf:   10   -24158.362151   -24158.362869   -24158.382307  0.003259 -6.591351  0.102247
     spin moment: {S} , |S| = {        0.0        0.0    0.98414 }     0.98414
   scf:   11   -24158.363333   -24158.363193   -24158.382591  0.001479 -6.591127  0.020837
     spin moment: {S} , |S| = {        0.0        0.0    0.98786 }     0.98786
   scf:   12   -24158.363269   -24158.363233   -24158.382609  0.000386 -6.591088  0.013231
     spin moment: {S} , |S| = {        0.0        0.0    0.98923 }     0.98923

SCF Convergence by DM criterion
max |DM_out - DM_in|         :     0.0003856430
max |H_out - H_in|      (eV) :     0.0132307296
SCF cycle converged after 12 iterations

Using DM_out to compute the final energy and forces
No. of atoms with KB's overlaping orbs in proc 0. Max # of overlaps:      79     660

siesta: E_KS(eV) =           -24158.3632

siesta: Atomic forces (eV/Ang):
     1    0.008484    0.000000   -0.000000
     2   -0.505609   -0.000000    0.000000
     3    0.463619   -0.000000   -0.000000
     4    0.135875   -0.000000    0.000000
     5   -0.067495   -0.000000   -0.000000
     6   -0.031568   -0.000000   -0.000000
----------------------------------------
   Tot    0.003306   -0.000000   -0.000000
----------------------------------------
   Max    0.505609
   Res    0.165776    sqrt( Sum f_i^2 / 3N )
----------------------------------------
   Max    0.505609    constrained

Stress tensor Voigt[x,y,z,yz,xz,xy] (kbar):      -31.44      -25.59      -14.68        0.00       -0.00        0.00
(Free)E + p*V (eV/cell)   -24157.4212
Target enthalpy (eV/cell)   -24158.3826

siesta: Stress tensor (static) (eV/Ang**3):
        -0.019624    0.000000   -0.000000
         0.000000   -0.015974    0.000000
        -0.000000    0.000000   -0.009165

siesta: Pressure (static):         23.90610135  kBar

siesta: Stress tensor (total) (eV/Ang**3):
        -0.019624    0.000000   -0.000000
         0.000000   -0.015974    0.000000
        -0.000000    0.000000   -0.009165

siesta: Pressure (total):         23.90610135  kBar

                     ====================================
                        Begin CG opt. move =      2
                     ====================================
k-point displ. along   1 input, could be:     0.00    0.50
k-point displ. along   2 input, could be:     0.00    0.50
k-point displ. along   3 input, could be:     0.00    0.50
 Kpoints in:           32 . Kpoints trimmed:           31

siesta: k-grid: Number of k-points = 31
siesta: k-points from Monkhorst-Pack grid
siesta: k-cutoff (effective) =     7.004 Ang
siesta: k-point supercell and displacements
siesta: k-grid:     2     0     0      0.000
siesta: k-grid:     0     6     0      0.000
siesta: k-grid:     0     0     4      0.000

superc: Internal auxiliary supercell:     5 x     9 x     7  =     315
superc: Number of atoms, orbitals, and projectors:   1890  47250  34020

outcell: Unit cell vectors (Ang):
        7.436397    0.000000   -0.000000
        0.000000    2.494116   -0.000000
       -0.000000   -0.000000    3.502107

outcell: Cell vector modules (Ang)   :    7.436397    2.494116    3.502107
outcell: Cell angles (23,13,12) (deg):     90.0000     90.0000     90.0000
outcell: Cell volume (Ang**3)        :     64.9544
<dSpData1D:S at geom step 2
  <sparsity:sparsity for geom step 2
    nrows_g=150 nrows=8 sparsity=.9540 nnzs=21464, refcount: 7>
  <dData1D:(new from dSpData1D) n=21464, refcount: 1>
refcount: 1>
new_DM -- step:     3
Re-using DM from previous geometries...
Number of DMs in history: 1
 DM extrapolation coefficients: 
1   1.00000
New DM after history re-use:
<dSpData2D:SpM extrapolated using coords
  <sparsity:sparsity for geom step 2
    nrows_g=150 nrows=8 sparsity=.9540 nnzs=21464, refcount: 9>
  <dData2D:(temp array for extrapolation) n=21464 m=2, refcount: 1>
refcount: 1>
No. of atoms with KB's overlaping orbs in proc 0. Max # of overlaps:      79     646

InitMesh: MESH = 80 x 30 x 40 = 96000
InitMesh: Mesh cutoff (required, used) =   300.000   319.858 Ry
New grid distribution [1]: sub = 2
New grid distribution [2]: sub = 2
New grid distribution [3]: sub = 2
Setting up quadratic distribution...

        iscf     Eharris(eV)        E_KS(eV)     FreeEng(eV)     dDmax    Ef(eV) dHmax(eV)
   scf:    1   -24156.315354   -24157.570249   -24157.589328  0.182812 -6.564397  4.955229
     spin moment: {S} , |S| = {        0.0        0.0    1.12267 }     1.12267
   scf:    2   -23117.493235   -23817.095172   -23817.102861  4.067893 -5.011496109.207576
     spin moment: {S} , |S| = {        0.0        0.0    0.13790 }     0.13790
   scf:    3   -24190.404835   -24157.428701   -24157.448890  4.012173 -6.598605  5.948882
     spin moment: {S} , |S| = {        0.0        0.0    0.86096 }     0.86096
   scf:    4   -24158.649784   -24158.224576   -24158.245427  0.068287 -6.593001  2.398341
     spin moment: {S} , |S| = {        0.0        0.0    0.91204 }     0.91204
   scf:    5   -24158.394229   -24158.324961   -24158.345218  0.020901 -6.589044  1.461573
     spin moment: {S} , |S| = {        0.0        0.0    0.95988 }     0.95988
   scf:    6   -24158.386346   -24158.378514   -24158.398583  0.019529 -6.583988  0.103348
     spin moment: {S} , |S| = {        0.0        0.0    0.99137 }     0.99137
   scf:    7   -24158.328500   -24158.363230   -24158.383146  0.011962 -6.579801  0.788907
     spin moment: {S} , |S| = {        0.0        0.0    1.01392 }     1.01392
   scf:    8   -24158.364489   -24158.378212   -24158.398113  0.022590 -6.581640  0.292343
     spin moment: {S} , |S| = {        0.0        0.0    0.99305 }     0.99305
   scf:    9   -24158.370236   -24158.378157   -24158.398014  0.008470 -6.579610  0.297120
     spin moment: {S} , |S| = {        0.0        0.0    1.00435 }     1.00435
   scf:   10   -24158.380707   -24158.380182   -24158.400054  0.003317 -6.580923  0.078722
     spin moment: {S} , |S| = {        0.0        0.0    0.99782 }     0.99782
   scf:   11   -24158.380102   -24158.380317   -24158.400147  0.001878 -6.581109  0.046132
     spin moment: {S} , |S| = {        0.0        0.0    0.99791 }     0.99791
   scf:   12   -24158.380390   -24158.380381   -24158.400205  0.000919 -6.581073  0.005215
     spin moment: {S} , |S| = {        0.0        0.0    0.99844 }     0.99844
   scf:   13   -24158.380406   -24158.380393   -24158.400207  0.000201 -6.580966  0.004087
     spin moment: {S} , |S| = {        0.0        0.0    0.99874 }     0.99874

SCF Convergence by DM criterion
max |DM_out - DM_in|         :     0.0002011466
max |H_out - H_in|      (eV) :     0.0040868298
SCF cycle converged after 13 iterations

Using DM_out to compute the final energy and forces
No. of atoms with KB's overlaping orbs in proc 0. Max # of overlaps:      79     646

siesta: E_KS(eV) =           -24158.3804

siesta: Atomic forces (eV/Ang):
     1    0.012142    0.000000   -0.000000
     2   -0.061294    0.000000   -0.000000
     3    0.074942    0.000000    0.000000
     4   -0.018540   -0.000000   -0.000000
     5    0.014330   -0.000000    0.000000
     6   -0.029189    0.000000    0.000000
----------------------------------------
   Tot   -0.007609    0.000000    0.000000
----------------------------------------
   Max    0.074942
   Res    0.024633    sqrt( Sum f_i^2 / 3N )
----------------------------------------
   Max    0.074942    constrained

Stress tensor Voigt[x,y,z,yz,xz,xy] (kbar):       -0.49      -19.90        9.25        0.00       -0.00        0.00
(Free)E + p*V (eV/cell)   -24158.2497
Target enthalpy (eV/cell)   -24158.4002

siesta: Stress tensor (static) (eV/Ang**3):
        -0.000303    0.000000   -0.000000
         0.000000   -0.012422    0.000000
        -0.000000    0.000000    0.005772

siesta: Pressure (static):          3.71358386  kBar

siesta: Stress tensor (total) (eV/Ang**3):
        -0.000303    0.000000   -0.000000
         0.000000   -0.012422    0.000000
        -0.000000    0.000000    0.005772

siesta: Pressure (total):          3.71358386  kBar

cgvc: Finished line minimization    1.  Mean atomic displacement =    0.0385

                     ====================================
                        Begin CG opt. move =      3
                     ====================================
k-point displ. along   1 input, could be:     0.00    0.50
k-point displ. along   2 input, could be:     0.00    0.50
k-point displ. along   3 input, could be:     0.00    0.50
 Kpoints in:           32 . Kpoints trimmed:           31

siesta: k-grid: Number of k-points = 31
siesta: k-points from Monkhorst-Pack grid
siesta: k-cutoff (effective) =     6.970 Ang
siesta: k-point supercell and displacements
siesta: k-grid:     2     0     0      0.000
siesta: k-grid:     0     6     0      0.000
siesta: k-grid:     0     0     4      0.000

superc: Internal auxiliary supercell:     5 x     9 x     7  =     315
superc: Number of atoms, orbitals, and projectors:   1890  47250  34020

outcell: Unit cell vectors (Ang):
        7.429056   -0.000000    0.000000
       -0.000000    2.513792   -0.000000
        0.000000   -0.000000    3.485062

outcell: Cell vector modules (Ang)   :    7.429056    2.513792    3.485062
outcell: Cell angles (23,13,12) (deg):     90.0000     90.0000     90.0000
outcell: Cell volume (Ang**3)        :     65.0839
<dSpData1D:S at geom step 3
  <sparsity:sparsity for geom step 3
    nrows_g=150 nrows=8 sparsity=.9540 nnzs=21464, refcount: 7>
  <dData1D:(new from dSpData1D) n=21464, refcount: 1>
refcount: 1>
new_DM -- step:     4
Re-using DM from previous geometries...
Number of DMs in history: 1
 DM extrapolation coefficients: 
1   1.00000
New DM after history re-use:
<dSpData2D:SpM extrapolated using coords
  <sparsity:sparsity for geom step 3
    nrows_g=150 nrows=8 sparsity=.9540 nnzs=21464, refcount: 9>
  <dData2D:(temp array for extrapolation) n=21464 m=2, refcount: 1>
refcount: 1>
No. of atoms with KB's overlaping orbs in proc 0. Max # of overlaps:      79     647

InitMesh: MESH = 80 x 30 x 40 = 96000
InitMesh: Mesh cutoff (required, used) =   300.000   320.490 Ry
New grid distribution [1]: sub = 2
New grid distribution [2]: sub = 2
New grid distribution [3]: sub = 2
Setting up quadratic distribution...

        iscf     Eharris(eV)        E_KS(eV)     FreeEng(eV)     dDmax    Ef(eV) dHmax(eV)
   scf:    1   -24158.363346   -24158.324174   -24158.344859  0.079560 -6.582803  1.239920
     spin moment: {S} , |S| = {        0.0        0.0    0.94192 }     0.94192
   scf:    2   -23953.546394   -24090.735008   -24090.753047  0.834711 -6.282054 39.385064
     spin moment: {S} , |S| = {        0.0        0.0    1.06741 }     1.06741
   scf:    3   -24160.535831   -24158.379748   -24158.399195  0.803764 -6.577449  0.392423
     spin moment: {S} , |S| = {        0.0        0.0    1.00388 }     1.00388
   scf:    4   -24158.384039   -24158.383368   -24158.402956  0.006894 -6.577356  0.111987
     spin moment: {S} , |S| = {        0.0        0.0    0.99904 }     0.99904
   scf:    5   -24158.384037   -24158.383797   -24158.403415  0.001291 -6.577260  0.069444
     spin moment: {S} , |S| = {        0.0        0.0    0.99791 }     0.99791
   scf:    6   -24158.383950   -24158.384017   -24158.403726  0.002072 -6.576501  0.032986
     spin moment: {S} , |S| = {        0.0        0.0    0.99540 }     0.99540
   scf:    7   -24158.384257   -24158.384183   -24158.403980  0.003933 -6.574516  0.026066
     spin moment: {S} , |S| = {        0.0        0.0    0.99489 }     0.99489
   scf:    8   -24158.384177   -24158.384209   -24158.403995  0.001014 -6.574711  0.024253
     spin moment: {S} , |S| = {        0.0        0.0    0.99584 }     0.99584
   scf:    9   -24158.384180   -24158.384203   -24158.404030  0.001611 -6.575011  0.008713
     spin moment: {S} , |S| = {        0.0        0.0    0.99544 }     0.99544
   scf:   10   -24158.384196   -24158.384200   -24158.404037  0.000547 -6.575092  0.005841
     spin moment: {S} , |S| = {        0.0        0.0    0.99559 }     0.99559
   scf:   11   -24158.384186   -24158.384193   -24158.404046  0.000785 -6.575130  0.005342
     spin moment: {S} , |S| = {        0.0        0.0    0.99568 }     0.99568
   scf:   12   -24158.384143   -24158.384166   -24158.404063  0.002039 -6.575066  0.003295
     spin moment: {S} , |S| = {        0.0        0.0    0.99594 }     0.99594
   scf:   13   -24158.384129   -24158.384147   -24158.404068  0.001172 -6.575103  0.002290
     spin moment: {S} , |S| = {        0.0        0.0    0.99609 }     0.99609
   scf:   14   -24158.384137   -24158.384142   -24158.404069  0.000328 -6.575150  0.001856
     spin moment: {S} , |S| = {        0.0        0.0    0.99613 }     0.99613

SCF Convergence by DM criterion
max |DM_out - DM_in|         :     0.0003281137
max |H_out - H_in|      (eV) :     0.0018564809
SCF cycle converged after 14 iterations

Using DM_out to compute the final energy and forces
No. of atoms with KB's overlaping orbs in proc 0. Max # of overlaps:      79     647

siesta: E_KS(eV) =           -24158.3841

siesta: Atomic forces (eV/Ang):
     1   -0.022637    0.000000    0.000001
     2    0.038328   -0.000000   -0.000001
     3   -0.116293   -0.000000    0.000001
     4    0.077917    0.000000   -0.000000
     5   -0.077265   -0.000000    0.000000
     6    0.094383    0.000000   -0.000003
----------------------------------------
   Tot   -0.005566   -0.000000   -0.000002
----------------------------------------
   Max    0.116293
   Res    0.045003    sqrt( Sum f_i^2 / 3N )
----------------------------------------
   Max    0.116293    constrained

Stress tensor Voigt[x,y,z,yz,xz,xy] (kbar):      -10.74       -3.24        5.84       -0.00       -0.00        0.00
(Free)E + p*V (eV/cell)   -24158.2939
Target enthalpy (eV/cell)   -24158.4041

siesta: Stress tensor (static) (eV/Ang**3):
        -0.006702    0.000000   -0.000000
         0.000000   -0.002024   -0.000000
        -0.000000   -0.000000    0.003647

siesta: Pressure (static):          2.71247407  kBar

siesta: Stress tensor (total) (eV/Ang**3):
        -0.006702    0.000000   -0.000000
         0.000000   -0.002024   -0.000000
        -0.000000   -0.000000    0.003647

siesta: Pressure (total):          2.71247407  kBar

                     ====================================
                        Begin CG opt. move =      4
                     ====================================
k-point displ. along   1 input, could be:     0.00    0.50
k-point displ. along   2 input, could be:     0.00    0.50
k-point displ. along   3 input, could be:     0.00    0.50
 Kpoints in:           32 . Kpoints trimmed:           31

siesta: k-grid: Number of k-points = 31
siesta: k-points from Monkhorst-Pack grid
siesta: k-cutoff (effective) =     6.975 Ang
siesta: k-point supercell and displacements
siesta: k-grid:     2     0     0      0.000
siesta: k-grid:     0     6     0      0.000
siesta: k-grid:     0     0     4      0.000

superc: Internal auxiliary supercell:     5 x     9 x     7  =     315
superc: Number of atoms, orbitals, and projectors:   1890  47250  34020

outcell: Unit cell vectors (Ang):
        7.430049   -0.000000    0.000000
       -0.000000    2.511131   -0.000000
        0.000000   -0.000000    3.487367

outcell: Cell vector modules (Ang)   :    7.430049    2.511131    3.487367
outcell: Cell angles (23,13,12) (deg):     90.0000     90.0000     90.0000
outcell: Cell volume (Ang**3)        :     65.0667
<dSpData1D:S at geom step 4
  <sparsity:sparsity for geom step 4
    nrows_g=150 nrows=8 sparsity=.9540 nnzs=21464, refcount: 7>
  <dData1D:(new from dSpData1D) n=21464, refcount: 1>
refcount: 1>
new_DM -- step:     5
Re-using DM from previous geometries...
Number of DMs in history: 1
 DM extrapolation coefficients: 
1   1.00000
New DM after history re-use:
<dSpData2D:SpM extrapolated using coords
  <sparsity:sparsity for geom step 4
    nrows_g=150 nrows=8 sparsity=.9540 nnzs=21464, refcount: 9>
  <dData2D:(temp array for extrapolation) n=21464 m=2, refcount: 1>
refcount: 1>
No. of atoms with KB's overlaping orbs in proc 0. Max # of overlaps:      79     647

InitMesh: MESH = 80 x 30 x 40 = 96000
InitMesh: Mesh cutoff (required, used) =   300.000   320.404 Ry
New grid distribution [1]: sub = 2
New grid distribution [2]: sub = 2
New grid distribution [3]: sub = 2
Setting up quadratic distribution...

        iscf     Eharris(eV)        E_KS(eV)     FreeEng(eV)     dDmax    Ef(eV) dHmax(eV)
   scf:    1   -24158.356841   -24158.383404   -24158.403152  0.010918 -6.574937  0.167907
     spin moment: {S} , |S| = {        0.0        0.0    1.00167 }     1.00167
   scf:    2   -24153.239119   -24156.680933   -24156.704778  0.173352 -6.587106  6.776441
     spin moment: {S} , |S| = {        0.0        0.0    0.61467 }     0.61467
   scf:    3   -24158.420330   -24158.384290   -24158.404152  0.170804 -6.575632  0.024200
     spin moment: {S} , |S| = {        0.0        0.0    0.99520 }     0.99520
   scf:    4   -24158.384281   -24158.384295   -24158.404168  0.000554 -6.575694  0.015885
     spin moment: {S} , |S| = {        0.0        0.0    0.99464 }     0.99464
   scf:    5   -24158.384286   -24158.384295   -24158.404176  0.000342 -6.575846  0.007176
     spin moment: {S} , |S| = {        0.0        0.0    0.99397 }     0.99397

SCF Convergence by DM criterion
max |DM_out - DM_in|         :     0.0003417254
max |H_out - H_in|      (eV) :     0.0071760262
SCF cycle converged after 5 iterations

Using DM_out to compute the final energy and forces
No. of atoms with KB's overlaping orbs in proc 0. Max # of overlaps:      79     647

siesta: E_KS(eV) =           -24158.3843

siesta: Atomic forces (eV/Ang):
     1   -0.016554    0.000000    0.000000
     2    0.029034   -0.000000    0.000001
     3   -0.093943    0.000000   -0.000000
     4    0.065231    0.000000   -0.000001
     5   -0.067378   -0.000000    0.000001
     6    0.077692   -0.000000   -0.000001
----------------------------------------
   Tot   -0.005920   -0.000000    0.000001
----------------------------------------
   Max    0.093943
   Res    0.037098    sqrt( Sum f_i^2 / 3N )
----------------------------------------
   Max    0.093943    constrained

Stress tensor Voigt[x,y,z,yz,xz,xy] (kbar):       -9.45       -5.24        6.09        0.00        0.00        0.00
(Free)E + p*V (eV/cell)   -24158.2878
Target enthalpy (eV/cell)   -24158.4042

siesta: Stress tensor (static) (eV/Ang**3):
        -0.005898    0.000000    0.000000
         0.000000   -0.003273    0.000000
         0.000000    0.000000    0.003803

siesta: Pressure (static):          2.86668053  kBar

siesta: Stress tensor (total) (eV/Ang**3):
        -0.005898    0.000000    0.000000
         0.000000   -0.003273    0.000000
         0.000000    0.000000    0.003803

siesta: Pressure (total):          2.86668053  kBar

cgvc: Finished line minimization    2.  Mean atomic displacement =    0.0333

                     ====================================
                        Begin CG opt. move =      5
                     ====================================
k-point displ. along   1 input, could be:     0.00    0.50
k-point displ. along   2 input, could be:     0.00    0.50
k-point displ. along   3 input, could be:     0.00    0.50
 Kpoints in:           32 . Kpoints trimmed:           31

siesta: k-grid: Number of k-points = 31
siesta: k-points from Monkhorst-Pack grid
siesta: k-cutoff (effective) =     6.942 Ang
siesta: k-point supercell and displacements
siesta: k-grid:     2     0     0      0.000
siesta: k-grid:     0     6     0      0.000
siesta: k-grid:     0     0     4      0.000

superc: Internal auxiliary supercell:     5 x     9 x     7  =     315
superc: Number of atoms, orbitals, and projectors:   1890  47250  34020

outcell: Unit cell vectors (Ang):
        7.444132   -0.000000   -0.000000
       -0.000000    2.526938   -0.000000
       -0.000000   -0.000000    3.470987

outcell: Cell vector modules (Ang)   :    7.444132    2.526938    3.470987
outcell: Cell angles (23,13,12) (deg):     90.0000     90.0000     90.0000
outcell: Cell volume (Ang**3)        :     65.2923
<dSpData1D:S at geom step 5
  <sparsity:sparsity for geom step 5
    nrows_g=150 nrows=8 sparsity=.9437 nnzs=21234, refcount: 7>
  <dData1D:(new from dSpData1D) n=21234, refcount: 1>
refcount: 1>
new_DM -- step:     6
Re-using DM from previous geometries...
Number of DMs in history: 1
 DM extrapolation coefficients: 
1   1.00000
New DM after history re-use:
<dSpData2D:SpM extrapolated using coords
  <sparsity:sparsity for geom step 5
    nrows_g=150 nrows=8 sparsity=.9437 nnzs=21234, refcount: 9>
  <dData2D:(temp array for extrapolation) n=21234 m=2, refcount: 1>
refcount: 1>
No. of atoms with KB's overlaping orbs in proc 0. Max # of overlaps:      79     644

InitMesh: MESH = 80 x 30 x 40 = 96000
InitMesh: Mesh cutoff (required, used) =   300.000   319.193 Ry
New grid distribution [1]: sub = 2
New grid distribution [2]: sub = 2
New grid distribution [3]: sub = 2
Setting up quadratic distribution...

        iscf     Eharris(eV)        E_KS(eV)     FreeEng(eV)     dDmax    Ef(eV) dHmax(eV)
   scf:    1   -24158.578163   -24158.336412   -24158.356512  0.084140 -6.576582  1.165573
     spin moment: {S} , |S| = {        0.0        0.0    0.99914 }     0.99914
   scf:    2   -24014.558576   -24110.942467   -24110.964731  0.671648 -6.399515 34.552064
     spin moment: {S} , |S| = {        0.0        0.0    0.15368 }     0.15368
   scf:    3   -24159.859268   -24158.384431   -24158.405118  0.649274 -6.573992  0.171880
     spin moment: {S} , |S| = {        0.0        0.0    0.98500 }     0.98500
   scf:    4   -24158.383556   -24158.384904   -24158.405616  0.004665 -6.573275  0.133797
     spin moment: {S} , |S| = {        0.0        0.0    0.98084 }     0.98084
   scf:    5   -24158.385282   -24158.385422   -24158.406097  0.002144 -6.572283  0.057861
     spin moment: {S} , |S| = {        0.0        0.0    0.98382 }     0.98382
   scf:    6   -24158.385719   -24158.385585   -24158.406277  0.002802 -6.570479  0.034261
     spin moment: {S} , |S| = {        0.0        0.0    0.98362 }     0.98362
   scf:    7   -24158.385899   -24158.385774   -24158.406509  0.006389 -6.566230  0.015137
     spin moment: {S} , |S| = {        0.0        0.0    0.98376 }     0.98376
   scf:    8   -24158.385815   -24158.385795   -24158.406537  0.000730 -6.565907  0.012123
     spin moment: {S} , |S| = {        0.0        0.0    0.98381 }     0.98381
   scf:    9   -24158.385942   -24158.385863   -24158.406636  0.003626 -6.565839  0.013899
     spin moment: {S} , |S| = {        0.0        0.0    0.98328 }     0.98328
   scf:   10   -24158.385899   -24158.385881   -24158.406656  0.000888 -6.565776  0.011831
     spin moment: {S} , |S| = {        0.0        0.0    0.98320 }     0.98320
   scf:   11   -24158.385986   -24158.385930   -24158.406703  0.002359 -6.565530  0.010267
     spin moment: {S} , |S| = {        0.0        0.0    0.98302 }     0.98302
   scf:   12   -24158.386371   -24158.386101   -24158.406825  0.009197 -6.564506  0.004780
     spin moment: {S} , |S| = {        0.0        0.0    0.98228 }     0.98228
   scf:   13   -24158.386189   -24158.386142   -24158.406841  0.002354 -6.564281  0.003821
     spin moment: {S} , |S| = {        0.0        0.0    0.98215 }     0.98215
   scf:   14   -24158.386206   -24158.386174   -24158.406848  0.001199 -6.564170  0.003054
     spin moment: {S} , |S| = {        0.0        0.0    0.98242 }     0.98242
   scf:   15   -24158.386237   -24158.386204   -24158.406853  0.001335 -6.564058  0.003167
     spin moment: {S} , |S| = {        0.0        0.0    0.98266 }     0.98266
   scf:   16   -24158.386289   -24158.386246   -24158.406858  0.001371 -6.563947  0.001936
     spin moment: {S} , |S| = {        0.0        0.0    0.98319 }     0.98319
   scf:   17   -24158.386284   -24158.386264   -24158.406859  0.000576 -6.563917  0.001869
     spin moment: {S} , |S| = {        0.0        0.0    0.98348 }     0.98348
   scf:   18   -24158.386292   -24158.386278   -24158.406860  0.000308 -6.563896  0.001804
     spin moment: {S} , |S| = {        0.0        0.0    0.98375 }     0.98375

SCF Convergence by DM criterion
max |DM_out - DM_in|         :     0.0003076856
max |H_out - H_in|      (eV) :     0.0018038400
SCF cycle converged after 18 iterations

Using DM_out to compute the final energy and forces
No. of atoms with KB's overlaping orbs in proc 0. Max # of overlaps:      79     644

siesta: E_KS(eV) =           -24158.3863

siesta: Atomic forces (eV/Ang):
     1   -0.046905    0.000000    0.000001
     2    0.003123    0.000000   -0.000001
     3    0.046231   -0.000002   -0.000001
     4   -0.023596   -0.000001    0.000001
     5    0.070030   -0.000001   -0.000001
     6   -0.057583   -0.000000    0.000000
----------------------------------------
   Tot   -0.008699   -0.000004   -0.000001
----------------------------------------
   Max    0.070030
   Res    0.027002    sqrt( Sum f_i^2 / 3N )
----------------------------------------
   Max    0.070030    constrained

Stress tensor Voigt[x,y,z,yz,xz,xy] (kbar):       -5.72       -0.87        3.71        0.00       -0.00        0.00
(Free)E + p*V (eV/cell)   -24158.3678
Target enthalpy (eV/cell)   -24158.4069

siesta: Stress tensor (static) (eV/Ang**3):
        -0.003570    0.000000   -0.000000
         0.000000   -0.000541    0.000000
        -0.000000    0.000000    0.002317

siesta: Pressure (static):          0.95835965  kBar

siesta: Stress tensor (total) (eV/Ang**3):
        -0.003570    0.000000   -0.000000
         0.000000   -0.000541    0.000000
        -0.000000    0.000000    0.002317

siesta: Pressure (total):          0.95835965  kBar

                     ====================================
                        Begin CG opt. move =      6
                     ====================================
k-point displ. along   1 input, could be:     0.00    0.50
k-point displ. along   2 input, could be:     0.00    0.50
k-point displ. along   3 input, could be:     0.00    0.50
 Kpoints in:           32 . Kpoints trimmed:           31

siesta: k-grid: Number of k-points = 31
siesta: k-points from Monkhorst-Pack grid
siesta: k-cutoff (effective) =     6.942 Ang
siesta: k-point supercell and displacements
siesta: k-grid:     2     0     0      0.000
siesta: k-grid:     0     6     0      0.000
siesta: k-grid:     0     0     4      0.000

superc: Internal auxiliary supercell:     5 x     9 x     7  =     315
superc: Number of atoms, orbitals, and projectors:   1890  47250  34020

outcell: Unit cell vectors (Ang):
        7.443921   -0.000000   -0.000000
       -0.000000    2.526702   -0.000000
       -0.000000   -0.000000    3.471232

outcell: Cell vector modules (Ang)   :    7.443921    2.526702    3.471232
outcell: Cell angles (23,13,12) (deg):     90.0000     90.0000     90.0000
outcell: Cell volume (Ang**3)        :     65.2889
<dSpData1D:S at geom step 6
  <sparsity:sparsity for geom step 6
    nrows_g=150 nrows=8 sparsity=.9437 nnzs=21234, refcount: 7>
  <dData1D:(new from dSpData1D) n=21234, refcount: 1>
refcount: 1>
new_DM -- step:     7
Re-using DM from previous geometries...
Number of DMs in history: 1
 DM extrapolation coefficients: 
1   1.00000
New DM after history re-use:
<dSpData2D:SpM extrapolated using coords
  <sparsity:sparsity for geom step 6
    nrows_g=150 nrows=8 sparsity=.9437 nnzs=21234, refcount: 9>
  <dData2D:(temp array for extrapolation) n=21234 m=2, refcount: 1>
refcount: 1>
No. of atoms with KB's overlaping orbs in proc 0. Max # of overlaps:      79     644

InitMesh: MESH = 80 x 30 x 40 = 96000
InitMesh: Mesh cutoff (required, used) =   300.000   319.211 Ry
New grid distribution [1]: sub = 2
New grid distribution [2]: sub = 2
New grid distribution [3]: sub = 2
Setting up quadratic distribution...

        iscf     Eharris(eV)        E_KS(eV)     FreeEng(eV)     dDmax    Ef(eV) dHmax(eV)
   scf:    1   -24158.381053   -24158.386293   -24158.406849  0.001071 -6.563786  0.016955
     spin moment: {S} , |S| = {        0.0        0.0    0.98518 }     0.98518
   scf:    2   -24158.354509   -24158.375901   -24158.396172  0.012038 -6.563765  0.546858
     spin moment: {S} , |S| = {        0.0        0.0    0.99739 }     0.99739
   scf:    3   -24158.386321   -24158.386312   -24158.406859  0.011658 -6.563830  0.001902
     spin moment: {S} , |S| = {        0.0        0.0    0.98548 }     0.98548
   scf:    4   -24158.386313   -24158.386313   -24158.406859  0.000060 -6.563854  0.001947
     spin moment: {S} , |S| = {        0.0        0.0    0.98550 }     0.98550

SCF Convergence by DM criterion
max |DM_out - DM_in|         :     0.0000602137
max |H_out - H_in|      (eV) :     0.0019471917
SCF cycle converged after 4 iterations

Using DM_out to compute the final energy and forces
No. of atoms with KB's overlaping orbs in proc 0. Max # of overlaps:      79     644

siesta: E_KS(eV) =           -24158.3863

siesta: Atomic forces (eV/Ang):
     1   -0.047180   -0.000003   -0.000000
     2    0.003996   -0.000001    0.000000
     3    0.044332   -0.000000   -0.000001
     4   -0.023122   -0.000000    0.000002
     5    0.069320    0.000001   -0.000002
     6   -0.055906   -0.000000    0.000001
----------------------------------------
   Tot   -0.008560   -0.000003    0.000000
----------------------------------------
   Max    0.069320
   Res    0.026534    sqrt( Sum f_i^2 / 3N )
----------------------------------------
   Max    0.069320    constrained

Stress tensor Voigt[x,y,z,yz,xz,xy] (kbar):       -5.85       -1.03        3.68        0.00       -0.00       -0.00
(Free)E + p*V (eV/cell)   -24158.3634
Target enthalpy (eV/cell)   -24158.4069

siesta: Stress tensor (static) (eV/Ang**3):
        -0.003651    0.000000   -0.000000
        -0.000000   -0.000641   -0.000000
        -0.000000    0.000000    0.002294

siesta: Pressure (static):          1.06682161  kBar

siesta: Stress tensor (total) (eV/Ang**3):
        -0.003651    0.000000   -0.000000
        -0.000000   -0.000641   -0.000000
        -0.000000    0.000000    0.002294

siesta: Pressure (total):          1.06682161  kBar

cgvc: Finished line minimization    3.  Mean atomic displacement =    0.0328

                     ====================================
                        Begin CG opt. move =      7
                     ====================================
k-point displ. along   1 input, could be:     0.00    0.50
k-point displ. along   2 input, could be:     0.00    0.50
k-point displ. along   3 input, could be:     0.00    0.50
 Kpoints in:           32 . Kpoints trimmed:           31

siesta: k-grid: Number of k-points = 31
siesta: k-points from Monkhorst-Pack grid
siesta: k-cutoff (effective) =     6.908 Ang
siesta: k-point supercell and displacements
siesta: k-grid:     2     0     0      0.000
siesta: k-grid:     0     6     0      0.000
siesta: k-grid:     0     0     4      0.000

superc: Internal auxiliary supercell:     5 x     9 x     7  =     315
superc: Number of atoms, orbitals, and projectors:   1890  47250  34020

outcell: Unit cell vectors (Ang):
        7.468973   -0.000000   -0.000000
       -0.000000    2.540335   -0.000000
       -0.000000   -0.000000    3.453897

outcell: Cell vector modules (Ang)   :    7.468973    2.540335    3.453897
outcell: Cell angles (23,13,12) (deg):     90.0000     90.0000     90.0000
outcell: Cell volume (Ang**3)        :     65.5332
<dSpData1D:S at geom step 7
  <sparsity:sparsity for geom step 7
    nrows_g=150 nrows=8 sparsity=.9475 nnzs=21318, refcount: 7>
  <dData1D:(new from dSpData1D) n=21318, refcount: 1>
refcount: 1>
new_DM -- step:     8
Re-using DM from previous geometries...
Number of DMs in history: 1
 DM extrapolation coefficients: 
1   1.00000
New DM after history re-use:
<dSpData2D:SpM extrapolated using coords
  <sparsity:sparsity for geom step 7
    nrows_g=150 nrows=8 sparsity=.9475 nnzs=21318, refcount: 9>
  <dData2D:(temp array for extrapolation) n=21318 m=2, refcount: 1>
refcount: 1>
No. of atoms with KB's overlaping orbs in proc 0. Max # of overlaps:      79     654

InitMesh: MESH = 80 x 30 x 36 = 86400
InitMesh: Mesh cutoff (required, used) =   300.000   300.254 Ry
New grid distribution [1]: sub = 2
New grid distribution [2]: sub = 2
New grid distribution [3]: sub = 2
Setting up quadratic distribution...

        iscf     Eharris(eV)        E_KS(eV)     FreeEng(eV)     dDmax    Ef(eV) dHmax(eV)
   scf:    1   -24158.515967   -24158.319546   -24158.340193  0.112249 -6.568555  1.396386
     spin moment: {S} , |S| = {        0.0        0.0    0.94505 }     0.94505
   scf:    2   -23822.858936   -24047.399058   -24047.423414  0.999283 -6.128790 61.449194
     spin moment: {S} , |S| = {        0.0        0.0    1.32693 }     1.32693
   scf:    3   -24160.848366   -24158.386661   -24158.406968  0.979430 -6.562994  0.208838
     spin moment: {S} , |S| = {        0.0        0.0    0.97318 }     0.97318
   scf:    4   -24158.389484   -24158.388563   -24158.408945  0.002020 -6.562257  0.124427
     spin moment: {S} , |S| = {        0.0        0.0    0.97125 }     0.97125
   scf:    5   -24158.389116   -24158.388951   -24158.409286  0.001433 -6.561260  0.068981
     spin moment: {S} , |S| = {        0.0        0.0    0.97468 }     0.97468
   scf:    6   -24158.389277   -24158.389214   -24158.409574  0.002275 -6.559648  0.034153
     spin moment: {S} , |S| = {        0.0        0.0    0.97406 }     0.97406
   scf:    7   -24158.389604   -24158.389444   -24158.409789  0.006496 -6.555582  0.011552
     spin moment: {S} , |S| = {        0.0        0.0    0.97290 }     0.97290
   scf:    8   -24158.389483   -24158.389464   -24158.409806  0.000396 -6.555537  0.012089
     spin moment: {S} , |S| = {        0.0        0.0    0.97265 }     0.97265

SCF Convergence by DM criterion
max |DM_out - DM_in|         :     0.0003957750
max |H_out - H_in|      (eV) :     0.0120891988
SCF cycle converged after 8 iterations

Using DM_out to compute the final energy and forces
No. of atoms with KB's overlaping orbs in proc 0. Max # of overlaps:      79     654

siesta: E_KS(eV) =           -24158.3895

siesta: Atomic forces (eV/Ang):
     1    0.091660    0.000002   -0.000001
     2   -0.014552    0.000001   -0.000002
     3    0.002573   -0.000002    0.000004
     4   -0.029905   -0.000001   -0.000002
     5   -0.040583   -0.000001    0.000001
     6   -0.018096    0.000001    0.000001
----------------------------------------
   Tot   -0.008903    0.000001    0.000002
----------------------------------------
   Max    0.091660
   Res    0.025264    sqrt( Sum f_i^2 / 3N )
----------------------------------------
   Max    0.091660    constrained

Stress tensor Voigt[x,y,z,yz,xz,xy] (kbar):        0.90       10.41        3.98       -0.00       -0.00        0.00
(Free)E + p*V (eV/cell)   -24158.6183
Target enthalpy (eV/cell)   -24158.4098

siesta: Stress tensor (static) (eV/Ang**3):
         0.000562    0.000000   -0.000000
         0.000000    0.006497   -0.000000
        -0.000000   -0.000000    0.002485

siesta: Pressure (static):         -5.09697838  kBar

siesta: Stress tensor (total) (eV/Ang**3):
         0.000562    0.000000   -0.000000
         0.000000    0.006497   -0.000000
        -0.000000   -0.000000    0.002485

siesta: Pressure (total):         -5.09697838  kBar

                     ====================================
                        Begin CG opt. move =      8
                     ====================================
k-point displ. along   1 input, could be:     0.00    0.50
k-point displ. along   2 input, could be:     0.00    0.50
k-point displ. along   3 input, could be:     0.00    0.50
 Kpoints in:           32 . Kpoints trimmed:           31

siesta: k-grid: Number of k-points = 31
siesta: k-points from Monkhorst-Pack grid
siesta: k-cutoff (effective) =     6.924 Ang
siesta: k-point supercell and displacements
siesta: k-grid:     2     0     0      0.000
siesta: k-grid:     0     6     0      0.000
siesta: k-grid:     0     0     4      0.000

superc: Internal auxiliary supercell:     5 x     9 x     7  =     315
superc: Number of atoms, orbitals, and projectors:   1890  47250  34020

outcell: Unit cell vectors (Ang):
        7.456985   -0.000000   -0.000000
       -0.000000    2.533811   -0.000000
       -0.000000   -0.000000    3.462193

outcell: Cell vector modules (Ang)   :    7.456985    2.533811    3.462193
outcell: Cell angles (23,13,12) (deg):     90.0000     90.0000     90.0000
outcell: Cell volume (Ang**3)        :     65.4167
<dSpData1D:S at geom step 8
  <sparsity:sparsity for geom step 8
    nrows_g=150 nrows=8 sparsity=.9437 nnzs=21234, refcount: 7>
  <dData1D:(new from dSpData1D) n=21234, refcount: 1>
refcount: 1>
new_DM -- step:     9
Re-using DM from previous geometries...
Number of DMs in history: 1
 DM extrapolation coefficients: 
1   1.00000
New DM after history re-use:
<dSpData2D:SpM extrapolated using coords
  <sparsity:sparsity for geom step 8
    nrows_g=150 nrows=8 sparsity=.9437 nnzs=21234, refcount: 9>
  <dData2D:(temp array for extrapolation) n=21234 m=2, refcount: 1>
refcount: 1>
No. of atoms with KB's overlaping orbs in proc 0. Max # of overlaps:      79     644

InitMesh: MESH = 80 x 30 x 40 = 96000
InitMesh: Mesh cutoff (required, used) =   300.000   318.094 Ry
New grid distribution [1]: sub = 2
New grid distribution [2]: sub = 2
New grid distribution [3]: sub = 2
Setting up quadratic distribution...

        iscf     Eharris(eV)        E_KS(eV)     FreeEng(eV)     dDmax    Ef(eV) dHmax(eV)
   scf:    1   -24158.182975   -24158.377064   -24158.397300  0.033561 -6.554488  0.522391
     spin moment: {S} , |S| = {        0.0        0.0    0.98863 }     0.98863
   scf:    2   -24123.769254   -24146.967903   -24146.984299  0.226618 -6.546952 16.989532
     spin moment: {S} , |S| = {        0.0        0.0    0.60974 }     0.60974
   scf:    3   -24158.810676   -24158.386915   -24158.407297  0.217455 -6.557302  0.132226
     spin moment: {S} , |S| = {        0.0        0.0    0.97344 }     0.97344
   scf:    4   -24158.387468   -24158.387383   -24158.407775  0.001795 -6.557357  0.035482
     spin moment: {S} , |S| = {        0.0        0.0    0.97423 }     0.97423
   scf:    5   -24158.387458   -24158.387441   -24158.407807  0.000580 -6.557490  0.017978
     spin moment: {S} , |S| = {        0.0        0.0    0.97583 }     0.97583
   scf:    6   -24158.387463   -24158.387456   -24158.407827  0.000545 -6.557886  0.012057
     spin moment: {S} , |S| = {        0.0        0.0    0.97549 }     0.97549
   scf:    7   -24158.387544   -24158.387506   -24158.407862  0.002105 -6.559254  0.005361
     spin moment: {S} , |S| = {        0.0        0.0    0.97558 }     0.97558
   scf:    8   -24158.387515   -24158.387511   -24158.407864  0.000188 -6.559313  0.002154
     spin moment: {S} , |S| = {        0.0        0.0    0.97554 }     0.97554

SCF Convergence by DM criterion
max |DM_out - DM_in|         :     0.0001882959
max |H_out - H_in|      (eV) :     0.0021539671
SCF cycle converged after 8 iterations

Using DM_out to compute the final energy and forces
No. of atoms with KB's overlaping orbs in proc 0. Max # of overlaps:      79     644

siesta: E_KS(eV) =           -24158.3875

siesta: Atomic forces (eV/Ang):
     1    0.027719    0.000002    0.000001
     2   -0.001493    0.000001   -0.000001
     3    0.014117   -0.000001   -0.000000
     4   -0.024753    0.000001   -0.000002
     5    0.013192   -0.000000   -0.000001
     6   -0.041185    0.000001    0.000002
----------------------------------------
   Tot   -0.012403    0.000002   -0.000001
----------------------------------------
   Max    0.041185
   Res    0.013850    sqrt( Sum f_i^2 / 3N )
----------------------------------------
   Max    0.041185    constrained

Stress tensor Voigt[x,y,z,yz,xz,xy] (kbar):       -3.49        2.24        3.08       -0.00       -0.00       -0.00
(Free)E + p*V (eV/cell)   -24158.4328
Target enthalpy (eV/cell)   -24158.4079

siesta: Stress tensor (static) (eV/Ang**3):
        -0.002176    0.000000   -0.000000
        -0.000000    0.001398   -0.000000
        -0.000000   -0.000000    0.001924

siesta: Pressure (static):         -0.61158982  kBar

siesta: Stress tensor (total) (eV/Ang**3):
        -0.002176    0.000000   -0.000000
        -0.000000    0.001398   -0.000000
        -0.000000   -0.000000    0.001924

siesta: Pressure (total):         -0.61158982  kBar

outcoor: Relaxed atomic coordinates (fractional):           
    0.33303718   -0.00000009   -0.00000000   1       1  Ni
    0.16956630    0.49999993    0.50000005   1       2  Ni
    0.49747767    0.50000000    0.49999998   1       3  Ni
    0.83188493    0.50000001    0.50000001   1       4  Ni
    0.00124732    0.00000003    0.00000004   2       5  Mn
    0.66592201   -0.00000002   -0.00000002   2       6  Mn

outcell: Unit cell vectors (Ang):
        7.456985   -0.000000   -0.000000
       -0.000000    2.533811   -0.000000
       -0.000000   -0.000000    3.462193

outcell: Cell vector modules (Ang)   :    7.456985    2.533811    3.462193
outcell: Cell angles (23,13,12) (deg):     90.0000     90.0000     90.0000
outcell: Cell volume (Ang**3)        :     65.4167

coxmol: Writing XMOL coordinates into file hea.xyz                                                                                                                                                                                                                             
Writing WFSX for COOP/COHP in hea.fullBZ.WFSX

diag: Algorithm                                     = D&C
diag: Parallel over k                               =   F
diag: Use parallel 2D distribution                  =   T
diag: Parallel block-size                           = 4
diag: Parallel distribution                         =     6 x     6
diag: Used triangular part                          = Lower
diag: Absolute tolerance                            =  0.100E-15
diag: Orthogonalization factor                      =  0.100E-05
diag: Memory factor                                 =  1.0000

diag: Algorithm                                     = D&C
diag: Parallel over k                               =   F
diag: Use parallel 2D distribution                  =   T
diag: Parallel block-size                           = 4
diag: Parallel distribution                         =     6 x     6
diag: Used triangular part                          = Lower
diag: Absolute tolerance                            =  0.100E-15
diag: Orthogonalization factor                      =  0.100E-05
diag: Memory factor                                 =  1.0000

siesta: PDOS info
siesta: E1 -- E2, sigma [eV], nhist:  -20.000 --   20.000    0.100 1000

diag: Algorithm                                     = D&C
diag: Parallel over k                               =   F
diag: Use parallel 2D distribution                  =   T
diag: Parallel block-size                           = 4
diag: Parallel distribution                         =     6 x     6
diag: Used triangular part                          = Lower
diag: Absolute tolerance                            =  0.100E-15
diag: Orthogonalization factor                      =  0.100E-05
diag: Memory factor                                 =  1.0000

siesta: Program's energy decomposition (eV):
siesta: Ebs     =     -4035.719643
siesta: Eions   =     31174.011634
siesta: Ena     =      2310.054423
siesta: Ekin    =     11204.582605
siesta: Enl     =     -3264.930413
siesta: Eso     =         0.000000
siesta: Edftu   =         0.000000
siesta: DEna    =        61.097159
siesta: DUscf   =         0.751768
siesta: DUext   =         0.000000
siesta: Ex      =     -3107.613447
siesta: Ec      =      -188.317974
siesta: Exc     =     -3295.931421
siesta: EbV     =         0.000000
siesta: eta*DQ  =         0.000000
siesta: Emadel  =         0.000000
siesta: Emeta   =         0.000000
siesta: Emolmec =         0.000000
siesta: Ekinion =         0.000000
siesta: Eharris =    -24158.387515
siesta: Etot    =    -24158.387511
siesta: FreeEng =    -24158.407864

siesta: Final energy (eV):
siesta:  Band Struct. =   -4035.719643
siesta:       Kinetic =   11204.582605
siesta:       Hartree =    6438.034482
siesta:         Edftu =       0.000000
siesta:       Eso     =       0.000000
siesta:    Ext. field =       0.000000
siesta:         Exch. =   -3107.613447
siesta:         Corr. =    -188.317974
siesta:     Bulk bias =       0.000000
siesta:   Exch.-corr. =   -3295.931421
siesta:  Ion-electron =  -24836.209995
siesta:       Ion-ion =  -13668.863183
siesta:       Ekinion =       0.000000
siesta: D3 dispersion =       0.000000
siesta:         Total =  -24158.387511
siesta:         Fermi =      -6.559313

siesta: Stress tensor (static) (eV/Ang**3):
siesta:    -0.002176    0.000000   -0.000000
siesta:    -0.000000    0.001398   -0.000000
siesta:    -0.000000   -0.000000    0.001924

siesta: Constrained stress tensor (static) (eV/Ang**3):
siesta:    -0.002176    0.000000   -0.000000
siesta:     0.000000    0.001398   -0.000000
siesta:    -0.000000   -0.000000    0.001924

siesta: Cell volume =         65.416707 Ang**3

siesta: Pressure (static):
siesta:                Solid            Molecule  Units
siesta:          -0.00000416          0.00000695  Ry/Bohr**3
siesta:          -0.00038172          0.00063793  eV/Ang**3
siesta:          -0.61158982          1.02207522  kBar
(Free)E+ p_basis*V_orbitals  =      -24140.716580
(Free)Eharris+ p_basis*V_orbitals  =      -24140.716584

mulliken: Atomic and Orbital Populations:

mulliken: Spin UP 

Species: Ni                  
Atom  Qatom  Qorb
               3s      4s      4s      4s      3py     3pz     3px     4py     
               4pz     4px     3dxy    3dyz    3dz2    3dxz    3dx2-y2 3dxy    
               3dyz    3dz2    3dxz    3dx2-y2 3dxy    3dyz    3dz2    3dxz    
               3dx2-y2 
   1  9.242   0.988   0.159   0.010   0.043   0.999   0.999   0.998   0.172
              0.171   0.179   1.151   1.227   1.179   1.215   1.213  -0.058

             -0.062  -0.061  -0.060  -0.064  -0.194  -0.255  -0.196  -0.259

             -0.253
   2  9.094   0.986  -0.202   0.064   0.211   0.999   0.998   0.998   0.166
              0.176   0.176   1.162   1.214   1.182   1.175   1.192  -0.055

             -0.057  -0.053  -0.058  -0.048  -0.186  -0.252  -0.203  -0.245

             -0.246
   3  8.943   0.984  -0.316   0.090   0.254   0.998   0.998   0.998   0.188
              0.193   0.193   1.156   1.204   1.080   1.186   1.130  -0.063

             -0.067  -0.063  -0.064  -0.058  -0.185  -0.247  -0.169  -0.249

             -0.231
   4  8.944   0.984  -0.328   0.096   0.259   0.998   0.998   0.998   0.189
              0.189   0.199   1.154   1.207   1.119   1.161   1.156  -0.066

             -0.068  -0.062  -0.066  -0.053  -0.186  -0.255  -0.195  -0.243

             -0.243

Species: Mn                  
Atom  Qatom  Qorb
               3s      4s      4s      4s      3py     3pz     3px     4py     
               4pz     4px     3dxy    3dyz    3dz2    3dxz    3dx2-y2 3dxy    
               3dyz    3dz2    3dxz    3dx2-y2 3dxy    3dyz    3dz2    3dxz    
               3dx2-y2 
   5  9.219   1.007   0.227   0.054  -0.085   0.996   0.995   0.996   0.188
              0.177   0.189   1.275   1.424   1.219   1.390   1.386  -0.072

             -0.096  -0.061  -0.095  -0.113  -0.313  -0.421  -0.258  -0.407

             -0.383
   6  6.046   0.976   0.423   0.036  -0.229   0.992   0.993   0.992   0.133
              0.132   0.120   0.339   0.698   0.261   0.630   0.636  -0.032

             -0.063  -0.031  -0.058  -0.067  -0.083  -0.267  -0.041  -0.236

             -0.210

mulliken: Qtot =       51.488

mulliken: Spin DOWN 

Species: Ni                  
Atom  Qatom  Qorb
               3s      4s      4s      4s      3py     3pz     3px     4py     
               4pz     4px     3dxy    3dyz    3dz2    3dxz    3dx2-y2 3dxy    
               3dyz    3dz2    3dxz    3dx2-y2 3dxy    3dyz    3dz2    3dxz    
               3dx2-y2 
   1  8.901   0.985   0.157   0.021   0.034   0.999   0.999   0.998   0.175
              0.173   0.181   1.124   1.097   1.151   1.088   1.175  -0.068

             -0.069  -0.070  -0.066  -0.073  -0.194  -0.232  -0.196  -0.235

             -0.251
   2  8.750   0.982  -0.321   0.098   0.248   0.998   0.998   0.998   0.192
              0.197   0.194   1.144   1.157   1.074   1.166   1.033  -0.071

             -0.073  -0.070  -0.074  -0.061  -0.185  -0.244  -0.174  -0.248

             -0.211
   3  8.900   0.984  -0.210   0.070   0.214   0.999   0.998   0.998   0.169
              0.183   0.182   1.121   1.153   1.176   1.094   1.154  -0.060

             -0.062  -0.058  -0.060  -0.055  -0.179  -0.238  -0.205  -0.225

             -0.241
   4  8.904   0.983  -0.326   0.097   0.256   0.998   0.998   0.998   0.188
              0.192   0.202   1.155   1.179   1.137   1.171   1.110  -0.067

             -0.069  -0.064  -0.068  -0.054  -0.187  -0.247  -0.201  -0.245

             -0.234

Species: Mn                  
Atom  Qatom  Qorb
               3s      4s      4s      4s      3py     3pz     3px     4py     
               4pz     4px     3dxy    3dyz    3dz2    3dxz    3dx2-y2 3dxy    
               3dyz    3dz2    3dxz    3dx2-y2 3dxy    3dyz    3dz2    3dxz    
               3dx2-y2 
   5  5.935   0.975   0.424   0.042  -0.235   0.993   0.993   0.993   0.132
              0.131   0.120   0.346   0.659   0.225   0.609   0.564  -0.034

             -0.060  -0.029  -0.056  -0.060  -0.088  -0.255  -0.031  -0.233

             -0.190
   6  9.123   1.006   0.233   0.058  -0.089   0.995   0.994   0.994   0.188
              0.182   0.194   1.270   1.354   1.222   1.338   1.367  -0.070

             -0.091  -0.060  -0.091  -0.111  -0.314  -0.410  -0.264  -0.393

             -0.380

mulliken: Qtot =       50.512

Mulliken Atomic Populations:
Atom #   charge [q] valence [e]      Sz [e]  Species
     1    -0.142941   18.142941    0.341375  Ni
     2     0.156275   17.843725    0.343988  Ni
     3     0.156783   17.843217    0.043525  Ni
     4     0.152785   17.847215    0.039962  Ni
     5    -0.153841   15.153841    3.283697  Mn
     6    -0.169062   15.169062   -3.077004  Mn
-------------------------------------------
 Total     0.000000                0.975543

cite: Please indicate the Siesta version in published work: 5.2.2
cite: This calculation has made use of features in the following articles
cite: which we encourage you to cite in published work.
cite: (Please see "hea.bib" for a BibTeX file.)
        Primary SIESTA paper
          DOI: www.doi.org/10.1088/0953-8984/14/11/302
        PSML pseudopotential format
          DOI: www.doi.org/10.1016/j.cpc.2018.02.011


>> End of run:  29-JUL-2025  19:33:37
Job completed
