Executable      : /home/users/felipegc/woltsoft/SIESTA/siesta-5.2.2/build/bin/siesta
Version         : 5.2.2
Architecture    : x86_64
Compiler version: GNU-9.3.0
Compiler flags  : -O3 -march=native
Parallelisations: MPI
Lua support
Native ELPA support
ELSI support. Solvers:
   ELPA (internal) 
   NTPoly
   OMM
DFT-D3 support
Wannier90 wrapper support

Runtime information:
* Directory : /home/users/felipegc/MnNiGa/optimizations_afm/top/structure_calc_24
* Running on 48 nodes in parallel.
>> Start of run:  30-JUL-2025   6:30:20

                           *********************** 
                           *  WELCOME TO SIESTA  * 
                           *********************** 

 NOTE: Siesta V5 introduces some new defaults for basis-set generation
 NOTE: which might lead to slightly different numerical results.
 NOTE: Please see the manual for full details and compatibility measures.


reinit: Reading from standard input
reinit: Dumping input in INPUT_TMP.04290
************************** Dump of input data file ****************************
SystemName          hea
SystemLabel         hea
Reparametrize.Pseudos T
Restricted.Radial.Grid F
%include atoms.fdf
MaxSCFIterations     20000
SCF.Mix              Hamiltonian
SCF.Mixer.Method     Broyden
#SCF.Mixer.Variant    original #Pulay original
SCF.Mixer.History    8
SCF.Mixer.Weight     0.07
SCF.H.Converge       False
SCF.DM.Converge      True
SCF.DM.Tolerance     5.d-4
SCF.H.Tolerance      5.d-3 eV
MeshCutoff 300.0 Ry
MD.UseSaveCG         False
DM.UseSaveDM         False
NumberOfEigenStates -20
ElectronicTemperature 300 K
WriteCoorXmol        True
XC.Functional     GGA
XC.authors        PBEsol
Spin polarized
DM.InitSpin.AF true
SolutionMethod       diagon
#Diag.Algorithm        MRRR
###################################
###################################
# Full template for Basis param.
###################################
###################################
Basis.Pressure 0.3 GPa
PAO.SoftDefault T
PAO.SoftPotential 50.0 Ry
PAO.SoftInnerRadius 0.70
PAO.BasisType split
PAO.EnergyShift 0.0019 eV
PAO.BasisSize TZP
PAO.SplitTailNorm T
            %block kgrid_Monkhorst_Pack
            6  0  0  0.
            0  3  0  0.
            0  0  2  0.
            %endblock kgrid_Monkhorst_Pack
            MD.TypeOfRun CG
            MD.Steps         500
            MD.VariableCell true
            MD.MaxForceTol 0.05 eV/Ang
            WriteMDHistory true
            WriteForces true
            Write.OrbitalIndex true
            Charge.Mulliken end
            COOP.Write true
            %block ProjectedDensityOfStates
            -20.00 20.00 0.1 1000 eV
            %endblock ProjectedDensityOfStates
************************** End of input data file *****************************

reinit: -----------------------------------------------------------------------
reinit: System Name: hea
reinit: -----------------------------------------------------------------------
reinit: System Label: hea
reinit: -----------------------------------------------------------------------

NOTE on units for spin output: 
{S} is the spin magnetic moment, in units of the Bohr magneton,
assuming a g-factor for the electron spin of exactly 2.
The spin magnetic moment is then numerically equal to the charge inbalance,
in units of electrons, between the spin-up and -down channels.


initatom: Reading input for the pseudopotentials and atomic orbitals ----------
Species number:   1 Atomic number:   28 Label: Ni
Species number:   2 Atomic number:   25 Label: Mn

Ground state valence configuration (from tables):   4s02  4p00  3d08  4f00
Ground state valence configuration (from tables):   4s02  4p00  3d05  4f00

---- Processing specs for species: Ni
Reading pseudopotential information in PSML from:
  Ni.psml
PSML file version: 1.1
Using libxc ids:  101 130
GGA--PBE XC_GGA_X_PBE--XC_GGA_C_PBE pb
PSML uuid: 020bdba0-be42-11e7-6ded-a592ddfb3399
Semicore shell(s) with  8 electrons included in the valence for Ni

---- Processing specs for species: Mn
Reading pseudopotential information in PSML from:
  Mn.psml
PSML file version: 1.1
Using libxc ids:  101 130
GGA--PBE XC_GGA_X_PBE--XC_GGA_C_PBE pb
PSML uuid: e5ebd880-be41-11e7-659b-074ddfc7bd15
Semicore shell(s) with  8 electrons included in the valence for Mn

---- Pseudopotential check for Ni

Pseudized shells:
3s( 2.00) rc: 1.26
3p( 6.00) rc: 1.35
3d( 8.00) rc: 1.66
Valence configuration for ps generation: 3s:3p:3d:4s: Total charge:  18.000000
Semicore shell(s): 3s 3p
Fallback to non-perturbative polarization scheme for Ni
Please see the manual if this is not desired in principle

---- Pseudopotential check for Mn

Pseudized shells:
3s( 2.00) rc: 1.41
3p( 6.00) rc: 1.21
3d( 5.00) rc: 1.61
Valence configuration for ps generation: 3s:3p:3d:4s: Total charge:  15.000000
Semicore shell(s): 3s 3p
Fallback to non-perturbative polarization scheme for Mn
Please see the manual if this is not desired in principle
For Ni, standard SIESTA heuristics set lmxkb to 3
 (one more than the basis l, including polarization orbitals).
Use PS.lmax or PS.KBprojectors blocks to override.
For Mn, standard SIESTA heuristics set lmxkb to 3
 (one more than the basis l, including polarization orbitals).
Use PS.lmax or PS.KBprojectors blocks to override.
Ni pseudopotential only contains V_ls up to l=2 -- lmxkb reset.
Mn pseudopotential only contains V_ls up to l=2 -- lmxkb reset.

<basis_specs>
===============================================================================
Ni                   Z=  28    Mass=  58.693        Charge= 0.17977+309
Lmxo=2 Lmxkb= 2    BasisType=split      Semic=T
L=0  Nsemic=1  Cnfigmx=4
          i=1  nzeta=1  polorb=0  (3s)  (semicore shell)
            splnorm:   0.15000    
               vcte:    50.000    
               rinn:  -0.70000    
               qcoe:    0.0000    
               qyuk:    0.0000    
               qwid:   0.10000E-01
                rcs:    0.0000    
            lambdas:    1.0000    
          i=2  nzeta=3  polorb=0  (4s)  (to be polarized non-perturbatively)
            splnorm:   0.15000    
               vcte:    50.000    
               rinn:  -0.70000    
               qcoe:    0.0000    
               qyuk:    0.0000    
               qwid:   0.10000E-01
                rcs:    0.0000      0.0000      0.0000    
            lambdas:    1.0000      1.0000      1.0000    
L=1  Nsemic=1  Cnfigmx=4
          i=1  nzeta=1  polorb=0  (3p)  (semicore shell)
            splnorm:   0.15000    
               vcte:    50.000    
               rinn:  -0.70000    
               qcoe:    0.0000    
               qyuk:    0.0000    
               qwid:   0.10000E-01
                rcs:    0.0000    
            lambdas:    1.0000    
          i=2  nzeta=1  polorb=0  (4p)  (non-perturbative polarization shell)
            splnorm:   0.15000    
               vcte:    50.000    
               rinn:  -0.70000    
               qcoe:   0.40536-315
               qyuk:    0.0000    
               qwid:   0.69526-309
                rcs:    0.0000    
            lambdas:    1.0000    
L=2  Nsemic=0  Cnfigmx=3
          i=1  nzeta=3  polorb=0  (3d)
            splnorm:   0.15000    
               vcte:    50.000    
               rinn:  -0.70000    
               qcoe:    0.0000    
               qyuk:    0.0000    
               qwid:   0.10000E-01
                rcs:    0.0000      0.0000      0.0000    
            lambdas:    1.0000      1.0000      1.0000    
-------------------------------------------------------------------------------
L=0  Nkbl=2  erefs: 0.17977+309 0.17977+309
L=1  Nkbl=2  erefs: 0.17977+309 0.17977+309
L=2  Nkbl=1  erefs: 0.17977+309
===============================================================================
</basis_specs>

Using PAO.SplitTailNorm
atom: Called for Ni                    (Z =  28)
Maximum radius (at nrval) set to   50.00000 8518

read_vps: Pseudopotential generation method:
read_vps: ONCVPSP-3.Hamann's oncvpsp                        
Valence charge in pseudo generation:   18.00000

read_vps: Pseudopotential includes a core correction:
read_vps: Pseudo-core for xc-correction

xc_check: Exchange-correlation functional:
xc_check: GGA PBEsol
xc_check: WARNING: Pseudopotential generated with GGA PBE functional
Got Vlocal (oncv-fit) from psml data
Choosing vlocal chloc cutoff:  3.188973
qtot up to nchloc:   17.99992641
atom: Maximum radius for chlocal:    3.18897
atom: Maximum radius for r*vlocal+2*Zval:    3.18897
Reading KB projs from Ni psml data
Using scalar-relativistic projectors in PSML file

PSML: Kleinman-Bylander projectors: 
   l= 0   rc=  1.276377   Ekb= 12.509070
   l= 0   rc=  1.276377   Ekb= -0.503495
   l= 1   rc=  1.371030   Ekb= -5.680418
   l= 1   rc=  1.371030   Ekb= -0.775211
   l= 2   rc=  1.680171   Ekb=-14.446879
   l= 2   rc=  1.680171   Ekb= -5.088878

PSML: Total number of  Kleinman-Bylander projectors:  18
atom: -------------------------------------------------------------------------

atom: SANKEY-TYPE ORBITALS:
atom: Selected multiple-zeta basis: split     

SPLIT: Orbitals with angular momentum L= 0

SPLIT: Basis orbitals for state 3s

SPLIT: PAO cut-off radius determined from an
SPLIT: energy shift=  0.000140 Ry
Split based on tail norm

   izeta = 1
                 lambda =    1.000000
                     rc =    2.999668
                 energy =   -8.139209
                kinetic =    3.776111
    potential(screened) =  -11.915319
       potential(ionic) =  -45.801861

SPLIT: Basis orbitals for state 4s

SPLIT: PAO cut-off radius determined from an
SPLIT: energy shift=  0.000140 Ry
Split based on tail norm

   izeta = 1
                 lambda =    1.000000
                     rc =    9.316220
                 energy =   -0.512978
                kinetic =    1.389681
    potential(screened) =   -1.902658
       potential(ionic) =  -17.770111

   izeta = 2
                 rmatch =    4.957068
              splitnorm =    0.150000
                 energy =   -0.410487
                kinetic =    2.329090
    potential(screened) =   -2.739576
       potential(ionic) =  -21.501560

   izeta = 3
                 rmatch =    5.824741
              splitnorm =    0.075000
                 energy =   -0.473172
                kinetic =    1.899833
    potential(screened) =   -2.373005
       potential(ionic) =  -19.995099

SPLIT: Orbitals with angular momentum L= 1

SPLIT: Basis orbitals for state 3p

SPLIT: PAO cut-off radius determined from an
SPLIT: energy shift=  0.000140 Ry
Split based on tail norm

   izeta = 1
                 lambda =    1.000000
                     rc =    3.414070
                 energy =   -5.225411
                kinetic =    9.244220
    potential(screened) =  -14.469631
       potential(ionic) =  -47.296381

SPLIT: Basis orbitals for state 4p
SPLIT: Non-perturbative polarization orbs for state 4s
SPLIT: rc(1st zeta) (re)set to: 9.3162 (expansion factor: 1.0000)
Split based on tail norm

   izeta = 1
                 lambda =    1.000000
                     rc =    9.316220
                 energy =   -0.065208
                kinetic =    0.825147
    potential(screened) =   -0.890355
       potential(ionic) =  -12.014212

SPLIT: Orbitals with angular momentum L= 2

SPLIT: Basis orbitals for state 3d

SPLIT: PAO cut-off radius determined from an
SPLIT: energy shift=  0.000140 Ry
Split based on tail norm

   izeta = 1
                 lambda =    1.000000
                     rc =    6.323353
                 energy =   -0.639566
                kinetic =   11.441999
    potential(screened) =  -12.081565
       potential(ionic) =  -40.678115

   izeta = 2
                 rmatch =    2.624859
              splitnorm =    0.150000
                 energy =   -0.513226
                kinetic =   13.528651
    potential(screened) =  -14.041878
       potential(ionic) =  -44.582092

   izeta = 3
                 rmatch =    3.356353
              splitnorm =    0.075000
                 energy =   -0.605538
                kinetic =   12.372939
    potential(screened) =  -12.978477
       potential(ionic) =  -42.595740
atom: Total number of Sankey-type orbitals: 25

atm_pop: Valence configuration (for local Pseudopot. screening):
 3s( 2.00) 4s( 2.00)                                                  
 3p( 6.00) 4p( 0.00)                                                  
 3d( 8.00)                                                            
Vna: chval, zval:   18.00000  18.00000

Vna:  Cut-off radius for the neutral-atom potential:   9.316220
comcore: Pseudo-core radius Rcore=  1.817282

atom: _________________________________________________________________________

<basis_specs>
===============================================================================
Mn                   Z=  25    Mass=  54.938        Charge= 0.17977+309
Lmxo=2 Lmxkb= 2    BasisType=split      Semic=T
L=0  Nsemic=1  Cnfigmx=4
          i=1  nzeta=1  polorb=0  (3s)  (semicore shell)
            splnorm:   0.15000    
               vcte:    50.000    
               rinn:  -0.70000    
               qcoe:    0.0000    
               qyuk:    0.0000    
               qwid:   0.10000E-01
                rcs:    0.0000    
            lambdas:    1.0000    
          i=2  nzeta=3  polorb=0  (4s)  (to be polarized non-perturbatively)
            splnorm:   0.15000    
               vcte:    50.000    
               rinn:  -0.70000    
               qcoe:    0.0000    
               qyuk:    0.0000    
               qwid:   0.10000E-01
                rcs:    0.0000      0.0000      0.0000    
            lambdas:    1.0000      1.0000      1.0000    
L=1  Nsemic=1  Cnfigmx=4
          i=1  nzeta=1  polorb=0  (3p)  (semicore shell)
            splnorm:   0.15000    
               vcte:    50.000    
               rinn:  -0.70000    
               qcoe:    0.0000    
               qyuk:    0.0000    
               qwid:   0.10000E-01
                rcs:    0.0000    
            lambdas:    1.0000    
          i=2  nzeta=1  polorb=0  (4p)  (non-perturbative polarization shell)
            splnorm:   0.15000    
               vcte:    50.000    
               rinn:  -0.70000    
               qcoe:   0.40536-315
               qyuk:    0.0000    
               qwid:   0.69526-309
                rcs:    0.0000    
            lambdas:    1.0000    
L=2  Nsemic=0  Cnfigmx=3
          i=1  nzeta=3  polorb=0  (3d)
            splnorm:   0.15000    
               vcte:    50.000    
               rinn:  -0.70000    
               qcoe:    0.0000    
               qyuk:    0.0000    
               qwid:   0.10000E-01
                rcs:    0.0000      0.0000      0.0000    
            lambdas:    1.0000      1.0000      1.0000    
-------------------------------------------------------------------------------
L=0  Nkbl=2  erefs: 0.17977+309 0.17977+309
L=1  Nkbl=2  erefs: 0.17977+309 0.17977+309
L=2  Nkbl=1  erefs: 0.17977+309
===============================================================================
</basis_specs>

Using PAO.SplitTailNorm
atom: Called for Mn                    (Z =  25)
Maximum radius (at nrval) set to   50.00000 8518

read_vps: Pseudopotential generation method:
read_vps: ONCVPSP-3.Hamann's oncvpsp                        
Valence charge in pseudo generation:   15.00000

read_vps: Pseudopotential includes a core correction:
read_vps: Pseudo-core for xc-correction

xc_check: Exchange-correlation functional:
xc_check: GGA PBEsol
xc_check: WARNING: Pseudopotential generated with GGA PBE functional
Got Vlocal (oncv-fit) from psml data
Choosing vlocal chloc cutoff:  3.504263
qtot up to nchloc:   15.00032895
atom: Maximum radius for chlocal:    3.50426
atom: Maximum radius for r*vlocal+2*Zval:    3.50426
Reading KB projs from Mn psml data
Using scalar-relativistic projectors in PSML file

PSML: Kleinman-Bylander projectors: 
   l= 0   rc=  1.427391   Ekb= 18.471374
   l= 0   rc=  1.430269   Ekb=  3.121111
   l= 1   rc=  1.224702   Ekb=  3.156115
   l= 1   rc=  1.224702   Ekb= -1.424352
   l= 2   rc=  1.630219   Ekb=-13.224142
   l= 2   rc=  1.630219   Ekb= -4.330632

PSML: Total number of  Kleinman-Bylander projectors:  18
atom: -------------------------------------------------------------------------

atom: SANKEY-TYPE ORBITALS:
atom: Selected multiple-zeta basis: split     

SPLIT: Orbitals with angular momentum L= 0

SPLIT: Basis orbitals for state 3s

SPLIT: PAO cut-off radius determined from an
SPLIT: energy shift=  0.000140 Ry
Split based on tail norm

   izeta = 1
                 lambda =    1.000000
                     rc =    3.380000
                 energy =   -6.293298
                kinetic =    2.848567
    potential(screened) =   -9.141865
       potential(ionic) =  -33.519753

SPLIT: Basis orbitals for state 4s

SPLIT: PAO cut-off radius determined from an
SPLIT: energy shift=  0.000140 Ry
Split based on tail norm

   izeta = 1
                 lambda =    1.000000
                     rc =   10.002455
                 energy =   -0.450676
                kinetic =    1.112603
    potential(screened) =   -1.563278
       potential(ionic) =  -13.199632

   izeta = 2
                 rmatch =    5.430276
              splitnorm =    0.150000
                 energy =   -0.360834
                kinetic =    1.875764
    potential(screened) =   -2.236598
       potential(ionic) =  -15.982656

   izeta = 3
                 rmatch =    6.342382
              splitnorm =    0.075000
                 energy =   -0.415048
                kinetic =    1.529261
    potential(screened) =   -1.944310
       potential(ionic) =  -14.865309

SPLIT: Orbitals with angular momentum L= 1

SPLIT: Basis orbitals for state 3p

SPLIT: PAO cut-off radius determined from an
SPLIT: energy shift=  0.000140 Ry
Split based on tail norm

   izeta = 1
                 lambda =    1.000000
                     rc =    3.873861
                 energy =   -3.996757
                kinetic =    6.976018
    potential(screened) =  -10.972775
       potential(ionic) =  -34.563053

SPLIT: Basis orbitals for state 4p
SPLIT: Non-perturbative polarization orbs for state 4s
SPLIT: rc(1st zeta) (re)set to: 10.0025 (expansion factor: 1.0000)
Split based on tail norm

   izeta = 1
                 lambda =    1.000000
                     rc =   10.002455
                 energy =   -0.085879
                kinetic =    0.770317
    potential(screened) =   -0.856196
       potential(ionic) =   -9.409918

SPLIT: Orbitals with angular momentum L= 2

SPLIT: Basis orbitals for state 3d

SPLIT: PAO cut-off radius determined from an
SPLIT: energy shift=  0.000140 Ry
Split based on tail norm

   izeta = 1
                 lambda =    1.000000
                     rc =    7.238756
                 energy =   -0.490123
                kinetic =    9.261574
    potential(screened) =   -9.751697
       potential(ionic) =  -30.334327

   izeta = 2
                 rmatch =    3.144499
              splitnorm =    0.150000
                 energy =   -0.401801
                kinetic =   11.021778
    potential(screened) =  -11.423579
       potential(ionic) =  -33.555539

   izeta = 3
                 rmatch =    3.972182
              splitnorm =    0.075000
                 energy =   -0.464167
                kinetic =   10.072383
    potential(screened) =  -10.536551
       potential(ionic) =  -31.940836
atom: Total number of Sankey-type orbitals: 25

atm_pop: Valence configuration (for local Pseudopot. screening):
 3s( 2.00) 4s( 2.00)                                                  
 3p( 6.00) 4p( 0.00)                                                  
 3d( 5.00)                                                            
Vna: chval, zval:   15.00000  15.00000

Vna:  Cut-off radius for the neutral-atom potential:  10.002455
comcore: Pseudo-core radius Rcore=  2.115123

atom: _________________________________________________________________________

prinput: Basis input 

PAO.BasisType split     

%block ChemicalSpeciesLabel
    1   28 Ni                      # Species index, atomic number, species label
    2   25 Mn                      # Species index, atomic number, species label
%endblock ChemicalSpeciesLabel

%block PAO.Basis                 # Define Basis set
# WARNING: This information might be incomplete!
Ni                    5                    # Species label, number of l-shells
 n=3   0   1                         # n, l, Nzeta 
   3.000   
   1.000   
 n=4   0   3                         # n, l, Nzeta 
   9.316      4.957      5.825   
   1.000      1.000      1.000   
 n=3   1   1                         # n, l, Nzeta 
   3.414   
   1.000   
 n=4   1   1                         # n, l, Nzeta 
   9.316   
   1.000   
 n=3   2   3                         # n, l, Nzeta 
   6.323      2.625      3.356   
   1.000      1.000      1.000   
Mn                    5                    # Species label, number of l-shells
 n=3   0   1                         # n, l, Nzeta 
   3.380   
   1.000   
 n=4   0   3                         # n, l, Nzeta 
  10.002      5.430      6.342   
   1.000      1.000      1.000   
 n=3   1   1                         # n, l, Nzeta 
   3.874   
   1.000   
 n=4   1   1                         # n, l, Nzeta 
  10.002   
   1.000   
 n=3   2   3                         # n, l, Nzeta 
   7.239      3.144      3.972   
   1.000      1.000      1.000   
%endblock PAO.Basis

prinput: ----------------------------------------------------------------------

coor:   Atomic-coordinates input format  =     Fractional

siesta: Atomic coordinates (Bohr) and species
siesta:      0.00000   4.70356   0.00000  1        1
siesta:      2.35178   2.35178   3.32592  1        2
siesta:      2.35178   7.05534   3.32592  1        3
siesta:      2.35178   2.35178   9.97775  1        4
siesta:      2.35178   7.05534   9.97775  1        5
siesta:      0.00000   0.00000   0.00000  2        6
siesta:      0.00000   0.00000   6.65184  2        7
siesta:      0.00000   4.70356   6.65184  2        8

siesta: System type = bulk      

initatomlists: Number of atoms, orbitals, and projectors:      8   200   144

coxmol: Writing XMOL coordinates into file hea.xyz                                                                                                                                                                                                                             

siesta: ******************** Simulation parameters ****************************
siesta:
siesta: The following are some of the parameters of the simulation.
siesta: A complete list of the parameters used, including default values,
siesta: can be found in file out.fdf
siesta:
redata: Spin configuration                          = collinear
redata: Number of spin components                   = 2
redata: Time-Reversal Symmetry                      = T
redata: Spin spiral                                 = F
redata: Long output                                 =   F
redata: Number of Atomic Species                    =        2
redata: Charge density info will appear in .RHO file
redata: Write Mulliken charges (when)               = end
redata: Write Mulliken Pop.                         = Atomic and Orbital charges
redata: Write Hirshfeld charges (when)              = none
redata: Write Voronoi charges (when)                = none
redata: Write spin charge (when)                    = scf
redata: Matel table size (NRTAB)                    =     1024
redata: Mesh Cutoff                                 =   300.0000 Ry
redata: Net charge of the system                    =     0.0000 |e|
redata: Min. number of SCF Iter                     =        0
redata: Max. number of SCF Iter                     =    20000
redata: SCF convergence failure will abort job
redata: SCF mix quantity                            = Hamiltonian
redata: Mix DM or H after convergence               =   F
redata: Recompute H after scf cycle                 =   F
redata: Mix DM in first SCF step                    =   T
redata: Write Pulay info on disk                    =   F
redata: New DM Occupancy tolerance                  = 0.000000000001
redata: No kicks to SCF
redata: DM Mixing Weight for Kicks                  =     0.5000
redata: Require Harris convergence for SCF          =   F
redata: Harris energy tolerance for SCF             =     0.000100 eV
redata: Require DM convergence for SCF              =   T
redata: DM tolerance for SCF                        =     0.000500
redata: Require EDM convergence for SCF             =   F
redata: EDM tolerance for SCF                       =     0.001000 eV
redata: Require H convergence for SCF               =   F
redata: Hamiltonian tolerance for SCF               =     0.005000 eV
redata: Require (free) Energy convergence for SCF   =   F
redata: (free) Energy tolerance for SCF             =     0.000100 eV
redata: Antiferro initial spin density              =   T
redata: Using DFT-D3 dispersion                     =   F
redata: Using Saved Data (generic)                  =   F
redata: Use continuation files for DM               =   F
redata: Neglect nonoverlap interactions             =   F
redata: Method of Calculation                       = Diagonalization
redata: Electronic Temperature                      =   300.0000 K
redata: Fix the spin of the system                  =   F
redata: Max. number of TDED Iter                    =        1
redata: Number of TDED substeps                     =        3
redata: Dynamics option                             = CG coord. optimization
redata: Variable cell                               =   T
redata: Use continuation files for CG               =   F
redata: Max atomic displ per move                   =     0.1058 Ang
redata: Maximum number of optimization moves        =      500
redata: Force tolerance                             =     0.0500 eV/Ang
redata: Stress tolerance                            =     1.0000 GPa
mix.SCF: Broyden mixing                          = Broyden
mix.SCF:    History steps                        = 8
mix.SCF:    Linear mixing weight                 =     0.070000
mix.SCF:    Inverse Jacobian weight              =     0.070000
mix.SCF:    Weight prime                         =     0.070000
mix.SCF:    SVD condition                        = 0.1000E-07
mix.SCF: Spin-component mixing                   all
redata: ***********************************************************************

%block SCF.Mixers
  Broyden
%endblock SCF.Mixers

%block SCF.Mixer.Broyden
  # Mixing method
  method broyden

  # Mixing options
  weight 0.0700
  weight.linear 0.0700
  weight.prime 0.0700
  history 8
%endblock SCF.Mixer.Broyden

DM_history_depth set to one: no extrapolation allowed by default for geometry relaxation
Size of DM history Fstack: 1
Total number of electrons:   135.000000
Total ionic charge:   135.000000

* ProcessorY, Blocksize:    6   4


* Orbital distribution balance (max,min):     8     4

k-point displ. along   1 input, could be:     0.00    0.50
k-point displ. along   3 input, could be:     0.00    0.50
 Kpoints in:           24 . Kpoints trimmed:           22

siesta: k-grid: Number of k-points = 22
siesta: k-points from Monkhorst-Pack grid
siesta: k-cutoff (effective) =     7.040 Ang
siesta: k-point supercell and displacements
siesta: k-grid:     6     0     0      0.000
siesta: k-grid:     0     3     0      0.000
siesta: k-grid:     0     0     2      0.000
k-point displ. along   1 input, could be:     0.00    0.50
k-point displ. along   3 input, could be:     0.00    0.50
 Kpoints in:           24 . Kpoints trimmed:           22

siesta: PDOS k-grid: Number of k-points = 22
siesta: PDOS k-points from Monkhorst-Pack grid
siesta: PDOS k-cutoff (effective) =     0.000 Ang
siesta: PDOS k-point supercell and displacements
siesta: k-grid:     6     0     0      0.000
siesta: k-grid:     0     3     0      0.000
siesta: k-grid:     0     0     2      0.000

diag: Algorithm                                     = D&C
diag: Parallel over k                               =   F
diag: Use parallel 2D distribution                  =   T
diag: Parallel block-size                           = 4
diag: Parallel distribution                         =     6 x     8
diag: Used triangular part                          = Lower
diag: Absolute tolerance                            =  0.100E-15
diag: Orthogonalization factor                      =  0.100E-05
diag: Memory factor                                 =  1.0000
diag: The diagonalization method chosen cannot compute a reduced number of eigenvectors.
diag: Resetting neigwanted 90 to 200

superc: Internal auxiliary supercell:     9 x     5 x     5  =     225
superc: Number of atoms, orbitals, and projectors:   1800  45000  32400


ts: **************************************************************
ts: Save H and S matrices                           =    F
ts: Save DM and EDM matrices                        =    F
ts: Only save the overlap matrix S                  =    F
ts: **************************************************************

************************ Begin: TS CHECKS AND WARNINGS ************************
************************ End: TS CHECKS AND WARNINGS **************************


                     ====================================
                        Begin CG opt. move =      0
                     ====================================

superc: Internal auxiliary supercell:     9 x     5 x     5  =     225
superc: Number of atoms, orbitals, and projectors:   1800  45000  32400

outcell: Unit cell vectors (Ang):
        2.489016    0.000000    0.000000
        0.000000    4.978032    0.000000
        0.000000    0.000000    7.040000

outcell: Cell vector modules (Ang)   :    2.489016    4.978032    7.040000
outcell: Cell angles (23,13,12) (deg):     90.0000     90.0000     90.0000
outcell: Cell volume (Ang**3)        :     87.2284
<dSpData1D:S at geom step 0
  <sparsity:sparsity for geom step 0
    nrows_g=200 nrows=8 sparsity=.5061 nnzs=20244, refcount: 7>
  <dData1D:(new from dSpData1D) n=20244, refcount: 1>
refcount: 1>
new_DM -- step:     1
Initializing Density Matrix...
DM filled with atomic data:
<dSpData2D:DM initialized from atoms
  <sparsity:sparsity for geom step 0
    nrows_g=200 nrows=8 sparsity=.5061 nnzs=20244, refcount: 8>
  <dData2D:DM n=20244 m=2, refcount: 1>
refcount: 1>
No. of atoms with KB's overlaping orbs in proc 0. Max # of overlaps:      79     649

InitMesh: MESH = 30 x 54 x 80 = 129600
InitMesh: Mesh cutoff (required, used) =   300.000   325.218 Ry
New grid distribution [1]: sub = 2
New grid distribution [2]: sub = 2
New grid distribution [3]: sub = 2
Setting up quadratic distribution...

stepf: Fermi-Dirac step function

siesta: Program's energy decomposition (eV):
siesta: Ebs     =     -5566.683246
siesta: Eions   =     40973.347147
siesta: Ena     =      3095.656475
siesta: Ekin    =     14391.046941
siesta: Enl     =     -4077.918648
siesta: Eso     =         0.000000
siesta: Edftu   =         0.000000
siesta: DEna    =       219.431529
siesta: DUscf   =         5.876567
siesta: DUext   =         0.000000
siesta: Ex      =     -4084.171715
siesta: Ec      =      -249.207262
siesta: Exc     =     -4333.378977
siesta: EbV     =         0.000000
siesta: eta*DQ  =         0.000000
siesta: Emadel  =         0.000000
siesta: Emeta   =         0.000000
siesta: Emolmec =         0.000000
siesta: Ekinion =         0.000000
siesta: Eharris =    -31596.206808
siesta: Etot    =    -31672.633259
siesta: FreeEng =    -31672.653166

        iscf     Eharris(eV)        E_KS(eV)     FreeEng(eV)     dDmax    Ef(eV) dHmax(eV)
   scf:    1   -31596.206808   -31672.633259   -31672.653166  5.708501 -5.354132  6.330459
     spin moment: {S} , |S| = {        0.0        0.0   -2.88395 }    -2.88395
timer: Routine,Calls,Time,% = IterSCF        1       3.630  23.36
   scf:    2   -31674.484074   -31673.899022   -31673.922219  0.444062 -5.556059  5.986597
     spin moment: {S} , |S| = {        0.0        0.0   -3.30583 }    -3.30583
   scf:    3   -31674.846450   -31674.618874   -31674.641677  0.236013 -5.663260  4.597763
     spin moment: {S} , |S| = {        0.0        0.0   -3.09880 }    -3.09880
   scf:    4   -31677.129608   -31676.244274   -31676.268642  0.841699 -6.176234  1.607328
     spin moment: {S} , |S| = {        0.0        0.0   -3.45629 }    -3.45629
   scf:    5   -31676.542799   -31676.423719   -31676.447516  0.165203 -6.294171  0.656395
     spin moment: {S} , |S| = {        0.0        0.0   -3.52436 }    -3.52436
   scf:    6   -31676.583918   -31676.505118   -31676.528244  0.055405 -6.327171  0.792899
     spin moment: {S} , |S| = {        0.0        0.0   -3.55039 }    -3.55039
   scf:    7   -31676.983703   -31676.737872   -31676.760376  0.129779 -6.386823  0.524295
     spin moment: {S} , |S| = {        0.0        0.0   -3.63716 }    -3.63716
   scf:    8   -31678.064109   -31677.293719   -31677.316595  0.282015 -6.484640  0.928138
     spin moment: {S} , |S| = {        0.0        0.0   -4.05731 }    -4.05731
   scf:    9   -31677.368359   -31677.332667   -31677.356598  0.057915 -6.497571  1.533850
     spin moment: {S} , |S| = {        0.0        0.0   -4.13390 }    -4.13390
   scf:   10   -31677.394705   -31677.398297   -31677.421509  0.047320 -6.514981  0.718614
     spin moment: {S} , |S| = {        0.0        0.0   -4.16032 }    -4.16032
   scf:   11   -31677.456538   -31677.436540   -31677.459682  0.053751 -6.517596  0.659569
     spin moment: {S} , |S| = {        0.0        0.0   -4.21856 }    -4.21856
   scf:   12   -31677.448979   -31677.444984   -31677.468038  0.010636 -6.508563  0.482405
     spin moment: {S} , |S| = {        0.0        0.0   -4.23672 }    -4.23672
   scf:   13   -31677.497519   -31677.472156   -31677.495329  0.050763 -6.522119  0.541298
     spin moment: {S} , |S| = {        0.0        0.0   -4.25483 }    -4.25483
   scf:   14   -31677.482664   -31677.477170   -31677.500601  0.022605 -6.525685  0.651875
     spin moment: {S} , |S| = {        0.0        0.0   -4.27446 }    -4.27446
   scf:   15   -31677.474073   -31677.482841   -31677.506667  0.020612 -6.514228  0.386207
     spin moment: {S} , |S| = {        0.0        0.0   -4.29998 }    -4.29998
   scf:   16   -31677.487695   -31677.488568   -31677.512658  0.028672 -6.509237  0.219899
     spin moment: {S} , |S| = {        0.0        0.0   -4.34356 }    -4.34356
   scf:   17   -31677.493984   -31677.491187   -31677.515455  0.020929 -6.512211  0.160852
     spin moment: {S} , |S| = {        0.0        0.0   -4.34110 }    -4.34110
   scf:   18   -31677.494392   -31677.492788   -31677.517211  0.028138 -6.514979  0.112777
     spin moment: {S} , |S| = {        0.0        0.0   -4.35307 }    -4.35307
   scf:   19   -31677.503027   -31677.497796   -31677.522869  0.039997 -6.505174  0.111224
     spin moment: {S} , |S| = {        0.0        0.0   -4.41668 }    -4.41668
   scf:   20   -31677.501216   -31677.499142   -31677.524303  0.027943 -6.506445  0.083794
     spin moment: {S} , |S| = {        0.0        0.0   -4.44016 }    -4.44016
   scf:   21   -31677.500646   -31677.499864   -31677.525139  0.009661 -6.506807  0.056799
     spin moment: {S} , |S| = {        0.0        0.0   -4.46304 }    -4.46304
   scf:   22   -31677.500769   -31677.500213   -31677.525641  0.011609 -6.505234  0.043889
     spin moment: {S} , |S| = {        0.0        0.0   -4.47210 }    -4.47210
   scf:   23   -31677.501528   -31677.500653   -31677.526292  0.023466 -6.504981  0.062768
     spin moment: {S} , |S| = {        0.0        0.0   -4.51642 }    -4.51642
   scf:   24   -31677.501377   -31677.500909   -31677.526587  0.013231 -6.503517  0.025329
     spin moment: {S} , |S| = {        0.0        0.0   -4.51477 }    -4.51477
   scf:   25   -31677.501311   -31677.501093   -31677.526895  0.005563 -6.502165  0.022750
     spin moment: {S} , |S| = {        0.0        0.0   -4.53459 }    -4.53459
   scf:   26   -31677.501341   -31677.501201   -31677.527147  0.004504 -6.499866  0.020460
     spin moment: {S} , |S| = {        0.0        0.0   -4.55727 }    -4.55727
   scf:   27   -31677.501245   -31677.501213   -31677.527291  0.003838 -6.498636  0.022949
     spin moment: {S} , |S| = {        0.0        0.0   -4.57635 }    -4.57635
   scf:   28   -31677.501222   -31677.501219   -31677.527308  0.000678 -6.498556  0.017648
     spin moment: {S} , |S| = {        0.0        0.0   -4.57728 }    -4.57728
   scf:   29   -31677.501208   -31677.501208   -31677.527388  0.002122 -6.498085  0.015166
     spin moment: {S} , |S| = {        0.0        0.0   -4.58985 }    -4.58985
   scf:   30   -31677.501135   -31677.501127   -31677.527569  0.006803 -6.497277  0.006789
     spin moment: {S} , |S| = {        0.0        0.0   -4.62723 }    -4.62723
   scf:   31   -31677.501033   -31677.501074   -31677.527616  0.002662 -6.497002  0.006808
     spin moment: {S} , |S| = {        0.0        0.0   -4.64172 }    -4.64172
   scf:   32   -31677.501051   -31677.501062   -31677.527630  0.000590 -6.496921  0.006132
     spin moment: {S} , |S| = {        0.0        0.0   -4.64587 }    -4.64587
   scf:   33   -31677.501049   -31677.501056   -31677.527641  0.000628 -6.496867  0.005259
     spin moment: {S} , |S| = {        0.0        0.0   -4.64908 }    -4.64908
   scf:   34   -31677.501024   -31677.501038   -31677.527668  0.001734 -6.496666  0.005473
     spin moment: {S} , |S| = {        0.0        0.0   -4.65751 }    -4.65751
   scf:   35   -31677.501031   -31677.501034   -31677.527678  0.000826 -6.496635  0.004820
     spin moment: {S} , |S| = {        0.0        0.0   -4.66085 }    -4.66085
   scf:   36   -31677.501005   -31677.501018   -31677.527693  0.001330 -6.496568  0.004787
     spin moment: {S} , |S| = {        0.0        0.0   -4.66759 }    -4.66759
   scf:   37   -31677.501013   -31677.501015   -31677.527700  0.000681 -6.496556  0.004755
     spin moment: {S} , |S| = {        0.0        0.0   -4.67030 }    -4.67030
   scf:   38   -31677.501008   -31677.501011   -31677.527707  0.000718 -6.496509  0.004558
     spin moment: {S} , |S| = {        0.0        0.0   -4.67312 }    -4.67312
   scf:   39   -31677.500997   -31677.501003   -31677.527717  0.001307 -6.496400  0.004088
     spin moment: {S} , |S| = {        0.0        0.0   -4.67811 }    -4.67811
   scf:   40   -31677.500981   -31677.500990   -31677.527729  0.001894 -6.496221  0.003407
     spin moment: {S} , |S| = {        0.0        0.0   -4.68556 }    -4.68556
   scf:   41   -31677.500961   -31677.500974   -31677.527739  0.001882 -6.496046  0.002509
     spin moment: {S} , |S| = {        0.0        0.0   -4.69347 }    -4.69347
   scf:   42   -31677.500948   -31677.500960   -31677.527745  0.001161 -6.495926  0.002611
     spin moment: {S} , |S| = {        0.0        0.0   -4.69901 }    -4.69901
   scf:   43   -31677.500921   -31677.500939   -31677.527752  0.001650 -6.495769  0.002022
     spin moment: {S} , |S| = {        0.0        0.0   -4.70729 }    -4.70729
   scf:   44   -31677.500904   -31677.500920   -31677.527757  0.001716 -6.495613  0.002146
     spin moment: {S} , |S| = {        0.0        0.0   -4.71558 }    -4.71558
   scf:   45   -31677.500903   -31677.500911   -31677.527759  0.000756 -6.495535  0.001803
     spin moment: {S} , |S| = {        0.0        0.0   -4.71943 }    -4.71943
   scf:   46   -31677.500901   -31677.500906   -31677.527760  0.000527 -6.495478  0.001701
     spin moment: {S} , |S| = {        0.0        0.0   -4.72192 }    -4.72192
   scf:   47   -31677.500899   -31677.500902   -31677.527761  0.000471 -6.495419  0.001601
     spin moment: {S} , |S| = {        0.0        0.0   -4.72411 }    -4.72411

SCF Convergence by DM criterion
max |DM_out - DM_in|         :     0.0004714407
max |H_out - H_in|      (eV) :     0.0016011180
SCF cycle converged after 47 iterations

Using DM_out to compute the final energy and forces
No. of atoms with KB's overlaping orbs in proc 0. Max # of overlaps:      79     649

siesta: E_KS(eV) =           -31677.5009

siesta: E_KS - E_eggbox =    -31677.5009

siesta: Atomic forces (eV/Ang):
     1    0.000000    0.000144   -0.000004
     2    0.000000    0.086736   -0.003493
     3    0.000000   -0.086592   -0.003338
     4   -0.000000    0.086735    0.003494
     5   -0.000000   -0.086590    0.003339
     6    0.000000    0.000012    0.000015
     7    0.000000   -0.000274   -0.000003
     8    0.000000   -0.000170   -0.000011
----------------------------------------
   Tot    0.000000    0.000001    0.000000
----------------------------------------
   Max    0.086736
   Res    0.035408    sqrt( Sum f_i^2 / 3N )
----------------------------------------
   Max    0.086736    constrained

Stress tensor Voigt[x,y,z,yz,xz,xy] (kbar):      -14.34       38.23       14.94       -0.00       -0.00       -0.00
(Free)E + p*V (eV/cell)   -31678.2325
Target enthalpy (eV/cell)   -31677.5278

siesta: Stress tensor (static) (eV/Ang**3):
        -0.008949   -0.000000    0.000000
        -0.000000    0.023860   -0.000000
        -0.000000   -0.000000    0.009328

siesta: Pressure (static):        -12.94489266  kBar

siesta: Stress tensor (total) (eV/Ang**3):
        -0.008949   -0.000000    0.000000
        -0.000000    0.023860   -0.000000
        -0.000000   -0.000000    0.009328

siesta: Pressure (total):        -12.94489266  kBar

cgvc: No target stress found, assuming hydrostatic MD.TargetPressure.

cgvc: Target stress (kBar)
cgvc:        -0.000       0.000       0.000
cgvc:         0.000      -0.000       0.000
cgvc:         0.000       0.000      -0.000

                     ====================================
                        Begin CG opt. move =      1
                     ====================================
k-point displ. along   1 input, could be:     0.00    0.50
k-point displ. along   3 input, could be:     0.00    0.50
 Kpoints in:           24 . Kpoints trimmed:           22

siesta: k-grid: Number of k-points = 22
siesta: k-points from Monkhorst-Pack grid
siesta: k-cutoff (effective) =     6.992 Ang
siesta: k-point supercell and displacements
siesta: k-grid:     6     0     0      0.000
siesta: k-grid:     0     3     0      0.000
siesta: k-grid:     0     0     2      0.000

superc: Internal auxiliary supercell:     9 x     5 x     5  =     225
superc: Number of atoms, orbitals, and projectors:   1800  45000  32400

outcell: Unit cell vectors (Ang):
        2.505329    0.000000    0.000000
        0.000000    4.891040    0.000000
        0.000000    0.000000    6.991904

outcell: Cell vector modules (Ang)   :    2.505329    4.891040    6.991904
outcell: Cell angles (23,13,12) (deg):     90.0000     90.0000     90.0000
outcell: Cell volume (Ang**3)        :     85.6764
<dSpData1D:S at geom step 1
  <sparsity:sparsity for geom step 1
    nrows_g=200 nrows=8 sparsity=.5372 nnzs=21488, refcount: 7>
  <dData1D:(new from dSpData1D) n=21488, refcount: 1>
refcount: 1>
new_DM -- step:     2
Re-using DM from previous geometries...
Number of DMs in history: 1
 DM extrapolation coefficients: 
1   1.00000
New DM after history re-use:
<dSpData2D:SpM extrapolated using coords
  <sparsity:sparsity for geom step 1
    nrows_g=200 nrows=8 sparsity=.5372 nnzs=21488, refcount: 9>
  <dData2D:(temp array for extrapolation) n=21488 m=2, refcount: 1>
refcount: 1>
No. of atoms with KB's overlaping orbs in proc 0. Max # of overlaps:      79     660

InitMesh: MESH = 30 x 54 x 80 = 129600
InitMesh: Mesh cutoff (required, used) =   300.000   336.889 Ry
New grid distribution [1]: sub = 2
New grid distribution [2]: sub = 2
New grid distribution [3]: sub = 2
Setting up quadratic distribution...

        iscf     Eharris(eV)        E_KS(eV)     FreeEng(eV)     dDmax    Ef(eV) dHmax(eV)
   scf:    1   -31674.974789   -31677.245462   -31677.271493  0.298513 -6.505933  2.572883
     spin moment: {S} , |S| = {        0.0        0.0   -4.78791 }    -4.78791
   scf:    2   -31333.127475   -31564.381298   -31564.401837  1.328494 -6.549469 60.509505
     spin moment: {S} , |S| = {        0.0        0.0   -3.02391 }    -3.02391
   scf:    3   -31682.021459   -31677.490541   -31677.516546  1.304738 -6.511960  0.223049
     spin moment: {S} , |S| = {        0.0        0.0   -4.83437 }    -4.83437
   scf:    4   -31677.493741   -31677.493187   -31677.519247  0.008837 -6.513977  0.129544
     spin moment: {S} , |S| = {        0.0        0.0   -4.83614 }    -4.83614
   scf:    5   -31677.497707   -31677.496104   -31677.522056  0.014221 -6.521097  0.189255
     spin moment: {S} , |S| = {        0.0        0.0   -4.84753 }    -4.84753
   scf:    6   -31677.496046   -31677.496565   -31677.522495  0.002802 -6.521399  0.081483
     spin moment: {S} , |S| = {        0.0        0.0   -4.84614 }    -4.84614
   scf:    7   -31677.498849   -31677.498388   -31677.524137  0.018227 -6.529940  0.094198
     spin moment: {S} , |S| = {        0.0        0.0   -4.86703 }    -4.86703
   scf:    8   -31677.498873   -31677.498716   -31677.524419  0.001642 -6.529648  0.031034
     spin moment: {S} , |S| = {        0.0        0.0   -4.86839 }    -4.86839
   scf:    9   -31677.500199   -31677.499446   -31677.524823  0.005269 -6.528363  0.024866
     spin moment: {S} , |S| = {        0.0        0.0   -4.88993 }    -4.88993
   scf:   10   -31677.499754   -31677.499599   -31677.524898  0.001199 -6.528366  0.021965
     spin moment: {S} , |S| = {        0.0        0.0   -4.89564 }    -4.89564
   scf:   11   -31677.499759   -31677.499679   -31677.524938  0.000646 -6.528329  0.021589
     spin moment: {S} , |S| = {        0.0        0.0   -4.89845 }    -4.89845
   scf:   12   -31677.502208   -31677.500839   -31677.525428  0.009599 -6.528888  0.013380
     spin moment: {S} , |S| = {        0.0        0.0   -4.94447 }    -4.94447
   scf:   13   -31677.501774   -31677.501287   -31677.525568  0.003893 -6.528911  0.011210
     spin moment: {S} , |S| = {        0.0        0.0   -4.96410 }    -4.96410
   scf:   14   -31677.501734   -31677.501505   -31677.525629  0.002366 -6.528937  0.013887
     spin moment: {S} , |S| = {        0.0        0.0   -4.97456 }    -4.97456
   scf:   15   -31677.501828   -31677.501663   -31677.525668  0.001697 -6.528931  0.010154
     spin moment: {S} , |S| = {        0.0        0.0   -4.98242 }    -4.98242
   scf:   16   -31677.502540   -31677.502074   -31677.525756  0.006275 -6.528622  0.012336
     spin moment: {S} , |S| = {        0.0        0.0   -5.00540 }    -5.00540
   scf:   17   -31677.502299   -31677.502185   -31677.525773  0.001821 -6.528612  0.006687
     spin moment: {S} , |S| = {        0.0        0.0   -5.01231 }    -5.01231
   scf:   18   -31677.502207   -31677.502196   -31677.525778  0.000631 -6.528632  0.006484
     spin moment: {S} , |S| = {        0.0        0.0   -5.01326 }    -5.01326
   scf:   19   -31677.502381   -31677.502285   -31677.525791  0.002302 -6.528760  0.004233
     spin moment: {S} , |S| = {        0.0        0.0   -5.01973 }    -5.01973
   scf:   20   -31677.502299   -31677.502292   -31677.525796  0.000914 -6.528859  0.003707
     spin moment: {S} , |S| = {        0.0        0.0   -5.02090 }    -5.02090
   scf:   21   -31677.502349   -31677.502320   -31677.525799  0.000969 -6.528934  0.002308
     spin moment: {S} , |S| = {        0.0        0.0   -5.02334 }    -5.02334
   scf:   22   -31677.502338   -31677.502328   -31677.525802  0.001006 -6.529019  0.001988
     spin moment: {S} , |S| = {        0.0        0.0   -5.02489 }    -5.02489
   scf:   23   -31677.502316   -31677.502322   -31677.525804  0.000684 -6.529103  0.001691
     spin moment: {S} , |S| = {        0.0        0.0   -5.02535 }    -5.02535
   scf:   24   -31677.502330   -31677.502326   -31677.525805  0.000622 -6.529144  0.001128
     spin moment: {S} , |S| = {        0.0        0.0   -5.02631 }    -5.02631
   scf:   25   -31677.502316   -31677.502321   -31677.525805  0.000187 -6.529159  0.000916
     spin moment: {S} , |S| = {        0.0        0.0   -5.02625 }    -5.02625

SCF Convergence by DM criterion
max |DM_out - DM_in|         :     0.0001873936
max |H_out - H_in|      (eV) :     0.0009156706
SCF cycle converged after 25 iterations

Using DM_out to compute the final energy and forces
No. of atoms with KB's overlaping orbs in proc 0. Max # of overlaps:      79     660

siesta: E_KS(eV) =           -31677.5023

siesta: Atomic forces (eV/Ang):
     1   -0.000000   -0.000438    0.000015
     2   -0.000000   -0.273014    0.053172
     3   -0.000000    0.272633    0.052869
     4   -0.000000   -0.273018   -0.053179
     5    0.000000    0.272634   -0.052873
     6    0.000000    0.000057   -0.000054
     7    0.000000    0.000990    0.000013
     8   -0.000000    0.000266    0.000046
----------------------------------------
   Tot   -0.000000    0.000111    0.000011
----------------------------------------
   Max    0.273018
   Res    0.113464    sqrt( Sum f_i^2 / 3N )
----------------------------------------
   Max    0.273018    constrained

Stress tensor Voigt[x,y,z,yz,xz,xy] (kbar):      -19.37      -40.38      -28.38        0.00       -0.00        0.00
(Free)E + p*V (eV/cell)   -31675.9548
Target enthalpy (eV/cell)   -31677.5258

siesta: Stress tensor (static) (eV/Ang**3):
        -0.012091    0.000000   -0.000000
         0.000000   -0.025204    0.000000
        -0.000000    0.000000   -0.017713

siesta: Pressure (static):         29.37748442  kBar

siesta: Stress tensor (total) (eV/Ang**3):
        -0.012091    0.000000   -0.000000
         0.000000   -0.025204    0.000000
        -0.000000    0.000000   -0.017713

siesta: Pressure (total):         29.37748442  kBar

                     ====================================
                        Begin CG opt. move =      2
                     ====================================
k-point displ. along   1 input, could be:     0.00    0.50
k-point displ. along   3 input, could be:     0.00    0.50
 Kpoints in:           24 . Kpoints trimmed:           22

siesta: k-grid: Number of k-points = 22
siesta: k-points from Monkhorst-Pack grid
siesta: k-cutoff (effective) =     7.018 Ang
siesta: k-point supercell and displacements
siesta: k-grid:     6     0     0      0.000
siesta: k-grid:     0     3     0      0.000
siesta: k-grid:     0     0     2      0.000

superc: Internal auxiliary supercell:     9 x     5 x     5  =     225
superc: Number of atoms, orbitals, and projectors:   1800  45000  32400

outcell: Unit cell vectors (Ang):
        2.496630    0.000000    0.000000
        0.000000    4.937431    0.000000
        0.000000    0.000000    7.017553

outcell: Cell vector modules (Ang)   :    2.496630    4.937431    7.017553
outcell: Cell angles (23,13,12) (deg):     90.0000     90.0000     90.0000
outcell: Cell volume (Ang**3)        :     86.5049
<dSpData1D:S at geom step 2
  <sparsity:sparsity for geom step 2
    nrows_g=200 nrows=8 sparsity=.5079 nnzs=20316, refcount: 7>
  <dData1D:(new from dSpData1D) n=20316, refcount: 1>
refcount: 1>
new_DM -- step:     3
Re-using DM from previous geometries...
Number of DMs in history: 1
 DM extrapolation coefficients: 
1   1.00000
New DM after history re-use:
<dSpData2D:SpM extrapolated using coords
  <sparsity:sparsity for geom step 2
    nrows_g=200 nrows=8 sparsity=.5079 nnzs=20316, refcount: 9>
  <dData2D:(temp array for extrapolation) n=20316 m=2, refcount: 1>
refcount: 1>
No. of atoms with KB's overlaping orbs in proc 0. Max # of overlaps:      79     654

InitMesh: MESH = 30 x 54 x 80 = 129600
InitMesh: Mesh cutoff (required, used) =   300.000   330.588 Ry
New grid distribution [1]: sub = 2
New grid distribution [2]: sub = 2
New grid distribution [3]: sub = 2
Setting up quadratic distribution...

        iscf     Eharris(eV)        E_KS(eV)     FreeEng(eV)     dDmax    Ef(eV) dHmax(eV)
   scf:    1   -31678.152231   -31677.421997   -31677.446880  0.285674 -6.522689  1.484753
     spin moment: {S} , |S| = {        0.0        0.0   -4.98667 }    -4.98667
   scf:    2   -31565.654693   -31640.807049   -31640.831287  0.690814 -6.418101 31.286171
     spin moment: {S} , |S| = {        0.0        0.0   -4.30597 }    -4.30597
   scf:    3   -31679.412540   -31677.511569   -31677.536721  0.675654 -6.520238  0.255195
     spin moment: {S} , |S| = {        0.0        0.0   -4.99291 }    -4.99291
   scf:    4   -31677.513936   -31677.513172   -31677.538387  0.004205 -6.519505  0.096570
     spin moment: {S} , |S| = {        0.0        0.0   -4.98355 }    -4.98355
   scf:    5   -31677.514042   -31677.513720   -31677.538953  0.003979 -6.517883  0.066243
     spin moment: {S} , |S| = {        0.0        0.0   -4.97905 }    -4.97905
   scf:    6   -31677.514322   -31677.514115   -31677.539390  0.003814 -6.515999  0.064285
     spin moment: {S} , |S| = {        0.0        0.0   -4.97490 }    -4.97490
   scf:    7   -31677.514703   -31677.514548   -31677.539889  0.010663 -6.511285  0.069734
     spin moment: {S} , |S| = {        0.0        0.0   -4.96739 }    -4.96739
   scf:    8   -31677.513875   -31677.514506   -31677.539871  0.004231 -6.511679  0.075891
     spin moment: {S} , |S| = {        0.0        0.0   -4.97160 }    -4.97160
   scf:    9   -31677.514658   -31677.514596   -31677.540057  0.001817 -6.512164  0.049541
     spin moment: {S} , |S| = {        0.0        0.0   -4.96489 }    -4.96489
   scf:   10   -31677.514634   -31677.514647   -31677.540147  0.001540 -6.512059  0.009148
     spin moment: {S} , |S| = {        0.0        0.0   -4.96026 }    -4.96026
   scf:   11   -31677.514617   -31677.514631   -31677.540178  0.000920 -6.512010  0.008598
     spin moment: {S} , |S| = {        0.0        0.0   -4.95652 }    -4.95652
   scf:   12   -31677.514525   -31677.514566   -31677.540258  0.002992 -6.511761  0.008480
     spin moment: {S} , |S| = {        0.0        0.0   -4.94465 }    -4.94465
   scf:   13   -31677.514472   -31677.514513   -31677.540296  0.002037 -6.511583  0.006747
     spin moment: {S} , |S| = {        0.0        0.0   -4.93654 }    -4.93654
   scf:   14   -31677.514484   -31677.514498   -31677.540307  0.000675 -6.511571  0.005938
     spin moment: {S} , |S| = {        0.0        0.0   -4.93386 }    -4.93386
   scf:   15   -31677.514446   -31677.514470   -31677.540324  0.001271 -6.511526  0.006020
     spin moment: {S} , |S| = {        0.0        0.0   -4.92886 }    -4.92886
   scf:   16   -31677.514359   -31677.514406   -31677.540349  0.002586 -6.511467  0.003377
     spin moment: {S} , |S| = {        0.0        0.0   -4.91867 }    -4.91867
   scf:   17   -31677.514352   -31677.514377   -31677.540355  0.001078 -6.511424  0.002939
     spin moment: {S} , |S| = {        0.0        0.0   -4.91457 }    -4.91457
   scf:   18   -31677.514358   -31677.514367   -31677.540357  0.000473 -6.511388  0.002354
     spin moment: {S} , |S| = {        0.0        0.0   -4.91306 }    -4.91306

SCF Convergence by DM criterion
max |DM_out - DM_in|         :     0.0004733899
max |H_out - H_in|      (eV) :     0.0023539100
SCF cycle converged after 18 iterations

Using DM_out to compute the final energy and forces
No. of atoms with KB's overlaping orbs in proc 0. Max # of overlaps:      79     654

siesta: E_KS(eV) =           -31677.5144

siesta: Atomic forces (eV/Ang):
     1   -0.000000   -0.000207    0.000009
     2   -0.000000   -0.079604    0.023936
     3   -0.000000    0.079433    0.023796
     4    0.000000   -0.079607   -0.023940
     5    0.000000    0.079434   -0.023799
     6   -0.000000    0.000029   -0.000021
     7    0.000000    0.000404    0.000003
     8   -0.000000    0.000127    0.000017
----------------------------------------
   Tot   -0.000000    0.000009    0.000001
----------------------------------------
   Max    0.079607
   Res    0.033895    sqrt( Sum f_i^2 / 3N )
----------------------------------------
   Max    0.079607    constrained

Stress tensor Voigt[x,y,z,yz,xz,xy] (kbar):      -16.26        3.65       -4.58       -0.00        0.00       -0.00
(Free)E + p*V (eV/cell)   -31677.2311
Target enthalpy (eV/cell)   -31677.5404

siesta: Stress tensor (static) (eV/Ang**3):
        -0.010147   -0.000000    0.000000
        -0.000000    0.002280   -0.000000
         0.000000   -0.000000   -0.002859

siesta: Pressure (static):          5.72798410  kBar

siesta: Stress tensor (total) (eV/Ang**3):
        -0.010147   -0.000000    0.000000
        -0.000000    0.002280   -0.000000
         0.000000   -0.000000   -0.002859

siesta: Pressure (total):          5.72798410  kBar

cgvc: Finished line minimization    1.  Mean atomic displacement =    0.0330

                     ====================================
                        Begin CG opt. move =      3
                     ====================================
k-point displ. along   1 input, could be:     0.00    0.50
k-point displ. along   3 input, could be:     0.00    0.50
 Kpoints in:           24 . Kpoints trimmed:           22

siesta: k-grid: Number of k-points = 22
siesta: k-points from Monkhorst-Pack grid
siesta: k-cutoff (effective) =     7.021 Ang
siesta: k-point supercell and displacements
siesta: k-grid:     6     0     0      0.000
siesta: k-grid:     0     3     0      0.000
siesta: k-grid:     0     0     2      0.000

superc: Internal auxiliary supercell:     9 x     5 x     5  =     225
superc: Number of atoms, orbitals, and projectors:   1800  45000  32400

outcell: Unit cell vectors (Ang):
        2.515139    0.000000   -0.000000
        0.000000    4.914783    0.000000
       -0.000000    0.000000    7.021312

outcell: Cell vector modules (Ang)   :    2.515139    4.914783    7.021312
outcell: Cell angles (23,13,12) (deg):     90.0000     90.0000     90.0000
outcell: Cell volume (Ang**3)        :     86.7930
<dSpData1D:S at geom step 3
  <sparsity:sparsity for geom step 3
    nrows_g=200 nrows=8 sparsity=.5078 nnzs=20314, refcount: 7>
  <dData1D:(new from dSpData1D) n=20314, refcount: 1>
refcount: 1>
new_DM -- step:     4
Re-using DM from previous geometries...
Number of DMs in history: 1
 DM extrapolation coefficients: 
1   1.00000
New DM after history re-use:
<dSpData2D:SpM extrapolated using coords
  <sparsity:sparsity for geom step 3
    nrows_g=200 nrows=8 sparsity=.5078 nnzs=20314, refcount: 9>
  <dData2D:(temp array for extrapolation) n=20314 m=2, refcount: 1>
refcount: 1>
No. of atoms with KB's overlaping orbs in proc 0. Max # of overlaps:      79     652

InitMesh: MESH = 30 x 54 x 80 = 129600
InitMesh: Mesh cutoff (required, used) =   300.000   333.642 Ry
New grid distribution [1]: sub = 2
New grid distribution [2]: sub = 2
New grid distribution [3]: sub = 2
Setting up quadratic distribution...

        iscf     Eharris(eV)        E_KS(eV)     FreeEng(eV)     dDmax    Ef(eV) dHmax(eV)
   scf:    1   -31677.620376   -31677.450940   -31677.476049  0.129401 -6.507635  1.129305
     spin moment: {S} , |S| = {        0.0        0.0   -4.99157 }    -4.99157
   scf:    2   -31585.489257   -31647.273001   -31647.292488  0.612475 -6.435809 28.904645
     spin moment: {S} , |S| = {        0.0        0.0   -5.04863 }    -5.04863
   scf:    3   -31678.773935   -31677.509450   -31677.534508  0.582725 -6.505489  0.441639
     spin moment: {S} , |S| = {        0.0        0.0   -5.01846 }    -5.01846
   scf:    4   -31677.516698   -31677.514813   -31677.539928  0.007025 -6.505044  0.134812
     spin moment: {S} , |S| = {        0.0        0.0   -5.01132 }    -5.01132
   scf:    5   -31677.515763   -31677.515389   -31677.540483  0.002759 -6.504296  0.053738
     spin moment: {S} , |S| = {        0.0        0.0   -5.01119 }    -5.01119
   scf:    6   -31677.516586   -31677.516104   -31677.541052  0.007126 -6.502086  0.074518
     spin moment: {S} , |S| = {        0.0        0.0   -5.01889 }    -5.01889
   scf:    7   -31677.516927   -31677.516566   -31677.541361  0.005410 -6.500742  0.030519
     spin moment: {S} , |S| = {        0.0        0.0   -5.02913 }    -5.02913
   scf:    8   -31677.517216   -31677.516916   -31677.541491  0.005534 -6.500646  0.056224
     spin moment: {S} , |S| = {        0.0        0.0   -5.04575 }    -5.04575
   scf:    9   -31677.517118   -31677.517020   -31677.541551  0.001136 -6.500582  0.041819
     spin moment: {S} , |S| = {        0.0        0.0   -5.04865 }    -5.04865
   scf:   10   -31677.517303   -31677.517168   -31677.541622  0.001983 -6.500286  0.016862
     spin moment: {S} , |S| = {        0.0        0.0   -5.05377 }    -5.05377
   scf:   11   -31677.517556   -31677.517359   -31677.541690  0.002472 -6.499797  0.014881
     spin moment: {S} , |S| = {        0.0        0.0   -5.06216 }    -5.06216
   scf:   12   -31677.518724   -31677.517994   -31677.541867  0.008578 -6.497775  0.006934
     spin moment: {S} , |S| = {        0.0        0.0   -5.09209 }    -5.09209
   scf:   13   -31677.518214   -31677.518103   -31677.541887  0.001702 -6.497365  0.006164
     spin moment: {S} , |S| = {        0.0        0.0   -5.09757 }    -5.09757
   scf:   14   -31677.518264   -31677.518183   -31677.541901  0.001166 -6.497151  0.005631
     spin moment: {S} , |S| = {        0.0        0.0   -5.10180 }    -5.10180
   scf:   15   -31677.518521   -31677.518347   -31677.541925  0.002739 -6.496784  0.003899
     spin moment: {S} , |S| = {        0.0        0.0   -5.11081 }    -5.11081
   scf:   16   -31677.518677   -31677.518507   -31677.541937  0.002781 -6.496391  0.002735
     spin moment: {S} , |S| = {        0.0        0.0   -5.12003 }    -5.12003
   scf:   17   -31677.518509   -31677.518508   -31677.541938  0.000146 -6.496382  0.002055
     spin moment: {S} , |S| = {        0.0        0.0   -5.12011 }    -5.12011

SCF Convergence by DM criterion
max |DM_out - DM_in|         :     0.0001459064
max |H_out - H_in|      (eV) :     0.0020552428
SCF cycle converged after 17 iterations

Using DM_out to compute the final energy and forces
No. of atoms with KB's overlaping orbs in proc 0. Max # of overlaps:      79     652

siesta: E_KS(eV) =           -31677.5185

siesta: Atomic forces (eV/Ang):
     1    0.000000    0.000366   -0.000029
     2    0.000000    0.135808   -0.027195
     3   -0.000000   -0.135670   -0.027111
     4   -0.000000    0.135825    0.027209
     5    0.000000   -0.135686    0.027124
     6   -0.000000   -0.000208    0.000032
     7   -0.000000   -0.000541   -0.000008
     8   -0.000000    0.000117   -0.000027
----------------------------------------
   Tot   -0.000000    0.000010   -0.000004
----------------------------------------
   Max    0.135825
   Res    0.056517    sqrt( Sum f_i^2 / 3N )
----------------------------------------
   Max    0.135825    constrained

Stress tensor Voigt[x,y,z,yz,xz,xy] (kbar):       -2.86      -12.05        2.40       -0.00       -0.00        0.00
(Free)E + p*V (eV/cell)   -31677.3161
Target enthalpy (eV/cell)   -31677.5419

siesta: Stress tensor (static) (eV/Ang**3):
        -0.001785    0.000000   -0.000000
         0.000000   -0.007520   -0.000000
        -0.000000   -0.000000    0.001499

siesta: Pressure (static):          4.16901257  kBar

siesta: Stress tensor (total) (eV/Ang**3):
        -0.001785    0.000000   -0.000000
         0.000000   -0.007520   -0.000000
        -0.000000   -0.000000    0.001499

siesta: Pressure (total):          4.16901257  kBar

                     ====================================
                        Begin CG opt. move =      4
                     ====================================
k-point displ. along   1 input, could be:     0.00    0.50
k-point displ. along   3 input, could be:     0.00    0.50
 Kpoints in:           24 . Kpoints trimmed:           22

siesta: k-grid: Number of k-points = 22
siesta: k-points from Monkhorst-Pack grid
siesta: k-cutoff (effective) =     7.020 Ang
siesta: k-point supercell and displacements
siesta: k-grid:     6     0     0      0.000
siesta: k-grid:     0     3     0      0.000
siesta: k-grid:     0     0     2      0.000

superc: Internal auxiliary supercell:     9 x     5 x     5  =     225
superc: Number of atoms, orbitals, and projectors:   1800  45000  32400

outcell: Unit cell vectors (Ang):
        2.507423    0.000000   -0.000000
        0.000000    4.924224    0.000000
       -0.000000    0.000000    7.019745

outcell: Cell vector modules (Ang)   :    2.507423    4.924224    7.019745
outcell: Cell angles (23,13,12) (deg):     90.0000     90.0000     90.0000
outcell: Cell volume (Ang**3)        :     86.6736
<dSpData1D:S at geom step 4
  <sparsity:sparsity for geom step 4
    nrows_g=200 nrows=8 sparsity=.5073 nnzs=20290, refcount: 7>
  <dData1D:(new from dSpData1D) n=20290, refcount: 1>
refcount: 1>
new_DM -- step:     5
Re-using DM from previous geometries...
Number of DMs in history: 1
 DM extrapolation coefficients: 
1   1.00000
New DM after history re-use:
<dSpData2D:SpM extrapolated using coords
  <sparsity:sparsity for geom step 4
    nrows_g=200 nrows=8 sparsity=.5073 nnzs=20290, refcount: 9>
  <dData2D:(temp array for extrapolation) n=20290 m=2, refcount: 1>
refcount: 1>
No. of atoms with KB's overlaping orbs in proc 0. Max # of overlaps:      79     654

InitMesh: MESH = 30 x 54 x 80 = 129600
InitMesh: Mesh cutoff (required, used) =   300.000   332.364 Ry
New grid distribution [1]: sub = 2
New grid distribution [2]: sub = 2
New grid distribution [3]: sub = 2
Setting up quadratic distribution...

        iscf     Eharris(eV)        E_KS(eV)     FreeEng(eV)     dDmax    Ef(eV) dHmax(eV)
   scf:    1   -31677.346774   -31677.508204   -31677.532173  0.058783 -6.497381  0.467694
     spin moment: {S} , |S| = {        0.0        0.0   -5.09548 }    -5.09548
   scf:    2   -31662.428305   -31672.564280   -31672.586942  0.325075 -6.512669 10.567541
     spin moment: {S} , |S| = {        0.0        0.0   -4.93312 }    -4.93312
   scf:    3   -31677.754292   -31677.519423   -31677.543398  0.310899 -6.498933  0.045934
     spin moment: {S} , |S| = {        0.0        0.0   -5.09259 }    -5.09259
   scf:    4   -31677.519548   -31677.519515   -31677.543490  0.000970 -6.499180  0.022532
     spin moment: {S} , |S| = {        0.0        0.0   -5.09312 }    -5.09312
   scf:    5   -31677.519541   -31677.519546   -31677.543560  0.001719 -6.499808  0.030751
     spin moment: {S} , |S| = {        0.0        0.0   -5.09139 }    -5.09139
   scf:    6   -31677.519496   -31677.519553   -31677.543579  0.001589 -6.499997  0.029264
     spin moment: {S} , |S| = {        0.0        0.0   -5.09105 }    -5.09105
   scf:    7   -31677.519394   -31677.519535   -31677.543622  0.002858 -6.500962  0.035756
     spin moment: {S} , |S| = {        0.0        0.0   -5.08841 }    -5.08841
   scf:    8   -31677.519536   -31677.519558   -31677.543662  0.001386 -6.500993  0.008685
     spin moment: {S} , |S| = {        0.0        0.0   -5.08754 }    -5.08754
   scf:    9   -31677.519483   -31677.519525   -31677.543666  0.000590 -6.500931  0.014804
     spin moment: {S} , |S| = {        0.0        0.0   -5.08521 }    -5.08521
   scf:   10   -31677.519475   -31677.519503   -31677.543678  0.000717 -6.500956  0.004561
     spin moment: {S} , |S| = {        0.0        0.0   -5.08310 }    -5.08310
   scf:   11   -31677.519463   -31677.519483   -31677.543682  0.000424 -6.501042  0.004111
     spin moment: {S} , |S| = {        0.0        0.0   -5.08158 }    -5.08158

SCF Convergence by DM criterion
max |DM_out - DM_in|         :     0.0004239408
max |H_out - H_in|      (eV) :     0.0041114984
SCF cycle converged after 11 iterations

Using DM_out to compute the final energy and forces
No. of atoms with KB's overlaping orbs in proc 0. Max # of overlaps:      79     654

siesta: E_KS(eV) =           -31677.5195

siesta: Atomic forces (eV/Ang):
     1    0.000000    0.000131   -0.000024
     2   -0.000000    0.050836   -0.008181
     3   -0.000000   -0.050831   -0.008197
     4   -0.000000    0.050840    0.008191
     5    0.000000   -0.050836    0.008206
     6    0.000000   -0.000109    0.000055
     7   -0.000000   -0.000126   -0.000014
     8   -0.000000    0.000111   -0.000044
----------------------------------------
   Tot   -0.000000    0.000016   -0.000008
----------------------------------------
   Max    0.050840
   Res    0.021022    sqrt( Sum f_i^2 / 3N )
----------------------------------------
   Max    0.050840    constrained

Stress tensor Voigt[x,y,z,yz,xz,xy] (kbar):      -10.37       -6.56       -0.97        0.00        0.00        0.00
(Free)E + p*V (eV/cell)   -31677.2211
Target enthalpy (eV/cell)   -31677.5437

siesta: Stress tensor (static) (eV/Ang**3):
        -0.006471    0.000000    0.000000
         0.000000   -0.004092    0.000000
         0.000000    0.000000   -0.000603

siesta: Pressure (static):          5.96307716  kBar

siesta: Stress tensor (total) (eV/Ang**3):
        -0.006471    0.000000    0.000000
         0.000000   -0.004092    0.000000
         0.000000    0.000000   -0.000603

siesta: Pressure (total):          5.96307716  kBar

cgvc: Finished line minimization    2.  Mean atomic displacement =    0.0192

                     ====================================
                        Begin CG opt. move =      5
                     ====================================
k-point displ. along   1 input, could be:     0.00    0.50
k-point displ. along   3 input, could be:     0.00    0.50
 Kpoints in:           24 . Kpoints trimmed:           22

siesta: k-grid: Number of k-points = 22
siesta: k-points from Monkhorst-Pack grid
siesta: k-cutoff (effective) =     7.023 Ang
siesta: k-point supercell and displacements
siesta: k-grid:     6     0     0      0.000
siesta: k-grid:     0     3     0      0.000
siesta: k-grid:     0     0     2      0.000

superc: Internal auxiliary supercell:     9 x     5 x     5  =     225
superc: Number of atoms, orbitals, and projectors:   1800  45000  32400

outcell: Unit cell vectors (Ang):
        2.521312   -0.000000   -0.000000
       -0.000000    4.926214   -0.000000
       -0.000000   -0.000000    7.023027

outcell: Cell vector modules (Ang)   :    2.521312    4.926214    7.023027
outcell: Cell angles (23,13,12) (deg):     90.0000     90.0000     90.0000
outcell: Cell volume (Ang**3)        :     87.2297
<dSpData1D:S at geom step 5
  <sparsity:sparsity for geom step 5
    nrows_g=200 nrows=8 sparsity=.5071 nnzs=20282, refcount: 7>
  <dData1D:(new from dSpData1D) n=20282, refcount: 1>
refcount: 1>
new_DM -- step:     6
Re-using DM from previous geometries...
Number of DMs in history: 1
 DM extrapolation coefficients: 
1   1.00000
New DM after history re-use:
<dSpData2D:SpM extrapolated using coords
  <sparsity:sparsity for geom step 5
    nrows_g=200 nrows=8 sparsity=.5071 nnzs=20282, refcount: 9>
  <dData2D:(temp array for extrapolation) n=20282 m=2, refcount: 1>
refcount: 1>
No. of atoms with KB's overlaping orbs in proc 0. Max # of overlaps:      79     652

InitMesh: MESH = 30 x 54 x 80 = 129600
InitMesh: Mesh cutoff (required, used) =   300.000   332.095 Ry
New grid distribution [1]: sub = 2
New grid distribution [2]: sub = 2
New grid distribution [3]: sub = 2
Setting up quadratic distribution...

        iscf     Eharris(eV)        E_KS(eV)     FreeEng(eV)     dDmax    Ef(eV) dHmax(eV)
   scf:    1   -31678.079980   -31677.465482   -31677.489712  0.079283 -6.499471  1.070700
     spin moment: {S} , |S| = {        0.0        0.0   -5.06210 }    -5.06210
   scf:    2   -31546.630751   -31634.332561   -31634.349620  0.586139 -6.392492 37.762316
     spin moment: {S} , |S| = {        0.0        0.0   -6.25292 }    -6.25292
   scf:    3   -31678.733408   -31677.519291   -31677.542690  0.576300 -6.494807  0.247583
     spin moment: {S} , |S| = {        0.0        0.0   -5.13196 }    -5.13196
   scf:    4   -31677.521242   -31677.520820   -31677.544219  0.004280 -6.493093  0.099796
     spin moment: {S} , |S| = {        0.0        0.0   -5.13195 }    -5.13195
   scf:    5   -31677.521184   -31677.521050   -31677.544439  0.001718 -6.491654  0.049160
     spin moment: {S} , |S| = {        0.0        0.0   -5.13186 }    -5.13186
   scf:    6   -31677.521459   -31677.521328   -31677.544641  0.004101 -6.487353  0.039815
     spin moment: {S} , |S| = {        0.0        0.0   -5.13384 }    -5.13384
   scf:    7   -31677.520999   -31677.521372   -31677.544619  0.003040 -6.484284  0.084768
     spin moment: {S} , |S| = {        0.0        0.0   -5.13569 }    -5.13569
   scf:    8   -31677.521624   -31677.521559   -31677.544796  0.000945 -6.484377  0.018976
     spin moment: {S} , |S| = {        0.0        0.0   -5.13602 }    -5.13602
   scf:    9   -31677.521810   -31677.521702   -31677.544856  0.002897 -6.484022  0.027416
     spin moment: {S} , |S| = {        0.0        0.0   -5.13920 }    -5.13920
   scf:   10   -31677.522046   -31677.521878   -31677.544947  0.002556 -6.483318  0.011077
     spin moment: {S} , |S| = {        0.0        0.0   -5.14240 }    -5.14240
   scf:   11   -31677.522053   -31677.521964   -31677.544982  0.001758 -6.482962  0.010513
     spin moment: {S} , |S| = {        0.0        0.0   -5.14416 }    -5.14416
   scf:   12   -31677.522523   -31677.522222   -31677.545079  0.006455 -6.481589  0.007652
     spin moment: {S} , |S| = {        0.0        0.0   -5.14915 }    -5.14915
   scf:   13   -31677.522608   -31677.522399   -31677.545125  0.005640 -6.480415  0.004205
     spin moment: {S} , |S| = {        0.0        0.0   -5.15277 }    -5.15277
   scf:   14   -31677.522390   -31677.522395   -31677.545126  0.000189 -6.480412  0.004795
     spin moment: {S} , |S| = {        0.0        0.0   -5.15228 }    -5.15228

SCF Convergence by DM criterion
max |DM_out - DM_in|         :     0.0001892399
max |H_out - H_in|      (eV) :     0.0047947619
SCF cycle converged after 14 iterations

Using DM_out to compute the final energy and forces
No. of atoms with KB's overlaping orbs in proc 0. Max # of overlaps:      79     652

siesta: E_KS(eV) =           -31677.5224

siesta: Atomic forces (eV/Ang):
     1    0.000000   -0.000146    0.000059
     2    0.000001   -0.001575   -0.011268
     3   -0.000001    0.001685   -0.011193
     4    0.000000   -0.001597    0.011238
     5   -0.000001    0.001707    0.011162
     6   -0.000001    0.000145   -0.000105
     7    0.000000   -0.000160    0.000043
     8    0.000000   -0.000155    0.000093
----------------------------------------
   Tot   -0.000001   -0.000097    0.000028
----------------------------------------
   Max    0.011268
   Res    0.004628    sqrt( Sum f_i^2 / 3N )
----------------------------------------
   Max    0.011268    constrained

Stress tensor Voigt[x,y,z,yz,xz,xy] (kbar):        2.48       -2.05       10.36        0.00        0.00        0.00
(Free)E + p*V (eV/cell)   -31677.7409
Target enthalpy (eV/cell)   -31677.5451

siesta: Stress tensor (static) (eV/Ang**3):
         0.001546    0.000000    0.000000
         0.000000   -0.001278    0.000000
         0.000000    0.000000    0.006466

siesta: Pressure (static):         -3.59640326  kBar

siesta: Stress tensor (total) (eV/Ang**3):
         0.001546    0.000000    0.000000
         0.000000   -0.001278    0.000000
         0.000000    0.000000    0.006466

siesta: Pressure (total):         -3.59640326  kBar

                     ====================================
                        Begin CG opt. move =      6
                     ====================================
k-point displ. along   1 input, could be:     0.00    0.50
k-point displ. along   3 input, could be:     0.00    0.50
 Kpoints in:           24 . Kpoints trimmed:           22

siesta: k-grid: Number of k-points = 22
siesta: k-points from Monkhorst-Pack grid
siesta: k-cutoff (effective) =     7.022 Ang
siesta: k-point supercell and displacements
siesta: k-grid:     6     0     0      0.000
siesta: k-grid:     0     3     0      0.000
siesta: k-grid:     0     0     2      0.000

superc: Internal auxiliary supercell:     9 x     5 x     5  =     225
superc: Number of atoms, orbitals, and projectors:   1800  45000  32400

outcell: Unit cell vectors (Ang):
        2.518488   -0.000000   -0.000000
       -0.000000    4.925810   -0.000000
       -0.000000   -0.000000    7.022359

outcell: Cell vector modules (Ang)   :    2.518488    4.925810    7.022359
outcell: Cell angles (23,13,12) (deg):     90.0000     90.0000     90.0000
outcell: Cell volume (Ang**3)        :     87.1165
<dSpData1D:S at geom step 6
  <sparsity:sparsity for geom step 6
    nrows_g=200 nrows=8 sparsity=.5071 nnzs=20282, refcount: 7>
  <dData1D:(new from dSpData1D) n=20282, refcount: 1>
refcount: 1>
new_DM -- step:     7
Re-using DM from previous geometries...
Number of DMs in history: 1
 DM extrapolation coefficients: 
1   1.00000
New DM after history re-use:
<dSpData2D:SpM extrapolated using coords
  <sparsity:sparsity for geom step 6
    nrows_g=200 nrows=8 sparsity=.5071 nnzs=20282, refcount: 9>
  <dData2D:(temp array for extrapolation) n=20282 m=2, refcount: 1>
refcount: 1>
No. of atoms with KB's overlaping orbs in proc 0. Max # of overlaps:      79     652

InitMesh: MESH = 30 x 54 x 80 = 129600
InitMesh: Mesh cutoff (required, used) =   300.000   332.150 Ry
New grid distribution [1]: sub = 2
New grid distribution [2]: sub = 2
New grid distribution [3]: sub = 2
Setting up quadratic distribution...

        iscf     Eharris(eV)        E_KS(eV)     FreeEng(eV)     dDmax    Ef(eV) dHmax(eV)
   scf:    1   -31677.368633   -31677.520059   -31677.542839  0.016571 -6.481082  0.223352
     spin moment: {S} , |S| = {        0.0        0.0   -5.15272 }    -5.15272
   scf:    2   -31673.031966   -31676.044830   -31676.065844  0.190162 -6.489885  6.271576
     spin moment: {S} , |S| = {        0.0        0.0   -4.86981 }    -4.86981
   scf:    3   -31677.576557   -31677.522198   -31677.545175  0.181747 -6.482057  0.029153
     spin moment: {S} , |S| = {        0.0        0.0   -5.13785 }    -5.13785
   scf:    4   -31677.522246   -31677.522228   -31677.545191  0.000390 -6.482301  0.010526
     spin moment: {S} , |S| = {        0.0        0.0   -5.13841 }    -5.13841

SCF Convergence by DM criterion
max |DM_out - DM_in|         :     0.0003897301
max |H_out - H_in|      (eV) :     0.0105259346
SCF cycle converged after 4 iterations

Using DM_out to compute the final energy and forces
No. of atoms with KB's overlaping orbs in proc 0. Max # of overlaps:      79     652

siesta: E_KS(eV) =           -31677.5222

siesta: Atomic forces (eV/Ang):
     1   -0.000001   -0.000103    0.000044
     2   -0.000000    0.007616   -0.011998
     3    0.000001   -0.007524   -0.011935
     4   -0.000001    0.007598    0.011975
     5    0.000000   -0.007504    0.011908
     6    0.000000    0.000104   -0.000082
     7   -0.000000   -0.000153    0.000032
     8   -0.000000   -0.000099    0.000070
----------------------------------------
   Tot   -0.000002   -0.000065    0.000015
----------------------------------------
   Max    0.011998
   Res    0.005775    sqrt( Sum f_i^2 / 3N )
----------------------------------------
   Max    0.011998    constrained

Stress tensor Voigt[x,y,z,yz,xz,xy] (kbar):       -1.24       -3.69        7.66       -0.00       -0.00        0.00
(Free)E + p*V (eV/cell)   -31677.5946
Target enthalpy (eV/cell)   -31677.5452

siesta: Stress tensor (static) (eV/Ang**3):
        -0.000771    0.000000   -0.000000
         0.000000   -0.002305   -0.000000
        -0.000000   -0.000000    0.004778

siesta: Pressure (static):         -0.90930778  kBar

siesta: Stress tensor (total) (eV/Ang**3):
        -0.000771    0.000000   -0.000000
         0.000000   -0.002305   -0.000000
        -0.000000   -0.000000    0.004778

siesta: Pressure (total):         -0.90930778  kBar

outcoor: Relaxed atomic coordinates (fractional):           
    0.00000000    0.50000035   -0.00000025   1       1  Ni
    0.50000000    0.25095752    0.25032426   1       2  Ni
    0.50000000    0.74904117    0.25032388   1       3  Ni
    0.50000000    0.25095749    0.74967583   1       4  Ni
    0.50000000    0.74904114    0.74967622   1       5  Ni
    0.00000000   -0.00000117    0.00000068   2       6  Mn
   -0.00000000    0.00000235    0.49999979   2       7  Mn
   -0.00000000    0.50000180    0.49999949   2       8  Mn

outcell: Unit cell vectors (Ang):
        2.518488   -0.000000   -0.000000
       -0.000000    4.925810   -0.000000
       -0.000000   -0.000000    7.022359

outcell: Cell vector modules (Ang)   :    2.518488    4.925810    7.022359
outcell: Cell angles (23,13,12) (deg):     90.0000     90.0000     90.0000
outcell: Cell volume (Ang**3)        :     87.1165

coxmol: Writing XMOL coordinates into file hea.xyz                                                                                                                                                                                                                             
Writing WFSX for COOP/COHP in hea.fullBZ.WFSX

diag: Algorithm                                     = D&C
diag: Parallel over k                               =   F
diag: Use parallel 2D distribution                  =   T
diag: Parallel block-size                           = 4
diag: Parallel distribution                         =     6 x     8
diag: Used triangular part                          = Lower
diag: Absolute tolerance                            =  0.100E-15
diag: Orthogonalization factor                      =  0.100E-05
diag: Memory factor                                 =  1.0000

diag: Algorithm                                     = D&C
diag: Parallel over k                               =   F
diag: Use parallel 2D distribution                  =   T
diag: Parallel block-size                           = 4
diag: Parallel distribution                         =     6 x     8
diag: Used triangular part                          = Lower
diag: Absolute tolerance                            =  0.100E-15
diag: Orthogonalization factor                      =  0.100E-05
diag: Memory factor                                 =  1.0000

siesta: PDOS info
siesta: E1 -- E2, sigma [eV], nhist:  -20.000 --   20.000    0.100 1000

diag: Algorithm                                     = D&C
diag: Parallel over k                               =   F
diag: Use parallel 2D distribution                  =   T
diag: Parallel block-size                           = 4
diag: Parallel distribution                         =     6 x     8
diag: Used triangular part                          = Lower
diag: Absolute tolerance                            =  0.100E-15
diag: Orthogonalization factor                      =  0.100E-05
diag: Memory factor                                 =  1.0000

siesta: Program's energy decomposition (eV):
siesta: Ebs     =     -5336.632480
siesta: Eions   =     40973.347147
siesta: Ena     =      3095.452821
siesta: Ekin    =     14653.604546
siesta: Enl     =     -4174.257593
siesta: Eso     =         0.000000
siesta: Edftu   =         0.000000
siesta: DEna    =        85.895232
siesta: DUscf   =         1.095821
siesta: DUext   =         0.000000
siesta: Ex      =     -4116.054233
siesta: Ec      =      -249.911675
siesta: Exc     =     -4365.965908
siesta: EbV     =         0.000000
siesta: eta*DQ  =         0.000000
siesta: Emadel  =         0.000000
siesta: Emeta   =         0.000000
siesta: Emolmec =         0.000000
siesta: Ekinion =         0.000000
siesta: Eharris =    -31677.522246
siesta: Etot    =    -31677.522228
siesta: FreeEng =    -31677.545191

siesta: Final energy (eV):
siesta:  Band Struct. =   -5336.632480
siesta:       Kinetic =   14653.604546
siesta:       Hartree =    8338.151138
siesta:         Edftu =       0.000000
siesta:       Eso     =       0.000000
siesta:    Ext. field =       0.000000
siesta:         Exch. =   -4116.054233
siesta:         Corr. =    -249.911675
siesta:     Bulk bias =       0.000000
siesta:   Exch.-corr. =   -4365.965908
siesta:  Ion-electron =  -32347.917566
siesta:       Ion-ion =  -17955.394438
siesta:       Ekinion =       0.000000
siesta: D3 dispersion =       0.000000
siesta:         Total =  -31677.522228
siesta:         Fermi =      -6.482301

siesta: Stress tensor (static) (eV/Ang**3):
siesta:    -0.000771    0.000000   -0.000000
siesta:     0.000000   -0.002305   -0.000000
siesta:    -0.000000   -0.000000    0.004778

siesta: Constrained stress tensor (static) (eV/Ang**3):
siesta:    -0.000771    0.000000   -0.000000
siesta:     0.000000   -0.002305   -0.000000
siesta:    -0.000000   -0.000000    0.004778

siesta: Cell volume =         87.116543 Ang**3

siesta: Pressure (static):
siesta:                Solid            Molecule  Units
siesta:          -0.00000618         -0.00000814  Ry/Bohr**3
siesta:          -0.00056755         -0.00074725  eV/Ang**3
siesta:          -0.90930778         -1.19722797  kBar
(Free)E+ p_basis*V_orbitals  =      -31653.695514
(Free)Eharris+ p_basis*V_orbitals  =      -31653.695532

mulliken: Atomic and Orbital Populations:

mulliken: Spin UP 

Species: Ni                  
Atom  Qatom  Qorb
               3s      4s      4s      4s      3py     3pz     3px     4py     
               4pz     4px     3dxy    3dyz    3dz2    3dxz    3dx2-y2 3dxy    
               3dyz    3dz2    3dxz    3dx2-y2 3dxy    3dyz    3dz2    3dxz    
               3dx2-y2 
   1  8.894   0.984   0.291  -0.009  -0.003   0.998   0.999   0.999   0.207
              0.189   0.183   1.051   1.044   1.130   1.078   1.166  -0.070

             -0.067  -0.071  -0.069  -0.077  -0.175  -0.220  -0.194  -0.224

             -0.244
   2  8.761   0.982  -0.343   0.104   0.260   0.998   0.998   0.998   0.200
              0.198   0.190   1.133   1.148   1.092   1.134   1.050  -0.069

             -0.069  -0.068  -0.069  -0.059  -0.180  -0.238  -0.182  -0.233

             -0.217
   3  8.761   0.982  -0.343   0.104   0.260   0.998   0.998   0.998   0.200
              0.198   0.190   1.133   1.148   1.092   1.134   1.050  -0.069

             -0.069  -0.068  -0.069  -0.059  -0.180  -0.238  -0.182  -0.233

             -0.217
   4  8.761   0.982  -0.343   0.104   0.260   0.998   0.998   0.998   0.200
              0.198   0.190   1.133   1.148   1.092   1.134   1.050  -0.069

             -0.069  -0.068  -0.069  -0.059  -0.180  -0.238  -0.182  -0.233

             -0.217
   5  8.761   0.982  -0.343   0.104   0.260   0.998   0.998   0.998   0.200
              0.198   0.190   1.133   1.148   1.092   1.134   1.050  -0.069

             -0.069  -0.068  -0.069  -0.059  -0.180  -0.238  -0.182  -0.233

             -0.217

Species: Mn                  
Atom  Qatom  Qorb
               3s      4s      4s      4s      3py     3pz     3px     4py     
               4pz     4px     3dxy    3dyz    3dz2    3dxz    3dx2-y2 3dxy    
               3dyz    3dz2    3dxz    3dx2-y2 3dxy    3dyz    3dz2    3dxz    
               3dx2-y2 
   6  5.849   0.974   0.258   0.076  -0.182   0.993   0.994   0.993   0.113
              0.115   0.135   0.296   0.569   0.250   0.700   0.645  -0.031

             -0.052  -0.030  -0.064  -0.070  -0.072  -0.219  -0.042  -0.272

             -0.226
   7  9.099   1.004   0.396   0.011  -0.115   0.993   0.994   0.994   0.213
              0.208   0.192   1.214   1.317   1.205   1.318   1.319  -0.072

             -0.089  -0.064  -0.085  -0.121  -0.313  -0.408  -0.259  -0.411

             -0.343
   8  6.045   0.975   0.355   0.046  -0.182   0.991   0.993   0.993   0.116
              0.117   0.138   0.337   0.624   0.273   0.742   0.638  -0.033

             -0.055  -0.032  -0.067  -0.070  -0.084  -0.242  -0.044  -0.290

             -0.195

mulliken: Qtot =       64.931

mulliken: Spin DOWN 

Species: Ni                  
Atom  Qatom  Qorb
               3s      4s      4s      4s      3py     3pz     3px     4py     
               4pz     4px     3dxy    3dyz    3dz2    3dxz    3dx2-y2 3dxy    
               3dyz    3dz2    3dxz    3dx2-y2 3dxy    3dyz    3dz2    3dxz    
               3dx2-y2 
   1  9.346   0.989   0.232  -0.024   0.023   0.998   0.999   0.999   0.177
              0.158   0.168   1.203   1.250   1.183   1.215   1.189  -0.048

             -0.050  -0.052  -0.054  -0.057  -0.210  -0.266  -0.196  -0.239

             -0.241
   2  9.058   0.985  -0.259   0.073   0.234   0.998   0.998   0.998   0.182
              0.184   0.173   1.153   1.173   1.174   1.185   1.202  -0.056

             -0.058  -0.054  -0.057  -0.048  -0.182  -0.243  -0.203  -0.245

             -0.251
   3  9.058   0.985  -0.259   0.073   0.234   0.998   0.998   0.998   0.182
              0.184   0.173   1.153   1.173   1.174   1.185   1.202  -0.056

             -0.058  -0.054  -0.057  -0.048  -0.182  -0.243  -0.203  -0.245

             -0.251
   4  9.058   0.985  -0.259   0.073   0.234   0.998   0.998   0.998   0.182
              0.184   0.173   1.154   1.173   1.174   1.185   1.202  -0.056

             -0.058  -0.054  -0.057  -0.048  -0.182  -0.243  -0.203  -0.245

             -0.251
   5  9.058   0.985  -0.259   0.073   0.234   0.998   0.998   0.998   0.182
              0.184   0.173   1.154   1.173   1.174   1.185   1.202  -0.056

             -0.058  -0.054  -0.057  -0.048  -0.182  -0.243  -0.203  -0.245

             -0.251

Species: Mn                  
Atom  Qatom  Qorb
               3s      4s      4s      4s      3py     3pz     3px     4py     
               4pz     4px     3dxy    3dyz    3dz2    3dxz    3dx2-y2 3dxy    
               3dyz    3dz2    3dxz    3dx2-y2 3dxy    3dyz    3dz2    3dxz    
               3dx2-y2 
   6  9.123   1.009   0.024   0.102  -0.017   0.995   0.995   0.996   0.178
              0.187   0.180   1.303   1.407   1.231   1.404   1.349  -0.072

             -0.097  -0.064  -0.099  -0.107  -0.308  -0.403  -0.264  -0.428

             -0.377
   7  6.253   0.978   0.508  -0.015  -0.221   0.990   0.992   0.992   0.123
              0.124   0.136   0.428   0.658   0.323   0.660   0.725  -0.039

             -0.054  -0.036  -0.052  -0.082  -0.107  -0.255  -0.051  -0.255

             -0.217
   8  9.115   1.006   0.189   0.058  -0.053   0.994   0.995   0.995   0.193
              0.186   0.189   1.277   1.365   1.230   1.406   1.354  -0.078

             -0.097  -0.070  -0.099  -0.125  -0.328  -0.416  -0.259  -0.439

             -0.356

mulliken: Qtot =       70.069

Mulliken Atomic Populations:
Atom #   charge [q] valence [e]      Sz [e]  Species
     1    -0.240360   18.240360   -0.451567  Ni
     2     0.181262   17.818738   -0.297371  Ni
     3     0.181261   17.818739   -0.297390  Ni
     4     0.181263   17.818737   -0.297371  Ni
     5     0.181261   17.818739   -0.297390  Ni
     6     0.027919   14.972081   -3.273318  Mn
     7    -0.352925   15.352925    2.845931  Mn
     8    -0.159681   15.159681   -3.069940  Mn
-------------------------------------------
 Total    -0.000000               -5.138415

cite: Please indicate the Siesta version in published work: 5.2.2
cite: This calculation has made use of features in the following articles
cite: which we encourage you to cite in published work.
cite: (Please see "hea.bib" for a BibTeX file.)
        Primary SIESTA paper
          DOI: www.doi.org/10.1088/0953-8984/14/11/302
        PSML pseudopotential format
          DOI: www.doi.org/10.1016/j.cpc.2018.02.011


>> End of run:  30-JUL-2025   6:38:49
Job completed
