Executable      : /home/users/felipegc/woltsoft/SIESTA/siesta-5.2.2/build/bin/siesta
Version         : 5.2.2
Architecture    : x86_64
Compiler version: GNU-9.3.0
Compiler flags  : -O3 -march=native
Parallelisations: MPI
Lua support
Native ELPA support
ELSI support. Solvers:
   ELPA (internal) 
   NTPoly
   OMM
DFT-D3 support
Wannier90 wrapper support

Runtime information:
* Directory : /home/users/felipegc/MnGaNi/top/structure_calc_397
* Running on 36 nodes in parallel.
>> Start of run:  21-JUN-2025  17:39:21

                           *********************** 
                           *  WELCOME TO SIESTA  * 
                           *********************** 

 NOTE: Siesta V5 introduces some new defaults for basis-set generation
 NOTE: which might lead to slightly different numerical results.
 NOTE: Please see the manual for full details and compatibility measures.


reinit: Reading from standard input
reinit: Dumping input in INPUT_TMP.16984
************************** Dump of input data file ****************************
SystemName          hea
SystemLabel         hea
Reparametrize.Pseudos T
Restricted.Radial.Grid F
%include atoms.fdf
MaxSCFIterations     20000
SCF.Mix              Hamiltonian
SCF.Mixer.Method     Broyden
#SCF.Mixer.Variant    original #Pulay original
SCF.Mixer.History    8
SCF.Mixer.Weight     0.07
SCF.H.Converge       False
SCF.DM.Converge      True
SCF.DM.Tolerance     5.d-4
SCF.H.Tolerance      5.d-3 eV
MeshCutoff 300.0 Ry
MD.UseSaveCG         False
DM.UseSaveDM         False
NumberOfEigenStates -20
ElectronicTemperature 300 K
WriteCoorXmol        True
XC.Functional     GGA
XC.authors        PBEsol
SpinPolarized      True
SolutionMethod       diagon
#Diag.Algorithm        MRRR
###################################
###################################
# Full template for Basis param.
###################################
###################################
Basis.Pressure 0.3 GPa
PAO.SoftDefault T
PAO.SoftPotential 50.0 Ry
PAO.SoftInnerRadius 0.70
PAO.BasisType split
PAO.EnergyShift 0.0019 eV
PAO.BasisSize TZP
PAO.SplitTailNorm T
            %block kgrid_Monkhorst_Pack
            2  0  0  0.
            0  6  0  0.
            0  0  4  0.
            %endblock kgrid_Monkhorst_Pack
            MD.TypeOfRun CG
            MD.Steps         500
            MD.VariableCell true
            MD.MaxForceTol 0.05 eV/Ang
            WriteMDHistory true
            WriteForces true
            Write.OrbitalIndex true
            Charge.Mulliken end
            COOP.Write true
            %block ProjectedDensityOfStates
            -20.00 20.00 0.1 1000 eV
            %endblock ProjectedDensityOfStates
************************** End of input data file *****************************

reinit: -----------------------------------------------------------------------
reinit: System Name: hea
reinit: -----------------------------------------------------------------------
reinit: System Label: hea
reinit: -----------------------------------------------------------------------

NOTE on units for spin output: 
{S} is the spin magnetic moment, in units of the Bohr magneton,
assuming a g-factor for the electron spin of exactly 2.
The spin magnetic moment is then numerically equal to the charge inbalance,
in units of electrons, between the spin-up and -down channels.


initatom: Reading input for the pseudopotentials and atomic orbitals ----------
Species number:   1 Atomic number:   28 Label: Ni
Species number:   2 Atomic number:   25 Label: Mn

Ground state valence configuration (from tables):   4s02  4p00  3d08  4f00
Ground state valence configuration (from tables):   4s02  4p00  3d05  4f00

---- Processing specs for species: Ni
Reading pseudopotential information in PSML from:
  Ni.psml
PSML file version: 1.1
Using libxc ids:  101 130
GGA--PBE XC_GGA_X_PBE--XC_GGA_C_PBE pb
PSML uuid: 020bdba0-be42-11e7-6ded-a592ddfb3399
Semicore shell(s) with  8 electrons included in the valence for Ni

---- Processing specs for species: Mn
Reading pseudopotential information in PSML from:
  Mn.psml
PSML file version: 1.1
Using libxc ids:  101 130
GGA--PBE XC_GGA_X_PBE--XC_GGA_C_PBE pb
PSML uuid: e5ebd880-be41-11e7-659b-074ddfc7bd15
Semicore shell(s) with  8 electrons included in the valence for Mn

---- Pseudopotential check for Ni

Pseudized shells:
3s( 2.00) rc: 1.26
3p( 6.00) rc: 1.35
3d( 8.00) rc: 1.66
Valence configuration for ps generation: 3s:3p:3d:4s: Total charge:  18.000000
Semicore shell(s): 3s 3p
Fallback to non-perturbative polarization scheme for Ni
Please see the manual if this is not desired in principle

---- Pseudopotential check for Mn

Pseudized shells:
3s( 2.00) rc: 1.41
3p( 6.00) rc: 1.21
3d( 5.00) rc: 1.61
Valence configuration for ps generation: 3s:3p:3d:4s: Total charge:  15.000000
Semicore shell(s): 3s 3p
Fallback to non-perturbative polarization scheme for Mn
Please see the manual if this is not desired in principle
For Ni, standard SIESTA heuristics set lmxkb to 3
 (one more than the basis l, including polarization orbitals).
Use PS.lmax or PS.KBprojectors blocks to override.
For Mn, standard SIESTA heuristics set lmxkb to 3
 (one more than the basis l, including polarization orbitals).
Use PS.lmax or PS.KBprojectors blocks to override.
Ni pseudopotential only contains V_ls up to l=2 -- lmxkb reset.
Mn pseudopotential only contains V_ls up to l=2 -- lmxkb reset.

<basis_specs>
===============================================================================
Ni                   Z=  28    Mass=  58.693        Charge= 0.17977+309
Lmxo=2 Lmxkb= 2    BasisType=split      Semic=T
L=0  Nsemic=1  Cnfigmx=4
          i=1  nzeta=1  polorb=0  (3s)  (semicore shell)
            splnorm:   0.15000    
               vcte:    50.000    
               rinn:  -0.70000    
               qcoe:    0.0000    
               qyuk:    0.0000    
               qwid:   0.10000E-01
                rcs:    0.0000    
            lambdas:    1.0000    
          i=2  nzeta=3  polorb=0  (4s)  (to be polarized non-perturbatively)
            splnorm:   0.15000    
               vcte:    50.000    
               rinn:  -0.70000    
               qcoe:    0.0000    
               qyuk:    0.0000    
               qwid:   0.10000E-01
                rcs:    0.0000      0.0000      0.0000    
            lambdas:    1.0000      1.0000      1.0000    
L=1  Nsemic=1  Cnfigmx=4
          i=1  nzeta=1  polorb=0  (3p)  (semicore shell)
            splnorm:   0.15000    
               vcte:    50.000    
               rinn:  -0.70000    
               qcoe:    0.0000    
               qyuk:    0.0000    
               qwid:   0.10000E-01
                rcs:    0.0000    
            lambdas:    1.0000    
          i=2  nzeta=1  polorb=0  (4p)  (non-perturbative polarization shell)
            splnorm:   0.15000    
               vcte:    50.000    
               rinn:  -0.70000    
               qcoe:   0.44090-315
               qyuk:    0.0000    
               qwid:   0.69525-309
                rcs:    0.0000    
            lambdas:    1.0000    
L=2  Nsemic=0  Cnfigmx=3
          i=1  nzeta=3  polorb=0  (3d)
            splnorm:   0.15000    
               vcte:    50.000    
               rinn:  -0.70000    
               qcoe:    0.0000    
               qyuk:    0.0000    
               qwid:   0.10000E-01
                rcs:    0.0000      0.0000      0.0000    
            lambdas:    1.0000      1.0000      1.0000    
-------------------------------------------------------------------------------
L=0  Nkbl=2  erefs: 0.17977+309 0.17977+309
L=1  Nkbl=2  erefs: 0.17977+309 0.17977+309
L=2  Nkbl=1  erefs: 0.17977+309
===============================================================================
</basis_specs>

Using PAO.SplitTailNorm
atom: Called for Ni                    (Z =  28)
Maximum radius (at nrval) set to   50.00000 8518

read_vps: Pseudopotential generation method:
read_vps: ONCVPSP-3.Hamann's oncvpsp                        
Valence charge in pseudo generation:   18.00000

read_vps: Pseudopotential includes a core correction:
read_vps: Pseudo-core for xc-correction

xc_check: Exchange-correlation functional:
xc_check: GGA PBEsol
xc_check: WARNING: Pseudopotential generated with GGA PBE functional
Got Vlocal (oncv-fit) from psml data
Choosing vlocal chloc cutoff:  3.188973
qtot up to nchloc:   17.99992641
atom: Maximum radius for chlocal:    3.18897
atom: Maximum radius for r*vlocal+2*Zval:    3.18897
Reading KB projs from Ni psml data
Using scalar-relativistic projectors in PSML file

PSML: Kleinman-Bylander projectors: 
   l= 0   rc=  1.276377   Ekb= 12.509070
   l= 0   rc=  1.276377   Ekb= -0.503495
   l= 1   rc=  1.371030   Ekb= -5.680418
   l= 1   rc=  1.371030   Ekb= -0.775211
   l= 2   rc=  1.680171   Ekb=-14.446879
   l= 2   rc=  1.680171   Ekb= -5.088878

PSML: Total number of  Kleinman-Bylander projectors:  18
atom: -------------------------------------------------------------------------

atom: SANKEY-TYPE ORBITALS:
atom: Selected multiple-zeta basis: split     

SPLIT: Orbitals with angular momentum L= 0

SPLIT: Basis orbitals for state 3s

SPLIT: PAO cut-off radius determined from an
SPLIT: energy shift=  0.000140 Ry
Split based on tail norm

   izeta = 1
                 lambda =    1.000000
                     rc =    2.999668
                 energy =   -8.139209
                kinetic =    3.776111
    potential(screened) =  -11.915319
       potential(ionic) =  -45.801861

SPLIT: Basis orbitals for state 4s

SPLIT: PAO cut-off radius determined from an
SPLIT: energy shift=  0.000140 Ry
Split based on tail norm

   izeta = 1
                 lambda =    1.000000
                     rc =    9.316220
                 energy =   -0.512978
                kinetic =    1.389681
    potential(screened) =   -1.902658
       potential(ionic) =  -17.770111

   izeta = 2
                 rmatch =    4.957068
              splitnorm =    0.150000
                 energy =   -0.410487
                kinetic =    2.329090
    potential(screened) =   -2.739576
       potential(ionic) =  -21.501560

   izeta = 3
                 rmatch =    5.824741
              splitnorm =    0.075000
                 energy =   -0.473172
                kinetic =    1.899833
    potential(screened) =   -2.373005
       potential(ionic) =  -19.995099

SPLIT: Orbitals with angular momentum L= 1

SPLIT: Basis orbitals for state 3p

SPLIT: PAO cut-off radius determined from an
SPLIT: energy shift=  0.000140 Ry
Split based on tail norm

   izeta = 1
                 lambda =    1.000000
                     rc =    3.414070
                 energy =   -5.225411
                kinetic =    9.244220
    potential(screened) =  -14.469631
       potential(ionic) =  -47.296381

SPLIT: Basis orbitals for state 4p
SPLIT: Non-perturbative polarization orbs for state 4s
SPLIT: rc(1st zeta) (re)set to: 9.3162 (expansion factor: 1.0000)
Split based on tail norm

   izeta = 1
                 lambda =    1.000000
                     rc =    9.316220
                 energy =   -0.065208
                kinetic =    0.825147
    potential(screened) =   -0.890355
       potential(ionic) =  -12.014212

SPLIT: Orbitals with angular momentum L= 2

SPLIT: Basis orbitals for state 3d

SPLIT: PAO cut-off radius determined from an
SPLIT: energy shift=  0.000140 Ry
Split based on tail norm

   izeta = 1
                 lambda =    1.000000
                     rc =    6.323353
                 energy =   -0.639566
                kinetic =   11.441999
    potential(screened) =  -12.081565
       potential(ionic) =  -40.678115

   izeta = 2
                 rmatch =    2.624859
              splitnorm =    0.150000
                 energy =   -0.513226
                kinetic =   13.528651
    potential(screened) =  -14.041878
       potential(ionic) =  -44.582092

   izeta = 3
                 rmatch =    3.356353
              splitnorm =    0.075000
                 energy =   -0.605538
                kinetic =   12.372939
    potential(screened) =  -12.978477
       potential(ionic) =  -42.595740
atom: Total number of Sankey-type orbitals: 25

atm_pop: Valence configuration (for local Pseudopot. screening):
 3s( 2.00) 4s( 2.00)                                                  
 3p( 6.00) 4p( 0.00)                                                  
 3d( 8.00)                                                            
Vna: chval, zval:   18.00000  18.00000

Vna:  Cut-off radius for the neutral-atom potential:   9.316220
comcore: Pseudo-core radius Rcore=  1.817282

atom: _________________________________________________________________________

<basis_specs>
===============================================================================
Mn                   Z=  25    Mass=  54.938        Charge= 0.17977+309
Lmxo=2 Lmxkb= 2    BasisType=split      Semic=T
L=0  Nsemic=1  Cnfigmx=4
          i=1  nzeta=1  polorb=0  (3s)  (semicore shell)
            splnorm:   0.15000    
               vcte:    50.000    
               rinn:  -0.70000    
               qcoe:    0.0000    
               qyuk:    0.0000    
               qwid:   0.10000E-01
                rcs:    0.0000    
            lambdas:    1.0000    
          i=2  nzeta=3  polorb=0  (4s)  (to be polarized non-perturbatively)
            splnorm:   0.15000    
               vcte:    50.000    
               rinn:  -0.70000    
               qcoe:    0.0000    
               qyuk:    0.0000    
               qwid:   0.10000E-01
                rcs:    0.0000      0.0000      0.0000    
            lambdas:    1.0000      1.0000      1.0000    
L=1  Nsemic=1  Cnfigmx=4
          i=1  nzeta=1  polorb=0  (3p)  (semicore shell)
            splnorm:   0.15000    
               vcte:    50.000    
               rinn:  -0.70000    
               qcoe:    0.0000    
               qyuk:    0.0000    
               qwid:   0.10000E-01
                rcs:    0.0000    
            lambdas:    1.0000    
          i=2  nzeta=1  polorb=0  (4p)  (non-perturbative polarization shell)
            splnorm:   0.15000    
               vcte:    50.000    
               rinn:  -0.70000    
               qcoe:   0.44090-315
               qyuk:    0.0000    
               qwid:   0.69525-309
                rcs:    0.0000    
            lambdas:    1.0000    
L=2  Nsemic=0  Cnfigmx=3
          i=1  nzeta=3  polorb=0  (3d)
            splnorm:   0.15000    
               vcte:    50.000    
               rinn:  -0.70000    
               qcoe:    0.0000    
               qyuk:    0.0000    
               qwid:   0.10000E-01
                rcs:    0.0000      0.0000      0.0000    
            lambdas:    1.0000      1.0000      1.0000    
-------------------------------------------------------------------------------
L=0  Nkbl=2  erefs: 0.17977+309 0.17977+309
L=1  Nkbl=2  erefs: 0.17977+309 0.17977+309
L=2  Nkbl=1  erefs: 0.17977+309
===============================================================================
</basis_specs>

Using PAO.SplitTailNorm
atom: Called for Mn                    (Z =  25)
Maximum radius (at nrval) set to   50.00000 8518

read_vps: Pseudopotential generation method:
read_vps: ONCVPSP-3.Hamann's oncvpsp                        
Valence charge in pseudo generation:   15.00000

read_vps: Pseudopotential includes a core correction:
read_vps: Pseudo-core for xc-correction

xc_check: Exchange-correlation functional:
xc_check: GGA PBEsol
xc_check: WARNING: Pseudopotential generated with GGA PBE functional
Got Vlocal (oncv-fit) from psml data
Choosing vlocal chloc cutoff:  3.504263
qtot up to nchloc:   15.00032895
atom: Maximum radius for chlocal:    3.50426
atom: Maximum radius for r*vlocal+2*Zval:    3.50426
Reading KB projs from Mn psml data
Using scalar-relativistic projectors in PSML file

PSML: Kleinman-Bylander projectors: 
   l= 0   rc=  1.427391   Ekb= 18.471374
   l= 0   rc=  1.430269   Ekb=  3.121111
   l= 1   rc=  1.224702   Ekb=  3.156115
   l= 1   rc=  1.224702   Ekb= -1.424352
   l= 2   rc=  1.630219   Ekb=-13.224142
   l= 2   rc=  1.630219   Ekb= -4.330632

PSML: Total number of  Kleinman-Bylander projectors:  18
atom: -------------------------------------------------------------------------

atom: SANKEY-TYPE ORBITALS:
atom: Selected multiple-zeta basis: split     

SPLIT: Orbitals with angular momentum L= 0

SPLIT: Basis orbitals for state 3s

SPLIT: PAO cut-off radius determined from an
SPLIT: energy shift=  0.000140 Ry
Split based on tail norm

   izeta = 1
                 lambda =    1.000000
                     rc =    3.380000
                 energy =   -6.293298
                kinetic =    2.848567
    potential(screened) =   -9.141865
       potential(ionic) =  -33.519753

SPLIT: Basis orbitals for state 4s

SPLIT: PAO cut-off radius determined from an
SPLIT: energy shift=  0.000140 Ry
Split based on tail norm

   izeta = 1
                 lambda =    1.000000
                     rc =   10.002455
                 energy =   -0.450676
                kinetic =    1.112603
    potential(screened) =   -1.563278
       potential(ionic) =  -13.199632

   izeta = 2
                 rmatch =    5.430276
              splitnorm =    0.150000
                 energy =   -0.360834
                kinetic =    1.875764
    potential(screened) =   -2.236598
       potential(ionic) =  -15.982656

   izeta = 3
                 rmatch =    6.342382
              splitnorm =    0.075000
                 energy =   -0.415048
                kinetic =    1.529261
    potential(screened) =   -1.944310
       potential(ionic) =  -14.865309

SPLIT: Orbitals with angular momentum L= 1

SPLIT: Basis orbitals for state 3p

SPLIT: PAO cut-off radius determined from an
SPLIT: energy shift=  0.000140 Ry
Split based on tail norm

   izeta = 1
                 lambda =    1.000000
                     rc =    3.873861
                 energy =   -3.996757
                kinetic =    6.976018
    potential(screened) =  -10.972775
       potential(ionic) =  -34.563053

SPLIT: Basis orbitals for state 4p
SPLIT: Non-perturbative polarization orbs for state 4s
SPLIT: rc(1st zeta) (re)set to: 10.0025 (expansion factor: 1.0000)
Split based on tail norm

   izeta = 1
                 lambda =    1.000000
                     rc =   10.002455
                 energy =   -0.085879
                kinetic =    0.770317
    potential(screened) =   -0.856196
       potential(ionic) =   -9.409918

SPLIT: Orbitals with angular momentum L= 2

SPLIT: Basis orbitals for state 3d

SPLIT: PAO cut-off radius determined from an
SPLIT: energy shift=  0.000140 Ry
Split based on tail norm

   izeta = 1
                 lambda =    1.000000
                     rc =    7.238756
                 energy =   -0.490123
                kinetic =    9.261574
    potential(screened) =   -9.751697
       potential(ionic) =  -30.334327

   izeta = 2
                 rmatch =    3.144499
              splitnorm =    0.150000
                 energy =   -0.401801
                kinetic =   11.021778
    potential(screened) =  -11.423579
       potential(ionic) =  -33.555539

   izeta = 3
                 rmatch =    3.972182
              splitnorm =    0.075000
                 energy =   -0.464167
                kinetic =   10.072383
    potential(screened) =  -10.536551
       potential(ionic) =  -31.940836
atom: Total number of Sankey-type orbitals: 25

atm_pop: Valence configuration (for local Pseudopot. screening):
 3s( 2.00) 4s( 2.00)                                                  
 3p( 6.00) 4p( 0.00)                                                  
 3d( 5.00)                                                            
Vna: chval, zval:   15.00000  15.00000

Vna:  Cut-off radius for the neutral-atom potential:  10.002455
comcore: Pseudo-core radius Rcore=  2.115123

atom: _________________________________________________________________________

prinput: Basis input 

PAO.BasisType split     

%block ChemicalSpeciesLabel
    1   28 Ni                      # Species index, atomic number, species label
    2   25 Mn                      # Species index, atomic number, species label
%endblock ChemicalSpeciesLabel

%block PAO.Basis                 # Define Basis set
# WARNING: This information might be incomplete!
Ni                    5                    # Species label, number of l-shells
 n=3   0   1                         # n, l, Nzeta 
   3.000   
   1.000   
 n=4   0   3                         # n, l, Nzeta 
   9.316      4.957      5.825   
   1.000      1.000      1.000   
 n=3   1   1                         # n, l, Nzeta 
   3.414   
   1.000   
 n=4   1   1                         # n, l, Nzeta 
   9.316   
   1.000   
 n=3   2   3                         # n, l, Nzeta 
   6.323      2.625      3.356   
   1.000      1.000      1.000   
Mn                    5                    # Species label, number of l-shells
 n=3   0   1                         # n, l, Nzeta 
   3.380   
   1.000   
 n=4   0   3                         # n, l, Nzeta 
  10.002      5.430      6.342   
   1.000      1.000      1.000   
 n=3   1   1                         # n, l, Nzeta 
   3.874   
   1.000   
 n=4   1   1                         # n, l, Nzeta 
  10.002   
   1.000   
 n=3   2   3                         # n, l, Nzeta 
   7.239      3.144      3.972   
   1.000      1.000      1.000   
%endblock PAO.Basis

prinput: ----------------------------------------------------------------------

coor:   Atomic-coordinates input format  =     Fractional

siesta: Atomic coordinates (Bohr) and species
siesta:      0.00000   0.00000   0.00000  1        1
siesta:      4.70356   0.00000   0.00000  1        2
siesta:      9.40712   0.00000   0.00000  1        3
siesta:      2.35178   2.35178   3.32592  1        4
siesta:     11.75890   2.35178   3.32592  1        5
siesta:      7.05534   2.35178   3.32592  2        6

siesta: System type = bulk      

initatomlists: Number of atoms, orbitals, and projectors:      6   150   108

coxmol: Writing XMOL coordinates into file hea.xyz                                                                                                                                                                                                                             

siesta: ******************** Simulation parameters ****************************
siesta:
siesta: The following are some of the parameters of the simulation.
siesta: A complete list of the parameters used, including default values,
siesta: can be found in file out.fdf
siesta:
redata: Spin configuration                          = collinear
redata: Number of spin components                   = 2
redata: Time-Reversal Symmetry                      = T
redata: Spin spiral                                 = F
redata: Long output                                 =   F
redata: Number of Atomic Species                    =        2
redata: Charge density info will appear in .RHO file
redata: Write Mulliken charges (when)               = end
redata: Write Mulliken Pop.                         = Atomic and Orbital charges
redata: Write Hirshfeld charges (when)              = none
redata: Write Voronoi charges (when)                = none
redata: Write spin charge (when)                    = scf
redata: Matel table size (NRTAB)                    =     1024
redata: Mesh Cutoff                                 =   300.0000 Ry
redata: Net charge of the system                    =     0.0000 |e|
redata: Min. number of SCF Iter                     =        0
redata: Max. number of SCF Iter                     =    20000
redata: SCF convergence failure will abort job
redata: SCF mix quantity                            = Hamiltonian
redata: Mix DM or H after convergence               =   F
redata: Recompute H after scf cycle                 =   F
redata: Mix DM in first SCF step                    =   T
redata: Write Pulay info on disk                    =   F
redata: New DM Occupancy tolerance                  = 0.000000000001
redata: No kicks to SCF
redata: DM Mixing Weight for Kicks                  =     0.5000
redata: Require Harris convergence for SCF          =   F
redata: Harris energy tolerance for SCF             =     0.000100 eV
redata: Require DM convergence for SCF              =   T
redata: DM tolerance for SCF                        =     0.000500
redata: Require EDM convergence for SCF             =   F
redata: EDM tolerance for SCF                       =     0.001000 eV
redata: Require H convergence for SCF               =   F
redata: Hamiltonian tolerance for SCF               =     0.005000 eV
redata: Require (free) Energy convergence for SCF   =   F
redata: (free) Energy tolerance for SCF             =     0.000100 eV
redata: Antiferro initial spin density              =   F
redata: Using DFT-D3 dispersion                     =   F
redata: Using Saved Data (generic)                  =   F
redata: Use continuation files for DM               =   F
redata: Neglect nonoverlap interactions             =   F
redata: Method of Calculation                       = Diagonalization
redata: Electronic Temperature                      =   300.0000 K
redata: Fix the spin of the system                  =   F
redata: Max. number of TDED Iter                    =        1
redata: Number of TDED substeps                     =        3
redata: Dynamics option                             = CG coord. optimization
redata: Variable cell                               =   T
redata: Use continuation files for CG               =   F
redata: Max atomic displ per move                   =     0.1058 Ang
redata: Maximum number of optimization moves        =      500
redata: Force tolerance                             =     0.0500 eV/Ang
redata: Stress tolerance                            =     1.0000 GPa
mix.SCF: Broyden mixing                          = Broyden
mix.SCF:    History steps                        = 8
mix.SCF:    Linear mixing weight                 =     0.070000
mix.SCF:    Inverse Jacobian weight              =     0.070000
mix.SCF:    Weight prime                         =     0.070000
mix.SCF:    SVD condition                        = 0.1000E-07
mix.SCF: Spin-component mixing                   all
redata: ***********************************************************************

%block SCF.Mixers
  Broyden
%endblock SCF.Mixers

%block SCF.Mixer.Broyden
  # Mixing method
  method broyden

  # Mixing options
  weight 0.0700
  weight.linear 0.0700
  weight.prime 0.0700
  history 8
%endblock SCF.Mixer.Broyden

DM_history_depth set to one: no extrapolation allowed by default for geometry relaxation
Size of DM history Fstack: 1
Total number of electrons:   105.000000
Total ionic charge:   105.000000

* ProcessorY, Blocksize:    4   4


* Orbital distribution balance (max,min):     8     4

k-point displ. along   1 input, could be:     0.00    0.50
k-point displ. along   2 input, could be:     0.00    0.50
k-point displ. along   3 input, could be:     0.00    0.50
 Kpoints in:           32 . Kpoints trimmed:           31

siesta: k-grid: Number of k-points = 31
siesta: k-points from Monkhorst-Pack grid
siesta: k-cutoff (effective) =     7.040 Ang
siesta: k-point supercell and displacements
siesta: k-grid:     2     0     0      0.000
siesta: k-grid:     0     6     0      0.000
siesta: k-grid:     0     0     4      0.000
k-point displ. along   1 input, could be:     0.00    0.50
k-point displ. along   2 input, could be:     0.00    0.50
k-point displ. along   3 input, could be:     0.00    0.50
 Kpoints in:           32 . Kpoints trimmed:           31

siesta: PDOS k-grid: Number of k-points = 31
siesta: PDOS k-points from Monkhorst-Pack grid
siesta: PDOS k-cutoff (effective) =     0.000 Ang
siesta: PDOS k-point supercell and displacements
siesta: k-grid:     2     0     0      0.000
siesta: k-grid:     0     6     0      0.000
siesta: k-grid:     0     0     4      0.000

diag: Algorithm                                     = D&C
diag: Parallel over k                               =   F
diag: Use parallel 2D distribution                  =   T
diag: Parallel block-size                           = 4
diag: Parallel distribution                         =     6 x     6
diag: Used triangular part                          = Lower
diag: Absolute tolerance                            =  0.100E-15
diag: Orthogonalization factor                      =  0.100E-05
diag: Memory factor                                 =  1.0000
diag: The diagonalization method chosen cannot compute a reduced number of eigenvectors.
diag: Resetting neigwanted 75 to 150

superc: Internal auxiliary supercell:     5 x     9 x     7  =     315
superc: Number of atoms, orbitals, and projectors:   1890  47250  34020


ts: **************************************************************
ts: Save H and S matrices                           =    F
ts: Save DM and EDM matrices                        =    F
ts: Only save the overlap matrix S                  =    F
ts: **************************************************************

************************ Begin: TS CHECKS AND WARNINGS ************************
************************ End: TS CHECKS AND WARNINGS **************************


                     ====================================
                        Begin CG opt. move =      0
                     ====================================

superc: Internal auxiliary supercell:     5 x     9 x     7  =     315
superc: Number of atoms, orbitals, and projectors:   1890  47250  34020

outcell: Unit cell vectors (Ang):
        7.467048    0.000000    0.000000
        0.000000    2.489016    0.000000
        0.000000    0.000000    3.520000

outcell: Cell vector modules (Ang)   :    7.467048    2.489016    3.520000
outcell: Cell angles (23,13,12) (deg):     90.0000     90.0000     90.0000
outcell: Cell volume (Ang**3)        :     65.4213
<dSpData1D:S at geom step 0
  <sparsity:sparsity for geom step 0
    nrows_g=150 nrows=8 sparsity=.8504 nnzs=19134, refcount: 7>
  <dData1D:(new from dSpData1D) n=19134, refcount: 1>
refcount: 1>
new_DM -- step:     1
Initializing Density Matrix...
DM filled with atomic data:
<dSpData2D:DM initialized from atoms
  <sparsity:sparsity for geom step 0
    nrows_g=150 nrows=8 sparsity=.8504 nnzs=19134, refcount: 8>
  <dData2D:DM n=19134 m=2, refcount: 1>
refcount: 1>
No. of atoms with KB's overlaping orbs in proc 0. Max # of overlaps:      82     603

InitMesh: MESH = 80 x 30 x 40 = 96000
InitMesh: Mesh cutoff (required, used) =   300.000   317.237 Ry
New grid distribution [1]: sub = 2
New grid distribution [2]: sub = 2
New grid distribution [3]: sub = 2
Setting up quadratic distribution...

stepf: Fermi-Dirac step function

siesta: Program's energy decomposition (eV):
siesta: Ebs     =     -4434.484628
siesta: Eions   =     32950.016726
siesta: Ena     =      2263.099037
siesta: Ekin    =     11801.760096
siesta: Enl     =     -3696.390049
siesta: Eso     =         0.000000
siesta: Edftu   =         0.000000
siesta: DEna    =       168.176221
siesta: DUscf   =         8.481960
siesta: DUext   =         0.000000
siesta: Ex      =     -3156.086741
siesta: Ec      =      -191.664101
siesta: Exc     =     -3347.750841
siesta: EbV     =         0.000000
siesta: eta*DQ  =         0.000000
siesta: Emadel  =         0.000000
siesta: Emeta   =         0.000000
siesta: Emolmec =         0.000000
siesta: Ekinion =         0.000000
siesta: Eharris =    -25699.443347
siesta: Etot    =    -25752.640302
siesta: FreeEng =    -25752.661456

        iscf     Eharris(eV)        E_KS(eV)     FreeEng(eV)     dDmax    Ef(eV) dHmax(eV)
   scf:    1   -25699.443347   -25752.640302   -25752.661456  5.785244 -5.167136 14.704336
     spin moment: {S} , |S| = {        0.0        0.0    8.20252 }     8.20252
timer: Routine,Calls,Time,% = IterSCF        1       2.168  16.63
   scf:    2   -25735.414461   -25752.749234   -25752.770805  0.485935 -5.432241 11.241919
     spin moment: {S} , |S| = {        0.0        0.0    7.66249 }     7.66249
   scf:    3   -25757.877288   -25758.159924   -25758.174873  0.264370 -5.506895  4.022468
     spin moment: {S} , |S| = {        0.0        0.0    7.66060 }     7.66060
   scf:    4   -25759.526261   -25758.967291   -25758.981692  0.428674 -5.804081  3.233477
     spin moment: {S} , |S| = {        0.0        0.0    7.45023 }     7.45023
   scf:    5   -25759.621459   -25759.429462   -25759.443399  0.496634 -6.182903  0.534930
     spin moment: {S} , |S| = {        0.0        0.0    7.12669 }     7.12669
   scf:    6   -25759.441264   -25759.436630   -25759.450488  0.020383 -6.196341  0.430383
     spin moment: {S} , |S| = {        0.0        0.0    7.12541 }     7.12541
   scf:    7   -25759.111227   -25759.349457   -25759.365882  0.152415 -6.365078  2.624580
     spin moment: {S} , |S| = {        0.0        0.0    6.67375 }     6.67375
   scf:    8   -25758.579517   -25759.281119   -25759.295479  0.194803 -6.472488  3.193513
     spin moment: {S} , |S| = {        0.0        0.0    6.55155 }     6.55155
   scf:    9   -25759.508960   -25759.514336   -25759.531233  0.052102 -6.477820  0.423563
     spin moment: {S} , |S| = {        0.0        0.0    6.42925 }     6.42925
   scf:   10   -25759.475387   -25759.506154   -25759.523109  0.020034 -6.469069  0.771166
     spin moment: {S} , |S| = {        0.0        0.0    6.41596 }     6.41596
   scf:   11   -25759.510796   -25759.509563   -25759.526906  0.027276 -6.467509  0.957005
     spin moment: {S} , |S| = {        0.0        0.0    6.32221 }     6.32221
   scf:   12   -25759.519366   -25759.514681   -25759.531985  0.002250 -6.467565  0.870611
     spin moment: {S} , |S| = {        0.0        0.0    6.31942 }     6.31942
   scf:   13   -25759.521543   -25759.518224   -25759.535509  0.002100 -6.467953  0.771525
     spin moment: {S} , |S| = {        0.0        0.0    6.32161 }     6.32161
   scf:   14   -25759.511560   -25759.529361   -25759.546668  0.029745 -6.476770  0.403307
     spin moment: {S} , |S| = {        0.0        0.0    6.29769 }     6.29769
   scf:   15   -25759.522605   -25759.532135   -25759.550444  0.031722 -6.475022  0.332327
     spin moment: {S} , |S| = {        0.0        0.0    6.19314 }     6.19314
   scf:   16   -25759.534858   -25759.534963   -25759.553268  0.008047 -6.477030  0.040772
     spin moment: {S} , |S| = {        0.0        0.0    6.19253 }     6.19253
   scf:   17   -25759.535013   -25759.534999   -25759.553444  0.003369 -6.477175  0.027852
     spin moment: {S} , |S| = {        0.0        0.0    6.17762 }     6.17762
   scf:   18   -25759.535487   -25759.535180   -25759.553851  0.012844 -6.476419  0.049196
     spin moment: {S} , |S| = {        0.0        0.0    6.13103 }     6.13103
   scf:   19   -25759.535259   -25759.535290   -25759.554032  0.003603 -6.476506  0.022419
     spin moment: {S} , |S| = {        0.0        0.0    6.12258 }     6.12258
   scf:   20   -25759.535259   -25759.535278   -25759.554058  0.001691 -6.476296  0.012404
     spin moment: {S} , |S| = {        0.0        0.0    6.11678 }     6.11678
   scf:   21   -25759.535206   -25759.535239   -25759.554087  0.002073 -6.476168  0.008149
     spin moment: {S} , |S| = {        0.0        0.0    6.10801 }     6.10801
   scf:   22   -25759.535198   -25759.535218   -25759.554098  0.001087 -6.476075  0.009182
     spin moment: {S} , |S| = {        0.0        0.0    6.10393 }     6.10393
   scf:   23   -25759.535174   -25759.535193   -25759.554115  0.001881 -6.475871  0.005670
     spin moment: {S} , |S| = {        0.0        0.0    6.09800 }     6.09800
   scf:   24   -25759.535102   -25759.535142   -25759.554130  0.003301 -6.475476  0.001758
     spin moment: {S} , |S| = {        0.0        0.0    6.08822 }     6.08822
   scf:   25   -25759.535122   -25759.535131   -25759.554131  0.000617 -6.475372  0.001441
     spin moment: {S} , |S| = {        0.0        0.0    6.08653 }     6.08653
   scf:   26   -25759.535133   -25759.535132   -25759.554132  0.000215 -6.475320  0.001452
     spin moment: {S} , |S| = {        0.0        0.0    6.08655 }     6.08655

SCF Convergence by DM criterion
max |DM_out - DM_in|         :     0.0002153445
max |H_out - H_in|      (eV) :     0.0014520463
SCF cycle converged after 26 iterations

Using DM_out to compute the final energy and forces
No. of atoms with KB's overlaping orbs in proc 0. Max # of overlaps:      82     603

siesta: E_KS(eV) =           -25759.5351

siesta: E_KS - E_eggbox =    -25759.5351

siesta: Atomic forces (eV/Ang):
     1   -0.000045    0.000000    0.000000
     2   -0.359375   -0.000000   -0.000000
     3    0.359378   -0.000000    0.000000
     4   -0.109507   -0.000000   -0.000000
     5    0.109478   -0.000000   -0.000000
     6    0.000071   -0.000000    0.000000
----------------------------------------
   Tot    0.000000   -0.000000    0.000000
----------------------------------------
   Max    0.359378
   Res    0.125229    sqrt( Sum f_i^2 / 3N )
----------------------------------------
   Max    0.359378    constrained

Stress tensor Voigt[x,y,z,yz,xz,xy] (kbar):       57.86       37.42       67.21        0.00       -0.00        0.00
(Free)E + p*V (eV/cell)   -25761.7658
Target enthalpy (eV/cell)   -25759.5541

siesta: Stress tensor (static) (eV/Ang**3):
         0.036116    0.000000   -0.000000
         0.000000    0.023355   -0.000000
        -0.000000    0.000000    0.041950

siesta: Pressure (static):        -54.16496593  kBar

siesta: Stress tensor (total) (eV/Ang**3):
         0.036116    0.000000   -0.000000
         0.000000    0.023355   -0.000000
        -0.000000    0.000000    0.041950

siesta: Pressure (total):        -54.16496593  kBar

cgvc: No target stress found, assuming hydrostatic MD.TargetPressure.

cgvc: Target stress (kBar)
cgvc:        -0.000       0.000       0.000
cgvc:         0.000      -0.000       0.000
cgvc:         0.000       0.000      -0.000

                     ====================================
                        Begin CG opt. move =      1
                     ====================================
k-point displ. along   1 input, could be:     0.00    0.50
k-point displ. along   2 input, could be:     0.00    0.50
k-point displ. along   3 input, could be:     0.00    0.50
 Kpoints in:           32 . Kpoints trimmed:           31

siesta: k-grid: Number of k-points = 31
siesta: k-points from Monkhorst-Pack grid
siesta: k-cutoff (effective) =     6.954 Ang
siesta: k-point supercell and displacements
siesta: k-grid:     2     0     0      0.000
siesta: k-grid:     0     6     0      0.000
siesta: k-grid:     0     0     4      0.000

superc: Internal auxiliary supercell:     5 x     9 x     7  =     315
superc: Number of atoms, orbitals, and projectors:   1890  47250  34020

outcell: Unit cell vectors (Ang):
        7.388328   -0.000000    0.000000
       -0.000000    2.472047    0.000000
        0.000000    0.000000    3.476897

outcell: Cell vector modules (Ang)   :    7.388328    2.472047    3.476897
outcell: Cell angles (23,13,12) (deg):     90.0000     90.0000     90.0000
outcell: Cell volume (Ang**3)        :     63.5031
<dSpData1D:S at geom step 1
  <sparsity:sparsity for geom step 1
    nrows_g=150 nrows=8 sparsity=.9573 nnzs=21540, refcount: 7>
  <dData1D:(new from dSpData1D) n=21540, refcount: 1>
refcount: 1>
new_DM -- step:     2
Re-using DM from previous geometries...
Number of DMs in history: 1
 DM extrapolation coefficients: 
1   1.00000
New DM after history re-use:
<dSpData2D:SpM extrapolated using coords
  <sparsity:sparsity for geom step 1
    nrows_g=150 nrows=8 sparsity=.9573 nnzs=21540, refcount: 9>
  <dData2D:(temp array for extrapolation) n=21540 m=2, refcount: 1>
refcount: 1>
No. of atoms with KB's overlaping orbs in proc 0. Max # of overlaps:      82     628

InitMesh: MESH = 80 x 30 x 40 = 96000
InitMesh: Mesh cutoff (required, used) =   300.000   324.033 Ry
New grid distribution [1]: sub = 2
New grid distribution [2]: sub = 2
New grid distribution [3]: sub = 2
Setting up quadratic distribution...

        iscf     Eharris(eV)        E_KS(eV)     FreeEng(eV)     dDmax    Ef(eV) dHmax(eV)
   scf:    1   -25756.553686   -25759.121942   -25759.141555  0.474003 -6.489259  3.437558
     spin moment: {S} , |S| = {        0.0        0.0    5.79496 }     5.79496
   scf:    2   -24086.992584   -25207.078253   -25207.094462  2.095063 -5.657921133.074495
     spin moment: {S} , |S| = {        0.0        0.0    2.38522 }     2.38522
   scf:    3   -25779.210977   -25759.528622   -25759.547693  2.068865 -6.503588  0.852235
     spin moment: {S} , |S| = {        0.0        0.0    6.07557 }     6.07557
   scf:    4   -25759.575118   -25759.559082   -25759.578509  0.019924 -6.504443  0.339083
     spin moment: {S} , |S| = {        0.0        0.0    6.03598 }     6.03598
   scf:    5   -25759.562162   -25759.563818   -25759.583474  0.012714 -6.508672  0.152358
     spin moment: {S} , |S| = {        0.0        0.0    6.00686 }     6.00686
   scf:    6   -25759.562081   -25759.563530   -25759.583289  0.017350 -6.515002  0.231795
     spin moment: {S} , |S| = {        0.0        0.0    5.99432 }     5.99432
   scf:    7   -25759.564946   -25759.564439   -25759.584235  0.013021 -6.519568  0.187165
     spin moment: {S} , |S| = {        0.0        0.0    5.99106 }     5.99106
   scf:    8   -25759.566363   -25759.565927   -25759.585672  0.005619 -6.519769  0.033864
     spin moment: {S} , |S| = {        0.0        0.0    5.99955 }     5.99955
   scf:    9   -25759.565507   -25759.565773   -25759.585621  0.004200 -6.518990  0.088297
     spin moment: {S} , |S| = {        0.0        0.0    5.98729 }     5.98729
   scf:   10   -25759.566054   -25759.566019   -25759.585856  0.002506 -6.519165  0.015342
     spin moment: {S} , |S| = {        0.0        0.0    5.98973 }     5.98973
   scf:   11   -25759.565998   -25759.566011   -25759.585877  0.001888 -6.519219  0.027874
     spin moment: {S} , |S| = {        0.0        0.0    5.98523 }     5.98523
   scf:   12   -25759.566020   -25759.566008   -25759.585956  0.004768 -6.519919  0.009920
     spin moment: {S} , |S| = {        0.0        0.0    5.97344 }     5.97344
   scf:   13   -25759.565990   -25759.565996   -25759.585989  0.003080 -6.520088  0.013319
     spin moment: {S} , |S| = {        0.0        0.0    5.96548 }     5.96548
   scf:   14   -25759.565985   -25759.565985   -25759.586024  0.003361 -6.520134  0.009322
     spin moment: {S} , |S| = {        0.0        0.0    5.95583 }     5.95583
   scf:   15   -25759.565961   -25759.565967   -25759.586050  0.003746 -6.520114  0.008768
     spin moment: {S} , |S| = {        0.0        0.0    5.94507 }     5.94507
   scf:   16   -25759.565960   -25759.565963   -25759.586055  0.000732 -6.520106  0.007605
     spin moment: {S} , |S| = {        0.0        0.0    5.94285 }     5.94285
   scf:   17   -25759.565953   -25759.565958   -25759.586062  0.001269 -6.520064  0.005906
     spin moment: {S} , |S| = {        0.0        0.0    5.93898 }     5.93898
   scf:   18   -25759.565948   -25759.565952   -25759.586070  0.001517 -6.519980  0.004707
     spin moment: {S} , |S| = {        0.0        0.0    5.93427 }     5.93427
   scf:   19   -25759.565927   -25759.565936   -25759.586079  0.003012 -6.519817  0.003888
     spin moment: {S} , |S| = {        0.0        0.0    5.92505 }     5.92505
   scf:   20   -25759.565928   -25759.565931   -25759.586081  0.000856 -6.519742  0.002932
     spin moment: {S} , |S| = {        0.0        0.0    5.92228 }     5.92228
   scf:   21   -25759.565931   -25759.565931   -25759.586081  0.000172 -6.519721  0.002711
     spin moment: {S} , |S| = {        0.0        0.0    5.92175 }     5.92175

SCF Convergence by DM criterion
max |DM_out - DM_in|         :     0.0001720705
max |H_out - H_in|      (eV) :     0.0027113695
SCF cycle converged after 21 iterations

Using DM_out to compute the final energy and forces
No. of atoms with KB's overlaping orbs in proc 0. Max # of overlaps:      82     628

siesta: E_KS(eV) =           -25759.5659

siesta: Atomic forces (eV/Ang):
     1    0.000108    0.000000   -0.000000
     2    0.200626   -0.000000    0.000000
     3   -0.200626    0.000000    0.000000
     4    0.001480    0.000000    0.000000
     5   -0.001426    0.000000    0.000000
     6   -0.000138   -0.000000   -0.000000
----------------------------------------
   Tot    0.000026    0.000000    0.000000
----------------------------------------
   Max    0.200626
   Res    0.066877    sqrt( Sum f_i^2 / 3N )
----------------------------------------
   Max    0.200626    constrained

Stress tensor Voigt[x,y,z,yz,xz,xy] (kbar):      -15.92      -22.09       -6.75       -0.00       -0.00        0.00
(Free)E + p*V (eV/cell)   -25758.9947
Target enthalpy (eV/cell)   -25759.5861

siesta: Stress tensor (static) (eV/Ang**3):
        -0.009935    0.000000   -0.000000
         0.000000   -0.013788   -0.000000
        -0.000000   -0.000000   -0.004214

siesta: Pressure (static):         14.91952773  kBar

siesta: Stress tensor (total) (eV/Ang**3):
        -0.009935    0.000000   -0.000000
         0.000000   -0.013788   -0.000000
        -0.000000   -0.000000   -0.004214

siesta: Pressure (total):         14.91952773  kBar

                     ====================================
                        Begin CG opt. move =      2
                     ====================================
k-point displ. along   1 input, could be:     0.00    0.50
k-point displ. along   2 input, could be:     0.00    0.50
k-point displ. along   3 input, could be:     0.00    0.50
 Kpoints in:           32 . Kpoints trimmed:           31

siesta: k-grid: Number of k-points = 31
siesta: k-points from Monkhorst-Pack grid
siesta: k-cutoff (effective) =     6.975 Ang
siesta: k-point supercell and displacements
siesta: k-grid:     2     0     0      0.000
siesta: k-grid:     0     6     0      0.000
siesta: k-grid:     0     0     4      0.000

superc: Internal auxiliary supercell:     5 x     9 x     7  =     315
superc: Number of atoms, orbitals, and projectors:   1890  47250  34020

outcell: Unit cell vectors (Ang):
        7.407282   -0.000000    0.000000
       -0.000000    2.476133    0.000000
        0.000000    0.000000    3.487276

outcell: Cell vector modules (Ang)   :    7.407282    2.476133    3.487276
outcell: Cell angles (23,13,12) (deg):     90.0000     90.0000     90.0000
outcell: Cell volume (Ang**3)        :     63.9616
<dSpData1D:S at geom step 2
  <sparsity:sparsity for geom step 2
    nrows_g=150 nrows=8 sparsity=.9360 nnzs=21060, refcount: 7>
  <dData1D:(new from dSpData1D) n=21060, refcount: 1>
refcount: 1>
new_DM -- step:     3
Re-using DM from previous geometries...
Number of DMs in history: 1
 DM extrapolation coefficients: 
1   1.00000
New DM after history re-use:
<dSpData2D:SpM extrapolated using coords
  <sparsity:sparsity for geom step 2
    nrows_g=150 nrows=8 sparsity=.9360 nnzs=21060, refcount: 9>
  <dData2D:(temp array for extrapolation) n=21060 m=2, refcount: 1>
refcount: 1>
No. of atoms with KB's overlaping orbs in proc 0. Max # of overlaps:      82     611

InitMesh: MESH = 80 x 30 x 40 = 96000
InitMesh: Mesh cutoff (required, used) =   300.000   322.377 Ry
New grid distribution [1]: sub = 2
New grid distribution [2]: sub = 2
New grid distribution [3]: sub = 2
Setting up quadratic distribution...

        iscf     Eharris(eV)        E_KS(eV)     FreeEng(eV)     dDmax    Ef(eV) dHmax(eV)
   scf:    1   -25759.779176   -25759.496425   -25759.515844  0.120342 -6.518338  1.376265
     spin moment: {S} , |S| = {        0.0        0.0    6.03347 }     6.03347
   scf:    2   -25536.328543   -25686.041641   -25686.053897  0.861137 -6.272811 47.647312
     spin moment: {S} , |S| = {        0.0        0.0    2.80341 }     2.80341
   scf:    3   -25762.968986   -25759.556486   -25759.576654  0.855651 -6.513613  0.775014
     spin moment: {S} , |S| = {        0.0        0.0    5.90264 }     5.90264
   scf:    4   -25759.574036   -25759.567591   -25759.587719  0.006539 -6.513625  0.313000
     spin moment: {S} , |S| = {        0.0        0.0    5.92113 }     5.92113
   scf:    5   -25759.565771   -25759.569177   -25759.589222  0.008067 -6.512497  0.145741
     spin moment: {S} , |S| = {        0.0        0.0    5.94414 }     5.94414
   scf:    6   -25759.569029   -25759.569817   -25759.589894  0.009305 -6.509341  0.070638
     spin moment: {S} , |S| = {        0.0        0.0    5.93430 }     5.93430
   scf:    7   -25759.569927   -25759.569880   -25759.589952  0.001053 -6.508960  0.055672
     spin moment: {S} , |S| = {        0.0        0.0    5.93533 }     5.93533
   scf:    8   -25759.569367   -25759.569849   -25759.589893  0.002744 -6.509136  0.080085
     spin moment: {S} , |S| = {        0.0        0.0    5.94275 }     5.94275
   scf:    9   -25759.569935   -25759.569994   -25759.590045  0.001607 -6.509211  0.013443
     spin moment: {S} , |S| = {        0.0        0.0    5.93982 }     5.93982
   scf:   10   -25759.570010   -25759.570008   -25759.590050  0.000579 -6.509232  0.009695
     spin moment: {S} , |S| = {        0.0        0.0    5.94153 }     5.94153
   scf:   11   -25759.570018   -25759.570014   -25759.590053  0.000257 -6.509193  0.004989
     spin moment: {S} , |S| = {        0.0        0.0    5.94177 }     5.94177

SCF Convergence by DM criterion
max |DM_out - DM_in|         :     0.0002573818
max |H_out - H_in|      (eV) :     0.0049887254
SCF cycle converged after 11 iterations

Using DM_out to compute the final energy and forces
No. of atoms with KB's overlaping orbs in proc 0. Max # of overlaps:      82     611

siesta: E_KS(eV) =           -25759.5700

siesta: Atomic forces (eV/Ang):
     1    0.000077   -0.000000    0.000000
     2    0.077042    0.000000    0.000000
     3   -0.077036    0.000000   -0.000000
     4   -0.022694    0.000000   -0.000000
     5    0.022731    0.000000   -0.000000
     6   -0.000110    0.000000   -0.000000
----------------------------------------
   Tot    0.000009    0.000000   -0.000000
----------------------------------------
   Max    0.077042
   Res    0.026773    sqrt( Sum f_i^2 / 3N )
----------------------------------------
   Max    0.077042    constrained

Stress tensor Voigt[x,y,z,yz,xz,xy] (kbar):        0.37       -7.06        8.77       -0.00        0.00       -0.00
(Free)E + p*V (eV/cell)   -25759.6177
Target enthalpy (eV/cell)   -25759.5901

siesta: Stress tensor (static) (eV/Ang**3):
         0.000233   -0.000000   -0.000000
        -0.000000   -0.004408   -0.000000
         0.000000   -0.000000    0.005472

siesta: Pressure (static):         -0.69276134  kBar

siesta: Stress tensor (total) (eV/Ang**3):
         0.000233   -0.000000   -0.000000
        -0.000000   -0.004408   -0.000000
         0.000000   -0.000000    0.005472

siesta: Pressure (total):         -0.69276134  kBar

cgvc: Finished line minimization    1.  Mean atomic displacement =    0.0620

                     ====================================
                        Begin CG opt. move =      3
                     ====================================
k-point displ. along   1 input, could be:     0.00    0.50
k-point displ. along   2 input, could be:     0.00    0.50
k-point displ. along   3 input, could be:     0.00    0.50
 Kpoints in:           32 . Kpoints trimmed:           31

siesta: k-grid: Number of k-points = 31
siesta: k-points from Monkhorst-Pack grid
siesta: k-cutoff (effective) =     6.896 Ang
siesta: k-point supercell and displacements
siesta: k-grid:     2     0     0      0.000
siesta: k-grid:     0     6     0      0.000
siesta: k-grid:     0     0     4      0.000

superc: Internal auxiliary supercell:     5 x     9 x     7  =     315
superc: Number of atoms, orbitals, and projectors:   1890  47250  34020

outcell: Unit cell vectors (Ang):
        7.383550    0.000000   -0.000000
        0.000000    2.487335    0.000000
       -0.000000    0.000000    3.447947

outcell: Cell vector modules (Ang)   :    7.383550    2.487335    3.447947
outcell: Cell angles (23,13,12) (deg):     90.0000     90.0000     90.0000
outcell: Cell volume (Ang**3)        :     63.3228
<dSpData1D:S at geom step 3
  <sparsity:sparsity for geom step 3
    nrows_g=150 nrows=8 sparsity=.9429 nnzs=21216, refcount: 7>
  <dData1D:(new from dSpData1D) n=21216, refcount: 1>
refcount: 1>
new_DM -- step:     4
Re-using DM from previous geometries...
Number of DMs in history: 1
 DM extrapolation coefficients: 
1   1.00000
New DM after history re-use:
<dSpData2D:SpM extrapolated using coords
  <sparsity:sparsity for geom step 3
    nrows_g=150 nrows=8 sparsity=.9429 nnzs=21216, refcount: 9>
  <dData2D:(temp array for extrapolation) n=21216 m=2, refcount: 1>
refcount: 1>
No. of atoms with KB's overlaping orbs in proc 0. Max # of overlaps:      82     619

InitMesh: MESH = 80 x 30 x 36 = 86400
InitMesh: Mesh cutoff (required, used) =   300.000   301.291 Ry
New grid distribution [1]: sub = 2
New grid distribution [2]: sub = 2
New grid distribution [3]: sub = 2
Setting up quadratic distribution...

        iscf     Eharris(eV)        E_KS(eV)     FreeEng(eV)     dDmax    Ef(eV) dHmax(eV)
   scf:    1   -25756.347891   -25758.852568   -25758.869059  0.219422 -6.504451  4.640124
     spin moment: {S} , |S| = {        0.0        0.0    6.14168 }     6.14168
   scf:    2   -24888.895864   -25474.895405   -25474.901474  3.338735 -5.435859102.336674
     spin moment: {S} , |S| = {        0.0        0.0    0.88356 }     0.88356
   scf:    3   -25792.730319   -25758.824075   -25758.845440  3.295203 -6.496959  4.673414
     spin moment: {S} , |S| = {        0.0        0.0    5.54574 }     5.54574
   scf:    4   -25759.611363   -25759.267515   -25759.288076  0.040241 -6.500599  2.914308
     spin moment: {S} , |S| = {        0.0        0.0    5.65509 }     5.65509
   scf:    5   -25759.529991   -25759.553560   -25759.573056  0.073053 -6.508795  0.259919
     spin moment: {S} , |S| = {        0.0        0.0    5.84246 }     5.84246
   scf:    6   -25759.058061   -25759.380925   -25759.399111  0.045416 -6.517925  2.374750
     spin moment: {S} , |S| = {        0.0        0.0    5.96651 }     5.96651
   scf:    7   -25759.407449   -25759.394681   -25759.412943  0.010011 -6.522364  2.192061
     spin moment: {S} , |S| = {        0.0        0.0    5.95791 }     5.95791
   scf:    8   -25759.517724   -25759.555358   -25759.575087  0.071082 -6.521295  0.374909
     spin moment: {S} , |S| = {        0.0        0.0    5.80458 }     5.80458
   scf:    9   -25759.550441   -25759.553593   -25759.573467  0.008002 -6.520989  0.351775
     spin moment: {S} , |S| = {        0.0        0.0    5.78939 }     5.78939
   scf:   10   -25759.554752   -25759.557834   -25759.577527  0.011417 -6.521405  0.125900
     spin moment: {S} , |S| = {        0.0        0.0    5.81497 }     5.81497
   scf:   11   -25759.558403   -25759.558252   -25759.577998  0.003447 -6.521042  0.037453
     spin moment: {S} , |S| = {        0.0        0.0    5.80666 }     5.80666
   scf:   12   -25759.558392   -25759.558335   -25759.578165  0.005087 -6.520128  0.035080
     spin moment: {S} , |S| = {        0.0        0.0    5.79327 }     5.79327
   scf:   13   -25759.558357   -25759.558346   -25759.578241  0.003008 -6.520052  0.046010
     spin moment: {S} , |S| = {        0.0        0.0    5.78418 }     5.78418
   scf:   14   -25759.558605   -25759.558382   -25759.578579  0.012761 -6.520116  0.024262
     spin moment: {S} , |S| = {        0.0        0.0    5.74146 }     5.74146
   scf:   15   -25759.558352   -25759.558361   -25759.578640  0.003443 -6.520030  0.015829
     spin moment: {S} , |S| = {        0.0        0.0    5.73001 }     5.73001
   scf:   16   -25759.558322   -25759.558337   -25759.578679  0.003043 -6.519818  0.012313
     spin moment: {S} , |S| = {        0.0        0.0    5.72096 }     5.72096
   scf:   17   -25759.558264   -25759.558293   -25759.578721  0.004163 -6.519463  0.010769
     spin moment: {S} , |S| = {        0.0        0.0    5.70863 }     5.70863
   scf:   18   -25759.558235   -25759.558262   -25759.578738  0.002372 -6.519368  0.010182
     spin moment: {S} , |S| = {        0.0        0.0    5.70166 }     5.70166
   scf:   19   -25759.558220   -25759.558240   -25759.578748  0.001500 -6.519374  0.007932
     spin moment: {S} , |S| = {        0.0        0.0    5.69741 }     5.69741
   scf:   20   -25759.558174   -25759.558205   -25759.578760  0.002302 -6.519377  0.005549
     spin moment: {S} , |S| = {        0.0        0.0    5.69121 }     5.69121
   scf:   21   -25759.558116   -25759.558158   -25759.578769  0.002601 -6.519318  0.003089
     spin moment: {S} , |S| = {        0.0        0.0    5.68380 }     5.68380
   scf:   22   -25759.558087   -25759.558121   -25759.578772  0.001766 -6.519230  0.001519
     spin moment: {S} , |S| = {        0.0        0.0    5.67858 }     5.67858
   scf:   23   -25759.558099   -25759.558110   -25759.578773  0.000434 -6.519208  0.001277
     spin moment: {S} , |S| = {        0.0        0.0    5.67720 }     5.67720

SCF Convergence by DM criterion
max |DM_out - DM_in|         :     0.0004338107
max |H_out - H_in|      (eV) :     0.0012773353
SCF cycle converged after 23 iterations

Using DM_out to compute the final energy and forces
No. of atoms with KB's overlaping orbs in proc 0. Max # of overlaps:      82     619

siesta: E_KS(eV) =           -25759.5581

siesta: Atomic forces (eV/Ang):
     1   -0.000772    0.000000   -0.000000
     2   -0.344192   -0.000000    0.000000
     3    0.344177   -0.000000    0.000000
     4    0.276395    0.000001   -0.000000
     5   -0.276739   -0.000000    0.000000
     6    0.000952    0.000000   -0.000000
----------------------------------------
   Tot   -0.000179    0.000001    0.000000
----------------------------------------
   Max    0.344192
   Res    0.147178    sqrt( Sum f_i^2 / 3N )
----------------------------------------
   Max    0.344192    constrained

Stress tensor Voigt[x,y,z,yz,xz,xy] (kbar):      -27.02        0.46      -17.67        0.00       -0.00       -0.00
(Free)E + p*V (eV/cell)   -25758.9960
Target enthalpy (eV/cell)   -25759.5788

siesta: Stress tensor (static) (eV/Ang**3):
        -0.016867   -0.000000   -0.000000
        -0.000000    0.000287    0.000000
        -0.000000    0.000000   -0.011028

siesta: Pressure (static):         14.74405408  kBar

siesta: Stress tensor (total) (eV/Ang**3):
        -0.016867   -0.000000   -0.000000
        -0.000000    0.000287    0.000000
        -0.000000    0.000000   -0.011028

siesta: Pressure (total):         14.74405408  kBar

                     ====================================
                        Begin CG opt. move =      4
                     ====================================
k-point displ. along   1 input, could be:     0.00    0.50
k-point displ. along   2 input, could be:     0.00    0.50
k-point displ. along   3 input, could be:     0.00    0.50
 Kpoints in:           32 . Kpoints trimmed:           31

siesta: k-grid: Number of k-points = 31
siesta: k-points from Monkhorst-Pack grid
siesta: k-cutoff (effective) =     6.958 Ang
siesta: k-point supercell and displacements
siesta: k-grid:     2     0     0      0.000
siesta: k-grid:     0     6     0      0.000
siesta: k-grid:     0     0     4      0.000

superc: Internal auxiliary supercell:     5 x     9 x     7  =     315
superc: Number of atoms, orbitals, and projectors:   1890  47250  34020

outcell: Unit cell vectors (Ang):
        7.402397    0.000000   -0.000000
        0.000000    2.478439    0.000000
       -0.000000    0.000000    3.479179

outcell: Cell vector modules (Ang)   :    7.402397    2.478439    3.479179
outcell: Cell angles (23,13,12) (deg):     90.0000     90.0000     90.0000
outcell: Cell volume (Ang**3)        :     63.8304
<dSpData1D:S at geom step 4
  <sparsity:sparsity for geom step 4
    nrows_g=150 nrows=8 sparsity=.9295 nnzs=20914, refcount: 7>
  <dData1D:(new from dSpData1D) n=20914, refcount: 1>
refcount: 1>
new_DM -- step:     5
Re-using DM from previous geometries...
Number of DMs in history: 1
 DM extrapolation coefficients: 
1   1.00000
New DM after history re-use:
<dSpData2D:SpM extrapolated using coords
  <sparsity:sparsity for geom step 4
    nrows_g=150 nrows=8 sparsity=.9295 nnzs=20914, refcount: 9>
  <dData2D:(temp array for extrapolation) n=20914 m=2, refcount: 1>
refcount: 1>
No. of atoms with KB's overlaping orbs in proc 0. Max # of overlaps:      82     609

InitMesh: MESH = 80 x 30 x 40 = 96000
InitMesh: Mesh cutoff (required, used) =   300.000   322.803 Ry
New grid distribution [1]: sub = 2
New grid distribution [2]: sub = 2
New grid distribution [3]: sub = 2
Setting up quadratic distribution...

        iscf     Eharris(eV)        E_KS(eV)     FreeEng(eV)     dDmax    Ef(eV) dHmax(eV)
   scf:    1   -25758.513532   -25758.994347   -25759.014406  0.186961 -6.516691  4.349770
     spin moment: {S} , |S| = {        0.0        0.0    5.47356 }     5.47356
   scf:    2   -23948.914161   -25162.370958   -25162.387483  2.067592 -5.500377136.363987
     spin moment: {S} , |S| = {        0.0        0.0    2.27766 }     2.27766
   scf:    3   -25784.935236   -25759.470821   -25759.490785  2.055933 -6.523681  1.859753
     spin moment: {S} , |S| = {        0.0        0.0    5.86312 }     5.86312
   scf:    4   -25759.600698   -25759.558579   -25759.578798  0.042713 -6.521457  0.634837
     spin moment: {S} , |S| = {        0.0        0.0    5.78639 }     5.78639
   scf:    5   -25759.567549   -25759.568088   -25759.588337  0.016456 -6.518256  0.087586
     spin moment: {S} , |S| = {        0.0        0.0    5.75175 }     5.75175
   scf:    6   -25759.569691   -25759.569080   -25759.589345  0.007886 -6.515310  0.098319
     spin moment: {S} , |S| = {        0.0        0.0    5.75776 }     5.75776
   scf:    7   -25759.570728   -25759.570314   -25759.590605  0.018305 -6.509195  0.093261
     spin moment: {S} , |S| = {        0.0        0.0    5.77337 }     5.77337
   scf:    8   -25759.570581   -25759.570584   -25759.590841  0.003257 -6.509701  0.046545
     spin moment: {S} , |S| = {        0.0        0.0    5.77582 }     5.77582
   scf:    9   -25759.570655   -25759.570656   -25759.590903  0.002351 -6.510209  0.034870
     spin moment: {S} , |S| = {        0.0        0.0    5.78280 }     5.78280
   scf:   10   -25759.569596   -25759.570412   -25759.590619  0.007756 -6.510816  0.149300
     spin moment: {S} , |S| = {        0.0        0.0    5.80084 }     5.80084
   scf:   11   -25759.571429   -25759.571106   -25759.591222  0.006394 -6.510362  0.014158
     spin moment: {S} , |S| = {        0.0        0.0    5.81641 }     5.81641
   scf:   12   -25759.571659   -25759.571352   -25759.591376  0.008422 -6.510390  0.011441
     spin moment: {S} , |S| = {        0.0        0.0    5.84262 }     5.84262
   scf:   13   -25759.571434   -25759.571392   -25759.591397  0.001778 -6.510436  0.012278
     spin moment: {S} , |S| = {        0.0        0.0    5.84758 }     5.84758
   scf:   14   -25759.571665   -25759.571515   -25759.591456  0.006177 -6.510763  0.010006
     spin moment: {S} , |S| = {        0.0        0.0    5.86388 }     5.86388
   scf:   15   -25759.571683   -25759.571591   -25759.591484  0.004458 -6.511015  0.007655
     spin moment: {S} , |S| = {        0.0        0.0    5.87570 }     5.87570
   scf:   16   -25759.571627   -25759.571609   -25759.591489  0.001003 -6.511081  0.007136
     spin moment: {S} , |S| = {        0.0        0.0    5.87847 }     5.87847
   scf:   17   -25759.571668   -25759.571637   -25759.591498  0.001654 -6.511196  0.005894
     spin moment: {S} , |S| = {        0.0        0.0    5.88311 }     5.88311
   scf:   18   -25759.571718   -25759.571675   -25759.591506  0.002325 -6.511336  0.002912
     spin moment: {S} , |S| = {        0.0        0.0    5.88978 }     5.88978
   scf:   19   -25759.571711   -25759.571692   -25759.591508  0.001132 -6.511359  0.002518
     spin moment: {S} , |S| = {        0.0        0.0    5.89316 }     5.89316
   scf:   20   -25759.571705   -25759.571699   -25759.591508  0.000404 -6.511338  0.002449
     spin moment: {S} , |S| = {        0.0        0.0    5.89449 }     5.89449

SCF Convergence by DM criterion
max |DM_out - DM_in|         :     0.0004043377
max |H_out - H_in|      (eV) :     0.0024494289
SCF cycle converged after 20 iterations

Using DM_out to compute the final energy and forces
No. of atoms with KB's overlaping orbs in proc 0. Max # of overlaps:      82     609

siesta: E_KS(eV) =           -25759.5717

siesta: Atomic forces (eV/Ang):
     1   -0.000090   -0.000000    0.000000
     2    0.004490   -0.000000    0.000000
     3   -0.004508    0.000000   -0.000000
     4    0.027648   -0.000000    0.000000
     5   -0.027675    0.000000    0.000000
     6    0.000117    0.000000    0.000000
----------------------------------------
   Tot   -0.000017   -0.000000    0.000000
----------------------------------------
   Max    0.027675
   Res    0.009342    sqrt( Sum f_i^2 / 3N )
----------------------------------------
   Max    0.027675    constrained

Stress tensor Voigt[x,y,z,yz,xz,xy] (kbar):       -4.30       -5.57        3.21        0.00        0.00       -0.00
(Free)E + p*V (eV/cell)   -25759.5031
Target enthalpy (eV/cell)   -25759.5915

siesta: Stress tensor (static) (eV/Ang**3):
        -0.002682   -0.000000    0.000000
        -0.000000   -0.003479    0.000000
         0.000000    0.000000    0.002006

siesta: Pressure (static):          2.21866822  kBar

siesta: Stress tensor (total) (eV/Ang**3):
        -0.002682   -0.000000    0.000000
        -0.000000   -0.003479    0.000000
         0.000000    0.000000    0.002006

siesta: Pressure (total):          2.21866822  kBar

outcoor: Relaxed atomic coordinates (fractional):           
    0.00000064   -0.00000000    0.00000000   1       1  Ni
    0.33014391    0.00000000    0.00000000   1       2  Ni
    0.66985622    0.00000000   -0.00000000   1       3  Ni
    0.16498494    0.50000000    0.50000000   1       4  Ni
    0.83501526    0.50000000    0.50000000   1       5  Ni
    0.49999917    0.50000000    0.50000000   2       6  Mn

outcell: Unit cell vectors (Ang):
        7.402397    0.000000   -0.000000
        0.000000    2.478439    0.000000
       -0.000000    0.000000    3.479179

outcell: Cell vector modules (Ang)   :    7.402397    2.478439    3.479179
outcell: Cell angles (23,13,12) (deg):     90.0000     90.0000     90.0000
outcell: Cell volume (Ang**3)        :     63.8304

coxmol: Writing XMOL coordinates into file hea.xyz                                                                                                                                                                                                                             
Writing WFSX for COOP/COHP in hea.fullBZ.WFSX

diag: Algorithm                                     = D&C
diag: Parallel over k                               =   F
diag: Use parallel 2D distribution                  =   T
diag: Parallel block-size                           = 4
diag: Parallel distribution                         =     6 x     6
diag: Used triangular part                          = Lower
diag: Absolute tolerance                            =  0.100E-15
diag: Orthogonalization factor                      =  0.100E-05
diag: Memory factor                                 =  1.0000

diag: Algorithm                                     = D&C
diag: Parallel over k                               =   F
diag: Use parallel 2D distribution                  =   T
diag: Parallel block-size                           = 4
diag: Parallel distribution                         =     6 x     6
diag: Used triangular part                          = Lower
diag: Absolute tolerance                            =  0.100E-15
diag: Orthogonalization factor                      =  0.100E-05
diag: Memory factor                                 =  1.0000

siesta: PDOS info
siesta: E1 -- E2, sigma [eV], nhist:  -20.000 --   20.000    0.100 1000

diag: Algorithm                                     = D&C
diag: Parallel over k                               =   F
diag: Use parallel 2D distribution                  =   T
diag: Parallel block-size                           = 4
diag: Parallel distribution                         =     6 x     6
diag: Used triangular part                          = Lower
diag: Absolute tolerance                            =  0.100E-15
diag: Orthogonalization factor                      =  0.100E-05
diag: Memory factor                                 =  1.0000

siesta: Program's energy decomposition (eV):
siesta: Ebs     =     -4199.402678
siesta: Eions   =     32950.016726
siesta: Ena     =      2260.663413
siesta: Ekin    =     12044.049158
siesta: Enl     =     -3792.299271
siesta: Eso     =         0.000000
siesta: Edftu   =         0.000000
siesta: DEna    =        57.368497
siesta: DUscf   =         0.710980
siesta: DUext   =         0.000000
siesta: Ex      =     -3187.741337
siesta: Ec      =      -192.306415
siesta: Exc     =     -3380.047752
siesta: EbV     =         0.000000
siesta: eta*DQ  =         0.000000
siesta: Emadel  =         0.000000
siesta: Emeta   =         0.000000
siesta: Emolmec =         0.000000
siesta: Ekinion =         0.000000
siesta: Eharris =    -25759.571705
siesta: Etot    =    -25759.571699
siesta: FreeEng =    -25759.591508

siesta: Final energy (eV):
siesta:  Band Struct. =   -4199.402678
siesta:       Kinetic =   12044.049158
siesta:       Hartree =    6961.040098
siesta:         Edftu =       0.000000
siesta:       Eso     =       0.000000
siesta:    Ext. field =       0.000000
siesta:         Exch. =   -3187.741337
siesta:         Corr. =    -192.306415
siesta:     Bulk bias =       0.000000
siesta:   Exch.-corr. =   -3380.047752
siesta:  Ion-electron =  -26722.843697
siesta:       Ion-ion =  -14661.769506
siesta:       Ekinion =       0.000000
siesta: D3 dispersion =       0.000000
siesta:         Total =  -25759.571699
siesta:         Fermi =      -6.511338

siesta: Stress tensor (static) (eV/Ang**3):
siesta:    -0.002682   -0.000000    0.000000
siesta:    -0.000000   -0.003479    0.000000
siesta:     0.000000    0.000000    0.002006

siesta: Constrained stress tensor (static) (eV/Ang**3):
siesta:    -0.002682   -0.000000    0.000000
siesta:    -0.000000   -0.003479    0.000000
siesta:     0.000000    0.000000    0.002006

siesta: Cell volume =         63.830379 Ang**3

siesta: Pressure (static):
siesta:                Solid            Molecule  Units
siesta:           0.00001508          0.00002351  Ry/Bohr**3
siesta:           0.00138478          0.00215864  eV/Ang**3
siesta:           2.21866822          3.45852356  kBar
(Free)E+ p_basis*V_orbitals  =      -25742.684123
(Free)Eharris+ p_basis*V_orbitals  =      -25742.684129

mulliken: Atomic and Orbital Populations:

mulliken: Spin UP 

Species: Ni                  
Atom  Qatom  Qorb
               3s      4s      4s      4s      3py     3pz     3px     4py     
               4pz     4px     3dxy    3dyz    3dz2    3dxz    3dx2-y2 3dxy    
               3dyz    3dz2    3dxz    3dx2-y2 3dxy    3dyz    3dz2    3dxz    
               3dx2-y2 
   1  9.315   0.990  -0.116   0.056   0.156   0.998   0.998   0.998   0.170
              0.176   0.167   1.181   1.249   1.188   1.258   1.249  -0.044

             -0.048  -0.045  -0.047  -0.048  -0.191  -0.260  -0.193  -0.264

             -0.263
   2  9.203   0.988  -0.093   0.054   0.144   0.999   0.998   0.998   0.172
              0.174   0.172   1.174   1.201   1.200   1.230   1.240  -0.054

             -0.054  -0.050  -0.058  -0.047  -0.192  -0.254  -0.211  -0.262

             -0.265
   3  9.203   0.988  -0.093   0.054   0.144   0.999   0.998   0.998   0.172
              0.174   0.172   1.174   1.201   1.200   1.230   1.240  -0.054

             -0.054  -0.050  -0.058  -0.047  -0.192  -0.254  -0.211  -0.262

             -0.265
   4  9.334   0.990   0.065   0.031   0.069   0.998   0.999   0.999   0.169
              0.173   0.172   1.191   1.250   1.192   1.258   1.234  -0.049

             -0.053  -0.051  -0.052  -0.056  -0.202  -0.263  -0.198  -0.269

             -0.263
   5  9.334   0.990   0.065   0.031   0.069   0.998   0.999   0.999   0.169
              0.173   0.172   1.191   1.250   1.192   1.258   1.234  -0.049

             -0.053  -0.051  -0.052  -0.056  -0.202  -0.263  -0.198  -0.269

             -0.263

Species: Mn                  
Atom  Qatom  Qorb
               3s      4s      4s      4s      3py     3pz     3px     4py     
               4pz     4px     3dxy    3dyz    3dz2    3dxz    3dx2-y2 3dxy    
               3dyz    3dz2    3dxz    3dx2-y2 3dxy    3dyz    3dz2    3dxz    
               3dx2-y2 
   6  9.058   1.008   0.165   0.057  -0.075   0.995   0.995   0.995   0.172
              0.174   0.169   1.299   1.375   1.224   1.372   1.347  -0.076

             -0.095  -0.064  -0.094  -0.112  -0.309  -0.420  -0.259  -0.409

             -0.376

mulliken: Qtot =       55.447

mulliken: Spin DOWN 

Species: Ni                  
Atom  Qatom  Qorb
               3s      4s      4s      4s      3py     3pz     3px     4py     
               4pz     4px     3dxy    3dyz    3dz2    3dxz    3dx2-y2 3dxy    
               3dyz    3dz2    3dxz    3dx2-y2 3dxy    3dyz    3dz2    3dxz    
               3dx2-y2 
   1  8.581   0.982  -0.124   0.089   0.141   0.999   0.998   0.998   0.181
              0.187   0.184   1.082   1.041   1.101   1.051   1.098  -0.071

             -0.068  -0.071  -0.070  -0.072  -0.181  -0.231  -0.187  -0.233

             -0.243
   2  8.726   0.982  -0.223   0.103   0.184   0.998   0.998   0.998   0.200
              0.199   0.201   1.147   1.148   1.063   1.172   1.015  -0.075

             -0.075  -0.072  -0.079  -0.063  -0.192  -0.250  -0.177  -0.258

             -0.221
   3  8.726   0.982  -0.223   0.103   0.184   0.998   0.998   0.998   0.200
              0.199   0.201   1.147   1.148   1.063   1.172   1.015  -0.075

             -0.075  -0.072  -0.079  -0.063  -0.192  -0.250  -0.177  -0.258

             -0.221
   4  8.744   0.984   0.092   0.051   0.046   0.999   0.999   0.998   0.187
              0.182   0.190   1.081   1.068   1.125   1.042   1.174  -0.072

             -0.070  -0.072  -0.069  -0.077  -0.186  -0.237  -0.196  -0.231

             -0.263
   5  8.744   0.984   0.092   0.051   0.046   0.999   0.999   0.998   0.187
              0.182   0.190   1.081   1.068   1.125   1.042   1.174  -0.072

             -0.070  -0.072  -0.069  -0.077  -0.186  -0.237  -0.196  -0.231

             -0.263

Species: Mn                  
Atom  Qatom  Qorb
               3s      4s      4s      4s      3py     3pz     3px     4py     
               4pz     4px     3dxy    3dyz    3dz2    3dxz    3dx2-y2 3dxy    
               3dyz    3dz2    3dxz    3dx2-y2 3dxy    3dyz    3dz2    3dxz    
               3dx2-y2 
   6  6.031   0.977   0.371   0.060  -0.226   0.992   0.993   0.994   0.132
              0.138   0.123   0.361   0.712   0.253   0.677   0.648  -0.037

             -0.066  -0.030  -0.065  -0.071  -0.090  -0.279  -0.044  -0.262

             -0.229

mulliken: Qtot =       49.553

Mulliken Atomic Populations:
Atom #   charge [q] valence [e]      Sz [e]  Species
     1     0.103565   17.896435    0.733716  Ni
     2     0.070920   17.929080    0.476556  Ni
     3     0.070913   17.929087    0.476557  Ni
     4    -0.078254   18.078254    0.590400  Ni
     5    -0.078246   18.078246    0.590402  Ni
     6    -0.088899   15.088899    3.026865  Mn
-------------------------------------------
 Total     0.000000                5.894495

cite: Please indicate the Siesta version in published work: 5.2.2
cite: This calculation has made use of features in the following articles
cite: which we encourage you to cite in published work.
cite: (Please see "hea.bib" for a BibTeX file.)
        Primary SIESTA paper
          DOI: www.doi.org/10.1088/0953-8984/14/11/302
        PSML pseudopotential format
          DOI: www.doi.org/10.1016/j.cpc.2018.02.011


>> End of run:  21-JUN-2025  17:43:59
Job completed
